=== RUN   TestHealthCheckHandler
--- PASS: TestHealthCheckHandler (0.00s)
=== RUN   TestGetLobbyState
--- PASS: TestGetLobbyState (0.00s)
=== RUN   TestGetLobbyStateWithOccupiedSeats
--- PASS: TestGetLobbyStateWithOccupiedSeats (0.00s)
=== RUN   TestGetLobbyStateThreadSafety
--- PASS: TestGetLobbyStateThreadSafety (0.00s)
=== RUN   TestFilterHoleCardsForPlayer
--- PASS: TestFilterHoleCardsForPlayer (0.00s)
=== RUN   TestBroadcastHandStarted
2025/11/08 14:46:49 INFO broadcasting hand_started tableID=table-1 num_clients=0
2025/11/08 14:46:49 INFO hand_started details dealerSeat=0 sbSeat=0 bbSeat=1
2025/11/08 14:46:49 INFO hand_started broadcast complete tableID=table-1 sentCount=0
2025/11/08 14:46:49 INFO broadcasting hand_started tableID=table-1 num_clients=0
2025/11/08 14:46:49 INFO hand_started details dealerSeat=0 sbSeat=0 bbSeat=1
2025/11/08 14:46:49 INFO hand_started broadcast complete tableID=table-1 sentCount=0
--- PASS: TestBroadcastHandStarted (0.00s)
=== RUN   TestBroadcastBlindPosted
2025/11/08 14:46:49 INFO broadcasting hand_started tableID=table-1 num_clients=0
2025/11/08 14:46:49 INFO hand_started details dealerSeat=0 sbSeat=0 bbSeat=1
2025/11/08 14:46:49 INFO hand_started broadcast complete tableID=table-1 sentCount=0
--- PASS: TestBroadcastBlindPosted (0.00s)
=== RUN   TestBroadcastCardsDealt
2025/11/08 14:46:49 INFO broadcasting hand_started tableID=table-1 num_clients=0
2025/11/08 14:46:49 INFO hand_started details dealerSeat=0 sbSeat=0 bbSeat=1
2025/11/08 14:46:49 INFO hand_started broadcast complete tableID=table-1 sentCount=0
--- PASS: TestBroadcastCardsDealt (0.00s)
=== RUN   TestHandleStartHand
2025/11/08 14:46:49 INFO session created token=43740364-1109-491c-b103-bc9d85ed16e2 name=Player1
2025/11/08 14:46:49 INFO session created token=cbb66faf-9a1e-4609-bde9-ffff7aa7f1a0 name=Player2
2025/11/08 14:46:49 INFO session updated token=43740364-1109-491c-b103-bc9d85ed16e2 tableID=0xc0001a9080 seatIndex=0xc0001879a0
2025/11/08 14:46:49 INFO session updated token=cbb66faf-9a1e-4609-bde9-ffff7aa7f1a0 tableID=0xc0001a9080 seatIndex=0xc0001879a8
2025/11/08 14:46:49 INFO broadcasting hand_started tableID=table-1 num_clients=0
2025/11/08 14:46:49 INFO hand_started details dealerSeat=0 sbSeat=0 bbSeat=1
2025/11/08 14:46:49 INFO hand_started broadcast complete tableID=table-1 sentCount=0
2025/11/08 14:46:49 INFO hand started via temporary testing button token=43740364-1109-491c-b103-bc9d85ed16e2 tableId=table-1
--- PASS: TestHandleStartHand (0.00s)
=== RUN   TestHandleStartHandNotSeated
2025/11/08 14:46:49 INFO session created token=57a003a8-6709-4d9a-a454-a04e26ca30b4 name=Player1
--- PASS: TestHandleStartHandNotSeated (0.00s)
=== RUN   TestHandleStartHandInsufficientPlayers
2025/11/08 14:46:49 INFO session created token=b310cfaa-2cf0-42ef-8300-7970a8cffaed name=Player1
--- PASS: TestHandleStartHandInsufficientPlayers (0.00s)
=== RUN   TestTableStateSeatIncludesStack
2025/11/08 14:46:49 INFO session created token=dc7fc7a0-f741-4625-a23a-92dc0e596659 name=Player1
2025/11/08 14:46:49 WARN failed to get player name token=dc7fc7a0-f741-4625-a23a-92dc0e596659 error="session not found: dc7fc7a0-f741-4625-a23a-92dc0e596659"
2025/11/08 14:46:49 INFO table_state sent to client tableId=table-1
--- PASS: TestTableStateSeatIncludesStack (0.00s)
=== RUN   TestTableStateSerializationWithStacks
2025/11/08 14:46:49 INFO session created token=b6c6ee42-8490-41a7-984d-17b65672c408 name=Player1
2025/11/08 14:46:49 INFO session created token=cf74cc72-2ad3-4582-95e2-3742450fc272 name=Player2
2025/11/08 14:46:49 WARN failed to get player name token=b6c6ee42-8490-41a7-984d-17b65672c408 error="session not found: b6c6ee42-8490-41a7-984d-17b65672c408"
2025/11/08 14:46:49 WARN failed to get player name token=cf74cc72-2ad3-4582-95e2-3742450fc272 error="session not found: cf74cc72-2ad3-4582-95e2-3742450fc272"
2025/11/08 14:46:49 INFO table_state sent to client tableId=table-1
--- PASS: TestTableStateSerializationWithStacks (0.00s)
=== RUN   TestBroadcastTableStateIncludesStack
2025/11/08 14:46:49 INFO session created token=9a9a8db0-1ccc-434a-a82a-d749df44cbeb name=Player1
2025/11/08 14:46:49 INFO session created token=6f610a2a-756f-40f7-82a0-f8acd2ef80b7 name=Player2
2025/11/08 14:46:49 INFO client registered total_clients=1
2025/11/08 14:46:49 INFO client registered total_clients=2
2025/11/08 14:46:49 INFO broadcastTableState tableID=table-1 num_clients=2 excludeClient=false
2025/11/08 14:46:49 WARN failed to get player name token=9a9a8db0-1ccc-434a-a82a-d749df44cbeb error="session not found: 9a9a8db0-1ccc-434a-a82a-d749df44cbeb"
2025/11/08 14:46:49 WARN failed to get player name token=6f610a2a-756f-40f7-82a0-f8acd2ef80b7 error="session not found: 6f610a2a-756f-40f7-82a0-f8acd2ef80b7"
2025/11/08 14:46:49 WARN failed to get player name token=9a9a8db0-1ccc-434a-a82a-d749df44cbeb error="session not found: 9a9a8db0-1ccc-434a-a82a-d749df44cbeb"
2025/11/08 14:46:49 WARN failed to get player name token=6f610a2a-756f-40f7-82a0-f8acd2ef80b7 error="session not found: 6f610a2a-756f-40f7-82a0-f8acd2ef80b7"
--- PASS: TestBroadcastTableStateIncludesStack (0.10s)
=== RUN   TestTableStateIncludesGameStateWhenHandActive
2025/11/08 14:46:49 INFO broadcasting hand_started tableID=table-1 num_clients=0
2025/11/08 14:46:49 INFO hand_started details dealerSeat=0 sbSeat=0 bbSeat=1
2025/11/08 14:46:49 INFO hand_started broadcast complete tableID=table-1 sentCount=0
2025/11/08 14:46:49 WARN failed to get player name token=player-1 error="session not found: player-1"
2025/11/08 14:46:49 WARN failed to get player name token=player-2 error="session not found: player-2"
2025/11/08 14:46:49 INFO table_state sent to client tableId=table-1
--- PASS: TestTableStateIncludesGameStateWhenHandActive (0.00s)
=== RUN   TestTableStateOmitsGameStateWhenNoHand
2025/11/08 14:46:49 WARN failed to get player name token=player-1 error="session not found: player-1"
2025/11/08 14:46:49 WARN failed to get player name token=player-2 error="session not found: player-2"
2025/11/08 14:46:49 INFO table_state sent to client tableId=table-1
--- PASS: TestTableStateOmitsGameStateWhenNoHand (0.00s)
=== RUN   TestTableStateGameStateFields
2025/11/08 14:46:49 INFO broadcasting hand_started tableID=table-1 num_clients=0
2025/11/08 14:46:49 INFO hand_started details dealerSeat=0 sbSeat=0 bbSeat=1
2025/11/08 14:46:49 INFO hand_started broadcast complete tableID=table-1 sentCount=0
2025/11/08 14:46:49 WARN failed to get player name token=player-1 error="session not found: player-1"
2025/11/08 14:46:49 WARN failed to get player name token=player-2 error="session not found: player-2"
2025/11/08 14:46:49 INFO table_state sent to client tableId=table-1
--- PASS: TestTableStateGameStateFields (0.00s)
=== RUN   TestTableStateIncludesHoleCardsForSeatedPlayer
2025/11/08 14:46:49 INFO session created token=9516b775-36df-4b11-a39c-dfceeb84dc2a name=Player1
2025/11/08 14:46:49 INFO session created token=8e3c3d42-74c6-4bb4-8aeb-2cd851d290bb name=Player2
2025/11/08 14:46:49 INFO session updated token=9516b775-36df-4b11-a39c-dfceeb84dc2a tableID=0xc00025d080 seatIndex=0xc000221380
2025/11/08 14:46:49 INFO session updated token=8e3c3d42-74c6-4bb4-8aeb-2cd851d290bb tableID=0xc00025d080 seatIndex=0xc000221388
2025/11/08 14:46:49 INFO broadcasting hand_started tableID=table-1 num_clients=0
2025/11/08 14:46:49 INFO hand_started details dealerSeat=0 sbSeat=0 bbSeat=1
2025/11/08 14:46:49 INFO hand_started broadcast complete tableID=table-1 sentCount=0
2025/11/08 14:46:49 INFO table_state sent to client tableId=table-1
--- PASS: TestTableStateIncludesHoleCardsForSeatedPlayer (0.00s)
=== RUN   TestTableStateOmitsHoleCardsForUnseatedPlayer
2025/11/08 14:46:49 INFO session created token=caaf9201-e905-4a90-be46-ffaa187da265 name=Player1
2025/11/08 14:46:49 INFO session created token=907897bd-e885-4507-937c-88ef05fb3ee2 name=Player2
2025/11/08 14:46:49 INFO session created token=4ce11590-a6f7-461d-ae73-aea6b4ec3c97 name=Spectator
2025/11/08 14:46:49 INFO session updated token=caaf9201-e905-4a90-be46-ffaa187da265 tableID=0xc00025d600 seatIndex=0xc000221878
2025/11/08 14:46:49 INFO session updated token=907897bd-e885-4507-937c-88ef05fb3ee2 tableID=0xc00025d600 seatIndex=0xc0002218d0
2025/11/08 14:46:49 INFO broadcasting hand_started tableID=table-1 num_clients=0
2025/11/08 14:46:49 INFO hand_started details dealerSeat=0 sbSeat=0 bbSeat=1
2025/11/08 14:46:49 INFO hand_started broadcast complete tableID=table-1 sentCount=0
2025/11/08 14:46:49 INFO table_state sent to client tableId=table-1
--- PASS: TestTableStateOmitsHoleCardsForUnseatedPlayer (0.00s)
=== RUN   TestTableStateHoleCardsPrivacy
2025/11/08 14:46:49 INFO session created token=03d846d6-9150-4701-8957-bb3eb7095b9c name=Player1
2025/11/08 14:46:49 INFO session created token=ba71c51d-1ebb-4178-bc6c-89e6d9397f76 name=Player2
2025/11/08 14:46:49 INFO session created token=b5381386-09ff-48cc-89ff-5338962d6a93 name=Player3
2025/11/08 14:46:49 INFO session updated token=03d846d6-9150-4701-8957-bb3eb7095b9c tableID=0xc00025db80 seatIndex=0xc000221dc0
2025/11/08 14:46:49 INFO session updated token=ba71c51d-1ebb-4178-bc6c-89e6d9397f76 tableID=0xc00025db80 seatIndex=0xc000221dc8
2025/11/08 14:46:49 INFO session updated token=b5381386-09ff-48cc-89ff-5338962d6a93 tableID=0xc00025db80 seatIndex=0xc000221e10
2025/11/08 14:46:49 INFO broadcasting hand_started tableID=table-1 num_clients=0
2025/11/08 14:46:49 INFO hand_started details dealerSeat=0 sbSeat=1 bbSeat=2
2025/11/08 14:46:49 INFO hand_started broadcast complete tableID=table-1 sentCount=0
2025/11/08 14:46:49 INFO table_state sent to client tableId=table-1
2025/11/08 14:46:49 INFO table_state sent to client tableId=table-1
2025/11/08 14:46:49 INFO table_state sent to client tableId=table-1
--- PASS: TestTableStateHoleCardsPrivacy (0.00s)
=== RUN   TestTableStateCardCountsForSpectators
2025/11/08 14:46:49 INFO session created token=fa5cbc5a-6cbd-41bb-bee4-3e884dffedd8 name=Player1
2025/11/08 14:46:49 INFO session created token=6b541d61-8e00-4c8f-9e54-ed86437a4417 name=Player2
2025/11/08 14:46:49 INFO session created token=7d4bf044-d42d-4774-91d4-d8d004138fd1 name=Player3
2025/11/08 14:46:49 INFO session updated token=fa5cbc5a-6cbd-41bb-bee4-3e884dffedd8 tableID=0xc00026e2c0 seatIndex=0xc0002705a0
2025/11/08 14:46:49 INFO session updated token=6b541d61-8e00-4c8f-9e54-ed86437a4417 tableID=0xc00026e2c0 seatIndex=0xc0002705a8
2025/11/08 14:46:49 INFO session updated token=7d4bf044-d42d-4774-91d4-d8d004138fd1 tableID=0xc00026e2c0 seatIndex=0xc0002705f0
2025/11/08 14:46:49 INFO broadcasting hand_started tableID=table-1 num_clients=0
2025/11/08 14:46:49 INFO hand_started details dealerSeat=0 sbSeat=2 bbSeat=4
2025/11/08 14:46:49 INFO hand_started broadcast complete tableID=table-1 sentCount=0
2025/11/08 14:46:49 INFO session created token=14589aa8-e188-4922-bdd5-e68ed840ec80 name=Spectator
2025/11/08 14:46:49 INFO table_state sent to client tableId=table-1
2025/11/08 14:46:49 INFO table_state sent to client tableId=table-1
--- PASS: TestTableStateCardCountsForSpectators (0.00s)
=== RUN   TestNewServer
--- PASS: TestNewServer (0.00s)
=== RUN   TestServerStart
2025/11/08 14:46:49 INFO starting server addr=127.0.0.1:0
--- PASS: TestServerStart (1.10s)
=== RUN   TestServerFindPlayerSeat
--- PASS: TestServerFindPlayerSeat (0.00s)
=== RUN   TestServerFindPlayerSeatNotFound
--- PASS: TestServerFindPlayerSeatNotFound (0.00s)
=== RUN   TestSessionManager_CreateSession
=== RUN   TestSessionManager_CreateSession/valid_single_word
2025/11/08 14:46:50 INFO session created token=61624ac9-3f24-4345-aef8-7d036e6f7a7f name=Alice
=== RUN   TestSessionManager_CreateSession/valid_multiple_words_with_space
2025/11/08 14:46:50 INFO session created token=d2471e1a-af51-4087-aee5-3d81cf11ba16 name="Alice Cooper"
=== RUN   TestSessionManager_CreateSession/valid_with_dashes
2025/11/08 14:46:50 INFO session created token=c0289c1e-cade-4af8-84ce-d3c0ec7b5dc9 name=Alice-Cooper
=== RUN   TestSessionManager_CreateSession/valid_with_underscores
2025/11/08 14:46:50 INFO session created token=3a54b032-75bf-4ba7-9a25-1235679c8b1e name=Alice_Cooper
=== RUN   TestSessionManager_CreateSession/valid_with_numbers
2025/11/08 14:46:50 INFO session created token=611324dd-97a7-433d-840f-7d7d0d0a8645 name=Alice2024
=== RUN   TestSessionManager_CreateSession/valid_mixed
2025/11/08 14:46:50 INFO session created token=a831e5fb-0582-4944-a1a7-dfd246737f85 name=Alice_2024-A
=== RUN   TestSessionManager_CreateSession/valid_single_character
2025/11/08 14:46:50 INFO session created token=6f74bc55-57e1-4feb-ac8e-77c7039435f1 name=A
=== RUN   TestSessionManager_CreateSession/valid_20_characters
2025/11/08 14:46:50 INFO session created token=dae10c32-b5cd-47db-a0f0-b16173226f50 name=12345678901234567890
=== RUN   TestSessionManager_CreateSession/valid_with_leading/trailing_spaces_(should_be_trimmed)
2025/11/08 14:46:50 INFO session created token=f39d98bf-173c-4d32-b0ad-aa85d894b41f name=Alice
--- PASS: TestSessionManager_CreateSession (0.00s)
    --- PASS: TestSessionManager_CreateSession/valid_single_word (0.00s)
    --- PASS: TestSessionManager_CreateSession/valid_multiple_words_with_space (0.00s)
    --- PASS: TestSessionManager_CreateSession/valid_with_dashes (0.00s)
    --- PASS: TestSessionManager_CreateSession/valid_with_underscores (0.00s)
    --- PASS: TestSessionManager_CreateSession/valid_with_numbers (0.00s)
    --- PASS: TestSessionManager_CreateSession/valid_mixed (0.00s)
    --- PASS: TestSessionManager_CreateSession/valid_single_character (0.00s)
    --- PASS: TestSessionManager_CreateSession/valid_20_characters (0.00s)
    --- PASS: TestSessionManager_CreateSession/valid_with_leading/trailing_spaces_(should_be_trimmed) (0.00s)
=== RUN   TestSessionManager_InvalidNames
=== RUN   TestSessionManager_InvalidNames/empty_string
2025/11/08 14:46:50 WARN invalid name for session creation name="" error="name cannot be empty"
=== RUN   TestSessionManager_InvalidNames/only_whitespace
2025/11/08 14:46:50 WARN invalid name for session creation name="   " error="name cannot be empty"
=== RUN   TestSessionManager_InvalidNames/21_characters_(too_long)
2025/11/08 14:46:50 WARN invalid name for session creation name=123456789012345678901 error="name cannot exceed 20 characters"
=== RUN   TestSessionManager_InvalidNames/invalid_special_characters
2025/11/08 14:46:50 WARN invalid name for session creation name=Alice@Bob error="name can only contain alphanumeric characters, spaces, dashes, and underscores"
=== RUN   TestSessionManager_InvalidNames/invalid_special_characters_(comma)
2025/11/08 14:46:50 WARN invalid name for session creation name=Alice,Bob error="name can only contain alphanumeric characters, spaces, dashes, and underscores"
=== RUN   TestSessionManager_InvalidNames/invalid_special_characters_(exclamation)
2025/11/08 14:46:50 WARN invalid name for session creation name=Alice! error="name can only contain alphanumeric characters, spaces, dashes, and underscores"
=== RUN   TestSessionManager_InvalidNames/invalid_special_characters_(parenthesis)
2025/11/08 14:46:50 WARN invalid name for session creation name=Alice(Bob) error="name can only contain alphanumeric characters, spaces, dashes, and underscores"
--- PASS: TestSessionManager_InvalidNames (0.00s)
    --- PASS: TestSessionManager_InvalidNames/empty_string (0.00s)
    --- PASS: TestSessionManager_InvalidNames/only_whitespace (0.00s)
    --- PASS: TestSessionManager_InvalidNames/21_characters_(too_long) (0.00s)
    --- PASS: TestSessionManager_InvalidNames/invalid_special_characters (0.00s)
    --- PASS: TestSessionManager_InvalidNames/invalid_special_characters_(comma) (0.00s)
    --- PASS: TestSessionManager_InvalidNames/invalid_special_characters_(exclamation) (0.00s)
    --- PASS: TestSessionManager_InvalidNames/invalid_special_characters_(parenthesis) (0.00s)
=== RUN   TestSessionManager_GetSession
2025/11/08 14:46:50 INFO session created token=f8847673-f2dc-4c46-8ede-b0f0e4b82e50 name=Alice
--- PASS: TestSessionManager_GetSession (0.00s)
=== RUN   TestSessionManager_GetSession_NotFound
--- PASS: TestSessionManager_GetSession_NotFound (0.00s)
=== RUN   TestSessionManager_UpdateSession
2025/11/08 14:46:50 INFO session created token=00ef01cc-cc83-4d70-a3ba-b1f86dcaf600 name=Alice
2025/11/08 14:46:50 INFO session updated token=00ef01cc-cc83-4d70-a3ba-b1f86dcaf600 tableID=0xc000302b10 seatIndex=0xc000306538
--- PASS: TestSessionManager_UpdateSession (0.00s)
=== RUN   TestSessionManager_UpdateSession_ClearValues
2025/11/08 14:46:50 INFO session created token=6a3cd1e7-cff6-4527-a20f-cc2057714e07 name=Alice
2025/11/08 14:46:50 INFO session updated token=6a3cd1e7-cff6-4527-a20f-cc2057714e07 tableID=0xc000302bb0 seatIndex=0xc000306588
2025/11/08 14:46:50 INFO session updated token=6a3cd1e7-cff6-4527-a20f-cc2057714e07 tableID=<nil> seatIndex=<nil>
--- PASS: TestSessionManager_UpdateSession_ClearValues (0.00s)
=== RUN   TestSessionManager_RemoveSession
2025/11/08 14:46:50 INFO session created token=f4528dd3-99e1-4025-a1dd-fd631fb2da82 name=Alice
2025/11/08 14:46:50 INFO session removed token=f4528dd3-99e1-4025-a1dd-fd631fb2da82
--- PASS: TestSessionManager_RemoveSession (0.00s)
=== RUN   TestSessionManager_RemoveSession_NotFound
--- PASS: TestSessionManager_RemoveSession_NotFound (0.00s)
=== RUN   TestSessionManager_ConcurrentAccess
2025/11/08 14:46:50 INFO session created token=92e386da-e897-4248-8fd5-2534e6d510f7 name=User_0_0
2025/11/08 14:46:50 INFO session created token=a2305446-1988-4cb2-b626-e3d226467b8a name=User_2_0
2025/11/08 14:46:50 INFO session created token=05848dc3-d07b-4ef4-8ef8-e451c61d6665 name=User_5_0
2025/11/08 14:46:50 INFO session updated token=92e386da-e897-4248-8fd5-2534e6d510f7 tableID=0xc00021db30 seatIndex=0xc000270ca8
2025/11/08 14:46:50 INFO session removed token=92e386da-e897-4248-8fd5-2534e6d510f7
2025/11/08 14:46:50 INFO session created token=d7a07c89-77b8-466c-b34d-a16ec417e50e name=User_0_1
2025/11/08 14:46:50 INFO session updated token=d7a07c89-77b8-466c-b34d-a16ec417e50e tableID=0xc00021dba0 seatIndex=0xc000270d10
2025/11/08 14:46:50 INFO session created token=94e5ddca-8ab0-46ed-92ce-fe006b4df950 name=User_6_0
2025/11/08 14:46:50 INFO session removed token=d7a07c89-77b8-466c-b34d-a16ec417e50e
2025/11/08 14:46:50 INFO session updated token=05848dc3-d07b-4ef4-8ef8-e451c61d6665 tableID=0xc00021db50 seatIndex=0xc000270cd8
2025/11/08 14:46:50 INFO session created token=6eee606b-ba17-4a16-afdc-b69fc46c10d5 name=User_1_0
2025/11/08 14:46:50 INFO session created token=2a7d3501-de51-421a-90f7-3c48351072bb name=User_26_0
2025/11/08 14:46:50 INFO session created token=50d95bdb-d456-4003-b58a-2ab5c8c566d5 name=User_7_0
2025/11/08 14:46:50 INFO session created token=2bd65b6d-fd01-4517-88ea-4121abd35b39 name=User_19_0
2025/11/08 14:46:50 INFO session updated token=2a7d3501-de51-421a-90f7-3c48351072bb tableID=0xc00021dbf0 seatIndex=0xc000270d98
2025/11/08 14:46:50 INFO session created token=25efafc6-778c-4509-acbc-d6a1b77de9d3 name=User_17_0
2025/11/08 14:46:50 INFO session removed token=2a7d3501-de51-421a-90f7-3c48351072bb
2025/11/08 14:46:50 INFO session created token=5530fd5b-1749-4555-b371-d35bd078b362 name=User_41_0
2025/11/08 14:46:50 INFO session created token=c5751b8b-8f36-4990-90c7-c95ae93eca45 name=User_26_1
2025/11/08 14:46:50 INFO session updated token=5530fd5b-1749-4555-b371-d35bd078b362 tableID=0xc000302da0 seatIndex=0xc000306920
2025/11/08 14:46:50 INFO session created token=18f29b89-b386-4a12-8611-a696e1e47df3 name=User_86_0
2025/11/08 14:46:50 INFO session removed token=5530fd5b-1749-4555-b371-d35bd078b362
2025/11/08 14:46:50 INFO session updated token=18f29b89-b386-4a12-8611-a696e1e47df3 tableID=0xc000025200 seatIndex=0xc0000135c8
2025/11/08 14:46:50 INFO session removed token=18f29b89-b386-4a12-8611-a696e1e47df3
2025/11/08 14:46:50 INFO session created token=1700b9c8-b563-423f-b64b-e892118f2bf7 name=User_86_1
2025/11/08 14:46:50 INFO session updated token=1700b9c8-b563-423f-b64b-e892118f2bf7 tableID=0xc000025250 seatIndex=0xc000013618
2025/11/08 14:46:50 INFO session removed token=1700b9c8-b563-423f-b64b-e892118f2bf7
2025/11/08 14:46:50 INFO session created token=45617407-1f39-4906-863a-c884e79a1e61 name=User_86_2
2025/11/08 14:46:50 INFO session updated token=45617407-1f39-4906-863a-c884e79a1e61 tableID=0xc0000252a0 seatIndex=0xc000013668
2025/11/08 14:46:50 INFO session removed token=45617407-1f39-4906-863a-c884e79a1e61
2025/11/08 14:46:50 INFO session created token=4643ff67-1017-4a18-9c4a-f6b6d203d7d1 name=User_32_0
2025/11/08 14:46:50 INFO session created token=3a921848-708b-4f1a-ad90-8c00cff4e3c6 name=User_86_3
2025/11/08 14:46:50 INFO session updated token=4643ff67-1017-4a18-9c4a-f6b6d203d7d1 tableID=0xc00021dc30 seatIndex=0xc000270e88
2025/11/08 14:46:50 INFO session created token=0c611b31-0dc0-4beb-a39d-f234b92b554a name=User_41_1
2025/11/08 14:46:50 INFO session updated token=0c611b31-0dc0-4beb-a39d-f234b92b554a tableID=0xc000025320 seatIndex=0xc0000136c8
2025/11/08 14:46:50 INFO session removed token=0c611b31-0dc0-4beb-a39d-f234b92b554a
2025/11/08 14:46:50 INFO session created token=409302a3-1b4c-4eeb-b8ad-ef47e0524662 name=User_41_2
2025/11/08 14:46:50 INFO session updated token=409302a3-1b4c-4eeb-b8ad-ef47e0524662 tableID=0xc000025370 seatIndex=0xc000013718
2025/11/08 14:46:50 INFO session removed token=409302a3-1b4c-4eeb-b8ad-ef47e0524662
2025/11/08 14:46:50 INFO session created token=781dc34d-9d74-4c06-bdbc-458ef3e57ffa name=User_41_3
2025/11/08 14:46:50 INFO session created token=922a2565-6681-47ba-b621-a361c19d40c8 name=User_87_0
2025/11/08 14:46:50 INFO session updated token=781dc34d-9d74-4c06-bdbc-458ef3e57ffa tableID=0xc0000253c0 seatIndex=0xc000013768
2025/11/08 14:46:50 INFO session removed token=781dc34d-9d74-4c06-bdbc-458ef3e57ffa
2025/11/08 14:46:50 INFO session created token=a51b1d39-b6c6-41e6-b5d5-5aa46da6ba21 name=User_41_4
2025/11/08 14:46:50 INFO session created token=81f93c9f-8b1b-4b37-8cd2-e0fe1e7cad2a name=User_4_0
2025/11/08 14:46:50 INFO session updated token=c5751b8b-8f36-4990-90c7-c95ae93eca45 tableID=0xc000302dc0 seatIndex=0xc000306950
2025/11/08 14:46:50 INFO session removed token=c5751b8b-8f36-4990-90c7-c95ae93eca45
2025/11/08 14:46:50 INFO session updated token=94e5ddca-8ab0-46ed-92ce-fe006b4df950 tableID=0xc000183850 seatIndex=0xc0003805f0
2025/11/08 14:46:50 INFO session removed token=05848dc3-d07b-4ef4-8ef8-e451c61d6665
2025/11/08 14:46:50 INFO session updated token=a2305446-1988-4cb2-b626-e3d226467b8a tableID=0xc00021db60 seatIndex=0xc000270ce8
2025/11/08 14:46:50 INFO session created token=088d9e13-e857-4c36-9a4a-91036130dc5b name=User_16_0
2025/11/08 14:46:50 INFO session created token=349ca4e5-8e8b-4463-ba8f-32711479c78e name=User_0_2
2025/11/08 14:46:50 INFO session created token=062b3b07-fffd-41b0-b2c8-cca3a873c8ee name=User_15_0
2025/11/08 14:46:50 INFO session created token=eb2f74ea-80d1-4c56-b41e-10e144cc2346 name=User_18_0
2025/11/08 14:46:50 INFO session created token=f8c562eb-d052-4077-ac54-40486885f1ee name=User_25_0
2025/11/08 14:46:50 INFO session created token=412626fc-09df-4193-a755-40481feb676d name=User_43_0
2025/11/08 14:46:50 INFO session created token=bbc81f36-9ded-43f5-8f69-dbd918e60f85 name=User_46_0
2025/11/08 14:46:50 INFO session created token=98f55a8f-e3ab-49d7-a147-b82e74c5596b name=User_28_0
2025/11/08 14:46:50 INFO session created token=143cdc41-4b93-426c-bff5-a3ba65934baf name=User_66_0
2025/11/08 14:46:50 INFO session created token=9600447e-c4bc-40a6-a761-489198fa1426 name=User_47_0
2025/11/08 14:46:50 INFO session created token=7a6dbe6b-2913-4377-b197-2366504ad454 name=User_21_0
2025/11/08 14:46:50 INFO session created token=6064f442-0e57-4fd8-af32-abadad5bbe3b name=User_45_0
2025/11/08 14:46:50 INFO session created token=2f085711-c635-4547-ad3f-7ecf5ce6fd11 name=User_27_0
2025/11/08 14:46:50 INFO session created token=91cd7b57-9341-4b54-9ee4-bdf720fd098d name=User_10_0
2025/11/08 14:46:50 INFO session created token=28c2d864-9652-4166-9f13-0cbfe0134772 name=User_22_0
2025/11/08 14:46:50 INFO session created token=85edc1b8-b81d-4359-bb49-f8783972c286 name=User_30_0
2025/11/08 14:46:50 INFO session created token=0c65c889-bd2b-4ef7-b554-3904512ab174 name=User_8_0
2025/11/08 14:46:50 INFO session created token=8bcc87f0-e206-4660-8ec7-81d0e1780ce7 name=User_99_0
2025/11/08 14:46:50 INFO session created token=53e001cc-f0f3-4cce-a159-435b37ee6e52 name=User_49_0
2025/11/08 14:46:50 INFO session created token=7dbede7a-a575-467c-badc-6489e1fff764 name=User_23_0
2025/11/08 14:46:50 INFO session created token=2c9da31d-95e1-478d-8bca-5939e8f45e68 name=User_29_0
2025/11/08 14:46:50 INFO session created token=e6de7af0-462b-4662-8f65-06e90057be36 name=User_11_0
2025/11/08 14:46:50 INFO session created token=e22a12f5-4d5b-43bb-9207-c295d3397319 name=User_48_0
2025/11/08 14:46:50 INFO session created token=6a1fef64-15f9-4d5e-94fd-dd893699dcfd name=User_44_0
2025/11/08 14:46:50 INFO session created token=e682eef2-b3f2-4fd2-88da-4f17af953e8b name=User_9_0
2025/11/08 14:46:50 INFO session updated token=25efafc6-778c-4509-acbc-d6a1b77de9d3 tableID=0xc000183890 seatIndex=0xc000380708
2025/11/08 14:46:50 INFO session created token=49224cf4-4e76-49dc-aef6-1f0626e82039 name=User_51_0
2025/11/08 14:46:50 INFO session created token=887e8fc5-a155-4036-8ca1-861071ae8f33 name=User_52_0
2025/11/08 14:46:50 INFO session created token=a78484f5-35d8-4c07-9197-684bba667722 name=User_69_0
2025/11/08 14:46:50 INFO session created token=83461e6c-b766-4567-84e3-756e83fe4883 name=User_67_0
2025/11/08 14:46:50 INFO session created token=46eb7b85-5d83-4554-9d93-966ca5838fa1 name=User_70_0
2025/11/08 14:46:50 INFO session created token=41f57f64-2510-44ed-b694-c092ddfbf9ff name=User_13_0
2025/11/08 14:46:50 INFO session created token=cb510a08-5e6c-4b78-bb89-7c05147b8c64 name=User_50_0
2025/11/08 14:46:50 INFO session created token=4a63de95-3289-4357-94d8-effedc2e619b name=User_12_0
2025/11/08 14:46:50 INFO session created token=ba59a44b-5470-46bd-a10e-63eb96d1241e name=User_71_0
2025/11/08 14:46:50 INFO session created token=6bec9d72-6cd4-470b-b4ea-cf91349c4a89 name=User_68_0
2025/11/08 14:46:50 INFO session created token=8853f33c-eaaf-405b-878b-807cd5da5ccf name=User_3_0
2025/11/08 14:46:50 INFO session created token=1afa2ba7-b588-4ad1-9d5c-720a2595a207 name=User_31_0
2025/11/08 14:46:50 INFO session created token=3306e882-f842-4f54-a651-a9d62db5c225 name=User_72_0
2025/11/08 14:46:50 INFO session created token=70632eb0-eccf-4024-9358-8e6934f0827b name=User_59_0
2025/11/08 14:46:50 INFO session created token=527a4ebf-a3b4-4400-804e-24aa73e9599b name=User_24_0
2025/11/08 14:46:50 INFO session created token=e1bf5d50-ebad-4faa-9307-907463d34737 name=User_54_0
2025/11/08 14:46:50 INFO session created token=8e7f41d9-1fbb-4598-87a2-290731ad27b6 name=User_14_0
2025/11/08 14:46:50 INFO session created token=d167f29a-c2ff-4f07-a6c0-534eae6532da name=User_55_0
2025/11/08 14:46:50 INFO session created token=4d5c0ba1-780a-449b-931a-718c35097c94 name=User_53_0
2025/11/08 14:46:50 INFO session created token=6a859d67-e984-4ee6-aa60-f5d3abc2124b name=User_39_0
2025/11/08 14:46:50 INFO session updated token=d167f29a-c2ff-4f07-a6c0-534eae6532da tableID=0xc00059a1f0 seatIndex=0xc000592120
2025/11/08 14:46:50 INFO session created token=fa9893e4-94e3-4210-9a5b-485c16af3c82 name=User_65_0
2025/11/08 14:46:50 INFO session created token=f44eac6c-5ed5-4edb-9052-b1e5ab281e27 name=User_73_0
2025/11/08 14:46:50 INFO session removed token=d167f29a-c2ff-4f07-a6c0-534eae6532da
2025/11/08 14:46:50 INFO session created token=608a8111-56eb-4498-981c-802355f794aa name=User_56_0
2025/11/08 14:46:50 INFO session created token=10d2e089-d9fc-4162-bebe-78ffe7435e4e name=User_60_0
2025/11/08 14:46:50 INFO session created token=2ec8a9dd-dfbc-45e7-81d0-9ff5e9547274 name=User_58_0
2025/11/08 14:46:50 INFO session created token=b6008183-62fb-47fc-bd92-371a3b44e331 name=User_33_0
2025/11/08 14:46:50 INFO session created token=8aaf4c88-7b6f-4c6d-9713-560c85619b85 name=User_61_0
2025/11/08 14:46:50 INFO session created token=38d9ec9c-3702-45c8-9509-f67ef5855d9d name=User_57_0
2025/11/08 14:46:50 INFO session created token=3f2fccbe-c029-497a-9b08-7337b963e67a name=User_34_0
2025/11/08 14:46:50 INFO session created token=627763b1-26fe-4c8c-903f-ae868649668f name=User_90_0
2025/11/08 14:46:50 INFO session created token=f2b04d9a-3dd1-4c66-b49b-9e4c754f8e7a name=User_89_0
2025/11/08 14:46:50 INFO session created token=d915d3e9-88ae-4adb-8cd4-670b36ee9c09 name=User_77_0
2025/11/08 14:46:50 INFO session created token=8a4dbb87-a3a3-47b9-868a-6d5886aba5da name=User_36_0
2025/11/08 14:46:50 INFO session created token=ebfd1519-b62b-4d0b-8af8-7f070ca16e47 name=User_62_0
2025/11/08 14:46:50 INFO session created token=5b0fbf1d-e62e-4c8e-bf3e-d83a148b00cf name=User_74_0
2025/11/08 14:46:50 INFO session created token=4cf207e7-8b17-4b90-9129-ab7b279bdb43 name=User_37_0
2025/11/08 14:46:50 INFO session created token=c9405377-4e46-451d-814d-6afaf612195f name=User_92_0
2025/11/08 14:46:50 INFO session updated token=4cf207e7-8b17-4b90-9129-ab7b279bdb43 tableID=0xc00059a2a0 seatIndex=0xc0005921b0
2025/11/08 14:46:50 INFO session created token=3d38cda5-c6c2-4219-b51c-89497fc70eed name=User_91_0
2025/11/08 14:46:50 INFO session created token=dc9b150c-b40e-4620-9dc5-997a672d848c name=User_97_0
2025/11/08 14:46:50 INFO session removed token=4cf207e7-8b17-4b90-9129-ab7b279bdb43
2025/11/08 14:46:50 INFO session created token=348e1fd7-72dd-41e9-b155-c728f184f6ed name=User_35_0
2025/11/08 14:46:50 INFO session created token=e853e7d7-eff3-4f58-b32d-8007a1c87d30 name=User_76_0
2025/11/08 14:46:50 INFO session created token=2182c59f-9092-4361-8797-d745c86f9e73 name=User_38_0
2025/11/08 14:46:50 INFO session created token=730ea521-2f92-4f80-aac5-a2c7a5876e3f name=User_75_0
2025/11/08 14:46:50 INFO session created token=67c10050-c88b-40f5-8089-8ed506590a4b name=User_88_0
2025/11/08 14:46:50 INFO session created token=e98c48d0-c94e-40de-94ed-efd6ecc87153 name=User_82_0
2025/11/08 14:46:50 INFO session created token=995c8b56-db6d-4c28-85e6-6c19eca5f51e name=User_98_0
2025/11/08 14:46:50 INFO session created token=30ac418e-9cfc-4af3-803d-0bcb86f1f3a5 name=User_81_0
2025/11/08 14:46:50 INFO session created token=d4ef4394-f596-4d48-9b07-ef88b38e9014 name=User_96_0
2025/11/08 14:46:50 INFO session created token=23744962-627f-4358-b6d4-d622ce4fd479 name=User_79_0
2025/11/08 14:46:50 INFO session updated token=50d95bdb-d456-4003-b58a-2ab5c8c566d5 tableID=0xc0001838a0 seatIndex=0xc000380870
2025/11/08 14:46:50 INFO session created token=35098a8f-1dd2-41dc-bbbe-c31c9e8a1b30 name=User_80_0
2025/11/08 14:46:50 INFO session created token=8ba8d1c7-a6ca-4649-bd38-135202227fcb name=User_93_0
2025/11/08 14:46:50 INFO session created token=3054e170-5db8-457a-952b-4683a8ed0fd4 name=User_94_0
2025/11/08 14:46:50 INFO session created token=df5a7469-706c-4212-b3eb-8135c48fdac2 name=User_83_0
2025/11/08 14:46:50 INFO session updated token=6eee606b-ba17-4a16-afdc-b69fc46c10d5 tableID=0xc0001838b0 seatIndex=0xc000380880
2025/11/08 14:46:50 INFO session created token=044cc3a9-9d84-40b5-bc5c-2ba17256cd83 name=User_84_0
2025/11/08 14:46:50 INFO session created token=cc8ee62c-836a-4973-aa76-e9500e0157c4 name=User_85_0
2025/11/08 14:46:50 INFO session created token=8047a54f-bffc-44c5-b639-ae47999d32eb name=User_40_0
2025/11/08 14:46:50 INFO session updated token=2bd65b6d-fd01-4517-88ea-4121abd35b39 tableID=0xc000302d70 seatIndex=0xc000306910
2025/11/08 14:46:50 INFO session created token=dd418ccc-36ab-4438-b34b-2429ffff34e2 name=User_42_0
2025/11/08 14:46:50 INFO session removed token=4643ff67-1017-4a18-9c4a-f6b6d203d7d1
2025/11/08 14:46:50 INFO session created token=2c536090-a80d-4958-8721-6baefe90354a name=User_63_0
2025/11/08 14:46:50 INFO session created token=a01090c2-bd98-4cdf-88cd-6f4f5f057821 name=User_64_0
2025/11/08 14:46:50 INFO session updated token=3a921848-708b-4f1a-ad90-8c00cff4e3c6 tableID=0xc0000252f0 seatIndex=0xc0000136b8
2025/11/08 14:46:50 INFO session updated token=a51b1d39-b6c6-41e6-b5d5-5aa46da6ba21 tableID=0xc000600010 seatIndex=0xc000604050
2025/11/08 14:46:50 INFO session updated token=922a2565-6681-47ba-b621-a361c19d40c8 tableID=0xc000600020 seatIndex=0xc000604060
2025/11/08 14:46:50 INFO session created token=bb744bf4-999e-4084-9b74-1a324d461f75 name=User_20_0
2025/11/08 14:46:50 INFO session updated token=81f93c9f-8b1b-4b37-8cd2-e0fe1e7cad2a tableID=0xc000600030 seatIndex=0xc000604070
2025/11/08 14:46:50 INFO session removed token=94e5ddca-8ab0-46ed-92ce-fe006b4df950
2025/11/08 14:46:50 INFO session updated token=062b3b07-fffd-41b0-b2c8-cca3a873c8ee tableID=0xc00059a060 seatIndex=0xc000592040
2025/11/08 14:46:50 INFO session updated token=eb2f74ea-80d1-4c56-b41e-10e144cc2346 tableID=0xc00021dcb0 seatIndex=0xc000270ed8
2025/11/08 14:46:50 INFO session updated token=f8c562eb-d052-4077-ac54-40486885f1ee tableID=0xc000025430 seatIndex=0xc0000137b8
2025/11/08 14:46:50 INFO session updated token=412626fc-09df-4193-a755-40481feb676d tableID=0xc0006000a0 seatIndex=0xc0006040c0
2025/11/08 14:46:50 INFO session removed token=a2305446-1988-4cb2-b626-e3d226467b8a
2025/11/08 14:46:50 INFO session updated token=bbc81f36-9ded-43f5-8f69-dbd918e60f85 tableID=0xc00059a090 seatIndex=0xc000592050
2025/11/08 14:46:50 INFO session updated token=98f55a8f-e3ab-49d7-a147-b82e74c5596b tableID=0xc0006000d0 seatIndex=0xc0006040d0
2025/11/08 14:46:50 INFO session updated token=088d9e13-e857-4c36-9a4a-91036130dc5b tableID=0xc0006000e0 seatIndex=0xc0006040e0
2025/11/08 14:46:50 INFO session updated token=143cdc41-4b93-426c-bff5-a3ba65934baf tableID=0xc000183910 seatIndex=0xc0003808b0
2025/11/08 14:46:50 INFO session updated token=7a6dbe6b-2913-4377-b197-2366504ad454 tableID=0xc00059a0c0 seatIndex=0xc000592060
2025/11/08 14:46:50 INFO session updated token=349ca4e5-8e8b-4463-ba8f-32711479c78e tableID=0xc000302de0 seatIndex=0xc000306980
2025/11/08 14:46:50 INFO session updated token=2f085711-c635-4547-ad3f-7ecf5ce6fd11 tableID=0xc000025480 seatIndex=0xc0000137f8
2025/11/08 14:46:50 INFO session updated token=6064f442-0e57-4fd8-af32-abadad5bbe3b tableID=0xc00051a020 seatIndex=0xc000512058
2025/11/08 14:46:50 INFO session updated token=91cd7b57-9341-4b54-9ee4-bdf720fd098d tableID=0xc000025490 seatIndex=0xc000013808
2025/11/08 14:46:50 INFO session updated token=28c2d864-9652-4166-9f13-0cbfe0134772 tableID=0xc0000254a0 seatIndex=0xc000013818
2025/11/08 14:46:50 INFO session updated token=85edc1b8-b81d-4359-bb49-f8783972c286 tableID=0xc000302e10 seatIndex=0xc000306990
2025/11/08 14:46:50 INFO session updated token=0c65c889-bd2b-4ef7-b554-3904512ab174 tableID=0xc00051a050 seatIndex=0xc000512068
2025/11/08 14:46:50 INFO session updated token=53e001cc-f0f3-4cce-a159-435b37ee6e52 tableID=0xc0000254d0 seatIndex=0xc000013828
2025/11/08 14:46:50 INFO session updated token=9600447e-c4bc-40a6-a761-489198fa1426 tableID=0xc0000254e0 seatIndex=0xc000013838
2025/11/08 14:46:50 INFO session updated token=7dbede7a-a575-467c-badc-6489e1fff764 tableID=0xc0000254f0 seatIndex=0xc000013848
2025/11/08 14:46:50 INFO session updated token=2c9da31d-95e1-478d-8bca-5939e8f45e68 tableID=0xc00059a0f0 seatIndex=0xc000592070
2025/11/08 14:46:50 INFO session updated token=8bcc87f0-e206-4660-8ec7-81d0e1780ce7 tableID=0xc00059a100 seatIndex=0xc000592080
2025/11/08 14:46:50 INFO session updated token=e6de7af0-462b-4662-8f65-06e90057be36 tableID=0xc00059a110 seatIndex=0xc000592090
2025/11/08 14:46:50 INFO session updated token=49224cf4-4e76-49dc-aef6-1f0626e82039 tableID=0xc000600170 seatIndex=0xc0006040f0
2025/11/08 14:46:50 INFO session updated token=887e8fc5-a155-4036-8ca1-861071ae8f33 tableID=0xc000302e80 seatIndex=0xc0003069a0
2025/11/08 14:46:50 INFO session updated token=a78484f5-35d8-4c07-9197-684bba667722 tableID=0xc000302e90 seatIndex=0xc0003069b0
2025/11/08 14:46:50 INFO session updated token=83461e6c-b766-4567-84e3-756e83fe4883 tableID=0xc000025520 seatIndex=0xc000013858
2025/11/08 14:46:50 INFO session updated token=46eb7b85-5d83-4554-9d93-966ca5838fa1 tableID=0xc00059a150 seatIndex=0xc0005920c0
2025/11/08 14:46:50 INFO session updated token=41f57f64-2510-44ed-b694-c092ddfbf9ff tableID=0xc000302ec0 seatIndex=0xc0003069c0
2025/11/08 14:46:50 INFO session updated token=cb510a08-5e6c-4b78-bb89-7c05147b8c64 tableID=0xc0006001a0 seatIndex=0xc000604100
2025/11/08 14:46:50 INFO session updated token=4a63de95-3289-4357-94d8-effedc2e619b tableID=0xc000025550 seatIndex=0xc000013868
2025/11/08 14:46:50 INFO session updated token=ba59a44b-5470-46bd-a10e-63eb96d1241e tableID=0xc00059a180 seatIndex=0xc0005920d0
2025/11/08 14:46:50 INFO session updated token=e22a12f5-4d5b-43bb-9207-c295d3397319 tableID=0xc00059a190 seatIndex=0xc0005920e0
2025/11/08 14:46:50 INFO session updated token=6a1fef64-15f9-4d5e-94fd-dd893699dcfd tableID=0xc00059a1a0 seatIndex=0xc0005920f0
2025/11/08 14:46:50 INFO session updated token=e682eef2-b3f2-4fd2-88da-4f17af953e8b tableID=0xc00059a1b0 seatIndex=0xc000592100
2025/11/08 14:46:50 INFO session updated token=3306e882-f842-4f54-a651-a9d62db5c225 tableID=0xc000302f10 seatIndex=0xc0003069d0
2025/11/08 14:46:50 INFO session updated token=8853f33c-eaaf-405b-878b-807cd5da5ccf tableID=0xc000302f20 seatIndex=0xc0003069e0
2025/11/08 14:46:50 INFO session updated token=1afa2ba7-b588-4ad1-9d5c-720a2595a207 tableID=0xc00059a1c0 seatIndex=0xc000592110
2025/11/08 14:46:50 INFO session updated token=70632eb0-eccf-4024-9358-8e6934f0827b tableID=0xc0006001f0 seatIndex=0xc000604110
2025/11/08 14:46:50 INFO session updated token=6bec9d72-6cd4-470b-b4ea-cf91349c4a89 tableID=0xc000025580 seatIndex=0xc000013878
2025/11/08 14:46:50 INFO session removed token=25efafc6-778c-4509-acbc-d6a1b77de9d3
2025/11/08 14:46:50 INFO session updated token=527a4ebf-a3b4-4400-804e-24aa73e9599b tableID=0xc000025590 seatIndex=0xc000013888
2025/11/08 14:46:50 INFO session updated token=e1bf5d50-ebad-4faa-9307-907463d34737 tableID=0xc00021dd40 seatIndex=0xc000270ee8
2025/11/08 14:46:50 INFO session updated token=8e7f41d9-1fbb-4598-87a2-290731ad27b6 tableID=0xc00051a0c0 seatIndex=0xc000512078
2025/11/08 14:46:50 INFO session updated token=fa9893e4-94e3-4210-9a5b-485c16af3c82 tableID=0xc00051a0f0 seatIndex=0xc000512088
2025/11/08 14:46:50 INFO session updated token=f44eac6c-5ed5-4edb-9052-b1e5ab281e27 tableID=0xc00059a210 seatIndex=0xc000592150
2025/11/08 14:46:50 INFO session updated token=4d5c0ba1-780a-449b-931a-718c35097c94 tableID=0xc00059a230 seatIndex=0xc000592160
2025/11/08 14:46:50 INFO session updated token=6a859d67-e984-4ee6-aa60-f5d3abc2124b tableID=0xc00059a240 seatIndex=0xc000592170
2025/11/08 14:46:50 INFO session updated token=10d2e089-d9fc-4162-bebe-78ffe7435e4e tableID=0xc0000255e0 seatIndex=0xc000013898
2025/11/08 14:46:50 INFO session updated token=2ec8a9dd-dfbc-45e7-81d0-9ff5e9547274 tableID=0xc00051a120 seatIndex=0xc000512098
2025/11/08 14:46:50 INFO session updated token=608a8111-56eb-4498-981c-802355f794aa tableID=0xc00059a250 seatIndex=0xc0005921a0
2025/11/08 14:46:50 INFO session updated token=8aaf4c88-7b6f-4c6d-9713-560c85619b85 tableID=0xc0000255f0 seatIndex=0xc0000138a8
2025/11/08 14:46:50 INFO session updated token=38d9ec9c-3702-45c8-9509-f67ef5855d9d tableID=0xc00021dd90 seatIndex=0xc000270ef8
2025/11/08 14:46:50 INFO session updated token=3f2fccbe-c029-497a-9b08-7337b963e67a tableID=0xc000302f90 seatIndex=0xc0003069f0
2025/11/08 14:46:50 INFO session updated token=627763b1-26fe-4c8c-903f-ae868649668f tableID=0xc000025620 seatIndex=0xc0000138b8
2025/11/08 14:46:50 INFO session updated token=b6008183-62fb-47fc-bd92-371a3b44e331 tableID=0xc000025630 seatIndex=0xc0000138c8
2025/11/08 14:46:50 INFO session updated token=f2b04d9a-3dd1-4c66-b49b-9e4c754f8e7a tableID=0xc000025640 seatIndex=0xc0000138d8
2025/11/08 14:46:50 INFO session updated token=d915d3e9-88ae-4adb-8cd4-670b36ee9c09 tableID=0xc000025650 seatIndex=0xc0000138e8
2025/11/08 14:46:50 INFO session updated token=8a4dbb87-a3a3-47b9-868a-6d5886aba5da tableID=0xc000025660 seatIndex=0xc0000138f8
2025/11/08 14:46:50 INFO session updated token=ebfd1519-b62b-4d0b-8af8-7f070ca16e47 tableID=0xc000302fc0 seatIndex=0xc000306a00
2025/11/08 14:46:50 INFO session updated token=5b0fbf1d-e62e-4c8e-bf3e-d83a148b00cf tableID=0xc00021ddc0 seatIndex=0xc000270f08
2025/11/08 14:46:50 INFO session updated token=c9405377-4e46-451d-814d-6afaf612195f tableID=0xc00059a2c0 seatIndex=0xc0005921e0
2025/11/08 14:46:50 INFO session updated token=348e1fd7-72dd-41e9-b155-c728f184f6ed tableID=0xc00059a2e0 seatIndex=0xc0005921f0
2025/11/08 14:46:50 INFO session updated token=e853e7d7-eff3-4f58-b32d-8007a1c87d30 tableID=0xc00059a2f0 seatIndex=0xc000592200
2025/11/08 14:46:50 INFO session updated token=2182c59f-9092-4361-8797-d745c86f9e73 tableID=0xc000303010 seatIndex=0xc000306a10
2025/11/08 14:46:50 INFO session updated token=3d38cda5-c6c2-4219-b51c-89497fc70eed tableID=0xc00059a300 seatIndex=0xc000592210
2025/11/08 14:46:50 INFO session updated token=730ea521-2f92-4f80-aac5-a2c7a5876e3f tableID=0xc0006002a0 seatIndex=0xc000604120
2025/11/08 14:46:50 INFO session updated token=e98c48d0-c94e-40de-94ed-efd6ecc87153 tableID=0xc0006002b0 seatIndex=0xc000604130
2025/11/08 14:46:50 INFO session updated token=dc9b150c-b40e-4620-9dc5-997a672d848c tableID=0xc0006002c0 seatIndex=0xc000604140
2025/11/08 14:46:50 INFO session updated token=67c10050-c88b-40f5-8089-8ed506590a4b tableID=0xc0006002d0 seatIndex=0xc000604150
2025/11/08 14:46:50 INFO session updated token=35098a8f-1dd2-41dc-bbbe-c31c9e8a1b30 tableID=0xc00021de30 seatIndex=0xc000270f18
2025/11/08 14:46:50 INFO session updated token=30ac418e-9cfc-4af3-803d-0bcb86f1f3a5 tableID=0xc00021de40 seatIndex=0xc000270f28
2025/11/08 14:46:50 INFO session updated token=8ba8d1c7-a6ca-4649-bd38-135202227fcb tableID=0xc000303060 seatIndex=0xc000306a20
2025/11/08 14:46:50 INFO session updated token=23744962-627f-4358-b6d4-d622ce4fd479 tableID=0xc000303070 seatIndex=0xc000306a30
2025/11/08 14:46:50 INFO session removed token=50d95bdb-d456-4003-b58a-2ab5c8c566d5
2025/11/08 14:46:50 INFO session updated token=3054e170-5db8-457a-952b-4683a8ed0fd4 tableID=0xc000303090 seatIndex=0xc000306a60
2025/11/08 14:46:50 INFO session updated token=995c8b56-db6d-4c28-85e6-6c19eca5f51e tableID=0xc0003030a0 seatIndex=0xc000306a70
2025/11/08 14:46:50 INFO session updated token=044cc3a9-9d84-40b5-bc5c-2ba17256cd83 tableID=0xc00051a1f0 seatIndex=0xc0005120a8
2025/11/08 14:46:50 INFO session removed token=6eee606b-ba17-4a16-afdc-b69fc46c10d5
2025/11/08 14:46:50 INFO session updated token=d4ef4394-f596-4d48-9b07-ef88b38e9014 tableID=0xc0003030b0 seatIndex=0xc000306a80
2025/11/08 14:46:50 INFO session updated token=cc8ee62c-836a-4973-aa76-e9500e0157c4 tableID=0xc0003030c0 seatIndex=0xc000306a90
2025/11/08 14:46:50 INFO session updated token=df5a7469-706c-4212-b3eb-8135c48fdac2 tableID=0xc00051a200 seatIndex=0xc0005120b8
2025/11/08 14:46:50 INFO session updated token=8047a54f-bffc-44c5-b639-ae47999d32eb tableID=0xc00051a220 seatIndex=0xc0005120e8
2025/11/08 14:46:50 INFO session removed token=2bd65b6d-fd01-4517-88ea-4121abd35b39
2025/11/08 14:46:50 INFO session updated token=dd418ccc-36ab-4438-b34b-2429ffff34e2 tableID=0xc0003030f0 seatIndex=0xc000306aa0
2025/11/08 14:46:50 INFO session updated token=2c536090-a80d-4958-8721-6baefe90354a tableID=0xc00021de90 seatIndex=0xc000270f38
2025/11/08 14:46:50 INFO session updated token=a01090c2-bd98-4cdf-88cd-6f4f5f057821 tableID=0xc00021dea0 seatIndex=0xc000270f48
2025/11/08 14:46:50 INFO session removed token=3a921848-708b-4f1a-ad90-8c00cff4e3c6
2025/11/08 14:46:50 INFO session removed token=922a2565-6681-47ba-b621-a361c19d40c8
2025/11/08 14:46:50 INFO session removed token=a51b1d39-b6c6-41e6-b5d5-5aa46da6ba21
2025/11/08 14:46:50 INFO session updated token=bb744bf4-999e-4084-9b74-1a324d461f75 tableID=0xc000183940 seatIndex=0xc0003808c0
2025/11/08 14:46:50 INFO session removed token=81f93c9f-8b1b-4b37-8cd2-e0fe1e7cad2a
2025/11/08 14:46:50 INFO session created token=400e913c-d785-4d2d-a096-1519b66c371f name=User_6_1
2025/11/08 14:46:50 INFO session updated token=400e913c-d785-4d2d-a096-1519b66c371f tableID=0xc000183f40 seatIndex=0xc000381330
2025/11/08 14:46:50 INFO session removed token=400e913c-d785-4d2d-a096-1519b66c371f
2025/11/08 14:46:50 INFO session created token=83a481dc-a66a-4738-8c6a-0090a025c500 name=User_6_2
2025/11/08 14:46:50 INFO session removed token=4d5c0ba1-780a-449b-931a-718c35097c94
2025/11/08 14:46:50 INFO session created token=a24a9311-c93e-44c0-84b0-0e2fb54918b7 name=User_26_2
2025/11/08 14:46:50 INFO session removed token=3f2fccbe-c029-497a-9b08-7337b963e67a
2025/11/08 14:46:50 INFO session created token=7f6e230f-6524-4753-801e-738e2afa1a98 name=User_95_0
2025/11/08 14:46:50 INFO session created token=09afa1d4-89df-4efc-9968-a42f25a6052b name=User_5_1
2025/11/08 14:46:50 INFO session created token=a77a858b-097b-4073-b8d5-764554178387 name=User_34_1
2025/11/08 14:46:50 INFO session created token=dd78cc23-b38c-4e83-9747-2fff0241e333 name=User_37_1
2025/11/08 14:46:50 INFO session updated token=09afa1d4-89df-4efc-9968-a42f25a6052b tableID=0xc000303170 seatIndex=0xc000306b38
2025/11/08 14:46:50 INFO session created token=7af99158-7508-4515-a5a7-3dffec884c56 name=User_32_1
2025/11/08 14:46:50 INFO session created token=ce58093c-47ae-4c00-8905-3951f353935b name=User_55_1
2025/11/08 14:46:50 INFO session created token=d4c1ad1b-c066-4dfe-abbc-1c254791c9dc name=User_78_0
2025/11/08 14:46:50 INFO session removed token=09afa1d4-89df-4efc-9968-a42f25a6052b
2025/11/08 14:46:50 INFO session removed token=f44eac6c-5ed5-4edb-9052-b1e5ab281e27
2025/11/08 14:46:50 INFO session created token=645c6cbb-48af-4c51-82a1-b913b0b9a0c0 name=User_73_1
2025/11/08 14:46:50 INFO session updated token=645c6cbb-48af-4c51-82a1-b913b0b9a0c0 tableID=0xc0003cc150 seatIndex=0xc0003814d8
2025/11/08 14:46:50 INFO session removed token=645c6cbb-48af-4c51-82a1-b913b0b9a0c0
2025/11/08 14:46:50 INFO session created token=a0e95415-7493-422a-9ce4-687edea01fe2 name=User_73_2
2025/11/08 14:46:50 INFO session updated token=a0e95415-7493-422a-9ce4-687edea01fe2 tableID=0xc0003cc1a0 seatIndex=0xc000381528
2025/11/08 14:46:50 INFO session removed token=a0e95415-7493-422a-9ce4-687edea01fe2
2025/11/08 14:46:50 INFO session created token=0bfe66db-3d3c-49d2-bd4e-12a6b60ceff6 name=User_73_3
2025/11/08 14:46:50 INFO session removed token=627763b1-26fe-4c8c-903f-ae868649668f
2025/11/08 14:46:50 INFO session created token=bdcc6497-8e41-422e-907e-317131e7edc0 name=User_90_1
2025/11/08 14:46:50 INFO session updated token=a77a858b-097b-4073-b8d5-764554178387 tableID=0xc0003cc080 seatIndex=0xc000381388
2025/11/08 14:46:50 INFO session removed token=a77a858b-097b-4073-b8d5-764554178387
2025/11/08 14:46:50 INFO session created token=8127363a-f11d-4249-8bae-8ef266311bf4 name=User_34_2
2025/11/08 14:46:50 INFO session removed token=10d2e089-d9fc-4162-bebe-78ffe7435e4e
2025/11/08 14:46:50 INFO session removed token=2ec8a9dd-dfbc-45e7-81d0-9ff5e9547274
2025/11/08 14:46:50 INFO session created token=a3dc4baf-7a34-45a7-bb59-c63c460127ed name=User_60_1
2025/11/08 14:46:50 INFO session created token=1120bced-45e6-4388-a725-d03cfdd91459 name=User_58_1
2025/11/08 14:46:50 INFO session updated token=a3dc4baf-7a34-45a7-bb59-c63c460127ed tableID=0xc000124230 seatIndex=0xc0001283e8
2025/11/08 14:46:50 INFO session removed token=a3dc4baf-7a34-45a7-bb59-c63c460127ed
2025/11/08 14:46:50 INFO session created token=bbf13b28-a316-4c37-a677-314d2b820b20 name=User_60_2
2025/11/08 14:46:50 INFO session removed token=608a8111-56eb-4498-981c-802355f794aa
2025/11/08 14:46:50 INFO session created token=6e235026-9b80-49a8-8887-324a12cd6842 name=User_56_1
2025/11/08 14:46:50 INFO session removed token=8aaf4c88-7b6f-4c6d-9713-560c85619b85
2025/11/08 14:46:50 INFO session created token=fea012ad-b123-48c1-8337-315df71d7df7 name=User_61_1
2025/11/08 14:46:50 INFO session updated token=fea012ad-b123-48c1-8337-315df71d7df7 tableID=0xc0001242a0 seatIndex=0xc000128468
2025/11/08 14:46:50 INFO session removed token=fea012ad-b123-48c1-8337-315df71d7df7
2025/11/08 14:46:50 INFO session created token=23a05e4e-3673-4882-ab71-73124a16923d name=User_61_2
2025/11/08 14:46:50 INFO session updated token=23a05e4e-3673-4882-ab71-73124a16923d tableID=0xc0001242f0 seatIndex=0xc0001284b8
2025/11/08 14:46:50 INFO session removed token=23a05e4e-3673-4882-ab71-73124a16923d
2025/11/08 14:46:50 INFO session created token=c288fceb-5799-4d8c-aaa2-b24e357b737f name=User_61_3
2025/11/08 14:46:50 INFO session updated token=c288fceb-5799-4d8c-aaa2-b24e357b737f tableID=0xc000124340 seatIndex=0xc000128508
2025/11/08 14:46:50 INFO session removed token=c288fceb-5799-4d8c-aaa2-b24e357b737f
2025/11/08 14:46:50 INFO session removed token=38d9ec9c-3702-45c8-9509-f67ef5855d9d
2025/11/08 14:46:50 INFO session created token=1128cd09-ac35-4720-8e82-5a5f07e9d03f name=User_57_1
2025/11/08 14:46:50 INFO session created token=f39024f6-7cbd-4e35-b288-28a241afd2bf name=User_61_4
2025/11/08 14:46:50 INFO session removed token=b6008183-62fb-47fc-bd92-371a3b44e331
2025/11/08 14:46:50 INFO session created token=6cb87079-c4f7-4601-91f5-f1120e0e8bc0 name=User_33_1
2025/11/08 14:46:50 INFO session updated token=6cb87079-c4f7-4601-91f5-f1120e0e8bc0 tableID=0xc0001243e0 seatIndex=0xc000128598
2025/11/08 14:46:50 INFO session removed token=6cb87079-c4f7-4601-91f5-f1120e0e8bc0
2025/11/08 14:46:50 INFO session created token=c0bf3db7-c742-42e0-b416-bcc0d7a84789 name=User_33_2
2025/11/08 14:46:50 INFO session updated token=c0bf3db7-c742-42e0-b416-bcc0d7a84789 tableID=0xc000124430 seatIndex=0xc0001285e8
2025/11/08 14:46:50 INFO session removed token=c0bf3db7-c742-42e0-b416-bcc0d7a84789
2025/11/08 14:46:50 INFO session removed token=f2b04d9a-3dd1-4c66-b49b-9e4c754f8e7a
2025/11/08 14:46:50 INFO session created token=9854daae-a014-4a66-898b-9d8e06d99413 name=User_89_1
2025/11/08 14:46:50 INFO session updated token=9854daae-a014-4a66-898b-9d8e06d99413 tableID=0xc000303250 seatIndex=0xc000306c28
2025/11/08 14:46:50 INFO session removed token=9854daae-a014-4a66-898b-9d8e06d99413
2025/11/08 14:46:50 INFO session created token=2f9fd569-122b-49df-8770-596f3012ad2a name=User_89_2
2025/11/08 14:46:50 INFO session updated token=2f9fd569-122b-49df-8770-596f3012ad2a tableID=0xc0003032a0 seatIndex=0xc000306c78
2025/11/08 14:46:50 INFO session removed token=2f9fd569-122b-49df-8770-596f3012ad2a
2025/11/08 14:46:50 INFO session removed token=d915d3e9-88ae-4adb-8cd4-670b36ee9c09
2025/11/08 14:46:50 INFO session created token=34cddb39-650f-4d8c-9197-3ab91d7a9206 name=User_89_3
2025/11/08 14:46:50 INFO session created token=1518cc40-b12b-4de4-b147-5c1638f7c3ff name=User_77_1
2025/11/08 14:46:50 INFO session updated token=34cddb39-650f-4d8c-9197-3ab91d7a9206 tableID=0xc0003032f0 seatIndex=0xc000306cc8
2025/11/08 14:46:50 INFO session removed token=8a4dbb87-a3a3-47b9-868a-6d5886aba5da
2025/11/08 14:46:50 INFO session removed token=ebfd1519-b62b-4d0b-8af8-7f070ca16e47
2025/11/08 14:46:50 INFO session removed token=5b0fbf1d-e62e-4c8e-bf3e-d83a148b00cf
2025/11/08 14:46:50 INFO session removed token=c9405377-4e46-451d-814d-6afaf612195f
2025/11/08 14:46:50 INFO session removed token=348e1fd7-72dd-41e9-b155-c728f184f6ed
2025/11/08 14:46:50 INFO session removed token=e853e7d7-eff3-4f58-b32d-8007a1c87d30
2025/11/08 14:46:50 INFO session removed token=6a859d67-e984-4ee6-aa60-f5d3abc2124b
2025/11/08 14:46:50 INFO session removed token=062b3b07-fffd-41b0-b2c8-cca3a873c8ee
2025/11/08 14:46:50 INFO session removed token=eb2f74ea-80d1-4c56-b41e-10e144cc2346
2025/11/08 14:46:50 INFO session removed token=f8c562eb-d052-4077-ac54-40486885f1ee
2025/11/08 14:46:50 INFO session created token=1e443fb7-c34e-4fde-ac49-0282518fe654 name=User_53_1
2025/11/08 14:46:50 INFO session updated token=a24a9311-c93e-44c0-84b0-0e2fb54918b7 tableID=0xc000303130 seatIndex=0xc000306af0
2025/11/08 14:46:50 INFO session removed token=412626fc-09df-4193-a755-40481feb676d
2025/11/08 14:46:50 INFO session updated token=7f6e230f-6524-4753-801e-738e2afa1a98 tableID=0xc0003cc050 seatIndex=0xc000381378
2025/11/08 14:46:50 INFO session removed token=2182c59f-9092-4361-8797-d745c86f9e73
2025/11/08 14:46:50 INFO session removed token=3d38cda5-c6c2-4219-b51c-89497fc70eed
2025/11/08 14:46:50 INFO session removed token=730ea521-2f92-4f80-aac5-a2c7a5876e3f
2025/11/08 14:46:50 INFO session removed token=e98c48d0-c94e-40de-94ed-efd6ecc87153
2025/11/08 14:46:50 INFO session removed token=dc9b150c-b40e-4620-9dc5-997a672d848c
2025/11/08 14:46:50 INFO session created token=ac00ae59-3656-4ec8-ab0c-7f687f7e2427 name=User_2_1
2025/11/08 14:46:50 INFO session removed token=67c10050-c88b-40f5-8089-8ed506590a4b
2025/11/08 14:46:50 INFO session removed token=35098a8f-1dd2-41dc-bbbe-c31c9e8a1b30
2025/11/08 14:46:50 INFO session removed token=30ac418e-9cfc-4af3-803d-0bcb86f1f3a5
2025/11/08 14:46:50 INFO session removed token=8ba8d1c7-a6ca-4649-bd38-135202227fcb
2025/11/08 14:46:50 INFO session removed token=23744962-627f-4358-b6d4-d622ce4fd479
2025/11/08 14:46:50 INFO session removed token=bbc81f36-9ded-43f5-8f69-dbd918e60f85
2025/11/08 14:46:50 INFO session removed token=98f55a8f-e3ab-49d7-a147-b82e74c5596b
2025/11/08 14:46:50 INFO session removed token=088d9e13-e857-4c36-9a4a-91036130dc5b
2025/11/08 14:46:50 INFO session removed token=3054e170-5db8-457a-952b-4683a8ed0fd4
2025/11/08 14:46:50 INFO session removed token=995c8b56-db6d-4c28-85e6-6c19eca5f51e
2025/11/08 14:46:50 INFO session created token=4b91b56e-6eab-4469-82fb-9b197407a0c2 name=User_7_1
2025/11/08 14:46:50 INFO session removed token=044cc3a9-9d84-40b5-bc5c-2ba17256cd83
2025/11/08 14:46:50 INFO session removed token=143cdc41-4b93-426c-bff5-a3ba65934baf
2025/11/08 14:46:50 INFO session removed token=7a6dbe6b-2913-4377-b197-2366504ad454
2025/11/08 14:46:50 INFO session removed token=349ca4e5-8e8b-4463-ba8f-32711479c78e
2025/11/08 14:46:50 INFO session removed token=2f085711-c635-4547-ad3f-7ecf5ce6fd11
2025/11/08 14:46:50 INFO session removed token=d4ef4394-f596-4d48-9b07-ef88b38e9014
2025/11/08 14:46:50 INFO session removed token=6064f442-0e57-4fd8-af32-abadad5bbe3b
2025/11/08 14:46:50 INFO session created token=98b99aa0-6a97-4d98-96b0-be453049d772 name=User_1_1
2025/11/08 14:46:50 INFO session removed token=cc8ee62c-836a-4973-aa76-e9500e0157c4
2025/11/08 14:46:50 INFO session removed token=91cd7b57-9341-4b54-9ee4-bdf720fd098d
2025/11/08 14:46:50 INFO session removed token=28c2d864-9652-4166-9f13-0cbfe0134772
2025/11/08 14:46:50 INFO session removed token=85edc1b8-b81d-4359-bb49-f8783972c286
2025/11/08 14:46:50 INFO session removed token=0c65c889-bd2b-4ef7-b554-3904512ab174
2025/11/08 14:46:50 INFO session removed token=df5a7469-706c-4212-b3eb-8135c48fdac2
2025/11/08 14:46:50 INFO session created token=ac56f9a3-2a61-4eea-b163-54eccb50aa3c name=User_30_1
2025/11/08 14:46:50 INFO session created token=4f749512-fe42-4e23-8010-9221df50ae63 name=User_83_1
2025/11/08 14:46:50 INFO session updated token=ac56f9a3-2a61-4eea-b163-54eccb50aa3c tableID=0xc000600470 seatIndex=0xc0006042d0
2025/11/08 14:46:50 INFO session removed token=ac56f9a3-2a61-4eea-b163-54eccb50aa3c
2025/11/08 14:46:50 INFO session removed token=53e001cc-f0f3-4cce-a159-435b37ee6e52
2025/11/08 14:46:50 INFO session removed token=9600447e-c4bc-40a6-a761-489198fa1426
2025/11/08 14:46:50 INFO session removed token=7dbede7a-a575-467c-badc-6489e1fff764
2025/11/08 14:46:50 INFO session removed token=2c9da31d-95e1-478d-8bca-5939e8f45e68
2025/11/08 14:46:50 INFO session removed token=8bcc87f0-e206-4660-8ec7-81d0e1780ce7
2025/11/08 14:46:50 INFO session created token=316585f2-f7e3-4b82-98c8-f6fb8d07d1f0 name=User_19_1
2025/11/08 14:46:50 INFO session removed token=dd418ccc-36ab-4438-b34b-2429ffff34e2
2025/11/08 14:46:50 INFO session removed token=e6de7af0-462b-4662-8f65-06e90057be36
2025/11/08 14:46:50 INFO session removed token=2c536090-a80d-4958-8721-6baefe90354a
2025/11/08 14:46:50 INFO session removed token=49224cf4-4e76-49dc-aef6-1f0626e82039
2025/11/08 14:46:50 INFO session removed token=887e8fc5-a155-4036-8ca1-861071ae8f33
2025/11/08 14:46:50 INFO session removed token=a78484f5-35d8-4c07-9197-684bba667722
2025/11/08 14:46:50 INFO session created token=188de6f0-226a-46b7-a656-1bf05e502ca0 name=User_52_1
2025/11/08 14:46:50 INFO session created token=a7e2acb0-f128-4a6e-96d8-60a9fef1686e name=User_69_1
2025/11/08 14:46:50 INFO session updated token=188de6f0-226a-46b7-a656-1bf05e502ca0 tableID=0xc0003cc2f0 seatIndex=0xc000381810
2025/11/08 14:46:50 INFO session removed token=188de6f0-226a-46b7-a656-1bf05e502ca0
2025/11/08 14:46:50 INFO session removed token=a01090c2-bd98-4cdf-88cd-6f4f5f057821
2025/11/08 14:46:50 INFO session removed token=46eb7b85-5d83-4554-9d93-966ca5838fa1
2025/11/08 14:46:50 INFO session removed token=41f57f64-2510-44ed-b694-c092ddfbf9ff
2025/11/08 14:46:50 INFO session removed token=cb510a08-5e6c-4b78-bb89-7c05147b8c64
2025/11/08 14:46:50 INFO session removed token=4a63de95-3289-4357-94d8-effedc2e619b
2025/11/08 14:46:50 INFO session removed token=ba59a44b-5470-46bd-a10e-63eb96d1241e
2025/11/08 14:46:50 INFO session removed token=e22a12f5-4d5b-43bb-9207-c295d3397319
2025/11/08 14:46:50 INFO session removed token=6a1fef64-15f9-4d5e-94fd-dd893699dcfd
2025/11/08 14:46:50 INFO session removed token=e682eef2-b3f2-4fd2-88da-4f17af953e8b
2025/11/08 14:46:50 INFO session removed token=3306e882-f842-4f54-a651-a9d62db5c225
2025/11/08 14:46:50 INFO session removed token=8853f33c-eaaf-405b-878b-807cd5da5ccf
2025/11/08 14:46:50 INFO session removed token=1afa2ba7-b588-4ad1-9d5c-720a2595a207
2025/11/08 14:46:50 INFO session removed token=70632eb0-eccf-4024-9358-8e6934f0827b
2025/11/08 14:46:50 INFO session created token=31b62368-f3c5-4f4a-9672-d8a7292c2a4e name=User_48_1
2025/11/08 14:46:50 INFO session created token=cd8a2ee0-f100-446b-b8dc-b1add3a43745 name=User_71_1
2025/11/08 14:46:50 INFO session updated token=7af99158-7508-4515-a5a7-3dffec884c56 tableID=0xc0003cc0d0 seatIndex=0xc0003813e8
2025/11/08 14:46:50 INFO session created token=b599da71-c42b-45bf-9c10-c4d83fae9014 name=User_59_1
2025/11/08 14:46:50 INFO session removed token=7af99158-7508-4515-a5a7-3dffec884c56
2025/11/08 14:46:50 INFO session created token=8ba027a4-4d54-46c7-96d8-a551e086110a name=User_31_1
2025/11/08 14:46:50 INFO session updated token=8ba027a4-4d54-46c7-96d8-a551e086110a tableID=0xc000124530 seatIndex=0xc000128898
2025/11/08 14:46:50 INFO session removed token=8ba027a4-4d54-46c7-96d8-a551e086110a
2025/11/08 14:46:50 INFO session created token=1ecb69d6-888b-4e2b-a647-c1f597752a47 name=User_31_2
2025/11/08 14:46:50 INFO session updated token=1ecb69d6-888b-4e2b-a647-c1f597752a47 tableID=0xc000124580 seatIndex=0xc0001288e8
2025/11/08 14:46:50 INFO session removed token=1ecb69d6-888b-4e2b-a647-c1f597752a47
2025/11/08 14:46:50 INFO session created token=ef06e338-ddb1-4c13-99c2-5664ea806ea0 name=User_31_3
2025/11/08 14:46:50 INFO session updated token=ef06e338-ddb1-4c13-99c2-5664ea806ea0 tableID=0xc0001245d0 seatIndex=0xc000128938
2025/11/08 14:46:50 INFO session removed token=ef06e338-ddb1-4c13-99c2-5664ea806ea0
2025/11/08 14:46:50 INFO session created token=a29cd73d-64c8-43d0-91ec-fd8325f0358b name=User_31_4
2025/11/08 14:46:50 INFO session created token=0df0dfb9-b425-46d6-ba21-130c2d9cb36e name=User_17_1
2025/11/08 14:46:50 INFO session updated token=a29cd73d-64c8-43d0-91ec-fd8325f0358b tableID=0xc000124620 seatIndex=0xc000128988
2025/11/08 14:46:50 INFO session created token=2c6a1a77-0368-4ceb-b2f4-688b881be631 name=User_86_4
2025/11/08 14:46:50 INFO session removed token=a29cd73d-64c8-43d0-91ec-fd8325f0358b
2025/11/08 14:46:50 INFO session removed token=527a4ebf-a3b4-4400-804e-24aa73e9599b
2025/11/08 14:46:50 INFO session removed token=e1bf5d50-ebad-4faa-9307-907463d34737
2025/11/08 14:46:50 INFO session removed token=8e7f41d9-1fbb-4598-87a2-290731ad27b6
2025/11/08 14:46:50 INFO session removed token=fa9893e4-94e3-4210-9a5b-485c16af3c82
2025/11/08 14:46:50 INFO session removed token=bb744bf4-999e-4084-9b74-1a324d461f75
2025/11/08 14:46:50 INFO session updated token=ce58093c-47ae-4c00-8905-3951f353935b tableID=0xc0003cc0e0 seatIndex=0xc000381470
2025/11/08 14:46:50 INFO session updated token=dd78cc23-b38c-4e83-9747-2fff0241e333 tableID=0xc0003cc100 seatIndex=0xc000381498
2025/11/08 14:46:50 INFO session updated token=83a481dc-a66a-4738-8c6a-0090a025c500 tableID=0xc0003cc110 seatIndex=0xc0003814a8
2025/11/08 14:46:50 INFO session updated token=d4c1ad1b-c066-4dfe-abbc-1c254791c9dc tableID=0xc0003031b0 seatIndex=0xc000306b88
2025/11/08 14:46:50 INFO session updated token=0bfe66db-3d3c-49d2-bd4e-12a6b60ceff6 tableID=0xc0001241d0 seatIndex=0xc0001283c8
2025/11/08 14:46:50 INFO session updated token=bdcc6497-8e41-422e-907e-317131e7edc0 tableID=0xc0003031e0 seatIndex=0xc000306bd8
2025/11/08 14:46:50 INFO session updated token=8127363a-f11d-4249-8bae-8ef266311bf4 tableID=0xc000124200 seatIndex=0xc0001283d8
2025/11/08 14:46:50 INFO session updated token=1120bced-45e6-4388-a725-d03cfdd91459 tableID=0xc0003cc230 seatIndex=0xc0003815b8
2025/11/08 14:46:50 INFO session updated token=bbf13b28-a316-4c37-a677-314d2b820b20 tableID=0xc0003cc270 seatIndex=0xc0003815e8
2025/11/08 14:46:50 INFO session updated token=6e235026-9b80-49a8-8887-324a12cd6842 tableID=0xc000124270 seatIndex=0xc000128458
2025/11/08 14:46:50 INFO session updated token=1128cd09-ac35-4720-8e82-5a5f07e9d03f tableID=0xc0001243a0 seatIndex=0xc000128578
2025/11/08 14:46:50 INFO session updated token=f39024f6-7cbd-4e35-b288-28a241afd2bf tableID=0xc0001243b0 seatIndex=0xc000128588
2025/11/08 14:46:50 INFO session updated token=1518cc40-b12b-4de4-b147-5c1638f7c3ff tableID=0xc000303310 seatIndex=0xc000306cf8
2025/11/08 14:46:50 INFO session removed token=34cddb39-650f-4d8c-9197-3ab91d7a9206
2025/11/08 14:46:50 INFO session removed token=a24a9311-c93e-44c0-84b0-0e2fb54918b7
2025/11/08 14:46:50 INFO session updated token=1e443fb7-c34e-4fde-ac49-0282518fe654 tableID=0xc0003033d0 seatIndex=0xc000306d28
2025/11/08 14:46:50 INFO session removed token=7f6e230f-6524-4753-801e-738e2afa1a98
2025/11/08 14:46:50 INFO session updated token=ac00ae59-3656-4ec8-ab0c-7f687f7e2427 tableID=0xc000600330 seatIndex=0xc0006041e0
2025/11/08 14:46:50 INFO session updated token=4b91b56e-6eab-4469-82fb-9b197407a0c2 tableID=0xc0001244b0 seatIndex=0xc000128710
2025/11/08 14:46:50 INFO session created token=514df775-537d-4006-af6b-c8300d0226f8 name=User_0_3
2025/11/08 14:46:50 INFO session updated token=514df775-537d-4006-af6b-c8300d0226f8 tableID=0xc000124810 seatIndex=0xc000128bd8
2025/11/08 14:46:50 INFO session removed token=514df775-537d-4006-af6b-c8300d0226f8
2025/11/08 14:46:50 INFO session created token=cf668489-591b-46af-8b94-ff7718e7fa84 name=User_0_4
2025/11/08 14:46:50 INFO session updated token=cf668489-591b-46af-8b94-ff7718e7fa84 tableID=0xc000124860 seatIndex=0xc000128c20
2025/11/08 14:46:50 INFO session removed token=cf668489-591b-46af-8b94-ff7718e7fa84
2025/11/08 14:46:50 INFO session created token=78c704c8-03e9-494f-9e09-e75035170107 name=User_0_5
2025/11/08 14:46:50 INFO session updated token=78c704c8-03e9-494f-9e09-e75035170107 tableID=0xc0001248b0 seatIndex=0xc000128c68
2025/11/08 14:46:50 INFO session removed token=78c704c8-03e9-494f-9e09-e75035170107
2025/11/08 14:46:50 INFO session created token=4d528475-0498-4fa5-8bd5-7a80d115faa4 name=User_0_6
2025/11/08 14:46:50 INFO session updated token=4d528475-0498-4fa5-8bd5-7a80d115faa4 tableID=0xc000124900 seatIndex=0xc000128cb0
2025/11/08 14:46:50 INFO session removed token=4d528475-0498-4fa5-8bd5-7a80d115faa4
2025/11/08 14:46:50 INFO session created token=afff6932-5359-48b8-95a6-97fdb8bce2fa name=User_0_7
2025/11/08 14:46:50 INFO session updated token=afff6932-5359-48b8-95a6-97fdb8bce2fa tableID=0xc000124950 seatIndex=0xc000128cf8
2025/11/08 14:46:50 INFO session removed token=afff6932-5359-48b8-95a6-97fdb8bce2fa
2025/11/08 14:46:50 INFO session created token=3cfa8605-9aa5-4497-8d3f-107f064e5cea name=User_0_8
2025/11/08 14:46:50 INFO session updated token=3cfa8605-9aa5-4497-8d3f-107f064e5cea tableID=0xc0001249a0 seatIndex=0xc000128d40
2025/11/08 14:46:50 INFO session removed token=3cfa8605-9aa5-4497-8d3f-107f064e5cea
2025/11/08 14:46:50 INFO session created token=6bc7b6c7-c67c-4f66-a3c0-1d177f6b3c86 name=User_0_9
2025/11/08 14:46:50 INFO session updated token=6bc7b6c7-c67c-4f66-a3c0-1d177f6b3c86 tableID=0xc0001249f0 seatIndex=0xc000128d88
2025/11/08 14:46:50 INFO session removed token=6bc7b6c7-c67c-4f66-a3c0-1d177f6b3c86
2025/11/08 14:46:50 INFO session created token=d810a423-5248-4fb9-890d-b8b6232f7f8f name=User_0_10
2025/11/08 14:46:50 INFO session updated token=d810a423-5248-4fb9-890d-b8b6232f7f8f tableID=0xc000124a40 seatIndex=0xc000128dd0
2025/11/08 14:46:50 INFO session removed token=d810a423-5248-4fb9-890d-b8b6232f7f8f
2025/11/08 14:46:50 INFO session created token=fb372020-3e7c-49e9-a523-33979a5c61ec name=User_0_11
2025/11/08 14:46:50 INFO session updated token=fb372020-3e7c-49e9-a523-33979a5c61ec tableID=0xc000124a90 seatIndex=0xc000128e20
2025/11/08 14:46:50 INFO session removed token=fb372020-3e7c-49e9-a523-33979a5c61ec
2025/11/08 14:46:50 INFO session created token=09a7ed64-ec14-4fb5-9e91-d0c6c27d1e73 name=User_0_12
2025/11/08 14:46:50 INFO session updated token=09a7ed64-ec14-4fb5-9e91-d0c6c27d1e73 tableID=0xc000124ae0 seatIndex=0xc000128e70
2025/11/08 14:46:50 INFO session removed token=09a7ed64-ec14-4fb5-9e91-d0c6c27d1e73
2025/11/08 14:46:50 INFO session created token=34d84b6d-1862-4149-bee5-c8ae272ffcac name=User_0_13
2025/11/08 14:46:50 INFO session updated token=34d84b6d-1862-4149-bee5-c8ae272ffcac tableID=0xc000124b30 seatIndex=0xc000128ec0
2025/11/08 14:46:50 INFO session removed token=34d84b6d-1862-4149-bee5-c8ae272ffcac
2025/11/08 14:46:50 INFO session created token=3b45a2e0-968b-4d97-88e9-cbf38b356d31 name=User_0_14
2025/11/08 14:46:50 INFO session updated token=3b45a2e0-968b-4d97-88e9-cbf38b356d31 tableID=0xc000124b80 seatIndex=0xc000128f10
2025/11/08 14:46:50 INFO session removed token=3b45a2e0-968b-4d97-88e9-cbf38b356d31
2025/11/08 14:46:50 INFO session created token=8da9f21e-245b-4dbd-8042-f1b950767ab5 name=User_0_15
2025/11/08 14:46:50 INFO session updated token=8da9f21e-245b-4dbd-8042-f1b950767ab5 tableID=0xc000124bd0 seatIndex=0xc000128f60
2025/11/08 14:46:50 INFO session removed token=8da9f21e-245b-4dbd-8042-f1b950767ab5
2025/11/08 14:46:50 INFO session created token=4a1b3698-1f91-4b73-9020-90e78ca26a0b name=User_0_16
2025/11/08 14:46:50 INFO session updated token=4a1b3698-1f91-4b73-9020-90e78ca26a0b tableID=0xc000124c20 seatIndex=0xc000128fb0
2025/11/08 14:46:50 INFO session removed token=4a1b3698-1f91-4b73-9020-90e78ca26a0b
2025/11/08 14:46:50 INFO session created token=f0f5e793-3029-4902-9340-580e13acce04 name=User_35_1
2025/11/08 14:46:50 INFO session created token=7551e235-218b-44ae-a461-a6fa838979ab name=User_76_1
2025/11/08 14:46:50 INFO session updated token=f0f5e793-3029-4902-9340-580e13acce04 tableID=0xc00051a270 seatIndex=0xc0005120f8
2025/11/08 14:46:50 INFO session created token=88e59f81-65c7-44d5-aff5-522ca2165a12 name=User_87_1
2025/11/08 14:46:50 INFO session created token=667e858f-230e-4f4a-a43c-f808db947f66 name=User_75_1
2025/11/08 14:46:50 INFO session created token=5d563aa8-9e6c-44f6-919d-30bd97a5f695 name=User_39_1
2025/11/08 14:46:50 INFO session removed token=f0f5e793-3029-4902-9340-580e13acce04
2025/11/08 14:46:50 INFO session created token=85a05462-1997-4cac-b719-7b3a8d20a127 name=User_15_1
2025/11/08 14:46:50 INFO session created token=d496a8e4-bfaf-41bd-a4f1-0a2eae6aca5f name=User_18_1
2025/11/08 14:46:50 INFO session created token=ca139b27-a06b-472a-a7c4-d89eefcaa12f name=User_25_1
2025/11/08 14:46:50 INFO session created token=51e98a13-9158-4ba7-a424-786e8a021697 name=User_93_1
2025/11/08 14:46:50 INFO session created token=8c045dd7-ff66-4dc5-b43c-b98b82627ae4 name=User_41_5
2025/11/08 14:46:50 INFO session created token=013adedb-2315-43ea-a819-15161b2a12e6 name=User_35_2
2025/11/08 14:46:50 INFO session created token=a95e2558-028c-4dbf-8801-a636f77dc07a name=User_4_1
2025/11/08 14:46:50 INFO session created token=bce78ecb-fd1c-4606-928b-daaec0ad0a50 name=User_79_1
2025/11/08 14:46:50 INFO session created token=86382982-b5ed-4467-8b3b-01b87c9545bb name=User_0_17
2025/11/08 14:46:50 INFO session created token=89816ceb-d10c-454b-af7a-302898fda6a8 name=User_38_1
2025/11/08 14:46:50 INFO session created token=ad0a2b3f-7353-47c5-a996-0ab549e74d17 name=User_80_1
2025/11/08 14:46:50 INFO session created token=1f5448f2-bbb0-4320-bdce-4feeba2aeccc name=User_20_1
2025/11/08 14:46:50 INFO session created token=4b54a20e-e0f7-4930-9e38-7ee70aef3aac name=User_5_2
2025/11/08 14:46:50 INFO session created token=b7a2d3db-df45-471d-a327-76d893b7f697 name=User_82_1
2025/11/08 14:46:50 INFO session created token=c32bf13c-1553-41fa-ac1d-02964b08eeaa name=User_97_1
2025/11/08 14:46:50 INFO session updated token=bce78ecb-fd1c-4606-928b-daaec0ad0a50 tableID=0xc000124d30 seatIndex=0xc000129050
2025/11/08 14:46:50 INFO session created token=ca6e2c7a-cc1f-4f0f-ab29-8bbc64a574b1 name=User_46_1
2025/11/08 14:46:50 INFO session created token=0d0150d1-e91b-452f-900d-530bcf081dea name=User_33_3
2025/11/08 14:46:50 INFO session created token=69e4fc4b-08e7-4db0-a5ce-7113ba5f27fc name=User_66_1
2025/11/08 14:46:50 INFO session created token=91db926f-3270-47f2-9951-7c86188ead31 name=User_28_1
2025/11/08 14:46:50 INFO session created token=cd3da1c9-eb8e-4e50-ab83-8fb3ac26dde8 name=User_36_1
2025/11/08 14:46:50 INFO session created token=8bb6c54a-f506-4ede-81c2-ec7ccda026ee name=User_21_1
2025/11/08 14:46:50 INFO session created token=3d689599-9e7a-463c-b54f-99032b8e75ef name=User_16_1
2025/11/08 14:46:50 INFO session created token=4138efc0-03c6-46c4-8e1c-b91bdee7a106 name=User_62_1
2025/11/08 14:46:50 INFO session removed token=bce78ecb-fd1c-4606-928b-daaec0ad0a50
2025/11/08 14:46:50 INFO session created token=f8aa9a6f-82a3-4be0-832b-dfb10f0bd745 name=User_81_1
2025/11/08 14:46:50 INFO session created token=1accd57e-f8fd-49f0-aa74-deef660d4918 name=User_43_1
2025/11/08 14:46:50 INFO session created token=99731a34-fc2c-4cfa-9c21-20433d4940e6 name=User_91_1
2025/11/08 14:46:50 INFO session created token=0a99a2f9-987e-428f-8d51-d0d47d5fd965 name=User_88_1
2025/11/08 14:46:50 INFO session created token=61058ec3-6a99-45c1-b117-daa2682b2979 name=User_98_1
2025/11/08 14:46:50 INFO session created token=7f8ef858-809e-4731-af3f-fc9994339a44 name=User_94_1
2025/11/08 14:46:50 INFO session created token=2a2ef555-6241-407a-8ca7-37d5ebf8b973 name=User_45_1
2025/11/08 14:46:50 INFO session created token=227e6ccd-9d80-4e9f-8dda-36cbe93c2fb6 name=User_84_1
2025/11/08 14:46:50 INFO session created token=a6e54dfb-05fc-406a-bcf8-02d1b6720072 name=User_74_1
2025/11/08 14:46:50 INFO session created token=60a4d8ef-ea3e-439a-84dd-5e452a8ef294 name=User_92_1
2025/11/08 14:46:50 INFO session created token=7d763139-794f-4686-8383-cb25d55e677d name=User_85_1
2025/11/08 14:46:50 INFO session created token=806dc12d-baea-452a-9884-076b0b4e0782 name=User_22_1
2025/11/08 14:46:50 INFO session updated token=4f749512-fe42-4e23-8010-9221df50ae63 tableID=0xc000600490 seatIndex=0xc000604300
2025/11/08 14:46:50 INFO session created token=ac8bcf98-91c6-4ee4-a900-50f4444ae377 name=User_8_1
2025/11/08 14:46:50 INFO session created token=219cd0b9-243a-454b-87ad-71fe086a94f7 name=User_10_1
2025/11/08 14:46:50 INFO session removed token=8047a54f-bffc-44c5-b639-ae47999d32eb
2025/11/08 14:46:50 INFO session created token=ff44fd86-e4c7-4a63-8d57-80526ec14edf name=User_30_2
2025/11/08 14:46:50 INFO session updated token=316585f2-f7e3-4b82-98c8-f6fb8d07d1f0 tableID=0xc000600510 seatIndex=0xc000604310
2025/11/08 14:46:50 INFO session created token=49416cf8-de8c-4222-b3bf-cafbdebdb359 name=User_49_1
2025/11/08 14:46:50 INFO session created token=2f7d3d78-3467-4b4c-9b9f-16cc62169197 name=User_29_1
2025/11/08 14:46:50 INFO session created token=ce43b84e-738b-4517-b821-12113eb16fcf name=User_99_1
2025/11/08 14:46:50 INFO session created token=a883976d-95ee-41d6-bbef-ade39fc9a3d0 name=User_47_1
2025/11/08 14:46:50 INFO session created token=2d1e018d-2e0a-45c7-b588-28c860e96739 name=User_23_1
2025/11/08 14:46:50 INFO session created token=7c810a2f-c37a-4a6a-bf9a-a491dbcbb3a9 name=User_42_1
2025/11/08 14:46:50 INFO session created token=8d6c5b4f-b804-4827-a1dc-fafd00bbcd6b name=User_63_1
2025/11/08 14:46:50 INFO session created token=dbceda27-be2c-42d6-b76f-4f9733955cb7 name=User_11_1
2025/11/08 14:46:50 INFO session created token=4cd5357c-9830-460f-9c8a-086146271a3c name=User_51_1
2025/11/08 14:46:50 INFO session updated token=a7e2acb0-f128-4a6e-96d8-60a9fef1686e tableID=0xc0003cc310 seatIndex=0xc000381840
2025/11/08 14:46:50 INFO session removed token=83461e6c-b766-4567-84e3-756e83fe4883
2025/11/08 14:46:50 INFO session removed token=6bec9d72-6cd4-470b-b4ea-cf91349c4a89
2025/11/08 14:46:50 INFO session updated token=cd8a2ee0-f100-446b-b8dc-b1add3a43745 tableID=0xc0003cc430 seatIndex=0xc000381890
2025/11/08 14:46:50 INFO session updated token=31b62368-f3c5-4f4a-9672-d8a7292c2a4e tableID=0xc0001244e0 seatIndex=0xc000128858
2025/11/08 14:46:50 INFO session updated token=b599da71-c42b-45bf-9c10-c4d83fae9014 tableID=0xc000124500 seatIndex=0xc000128888
2025/11/08 14:46:50 INFO session updated token=0df0dfb9-b425-46d6-ba21-130c2d9cb36e tableID=0xc000124640 seatIndex=0xc0001289b8
2025/11/08 14:46:50 INFO session updated token=2c6a1a77-0368-4ceb-b2f4-688b881be631 tableID=0xc000124660 seatIndex=0xc0001289c8
2025/11/08 14:46:50 INFO session created token=5777a478-9f52-489b-90b5-76550e158c76 name=User_31_5
2025/11/08 14:46:50 INFO session updated token=5777a478-9f52-489b-90b5-76550e158c76 tableID=0xc0003cc590 seatIndex=0xc000381a00
2025/11/08 14:46:50 INFO session removed token=5777a478-9f52-489b-90b5-76550e158c76
2025/11/08 14:46:50 INFO session created token=01b1b23b-1e98-4858-98aa-559a1cfc03dc name=User_31_6
2025/11/08 14:46:50 INFO session updated token=01b1b23b-1e98-4858-98aa-559a1cfc03dc tableID=0xc0003cc5e0 seatIndex=0xc000381a50
2025/11/08 14:46:50 INFO session removed token=01b1b23b-1e98-4858-98aa-559a1cfc03dc
2025/11/08 14:46:50 INFO session created token=34ebfa0d-5e21-4baf-9814-d7493d86bcc0 name=User_31_7
2025/11/08 14:46:50 INFO session updated token=34ebfa0d-5e21-4baf-9814-d7493d86bcc0 tableID=0xc0003cc630 seatIndex=0xc000381aa0
2025/11/08 14:46:50 INFO session removed token=34ebfa0d-5e21-4baf-9814-d7493d86bcc0
2025/11/08 14:46:50 INFO session created token=26cdcea4-9ab6-4fb9-a814-b4b83888e834 name=User_31_8
2025/11/08 14:46:50 INFO session updated token=26cdcea4-9ab6-4fb9-a814-b4b83888e834 tableID=0xc0003cc680 seatIndex=0xc000381af0
2025/11/08 14:46:50 INFO session removed token=26cdcea4-9ab6-4fb9-a814-b4b83888e834
2025/11/08 14:46:50 INFO session created token=be5fd407-5ee4-4020-8f2c-713dbbefc774 name=User_31_9
2025/11/08 14:46:50 INFO session updated token=be5fd407-5ee4-4020-8f2c-713dbbefc774 tableID=0xc0003cc6d0 seatIndex=0xc000381b40
2025/11/08 14:46:50 INFO session removed token=be5fd407-5ee4-4020-8f2c-713dbbefc774
2025/11/08 14:46:50 INFO session created token=b7c47115-1216-4d29-89a1-e05829d44c2a name=User_31_10
2025/11/08 14:46:50 INFO session updated token=b7c47115-1216-4d29-89a1-e05829d44c2a tableID=0xc0003cc720 seatIndex=0xc000381b90
2025/11/08 14:46:50 INFO session removed token=b7c47115-1216-4d29-89a1-e05829d44c2a
2025/11/08 14:46:50 INFO session created token=7c928f98-1dac-4f0a-937d-ccbe1808170f name=User_31_11
2025/11/08 14:46:50 INFO session updated token=7c928f98-1dac-4f0a-937d-ccbe1808170f tableID=0xc0003cc770 seatIndex=0xc000381be0
2025/11/08 14:46:50 INFO session removed token=7c928f98-1dac-4f0a-937d-ccbe1808170f
2025/11/08 14:46:50 INFO session created token=16888b35-9ca8-4381-b277-9c502a8ec3c3 name=User_31_12
2025/11/08 14:46:50 INFO session updated token=16888b35-9ca8-4381-b277-9c502a8ec3c3 tableID=0xc0003cc7c0 seatIndex=0xc000381c30
2025/11/08 14:46:50 INFO session removed token=16888b35-9ca8-4381-b277-9c502a8ec3c3
2025/11/08 14:46:50 INFO session created token=a622aca5-3fe3-4da0-a6c6-e3142eec68a0 name=User_31_13
2025/11/08 14:46:50 INFO session updated token=a622aca5-3fe3-4da0-a6c6-e3142eec68a0 tableID=0xc0003cc810 seatIndex=0xc000381c80
2025/11/08 14:46:50 INFO session removed token=a622aca5-3fe3-4da0-a6c6-e3142eec68a0
2025/11/08 14:46:50 INFO session created token=5c1b6c75-25ac-46d9-b791-de7e1ca772e5 name=User_31_14
2025/11/08 14:46:50 INFO session updated token=5c1b6c75-25ac-46d9-b791-de7e1ca772e5 tableID=0xc0003cc860 seatIndex=0xc000381cd0
2025/11/08 14:46:50 INFO session removed token=5c1b6c75-25ac-46d9-b791-de7e1ca772e5
2025/11/08 14:46:50 INFO session created token=1f22ccfb-62e3-4ed6-8a01-a96ad38c48e1 name=User_31_15
2025/11/08 14:46:50 INFO session updated token=1f22ccfb-62e3-4ed6-8a01-a96ad38c48e1 tableID=0xc0003cc8b0 seatIndex=0xc000381d20
2025/11/08 14:46:50 INFO session removed token=1f22ccfb-62e3-4ed6-8a01-a96ad38c48e1
2025/11/08 14:46:50 INFO session created token=c11bd46c-87c5-469a-a51e-cc39e2b01057 name=User_31_16
2025/11/08 14:46:50 INFO session updated token=c11bd46c-87c5-469a-a51e-cc39e2b01057 tableID=0xc0003cc900 seatIndex=0xc000381d70
2025/11/08 14:46:50 INFO session removed token=c11bd46c-87c5-469a-a51e-cc39e2b01057
2025/11/08 14:46:50 INFO session created token=0d27b9e7-7ebb-4206-a25c-33644b07d591 name=User_31_17
2025/11/08 14:46:50 INFO session updated token=0d27b9e7-7ebb-4206-a25c-33644b07d591 tableID=0xc0003cc950 seatIndex=0xc000381dc0
2025/11/08 14:46:50 INFO session removed token=0d27b9e7-7ebb-4206-a25c-33644b07d591
2025/11/08 14:46:50 INFO session created token=cd4abda6-79ed-40bb-8f5c-82da0e13f6c8 name=User_31_18
2025/11/08 14:46:50 INFO session updated token=cd4abda6-79ed-40bb-8f5c-82da0e13f6c8 tableID=0xc0003cc9a0 seatIndex=0xc000381e10
2025/11/08 14:46:50 INFO session removed token=cd4abda6-79ed-40bb-8f5c-82da0e13f6c8
2025/11/08 14:46:50 INFO session created token=74de21f9-7283-4662-af24-4198e490996d name=User_31_19
2025/11/08 14:46:50 INFO session updated token=74de21f9-7283-4662-af24-4198e490996d tableID=0xc0003cc9f0 seatIndex=0xc000381e60
2025/11/08 14:46:50 INFO session removed token=74de21f9-7283-4662-af24-4198e490996d
2025/11/08 14:46:50 INFO session created token=917e812a-2bc3-4890-ba9f-b17fa7aaaf49 name=User_31_20
2025/11/08 14:46:50 INFO session updated token=917e812a-2bc3-4890-ba9f-b17fa7aaaf49 tableID=0xc0003cca40 seatIndex=0xc000381eb0
2025/11/08 14:46:50 INFO session removed token=917e812a-2bc3-4890-ba9f-b17fa7aaaf49
2025/11/08 14:46:50 INFO session created token=f3474a8a-7233-42bb-b40e-94dffe54715d name=User_31_21
2025/11/08 14:46:50 INFO session updated token=f3474a8a-7233-42bb-b40e-94dffe54715d tableID=0xc0003cca90 seatIndex=0xc000381f00
2025/11/08 14:46:50 INFO session removed token=f3474a8a-7233-42bb-b40e-94dffe54715d
2025/11/08 14:46:50 INFO session created token=065c9879-0151-444f-acd0-6009334cc10a name=User_31_22
2025/11/08 14:46:50 INFO session updated token=065c9879-0151-444f-acd0-6009334cc10a tableID=0xc0003ccae0 seatIndex=0xc000381f50
2025/11/08 14:46:50 INFO session removed token=065c9879-0151-444f-acd0-6009334cc10a
2025/11/08 14:46:50 INFO session created token=e0e7498a-3a5f-4d31-9564-3b06bcdb5978 name=User_31_23
2025/11/08 14:46:50 INFO session updated token=e0e7498a-3a5f-4d31-9564-3b06bcdb5978 tableID=0xc0003ccb30 seatIndex=0xc000381fa0
2025/11/08 14:46:50 INFO session removed token=e0e7498a-3a5f-4d31-9564-3b06bcdb5978
2025/11/08 14:46:50 INFO session created token=864e606c-e8e3-4b0d-9168-d51d4d03e178 name=User_31_24
2025/11/08 14:46:50 INFO session updated token=864e606c-e8e3-4b0d-9168-d51d4d03e178 tableID=0xc0003ccb80 seatIndex=0xc000381ff0
2025/11/08 14:46:50 INFO session removed token=864e606c-e8e3-4b0d-9168-d51d4d03e178
2025/11/08 14:46:50 INFO session created token=f3f7f17b-2a20-4e0b-bb6e-d670783eea54 name=User_31_25
2025/11/08 14:46:50 INFO session updated token=f3f7f17b-2a20-4e0b-bb6e-d670783eea54 tableID=0xc0003ccbd0 seatIndex=0xc0003ce040
2025/11/08 14:46:50 INFO session removed token=f3f7f17b-2a20-4e0b-bb6e-d670783eea54
2025/11/08 14:46:50 INFO session created token=2f2849bd-c4cc-4c5e-aa27-4138a9baa81a name=User_31_26
2025/11/08 14:46:50 INFO session updated token=2f2849bd-c4cc-4c5e-aa27-4138a9baa81a tableID=0xc0003ccc20 seatIndex=0xc0003ce090
2025/11/08 14:46:50 INFO session removed token=2f2849bd-c4cc-4c5e-aa27-4138a9baa81a
2025/11/08 14:46:50 INFO session created token=078c5061-d5d3-4a94-86a8-8c8564758579 name=User_31_27
2025/11/08 14:46:50 INFO session updated token=078c5061-d5d3-4a94-86a8-8c8564758579 tableID=0xc0003ccc70 seatIndex=0xc0003ce0e0
2025/11/08 14:46:50 INFO session removed token=078c5061-d5d3-4a94-86a8-8c8564758579
2025/11/08 14:46:50 INFO session created token=0a09a5e6-4850-4368-82a8-42580f22ff18 name=User_31_28
2025/11/08 14:46:50 INFO session updated token=0a09a5e6-4850-4368-82a8-42580f22ff18 tableID=0xc0003cccc0 seatIndex=0xc0003ce130
2025/11/08 14:46:50 INFO session removed token=0a09a5e6-4850-4368-82a8-42580f22ff18
2025/11/08 14:46:50 INFO session created token=8159cfd4-9f0e-4cff-b7b5-ffafe6b38bef name=User_31_29
2025/11/08 14:46:50 INFO session updated token=8159cfd4-9f0e-4cff-b7b5-ffafe6b38bef tableID=0xc0003ccd10 seatIndex=0xc0003ce180
2025/11/08 14:46:50 INFO session removed token=8159cfd4-9f0e-4cff-b7b5-ffafe6b38bef
2025/11/08 14:46:50 INFO session created token=c42768d7-a82f-4bf6-8031-f0e1a6c11e3f name=User_31_30
2025/11/08 14:46:50 INFO session updated token=c42768d7-a82f-4bf6-8031-f0e1a6c11e3f tableID=0xc0003ccd60 seatIndex=0xc0003ce1d0
2025/11/08 14:46:50 INFO session removed token=c42768d7-a82f-4bf6-8031-f0e1a6c11e3f
2025/11/08 14:46:50 INFO session created token=56f2fa5d-558b-4b27-8a83-bac875136dac name=User_31_31
2025/11/08 14:46:50 INFO session updated token=56f2fa5d-558b-4b27-8a83-bac875136dac tableID=0xc0003ccdb0 seatIndex=0xc0003ce220
2025/11/08 14:46:50 INFO session removed token=56f2fa5d-558b-4b27-8a83-bac875136dac
2025/11/08 14:46:50 INFO session created token=d2aa5dd3-8cc9-411b-904e-cf5aa9b4e8a1 name=User_31_32
2025/11/08 14:46:50 INFO session updated token=d2aa5dd3-8cc9-411b-904e-cf5aa9b4e8a1 tableID=0xc0003cce00 seatIndex=0xc0003ce270
2025/11/08 14:46:50 INFO session removed token=d2aa5dd3-8cc9-411b-904e-cf5aa9b4e8a1
2025/11/08 14:46:50 INFO session created token=fa3adecf-bb37-4d67-9a38-b812f931780d name=User_31_33
2025/11/08 14:46:50 INFO session updated token=fa3adecf-bb37-4d67-9a38-b812f931780d tableID=0xc0003cce50 seatIndex=0xc0003ce2c0
2025/11/08 14:46:50 INFO session removed token=fa3adecf-bb37-4d67-9a38-b812f931780d
2025/11/08 14:46:50 INFO session created token=83460f33-6d0a-4ca1-87ca-0251a228d40a name=User_31_34
2025/11/08 14:46:50 INFO session updated token=83460f33-6d0a-4ca1-87ca-0251a228d40a tableID=0xc0003ccea0 seatIndex=0xc0003ce310
2025/11/08 14:46:50 INFO session removed token=83460f33-6d0a-4ca1-87ca-0251a228d40a
2025/11/08 14:46:50 INFO session created token=22d1a5fe-fce0-4121-8b74-5d4aa9998484 name=User_31_35
2025/11/08 14:46:50 INFO session updated token=22d1a5fe-fce0-4121-8b74-5d4aa9998484 tableID=0xc0003ccef0 seatIndex=0xc0003ce360
2025/11/08 14:46:50 INFO session removed token=22d1a5fe-fce0-4121-8b74-5d4aa9998484
2025/11/08 14:46:50 INFO session created token=2c8047b6-beae-4ce6-9b61-fd0bc3ac0491 name=User_31_36
2025/11/08 14:46:50 INFO session updated token=2c8047b6-beae-4ce6-9b61-fd0bc3ac0491 tableID=0xc0003ccf40 seatIndex=0xc0003ce3b0
2025/11/08 14:46:50 INFO session removed token=2c8047b6-beae-4ce6-9b61-fd0bc3ac0491
2025/11/08 14:46:50 INFO session created token=4035fd70-19e1-43e1-9003-a220c9126ded name=User_31_37
2025/11/08 14:46:50 INFO session updated token=4035fd70-19e1-43e1-9003-a220c9126ded tableID=0xc0003ccf90 seatIndex=0xc0003ce400
2025/11/08 14:46:50 INFO session removed token=4035fd70-19e1-43e1-9003-a220c9126ded
2025/11/08 14:46:50 INFO session created token=5769720d-547e-4e05-93af-d3ac863d39b0 name=User_31_38
2025/11/08 14:46:50 INFO session updated token=5769720d-547e-4e05-93af-d3ac863d39b0 tableID=0xc0003ccfe0 seatIndex=0xc0003ce450
2025/11/08 14:46:50 INFO session removed token=5769720d-547e-4e05-93af-d3ac863d39b0
2025/11/08 14:46:50 INFO session created token=c536a27f-6e8e-478b-99c4-eb80bbdb39ed name=User_31_39
2025/11/08 14:46:50 INFO session updated token=c536a27f-6e8e-478b-99c4-eb80bbdb39ed tableID=0xc0003cd030 seatIndex=0xc0003ce4a0
2025/11/08 14:46:50 INFO session removed token=c536a27f-6e8e-478b-99c4-eb80bbdb39ed
2025/11/08 14:46:50 INFO session created token=914695fe-3132-44ed-b627-92413d98e4a0 name=User_31_40
2025/11/08 14:46:50 INFO session updated token=914695fe-3132-44ed-b627-92413d98e4a0 tableID=0xc0003cd080 seatIndex=0xc0003ce4f0
2025/11/08 14:46:50 INFO session removed token=914695fe-3132-44ed-b627-92413d98e4a0
2025/11/08 14:46:50 INFO session created token=747eb14e-e311-42f0-abf3-6f9552a0d108 name=User_31_41
2025/11/08 14:46:50 INFO session updated token=747eb14e-e311-42f0-abf3-6f9552a0d108 tableID=0xc0003cd0d0 seatIndex=0xc0003ce540
2025/11/08 14:46:50 INFO session removed token=747eb14e-e311-42f0-abf3-6f9552a0d108
2025/11/08 14:46:50 INFO session created token=2e77759a-d446-418b-93cc-eb1fd68648ad name=User_31_42
2025/11/08 14:46:50 INFO session updated token=2e77759a-d446-418b-93cc-eb1fd68648ad tableID=0xc0003cd120 seatIndex=0xc0003ce590
2025/11/08 14:46:50 INFO session removed token=2e77759a-d446-418b-93cc-eb1fd68648ad
2025/11/08 14:46:50 INFO session created token=fcb2ac19-16ea-414d-b3eb-6885cb9bff1e name=User_31_43
2025/11/08 14:46:50 INFO session updated token=fcb2ac19-16ea-414d-b3eb-6885cb9bff1e tableID=0xc0003cd170 seatIndex=0xc0003ce5e0
2025/11/08 14:46:50 INFO session removed token=fcb2ac19-16ea-414d-b3eb-6885cb9bff1e
2025/11/08 14:46:50 INFO session created token=b8ffda9a-4e55-47ef-a72c-d97439fcf75b name=User_31_44
2025/11/08 14:46:50 INFO session updated token=b8ffda9a-4e55-47ef-a72c-d97439fcf75b tableID=0xc0003cd1c0 seatIndex=0xc0003ce630
2025/11/08 14:46:50 INFO session removed token=b8ffda9a-4e55-47ef-a72c-d97439fcf75b
2025/11/08 14:46:50 INFO session created token=5b9e6c60-26ec-495b-9772-ddd3d934935f name=User_31_45
2025/11/08 14:46:50 INFO session updated token=5b9e6c60-26ec-495b-9772-ddd3d934935f tableID=0xc0003cd210 seatIndex=0xc0003ce680
2025/11/08 14:46:50 INFO session removed token=5b9e6c60-26ec-495b-9772-ddd3d934935f
2025/11/08 14:46:50 INFO session created token=c91baa0b-a0ab-430e-bf47-c7d2909b5b29 name=User_31_46
2025/11/08 14:46:50 INFO session updated token=c91baa0b-a0ab-430e-bf47-c7d2909b5b29 tableID=0xc0003cd260 seatIndex=0xc0003ce6d0
2025/11/08 14:46:50 INFO session removed token=c91baa0b-a0ab-430e-bf47-c7d2909b5b29
2025/11/08 14:46:50 INFO session created token=e1a203ce-a0fb-4f6d-b69c-0c141de31864 name=User_31_47
2025/11/08 14:46:50 INFO session updated token=e1a203ce-a0fb-4f6d-b69c-0c141de31864 tableID=0xc0003cd2b0 seatIndex=0xc0003ce720
2025/11/08 14:46:50 INFO session removed token=e1a203ce-a0fb-4f6d-b69c-0c141de31864
2025/11/08 14:46:50 INFO session created token=cd721c54-b8a6-422f-847b-fd4e57064e0c name=User_31_48
2025/11/08 14:46:50 INFO session updated token=cd721c54-b8a6-422f-847b-fd4e57064e0c tableID=0xc0003cd300 seatIndex=0xc0003ce770
2025/11/08 14:46:50 INFO session removed token=cd721c54-b8a6-422f-847b-fd4e57064e0c
2025/11/08 14:46:50 INFO session created token=40acb1d9-284b-4cea-9dab-e36fafb66ce7 name=User_31_49
2025/11/08 14:46:50 INFO session updated token=40acb1d9-284b-4cea-9dab-e36fafb66ce7 tableID=0xc0003cd350 seatIndex=0xc0003ce7c0
2025/11/08 14:46:50 INFO session removed token=40acb1d9-284b-4cea-9dab-e36fafb66ce7
2025/11/08 14:46:50 INFO session created token=2670c025-0787-40c9-9756-3eb91806a9f7 name=User_31_50
2025/11/08 14:46:50 INFO session updated token=2670c025-0787-40c9-9756-3eb91806a9f7 tableID=0xc0003cd3a0 seatIndex=0xc0003ce810
2025/11/08 14:46:50 INFO session removed token=2670c025-0787-40c9-9756-3eb91806a9f7
2025/11/08 14:46:50 INFO session created token=f2b546fd-2ade-4c1c-b28c-01d1157c4a95 name=User_31_51
2025/11/08 14:46:50 INFO session updated token=f2b546fd-2ade-4c1c-b28c-01d1157c4a95 tableID=0xc0003cd3f0 seatIndex=0xc0003ce860
2025/11/08 14:46:50 INFO session removed token=f2b546fd-2ade-4c1c-b28c-01d1157c4a95
2025/11/08 14:46:50 INFO session created token=163cb9b7-09e6-4125-8e9a-ef41d7b8db2e name=User_31_52
2025/11/08 14:46:50 INFO session updated token=163cb9b7-09e6-4125-8e9a-ef41d7b8db2e tableID=0xc0003cd440 seatIndex=0xc0003ce8b0
2025/11/08 14:46:50 INFO session removed token=163cb9b7-09e6-4125-8e9a-ef41d7b8db2e
2025/11/08 14:46:50 INFO session created token=5a25c6cc-7ca2-41a9-81ea-b97bf3c57072 name=User_31_53
2025/11/08 14:46:50 INFO session updated token=5a25c6cc-7ca2-41a9-81ea-b97bf3c57072 tableID=0xc0003cd490 seatIndex=0xc0003ce900
2025/11/08 14:46:50 INFO session removed token=5a25c6cc-7ca2-41a9-81ea-b97bf3c57072
2025/11/08 14:46:50 INFO session created token=4d5e3c01-f3ce-4238-b54c-acef7379ea5c name=User_31_54
2025/11/08 14:46:50 INFO session updated token=4d5e3c01-f3ce-4238-b54c-acef7379ea5c tableID=0xc0003cd4e0 seatIndex=0xc0003ce950
2025/11/08 14:46:50 INFO session removed token=4d5e3c01-f3ce-4238-b54c-acef7379ea5c
2025/11/08 14:46:50 INFO session created token=c4073286-c9f4-428d-9c68-cd34d05c5a6c name=User_31_55
2025/11/08 14:46:50 INFO session updated token=c4073286-c9f4-428d-9c68-cd34d05c5a6c tableID=0xc0003cd530 seatIndex=0xc0003ce9a0
2025/11/08 14:46:50 INFO session removed token=c4073286-c9f4-428d-9c68-cd34d05c5a6c
2025/11/08 14:46:50 INFO session created token=3ee5c5f1-dff2-48f1-9b34-b5523d9acb98 name=User_31_56
2025/11/08 14:46:50 INFO session updated token=3ee5c5f1-dff2-48f1-9b34-b5523d9acb98 tableID=0xc0003cd580 seatIndex=0xc0003ce9f0
2025/11/08 14:46:50 INFO session removed token=3ee5c5f1-dff2-48f1-9b34-b5523d9acb98
2025/11/08 14:46:50 INFO session created token=8faa4e96-ef6c-4f57-aa23-d8666cc95301 name=User_31_57
2025/11/08 14:46:50 INFO session updated token=8faa4e96-ef6c-4f57-aa23-d8666cc95301 tableID=0xc0003cd5d0 seatIndex=0xc0003cea40
2025/11/08 14:46:50 INFO session removed token=8faa4e96-ef6c-4f57-aa23-d8666cc95301
2025/11/08 14:46:50 INFO session created token=e09b9920-e9fa-4dea-a4e0-dcf2d5a4f455 name=User_31_58
2025/11/08 14:46:50 INFO session updated token=e09b9920-e9fa-4dea-a4e0-dcf2d5a4f455 tableID=0xc0003cd620 seatIndex=0xc0003cea90
2025/11/08 14:46:50 INFO session removed token=e09b9920-e9fa-4dea-a4e0-dcf2d5a4f455
2025/11/08 14:46:50 INFO session created token=6a472c49-1828-4d67-8f72-4737f0cb269c name=User_31_59
2025/11/08 14:46:50 INFO session updated token=6a472c49-1828-4d67-8f72-4737f0cb269c tableID=0xc0003cd670 seatIndex=0xc0003ceae0
2025/11/08 14:46:50 INFO session removed token=6a472c49-1828-4d67-8f72-4737f0cb269c
2025/11/08 14:46:50 INFO session created token=ffa7c865-5f9a-4408-ba6d-0b63a473fc11 name=User_31_60
2025/11/08 14:46:50 INFO session updated token=ffa7c865-5f9a-4408-ba6d-0b63a473fc11 tableID=0xc0003cd6c0 seatIndex=0xc0003ceb30
2025/11/08 14:46:50 INFO session removed token=ffa7c865-5f9a-4408-ba6d-0b63a473fc11
2025/11/08 14:46:50 INFO session created token=a5937792-6ef0-4926-a52d-442515ec3dd7 name=User_31_61
2025/11/08 14:46:50 INFO session updated token=a5937792-6ef0-4926-a52d-442515ec3dd7 tableID=0xc0003cd710 seatIndex=0xc0003ceb80
2025/11/08 14:46:50 INFO session removed token=a5937792-6ef0-4926-a52d-442515ec3dd7
2025/11/08 14:46:50 INFO session created token=5deee97f-ffb0-4c02-86a5-582360dff78c name=User_31_62
2025/11/08 14:46:50 INFO session updated token=5deee97f-ffb0-4c02-86a5-582360dff78c tableID=0xc0003cd760 seatIndex=0xc0003cebd0
2025/11/08 14:46:50 INFO session removed token=5deee97f-ffb0-4c02-86a5-582360dff78c
2025/11/08 14:46:50 INFO session created token=3c600038-9a74-4b74-b6bf-b6d727440c7f name=User_31_63
2025/11/08 14:46:50 INFO session updated token=3c600038-9a74-4b74-b6bf-b6d727440c7f tableID=0xc0003cd7b0 seatIndex=0xc0003cec20
2025/11/08 14:46:50 INFO session removed token=3c600038-9a74-4b74-b6bf-b6d727440c7f
2025/11/08 14:46:50 INFO session created token=ea338fcc-11a4-4c6f-a161-7670485d4be5 name=User_31_64
2025/11/08 14:46:50 INFO session updated token=ea338fcc-11a4-4c6f-a161-7670485d4be5 tableID=0xc0003cd800 seatIndex=0xc0003cec70
2025/11/08 14:46:50 INFO session removed token=ea338fcc-11a4-4c6f-a161-7670485d4be5
2025/11/08 14:46:50 INFO session created token=2c1eba18-69a0-42a2-ab49-977ffd19bb46 name=User_31_65
2025/11/08 14:46:50 INFO session updated token=2c1eba18-69a0-42a2-ab49-977ffd19bb46 tableID=0xc0003cd850 seatIndex=0xc0003cecc0
2025/11/08 14:46:50 INFO session removed token=2c1eba18-69a0-42a2-ab49-977ffd19bb46
2025/11/08 14:46:50 INFO session created token=40a6102e-e545-4dab-84b9-ebe07da57929 name=User_31_66
2025/11/08 14:46:50 INFO session updated token=40a6102e-e545-4dab-84b9-ebe07da57929 tableID=0xc0003cd8a0 seatIndex=0xc0003ced10
2025/11/08 14:46:50 INFO session removed token=40a6102e-e545-4dab-84b9-ebe07da57929
2025/11/08 14:46:50 INFO session created token=3fba3cf9-ad40-478b-a36d-2ac152c646ff name=User_31_67
2025/11/08 14:46:50 INFO session updated token=3fba3cf9-ad40-478b-a36d-2ac152c646ff tableID=0xc0003cd8f0 seatIndex=0xc0003ced60
2025/11/08 14:46:50 INFO session removed token=3fba3cf9-ad40-478b-a36d-2ac152c646ff
2025/11/08 14:46:50 INFO session created token=9706ddf5-02c9-4b29-b71a-2d2787d4be1f name=User_31_68
2025/11/08 14:46:50 INFO session updated token=9706ddf5-02c9-4b29-b71a-2d2787d4be1f tableID=0xc0003cd940 seatIndex=0xc0003cedb0
2025/11/08 14:46:50 INFO session removed token=9706ddf5-02c9-4b29-b71a-2d2787d4be1f
2025/11/08 14:46:50 INFO session created token=ba3c6ba3-f525-47c7-90c0-b7954c66e4c2 name=User_31_69
2025/11/08 14:46:50 INFO session updated token=ba3c6ba3-f525-47c7-90c0-b7954c66e4c2 tableID=0xc0003cd990 seatIndex=0xc0003cee00
2025/11/08 14:46:50 INFO session removed token=ba3c6ba3-f525-47c7-90c0-b7954c66e4c2
2025/11/08 14:46:50 INFO session created token=51f74695-2616-4744-bc97-5e8d18742798 name=User_31_70
2025/11/08 14:46:50 INFO session updated token=51f74695-2616-4744-bc97-5e8d18742798 tableID=0xc0003cd9e0 seatIndex=0xc0003cee50
2025/11/08 14:46:50 INFO session removed token=51f74695-2616-4744-bc97-5e8d18742798
2025/11/08 14:46:50 INFO session created token=d5de1214-f1b0-4318-a9c4-75cfd74e4e76 name=User_31_71
2025/11/08 14:46:50 INFO session updated token=d5de1214-f1b0-4318-a9c4-75cfd74e4e76 tableID=0xc0003cda30 seatIndex=0xc0003ceea0
2025/11/08 14:46:50 INFO session removed token=d5de1214-f1b0-4318-a9c4-75cfd74e4e76
2025/11/08 14:46:50 INFO session created token=907b5d76-0e61-4dee-bdfc-f85ccfe344fb name=User_31_72
2025/11/08 14:46:50 INFO session updated token=907b5d76-0e61-4dee-bdfc-f85ccfe344fb tableID=0xc0003cda80 seatIndex=0xc0003ceef0
2025/11/08 14:46:50 INFO session removed token=907b5d76-0e61-4dee-bdfc-f85ccfe344fb
2025/11/08 14:46:50 INFO session created token=797d5877-2c52-4dbc-9dab-0c949095181c name=User_31_73
2025/11/08 14:46:50 INFO session updated token=797d5877-2c52-4dbc-9dab-0c949095181c tableID=0xc0003cdad0 seatIndex=0xc0003cef40
2025/11/08 14:46:50 INFO session removed token=797d5877-2c52-4dbc-9dab-0c949095181c
2025/11/08 14:46:50 INFO session created token=916d50c6-5717-4b8c-b566-440314cf3fb2 name=User_31_74
2025/11/08 14:46:50 INFO session updated token=916d50c6-5717-4b8c-b566-440314cf3fb2 tableID=0xc0003cdb20 seatIndex=0xc0003cef90
2025/11/08 14:46:50 INFO session removed token=916d50c6-5717-4b8c-b566-440314cf3fb2
2025/11/08 14:46:50 INFO session created token=929f7c97-ca9f-49d9-b319-2115c0a2c1c3 name=User_31_75
2025/11/08 14:46:50 INFO session updated token=929f7c97-ca9f-49d9-b319-2115c0a2c1c3 tableID=0xc0003cdb70 seatIndex=0xc0003cefe0
2025/11/08 14:46:50 INFO session removed token=929f7c97-ca9f-49d9-b319-2115c0a2c1c3
2025/11/08 14:46:50 INFO session created token=54d3964b-48c6-489d-bc79-dfbc95b57bcc name=User_31_76
2025/11/08 14:46:50 INFO session updated token=54d3964b-48c6-489d-bc79-dfbc95b57bcc tableID=0xc0003cdbc0 seatIndex=0xc0003cf030
2025/11/08 14:46:50 INFO session removed token=54d3964b-48c6-489d-bc79-dfbc95b57bcc
2025/11/08 14:46:50 INFO session created token=7d11977a-ac10-45bb-b7f7-8a14a9d305ce name=User_31_77
2025/11/08 14:46:50 INFO session updated token=7d11977a-ac10-45bb-b7f7-8a14a9d305ce tableID=0xc0003cdc10 seatIndex=0xc0003cf080
2025/11/08 14:46:50 INFO session removed token=7d11977a-ac10-45bb-b7f7-8a14a9d305ce
2025/11/08 14:46:50 INFO session created token=29d8fef8-d7cf-48c2-977a-29dead0b4174 name=User_31_78
2025/11/08 14:46:50 INFO session updated token=29d8fef8-d7cf-48c2-977a-29dead0b4174 tableID=0xc0003cdc60 seatIndex=0xc0003cf0d0
2025/11/08 14:46:50 INFO session removed token=29d8fef8-d7cf-48c2-977a-29dead0b4174
2025/11/08 14:46:50 INFO session created token=7dcdddfd-2d3e-4cec-aeb9-d4ed061e4f1d name=User_31_79
2025/11/08 14:46:50 INFO session updated token=7dcdddfd-2d3e-4cec-aeb9-d4ed061e4f1d tableID=0xc0003cdcb0 seatIndex=0xc0003cf120
2025/11/08 14:46:50 INFO session removed token=7dcdddfd-2d3e-4cec-aeb9-d4ed061e4f1d
2025/11/08 14:46:50 INFO session created token=3f3933a6-1ec8-4b4f-a1ea-7ce31c4cda24 name=User_31_80
2025/11/08 14:46:50 INFO session updated token=3f3933a6-1ec8-4b4f-a1ea-7ce31c4cda24 tableID=0xc0003cdd00 seatIndex=0xc0003cf170
2025/11/08 14:46:50 INFO session removed token=3f3933a6-1ec8-4b4f-a1ea-7ce31c4cda24
2025/11/08 14:46:50 INFO session created token=536b7879-8d68-4888-b8fd-4dea0235477a name=User_31_81
2025/11/08 14:46:50 INFO session updated token=536b7879-8d68-4888-b8fd-4dea0235477a tableID=0xc0003cdd50 seatIndex=0xc0003cf1c0
2025/11/08 14:46:50 INFO session removed token=536b7879-8d68-4888-b8fd-4dea0235477a
2025/11/08 14:46:50 INFO session created token=e3901903-40c9-4a8d-a77e-1bc6f4a7454f name=User_31_82
2025/11/08 14:46:50 INFO session updated token=e3901903-40c9-4a8d-a77e-1bc6f4a7454f tableID=0xc0003cdda0 seatIndex=0xc0003cf210
2025/11/08 14:46:50 INFO session removed token=e3901903-40c9-4a8d-a77e-1bc6f4a7454f
2025/11/08 14:46:50 INFO session created token=7f99cf1e-9c2d-4060-bc5f-2cc2ac85d63e name=User_72_1
2025/11/08 14:46:50 INFO session created token=bfe55a15-3df3-4e29-8f9f-dda82930769d name=User_13_1
2025/11/08 14:46:50 INFO session created token=5fd1c775-fd5d-49a8-af64-19ba255bc080 name=User_31_83
2025/11/08 14:46:50 INFO session created token=8b5033b8-6a7d-42ab-a54c-61862135a3d7 name=User_50_1
2025/11/08 14:46:50 INFO session created token=0a5ff0fe-6bdf-4b6e-b231-cf53ea8674f5 name=User_64_1
2025/11/08 14:46:50 INFO session created token=cfa123bf-2a6c-41c6-9cdc-7d653d96cc63 name=User_12_1
2025/11/08 14:46:50 INFO session updated token=bfe55a15-3df3-4e29-8f9f-dda82930769d tableID=0xc0006005d0 seatIndex=0xc0006043a0
2025/11/08 14:46:50 INFO session removed token=bfe55a15-3df3-4e29-8f9f-dda82930769d
2025/11/08 14:46:50 INFO session created token=292835d0-7a6b-4a19-9433-9a6ae1a5a6e0 name=User_52_2
2025/11/08 14:46:50 INFO session created token=b803f386-9600-4afd-84ed-3131c7a8a35e name=User_44_1
2025/11/08 14:46:50 INFO session created token=23d7cfde-19cf-4996-97ef-3cbeebcf0706 name=User_70_1
2025/11/08 14:46:50 INFO session created token=96c400ca-2e65-45bc-aed9-fdc2537acce1 name=User_32_2
2025/11/08 14:46:50 INFO session created token=3250f4e9-9d86-49ce-ab38-17b42529c959 name=User_13_2
2025/11/08 14:46:50 INFO session updated token=23d7cfde-19cf-4996-97ef-3cbeebcf0706 tableID=0xc0003cde60 seatIndex=0xc0003cf2f0
2025/11/08 14:46:50 INFO session created token=a414330e-c715-4145-b777-34cd8b0286d7 name=User_9_1
2025/11/08 14:46:50 INFO session removed token=23d7cfde-19cf-4996-97ef-3cbeebcf0706
2025/11/08 14:46:50 INFO session created token=9a7cd89a-c082-4135-8f5e-6e952d48a829 name=User_3_1
2025/11/08 14:46:50 INFO session created token=8c979498-a06c-4ef9-824f-88b5b8b20ec7 name=User_27_1
2025/11/08 14:46:50 INFO session created token=2b3187f5-7257-4405-ae63-100c66f9676b name=User_70_2
2025/11/08 14:46:50 INFO session removed token=a7e2acb0-f128-4a6e-96d8-60a9fef1686e
2025/11/08 14:46:50 INFO session created token=47c3c0da-6883-45dc-9ef8-6d547436ed6d name=User_69_2
2025/11/08 14:46:50 INFO session updated token=47c3c0da-6883-45dc-9ef8-6d547436ed6d tableID=0xc00059a3b0 seatIndex=0xc000592290
2025/11/08 14:46:50 INFO session removed token=47c3c0da-6883-45dc-9ef8-6d547436ed6d
2025/11/08 14:46:50 INFO session updated token=96c400ca-2e65-45bc-aed9-fdc2537acce1 tableID=0xc0003cde70 seatIndex=0xc0003cf300
2025/11/08 14:46:50 INFO session removed token=96c400ca-2e65-45bc-aed9-fdc2537acce1
2025/11/08 14:46:50 INFO session created token=3842af54-55bf-4062-94d2-1a24a53be5b1 name=User_32_3
2025/11/08 14:46:50 INFO session updated token=3842af54-55bf-4062-94d2-1a24a53be5b1 tableID=0xc000600650 seatIndex=0xc000604400
2025/11/08 14:46:50 INFO session removed token=3842af54-55bf-4062-94d2-1a24a53be5b1
2025/11/08 14:46:50 INFO session created token=2ad33f86-c240-4a3a-bef7-367ca8217232 name=User_32_4
2025/11/08 14:46:50 INFO session updated token=2ad33f86-c240-4a3a-bef7-367ca8217232 tableID=0xc0006006a0 seatIndex=0xc000604450
2025/11/08 14:46:50 INFO session removed token=2ad33f86-c240-4a3a-bef7-367ca8217232
2025/11/08 14:46:50 INFO session created token=d375de13-9cb2-44ce-a69a-c00c2676ff50 name=User_32_5
2025/11/08 14:46:50 INFO session updated token=d375de13-9cb2-44ce-a69a-c00c2676ff50 tableID=0xc0006006f0 seatIndex=0xc0006044a0
2025/11/08 14:46:50 INFO session removed token=d375de13-9cb2-44ce-a69a-c00c2676ff50
2025/11/08 14:46:50 INFO session created token=bb4b3b8a-0164-42bb-a58c-67e420689900 name=User_32_6
2025/11/08 14:46:50 INFO session updated token=5fd1c775-fd5d-49a8-af64-19ba255bc080 tableID=0xc0003cddf0 seatIndex=0xc0003cf260
2025/11/08 14:46:50 INFO session removed token=5fd1c775-fd5d-49a8-af64-19ba255bc080
2025/11/08 14:46:50 INFO session updated token=85a05462-1997-4cac-b719-7b3a8d20a127 tableID=0xc0003035c0 seatIndex=0xc000306e98
2025/11/08 14:46:50 INFO session updated token=d496a8e4-bfaf-41bd-a4f1-0a2eae6aca5f tableID=0xc0003035f0 seatIndex=0xc000306ea8
2025/11/08 14:46:50 INFO session created token=797bcb51-dacc-4fa4-8beb-c932c7ff495a name=User_24_1
2025/11/08 14:46:50 INFO session updated token=ca139b27-a06b-472a-a7c4-d89eefcaa12f tableID=0xc000303620 seatIndex=0xc000306eb8
2025/11/08 14:46:50 INFO session created token=1d525000-32a2-41ff-9eb3-afdb98f6a58c name=User_54_1
2025/11/08 14:46:50 INFO session created token=55d7353b-c5ed-4329-a5ca-ff258cd81507 name=User_14_1
2025/11/08 14:46:50 INFO session created token=8a7ef34e-3e00-4d53-913b-bd8d66bf8f47 name=User_65_1
2025/11/08 14:46:50 INFO session updated token=51e98a13-9158-4ba7-a424-786e8a021697 tableID=0xc000124cd0 seatIndex=0xc000129018
2025/11/08 14:46:50 INFO session updated token=8c045dd7-ff66-4dc5-b43c-b98b82627ae4 tableID=0xc00051a2f0 seatIndex=0xc0005121f8
2025/11/08 14:46:50 INFO session removed token=1e443fb7-c34e-4fde-ac49-0282518fe654
2025/11/08 14:46:50 INFO session created token=90dcb172-7c59-4793-9ca8-eeabc8ebb131 name=User_26_3
2025/11/08 14:46:50 INFO session updated token=013adedb-2315-43ea-a819-15161b2a12e6 tableID=0xc000124ce0 seatIndex=0xc000129028
2025/11/08 14:46:50 INFO session created token=df78fa60-0b37-4aa9-885f-ebb7caa7c2bf name=User_95_1
2025/11/08 14:46:50 INFO session updated token=a95e2558-028c-4dbf-8801-a636f77dc07a tableID=0xc00051a320 seatIndex=0xc000512220
2025/11/08 14:46:50 INFO session created token=1a42477f-a50b-4068-a156-e351cc9de856 name=User_96_1
2025/11/08 14:46:50 INFO session updated token=86382982-b5ed-4467-8b3b-01b87c9545bb tableID=0xc00051a330 seatIndex=0xc000512230
2025/11/08 14:46:50 INFO session updated token=98b99aa0-6a97-4d98-96b0-be453049d772 tableID=0xc000303480 seatIndex=0xc000306d90
2025/11/08 14:46:50 INFO session removed token=ce58093c-47ae-4c00-8905-3951f353935b
2025/11/08 14:46:50 INFO session updated token=ad0a2b3f-7353-47c5-a996-0ab549e74d17 tableID=0xc000124d60 seatIndex=0xc000129060
2025/11/08 14:46:50 INFO session updated token=89816ceb-d10c-454b-af7a-302898fda6a8 tableID=0xc0003036b0 seatIndex=0xc000306f20
2025/11/08 14:46:50 INFO session updated token=1f5448f2-bbb0-4320-bdce-4feeba2aeccc tableID=0xc000124d70 seatIndex=0xc000129070
2025/11/08 14:46:50 INFO session removed token=ac00ae59-3656-4ec8-ab0c-7f687f7e2427
2025/11/08 14:46:50 INFO session removed token=dd78cc23-b38c-4e83-9747-2fff0241e333
2025/11/08 14:46:50 INFO session removed token=83a481dc-a66a-4738-8c6a-0090a025c500
2025/11/08 14:46:50 INFO session removed token=d4c1ad1b-c066-4dfe-abbc-1c254791c9dc
2025/11/08 14:46:50 INFO session removed token=0bfe66db-3d3c-49d2-bd4e-12a6b60ceff6
2025/11/08 14:46:50 INFO session removed token=bdcc6497-8e41-422e-907e-317131e7edc0
2025/11/08 14:46:50 INFO session removed token=8127363a-f11d-4249-8bae-8ef266311bf4
2025/11/08 14:46:50 INFO session removed token=1120bced-45e6-4388-a725-d03cfdd91459
2025/11/08 14:46:50 INFO session removed token=bbf13b28-a316-4c37-a677-314d2b820b20
2025/11/08 14:46:50 INFO session removed token=6e235026-9b80-49a8-8887-324a12cd6842
2025/11/08 14:46:50 INFO session removed token=1128cd09-ac35-4720-8e82-5a5f07e9d03f
2025/11/08 14:46:50 INFO session removed token=f39024f6-7cbd-4e35-b288-28a241afd2bf
2025/11/08 14:46:50 INFO session removed token=1518cc40-b12b-4de4-b147-5c1638f7c3ff
2025/11/08 14:46:50 INFO session updated token=ca6e2c7a-cc1f-4f0f-ab29-8bbc64a574b1 tableID=0xc000303740 seatIndex=0xc000306f30
2025/11/08 14:46:50 INFO session created token=37f72119-2e90-4071-8ace-02d3583cfc7f name=User_89_4
2025/11/08 14:46:50 INFO session updated token=0d0150d1-e91b-452f-900d-530bcf081dea tableID=0xc000303750 seatIndex=0xc000306f40
2025/11/08 14:46:50 INFO session updated token=69e4fc4b-08e7-4db0-a5ce-7113ba5f27fc tableID=0xc000124db0 seatIndex=0xc0001290a0
2025/11/08 14:46:50 INFO session updated token=91db926f-3270-47f2-9951-7c86188ead31 tableID=0xc000303780 seatIndex=0xc000306f50
2025/11/08 14:46:50 INFO session updated token=cd3da1c9-eb8e-4e50-ab83-8fb3ac26dde8 tableID=0xc00051a3c0 seatIndex=0xc000512278
2025/11/08 14:46:50 INFO session updated token=8bb6c54a-f506-4ede-81c2-ec7ccda026ee tableID=0xc000124de0 seatIndex=0xc0001290b0
2025/11/08 14:46:50 INFO session removed token=4b91b56e-6eab-4469-82fb-9b197407a0c2
2025/11/08 14:46:50 INFO session updated token=667e858f-230e-4f4a-a43c-f808db947f66 tableID=0xc00051a410 seatIndex=0xc000512288
2025/11/08 14:46:50 INFO session updated token=5d563aa8-9e6c-44f6-919d-30bd97a5f695 tableID=0xc00051a420 seatIndex=0xc000512298
2025/11/08 14:46:50 INFO session updated token=f8aa9a6f-82a3-4be0-832b-dfb10f0bd745 tableID=0xc0003037d0 seatIndex=0xc000306f60
2025/11/08 14:46:50 INFO session updated token=7551e235-218b-44ae-a461-a6fa838979ab tableID=0xc000124e20 seatIndex=0xc0001290c0
2025/11/08 14:46:50 INFO session updated token=1accd57e-f8fd-49f0-aa74-deef660d4918 tableID=0xc00051a430 seatIndex=0xc0005122a8
2025/11/08 14:46:50 INFO session updated token=99731a34-fc2c-4cfa-9c21-20433d4940e6 tableID=0xc000124e30 seatIndex=0xc0001290d0
2025/11/08 14:46:50 INFO session updated token=c32bf13c-1553-41fa-ac1d-02964b08eeaa tableID=0xc000303800 seatIndex=0xc000306f70
2025/11/08 14:46:50 INFO session updated token=0a99a2f9-987e-428f-8d51-d0d47d5fd965 tableID=0xc00051a440 seatIndex=0xc0005122b8
2025/11/08 14:46:50 INFO session updated token=61058ec3-6a99-45c1-b117-daa2682b2979 tableID=0xc000303810 seatIndex=0xc000306f80
2025/11/08 14:46:50 INFO session updated token=4b54a20e-e0f7-4930-9e38-7ee70aef3aac tableID=0xc000303820 seatIndex=0xc000306f90
2025/11/08 14:46:50 INFO session updated token=7f8ef858-809e-4731-af3f-fc9994339a44 tableID=0xc000124e40 seatIndex=0xc0001290e0
2025/11/08 14:46:50 INFO session updated token=b7a2d3db-df45-471d-a327-76d893b7f697 tableID=0xc000303830 seatIndex=0xc000306fa0
2025/11/08 14:46:50 INFO session updated token=4138efc0-03c6-46c4-8e1c-b91bdee7a106 tableID=0xc00051a470 seatIndex=0xc0005122c8
2025/11/08 14:46:50 INFO session updated token=227e6ccd-9d80-4e9f-8dda-36cbe93c2fb6 tableID=0xc000124e50 seatIndex=0xc0001290f0
2025/11/08 14:46:50 INFO session updated token=2a2ef555-6241-407a-8ca7-37d5ebf8b973 tableID=0xc000303840 seatIndex=0xc000306fb0
2025/11/08 14:46:50 INFO session updated token=3d689599-9e7a-463c-b54f-99032b8e75ef tableID=0xc00051a480 seatIndex=0xc0005122d8
2025/11/08 14:46:50 INFO session updated token=a6e54dfb-05fc-406a-bcf8-02d1b6720072 tableID=0xc000124e60 seatIndex=0xc000129100
2025/11/08 14:46:50 INFO session updated token=7d763139-794f-4686-8383-cb25d55e677d tableID=0xc000303890 seatIndex=0xc000306fc0
2025/11/08 14:46:50 INFO session created token=5b27176a-3f52-4bcb-a7df-74ebc49c34bd name=User_79_2
2025/11/08 14:46:50 INFO session updated token=60a4d8ef-ea3e-439a-84dd-5e452a8ef294 tableID=0xc0003038a0 seatIndex=0xc000306fd0
2025/11/08 14:46:50 INFO session removed token=4f749512-fe42-4e23-8010-9221df50ae63
2025/11/08 14:46:50 INFO session updated token=ac8bcf98-91c6-4ee4-a900-50f4444ae377 tableID=0xc00051a4c0 seatIndex=0xc000512308
2025/11/08 14:46:50 INFO session updated token=806dc12d-baea-452a-9884-076b0b4e0782 tableID=0xc00051a4e0 seatIndex=0xc000512318
2025/11/08 14:46:50 INFO session updated token=219cd0b9-243a-454b-87ad-71fe086a94f7 tableID=0xc0003cc440 seatIndex=0xc0003818a0
2025/11/08 14:46:50 INFO session created token=a4671b61-17a0-4a6c-9a5b-ba11488ac875 name=User_40_1
2025/11/08 14:46:50 INFO session updated token=49416cf8-de8c-4222-b3bf-cafbdebdb359 tableID=0xc000124ed0 seatIndex=0xc000129130
2025/11/08 14:46:50 INFO session updated token=2f7d3d78-3467-4b4c-9b9f-16cc62169197 tableID=0xc000124ee0 seatIndex=0xc000129140
2025/11/08 14:46:50 INFO session updated token=ce43b84e-738b-4517-b821-12113eb16fcf tableID=0xc0003cc480 seatIndex=0xc0003818d0
2025/11/08 14:46:50 INFO session updated token=a883976d-95ee-41d6-bbef-ade39fc9a3d0 tableID=0xc00051a550 seatIndex=0xc000512348
2025/11/08 14:46:50 INFO session updated token=2d1e018d-2e0a-45c7-b588-28c860e96739 tableID=0xc0003cc490 seatIndex=0xc0003818e0
2025/11/08 14:46:50 INFO session removed token=316585f2-f7e3-4b82-98c8-f6fb8d07d1f0
2025/11/08 14:46:50 INFO session updated token=ff44fd86-e4c7-4a63-8d57-80526ec14edf tableID=0xc0003cc4a0 seatIndex=0xc0003818f0
2025/11/08 14:46:50 INFO session updated token=7c810a2f-c37a-4a6a-bf9a-a491dbcbb3a9 tableID=0xc0003cc4b0 seatIndex=0xc000381900
2025/11/08 14:46:50 INFO session updated token=8d6c5b4f-b804-4827-a1dc-fafd00bbcd6b tableID=0xc0003cc4d0 seatIndex=0xc000381930
2025/11/08 14:46:50 INFO session updated token=dbceda27-be2c-42d6-b76f-4f9733955cb7 tableID=0xc0003cc4e0 seatIndex=0xc000381940
2025/11/08 14:46:50 INFO session updated token=4cd5357c-9830-460f-9c8a-086146271a3c tableID=0xc0003cc4f0 seatIndex=0xc000381950
2025/11/08 14:46:50 INFO session removed token=0df0dfb9-b425-46d6-ba21-130c2d9cb36e
2025/11/08 14:46:50 INFO session removed token=cd8a2ee0-f100-446b-b8dc-b1add3a43745
2025/11/08 14:46:50 INFO session created token=37f51305-dd9c-4737-85ce-b4c7db714cf6 name=User_67_1
2025/11/08 14:46:50 INFO session removed token=31b62368-f3c5-4f4a-9672-d8a7292c2a4e
2025/11/08 14:46:50 INFO session removed token=2c6a1a77-0368-4ceb-b2f4-688b881be631
2025/11/08 14:46:50 INFO session updated token=88e59f81-65c7-44d5-aff5-522ca2165a12 tableID=0xc00051a2b0 seatIndex=0xc000512148
2025/11/08 14:46:50 INFO session removed token=b599da71-c42b-45bf-9c10-c4d83fae9014
2025/11/08 14:46:50 INFO session updated token=7f99cf1e-9c2d-4060-bc5f-2cc2ac85d63e tableID=0xc0003cde10 seatIndex=0xc0003cf290
2025/11/08 14:46:50 INFO session updated token=8b5033b8-6a7d-42ab-a54c-61862135a3d7 tableID=0xc0003cde20 seatIndex=0xc0003cf2a0
2025/11/08 14:46:50 INFO session updated token=0a5ff0fe-6bdf-4b6e-b231-cf53ea8674f5 tableID=0xc0003cde30 seatIndex=0xc0003cf2b0
2025/11/08 14:46:50 INFO session updated token=292835d0-7a6b-4a19-9433-9a6ae1a5a6e0 tableID=0xc0006005e0 seatIndex=0xc0006043b0
2025/11/08 14:46:50 INFO session updated token=b803f386-9600-4afd-84ed-3131c7a8a35e tableID=0xc0003cde50 seatIndex=0xc0003cf2e0
2025/11/08 14:46:50 INFO session updated token=cfa123bf-2a6c-41c6-9cdc-7d653d96cc63 tableID=0xc0003cde90 seatIndex=0xc0003cf330
2025/11/08 14:46:50 INFO session updated token=3250f4e9-9d86-49ce-ab38-17b42529c959 tableID=0xc0003cdea0 seatIndex=0xc0003cf340
2025/11/08 14:46:50 INFO session created token=427d8af4-22a2-4ab5-af46-de851731067b name=User_68_1
2025/11/08 14:46:50 INFO session updated token=a414330e-c715-4145-b777-34cd8b0286d7 tableID=0xc00059a330 seatIndex=0xc000592240
2025/11/08 14:46:50 INFO session updated token=9a7cd89a-c082-4135-8f5e-6e952d48a829 tableID=0xc00051a600 seatIndex=0xc000512390
2025/11/08 14:46:50 INFO session updated token=2b3187f5-7257-4405-ae63-100c66f9676b tableID=0xc00059a360 seatIndex=0xc000592250
2025/11/08 14:46:50 INFO session updated token=8c979498-a06c-4ef9-824f-88b5b8b20ec7 tableID=0xc00059a380 seatIndex=0xc000592280
2025/11/08 14:46:50 INFO session updated token=bb4b3b8a-0164-42bb-a58c-67e420689900 tableID=0xc00059a3f0 seatIndex=0xc000592300
2025/11/08 14:46:50 INFO session removed token=85a05462-1997-4cac-b719-7b3a8d20a127
2025/11/08 14:46:50 INFO session removed token=d496a8e4-bfaf-41bd-a4f1-0a2eae6aca5f
2025/11/08 14:46:50 INFO session removed token=ca139b27-a06b-472a-a7c4-d89eefcaa12f
2025/11/08 14:46:50 INFO session updated token=797bcb51-dacc-4fa4-8beb-c932c7ff495a tableID=0xc000600760 seatIndex=0xc0006044f0
2025/11/08 14:46:50 INFO session updated token=1d525000-32a2-41ff-9eb3-afdb98f6a58c tableID=0xc0003cdee0 seatIndex=0xc0003cf390
2025/11/08 14:46:50 INFO session updated token=55d7353b-c5ed-4329-a5ca-ff258cd81507 tableID=0xc000600780 seatIndex=0xc000604520
2025/11/08 14:46:50 INFO session removed token=51e98a13-9158-4ba7-a424-786e8a021697
2025/11/08 14:46:50 INFO session updated token=8a7ef34e-3e00-4d53-913b-bd8d66bf8f47 tableID=0xc00021df40 seatIndex=0xc0002710f0
2025/11/08 14:46:50 INFO session removed token=8c045dd7-ff66-4dc5-b43c-b98b82627ae4
2025/11/08 14:46:50 INFO session removed token=013adedb-2315-43ea-a819-15161b2a12e6
2025/11/08 14:46:50 INFO session updated token=90dcb172-7c59-4793-9ca8-eeabc8ebb131 tableID=0xc000600790 seatIndex=0xc000604550
2025/11/08 14:46:50 INFO session updated token=1a42477f-a50b-4068-a156-e351cc9de856 tableID=0xc00045e020 seatIndex=0xc000271140
2025/11/08 14:46:50 INFO session removed token=a95e2558-028c-4dbf-8801-a636f77dc07a
2025/11/08 14:46:50 INFO session updated token=df78fa60-0b37-4aa9-885f-ebb7caa7c2bf tableID=0xc00045e030 seatIndex=0xc000271150
2025/11/08 14:46:50 INFO session removed token=86382982-b5ed-4467-8b3b-01b87c9545bb
2025/11/08 14:46:50 INFO session removed token=98b99aa0-6a97-4d98-96b0-be453049d772
2025/11/08 14:46:50 INFO session removed token=ad0a2b3f-7353-47c5-a996-0ab549e74d17
2025/11/08 14:46:50 INFO session removed token=89816ceb-d10c-454b-af7a-302898fda6a8
2025/11/08 14:46:50 INFO session removed token=1f5448f2-bbb0-4320-bdce-4feeba2aeccc
2025/11/08 14:46:50 INFO session removed token=ca6e2c7a-cc1f-4f0f-ab29-8bbc64a574b1
2025/11/08 14:46:50 INFO session updated token=37f72119-2e90-4071-8ace-02d3583cfc7f tableID=0xc00045e190 seatIndex=0xc000271240
2025/11/08 14:46:50 INFO session removed token=0d0150d1-e91b-452f-900d-530bcf081dea
2025/11/08 14:46:50 INFO session removed token=69e4fc4b-08e7-4db0-a5ce-7113ba5f27fc
2025/11/08 14:46:50 INFO session removed token=91db926f-3270-47f2-9951-7c86188ead31
2025/11/08 14:46:50 INFO session removed token=cd3da1c9-eb8e-4e50-ab83-8fb3ac26dde8
2025/11/08 14:46:50 INFO session removed token=8bb6c54a-f506-4ede-81c2-ec7ccda026ee
2025/11/08 14:46:50 INFO session removed token=667e858f-230e-4f4a-a43c-f808db947f66
2025/11/08 14:46:50 INFO session removed token=5d563aa8-9e6c-44f6-919d-30bd97a5f695
2025/11/08 14:46:50 INFO session removed token=f8aa9a6f-82a3-4be0-832b-dfb10f0bd745
2025/11/08 14:46:50 INFO session removed token=7551e235-218b-44ae-a461-a6fa838979ab
2025/11/08 14:46:50 INFO session removed token=1accd57e-f8fd-49f0-aa74-deef660d4918
2025/11/08 14:46:50 INFO session removed token=99731a34-fc2c-4cfa-9c21-20433d4940e6
2025/11/08 14:46:50 INFO session removed token=c32bf13c-1553-41fa-ac1d-02964b08eeaa
2025/11/08 14:46:50 INFO session removed token=0a99a2f9-987e-428f-8d51-d0d47d5fd965
2025/11/08 14:46:50 INFO session removed token=4b54a20e-e0f7-4930-9e38-7ee70aef3aac
2025/11/08 14:46:50 INFO session removed token=61058ec3-6a99-45c1-b117-daa2682b2979
2025/11/08 14:46:50 INFO session removed token=b7a2d3db-df45-471d-a327-76d893b7f697
2025/11/08 14:46:50 INFO session removed token=7f8ef858-809e-4731-af3f-fc9994339a44
2025/11/08 14:46:50 INFO session removed token=4138efc0-03c6-46c4-8e1c-b91bdee7a106
2025/11/08 14:46:50 INFO session removed token=227e6ccd-9d80-4e9f-8dda-36cbe93c2fb6
2025/11/08 14:46:50 INFO session removed token=2a2ef555-6241-407a-8ca7-37d5ebf8b973
2025/11/08 14:46:50 INFO session removed token=3d689599-9e7a-463c-b54f-99032b8e75ef
2025/11/08 14:46:50 INFO session removed token=a6e54dfb-05fc-406a-bcf8-02d1b6720072
2025/11/08 14:46:50 INFO session removed token=7d763139-794f-4686-8383-cb25d55e677d
2025/11/08 14:46:50 INFO session removed token=60a4d8ef-ea3e-439a-84dd-5e452a8ef294
2025/11/08 14:46:50 INFO session updated token=5b27176a-3f52-4bcb-a7df-74ebc49c34bd tableID=0xc0006007b0 seatIndex=0xc000604638
2025/11/08 14:46:50 INFO session removed token=ac8bcf98-91c6-4ee4-a900-50f4444ae377
2025/11/08 14:46:50 INFO session removed token=806dc12d-baea-452a-9884-076b0b4e0782
2025/11/08 14:46:50 INFO session removed token=219cd0b9-243a-454b-87ad-71fe086a94f7
2025/11/08 14:46:50 INFO session removed token=49416cf8-de8c-4222-b3bf-cafbdebdb359
2025/11/08 14:46:50 INFO session updated token=a4671b61-17a0-4a6c-9a5b-ba11488ac875 tableID=0xc0003cdf50 seatIndex=0xc0003cf470
2025/11/08 14:46:50 INFO session removed token=ce43b84e-738b-4517-b821-12113eb16fcf
2025/11/08 14:46:50 INFO session created token=a0aa8bca-a710-4c32-8a9c-22faf7b9be99 name=User_99_2
2025/11/08 14:46:50 INFO session updated token=a0aa8bca-a710-4c32-8a9c-22faf7b9be99 tableID=0xc00059a870 seatIndex=0xc0005925e0
2025/11/08 14:46:50 INFO session removed token=a0aa8bca-a710-4c32-8a9c-22faf7b9be99
2025/11/08 14:46:50 INFO session created token=8ecafd62-05bd-4a54-8121-86f0429b6a1e name=User_99_3
2025/11/08 14:46:50 INFO session updated token=8ecafd62-05bd-4a54-8121-86f0429b6a1e tableID=0xc00059a8c0 seatIndex=0xc000592630
2025/11/08 14:46:50 INFO session removed token=8ecafd62-05bd-4a54-8121-86f0429b6a1e
2025/11/08 14:46:50 INFO session created token=ea7a4fb3-46d9-469f-ab75-f4b7ac427573 name=User_99_4
2025/11/08 14:46:50 INFO session updated token=ea7a4fb3-46d9-469f-ab75-f4b7ac427573 tableID=0xc00059a910 seatIndex=0xc000592680
2025/11/08 14:46:50 INFO session removed token=ea7a4fb3-46d9-469f-ab75-f4b7ac427573
2025/11/08 14:46:50 INFO session created token=41ad3e73-cb78-484b-9ff0-c0775a141a91 name=User_99_5
2025/11/08 14:46:50 INFO session updated token=41ad3e73-cb78-484b-9ff0-c0775a141a91 tableID=0xc00059a960 seatIndex=0xc0005926d0
2025/11/08 14:46:50 INFO session removed token=41ad3e73-cb78-484b-9ff0-c0775a141a91
2025/11/08 14:46:50 INFO session created token=ae6b83c5-def2-4035-967c-e8790cecaf32 name=User_99_6
2025/11/08 14:46:50 INFO session updated token=ae6b83c5-def2-4035-967c-e8790cecaf32 tableID=0xc00059a9b0 seatIndex=0xc000592720
2025/11/08 14:46:50 INFO session removed token=ae6b83c5-def2-4035-967c-e8790cecaf32
2025/11/08 14:46:50 INFO session created token=7af04aee-9294-4d11-9f61-0e09420274a9 name=User_99_7
2025/11/08 14:46:50 INFO session updated token=7af04aee-9294-4d11-9f61-0e09420274a9 tableID=0xc00059aa00 seatIndex=0xc000592770
2025/11/08 14:46:50 INFO session removed token=7af04aee-9294-4d11-9f61-0e09420274a9
2025/11/08 14:46:50 INFO session created token=86fc84d7-8023-4377-bc73-5b71016282f3 name=User_99_8
2025/11/08 14:46:50 INFO session updated token=86fc84d7-8023-4377-bc73-5b71016282f3 tableID=0xc00059aa50 seatIndex=0xc0005927c0
2025/11/08 14:46:50 INFO session removed token=86fc84d7-8023-4377-bc73-5b71016282f3
2025/11/08 14:46:50 INFO session created token=d480ddf5-a2c1-4e80-9108-139d7cc7af07 name=User_99_9
2025/11/08 14:46:50 INFO session updated token=d480ddf5-a2c1-4e80-9108-139d7cc7af07 tableID=0xc00059aaa0 seatIndex=0xc000592810
2025/11/08 14:46:50 INFO session removed token=d480ddf5-a2c1-4e80-9108-139d7cc7af07
2025/11/08 14:46:50 INFO session created token=852fac97-7581-4dc2-9995-38a9a93205fe name=User_99_10
2025/11/08 14:46:50 INFO session updated token=852fac97-7581-4dc2-9995-38a9a93205fe tableID=0xc00059aaf0 seatIndex=0xc000592860
2025/11/08 14:46:50 INFO session removed token=852fac97-7581-4dc2-9995-38a9a93205fe
2025/11/08 14:46:50 INFO session created token=96106818-9092-427b-bd3a-342172fac00b name=User_99_11
2025/11/08 14:46:50 INFO session created token=4134497e-5d2b-4fe2-bd6a-cdfa1a164378 name=User_56_2
2025/11/08 14:46:50 INFO session updated token=96106818-9092-427b-bd3a-342172fac00b tableID=0xc00059ab40 seatIndex=0xc0005928b0
2025/11/08 14:46:50 INFO session created token=0f012de4-13eb-4f23-a0fc-2087c09709f6 name=User_57_2
2025/11/08 14:46:50 INFO session created token=fbc7b608-4b05-4f0d-908a-1833c45b1126 name=User_31_84
2025/11/08 14:46:50 INFO session removed token=96106818-9092-427b-bd3a-342172fac00b
2025/11/08 14:46:50 INFO session created token=c9a38db7-6efa-4938-8f9c-01bf95e3ba84 name=User_55_2
2025/11/08 14:46:50 INFO session created token=c39fcebd-2655-43b3-a561-7e3c94f55437 name=User_2_2
2025/11/08 14:46:50 INFO session created token=49dfa014-776a-4a7b-a7b3-2381c5ad076e name=User_61_5
2025/11/08 14:46:50 INFO session created token=970acb7d-b521-4a5d-9be6-6d6551667747 name=User_53_2
2025/11/08 14:46:50 INFO session created token=fa34031b-530f-40aa-ae10-d85ed72f4237 name=User_77_2
2025/11/08 14:46:50 INFO session created token=6108bb7e-3e56-40cf-8925-5f0dc6bc61a7 name=User_7_2
2025/11/08 14:46:50 INFO session created token=46ca47b0-59bf-4fad-8a58-448670490062 name=User_80_2
2025/11/08 14:46:50 INFO session created token=f03f134e-645b-4854-87ad-e6603d55c157 name=User_69_3
2025/11/08 14:46:50 INFO session created token=78bf59e3-f371-4d28-ab4d-b9c78e89384d name=User_83_2
2025/11/08 14:46:50 INFO session created token=c4a5bdae-8671-4d10-8fd3-61d3dc254966 name=User_73_4
2025/11/08 14:46:50 INFO session created token=de2d03a0-78df-4300-8548-53ef034ec451 name=User_82_2
2025/11/08 14:46:50 INFO session created token=bc592cf4-c581-4488-ac2d-2951aa73c1e5 name=User_21_2
2025/11/08 14:46:50 INFO session created token=64ef8e86-77fd-4077-a444-59da04d8aedb name=User_37_2
2025/11/08 14:46:50 INFO session created token=e203e997-7c5f-4aa0-84cd-2bd8eee7ed34 name=User_88_2
2025/11/08 14:46:50 INFO session created token=fd40dc40-6191-4299-8bf0-ff2cf073e48d name=User_91_2
2025/11/08 14:46:50 INFO session created token=a3d97232-8918-42f6-a34a-4b10a2a1025d name=User_8_2
2025/11/08 14:46:50 INFO session removed token=1a42477f-a50b-4068-a156-e351cc9de856
2025/11/08 14:46:50 INFO session created token=c55eae46-19dd-4071-9bdb-2a1e6362de80 name=User_6_3
2025/11/08 14:46:50 INFO session created token=be3719c2-9f15-4b5e-9f6a-871c9a72dba4 name=User_34_3
2025/11/08 14:46:50 INFO session created token=bfac2d46-fad8-4b14-866f-3bc49f5459ae name=User_78_1
2025/11/08 14:46:50 INFO session created token=bd745d90-b287-4d6d-9a91-1b0f1d6c6f1f name=User_90_2
2025/11/08 14:46:50 INFO session created token=86fd534d-4ad4-4512-ab00-ca175f8dffdd name=User_58_2
2025/11/08 14:46:50 INFO session created token=54cc6ead-490c-428b-8b53-2da496285c45 name=User_60_3
2025/11/08 14:46:50 INFO session created token=e6cbc11a-87c9-4c34-9fb5-2aeea10ef52d name=User_96_2
2025/11/08 14:46:50 INFO session removed token=a883976d-95ee-41d6-bbef-ade39fc9a3d0
2025/11/08 14:46:50 INFO session removed token=2d1e018d-2e0a-45c7-b588-28c860e96739
2025/11/08 14:46:50 INFO session removed token=ff44fd86-e4c7-4a63-8d57-80526ec14edf
2025/11/08 14:46:50 INFO session removed token=7c810a2f-c37a-4a6a-bf9a-a491dbcbb3a9
2025/11/08 14:46:50 INFO session removed token=8d6c5b4f-b804-4827-a1dc-fafd00bbcd6b
2025/11/08 14:46:50 INFO session removed token=dbceda27-be2c-42d6-b76f-4f9733955cb7
2025/11/08 14:46:50 INFO session removed token=4cd5357c-9830-460f-9c8a-086146271a3c
2025/11/08 14:46:50 INFO session updated token=37f51305-dd9c-4737-85ce-b4c7db714cf6 tableID=0xc00045e320 seatIndex=0xc000271570
2025/11/08 14:46:50 INFO session removed token=7f99cf1e-9c2d-4060-bc5f-2cc2ac85d63e
2025/11/08 14:46:50 INFO session removed token=88e59f81-65c7-44d5-aff5-522ca2165a12
2025/11/08 14:46:50 INFO session removed token=292835d0-7a6b-4a19-9433-9a6ae1a5a6e0
2025/11/08 14:46:50 INFO session removed token=8b5033b8-6a7d-42ab-a54c-61862135a3d7
2025/11/08 14:46:50 INFO session removed token=0a5ff0fe-6bdf-4b6e-b231-cf53ea8674f5
2025/11/08 14:46:50 INFO session removed token=cfa123bf-2a6c-41c6-9cdc-7d653d96cc63
2025/11/08 14:46:50 INFO session removed token=b803f386-9600-4afd-84ed-3131c7a8a35e
2025/11/08 14:46:50 INFO session removed token=a414330e-c715-4145-b777-34cd8b0286d7
2025/11/08 14:46:50 INFO session removed token=3250f4e9-9d86-49ce-ab38-17b42529c959
2025/11/08 14:46:50 INFO session updated token=427d8af4-22a2-4ab5-af46-de851731067b tableID=0xc00059a4c0 seatIndex=0xc0005923f0
2025/11/08 14:46:50 INFO session removed token=90dcb172-7c59-4793-9ca8-eeabc8ebb131
2025/11/08 14:46:50 INFO session created token=eabc886a-8f3d-4a0f-934b-a7a11539e147 name=User_26_4
2025/11/08 14:46:50 INFO session updated token=eabc886a-8f3d-4a0f-934b-a7a11539e147 tableID=0xc000303b60 seatIndex=0xc000307170
2025/11/08 14:46:50 INFO session removed token=eabc886a-8f3d-4a0f-934b-a7a11539e147
2025/11/08 14:46:50 INFO session created token=5b06283a-0f49-4d59-8c0d-5621b1aa58e8 name=User_26_5
2025/11/08 14:46:50 INFO session updated token=5b06283a-0f49-4d59-8c0d-5621b1aa58e8 tableID=0xc000303bb0 seatIndex=0xc0003071c0
2025/11/08 14:46:50 INFO session removed token=5b06283a-0f49-4d59-8c0d-5621b1aa58e8
2025/11/08 14:46:50 INFO session created token=59a9790e-52aa-475c-9082-0d98389eb921 name=User_26_6
2025/11/08 14:46:50 INFO session updated token=59a9790e-52aa-475c-9082-0d98389eb921 tableID=0xc000303c00 seatIndex=0xc000307210
2025/11/08 14:46:50 INFO session removed token=59a9790e-52aa-475c-9082-0d98389eb921
2025/11/08 14:46:50 INFO session created token=10cf8403-e7f0-4acc-b544-aacd46214468 name=User_26_7
2025/11/08 14:46:50 INFO session updated token=10cf8403-e7f0-4acc-b544-aacd46214468 tableID=0xc000303c50 seatIndex=0xc000307260
2025/11/08 14:46:50 INFO session removed token=10cf8403-e7f0-4acc-b544-aacd46214468
2025/11/08 14:46:50 INFO session created token=53f2d74c-bf19-4c6f-8247-b550d15756f6 name=User_26_8
2025/11/08 14:46:50 INFO session updated token=53f2d74c-bf19-4c6f-8247-b550d15756f6 tableID=0xc000303ca0 seatIndex=0xc0003072b0
2025/11/08 14:46:50 INFO session removed token=53f2d74c-bf19-4c6f-8247-b550d15756f6
2025/11/08 14:46:50 INFO session created token=b1e9af23-c928-40a7-85b8-3b403ea57177 name=User_26_9
2025/11/08 14:46:50 INFO session updated token=b1e9af23-c928-40a7-85b8-3b403ea57177 tableID=0xc000303cf0 seatIndex=0xc000307300
2025/11/08 14:46:50 INFO session removed token=b1e9af23-c928-40a7-85b8-3b403ea57177
2025/11/08 14:46:50 INFO session created token=c0a02573-d832-4115-8e2b-6f70e0b413b7 name=User_26_10
2025/11/08 14:46:50 INFO session updated token=c0a02573-d832-4115-8e2b-6f70e0b413b7 tableID=0xc000303d40 seatIndex=0xc000307350
2025/11/08 14:46:50 INFO session removed token=c0a02573-d832-4115-8e2b-6f70e0b413b7
2025/11/08 14:46:50 INFO session created token=47025af8-0d51-48e4-a31e-26c34da14e27 name=User_26_11
2025/11/08 14:46:50 INFO session updated token=47025af8-0d51-48e4-a31e-26c34da14e27 tableID=0xc000303d90 seatIndex=0xc0003073a0
2025/11/08 14:46:50 INFO session removed token=47025af8-0d51-48e4-a31e-26c34da14e27
2025/11/08 14:46:50 INFO session created token=d40fd9c9-e0bc-43d3-87e5-dd36b103cc93 name=User_26_12
2025/11/08 14:46:50 INFO session updated token=d40fd9c9-e0bc-43d3-87e5-dd36b103cc93 tableID=0xc000303de0 seatIndex=0xc0003073f0
2025/11/08 14:46:50 INFO session removed token=d40fd9c9-e0bc-43d3-87e5-dd36b103cc93
2025/11/08 14:46:50 INFO session created token=3079ff21-01fa-4bf3-85fc-505336311255 name=User_26_13
2025/11/08 14:46:50 INFO session updated token=3079ff21-01fa-4bf3-85fc-505336311255 tableID=0xc000303e30 seatIndex=0xc000307440
2025/11/08 14:46:50 INFO session removed token=3079ff21-01fa-4bf3-85fc-505336311255
2025/11/08 14:46:50 INFO session created token=7c52c2aa-779d-453f-af3b-adf447f8cd7b name=User_26_14
2025/11/08 14:46:50 INFO session updated token=7c52c2aa-779d-453f-af3b-adf447f8cd7b tableID=0xc000303e80 seatIndex=0xc000307490
2025/11/08 14:46:50 INFO session removed token=7c52c2aa-779d-453f-af3b-adf447f8cd7b
2025/11/08 14:46:50 INFO session created token=ca6d3c72-87fa-4e05-8226-48ffc90dbeb9 name=User_26_15
2025/11/08 14:46:50 INFO session updated token=ca6d3c72-87fa-4e05-8226-48ffc90dbeb9 tableID=0xc000303ed0 seatIndex=0xc0003074e0
2025/11/08 14:46:50 INFO session removed token=ca6d3c72-87fa-4e05-8226-48ffc90dbeb9
2025/11/08 14:46:50 INFO session created token=2f314516-f1d7-408e-9bcf-75a1bf1c0789 name=User_26_16
2025/11/08 14:46:50 INFO session updated token=2f314516-f1d7-408e-9bcf-75a1bf1c0789 tableID=0xc000303f20 seatIndex=0xc000307530
2025/11/08 14:46:50 INFO session removed token=2f314516-f1d7-408e-9bcf-75a1bf1c0789
2025/11/08 14:46:50 INFO session created token=330f9b87-b006-43ca-9617-906cbb189b51 name=User_26_17
2025/11/08 14:46:50 INFO session updated token=330f9b87-b006-43ca-9617-906cbb189b51 tableID=0xc000303f70 seatIndex=0xc000307580
2025/11/08 14:46:50 INFO session removed token=330f9b87-b006-43ca-9617-906cbb189b51
2025/11/08 14:46:50 INFO session created token=91b67cd4-36f6-4ae1-8b7a-f3763719917d name=User_26_18
2025/11/08 14:46:50 INFO session updated token=91b67cd4-36f6-4ae1-8b7a-f3763719917d tableID=0xc0004b8040 seatIndex=0xc0003075d0
2025/11/08 14:46:50 INFO session removed token=91b67cd4-36f6-4ae1-8b7a-f3763719917d
2025/11/08 14:46:50 INFO session created token=e57d06aa-f078-44e9-8e51-aa921e91363f name=User_26_19
2025/11/08 14:46:50 INFO session updated token=e57d06aa-f078-44e9-8e51-aa921e91363f tableID=0xc0004b8090 seatIndex=0xc000307620
2025/11/08 14:46:50 INFO session removed token=e57d06aa-f078-44e9-8e51-aa921e91363f
2025/11/08 14:46:50 INFO session created token=02b821f2-2d23-4bdd-aece-a7c7ab5cb711 name=User_26_20
2025/11/08 14:46:50 INFO session updated token=02b821f2-2d23-4bdd-aece-a7c7ab5cb711 tableID=0xc0004b80e0 seatIndex=0xc000307670
2025/11/08 14:46:50 INFO session removed token=02b821f2-2d23-4bdd-aece-a7c7ab5cb711
2025/11/08 14:46:50 INFO session created token=314b4c11-22ea-4154-9d63-1041b0cfab9c name=User_26_21
2025/11/08 14:46:50 INFO session updated token=314b4c11-22ea-4154-9d63-1041b0cfab9c tableID=0xc0004b8130 seatIndex=0xc0003076c0
2025/11/08 14:46:50 INFO session removed token=314b4c11-22ea-4154-9d63-1041b0cfab9c
2025/11/08 14:46:50 INFO session created token=392e2807-ae3f-4afb-a90d-2c5efdcada14 name=User_26_22
2025/11/08 14:46:50 INFO session updated token=392e2807-ae3f-4afb-a90d-2c5efdcada14 tableID=0xc0004b8180 seatIndex=0xc000307710
2025/11/08 14:46:50 INFO session removed token=392e2807-ae3f-4afb-a90d-2c5efdcada14
2025/11/08 14:46:50 INFO session created token=88258deb-64dc-40c0-ac8b-8f45d82d3ee1 name=User_26_23
2025/11/08 14:46:50 INFO session updated token=88258deb-64dc-40c0-ac8b-8f45d82d3ee1 tableID=0xc0004b81d0 seatIndex=0xc000307760
2025/11/08 14:46:50 INFO session removed token=88258deb-64dc-40c0-ac8b-8f45d82d3ee1
2025/11/08 14:46:50 INFO session created token=a0bbbbe3-c4f7-4d48-ba80-9ef448df0f7e name=User_26_24
2025/11/08 14:46:50 INFO session updated token=a0bbbbe3-c4f7-4d48-ba80-9ef448df0f7e tableID=0xc0004b8220 seatIndex=0xc0003077b0
2025/11/08 14:46:50 INFO session removed token=a0bbbbe3-c4f7-4d48-ba80-9ef448df0f7e
2025/11/08 14:46:50 INFO session created token=ba1e9154-24b3-4dcb-b06d-1df4ac27c438 name=User_26_25
2025/11/08 14:46:50 INFO session updated token=ba1e9154-24b3-4dcb-b06d-1df4ac27c438 tableID=0xc0004b8270 seatIndex=0xc000307800
2025/11/08 14:46:50 INFO session removed token=ba1e9154-24b3-4dcb-b06d-1df4ac27c438
2025/11/08 14:46:50 INFO session created token=3b1bac9a-2e96-4f05-b4f7-41540d616f3c name=User_26_26
2025/11/08 14:46:50 INFO session updated token=3b1bac9a-2e96-4f05-b4f7-41540d616f3c tableID=0xc0004b82c0 seatIndex=0xc000307850
2025/11/08 14:46:50 INFO session removed token=3b1bac9a-2e96-4f05-b4f7-41540d616f3c
2025/11/08 14:46:50 INFO session created token=3aa07898-8127-462b-89a6-d6d10690c809 name=User_26_27
2025/11/08 14:46:50 INFO session updated token=3aa07898-8127-462b-89a6-d6d10690c809 tableID=0xc0004b8310 seatIndex=0xc0003078a0
2025/11/08 14:46:50 INFO session removed token=3aa07898-8127-462b-89a6-d6d10690c809
2025/11/08 14:46:50 INFO session created token=14e439ab-e560-4a97-a1e3-028647992353 name=User_26_28
2025/11/08 14:46:50 INFO session updated token=14e439ab-e560-4a97-a1e3-028647992353 tableID=0xc0004b8360 seatIndex=0xc0003078f0
2025/11/08 14:46:50 INFO session removed token=14e439ab-e560-4a97-a1e3-028647992353
2025/11/08 14:46:50 INFO session created token=b8115a43-fd2c-4e4b-bc70-b75692e251f1 name=User_26_29
2025/11/08 14:46:50 INFO session updated token=b8115a43-fd2c-4e4b-bc70-b75692e251f1 tableID=0xc0004b83b0 seatIndex=0xc000307940
2025/11/08 14:46:50 INFO session removed token=b8115a43-fd2c-4e4b-bc70-b75692e251f1
2025/11/08 14:46:50 INFO session created token=283bd496-83d1-400f-9f3d-b60b15d92a11 name=User_26_30
2025/11/08 14:46:50 INFO session updated token=283bd496-83d1-400f-9f3d-b60b15d92a11 tableID=0xc0004b8400 seatIndex=0xc000307990
2025/11/08 14:46:50 INFO session removed token=283bd496-83d1-400f-9f3d-b60b15d92a11
2025/11/08 14:46:50 INFO session created token=0881346c-fa4a-4e9f-afe5-7cc1ad70dfbf name=User_26_31
2025/11/08 14:46:50 INFO session updated token=0881346c-fa4a-4e9f-afe5-7cc1ad70dfbf tableID=0xc0004b8450 seatIndex=0xc0003079e0
2025/11/08 14:46:50 INFO session removed token=0881346c-fa4a-4e9f-afe5-7cc1ad70dfbf
2025/11/08 14:46:50 INFO session created token=458a1850-c474-4045-8a37-2372ca8532b2 name=User_26_32
2025/11/08 14:46:50 INFO session updated token=458a1850-c474-4045-8a37-2372ca8532b2 tableID=0xc0004b84a0 seatIndex=0xc000307a30
2025/11/08 14:46:50 INFO session removed token=458a1850-c474-4045-8a37-2372ca8532b2
2025/11/08 14:46:50 INFO session created token=dcde7a74-184d-4b0c-bdb9-9339f1e6fedf name=User_26_33
2025/11/08 14:46:50 INFO session updated token=dcde7a74-184d-4b0c-bdb9-9339f1e6fedf tableID=0xc0004b84f0 seatIndex=0xc000307a80
2025/11/08 14:46:50 INFO session removed token=dcde7a74-184d-4b0c-bdb9-9339f1e6fedf
2025/11/08 14:46:50 INFO session created token=2cf5473b-9412-4ed8-bca8-ca98726571c5 name=User_26_34
2025/11/08 14:46:50 INFO session updated token=2cf5473b-9412-4ed8-bca8-ca98726571c5 tableID=0xc0004b8540 seatIndex=0xc000307ad0
2025/11/08 14:46:50 INFO session removed token=2cf5473b-9412-4ed8-bca8-ca98726571c5
2025/11/08 14:46:50 INFO session created token=f6b222bd-6c46-4b27-b470-1eb7af8f50a9 name=User_26_35
2025/11/08 14:46:50 INFO session updated token=f6b222bd-6c46-4b27-b470-1eb7af8f50a9 tableID=0xc0004b8590 seatIndex=0xc000307b20
2025/11/08 14:46:50 INFO session removed token=f6b222bd-6c46-4b27-b470-1eb7af8f50a9
2025/11/08 14:46:50 INFO session created token=d8a98ff3-bd30-4860-9df8-5a7cc7dfb25e name=User_26_36
2025/11/08 14:46:50 INFO session updated token=d8a98ff3-bd30-4860-9df8-5a7cc7dfb25e tableID=0xc0004b85e0 seatIndex=0xc000307b70
2025/11/08 14:46:50 INFO session removed token=d8a98ff3-bd30-4860-9df8-5a7cc7dfb25e
2025/11/08 14:46:50 INFO session created token=f7b9600e-e840-4d6a-a645-49eaa9505832 name=User_26_37
2025/11/08 14:46:50 INFO session updated token=f7b9600e-e840-4d6a-a645-49eaa9505832 tableID=0xc0004b8630 seatIndex=0xc000307bc0
2025/11/08 14:46:50 INFO session removed token=f7b9600e-e840-4d6a-a645-49eaa9505832
2025/11/08 14:46:50 INFO session created token=5d5306eb-951f-4f6a-aaa1-07b0b913d987 name=User_26_38
2025/11/08 14:46:50 INFO session updated token=5d5306eb-951f-4f6a-aaa1-07b0b913d987 tableID=0xc0004b8680 seatIndex=0xc000307c10
2025/11/08 14:46:50 INFO session removed token=5d5306eb-951f-4f6a-aaa1-07b0b913d987
2025/11/08 14:46:50 INFO session created token=fd670667-3564-4bce-bd05-7b4cc3a11f6b name=User_26_39
2025/11/08 14:46:50 INFO session updated token=fd670667-3564-4bce-bd05-7b4cc3a11f6b tableID=0xc0004b86d0 seatIndex=0xc000307c60
2025/11/08 14:46:50 INFO session removed token=fd670667-3564-4bce-bd05-7b4cc3a11f6b
2025/11/08 14:46:50 INFO session created token=7146f134-d240-46df-8a1e-06965e6153df name=User_26_40
2025/11/08 14:46:50 INFO session updated token=7146f134-d240-46df-8a1e-06965e6153df tableID=0xc0004b8720 seatIndex=0xc000307cb0
2025/11/08 14:46:50 INFO session removed token=7146f134-d240-46df-8a1e-06965e6153df
2025/11/08 14:46:50 INFO session created token=5dfc364c-889e-4146-90d4-b06b51bea54e name=User_26_41
2025/11/08 14:46:50 INFO session updated token=5dfc364c-889e-4146-90d4-b06b51bea54e tableID=0xc0004b8770 seatIndex=0xc000307d00
2025/11/08 14:46:50 INFO session removed token=5dfc364c-889e-4146-90d4-b06b51bea54e
2025/11/08 14:46:50 INFO session created token=25b90f36-e966-46d9-9e72-12458ccd3eb9 name=User_26_42
2025/11/08 14:46:50 INFO session updated token=25b90f36-e966-46d9-9e72-12458ccd3eb9 tableID=0xc0004b87c0 seatIndex=0xc000307d50
2025/11/08 14:46:50 INFO session removed token=25b90f36-e966-46d9-9e72-12458ccd3eb9
2025/11/08 14:46:50 INFO session created token=1a1d5d1b-ee64-4406-9379-f7192bc19adc name=User_26_43
2025/11/08 14:46:50 INFO session updated token=1a1d5d1b-ee64-4406-9379-f7192bc19adc tableID=0xc0004b8810 seatIndex=0xc000307da0
2025/11/08 14:46:50 INFO session removed token=1a1d5d1b-ee64-4406-9379-f7192bc19adc
2025/11/08 14:46:50 INFO session created token=c30554c8-3e0d-4d13-b7dc-de6aa471b441 name=User_26_44
2025/11/08 14:46:50 INFO session updated token=c30554c8-3e0d-4d13-b7dc-de6aa471b441 tableID=0xc0004b8860 seatIndex=0xc000307df0
2025/11/08 14:46:50 INFO session removed token=c30554c8-3e0d-4d13-b7dc-de6aa471b441
2025/11/08 14:46:50 INFO session created token=9b654d36-d847-47cb-a6b1-cf33e6308678 name=User_26_45
2025/11/08 14:46:50 INFO session updated token=9b654d36-d847-47cb-a6b1-cf33e6308678 tableID=0xc0004b88b0 seatIndex=0xc000307e40
2025/11/08 14:46:50 INFO session removed token=9b654d36-d847-47cb-a6b1-cf33e6308678
2025/11/08 14:46:50 INFO session created token=cf966a92-a801-4c8a-9f8e-af38b7c5e816 name=User_26_46
2025/11/08 14:46:50 INFO session updated token=cf966a92-a801-4c8a-9f8e-af38b7c5e816 tableID=0xc0004b8900 seatIndex=0xc000307e90
2025/11/08 14:46:50 INFO session removed token=cf966a92-a801-4c8a-9f8e-af38b7c5e816
2025/11/08 14:46:50 INFO session created token=7fc9b7e3-09a6-44e7-9b5b-8a2adf2a9be5 name=User_26_47
2025/11/08 14:46:50 INFO session updated token=7fc9b7e3-09a6-44e7-9b5b-8a2adf2a9be5 tableID=0xc0004b8950 seatIndex=0xc000307ee0
2025/11/08 14:46:50 INFO session removed token=7fc9b7e3-09a6-44e7-9b5b-8a2adf2a9be5
2025/11/08 14:46:50 INFO session created token=644b9181-83fa-49bc-8236-6c8e2e0ef3f5 name=User_26_48
2025/11/08 14:46:50 INFO session updated token=644b9181-83fa-49bc-8236-6c8e2e0ef3f5 tableID=0xc0004b89a0 seatIndex=0xc000307f30
2025/11/08 14:46:50 INFO session removed token=644b9181-83fa-49bc-8236-6c8e2e0ef3f5
2025/11/08 14:46:50 INFO session created token=9a6d3e67-1a97-4ebb-80c7-ed20790f1dd8 name=User_26_49
2025/11/08 14:46:50 INFO session updated token=9a6d3e67-1a97-4ebb-80c7-ed20790f1dd8 tableID=0xc0004b89f0 seatIndex=0xc000307f80
2025/11/08 14:46:50 INFO session removed token=9a6d3e67-1a97-4ebb-80c7-ed20790f1dd8
2025/11/08 14:46:50 INFO session created token=2dac0fbd-ad8f-4040-9262-53c746bd39d8 name=User_26_50
2025/11/08 14:46:50 INFO session updated token=2dac0fbd-ad8f-4040-9262-53c746bd39d8 tableID=0xc0004b8a40 seatIndex=0xc000307fd0
2025/11/08 14:46:50 INFO session removed token=2dac0fbd-ad8f-4040-9262-53c746bd39d8
2025/11/08 14:46:50 INFO session created token=9b4b553e-10c5-4ed3-ac2c-05fb53b6afe3 name=User_26_51
2025/11/08 14:46:50 INFO session updated token=9b4b553e-10c5-4ed3-ac2c-05fb53b6afe3 tableID=0xc0004b8a90 seatIndex=0xc0004ba020
2025/11/08 14:46:50 INFO session removed token=9b4b553e-10c5-4ed3-ac2c-05fb53b6afe3
2025/11/08 14:46:50 INFO session created token=95d77318-e3ba-4dcb-986e-1c310435012c name=User_26_52
2025/11/08 14:46:50 INFO session updated token=95d77318-e3ba-4dcb-986e-1c310435012c tableID=0xc0004b8ae0 seatIndex=0xc0004ba070
2025/11/08 14:46:50 INFO session removed token=95d77318-e3ba-4dcb-986e-1c310435012c
2025/11/08 14:46:50 INFO session created token=7d35439b-16f0-4cb4-8074-60d425e56ced name=User_26_53
2025/11/08 14:46:50 INFO session updated token=7d35439b-16f0-4cb4-8074-60d425e56ced tableID=0xc0004b8b30 seatIndex=0xc0004ba0c0
2025/11/08 14:46:50 INFO session removed token=7d35439b-16f0-4cb4-8074-60d425e56ced
2025/11/08 14:46:50 INFO session created token=0e5be5e9-92da-4b01-824e-6df1a973fbe8 name=User_26_54
2025/11/08 14:46:50 INFO session updated token=0e5be5e9-92da-4b01-824e-6df1a973fbe8 tableID=0xc0004b8b80 seatIndex=0xc0004ba110
2025/11/08 14:46:50 INFO session removed token=0e5be5e9-92da-4b01-824e-6df1a973fbe8
2025/11/08 14:46:50 INFO session created token=7c4c44f4-2d96-4715-bbbe-d4530cd29898 name=User_26_55
2025/11/08 14:46:50 INFO session updated token=7c4c44f4-2d96-4715-bbbe-d4530cd29898 tableID=0xc0004b8bd0 seatIndex=0xc0004ba160
2025/11/08 14:46:50 INFO session removed token=7c4c44f4-2d96-4715-bbbe-d4530cd29898
2025/11/08 14:46:50 INFO session created token=b8c3ec85-5323-4b41-865d-118672a9444c name=User_26_56
2025/11/08 14:46:50 INFO session updated token=b8c3ec85-5323-4b41-865d-118672a9444c tableID=0xc0004b8c20 seatIndex=0xc0004ba1b0
2025/11/08 14:46:50 INFO session removed token=b8c3ec85-5323-4b41-865d-118672a9444c
2025/11/08 14:46:50 INFO session created token=d8ca21e0-deb1-4c1e-b779-efbb0cf83e77 name=User_26_57
2025/11/08 14:46:50 INFO session updated token=d8ca21e0-deb1-4c1e-b779-efbb0cf83e77 tableID=0xc0004b8c70 seatIndex=0xc0004ba200
2025/11/08 14:46:50 INFO session removed token=d8ca21e0-deb1-4c1e-b779-efbb0cf83e77
2025/11/08 14:46:50 INFO session created token=5e09619a-9b49-4651-a0a9-9aa4cac1d51f name=User_26_58
2025/11/08 14:46:50 INFO session updated token=5e09619a-9b49-4651-a0a9-9aa4cac1d51f tableID=0xc0004b8cc0 seatIndex=0xc0004ba250
2025/11/08 14:46:50 INFO session removed token=5e09619a-9b49-4651-a0a9-9aa4cac1d51f
2025/11/08 14:46:50 INFO session created token=2bbea2b4-3bd5-4f15-8cd8-57010660c903 name=User_26_59
2025/11/08 14:46:50 INFO session updated token=2bbea2b4-3bd5-4f15-8cd8-57010660c903 tableID=0xc0004b8d10 seatIndex=0xc0004ba2a0
2025/11/08 14:46:50 INFO session removed token=2bbea2b4-3bd5-4f15-8cd8-57010660c903
2025/11/08 14:46:50 INFO session created token=325d25d3-454e-4767-afa8-d2c3014891e6 name=User_26_60
2025/11/08 14:46:50 INFO session updated token=325d25d3-454e-4767-afa8-d2c3014891e6 tableID=0xc0004b8d60 seatIndex=0xc0004ba2f0
2025/11/08 14:46:50 INFO session removed token=325d25d3-454e-4767-afa8-d2c3014891e6
2025/11/08 14:46:50 INFO session created token=d551e6f1-dae2-4986-8851-7e7e56bc89b6 name=User_26_61
2025/11/08 14:46:50 INFO session updated token=d551e6f1-dae2-4986-8851-7e7e56bc89b6 tableID=0xc0004b8db0 seatIndex=0xc0004ba340
2025/11/08 14:46:50 INFO session removed token=d551e6f1-dae2-4986-8851-7e7e56bc89b6
2025/11/08 14:46:50 INFO session created token=2132dbff-d2ee-45dc-ad71-b4e4c7ff40b1 name=User_26_62
2025/11/08 14:46:50 INFO session updated token=2132dbff-d2ee-45dc-ad71-b4e4c7ff40b1 tableID=0xc0004b8e00 seatIndex=0xc0004ba390
2025/11/08 14:46:50 INFO session removed token=2132dbff-d2ee-45dc-ad71-b4e4c7ff40b1
2025/11/08 14:46:50 INFO session created token=e6028ff4-0574-4642-9730-dbb248df1e3e name=User_26_63
2025/11/08 14:46:50 INFO session updated token=e6028ff4-0574-4642-9730-dbb248df1e3e tableID=0xc0004b8e50 seatIndex=0xc0004ba3e0
2025/11/08 14:46:50 INFO session removed token=e6028ff4-0574-4642-9730-dbb248df1e3e
2025/11/08 14:46:50 INFO session created token=c417c04b-fe9d-40d5-b854-cb9884ed3bed name=User_26_64
2025/11/08 14:46:50 INFO session updated token=c417c04b-fe9d-40d5-b854-cb9884ed3bed tableID=0xc0004b8ea0 seatIndex=0xc0004ba430
2025/11/08 14:46:50 INFO session removed token=c417c04b-fe9d-40d5-b854-cb9884ed3bed
2025/11/08 14:46:50 INFO session created token=caa23717-b3e2-43a4-a0e4-522c732f9b92 name=User_26_65
2025/11/08 14:46:50 INFO session updated token=caa23717-b3e2-43a4-a0e4-522c732f9b92 tableID=0xc0004b8ef0 seatIndex=0xc0004ba480
2025/11/08 14:46:50 INFO session removed token=caa23717-b3e2-43a4-a0e4-522c732f9b92
2025/11/08 14:46:50 INFO session created token=25a51c2d-21bc-431f-85f1-86ac1961fbc1 name=User_26_66
2025/11/08 14:46:50 INFO session updated token=25a51c2d-21bc-431f-85f1-86ac1961fbc1 tableID=0xc0004b8f40 seatIndex=0xc0004ba4d0
2025/11/08 14:46:50 INFO session removed token=25a51c2d-21bc-431f-85f1-86ac1961fbc1
2025/11/08 14:46:50 INFO session created token=829e1a69-0f61-418d-a274-34c5519b9ca8 name=User_26_67
2025/11/08 14:46:50 INFO session updated token=829e1a69-0f61-418d-a274-34c5519b9ca8 tableID=0xc0004b8f90 seatIndex=0xc0004ba520
2025/11/08 14:46:50 INFO session removed token=829e1a69-0f61-418d-a274-34c5519b9ca8
2025/11/08 14:46:50 INFO session created token=77cebe8e-58dd-4037-8a19-b1dc550a624c name=User_26_68
2025/11/08 14:46:50 INFO session updated token=77cebe8e-58dd-4037-8a19-b1dc550a624c tableID=0xc0004b8fe0 seatIndex=0xc0004ba570
2025/11/08 14:46:50 INFO session removed token=77cebe8e-58dd-4037-8a19-b1dc550a624c
2025/11/08 14:46:50 INFO session created token=e6494e96-7dc4-4056-8b5f-033296ea7a08 name=User_26_69
2025/11/08 14:46:50 INFO session updated token=e6494e96-7dc4-4056-8b5f-033296ea7a08 tableID=0xc0004b9030 seatIndex=0xc0004ba5c0
2025/11/08 14:46:50 INFO session removed token=e6494e96-7dc4-4056-8b5f-033296ea7a08
2025/11/08 14:46:50 INFO session created token=d1e5f227-0540-46f5-8034-501d84aa0b2f name=User_26_70
2025/11/08 14:46:50 INFO session updated token=d1e5f227-0540-46f5-8034-501d84aa0b2f tableID=0xc0004b9080 seatIndex=0xc0004ba610
2025/11/08 14:46:50 INFO session removed token=d1e5f227-0540-46f5-8034-501d84aa0b2f
2025/11/08 14:46:50 INFO session created token=30e6a6bc-fb41-4a15-87b6-6d48fe65ea4a name=User_26_71
2025/11/08 14:46:50 INFO session updated token=30e6a6bc-fb41-4a15-87b6-6d48fe65ea4a tableID=0xc0004b90d0 seatIndex=0xc0004ba660
2025/11/08 14:46:50 INFO session removed token=30e6a6bc-fb41-4a15-87b6-6d48fe65ea4a
2025/11/08 14:46:50 INFO session created token=af7faa93-77c8-439c-991a-795b95bd1715 name=User_26_72
2025/11/08 14:46:50 INFO session updated token=af7faa93-77c8-439c-991a-795b95bd1715 tableID=0xc0004b9120 seatIndex=0xc0004ba6b0
2025/11/08 14:46:50 INFO session removed token=af7faa93-77c8-439c-991a-795b95bd1715
2025/11/08 14:46:50 INFO session created token=25004eb6-0b19-41ab-9ec7-a2a77ae8fd63 name=User_26_73
2025/11/08 14:46:50 INFO session updated token=25004eb6-0b19-41ab-9ec7-a2a77ae8fd63 tableID=0xc0004b9170 seatIndex=0xc0004ba700
2025/11/08 14:46:50 INFO session removed token=25004eb6-0b19-41ab-9ec7-a2a77ae8fd63
2025/11/08 14:46:50 INFO session created token=ea9bceb7-e738-457a-9ed2-498074518da6 name=User_26_74
2025/11/08 14:46:50 INFO session updated token=ea9bceb7-e738-457a-9ed2-498074518da6 tableID=0xc0004b91c0 seatIndex=0xc0004ba750
2025/11/08 14:46:50 INFO session removed token=ea9bceb7-e738-457a-9ed2-498074518da6
2025/11/08 14:46:50 INFO session created token=68a46044-a92d-4a76-898b-aa84013a6fe1 name=User_26_75
2025/11/08 14:46:50 INFO session updated token=68a46044-a92d-4a76-898b-aa84013a6fe1 tableID=0xc0004b9210 seatIndex=0xc0004ba7a0
2025/11/08 14:46:50 INFO session removed token=68a46044-a92d-4a76-898b-aa84013a6fe1
2025/11/08 14:46:50 INFO session created token=2e7daf2c-14bb-4980-9dd2-bea543de8752 name=User_26_76
2025/11/08 14:46:50 INFO session created token=84faa75c-a606-42ef-8de3-b7b4534a7826 name=User_48_2
2025/11/08 14:46:50 INFO session removed token=9a7cd89a-c082-4135-8f5e-6e952d48a829
2025/11/08 14:46:50 INFO session created token=da3e1dc9-d9d7-4e49-9b2b-39d98db860d9 name=User_17_2
2025/11/08 14:46:50 INFO session created token=043e9295-80fd-447a-872e-c7b808510ce4 name=User_19_2
2025/11/08 14:46:50 INFO session created token=fc18d9ea-f118-40ce-aa79-aa9440737ed6 name=User_71_2
2025/11/08 14:46:50 INFO session created token=1dfa3195-3858-4927-a746-2fa43c33da55 name=User_86_5
2025/11/08 14:46:50 INFO session created token=e90216b3-5dd9-4902-bd23-a460cf57ef8f name=User_3_2
2025/11/08 14:46:50 INFO session created token=206dbecd-26f8-428a-9fff-9afb3b9298d8 name=User_47_2
2025/11/08 14:46:50 INFO session created token=2a81957c-d892-4734-86cd-fda4242ff40f name=User_59_2
2025/11/08 14:46:50 INFO session updated token=e90216b3-5dd9-4902-bd23-a460cf57ef8f tableID=0xc0003d2140 seatIndex=0xc0003cf698
2025/11/08 14:46:50 INFO session removed token=e90216b3-5dd9-4902-bd23-a460cf57ef8f
2025/11/08 14:46:50 INFO session created token=61cf8701-ec11-4d6a-8912-12d67a7583b8 name=User_3_3
2025/11/08 14:46:50 INFO session updated token=043e9295-80fd-447a-872e-c7b808510ce4 tableID=0xc0003d2150 seatIndex=0xc0003cf6a8
2025/11/08 14:46:50 INFO session removed token=043e9295-80fd-447a-872e-c7b808510ce4
2025/11/08 14:46:50 INFO session removed token=8c979498-a06c-4ef9-824f-88b5b8b20ec7
2025/11/08 14:46:50 INFO session removed token=df78fa60-0b37-4aa9-885f-ebb7caa7c2bf
2025/11/08 14:46:50 INFO session removed token=bb4b3b8a-0164-42bb-a58c-67e420689900
2025/11/08 14:46:50 INFO session created token=6b997cb6-5779-4c02-8d97-42320dcf5019 name=User_4_2
2025/11/08 14:46:50 INFO session created token=2b23019c-6058-4bc9-b188-758bc74c6570 name=User_0_18
2025/11/08 14:46:50 INFO session updated token=0f012de4-13eb-4f23-a0fc-2087c09709f6 tableID=0xc00059ab80 seatIndex=0xc0005928e0
2025/11/08 14:46:50 INFO session created token=bdb22a1b-794f-4f11-821d-dbae6bfa3c14 name=User_1_2
2025/11/08 14:46:50 INFO session removed token=55d7353b-c5ed-4329-a5ca-ff258cd81507
2025/11/08 14:46:50 INFO session updated token=c9a38db7-6efa-4938-8f9c-01bf95e3ba84 tableID=0xc000600870 seatIndex=0xc000604708
2025/11/08 14:46:50 INFO session removed token=8a7ef34e-3e00-4d53-913b-bd8d66bf8f47
2025/11/08 14:46:50 INFO session removed token=797bcb51-dacc-4fa4-8beb-c932c7ff495a
2025/11/08 14:46:50 INFO session created token=979ccdef-9fd2-4c76-9325-64f210b54022 name=User_38_2
2025/11/08 14:46:50 INFO session created token=8993885a-fb1b-4676-b012-1b39c426e72e name=User_93_2
2025/11/08 14:46:50 INFO session created token=a1813268-06bf-4f86-9dec-97853bb6f435 name=User_20_2
2025/11/08 14:46:50 INFO session created token=992d4293-b992-4226-910a-46b7ae7f373c name=User_41_6
2025/11/08 14:46:50 INFO session created token=b77fb2ab-e26d-4ae5-b972-207f19270a89 name=User_25_2
2025/11/08 14:46:50 INFO session created token=6b128886-a264-4dfa-b713-5d38456c8013 name=User_15_2
2025/11/08 14:46:50 INFO session created token=31a11d92-1a27-4988-bae2-2992658f0b10 name=User_99_12
2025/11/08 14:46:50 INFO session created token=b04d5890-5020-411a-8786-d456fdb9cf5f name=User_46_2
2025/11/08 14:46:50 INFO session removed token=37f72119-2e90-4071-8ace-02d3583cfc7f
2025/11/08 14:46:50 INFO session removed token=1d525000-32a2-41ff-9eb3-afdb98f6a58c
2025/11/08 14:46:50 INFO session created token=ae32c350-00cf-408b-890b-155b83a41e76 name=User_45_2
2025/11/08 14:46:50 INFO session removed token=a4671b61-17a0-4a6c-9a5b-ba11488ac875
2025/11/08 14:46:50 INFO session created token=8f2462bf-db8d-4c5e-b064-3283b4d46516 name=User_33_4
2025/11/08 14:46:50 INFO session created token=13a19448-24d6-46b9-9356-2759e430f718 name=User_62_2
2025/11/08 14:46:50 INFO session created token=4607e95b-1c1a-42ea-bf56-05144b4a5d25 name=User_35_3
2025/11/08 14:46:50 INFO session created token=fb33059c-0ea9-48c4-ad1d-bd0ccbf2f2ae name=User_16_2
2025/11/08 14:46:50 INFO session removed token=2f7d3d78-3467-4b4c-9b9f-16cc62169197
2025/11/08 14:46:50 INFO session created token=fa7570ee-62ec-4539-a986-47e096d94675 name=User_66_2
2025/11/08 14:46:50 INFO session created token=65d35f2c-b355-4ba8-8356-9d39972746fe name=User_84_2
2025/11/08 14:46:50 INFO session created token=c2e028f3-8a59-4c0c-bc5a-cacea2a0b5fc name=User_18_2
2025/11/08 14:46:50 INFO session created token=cd982cd4-e347-427d-877a-697147a7b1c5 name=User_81_2
2025/11/08 14:46:50 INFO session created token=a2b6053d-bf15-419b-b923-27a8b41c20b8 name=User_10_2
2025/11/08 14:46:50 INFO session created token=4658b24d-e533-4091-af2a-d6a3ee8fd3c6 name=User_22_2
2025/11/08 14:46:50 INFO session created token=0dbc6830-8ac3-4f85-98d6-c3491742356e name=User_28_2
2025/11/08 14:46:50 INFO session created token=3115aa5a-3380-43db-8680-04190e1d2351 name=User_49_2
2025/11/08 14:46:50 INFO session created token=f85ec706-9378-4734-8a67-a1a1e56f347f name=User_76_2
2025/11/08 14:46:50 INFO session created token=fee929b3-8fd0-4653-8a68-6da757e19b44 name=User_74_2
2025/11/08 14:46:50 INFO session removed token=5b27176a-3f52-4bcb-a7df-74ebc49c34bd
2025/11/08 14:46:50 INFO session created token=7846266f-e760-46cd-947c-66ede349f449 name=User_75_2
2025/11/08 14:46:50 INFO session created token=385e762b-2ff3-44be-b5b0-62909ec2b740 name=User_92_2
2025/11/08 14:46:50 INFO session updated token=4134497e-5d2b-4fe2-bd6a-cdfa1a164378 tableID=0xc00059abe0 seatIndex=0xc0005929f0
2025/11/08 14:46:50 INFO session created token=d6682f97-c97a-4675-9bbc-ede47f988235 name=User_94_2
2025/11/08 14:46:50 INFO session created token=d647d0c4-7fb4-4d10-8838-7ff4d4080d64 name=User_85_2
2025/11/08 14:46:50 INFO session created token=002a9929-4b83-4acc-8ab6-73aa7d8cd7f1 name=User_36_2
2025/11/08 14:46:50 INFO session created token=6e009f1b-5717-4aba-8d8b-cf8f999e37e4 name=User_98_2
2025/11/08 14:46:50 INFO session created token=f3b21704-4178-40e2-90c3-6926c44868c9 name=User_5_3
2025/11/08 14:46:50 INFO session updated token=fbc7b608-4b05-4f0d-908a-1833c45b1126 tableID=0xc00059ac10 seatIndex=0xc000592a00
2025/11/08 14:46:50 INFO session created token=99f10caf-d0c9-4da8-a0a1-c30f8c999fcf name=User_39_2
2025/11/08 14:46:50 INFO session created token=c421ed86-4016-4fa6-aeca-b9e1914ab5f2 name=User_97_2
2025/11/08 14:46:50 INFO session updated token=f03f134e-645b-4854-87ad-e6603d55c157 tableID=0xc0000256d0 seatIndex=0xc000013908
2025/11/08 14:46:50 INFO session created token=7ec1b19e-7865-4a03-8efd-44cfee973a3c name=User_43_2
2025/11/08 14:46:50 INFO session updated token=78bf59e3-f371-4d28-ab4d-b9c78e89384d tableID=0xc00051a690 seatIndex=0xc000512470
2025/11/08 14:46:50 INFO session updated token=c4a5bdae-8671-4d10-8fd3-61d3dc254966 tableID=0xc00051a6a0 seatIndex=0xc000512480
2025/11/08 14:46:50 INFO session updated token=de2d03a0-78df-4300-8548-53ef034ec451 tableID=0xc00051a6b0 seatIndex=0xc000512490
2025/11/08 14:46:50 INFO session updated token=fd40dc40-6191-4299-8bf0-ff2cf073e48d tableID=0xc00051a6c0 seatIndex=0xc0005124a0
2025/11/08 14:46:50 INFO session updated token=a3d97232-8918-42f6-a34a-4b10a2a1025d tableID=0xc00051a6d0 seatIndex=0xc0005124b0
2025/11/08 14:46:50 INFO session updated token=970acb7d-b521-4a5d-9be6-6d6551667747 tableID=0xc00051a6e0 seatIndex=0xc0005124c0
2025/11/08 14:46:50 INFO session updated token=c55eae46-19dd-4071-9bdb-2a1e6362de80 tableID=0xc0000256e0 seatIndex=0xc000013918
2025/11/08 14:46:50 INFO session updated token=c39fcebd-2655-43b3-a561-7e3c94f55437 tableID=0xc00051a6f0 seatIndex=0xc0005124d0
2025/11/08 14:46:50 INFO session updated token=49dfa014-776a-4a7b-a7b3-2381c5ad076e tableID=0xc00051a700 seatIndex=0xc0005124e0
2025/11/08 14:46:50 INFO session removed token=970acb7d-b521-4a5d-9be6-6d6551667747
2025/11/08 14:46:50 INFO session removed token=c39fcebd-2655-43b3-a561-7e3c94f55437
2025/11/08 14:46:50 INFO session created token=db62c3ff-7587-4c85-a138-ae03ad3f4c7b name=User_53_3
2025/11/08 14:46:50 INFO session removed token=a3d97232-8918-42f6-a34a-4b10a2a1025d
2025/11/08 14:46:50 INFO session updated token=e203e997-7c5f-4aa0-84cd-2bd8eee7ed34 tableID=0xc00059ac60 seatIndex=0xc000592a48
2025/11/08 14:46:50 INFO session removed token=e203e997-7c5f-4aa0-84cd-2bd8eee7ed34
2025/11/08 14:46:50 INFO session created token=407a7634-fe47-4181-8827-9f554737ab92 name=User_88_3
2025/11/08 14:46:50 INFO session updated token=407a7634-fe47-4181-8827-9f554737ab92 tableID=0xc000025a60 seatIndex=0xc000013c00
2025/11/08 14:46:50 INFO session removed token=407a7634-fe47-4181-8827-9f554737ab92
2025/11/08 14:46:50 INFO session created token=c3bbb484-1987-4a63-aea8-e1b314eb5c8b name=User_88_4
2025/11/08 14:46:50 INFO session updated token=c3bbb484-1987-4a63-aea8-e1b314eb5c8b tableID=0xc000025ab0 seatIndex=0xc000013c50
2025/11/08 14:46:50 INFO session removed token=c3bbb484-1987-4a63-aea8-e1b314eb5c8b
2025/11/08 14:46:50 INFO session created token=7e3dbb18-4301-45c2-9616-e263ca95d73a name=User_88_5
2025/11/08 14:46:50 INFO session updated token=7e3dbb18-4301-45c2-9616-e263ca95d73a tableID=0xc000025b00 seatIndex=0xc000013ca0
2025/11/08 14:46:50 INFO session removed token=7e3dbb18-4301-45c2-9616-e263ca95d73a
2025/11/08 14:46:50 INFO session created token=d9790f61-229e-4636-9c85-a45e14dce6fd name=User_88_6
2025/11/08 14:46:50 INFO session updated token=d9790f61-229e-4636-9c85-a45e14dce6fd tableID=0xc000025b50 seatIndex=0xc000013cf0
2025/11/08 14:46:50 INFO session removed token=d9790f61-229e-4636-9c85-a45e14dce6fd
2025/11/08 14:46:50 INFO session updated token=bc592cf4-c581-4488-ac2d-2951aa73c1e5 tableID=0xc00059ac70 seatIndex=0xc000592a58
2025/11/08 14:46:50 INFO session updated token=bfac2d46-fad8-4b14-866f-3bc49f5459ae tableID=0xc000025700 seatIndex=0xc000013938
2025/11/08 14:46:50 INFO session updated token=64ef8e86-77fd-4077-a444-59da04d8aedb tableID=0xc00059ac80 seatIndex=0xc000592a68
2025/11/08 14:46:50 INFO session updated token=bd745d90-b287-4d6d-9a91-1b0f1d6c6f1f tableID=0xc000025710 seatIndex=0xc000013948
2025/11/08 14:46:50 INFO session updated token=6108bb7e-3e56-40cf-8925-5f0dc6bc61a7 tableID=0xc0003039c0 seatIndex=0xc0003070c0
2025/11/08 14:46:50 INFO session updated token=fa34031b-530f-40aa-ae10-d85ed72f4237 tableID=0xc00059ac90 seatIndex=0xc000592a78
2025/11/08 14:46:50 INFO session updated token=46ca47b0-59bf-4fad-8a58-448670490062 tableID=0xc0003039d0 seatIndex=0xc0003070d0
2025/11/08 14:46:50 INFO session updated token=86fd534d-4ad4-4512-ab00-ca175f8dffdd tableID=0xc0003039f0 seatIndex=0xc0003070e0
2025/11/08 14:46:50 INFO session updated token=54cc6ead-490c-428b-8b53-2da496285c45 tableID=0xc000303a00 seatIndex=0xc0003070f0
2025/11/08 14:46:50 INFO session updated token=e6cbc11a-87c9-4c34-9fb5-2aeea10ef52d tableID=0xc000303a10 seatIndex=0xc000307100
2025/11/08 14:46:50 INFO session removed token=37f51305-dd9c-4737-85ce-b4c7db714cf6
2025/11/08 14:46:50 INFO session created token=d3b51c17-327e-4d35-92ca-d9f600bc8910 name=User_51_2
2025/11/08 14:46:50 INFO session created token=56b92ad9-791e-4e00-bff5-134ccd491803 name=User_50_2
2025/11/08 14:46:50 INFO session removed token=427d8af4-22a2-4ab5-af46-de851731067b
2025/11/08 14:46:50 INFO session created token=444271f6-4366-484c-80a3-dcf7addf3f0d name=User_11_2
2025/11/08 14:46:50 INFO session created token=f6cbd5a9-5055-465f-9fb2-e1ad24230ea3 name=User_87_2
2025/11/08 14:46:50 INFO session created token=03fcd946-eb30-4396-bd42-bb3069dd275d name=User_72_2
2025/11/08 14:46:50 INFO session created token=383395bc-b41b-496b-87ad-dcc3e438c326 name=User_64_2
2025/11/08 14:46:50 INFO session created token=4d5ba029-d456-4f64-8d74-48fabcd0ed7b name=User_30_3
2025/11/08 14:46:50 INFO session created token=ead59f62-144b-4ff9-bde6-15d0cd42679d name=User_12_2
2025/11/08 14:46:50 INFO session created token=9e7b8a48-c6a7-4a8f-b1b0-4ef4d27af8fc name=User_52_3
2025/11/08 14:46:50 INFO session created token=9d097122-83b2-4ec0-9aab-22943b38c031 name=User_63_2
2025/11/08 14:46:50 INFO session created token=4be5012e-dc94-4b7c-971c-7fda175caa44 name=User_44_2
2025/11/08 14:46:50 INFO session updated token=2e7daf2c-14bb-4980-9dd2-bea543de8752 tableID=0xc0004b9260 seatIndex=0xc0004ba7f0
2025/11/08 14:46:50 INFO session created token=ccd5c89c-1d86-4151-8221-5ed34e325b86 name=User_42_2
2025/11/08 14:46:50 INFO session created token=e981e3ea-11c4-4a4a-ad3b-afa2eb7c4feb name=User_9_2
2025/11/08 14:46:50 INFO session created token=6a6db8c5-144a-446e-937e-b9308612b89c name=User_23_2
2025/11/08 14:46:50 INFO session created token=8cf9d605-df58-4796-9f58-fd7153cd237c name=User_13_3
2025/11/08 14:46:50 INFO session updated token=da3e1dc9-d9d7-4e49-9b2b-39d98db860d9 tableID=0xc000025720 seatIndex=0xc0000139f8
2025/11/08 14:46:50 INFO session updated token=84faa75c-a606-42ef-8de3-b7b4534a7826 tableID=0xc0003d2110 seatIndex=0xc0003cf688
2025/11/08 14:46:50 INFO session updated token=fc18d9ea-f118-40ce-aa79-aa9440737ed6 tableID=0xc000025730 seatIndex=0xc000013a08
2025/11/08 14:46:50 INFO session updated token=1dfa3195-3858-4927-a746-2fa43c33da55 tableID=0xc000025740 seatIndex=0xc000013a18
2025/11/08 14:46:50 INFO session removed token=2b3187f5-7257-4405-ae63-100c66f9676b
2025/11/08 14:46:50 INFO session updated token=206dbecd-26f8-428a-9fff-9afb3b9298d8 tableID=0xc0003d2170 seatIndex=0xc0003cf6d8
2025/11/08 14:46:50 INFO session updated token=2a81957c-d892-4734-86cd-fda4242ff40f tableID=0xc0003d2180 seatIndex=0xc0003cf6e8
2025/11/08 14:46:50 INFO session updated token=61cf8701-ec11-4d6a-8912-12d67a7583b8 tableID=0xc0004b9290 seatIndex=0xc0004ba838
2025/11/08 14:46:50 INFO session updated token=6b997cb6-5779-4c02-8d97-42320dcf5019 tableID=0xc0004b92f0 seatIndex=0xc0004ba868
2025/11/08 14:46:50 INFO session created token=6a2ee738-3936-474d-b5d0-46d1cf41b361 name=User_27_2
2025/11/08 14:46:50 INFO session removed token=0f012de4-13eb-4f23-a0fc-2087c09709f6
2025/11/08 14:46:50 INFO session created token=007b7d63-fb44-4221-967d-88943e2cbd2c name=User_19_3
2025/11/08 14:46:50 INFO session created token=618877e2-8ec0-4691-8a1e-35fe5783dc72 name=User_32_7
2025/11/08 14:46:50 INFO session updated token=2b23019c-6058-4bc9-b188-758bc74c6570 tableID=0xc0003d21c0 seatIndex=0xc0003cf730
2025/11/08 14:46:50 INFO session created token=4cceb5a9-fc56-4858-b6a3-b40926c25f92 name=User_95_2
2025/11/08 14:46:50 INFO session updated token=bdb22a1b-794f-4f11-821d-dbae6bfa3c14 tableID=0xc0003d21e0 seatIndex=0xc0003cf740
2025/11/08 14:46:50 INFO session updated token=8993885a-fb1b-4676-b012-1b39c426e72e tableID=0xc00059ada0 seatIndex=0xc000592b88
2025/11/08 14:46:50 INFO session removed token=c9a38db7-6efa-4938-8f9c-01bf95e3ba84
2025/11/08 14:46:50 INFO session created token=bd675778-cabc-4b8f-b74e-09eec635a195 name=User_24_2
2025/11/08 14:46:50 INFO session updated token=a1813268-06bf-4f86-9dec-97853bb6f435 tableID=0xc00059ade0 seatIndex=0xc000592b98
2025/11/08 14:46:50 INFO session created token=ad8b490f-25ea-48d7-93bd-a8e56f149eec name=User_14_2
2025/11/08 14:46:50 INFO session created token=49eab1e6-45c2-4aad-9fa1-4fb12606457a name=User_65_2
2025/11/08 14:46:50 INFO session updated token=b77fb2ab-e26d-4ae5-b972-207f19270a89 tableID=0xc00059adf0 seatIndex=0xc000592ba8
2025/11/08 14:46:50 INFO session updated token=6b128886-a264-4dfa-b713-5d38456c8013 tableID=0xc00059ae00 seatIndex=0xc000592bb8
2025/11/08 14:46:50 INFO session updated token=979ccdef-9fd2-4c76-9325-64f210b54022 tableID=0xc00059ae10 seatIndex=0xc000592bc8
2025/11/08 14:46:50 INFO session updated token=31a11d92-1a27-4988-bae2-2992658f0b10 tableID=0xc00059ae20 seatIndex=0xc000592bd8
2025/11/08 14:46:50 INFO session updated token=b04d5890-5020-411a-8786-d456fdb9cf5f tableID=0xc00059ae30 seatIndex=0xc000592be8
2025/11/08 14:46:50 INFO session updated token=992d4293-b992-4226-910a-46b7ae7f373c tableID=0xc000025790 seatIndex=0xc000013a48
2025/11/08 14:46:50 INFO session updated token=8f2462bf-db8d-4c5e-b064-3283b4d46516 tableID=0xc00059ae80 seatIndex=0xc000592bf8
2025/11/08 14:46:50 INFO session created token=d0e9fe59-39ea-43b4-b4b1-08072a22c6a8 name=User_89_5
2025/11/08 14:46:50 INFO session updated token=13a19448-24d6-46b9-9356-2759e430f718 tableID=0xc0000257e0 seatIndex=0xc000013a98
2025/11/08 14:46:50 INFO session created token=48dbe96d-26f9-4705-8dd2-68ff25878065 name=User_54_2
2025/11/08 14:46:50 INFO session updated token=fa7570ee-62ec-4539-a986-47e096d94675 tableID=0xc00059aef0 seatIndex=0xc000592c08
2025/11/08 14:46:50 INFO session updated token=65d35f2c-b355-4ba8-8356-9d39972746fe tableID=0xc000025820 seatIndex=0xc000013aa8
2025/11/08 14:46:50 INFO session updated token=c2e028f3-8a59-4c0c-bc5a-cacea2a0b5fc tableID=0xc00059af20 seatIndex=0xc000592c18
2025/11/08 14:46:50 INFO session updated token=cd982cd4-e347-427d-877a-697147a7b1c5 tableID=0xc000025850 seatIndex=0xc000013ab8
2025/11/08 14:46:50 INFO session updated token=4607e95b-1c1a-42ea-bf56-05144b4a5d25 tableID=0xc000025860 seatIndex=0xc000013ac8
2025/11/08 14:46:50 INFO session updated token=fb33059c-0ea9-48c4-ad1d-bd0ccbf2f2ae tableID=0xc000025870 seatIndex=0xc000013ad8
2025/11/08 14:46:50 INFO session updated token=4658b24d-e533-4091-af2a-d6a3ee8fd3c6 tableID=0xc00059af70 seatIndex=0xc000592c28
2025/11/08 14:46:50 INFO session updated token=a2b6053d-bf15-419b-b923-27a8b41c20b8 tableID=0xc000025880 seatIndex=0xc000013b08
2025/11/08 14:46:50 INFO session created token=c3a6b2d0-d459-46b5-b4bf-edfa047627f8 name=User_29_2
2025/11/08 14:46:50 INFO session updated token=0dbc6830-8ac3-4f85-98d6-c3491742356e tableID=0xc0000258b0 seatIndex=0xc000013b18
2025/11/08 14:46:50 INFO session updated token=3115aa5a-3380-43db-8680-04190e1d2351 tableID=0xc00059afc0 seatIndex=0xc000592c38
2025/11/08 14:46:50 INFO session updated token=ae32c350-00cf-408b-890b-155b83a41e76 tableID=0xc00059aff0 seatIndex=0xc000592c48
2025/11/08 14:46:50 INFO session updated token=fee929b3-8fd0-4653-8a68-6da757e19b44 tableID=0xc0000258e0 seatIndex=0xc000013b28
2025/11/08 14:46:50 INFO session updated token=7846266f-e760-46cd-947c-66ede349f449 tableID=0xc00059b020 seatIndex=0xc000592c78
2025/11/08 14:46:50 INFO session created token=5b1f50dd-c0d3-421c-8fc0-4d68051a03cf name=User_40_2
2025/11/08 14:46:50 INFO session updated token=d6682f97-c97a-4675-9bbc-ede47f988235 tableID=0xc000025940 seatIndex=0xc000013b58
2025/11/08 14:46:50 INFO session created token=bcea89f2-f52e-46bd-8132-7db3c7fc870d name=User_79_3
2025/11/08 14:46:50 INFO session updated token=f85ec706-9378-4734-8a67-a1a1e56f347f tableID=0xc00059b040 seatIndex=0xc000592ca8
2025/11/08 14:46:50 INFO session updated token=d647d0c4-7fb4-4d10-8838-7ff4d4080d64 tableID=0xc000025950 seatIndex=0xc000013b68
2025/11/08 14:46:50 INFO session updated token=002a9929-4b83-4acc-8ab6-73aa7d8cd7f1 tableID=0xc00059b070 seatIndex=0xc000592cb8
2025/11/08 14:46:50 INFO session updated token=6e009f1b-5717-4aba-8d8b-cf8f999e37e4 tableID=0xc000025980 seatIndex=0xc000013b78
2025/11/08 14:46:50 INFO session updated token=385e762b-2ff3-44be-b5b0-62909ec2b740 tableID=0xc00059b080 seatIndex=0xc000592cc8
2025/11/08 14:46:50 INFO session removed token=4134497e-5d2b-4fe2-bd6a-cdfa1a164378
2025/11/08 14:46:50 INFO session updated token=f3b21704-4178-40e2-90c3-6926c44868c9 tableID=0xc0000259b0 seatIndex=0xc000013b88
2025/11/08 14:46:50 INFO session removed token=fbc7b608-4b05-4f0d-908a-1833c45b1126
2025/11/08 14:46:50 INFO session updated token=99f10caf-d0c9-4da8-a0a1-c30f8c999fcf tableID=0xc00059b0c0 seatIndex=0xc000592cf8
2025/11/08 14:46:50 INFO session updated token=c421ed86-4016-4fa6-aeca-b9e1914ab5f2 tableID=0xc00059b0e0 seatIndex=0xc000592d28
2025/11/08 14:46:50 INFO session removed token=f03f134e-645b-4854-87ad-e6603d55c157
2025/11/08 14:46:50 INFO session updated token=7ec1b19e-7865-4a03-8efd-44cfee973a3c tableID=0xc00059b100 seatIndex=0xc000592d58
2025/11/08 14:46:50 INFO session removed token=78bf59e3-f371-4d28-ab4d-b9c78e89384d
2025/11/08 14:46:50 INFO session removed token=c4a5bdae-8671-4d10-8fd3-61d3dc254966
2025/11/08 14:46:50 INFO session removed token=de2d03a0-78df-4300-8548-53ef034ec451
2025/11/08 14:46:50 INFO session removed token=fd40dc40-6191-4299-8bf0-ff2cf073e48d
2025/11/08 14:46:50 INFO session removed token=49dfa014-776a-4a7b-a7b3-2381c5ad076e
2025/11/08 14:46:50 INFO session updated token=be3719c2-9f15-4b5e-9f6a-871c9a72dba4 tableID=0xc0000256f0 seatIndex=0xc000013928
2025/11/08 14:46:50 INFO session removed token=c55eae46-19dd-4071-9bdb-2a1e6362de80
2025/11/08 14:46:50 INFO session updated token=db62c3ff-7587-4c85-a138-ae03ad3f4c7b tableID=0xc000025a10 seatIndex=0xc000013bb0
2025/11/08 14:46:50 INFO session created token=f626457d-2c42-4ffd-9c31-e8dedd41692c name=User_2_3
2025/11/08 14:46:50 INFO session removed token=bc592cf4-c581-4488-ac2d-2951aa73c1e5
2025/11/08 14:46:50 INFO session created token=abad0424-be85-429e-ae07-ba318ec49e32 name=User_88_7
2025/11/08 14:46:50 INFO session created token=9148b0ac-a326-4a62-9646-0a7f54458493 name=User_8_3
2025/11/08 14:46:50 INFO session removed token=bfac2d46-fad8-4b14-866f-3bc49f5459ae
2025/11/08 14:46:50 INFO session removed token=64ef8e86-77fd-4077-a444-59da04d8aedb
2025/11/08 14:46:50 INFO session removed token=bd745d90-b287-4d6d-9a91-1b0f1d6c6f1f
2025/11/08 14:46:50 INFO session removed token=6108bb7e-3e56-40cf-8925-5f0dc6bc61a7
2025/11/08 14:46:50 INFO session removed token=fa34031b-530f-40aa-ae10-d85ed72f4237
2025/11/08 14:46:50 INFO session removed token=46ca47b0-59bf-4fad-8a58-448670490062
2025/11/08 14:46:50 INFO session removed token=86fd534d-4ad4-4512-ab00-ca175f8dffdd
2025/11/08 14:46:50 INFO session removed token=54cc6ead-490c-428b-8b53-2da496285c45
2025/11/08 14:46:50 INFO session removed token=e6cbc11a-87c9-4c34-9fb5-2aeea10ef52d
2025/11/08 14:46:50 INFO session updated token=444271f6-4366-484c-80a3-dcf7addf3f0d tableID=0xc0003d22c0 seatIndex=0xc0003cf7b0
2025/11/08 14:46:50 INFO session updated token=f6cbd5a9-5055-465f-9fb2-e1ad24230ea3 tableID=0xc000025ca0 seatIndex=0xc000013e60
2025/11/08 14:46:50 INFO session created token=a78c0893-1e1a-42bc-acdd-637a92c814e5 name=User_67_2
2025/11/08 14:46:50 INFO session updated token=03fcd946-eb30-4396-bd42-bb3069dd275d tableID=0xc0003d22f0 seatIndex=0xc0003cf7c0
2025/11/08 14:46:50 INFO session updated token=d3b51c17-327e-4d35-92ca-d9f600bc8910 tableID=0xc0003d2300 seatIndex=0xc0003cf7d0
2025/11/08 14:46:50 INFO session updated token=56b92ad9-791e-4e00-bff5-134ccd491803 tableID=0xc000600950 seatIndex=0xc000604870
2025/11/08 14:46:50 INFO session created token=27d18faf-f9cb-4c7a-8514-38b7026be9d8 name=User_68_2
2025/11/08 14:46:50 INFO session updated token=383395bc-b41b-496b-87ad-dcc3e438c326 tableID=0xc000600960 seatIndex=0xc000604880
2025/11/08 14:46:50 INFO session updated token=4d5ba029-d456-4f64-8d74-48fabcd0ed7b tableID=0xc000600970 seatIndex=0xc000604890
2025/11/08 14:46:50 INFO session updated token=ccd5c89c-1d86-4151-8221-5ed34e325b86 tableID=0xc000025d10 seatIndex=0xc000013e90
2025/11/08 14:46:50 INFO session updated token=ead59f62-144b-4ff9-bde6-15d0cd42679d tableID=0xc000600980 seatIndex=0xc0006048a0
2025/11/08 14:46:50 INFO session updated token=9e7b8a48-c6a7-4a8f-b1b0-4ef4d27af8fc tableID=0xc000600990 seatIndex=0xc0006048b0
2025/11/08 14:46:50 INFO session removed token=2e7daf2c-14bb-4980-9dd2-bea543de8752
2025/11/08 14:46:50 INFO session updated token=e981e3ea-11c4-4a4a-ad3b-afa2eb7c4feb tableID=0xc000025d20 seatIndex=0xc000013ea0
2025/11/08 14:46:50 INFO session updated token=4be5012e-dc94-4b7c-971c-7fda175caa44 tableID=0xc000025d40 seatIndex=0xc000013ed0
2025/11/08 14:46:50 INFO session updated token=9d097122-83b2-4ec0-9aab-22943b38c031 tableID=0xc00059b220 seatIndex=0xc000592ea0
2025/11/08 14:46:50 INFO session updated token=6a6db8c5-144a-446e-937e-b9308612b89c tableID=0xc000025d50 seatIndex=0xc000013ee0
2025/11/08 14:46:50 INFO session removed token=da3e1dc9-d9d7-4e49-9b2b-39d98db860d9
2025/11/08 14:46:50 INFO session updated token=8cf9d605-df58-4796-9f58-fd7153cd237c tableID=0xc00059b230 seatIndex=0xc000592eb0
2025/11/08 14:46:50 INFO session removed token=84faa75c-a606-42ef-8de3-b7b4534a7826
2025/11/08 14:46:50 INFO session removed token=fc18d9ea-f118-40ce-aa79-aa9440737ed6
2025/11/08 14:46:50 INFO session removed token=1dfa3195-3858-4927-a746-2fa43c33da55
2025/11/08 14:46:50 INFO session removed token=206dbecd-26f8-428a-9fff-9afb3b9298d8
2025/11/08 14:46:50 INFO session removed token=2a81957c-d892-4734-86cd-fda4242ff40f
2025/11/08 14:46:50 INFO session created token=0c55da4a-9eb1-4af7-8078-299cff9ccb04 name=User_70_3
2025/11/08 14:46:50 INFO session removed token=61cf8701-ec11-4d6a-8912-12d67a7583b8
2025/11/08 14:46:50 INFO session removed token=6b997cb6-5779-4c02-8d97-42320dcf5019
2025/11/08 14:46:50 INFO session updated token=6a2ee738-3936-474d-b5d0-46d1cf41b361 tableID=0xc00059b2d0 seatIndex=0xc000592fa0
2025/11/08 14:46:50 INFO session updated token=007b7d63-fb44-4221-967d-88943e2cbd2c tableID=0xc00059b2f0 seatIndex=0xc000592fd0
2025/11/08 14:46:50 INFO session removed token=2b23019c-6058-4bc9-b188-758bc74c6570
2025/11/08 14:46:50 INFO session updated token=618877e2-8ec0-4691-8a1e-35fe5783dc72 tableID=0xc00051a790 seatIndex=0xc000512568
2025/11/08 14:46:50 INFO session created token=0f214071-61a3-4331-8f16-6469307bd397 name=User_57_3
2025/11/08 14:46:50 INFO session updated token=4cceb5a9-fc56-4858-b6a3-b40926c25f92 tableID=0xc00051a7b0 seatIndex=0xc000512598
2025/11/08 14:46:50 INFO session removed token=bdb22a1b-794f-4f11-821d-dbae6bfa3c14
2025/11/08 14:46:50 INFO session updated token=ad8b490f-25ea-48d7-93bd-a8e56f149eec tableID=0xc0004b93a0 seatIndex=0xc0004ba898
2025/11/08 14:46:50 INFO session removed token=8993885a-fb1b-4676-b012-1b39c426e72e
2025/11/08 14:46:50 INFO session removed token=a1813268-06bf-4f86-9dec-97853bb6f435
2025/11/08 14:46:50 INFO session updated token=bd675778-cabc-4b8f-b74e-09eec635a195 tableID=0xc0004b93c0 seatIndex=0xc0004ba8c8
2025/11/08 14:46:50 INFO session updated token=49eab1e6-45c2-4aad-9fa1-4fb12606457a tableID=0xc0004b93d0 seatIndex=0xc0004ba8d8
2025/11/08 14:46:50 INFO session removed token=b77fb2ab-e26d-4ae5-b972-207f19270a89
2025/11/08 14:46:50 INFO session removed token=6b128886-a264-4dfa-b713-5d38456c8013
2025/11/08 14:46:50 INFO session removed token=979ccdef-9fd2-4c76-9325-64f210b54022
2025/11/08 14:46:50 INFO session removed token=31a11d92-1a27-4988-bae2-2992658f0b10
2025/11/08 14:46:50 INFO session created token=db179605-1390-42a3-842f-f3a8f008da89 name=User_55_3
2025/11/08 14:46:50 INFO session removed token=b04d5890-5020-411a-8786-d456fdb9cf5f
2025/11/08 14:46:50 INFO session removed token=992d4293-b992-4226-910a-46b7ae7f373c
2025/11/08 14:46:50 INFO session removed token=8f2462bf-db8d-4c5e-b064-3283b4d46516
2025/11/08 14:46:50 INFO session removed token=13a19448-24d6-46b9-9356-2759e430f718
2025/11/08 14:46:50 INFO session updated token=d0e9fe59-39ea-43b4-b4b1-08072a22c6a8 tableID=0xc000025dc0 seatIndex=0xc000013f10
2025/11/08 14:46:50 INFO session updated token=48dbe96d-26f9-4705-8dd2-68ff25878065 tableID=0xc000025de0 seatIndex=0xc000013f40
2025/11/08 14:46:50 INFO session removed token=65d35f2c-b355-4ba8-8356-9d39972746fe
2025/11/08 14:46:50 INFO session removed token=fa7570ee-62ec-4539-a986-47e096d94675
2025/11/08 14:46:50 INFO session removed token=c2e028f3-8a59-4c0c-bc5a-cacea2a0b5fc
2025/11/08 14:46:50 INFO session removed token=4607e95b-1c1a-42ea-bf56-05144b4a5d25
2025/11/08 14:46:50 INFO session created token=2baabba8-c86e-44cb-95ab-02c716d0f31f name=User_84_3
2025/11/08 14:46:50 INFO session created token=53d9766c-66cc-4d10-a922-66437034a404 name=User_66_3
2025/11/08 14:46:50 INFO session created token=83e72276-92e7-4760-bf40-bc4cee2665a1 name=User_18_3
2025/11/08 14:46:50 INFO session updated token=2baabba8-c86e-44cb-95ab-02c716d0f31f tableID=0xc0004b9640 seatIndex=0xc0004bac28
2025/11/08 14:46:50 INFO session created token=12d9f692-e2b3-47bb-a489-22d170672e0e name=User_35_4
2025/11/08 14:46:50 INFO session removed token=fb33059c-0ea9-48c4-ad1d-bd0ccbf2f2ae
2025/11/08 14:46:50 INFO session created token=c6e93355-d63f-423d-bb97-654293b07cb0 name=User_16_3
2025/11/08 14:46:50 INFO session updated token=12d9f692-e2b3-47bb-a489-22d170672e0e tableID=0xc00059b300 seatIndex=0xc000593000
2025/11/08 14:46:50 INFO session removed token=12d9f692-e2b3-47bb-a489-22d170672e0e
2025/11/08 14:46:50 INFO session removed token=4658b24d-e533-4091-af2a-d6a3ee8fd3c6
2025/11/08 14:46:50 INFO session removed token=a2b6053d-bf15-419b-b923-27a8b41c20b8
2025/11/08 14:46:50 INFO session removed token=0dbc6830-8ac3-4f85-98d6-c3491742356e
2025/11/08 14:46:50 INFO session updated token=c3a6b2d0-d459-46b5-b4bf-edfa047627f8 tableID=0xc000600a00 seatIndex=0xc0006048e0
2025/11/08 14:46:50 INFO session removed token=3115aa5a-3380-43db-8680-04190e1d2351
2025/11/08 14:46:50 INFO session removed token=ae32c350-00cf-408b-890b-155b83a41e76
2025/11/08 14:46:50 INFO session removed token=fee929b3-8fd0-4653-8a68-6da757e19b44
2025/11/08 14:46:50 INFO session removed token=7846266f-e760-46cd-947c-66ede349f449
2025/11/08 14:46:50 INFO session removed token=d6682f97-c97a-4675-9bbc-ede47f988235
2025/11/08 14:46:50 INFO session updated token=bcea89f2-f52e-46bd-8132-7db3c7fc870d tableID=0xc0004b9490 seatIndex=0xc0004ba9c8
2025/11/08 14:46:50 INFO session updated token=5b1f50dd-c0d3-421c-8fc0-4d68051a03cf tableID=0xc0004b94b0 seatIndex=0xc0004ba9f8
2025/11/08 14:46:50 INFO session removed token=002a9929-4b83-4acc-8ab6-73aa7d8cd7f1
2025/11/08 14:46:50 INFO session removed token=5b1f50dd-c0d3-421c-8fc0-4d68051a03cf
2025/11/08 14:46:50 INFO session created token=f82415f5-c765-4106-aa96-4881f40c527f name=User_40_3
2025/11/08 14:46:50 INFO session updated token=f82415f5-c765-4106-aa96-4881f40c527f tableID=0xc0004b96d0 seatIndex=0xc0004bacc8
2025/11/08 14:46:50 INFO session removed token=f82415f5-c765-4106-aa96-4881f40c527f
2025/11/08 14:46:50 INFO session created token=be6fdeb6-80c7-4272-81b9-0b54087d2eb2 name=User_40_4
2025/11/08 14:46:50 INFO session updated token=be6fdeb6-80c7-4272-81b9-0b54087d2eb2 tableID=0xc0004b9720 seatIndex=0xc0004bad18
2025/11/08 14:46:50 INFO session removed token=be6fdeb6-80c7-4272-81b9-0b54087d2eb2
2025/11/08 14:46:50 INFO session created token=d945baf2-3574-4929-9921-a2bd30af3935 name=User_40_5
2025/11/08 14:46:50 INFO session updated token=d945baf2-3574-4929-9921-a2bd30af3935 tableID=0xc0004b9770 seatIndex=0xc0004bad68
2025/11/08 14:46:50 INFO session removed token=d945baf2-3574-4929-9921-a2bd30af3935
2025/11/08 14:46:50 INFO session removed token=d647d0c4-7fb4-4d10-8838-7ff4d4080d64
2025/11/08 14:46:50 INFO session created token=ebd3de6d-055b-4b55-bcc7-c87bb071ef4f name=User_85_3
2025/11/08 14:46:50 INFO session created token=1db2c411-c3b2-4a92-95bd-59fed68230a1 name=User_40_6
2025/11/08 14:46:50 INFO session removed token=385e762b-2ff3-44be-b5b0-62909ec2b740
2025/11/08 14:46:50 INFO session removed token=6e009f1b-5717-4aba-8d8b-cf8f999e37e4
2025/11/08 14:46:50 INFO session removed token=f3b21704-4178-40e2-90c3-6926c44868c9
2025/11/08 14:46:50 INFO session removed token=99f10caf-d0c9-4da8-a0a1-c30f8c999fcf
2025/11/08 14:46:50 INFO session removed token=c421ed86-4016-4fa6-aeca-b9e1914ab5f2
2025/11/08 14:46:50 INFO session created token=0584c823-c317-4e45-aa94-8f3aa68ae5ba name=User_92_3
2025/11/08 14:46:50 INFO session removed token=7ec1b19e-7865-4a03-8efd-44cfee973a3c
2025/11/08 14:46:50 INFO session created token=5594740e-8134-4f8d-8d27-e273ee541526 name=User_69_4
2025/11/08 14:46:50 INFO session created token=4d8e6907-a828-40b8-986b-73594dd4a7fa name=User_31_85
2025/11/08 14:46:50 INFO session created token=25bd508a-5d35-444c-83f3-2bf15937be40 name=User_56_3
2025/11/08 14:46:50 INFO session created token=33c494b6-882d-426b-ab66-c8ae59f4b368 name=User_83_3
2025/11/08 14:46:50 INFO session created token=b79ae770-138e-43d5-b4fa-1d667e244103 name=User_82_3
2025/11/08 14:46:50 INFO session created token=d7f9b823-aec6-4830-9312-6d23e583d7ca name=User_73_5
2025/11/08 14:46:50 INFO session removed token=be3719c2-9f15-4b5e-9f6a-871c9a72dba4
2025/11/08 14:46:50 INFO session created token=2c035bc9-4ccb-4e0f-ae1c-089b1407dc31 name=User_61_6
2025/11/08 14:46:50 INFO session created token=f57943e5-85a9-4f8b-955e-04c9156b0a9d name=User_91_3
2025/11/08 14:46:50 INFO session removed token=db62c3ff-7587-4c85-a138-ae03ad3f4c7b
2025/11/08 14:46:50 INFO session created token=06388b22-e47b-4fa4-aa18-d020ff001685 name=User_6_4
2025/11/08 14:46:50 INFO session updated token=f626457d-2c42-4ffd-9c31-e8dedd41692c tableID=0xc00051a810 seatIndex=0xc000512600
2025/11/08 14:46:50 INFO session updated token=abad0424-be85-429e-ae07-ba318ec49e32 tableID=0xc00051a830 seatIndex=0xc000512610
2025/11/08 14:46:50 INFO session created token=04ab545d-3030-409a-a088-43b0712ac439 name=User_21_3
2025/11/08 14:46:50 INFO session updated token=9148b0ac-a326-4a62-9646-0a7f54458493 tableID=0xc00051a840 seatIndex=0xc000512620
2025/11/08 14:46:50 INFO session created token=df570f6e-79ca-4c05-8f2e-eb1c381c3f41 name=User_90_3
2025/11/08 14:46:50 INFO session created token=b6e54efc-38d8-4030-8a4f-73bb777a3336 name=User_78_2
2025/11/08 14:46:50 INFO session created token=0f8bd43b-608b-4520-9641-99261fd59864 name=User_77_3
2025/11/08 14:46:50 INFO session created token=c62e0fe3-bcdb-48d7-a119-2ec1c962e9a4 name=User_37_3
2025/11/08 14:46:50 INFO session created token=859862cb-0ec2-48ed-8a0b-0b50374ee4cb name=User_7_3
2025/11/08 14:46:50 INFO session created token=14aff0bd-c51b-451a-8362-e0e4b8bce5e1 name=User_80_3
2025/11/08 14:46:50 INFO session created token=05ae8d6a-4cf1-4ea0-8058-fb18aafabdb7 name=User_58_3
2025/11/08 14:46:50 INFO session created token=390371d5-2efd-44a7-b8c1-668f32a18a75 name=User_60_4
2025/11/08 14:46:50 INFO session created token=abb24e15-5945-42e4-bcf7-499114392955 name=User_96_3
2025/11/08 14:46:50 INFO session removed token=444271f6-4366-484c-80a3-dcf7addf3f0d
2025/11/08 14:46:50 INFO session removed token=f6cbd5a9-5055-465f-9fb2-e1ad24230ea3
2025/11/08 14:46:50 INFO session updated token=a78c0893-1e1a-42bc-acdd-637a92c814e5 tableID=0xc00051a900 seatIndex=0xc000512690
2025/11/08 14:46:50 INFO session removed token=03fcd946-eb30-4396-bd42-bb3069dd275d
2025/11/08 14:46:50 INFO session removed token=d3b51c17-327e-4d35-92ca-d9f600bc8910
2025/11/08 14:46:50 INFO session removed token=56b92ad9-791e-4e00-bff5-134ccd491803
2025/11/08 14:46:50 INFO session updated token=27d18faf-f9cb-4c7a-8514-38b7026be9d8 tableID=0xc00051a940 seatIndex=0xc000512700
2025/11/08 14:46:50 INFO session removed token=ead59f62-144b-4ff9-bde6-15d0cd42679d
2025/11/08 14:46:50 INFO session removed token=383395bc-b41b-496b-87ad-dcc3e438c326
2025/11/08 14:46:50 INFO session removed token=4d5ba029-d456-4f64-8d74-48fabcd0ed7b
2025/11/08 14:46:50 INFO session removed token=ccd5c89c-1d86-4151-8221-5ed34e325b86
2025/11/08 14:46:50 INFO session removed token=e981e3ea-11c4-4a4a-ad3b-afa2eb7c4feb
2025/11/08 14:46:50 INFO session created token=af9ec32f-615b-47e2-ac46-5ee3497669f1 name=User_26_77
2025/11/08 14:46:50 INFO session removed token=4be5012e-dc94-4b7c-971c-7fda175caa44
2025/11/08 14:46:50 INFO session removed token=9e7b8a48-c6a7-4a8f-b1b0-4ef4d27af8fc
2025/11/08 14:46:50 INFO session removed token=9d097122-83b2-4ec0-9aab-22943b38c031
2025/11/08 14:46:50 INFO session removed token=6a6db8c5-144a-446e-937e-b9308612b89c
2025/11/08 14:46:50 INFO session removed token=8cf9d605-df58-4796-9f58-fd7153cd237c
2025/11/08 14:46:50 INFO session updated token=0c55da4a-9eb1-4af7-8078-299cff9ccb04 tableID=0xc000600ae0 seatIndex=0xc000604a88
2025/11/08 14:46:50 INFO session removed token=007b7d63-fb44-4221-967d-88943e2cbd2c
2025/11/08 14:46:50 INFO session removed token=618877e2-8ec0-4691-8a1e-35fe5783dc72
2025/11/08 14:46:50 INFO session removed token=4cceb5a9-fc56-4858-b6a3-b40926c25f92
2025/11/08 14:46:50 INFO session created token=7e2fddef-23d7-4bec-8dd0-771552997e2c name=User_86_6
2025/11/08 14:46:50 INFO session updated token=0f214071-61a3-4331-8f16-6469307bd397 tableID=0xc000600b50 seatIndex=0xc000604b18
2025/11/08 14:46:50 INFO session created token=adea2230-5aab-46dd-b4b3-fd6adf1e4027 name=User_4_3
2025/11/08 14:46:50 INFO session created token=8e2c0916-3c06-43cd-bd7a-78541d84b949 name=User_17_3
2025/11/08 14:46:50 INFO session removed token=6a2ee738-3936-474d-b5d0-46d1cf41b361
2025/11/08 14:46:50 INFO session created token=68aed6ce-9d20-4a77-911c-b5b5abb84a1f name=User_59_3
2025/11/08 14:46:50 INFO session created token=d6623399-f08c-4646-9449-a0856db79972 name=User_48_3
2025/11/08 14:46:50 INFO session created token=8c791696-b81b-4537-ba2e-87cae56808bb name=User_47_3
2025/11/08 14:46:50 INFO session created token=658f3f9e-565f-42df-9e7f-85d5355c5659 name=User_3_4
2025/11/08 14:46:50 INFO session created token=6e385d0b-a85b-4dc2-a367-fe7ee40d4e1b name=User_0_19
2025/11/08 14:46:50 INFO session created token=74e52cd5-b2b7-4172-9e35-bc92218419f6 name=User_71_3
2025/11/08 14:46:50 INFO session created token=afcbdb5a-8dfa-42fd-8ca2-79be5588bdac name=User_1_3
2025/11/08 14:46:50 INFO session created token=4ccda194-498d-4327-8535-322283cb0857 name=User_20_3
2025/11/08 14:46:50 INFO session removed token=ad8b490f-25ea-48d7-93bd-a8e56f149eec
2025/11/08 14:46:50 INFO session removed token=49eab1e6-45c2-4aad-9fa1-4fb12606457a
2025/11/08 14:46:50 INFO session created token=452fcfcd-bafb-4b2c-8760-16580da8f4d5 name=User_93_3
2025/11/08 14:46:50 INFO session created token=da25c7b9-a297-41da-9b00-d68f70861b7f name=User_15_3
2025/11/08 14:46:50 INFO session updated token=452fcfcd-bafb-4b2c-8760-16580da8f4d5 tableID=0xc0002cc360 seatIndex=0xc0002c8590
2025/11/08 14:46:50 INFO session removed token=452fcfcd-bafb-4b2c-8760-16580da8f4d5
2025/11/08 14:46:50 INFO session created token=d6e0ca40-5a61-4e7f-86f0-0f291f018a86 name=User_93_4
2025/11/08 14:46:50 INFO session updated token=d6e0ca40-5a61-4e7f-86f0-0f291f018a86 tableID=0xc0002cc3c0 seatIndex=0xc0002c85f0
2025/11/08 14:46:50 INFO session removed token=d6e0ca40-5a61-4e7f-86f0-0f291f018a86
2025/11/08 14:46:50 INFO session created token=a278d509-a85b-41c1-85d0-e3b2b3d6c0b7 name=User_93_5
2025/11/08 14:46:50 INFO session updated token=a278d509-a85b-41c1-85d0-e3b2b3d6c0b7 tableID=0xc0002cc410 seatIndex=0xc0002c8640
2025/11/08 14:46:50 INFO session removed token=a278d509-a85b-41c1-85d0-e3b2b3d6c0b7
2025/11/08 14:46:50 INFO session created token=e4a889d0-19ca-4b0a-9e6a-8d25e6417ca5 name=User_93_6
2025/11/08 14:46:50 INFO session updated token=e4a889d0-19ca-4b0a-9e6a-8d25e6417ca5 tableID=0xc0002cc460 seatIndex=0xc0002c8690
2025/11/08 14:46:50 INFO session removed token=e4a889d0-19ca-4b0a-9e6a-8d25e6417ca5
2025/11/08 14:46:50 INFO session removed token=bd675778-cabc-4b8f-b74e-09eec635a195
2025/11/08 14:46:50 INFO session created token=aa095245-f054-47fd-9420-68fdf1be0c37 name=User_24_3
2025/11/08 14:46:50 INFO session created token=8b986f0d-1a7f-4908-9dc1-fc149de0f659 name=User_93_7
2025/11/08 14:46:50 INFO session updated token=aa095245-f054-47fd-9420-68fdf1be0c37 tableID=0xc000600d50 seatIndex=0xc000604ce8
2025/11/08 14:46:50 INFO session removed token=aa095245-f054-47fd-9420-68fdf1be0c37
2025/11/08 14:46:50 INFO session updated token=db179605-1390-42a3-842f-f3a8f008da89 tableID=0xc000025ed0 seatIndex=0xc0002c8220
2025/11/08 14:46:50 INFO session created token=e4b0d1f7-fa56-401d-8932-af5f4e4df892 name=User_38_3
2025/11/08 14:46:50 INFO session removed token=d0e9fe59-39ea-43b4-b4b1-08072a22c6a8
2025/11/08 14:46:50 INFO session created token=ed6c3354-2b0f-42b4-8c5b-654e7c537678 name=User_46_3
2025/11/08 14:46:50 INFO session created token=9d3bdeb0-c77b-4fc9-ac73-838e0d1a477f name=User_99_13
2025/11/08 14:46:50 INFO session created token=e81e67b6-96db-4451-befe-3730b63979ee name=User_62_3
2025/11/08 14:46:50 INFO session created token=b6babeaf-b2ee-4d51-9c72-a6d2072344e4 name=User_41_7
2025/11/08 14:46:50 INFO session created token=7245519b-5d11-4966-bf30-486dc61f2b4c name=User_33_5
2025/11/08 14:46:50 INFO session removed token=48dbe96d-26f9-4705-8dd2-68ff25878065
2025/11/08 14:46:50 INFO session removed token=cd982cd4-e347-427d-877a-697147a7b1c5
2025/11/08 14:46:50 INFO session removed token=2baabba8-c86e-44cb-95ab-02c716d0f31f
2025/11/08 14:46:50 INFO session updated token=83e72276-92e7-4760-bf40-bc4cee2665a1 tableID=0xc0004b9660 seatIndex=0xc0004bac58
2025/11/08 14:46:50 INFO session updated token=53d9766c-66cc-4d10-a922-66437034a404 tableID=0xc00051aa80 seatIndex=0xc000512980
2025/11/08 14:46:50 INFO session updated token=c6e93355-d63f-423d-bb97-654293b07cb0 tableID=0xc00059b320 seatIndex=0xc000593030
2025/11/08 14:46:50 INFO session removed token=c6e93355-d63f-423d-bb97-654293b07cb0
2025/11/08 14:46:50 INFO session created token=245b5062-a818-4f34-ac70-99b01e704aff name=User_35_5
2025/11/08 14:46:50 INFO session created token=ac0dfa28-9d4f-4813-9a5f-53c6b347ecbe name=User_16_4
2025/11/08 14:46:50 INFO session created token=72b47f9e-703d-487b-9e2c-e16255cf2a0f name=User_22_3
2025/11/08 14:46:50 INFO session updated token=245b5062-a818-4f34-ac70-99b01e704aff tableID=0xc0003d24a0 seatIndex=0xc0003cf8c0
2025/11/08 14:46:50 INFO session removed token=c3a6b2d0-d459-46b5-b4bf-edfa047627f8
2025/11/08 14:46:50 INFO session removed token=bcea89f2-f52e-46bd-8132-7db3c7fc870d
2025/11/08 14:46:50 INFO session removed token=f85ec706-9378-4734-8a67-a1a1e56f347f
2025/11/08 14:46:50 INFO session updated token=ebd3de6d-055b-4b55-bcc7-c87bb071ef4f tableID=0xc0004b97d0 seatIndex=0xc0004badd8
2025/11/08 14:46:50 INFO session removed token=ebd3de6d-055b-4b55-bcc7-c87bb071ef4f
2025/11/08 14:46:50 INFO session created token=e628fd7b-744f-4d87-a8ef-0af1e1ebe21e name=User_85_4
2025/11/08 14:46:50 INFO session updated token=e628fd7b-744f-4d87-a8ef-0af1e1ebe21e tableID=0xc0003d2550 seatIndex=0xc0003cf950
2025/11/08 14:46:50 INFO session removed token=e628fd7b-744f-4d87-a8ef-0af1e1ebe21e
2025/11/08 14:46:50 INFO session created token=d9173bee-17a9-472f-8760-7b77bfa1805e name=User_85_5
2025/11/08 14:46:50 INFO session updated token=d9173bee-17a9-472f-8760-7b77bfa1805e tableID=0xc0003d25a0 seatIndex=0xc0003cf9a0
2025/11/08 14:46:50 INFO session removed token=d9173bee-17a9-472f-8760-7b77bfa1805e
2025/11/08 14:46:50 INFO session created token=960842e8-0c76-410f-a5a5-54f6f79eb3de name=User_85_6
2025/11/08 14:46:50 INFO session updated token=960842e8-0c76-410f-a5a5-54f6f79eb3de tableID=0xc0003d25f0 seatIndex=0xc0003cf9f0
2025/11/08 14:46:50 INFO session removed token=960842e8-0c76-410f-a5a5-54f6f79eb3de
2025/11/08 14:46:50 INFO session created token=662e9715-3ab4-446b-9536-26a114b7f564 name=User_85_7
2025/11/08 14:46:50 INFO session updated token=662e9715-3ab4-446b-9536-26a114b7f564 tableID=0xc0003d2640 seatIndex=0xc0003cfa40
2025/11/08 14:46:50 INFO session removed token=662e9715-3ab4-446b-9536-26a114b7f564
2025/11/08 14:46:50 INFO session created token=ad78848c-f74e-4cd4-b6ff-07812e9c7573 name=User_85_8
2025/11/08 14:46:50 INFO session updated token=ad78848c-f74e-4cd4-b6ff-07812e9c7573 tableID=0xc0003d2690 seatIndex=0xc0003cfa90
2025/11/08 14:46:50 INFO session removed token=ad78848c-f74e-4cd4-b6ff-07812e9c7573
2025/11/08 14:46:50 INFO session created token=01e6e6d0-756d-435a-bb21-9a930af67943 name=User_85_9
2025/11/08 14:46:50 INFO session updated token=01e6e6d0-756d-435a-bb21-9a930af67943 tableID=0xc0003d26e0 seatIndex=0xc0003cfae0
2025/11/08 14:46:50 INFO session removed token=01e6e6d0-756d-435a-bb21-9a930af67943
2025/11/08 14:46:50 INFO session created token=ecf7064a-a193-4d23-ab4d-8dec34b6a2fa name=User_85_10
2025/11/08 14:46:50 INFO session updated token=ecf7064a-a193-4d23-ab4d-8dec34b6a2fa tableID=0xc0003d2730 seatIndex=0xc0003cfb30
2025/11/08 14:46:50 INFO session removed token=ecf7064a-a193-4d23-ab4d-8dec34b6a2fa
2025/11/08 14:46:50 INFO session created token=8f780b04-e165-4c30-9dc6-a20f17dbf355 name=User_85_11
2025/11/08 14:46:50 INFO session updated token=8f780b04-e165-4c30-9dc6-a20f17dbf355 tableID=0xc0003d2780 seatIndex=0xc0003cfb80
2025/11/08 14:46:50 INFO session removed token=8f780b04-e165-4c30-9dc6-a20f17dbf355
2025/11/08 14:46:50 INFO session created token=a97ef535-18f3-4ad6-82ca-1b25abd3bcab name=User_85_12
2025/11/08 14:46:50 INFO session updated token=a97ef535-18f3-4ad6-82ca-1b25abd3bcab tableID=0xc0003d27d0 seatIndex=0xc0003cfbd0
2025/11/08 14:46:50 INFO session removed token=a97ef535-18f3-4ad6-82ca-1b25abd3bcab
2025/11/08 14:46:50 INFO session created token=711db710-47f6-473a-99b7-52af6652f488 name=User_85_13
2025/11/08 14:46:50 INFO session updated token=711db710-47f6-473a-99b7-52af6652f488 tableID=0xc0003d2820 seatIndex=0xc0003cfc20
2025/11/08 14:46:50 INFO session removed token=711db710-47f6-473a-99b7-52af6652f488
2025/11/08 14:46:50 INFO session created token=52e52817-17e2-4a76-8591-136e9b50c430 name=User_85_14
2025/11/08 14:46:50 INFO session updated token=52e52817-17e2-4a76-8591-136e9b50c430 tableID=0xc0003d2870 seatIndex=0xc0003cfc70
2025/11/08 14:46:50 INFO session removed token=52e52817-17e2-4a76-8591-136e9b50c430
2025/11/08 14:46:50 INFO session created token=ec608694-9982-4552-8735-aa49b6f69352 name=User_85_15
2025/11/08 14:46:50 INFO session updated token=ec608694-9982-4552-8735-aa49b6f69352 tableID=0xc0003d28c0 seatIndex=0xc0003cfcc0
2025/11/08 14:46:50 INFO session removed token=ec608694-9982-4552-8735-aa49b6f69352
2025/11/08 14:46:50 INFO session created token=09feaed9-bba1-4b06-83e1-cf1bbee0fefc name=User_85_16
2025/11/08 14:46:50 INFO session updated token=09feaed9-bba1-4b06-83e1-cf1bbee0fefc tableID=0xc0003d2910 seatIndex=0xc0003cfd10
2025/11/08 14:46:50 INFO session removed token=09feaed9-bba1-4b06-83e1-cf1bbee0fefc
2025/11/08 14:46:50 INFO session created token=e3959d6f-391e-49fb-b2ef-01db6248f800 name=User_85_17
2025/11/08 14:46:50 INFO session updated token=e3959d6f-391e-49fb-b2ef-01db6248f800 tableID=0xc0003d2960 seatIndex=0xc0003cfd60
2025/11/08 14:46:50 INFO session removed token=e3959d6f-391e-49fb-b2ef-01db6248f800
2025/11/08 14:46:50 INFO session created token=09fc81aa-7c13-41fa-b736-00ec0516c9e4 name=User_85_18
2025/11/08 14:46:50 INFO session updated token=09fc81aa-7c13-41fa-b736-00ec0516c9e4 tableID=0xc0003d29b0 seatIndex=0xc0003cfdb0
2025/11/08 14:46:50 INFO session removed token=09fc81aa-7c13-41fa-b736-00ec0516c9e4
2025/11/08 14:46:50 INFO session created token=221e6b80-f548-49d4-ab16-7c9fbce5e64e name=User_85_19
2025/11/08 14:46:50 INFO session updated token=221e6b80-f548-49d4-ab16-7c9fbce5e64e tableID=0xc0003d2a00 seatIndex=0xc0003cfe00
2025/11/08 14:46:50 INFO session removed token=221e6b80-f548-49d4-ab16-7c9fbce5e64e
2025/11/08 14:46:50 INFO session created token=15d6e572-0054-495b-a99f-6339930a556a name=User_85_20
2025/11/08 14:46:50 INFO session updated token=15d6e572-0054-495b-a99f-6339930a556a tableID=0xc0003d2a50 seatIndex=0xc0003cfe50
2025/11/08 14:46:50 INFO session removed token=15d6e572-0054-495b-a99f-6339930a556a
2025/11/08 14:46:50 INFO session created token=74c186fc-0a55-4363-ab4e-f31c20b77a82 name=User_85_21
2025/11/08 14:46:50 INFO session updated token=74c186fc-0a55-4363-ab4e-f31c20b77a82 tableID=0xc0003d2aa0 seatIndex=0xc0003cfea0
2025/11/08 14:46:50 INFO session removed token=74c186fc-0a55-4363-ab4e-f31c20b77a82
2025/11/08 14:46:50 INFO session created token=ecfad45d-5f81-4ce3-a3ec-0b0b68994e7f name=User_85_22
2025/11/08 14:46:50 INFO session updated token=ecfad45d-5f81-4ce3-a3ec-0b0b68994e7f tableID=0xc0003d2af0 seatIndex=0xc0003cfef0
2025/11/08 14:46:50 INFO session removed token=ecfad45d-5f81-4ce3-a3ec-0b0b68994e7f
2025/11/08 14:46:50 INFO session created token=8ccb38c5-c171-440b-9253-7ae3cc20135b name=User_85_23
2025/11/08 14:46:50 INFO session updated token=8ccb38c5-c171-440b-9253-7ae3cc20135b tableID=0xc0003d2b40 seatIndex=0xc0003cff40
2025/11/08 14:46:50 INFO session removed token=8ccb38c5-c171-440b-9253-7ae3cc20135b
2025/11/08 14:46:50 INFO session created token=029a8949-1755-464f-bf0f-dea034c690d2 name=User_85_24
2025/11/08 14:46:50 INFO session updated token=029a8949-1755-464f-bf0f-dea034c690d2 tableID=0xc0003d2b90 seatIndex=0xc0003cff90
2025/11/08 14:46:50 INFO session removed token=029a8949-1755-464f-bf0f-dea034c690d2
2025/11/08 14:46:50 INFO session created token=02fe99e9-16d6-4837-94eb-95c35219f75e name=User_85_25
2025/11/08 14:46:50 INFO session updated token=02fe99e9-16d6-4837-94eb-95c35219f75e tableID=0xc0003d2be0 seatIndex=0xc0003cffe0
2025/11/08 14:46:50 INFO session removed token=02fe99e9-16d6-4837-94eb-95c35219f75e
2025/11/08 14:46:50 INFO session created token=0ddbf3f5-b5dc-4bc5-9681-7a0f4e0011c0 name=User_85_26
2025/11/08 14:46:50 INFO session updated token=0ddbf3f5-b5dc-4bc5-9681-7a0f4e0011c0 tableID=0xc0003d2c30 seatIndex=0xc0003d8030
2025/11/08 14:46:50 INFO session removed token=0ddbf3f5-b5dc-4bc5-9681-7a0f4e0011c0
2025/11/08 14:46:50 INFO session created token=1363614e-451d-4dcc-b309-fc667028bfc9 name=User_85_27
2025/11/08 14:46:50 INFO session updated token=1363614e-451d-4dcc-b309-fc667028bfc9 tableID=0xc0003d2c80 seatIndex=0xc0003d8080
2025/11/08 14:46:50 INFO session removed token=1363614e-451d-4dcc-b309-fc667028bfc9
2025/11/08 14:46:50 INFO session created token=ce52143f-5437-4672-bc57-6ab85b1c90a2 name=User_85_28
2025/11/08 14:46:50 INFO session updated token=ce52143f-5437-4672-bc57-6ab85b1c90a2 tableID=0xc0003d2cd0 seatIndex=0xc0003d80d0
2025/11/08 14:46:50 INFO session removed token=ce52143f-5437-4672-bc57-6ab85b1c90a2
2025/11/08 14:46:50 INFO session created token=574f52a6-7182-4a83-9cd7-615822bf0d25 name=User_85_29
2025/11/08 14:46:50 INFO session updated token=574f52a6-7182-4a83-9cd7-615822bf0d25 tableID=0xc0003d2d20 seatIndex=0xc0003d8120
2025/11/08 14:46:50 INFO session removed token=574f52a6-7182-4a83-9cd7-615822bf0d25
2025/11/08 14:46:50 INFO session created token=2b30493a-d9fa-4868-b61b-66c707780736 name=User_85_30
2025/11/08 14:46:50 INFO session updated token=2b30493a-d9fa-4868-b61b-66c707780736 tableID=0xc0003d2d70 seatIndex=0xc0003d8170
2025/11/08 14:46:50 INFO session removed token=2b30493a-d9fa-4868-b61b-66c707780736
2025/11/08 14:46:50 INFO session created token=487fd1d3-8d09-4d35-a43d-da3a6f06ec44 name=User_85_31
2025/11/08 14:46:50 INFO session updated token=487fd1d3-8d09-4d35-a43d-da3a6f06ec44 tableID=0xc0003d2dc0 seatIndex=0xc0003d81c0
2025/11/08 14:46:50 INFO session removed token=487fd1d3-8d09-4d35-a43d-da3a6f06ec44
2025/11/08 14:46:50 INFO session created token=16674c1b-70f1-43e1-9f89-de497391cc94 name=User_85_32
2025/11/08 14:46:50 INFO session updated token=16674c1b-70f1-43e1-9f89-de497391cc94 tableID=0xc0003d2e10 seatIndex=0xc0003d8210
2025/11/08 14:46:50 INFO session removed token=16674c1b-70f1-43e1-9f89-de497391cc94
2025/11/08 14:46:50 INFO session created token=2ab9a3ee-1e20-4ba6-98ca-eec3c8d73ee8 name=User_85_33
2025/11/08 14:46:50 INFO session updated token=2ab9a3ee-1e20-4ba6-98ca-eec3c8d73ee8 tableID=0xc0003d2e60 seatIndex=0xc0003d8260
2025/11/08 14:46:50 INFO session removed token=2ab9a3ee-1e20-4ba6-98ca-eec3c8d73ee8
2025/11/08 14:46:50 INFO session created token=e9ec46a9-bb3e-4c58-9dd8-8b42e2ba8343 name=User_85_34
2025/11/08 14:46:50 INFO session updated token=e9ec46a9-bb3e-4c58-9dd8-8b42e2ba8343 tableID=0xc0003d2eb0 seatIndex=0xc0003d82b0
2025/11/08 14:46:50 INFO session removed token=e9ec46a9-bb3e-4c58-9dd8-8b42e2ba8343
2025/11/08 14:46:50 INFO session created token=c694af56-0128-414e-a2e1-cdfa2fce8863 name=User_85_35
2025/11/08 14:46:50 INFO session updated token=c694af56-0128-414e-a2e1-cdfa2fce8863 tableID=0xc0003d2f00 seatIndex=0xc0003d8300
2025/11/08 14:46:50 INFO session removed token=c694af56-0128-414e-a2e1-cdfa2fce8863
2025/11/08 14:46:50 INFO session created token=98dacc78-bc0b-40b2-abf9-3627436237f3 name=User_85_36
2025/11/08 14:46:50 INFO session updated token=98dacc78-bc0b-40b2-abf9-3627436237f3 tableID=0xc0003d2f50 seatIndex=0xc0003d8350
2025/11/08 14:46:50 INFO session removed token=98dacc78-bc0b-40b2-abf9-3627436237f3
2025/11/08 14:46:50 INFO session created token=330384a4-34f8-40aa-ac00-f456fd02dbaf name=User_85_37
2025/11/08 14:46:50 INFO session updated token=330384a4-34f8-40aa-ac00-f456fd02dbaf tableID=0xc0003d2fa0 seatIndex=0xc0003d83a0
2025/11/08 14:46:50 INFO session removed token=330384a4-34f8-40aa-ac00-f456fd02dbaf
2025/11/08 14:46:50 INFO session created token=bc697faa-bf2c-48ea-bd4b-eb9e15c46edf name=User_85_38
2025/11/08 14:46:50 INFO session updated token=bc697faa-bf2c-48ea-bd4b-eb9e15c46edf tableID=0xc0003d2ff0 seatIndex=0xc0003d83f0
2025/11/08 14:46:50 INFO session removed token=bc697faa-bf2c-48ea-bd4b-eb9e15c46edf
2025/11/08 14:46:50 INFO session created token=8c905737-c4e1-4514-ae5d-7844357677ea name=User_85_39
2025/11/08 14:46:50 INFO session updated token=8c905737-c4e1-4514-ae5d-7844357677ea tableID=0xc0003d3040 seatIndex=0xc0003d8440
2025/11/08 14:46:50 INFO session removed token=8c905737-c4e1-4514-ae5d-7844357677ea
2025/11/08 14:46:50 INFO session created token=6e4aa8d9-59b5-42c7-9c76-48db81449abd name=User_85_40
2025/11/08 14:46:50 INFO session updated token=6e4aa8d9-59b5-42c7-9c76-48db81449abd tableID=0xc0003d3090 seatIndex=0xc0003d8490
2025/11/08 14:46:50 INFO session removed token=6e4aa8d9-59b5-42c7-9c76-48db81449abd
2025/11/08 14:46:50 INFO session created token=4678693e-839d-4068-90cf-f4aecda7379f name=User_85_41
2025/11/08 14:46:50 INFO session updated token=4678693e-839d-4068-90cf-f4aecda7379f tableID=0xc0003d30e0 seatIndex=0xc0003d84e0
2025/11/08 14:46:50 INFO session removed token=4678693e-839d-4068-90cf-f4aecda7379f
2025/11/08 14:46:50 INFO session created token=59e47f1b-0d9e-43b0-9f14-903cbaee55a3 name=User_85_42
2025/11/08 14:46:50 INFO session updated token=59e47f1b-0d9e-43b0-9f14-903cbaee55a3 tableID=0xc0003d3130 seatIndex=0xc0003d8530
2025/11/08 14:46:50 INFO session removed token=59e47f1b-0d9e-43b0-9f14-903cbaee55a3
2025/11/08 14:46:50 INFO session created token=084c7ecf-6b68-483f-ade6-ae9e2c19fd66 name=User_85_43
2025/11/08 14:46:50 INFO session updated token=084c7ecf-6b68-483f-ade6-ae9e2c19fd66 tableID=0xc0003d3180 seatIndex=0xc0003d8580
2025/11/08 14:46:50 INFO session removed token=084c7ecf-6b68-483f-ade6-ae9e2c19fd66
2025/11/08 14:46:50 INFO session created token=fb3f6464-0dfd-447f-bb95-2e1e67f0ce4f name=User_85_44
2025/11/08 14:46:50 INFO session updated token=fb3f6464-0dfd-447f-bb95-2e1e67f0ce4f tableID=0xc0003d31d0 seatIndex=0xc0003d85d0
2025/11/08 14:46:50 INFO session removed token=fb3f6464-0dfd-447f-bb95-2e1e67f0ce4f
2025/11/08 14:46:50 INFO session created token=2efa97be-baee-484b-8b26-d775edcaa9b9 name=User_85_45
2025/11/08 14:46:50 INFO session updated token=2efa97be-baee-484b-8b26-d775edcaa9b9 tableID=0xc0003d3220 seatIndex=0xc0003d8620
2025/11/08 14:46:50 INFO session removed token=2efa97be-baee-484b-8b26-d775edcaa9b9
2025/11/08 14:46:50 INFO session created token=433f0974-a430-4a1b-98a6-d19961711285 name=User_85_46
2025/11/08 14:46:50 INFO session updated token=433f0974-a430-4a1b-98a6-d19961711285 tableID=0xc0003d3270 seatIndex=0xc0003d8670
2025/11/08 14:46:50 INFO session removed token=433f0974-a430-4a1b-98a6-d19961711285
2025/11/08 14:46:50 INFO session created token=7d292469-b0a1-47d7-ac53-ecc0c105b42a name=User_85_47
2025/11/08 14:46:50 INFO session updated token=7d292469-b0a1-47d7-ac53-ecc0c105b42a tableID=0xc0003d32c0 seatIndex=0xc0003d86c0
2025/11/08 14:46:50 INFO session removed token=7d292469-b0a1-47d7-ac53-ecc0c105b42a
2025/11/08 14:46:50 INFO session created token=308a135a-953c-4e3e-8c9b-6839c6b90890 name=User_85_48
2025/11/08 14:46:50 INFO session updated token=308a135a-953c-4e3e-8c9b-6839c6b90890 tableID=0xc0003d3310 seatIndex=0xc0003d8710
2025/11/08 14:46:50 INFO session removed token=308a135a-953c-4e3e-8c9b-6839c6b90890
2025/11/08 14:46:50 INFO session created token=d4c0427d-a90e-4ea6-94c5-dca258e5ca97 name=User_85_49
2025/11/08 14:46:50 INFO session updated token=d4c0427d-a90e-4ea6-94c5-dca258e5ca97 tableID=0xc0003d3360 seatIndex=0xc0003d8760
2025/11/08 14:46:50 INFO session removed token=d4c0427d-a90e-4ea6-94c5-dca258e5ca97
2025/11/08 14:46:50 INFO session created token=54297d23-2239-4ad3-ab4f-308f7235038a name=User_85_50
2025/11/08 14:46:50 INFO session updated token=54297d23-2239-4ad3-ab4f-308f7235038a tableID=0xc0003d33b0 seatIndex=0xc0003d87b0
2025/11/08 14:46:50 INFO session removed token=54297d23-2239-4ad3-ab4f-308f7235038a
2025/11/08 14:46:50 INFO session created token=711ed303-671e-48af-87b8-10ddb876886b name=User_85_51
2025/11/08 14:46:50 INFO session updated token=711ed303-671e-48af-87b8-10ddb876886b tableID=0xc0003d3400 seatIndex=0xc0003d8800
2025/11/08 14:46:50 INFO session removed token=711ed303-671e-48af-87b8-10ddb876886b
2025/11/08 14:46:50 INFO session created token=cc13eeed-cbb0-4c16-949c-f367621d384a name=User_85_52
2025/11/08 14:46:50 INFO session updated token=cc13eeed-cbb0-4c16-949c-f367621d384a tableID=0xc0003d3450 seatIndex=0xc0003d8850
2025/11/08 14:46:50 INFO session removed token=cc13eeed-cbb0-4c16-949c-f367621d384a
2025/11/08 14:46:50 INFO session created token=e3704922-45be-4290-bb3a-fe3af7ed8960 name=User_85_53
2025/11/08 14:46:50 INFO session updated token=e3704922-45be-4290-bb3a-fe3af7ed8960 tableID=0xc0003d34a0 seatIndex=0xc0003d88a0
2025/11/08 14:46:50 INFO session removed token=e3704922-45be-4290-bb3a-fe3af7ed8960
2025/11/08 14:46:50 INFO session created token=0a6d298f-7b16-4d41-94b2-b4c8a0c9b7ce name=User_85_54
2025/11/08 14:46:50 INFO session updated token=0a6d298f-7b16-4d41-94b2-b4c8a0c9b7ce tableID=0xc0003d34f0 seatIndex=0xc0003d88f0
2025/11/08 14:46:50 INFO session removed token=0a6d298f-7b16-4d41-94b2-b4c8a0c9b7ce
2025/11/08 14:46:50 INFO session created token=1a648212-6072-41c2-8c8d-023fda2e6d53 name=User_85_55
2025/11/08 14:46:50 INFO session updated token=1a648212-6072-41c2-8c8d-023fda2e6d53 tableID=0xc0003d3540 seatIndex=0xc0003d8940
2025/11/08 14:46:50 INFO session removed token=1a648212-6072-41c2-8c8d-023fda2e6d53
2025/11/08 14:46:50 INFO session created token=b2d0388e-7487-4aa8-b9ed-f777ec08658b name=User_85_56
2025/11/08 14:46:50 INFO session updated token=b2d0388e-7487-4aa8-b9ed-f777ec08658b tableID=0xc0003d3590 seatIndex=0xc0003d8990
2025/11/08 14:46:50 INFO session removed token=b2d0388e-7487-4aa8-b9ed-f777ec08658b
2025/11/08 14:46:50 INFO session created token=8d200be7-b32a-48bc-adc0-c922b03d52ce name=User_85_57
2025/11/08 14:46:50 INFO session updated token=8d200be7-b32a-48bc-adc0-c922b03d52ce tableID=0xc0003d35e0 seatIndex=0xc0003d89e0
2025/11/08 14:46:50 INFO session removed token=8d200be7-b32a-48bc-adc0-c922b03d52ce
2025/11/08 14:46:50 INFO session created token=6b7de5f0-3e25-44fc-8d92-4ae5f124ebc3 name=User_85_58
2025/11/08 14:46:50 INFO session updated token=6b7de5f0-3e25-44fc-8d92-4ae5f124ebc3 tableID=0xc0003d3630 seatIndex=0xc0003d8a30
2025/11/08 14:46:50 INFO session removed token=6b7de5f0-3e25-44fc-8d92-4ae5f124ebc3
2025/11/08 14:46:50 INFO session created token=b7e57b56-d11f-41e9-bf32-89e3eb83cfad name=User_85_59
2025/11/08 14:46:50 INFO session updated token=b7e57b56-d11f-41e9-bf32-89e3eb83cfad tableID=0xc0003d3680 seatIndex=0xc0003d8a80
2025/11/08 14:46:50 INFO session removed token=b7e57b56-d11f-41e9-bf32-89e3eb83cfad
2025/11/08 14:46:50 INFO session created token=07c133e9-a8bd-44ef-a0ef-f7eed5d6cac6 name=User_85_60
2025/11/08 14:46:50 INFO session updated token=07c133e9-a8bd-44ef-a0ef-f7eed5d6cac6 tableID=0xc0003d36d0 seatIndex=0xc0003d8ad0
2025/11/08 14:46:50 INFO session removed token=07c133e9-a8bd-44ef-a0ef-f7eed5d6cac6
2025/11/08 14:46:50 INFO session created token=368cca83-4c3a-4650-ae0d-53641cdd7cd7 name=User_85_61
2025/11/08 14:46:50 INFO session updated token=368cca83-4c3a-4650-ae0d-53641cdd7cd7 tableID=0xc0003d3720 seatIndex=0xc0003d8b20
2025/11/08 14:46:50 INFO session removed token=368cca83-4c3a-4650-ae0d-53641cdd7cd7
2025/11/08 14:46:50 INFO session created token=d867abcd-df57-4a27-91ee-f4db92358019 name=User_85_62
2025/11/08 14:46:50 INFO session updated token=d867abcd-df57-4a27-91ee-f4db92358019 tableID=0xc0003d3770 seatIndex=0xc0003d8b70
2025/11/08 14:46:50 INFO session removed token=d867abcd-df57-4a27-91ee-f4db92358019
2025/11/08 14:46:50 INFO session created token=3cd57314-2c95-4ad0-8221-92e687435f8d name=User_85_63
2025/11/08 14:46:50 INFO session updated token=3cd57314-2c95-4ad0-8221-92e687435f8d tableID=0xc0003d37c0 seatIndex=0xc0003d8bc0
2025/11/08 14:46:50 INFO session removed token=3cd57314-2c95-4ad0-8221-92e687435f8d
2025/11/08 14:46:50 INFO session created token=aa85e09d-f880-4760-ba7b-7c275f3faea2 name=User_85_64
2025/11/08 14:46:50 INFO session updated token=aa85e09d-f880-4760-ba7b-7c275f3faea2 tableID=0xc0003d3810 seatIndex=0xc0003d8c10
2025/11/08 14:46:50 INFO session removed token=aa85e09d-f880-4760-ba7b-7c275f3faea2
2025/11/08 14:46:50 INFO session created token=6f1a11a0-8d48-4d5e-bbaa-65b7b0d937e7 name=User_85_65
2025/11/08 14:46:50 INFO session updated token=6f1a11a0-8d48-4d5e-bbaa-65b7b0d937e7 tableID=0xc0003d3860 seatIndex=0xc0003d8c60
2025/11/08 14:46:50 INFO session removed token=6f1a11a0-8d48-4d5e-bbaa-65b7b0d937e7
2025/11/08 14:46:50 INFO session created token=92b88281-6e0a-4ccc-8b82-d8ae43a84f20 name=User_85_66
2025/11/08 14:46:50 INFO session updated token=92b88281-6e0a-4ccc-8b82-d8ae43a84f20 tableID=0xc0003d38b0 seatIndex=0xc0003d8cb0
2025/11/08 14:46:50 INFO session removed token=92b88281-6e0a-4ccc-8b82-d8ae43a84f20
2025/11/08 14:46:50 INFO session created token=61ced544-3c05-4a3d-89ca-cd69c1228259 name=User_85_67
2025/11/08 14:46:50 INFO session updated token=61ced544-3c05-4a3d-89ca-cd69c1228259 tableID=0xc0003d3900 seatIndex=0xc0003d8d00
2025/11/08 14:46:50 INFO session removed token=61ced544-3c05-4a3d-89ca-cd69c1228259
2025/11/08 14:46:50 INFO session created token=d46a01b6-3e0e-4fac-85d3-1f0d04f29079 name=User_85_68
2025/11/08 14:46:50 INFO session updated token=d46a01b6-3e0e-4fac-85d3-1f0d04f29079 tableID=0xc0003d3950 seatIndex=0xc0003d8d50
2025/11/08 14:46:50 INFO session removed token=d46a01b6-3e0e-4fac-85d3-1f0d04f29079
2025/11/08 14:46:50 INFO session created token=d80d9916-3e0c-4479-97ca-e13b9241f90d name=User_85_69
2025/11/08 14:46:50 INFO session updated token=d80d9916-3e0c-4479-97ca-e13b9241f90d tableID=0xc0003d39a0 seatIndex=0xc0003d8da0
2025/11/08 14:46:50 INFO session removed token=d80d9916-3e0c-4479-97ca-e13b9241f90d
2025/11/08 14:46:50 INFO session created token=26b8be70-df57-4839-8781-c59533399500 name=User_85_70
2025/11/08 14:46:50 INFO session updated token=26b8be70-df57-4839-8781-c59533399500 tableID=0xc0003d39f0 seatIndex=0xc0003d8df0
2025/11/08 14:46:50 INFO session removed token=26b8be70-df57-4839-8781-c59533399500
2025/11/08 14:46:50 INFO session created token=4ada5380-21b6-4bf7-aac3-9efb3c6576ad name=User_85_71
2025/11/08 14:46:50 INFO session updated token=4ada5380-21b6-4bf7-aac3-9efb3c6576ad tableID=0xc0003d3a40 seatIndex=0xc0003d8e40
2025/11/08 14:46:50 INFO session removed token=4ada5380-21b6-4bf7-aac3-9efb3c6576ad
2025/11/08 14:46:50 INFO session created token=d5f86078-ac2f-433b-b04f-e65aa4c52bde name=User_85_72
2025/11/08 14:46:50 INFO session updated token=d5f86078-ac2f-433b-b04f-e65aa4c52bde tableID=0xc0003d3a90 seatIndex=0xc0003d8e90
2025/11/08 14:46:50 INFO session removed token=d5f86078-ac2f-433b-b04f-e65aa4c52bde
2025/11/08 14:46:50 INFO session created token=c36b3792-d1f6-4610-a3ca-127580d8cc0d name=User_85_73
2025/11/08 14:46:50 INFO session updated token=c36b3792-d1f6-4610-a3ca-127580d8cc0d tableID=0xc0003d3ae0 seatIndex=0xc0003d8ee0
2025/11/08 14:46:50 INFO session removed token=c36b3792-d1f6-4610-a3ca-127580d8cc0d
2025/11/08 14:46:50 INFO session created token=4121598a-c2e6-469d-b1a0-cb583de41d7b name=User_85_74
2025/11/08 14:46:50 INFO session updated token=4121598a-c2e6-469d-b1a0-cb583de41d7b tableID=0xc0003d3b30 seatIndex=0xc0003d8f30
2025/11/08 14:46:50 INFO session removed token=4121598a-c2e6-469d-b1a0-cb583de41d7b
2025/11/08 14:46:50 INFO session created token=79fd9cf5-d60d-46cb-8caa-8cd17ad7ddb7 name=User_85_75
2025/11/08 14:46:50 INFO session updated token=79fd9cf5-d60d-46cb-8caa-8cd17ad7ddb7 tableID=0xc0003d3b80 seatIndex=0xc0003d8f80
2025/11/08 14:46:50 INFO session removed token=79fd9cf5-d60d-46cb-8caa-8cd17ad7ddb7
2025/11/08 14:46:50 INFO session created token=2e45fae3-16ea-4bfe-aa8c-bd006083e733 name=User_85_76
2025/11/08 14:46:50 INFO session updated token=2e45fae3-16ea-4bfe-aa8c-bd006083e733 tableID=0xc0003d3bd0 seatIndex=0xc0003d8fd0
2025/11/08 14:46:50 INFO session removed token=2e45fae3-16ea-4bfe-aa8c-bd006083e733
2025/11/08 14:46:50 INFO session created token=0c8f057b-bf0b-40a6-8cd9-d72fa93feff2 name=User_85_77
2025/11/08 14:46:50 INFO session updated token=0c8f057b-bf0b-40a6-8cd9-d72fa93feff2 tableID=0xc0003d3c20 seatIndex=0xc0003d9020
2025/11/08 14:46:50 INFO session removed token=0c8f057b-bf0b-40a6-8cd9-d72fa93feff2
2025/11/08 14:46:50 INFO session created token=0ff580da-b1fd-4d66-bd36-53efdd9d8eba name=User_85_78
2025/11/08 14:46:50 INFO session updated token=0ff580da-b1fd-4d66-bd36-53efdd9d8eba tableID=0xc0003d3c70 seatIndex=0xc0003d9070
2025/11/08 14:46:50 INFO session removed token=0ff580da-b1fd-4d66-bd36-53efdd9d8eba
2025/11/08 14:46:50 INFO session created token=14afa8df-66c8-41df-b867-66ab7d513fc7 name=User_85_79
2025/11/08 14:46:50 INFO session updated token=14afa8df-66c8-41df-b867-66ab7d513fc7 tableID=0xc0003d3cc0 seatIndex=0xc0003d90c0
2025/11/08 14:46:50 INFO session removed token=14afa8df-66c8-41df-b867-66ab7d513fc7
2025/11/08 14:46:50 INFO session created token=dbde7272-5e27-4d4a-ac6c-ec192713d5f9 name=User_85_80
2025/11/08 14:46:50 INFO session updated token=dbde7272-5e27-4d4a-ac6c-ec192713d5f9 tableID=0xc0003d3d10 seatIndex=0xc0003d9110
2025/11/08 14:46:50 INFO session removed token=dbde7272-5e27-4d4a-ac6c-ec192713d5f9
2025/11/08 14:46:50 INFO session created token=4902801f-2b61-4ca7-8dff-1c1e896899a3 name=User_85_81
2025/11/08 14:46:50 INFO session updated token=4902801f-2b61-4ca7-8dff-1c1e896899a3 tableID=0xc0003d3d60 seatIndex=0xc0003d9160
2025/11/08 14:46:50 INFO session removed token=4902801f-2b61-4ca7-8dff-1c1e896899a3
2025/11/08 14:46:50 INFO session created token=56ee1a86-98a1-4295-a7f6-718a03c396f7 name=User_85_82
2025/11/08 14:46:50 INFO session updated token=56ee1a86-98a1-4295-a7f6-718a03c396f7 tableID=0xc0003d3db0 seatIndex=0xc0003d91b0
2025/11/08 14:46:50 INFO session removed token=56ee1a86-98a1-4295-a7f6-718a03c396f7
2025/11/08 14:46:50 INFO session created token=4f04a07d-cb28-43c8-8acf-83a18870ed02 name=User_85_83
2025/11/08 14:46:50 INFO session updated token=4f04a07d-cb28-43c8-8acf-83a18870ed02 tableID=0xc0003d3e00 seatIndex=0xc0003d9200
2025/11/08 14:46:50 INFO session removed token=4f04a07d-cb28-43c8-8acf-83a18870ed02
2025/11/08 14:46:50 INFO session created token=104d0a18-4ee0-4e7c-9574-9663e328bc96 name=User_85_84
2025/11/08 14:46:50 INFO session updated token=104d0a18-4ee0-4e7c-9574-9663e328bc96 tableID=0xc0003d3e50 seatIndex=0xc0003d9250
2025/11/08 14:46:50 INFO session removed token=104d0a18-4ee0-4e7c-9574-9663e328bc96
2025/11/08 14:46:50 INFO session created token=51d4e24f-cd39-4c49-8b47-72ef8ce20db3 name=User_85_85
2025/11/08 14:46:50 INFO session updated token=51d4e24f-cd39-4c49-8b47-72ef8ce20db3 tableID=0xc0003d3ea0 seatIndex=0xc0003d92a0
2025/11/08 14:46:50 INFO session removed token=51d4e24f-cd39-4c49-8b47-72ef8ce20db3
2025/11/08 14:46:50 INFO session created token=0aab825e-a425-4808-afa4-2af8db0dc83b name=User_85_86
2025/11/08 14:46:50 INFO session updated token=0aab825e-a425-4808-afa4-2af8db0dc83b tableID=0xc0003d3ef0 seatIndex=0xc0003d92f0
2025/11/08 14:46:50 INFO session removed token=0aab825e-a425-4808-afa4-2af8db0dc83b
2025/11/08 14:46:50 INFO session created token=41f67fae-441b-4b4e-8daf-d41603687a17 name=User_85_87
2025/11/08 14:46:50 INFO session updated token=41f67fae-441b-4b4e-8daf-d41603687a17 tableID=0xc0003d3f40 seatIndex=0xc0003d9340
2025/11/08 14:46:50 INFO session removed token=41f67fae-441b-4b4e-8daf-d41603687a17
2025/11/08 14:46:50 INFO session created token=e4a6a876-4ae1-4a9d-b95f-9fdf15155450 name=User_85_88
2025/11/08 14:46:50 INFO session updated token=e4a6a876-4ae1-4a9d-b95f-9fdf15155450 tableID=0xc0003dc010 seatIndex=0xc0003d9390
2025/11/08 14:46:50 INFO session removed token=e4a6a876-4ae1-4a9d-b95f-9fdf15155450
2025/11/08 14:46:50 INFO session created token=122d0bb4-e600-4962-ad09-f5f9fb32f45e name=User_85_89
2025/11/08 14:46:50 INFO session updated token=122d0bb4-e600-4962-ad09-f5f9fb32f45e tableID=0xc0003dc060 seatIndex=0xc0003d93e0
2025/11/08 14:46:50 INFO session removed token=122d0bb4-e600-4962-ad09-f5f9fb32f45e
2025/11/08 14:46:50 INFO session created token=daa55ce6-e351-4adf-b8f2-16b8fcf90fe7 name=User_85_90
2025/11/08 14:46:50 INFO session updated token=daa55ce6-e351-4adf-b8f2-16b8fcf90fe7 tableID=0xc0003dc0b0 seatIndex=0xc0003d9430
2025/11/08 14:46:50 INFO session removed token=daa55ce6-e351-4adf-b8f2-16b8fcf90fe7
2025/11/08 14:46:50 INFO session created token=ba8e87b5-8bfb-4982-932c-eb59b7b05384 name=User_85_91
2025/11/08 14:46:50 INFO session updated token=ba8e87b5-8bfb-4982-932c-eb59b7b05384 tableID=0xc0003dc100 seatIndex=0xc0003d9480
2025/11/08 14:46:50 INFO session removed token=ba8e87b5-8bfb-4982-932c-eb59b7b05384
2025/11/08 14:46:50 INFO session created token=0087f818-2de7-4ce6-9f13-b530e1d4435b name=User_85_92
2025/11/08 14:46:50 INFO session updated token=0087f818-2de7-4ce6-9f13-b530e1d4435b tableID=0xc0003dc150 seatIndex=0xc0003d94d0
2025/11/08 14:46:50 INFO session removed token=0087f818-2de7-4ce6-9f13-b530e1d4435b
2025/11/08 14:46:50 INFO session created token=980a87f2-6e4f-43e4-bfa9-17fdf3f25ffb name=User_85_93
2025/11/08 14:46:50 INFO session updated token=980a87f2-6e4f-43e4-bfa9-17fdf3f25ffb tableID=0xc0003dc1a0 seatIndex=0xc0003d9520
2025/11/08 14:46:50 INFO session removed token=980a87f2-6e4f-43e4-bfa9-17fdf3f25ffb
2025/11/08 14:46:50 INFO session created token=26a5516d-3ce9-4157-9bed-fa116c2dd691 name=User_85_94
2025/11/08 14:46:50 INFO session updated token=26a5516d-3ce9-4157-9bed-fa116c2dd691 tableID=0xc0003dc1f0 seatIndex=0xc0003d9570
2025/11/08 14:46:50 INFO session removed token=26a5516d-3ce9-4157-9bed-fa116c2dd691
2025/11/08 14:46:50 INFO session created token=f0ee5db0-985e-4068-be9a-a9385b2d9e26 name=User_85_95
2025/11/08 14:46:50 INFO session updated token=f0ee5db0-985e-4068-be9a-a9385b2d9e26 tableID=0xc0003dc240 seatIndex=0xc0003d95c0
2025/11/08 14:46:50 INFO session removed token=f0ee5db0-985e-4068-be9a-a9385b2d9e26
2025/11/08 14:46:50 INFO session created token=0633dfb7-584c-4991-8f65-e96ba0acf775 name=User_85_96
2025/11/08 14:46:50 INFO session updated token=0633dfb7-584c-4991-8f65-e96ba0acf775 tableID=0xc0003dc290 seatIndex=0xc0003d9610
2025/11/08 14:46:50 INFO session removed token=0633dfb7-584c-4991-8f65-e96ba0acf775
2025/11/08 14:46:50 INFO session created token=8986d8e2-cd42-4fb1-bf9e-f00738c497c0 name=User_85_97
2025/11/08 14:46:50 INFO session updated token=8986d8e2-cd42-4fb1-bf9e-f00738c497c0 tableID=0xc0003dc2e0 seatIndex=0xc0003d9660
2025/11/08 14:46:50 INFO session removed token=8986d8e2-cd42-4fb1-bf9e-f00738c497c0
2025/11/08 14:46:50 INFO session created token=5ec06e1d-3d11-4167-8bd9-a098032a0f8a name=User_85_98
2025/11/08 14:46:50 INFO session updated token=5ec06e1d-3d11-4167-8bd9-a098032a0f8a tableID=0xc0003dc330 seatIndex=0xc0003d96b0
2025/11/08 14:46:50 INFO session removed token=5ec06e1d-3d11-4167-8bd9-a098032a0f8a
2025/11/08 14:46:50 INFO session created token=5f404468-e468-4c6e-8032-1551aa73bc93 name=User_85_99
2025/11/08 14:46:50 INFO session updated token=5f404468-e468-4c6e-8032-1551aa73bc93 tableID=0xc0003dc380 seatIndex=0xc0003d9700
2025/11/08 14:46:50 INFO session removed token=5f404468-e468-4c6e-8032-1551aa73bc93
2025/11/08 14:46:50 INFO session updated token=1db2c411-c3b2-4a92-95bd-59fed68230a1 tableID=0xc0004b97e0 seatIndex=0xc0004bade8
2025/11/08 14:46:50 INFO session removed token=1db2c411-c3b2-4a92-95bd-59fed68230a1
2025/11/08 14:46:50 INFO session created token=af06c885-0d5c-4f93-9597-d5949b24a243 name=User_74_3
2025/11/08 14:46:50 INFO session updated token=af06c885-0d5c-4f93-9597-d5949b24a243 tableID=0xc00051ac10 seatIndex=0xc000512b28
2025/11/08 14:46:50 INFO session removed token=af06c885-0d5c-4f93-9597-d5949b24a243
2025/11/08 14:46:50 INFO session created token=55f23404-4aa3-404d-8278-b2056004a41f name=User_28_3
2025/11/08 14:46:50 INFO session created token=5624fdf7-684d-4da8-965c-928d52601152 name=User_74_4
2025/11/08 14:46:50 INFO session updated token=55f23404-4aa3-404d-8278-b2056004a41f tableID=0xc000600e30 seatIndex=0xc000604e08
2025/11/08 14:46:50 INFO session created token=1d783a5b-2ca7-4d36-8c4d-8cac5bdec533 name=User_45_3
2025/11/08 14:46:50 INFO session removed token=55f23404-4aa3-404d-8278-b2056004a41f
2025/11/08 14:46:50 INFO session created token=6516e550-563e-44d3-b39b-4b25cc2d4e0e name=User_49_3
2025/11/08 14:46:50 INFO session created token=13c662e3-534f-40c4-9c1e-dbbd6ee903eb name=User_79_4
2025/11/08 14:46:50 INFO session created token=f3ed1ced-38e1-4878-9453-c7ec79cfc80c name=User_29_3
2025/11/08 14:46:50 INFO session created token=e2b81282-9669-4bc8-808e-3893bb3b37be name=User_5_4
2025/11/08 14:46:50 INFO session created token=bbce58bb-479f-4d60-8e3d-a23ab97c4b3c name=User_36_3
2025/11/08 14:46:50 INFO session created token=425b8082-7d5b-4721-9f8b-b8b5a8d99e3a name=User_28_4
2025/11/08 14:46:50 INFO session updated token=6516e550-563e-44d3-b39b-4b25cc2d4e0e tableID=0xc00059b5a0 seatIndex=0xc0005931d8
2025/11/08 14:46:50 INFO session created token=128d5378-e5fb-43a8-bf97-c68c4f40d0cf name=User_75_3
2025/11/08 14:46:50 INFO session created token=0df2b238-491e-48e9-853b-87381bc4ea18 name=User_94_3
2025/11/08 14:46:50 INFO session updated token=0584c823-c317-4e45-aa94-8f3aa68ae5ba tableID=0xc000600c60 seatIndex=0xc000604c28
2025/11/08 14:46:50 INFO session created token=a985cd76-fd99-4205-8a0c-605505a21912 name=User_40_7
2025/11/08 14:46:50 INFO session updated token=5594740e-8134-4f8d-8d27-e273ee541526 tableID=0xc000600c70 seatIndex=0xc000604c38
2025/11/08 14:46:50 INFO session created token=506ae683-8d5f-4fad-8390-c75827415d2e name=User_97_3
2025/11/08 14:46:50 INFO session updated token=4d8e6907-a828-40b8-986b-73594dd4a7fa tableID=0xc000600c80 seatIndex=0xc000604c48
2025/11/08 14:46:50 INFO session created token=489df4d2-ee42-4a9f-af54-4b9e4e2c5c80 name=User_43_3
2025/11/08 14:46:50 INFO session updated token=25bd508a-5d35-444c-83f3-2bf15937be40 tableID=0xc0002cc010 seatIndex=0xc0002c8370
2025/11/08 14:46:50 INFO session updated token=33c494b6-882d-426b-ab66-c8ae59f4b368 tableID=0xc0002cc020 seatIndex=0xc0002c8380
2025/11/08 14:46:50 INFO session updated token=b79ae770-138e-43d5-b4fa-1d667e244103 tableID=0xc0004b9880 seatIndex=0xc0004bae18
2025/11/08 14:46:50 INFO session updated token=d7f9b823-aec6-4830-9312-6d23e583d7ca tableID=0xc0002cc040 seatIndex=0xc0002c8390
2025/11/08 14:46:50 INFO session updated token=2c035bc9-4ccb-4e0f-ae1c-089b1407dc31 tableID=0xc0002cc050 seatIndex=0xc0002c83a0
2025/11/08 14:46:50 INFO session updated token=f57943e5-85a9-4f8b-955e-04c9156b0a9d tableID=0xc0004b98b0 seatIndex=0xc0004bae28
2025/11/08 14:46:50 INFO session updated token=06388b22-e47b-4fa4-aa18-d020ff001685 tableID=0xc0002cc080 seatIndex=0xc0002c83f0
2025/11/08 14:46:50 INFO session removed token=f626457d-2c42-4ffd-9c31-e8dedd41692c
2025/11/08 14:46:50 INFO session removed token=abad0424-be85-429e-ae07-ba318ec49e32
2025/11/08 14:46:50 INFO session created token=1395a311-056a-4598-8651-886c1e41a49f name=User_53_4
2025/11/08 14:46:50 INFO session removed token=9148b0ac-a326-4a62-9646-0a7f54458493
2025/11/08 14:46:50 INFO session created token=5d8e0bf0-1e39-4717-8326-5392fdf2f998 name=User_34_4
2025/11/08 14:46:50 INFO session updated token=04ab545d-3030-409a-a088-43b0712ac439 tableID=0xc0004b98e0 seatIndex=0xc0004bae38
2025/11/08 14:46:50 INFO session updated token=0f8bd43b-608b-4520-9641-99261fd59864 tableID=0xc0002cc0d0 seatIndex=0xc0002c8440
2025/11/08 14:46:50 INFO session updated token=c62e0fe3-bcdb-48d7-a119-2ec1c962e9a4 tableID=0xc00051ab10 seatIndex=0xc000512990
2025/11/08 14:46:50 INFO session updated token=b6e54efc-38d8-4030-8a4f-73bb777a3336 tableID=0xc000600cd0 seatIndex=0xc000604c78
2025/11/08 14:46:50 INFO session updated token=df570f6e-79ca-4c05-8f2e-eb1c381c3f41 tableID=0xc00051ab20 seatIndex=0xc0005129a0
2025/11/08 14:46:50 INFO session updated token=859862cb-0ec2-48ed-8a0b-0b50374ee4cb tableID=0xc00051ab30 seatIndex=0xc0005129b0
2025/11/08 14:46:50 INFO session updated token=14aff0bd-c51b-451a-8362-e0e4b8bce5e1 tableID=0xc0004b9910 seatIndex=0xc0004bae48
2025/11/08 14:46:50 INFO session updated token=05ae8d6a-4cf1-4ea0-8058-fb18aafabdb7 tableID=0xc0002cc100 seatIndex=0xc0002c8450
2025/11/08 14:46:50 INFO session updated token=390371d5-2efd-44a7-b8c1-668f32a18a75 tableID=0xc0002cc120 seatIndex=0xc0002c8460
2025/11/08 14:46:50 INFO session updated token=abb24e15-5945-42e4-bcf7-499114392955 tableID=0xc0002cc130 seatIndex=0xc0002c8470
2025/11/08 14:46:50 INFO session removed token=a78c0893-1e1a-42bc-acdd-637a92c814e5
2025/11/08 14:46:50 INFO session removed token=27d18faf-f9cb-4c7a-8514-38b7026be9d8
2025/11/08 14:46:50 INFO session created token=0c62a275-11ee-4d0c-a81b-b7b261f0e0e1 name=User_87_3
2025/11/08 14:46:50 INFO session created token=245cd94f-3179-43c3-b851-fadb960a13c3 name=User_11_3
2025/11/08 14:46:50 INFO session created token=983888e1-88ae-4adf-b505-b8c1f9044e38 name=User_30_4
2025/11/08 14:46:50 INFO session updated token=af9ec32f-615b-47e2-ac46-5ee3497669f1 tableID=0xc0002cc200 seatIndex=0xc0002c84c0
2025/11/08 14:46:50 INFO session created token=28a2da5c-775e-4c47-a24e-b4113dfa6261 name=User_51_3
2025/11/08 14:46:50 INFO session created token=636312d6-bc09-4245-b3b0-bf4874def282 name=User_72_3
2025/11/08 14:46:50 INFO session created token=1247d6ba-a61c-4762-bf72-329d1aa141bb name=User_64_3
2025/11/08 14:46:50 INFO session created token=fd321dbd-25d9-451e-a5ca-2f0db9f8ea66 name=User_12_3
2025/11/08 14:46:50 INFO session created token=da9635d9-2b81-41ec-a187-08948b9710fa name=User_44_3
2025/11/08 14:46:50 INFO session created token=88ebd687-0151-493a-9cb2-598751db2a2e name=User_42_3
2025/11/08 14:46:50 INFO session created token=00746620-bbdc-46c7-9d24-1ec156f7150e name=User_50_3
2025/11/08 14:46:50 INFO session created token=41bff323-92c0-4aeb-b22e-11d061bc84df name=User_9_3
2025/11/08 14:46:50 INFO session created token=044d390f-4add-4510-a75d-533a10105480 name=User_52_4
2025/11/08 14:46:50 INFO session created token=f06d8f81-a43b-4ac8-9b61-799e66bf05f0 name=User_63_3
2025/11/08 14:46:50 INFO session created token=76326a11-aac8-41b4-b3cb-dff5d3dc6ead name=User_19_4
2025/11/08 14:46:50 INFO session created token=b5b32d70-48ec-4c5a-a1bb-de9ae7310bf1 name=User_23_3
2025/11/08 14:46:50 INFO session updated token=adea2230-5aab-46dd-b4b3-fd6adf1e4027 tableID=0xc0002cc2c0 seatIndex=0xc0002c8510
2025/11/08 14:46:50 INFO session updated token=68aed6ce-9d20-4a77-911c-b5b5abb84a1f tableID=0xc00059b4e0 seatIndex=0xc000593178
2025/11/08 14:46:50 INFO session created token=131e66fa-37c7-494f-ad1f-a0ca457a014b name=User_13_4
2025/11/08 14:46:50 INFO session removed token=0c55da4a-9eb1-4af7-8078-299cff9ccb04
2025/11/08 14:46:50 INFO session created token=da90250a-bfa6-4c16-a1ab-2368e4b4bc8f name=User_32_8
2025/11/08 14:46:50 INFO session created token=e7282816-ccb1-4968-b04c-a1a41c9022b3 name=User_95_3
2025/11/08 14:46:50 INFO session removed token=0f214071-61a3-4331-8f16-6469307bd397
2025/11/08 14:46:50 INFO session created token=46839971-5f8c-4f71-9557-b9775f69d080 name=User_70_4
2025/11/08 14:46:50 INFO session updated token=da90250a-bfa6-4c16-a1ab-2368e4b4bc8f tableID=0xc0001251a0 seatIndex=0xc000129378
2025/11/08 14:46:50 INFO session removed token=da90250a-bfa6-4c16-a1ab-2368e4b4bc8f
2025/11/08 14:46:50 INFO session updated token=8c791696-b81b-4537-ba2e-87cae56808bb tableID=0xc00051abc0 seatIndex=0xc000512b18
2025/11/08 14:46:50 INFO session updated token=d6623399-f08c-4646-9449-a0856db79972 tableID=0xc0002cc2f0 seatIndex=0xc0002c8530
2025/11/08 14:46:50 INFO session created token=6b54d164-7305-451c-b6fd-431dcbaab7e3 name=User_27_3
2025/11/08 14:46:50 INFO session updated token=658f3f9e-565f-42df-9e7f-85d5355c5659 tableID=0xc00059b510 seatIndex=0xc000593188
2025/11/08 14:46:50 INFO session updated token=7e2fddef-23d7-4bec-8dd0-771552997e2c tableID=0xc0002cc300 seatIndex=0xc0002c8540
2025/11/08 14:46:50 INFO session updated token=6e385d0b-a85b-4dc2-a367-fe7ee40d4e1b tableID=0xc0002cc320 seatIndex=0xc0002c8550
2025/11/08 14:46:50 INFO session updated token=4ccda194-498d-4327-8535-322283cb0857 tableID=0xc0002cc330 seatIndex=0xc0002c8560
2025/11/08 14:46:50 INFO session updated token=afcbdb5a-8dfa-42fd-8ca2-79be5588bdac tableID=0xc0003d2320 seatIndex=0xc0003cf800
2025/11/08 14:46:50 INFO session updated token=74e52cd5-b2b7-4172-9e35-bc92218419f6 tableID=0xc0003d2330 seatIndex=0xc0003cf810
2025/11/08 14:46:50 INFO session updated token=da25c7b9-a297-41da-9b00-d68f70861b7f tableID=0xc0002cc380 seatIndex=0xc0002c85c0
2025/11/08 14:46:50 INFO session created token=67fcbac9-752c-465d-a89b-32fb89259244 name=User_14_3
2025/11/08 14:46:50 INFO session created token=eef2e53e-48c2-4257-b867-9ee635052956 name=User_25_3
2025/11/08 14:46:50 INFO session created token=c93f3f8b-56f5-4362-8562-aef67159ab72 name=User_65_3
2025/11/08 14:46:50 INFO session updated token=8b986f0d-1a7f-4908-9dc1-fc149de0f659 tableID=0xc000600d70 seatIndex=0xc000604d18
2025/11/08 14:46:50 INFO session removed token=db179605-1390-42a3-842f-f3a8f008da89
2025/11/08 14:46:50 INFO session updated token=e4b0d1f7-fa56-401d-8932-af5f4e4df892 tableID=0xc000600db0 seatIndex=0xc000604d48
2025/11/08 14:46:50 INFO session created token=a5c04e11-abf8-4fee-861c-1f4dad12cc70 name=User_24_4
2025/11/08 14:46:50 INFO session created token=4f06a577-e354-4ac5-ab28-169c06c33efd name=User_89_6
2025/11/08 14:46:50 INFO session updated token=ed6c3354-2b0f-42b4-8c5b-654e7c537678 tableID=0xc000600dc0 seatIndex=0xc000604d58
2025/11/08 14:46:50 INFO session updated token=9d3bdeb0-c77b-4fc9-ac73-838e0d1a477f tableID=0xc0003d23b0 seatIndex=0xc0003cf820
2025/11/08 14:46:50 INFO session updated token=e81e67b6-96db-4451-befe-3730b63979ee tableID=0xc0003d23e0 seatIndex=0xc0003cf830
2025/11/08 14:46:50 INFO session updated token=b6babeaf-b2ee-4d51-9c72-a6d2072344e4 tableID=0xc0003d23f0 seatIndex=0xc0003cf840
2025/11/08 14:46:50 INFO session updated token=7245519b-5d11-4966-bf30-486dc61f2b4c tableID=0xc0003d2400 seatIndex=0xc0003cf850
2025/11/08 14:46:50 INFO session removed token=83e72276-92e7-4760-bf40-bc4cee2665a1
2025/11/08 14:46:50 INFO session removed token=53d9766c-66cc-4d10-a922-66437034a404
2025/11/08 14:46:50 INFO session updated token=ac0dfa28-9d4f-4813-9a5f-53c6b347ecbe tableID=0xc0003d24c0 seatIndex=0xc0003cf8f0
2025/11/08 14:46:50 INFO session created token=a08f5fe3-8045-459d-8e68-8972076ebdc3 name=User_54_3
2025/11/08 14:46:50 INFO session updated token=72b47f9e-703d-487b-9e2c-e16255cf2a0f tableID=0xc0003d24d0 seatIndex=0xc0003cf900
2025/11/08 14:46:50 INFO session created token=8e2744ec-35ef-425a-8c25-287eb582c238 name=User_81_3
2025/11/08 14:46:50 INFO session created token=cd060729-eada-487b-8b54-e7c9384abb41 name=User_10_3
2025/11/08 14:46:50 INFO session removed token=b6babeaf-b2ee-4d51-9c72-a6d2072344e4
2025/11/08 14:46:50 INFO session created token=bd1d51fa-413b-42c5-b0cc-d58fc8527976 name=User_84_4
2025/11/08 14:46:50 INFO session created token=5a948057-6750-4250-9a79-3b136affee33 name=User_41_8
2025/11/08 14:46:50 INFO session updated token=8e2744ec-35ef-425a-8c25-287eb582c238 tableID=0xc00051ae50 seatIndex=0xc000512cf8
2025/11/08 14:46:50 INFO session removed token=8e2744ec-35ef-425a-8c25-287eb582c238
2025/11/08 14:46:50 INFO session created token=537dd84b-0fa8-4869-86ab-8d0ce78900d4 name=User_81_4
2025/11/08 14:46:50 INFO session updated token=537dd84b-0fa8-4869-86ab-8d0ce78900d4 tableID=0xc000125390 seatIndex=0xc0001295a8
2025/11/08 14:46:50 INFO session removed token=537dd84b-0fa8-4869-86ab-8d0ce78900d4
2025/11/08 14:46:50 INFO session created token=1c8d0ee9-9eed-4e7a-8841-b9d9995341c3 name=User_81_5
2025/11/08 14:46:50 INFO session updated token=1c8d0ee9-9eed-4e7a-8841-b9d9995341c3 tableID=0xc0001253e0 seatIndex=0xc0001295f8
2025/11/08 14:46:50 INFO session removed token=1c8d0ee9-9eed-4e7a-8841-b9d9995341c3
2025/11/08 14:46:50 INFO session created token=db48cf33-dc25-4ca7-b71a-c151b4f67c2c name=User_81_6
2025/11/08 14:46:50 INFO session updated token=db48cf33-dc25-4ca7-b71a-c151b4f67c2c tableID=0xc000125430 seatIndex=0xc000129648
2025/11/08 14:46:50 INFO session removed token=db48cf33-dc25-4ca7-b71a-c151b4f67c2c
2025/11/08 14:46:50 INFO session created token=2dd92259-353d-47bb-9860-b244ad7e5df0 name=User_81_7
2025/11/08 14:46:50 INFO session updated token=5624fdf7-684d-4da8-965c-928d52601152 tableID=0xc000600e50 seatIndex=0xc000604e38
2025/11/08 14:46:50 INFO session removed token=5624fdf7-684d-4da8-965c-928d52601152
2025/11/08 14:46:50 INFO session updated token=1d783a5b-2ca7-4d36-8c4d-8cac5bdec533 tableID=0xc000600e70 seatIndex=0xc000604e68
2025/11/08 14:46:50 INFO session updated token=128d5378-e5fb-43a8-bf97-c68c4f40d0cf tableID=0xc00059b5c0 seatIndex=0xc000593208
2025/11/08 14:46:50 INFO session created token=b2e63b47-6bfc-4ad2-b225-3050c6c7aa56 name=User_76_3
2025/11/08 14:46:50 INFO session updated token=bbce58bb-479f-4d60-8e3d-a23ab97c4b3c tableID=0xc00059b5d0 seatIndex=0xc000593218
2025/11/08 14:46:50 INFO session updated token=13c662e3-534f-40c4-9c1e-dbbd6ee903eb tableID=0xc0002cc4f0 seatIndex=0xc0002c86e0
2025/11/08 14:46:50 INFO session updated token=f3ed1ced-38e1-4878-9453-c7ec79cfc80c tableID=0xc00059b5e0 seatIndex=0xc000593228
2025/11/08 14:46:50 INFO session removed token=6516e550-563e-44d3-b39b-4b25cc2d4e0e
2025/11/08 14:46:50 INFO session updated token=425b8082-7d5b-4721-9f8b-b8b5a8d99e3a tableID=0xc000600ee0 seatIndex=0xc000604e98
2025/11/08 14:46:50 INFO session updated token=e2b81282-9669-4bc8-808e-3893bb3b37be tableID=0xc00059b5f0 seatIndex=0xc000593238
2025/11/08 14:46:50 INFO session updated token=0df2b238-491e-48e9-853b-87381bc4ea18 tableID=0xc00059b600 seatIndex=0xc000593248
2025/11/08 14:46:50 INFO session removed token=0584c823-c317-4e45-aa94-8f3aa68ae5ba
2025/11/08 14:46:50 INFO session created token=75260de7-6a8f-462f-ba48-0cd8c71727ef name=User_39_3
2025/11/08 14:46:50 INFO session updated token=a985cd76-fd99-4205-8a0c-605505a21912 tableID=0xc00059b630 seatIndex=0xc000593298
2025/11/08 14:46:50 INFO session created token=69c1c391-1f60-4463-9764-2f60516ed44e name=User_98_3
2025/11/08 14:46:50 INFO session removed token=5594740e-8134-4f8d-8d27-e273ee541526
2025/11/08 14:46:50 INFO session updated token=506ae683-8d5f-4fad-8390-c75827415d2e tableID=0xc000124fb0 seatIndex=0xc0001291e8
2025/11/08 14:46:50 INFO session removed token=4d8e6907-a828-40b8-986b-73594dd4a7fa
2025/11/08 14:46:50 INFO session updated token=489df4d2-ee42-4a9f-af54-4b9e4e2c5c80 tableID=0xc000124fd0 seatIndex=0xc000129218
2025/11/08 14:46:50 INFO session removed token=25bd508a-5d35-444c-83f3-2bf15937be40
2025/11/08 14:46:50 INFO session removed token=33c494b6-882d-426b-ab66-c8ae59f4b368
2025/11/08 14:46:50 INFO session removed token=b79ae770-138e-43d5-b4fa-1d667e244103
2025/11/08 14:46:50 INFO session removed token=f57943e5-85a9-4f8b-955e-04c9156b0a9d
2025/11/08 14:46:50 INFO session removed token=d7f9b823-aec6-4830-9312-6d23e583d7ca
2025/11/08 14:46:50 INFO session removed token=2c035bc9-4ccb-4e0f-ae1c-089b1407dc31
2025/11/08 14:46:50 INFO session updated token=1395a311-056a-4598-8651-886c1e41a49f tableID=0xc0002cc520 seatIndex=0xc0002c86f0
2025/11/08 14:46:50 INFO session created token=4b8cb8db-2b75-4fbd-a2f4-c6f4a10d9a2f name=User_31_86
2025/11/08 14:46:50 INFO session created token=01513013-5c5d-49b2-87de-abbaef95ae43 name=User_82_4
2025/11/08 14:46:50 INFO session created token=eacc5ee7-38d1-4f91-b79f-236b9c5e44d7 name=User_88_8
2025/11/08 14:46:50 INFO session updated token=4b8cb8db-2b75-4fbd-a2f4-c6f4a10d9a2f tableID=0xc0001254e0 seatIndex=0xc0001296d8
2025/11/08 14:46:50 INFO session created token=92cf7154-4aa4-467d-ac9d-f1dfdb5e334c name=User_8_4
2025/11/08 14:46:50 INFO session created token=8fdaeca5-975f-4913-8b6a-4e0693fdb1c8 name=User_2_4
2025/11/08 14:46:50 INFO session updated token=5d8e0bf0-1e39-4717-8326-5392fdf2f998 tableID=0xc0002cc540 seatIndex=0xc0002c8720
2025/11/08 14:46:50 INFO session removed token=c62e0fe3-bcdb-48d7-a119-2ec1c962e9a4
2025/11/08 14:46:50 INFO session removed token=04ab545d-3030-409a-a088-43b0712ac439
2025/11/08 14:46:50 INFO session removed token=0f8bd43b-608b-4520-9641-99261fd59864
2025/11/08 14:46:50 INFO session removed token=df570f6e-79ca-4c05-8f2e-eb1c381c3f41
2025/11/08 14:46:50 INFO session removed token=b6e54efc-38d8-4030-8a4f-73bb777a3336
2025/11/08 14:46:50 INFO session removed token=859862cb-0ec2-48ed-8a0b-0b50374ee4cb
2025/11/08 14:46:50 INFO session removed token=4b8cb8db-2b75-4fbd-a2f4-c6f4a10d9a2f
2025/11/08 14:46:50 INFO session created token=fa1eef74-508a-4060-a803-500eae6677ab name=User_90_4
2025/11/08 14:46:50 INFO session removed token=5d8e0bf0-1e39-4717-8326-5392fdf2f998
2025/11/08 14:46:50 INFO session created token=ea3e997b-7c39-4ad4-afb3-c4b17082872f name=User_21_4
2025/11/08 14:46:50 INFO session removed token=05ae8d6a-4cf1-4ea0-8058-fb18aafabdb7
2025/11/08 14:46:50 INFO session removed token=390371d5-2efd-44a7-b8c1-668f32a18a75
2025/11/08 14:46:50 INFO session removed token=abb24e15-5945-42e4-bcf7-499114392955
2025/11/08 14:46:50 INFO session updated token=0c62a275-11ee-4d0c-a81b-b7b261f0e0e1 tableID=0xc00059b690 seatIndex=0xc0005932c8
2025/11/08 14:46:50 INFO session updated token=245cd94f-3179-43c3-b851-fadb960a13c3 tableID=0xc0001250b0 seatIndex=0xc000129328
2025/11/08 14:46:50 INFO session updated token=28a2da5c-775e-4c47-a24e-b4113dfa6261 tableID=0xc0001250e0 seatIndex=0xc000129338
2025/11/08 14:46:50 INFO session updated token=636312d6-bc09-4245-b3b0-bf4874def282 tableID=0xc00059b6e0 seatIndex=0xc0005932f8
2025/11/08 14:46:50 INFO session created token=6f3a11ad-a97f-4cfa-960e-0d38fb5b71e1 name=User_67_3
2025/11/08 14:46:50 INFO session updated token=1247d6ba-a61c-4762-bf72-329d1aa141bb tableID=0xc00059b6f0 seatIndex=0xc000593308
2025/11/08 14:46:50 INFO session created token=539c5877-db31-42ef-ab6a-0b2bd6a0b4d9 name=User_58_4
2025/11/08 14:46:50 INFO session created token=b42a671c-3ef1-46f5-909c-48c5d595420d name=User_68_3
2025/11/08 14:46:50 INFO session updated token=fd321dbd-25d9-451e-a5ca-2f0db9f8ea66 tableID=0xc000600f10 seatIndex=0xc000604ed8
2025/11/08 14:46:50 INFO session removed token=af9ec32f-615b-47e2-ac46-5ee3497669f1
2025/11/08 14:46:50 INFO session updated token=00746620-bbdc-46c7-9d24-1ec156f7150e tableID=0xc00051ad00 seatIndex=0xc000512b98
2025/11/08 14:46:50 INFO session updated token=da9635d9-2b81-41ec-a187-08948b9710fa tableID=0xc0002cc650 seatIndex=0xc0002c8870
2025/11/08 14:46:50 INFO session updated token=41bff323-92c0-4aeb-b22e-11d061bc84df tableID=0xc000125130 seatIndex=0xc000129348
2025/11/08 14:46:50 INFO session updated token=88ebd687-0151-493a-9cb2-598751db2a2e tableID=0xc00051ad10 seatIndex=0xc000512ba8
2025/11/08 14:46:50 INFO session updated token=983888e1-88ae-4adf-b505-b8c1f9044e38 tableID=0xc000600f20 seatIndex=0xc000604ee8
2025/11/08 14:46:50 INFO session updated token=044d390f-4add-4510-a75d-533a10105480 tableID=0xc000600f30 seatIndex=0xc000604ef8
2025/11/08 14:46:50 INFO session updated token=f06d8f81-a43b-4ac8-9b61-799e66bf05f0 tableID=0xc0003dc3f0 seatIndex=0xc0003d9770
2025/11/08 14:46:50 INFO session updated token=76326a11-aac8-41b4-b3cb-dff5d3dc6ead tableID=0xc0003dc410 seatIndex=0xc0003d97a0
2025/11/08 14:46:50 INFO session updated token=b5b32d70-48ec-4c5a-a1bb-de9ae7310bf1 tableID=0xc0003dc420 seatIndex=0xc0003d97b0
2025/11/08 14:46:50 INFO session removed token=adea2230-5aab-46dd-b4b3-fd6adf1e4027
2025/11/08 14:46:50 INFO session removed token=68aed6ce-9d20-4a77-911c-b5b5abb84a1f
2025/11/08 14:46:50 INFO session updated token=131e66fa-37c7-494f-ad1f-a0ca457a014b tableID=0xc0003dc450 seatIndex=0xc0003d97e0
2025/11/08 14:46:50 INFO session updated token=8e2c0916-3c06-43cd-bd7a-78541d84b949 tableID=0xc0002cc2e0 seatIndex=0xc0002c8520
2025/11/08 14:46:50 INFO session created token=bc3e3495-bf5c-4aa0-ba7c-8cd730cce637 name=User_57_4
2025/11/08 14:46:50 INFO session updated token=e7282816-ccb1-4968-b04c-a1a41c9022b3 tableID=0xc0003dc470 seatIndex=0xc0003d9810
2025/11/08 14:46:50 INFO session updated token=46839971-5f8c-4f71-9557-b9775f69d080 tableID=0xc0001251c0 seatIndex=0xc0001293a8
2025/11/08 14:46:50 INFO session removed token=8c791696-b81b-4537-ba2e-87cae56808bb
2025/11/08 14:46:50 INFO session removed token=d6623399-f08c-4646-9449-a0856db79972
2025/11/08 14:46:50 INFO session created token=e41cba81-f425-414d-b95f-892a587b6aa5 name=User_32_9
2025/11/08 14:46:50 INFO session updated token=6b54d164-7305-451c-b6fd-431dcbaab7e3 tableID=0xc000125210 seatIndex=0xc000129418
2025/11/08 14:46:50 INFO session removed token=7e2fddef-23d7-4bec-8dd0-771552997e2c
2025/11/08 14:46:50 INFO session removed token=658f3f9e-565f-42df-9e7f-85d5355c5659
2025/11/08 14:46:50 INFO session removed token=6e385d0b-a85b-4dc2-a367-fe7ee40d4e1b
2025/11/08 14:46:50 INFO session removed token=4ccda194-498d-4327-8535-322283cb0857
2025/11/08 14:46:50 INFO session removed token=afcbdb5a-8dfa-42fd-8ca2-79be5588bdac
2025/11/08 14:46:50 INFO session removed token=74e52cd5-b2b7-4172-9e35-bc92218419f6
2025/11/08 14:46:50 INFO session updated token=67fcbac9-752c-465d-a89b-32fb89259244 tableID=0xc0003dc4c0 seatIndex=0xc0003d9820
2025/11/08 14:46:50 INFO session removed token=67fcbac9-752c-465d-a89b-32fb89259244
2025/11/08 14:46:50 INFO session created token=8b47e67e-cb41-4f6e-b8f3-ce98f5230bfd name=User_14_4
2025/11/08 14:46:50 INFO session created token=6819a411-4842-4cc4-b853-3cb84c10ddca name=User_71_4
2025/11/08 14:46:50 INFO session removed token=da25c7b9-a297-41da-9b00-d68f70861b7f
2025/11/08 14:46:50 INFO session created token=e5f3eca7-4eb0-4cb2-bf65-8e4849ee54a7 name=User_15_4
2025/11/08 14:46:50 INFO session updated token=eef2e53e-48c2-4257-b867-9ee635052956 tableID=0xc000125290 seatIndex=0xc000129508
2025/11/08 14:46:50 INFO session updated token=c93f3f8b-56f5-4362-8562-aef67159ab72 tableID=0xc0001252a0 seatIndex=0xc000129518
2025/11/08 14:46:50 INFO session removed token=8b986f0d-1a7f-4908-9dc1-fc149de0f659
2025/11/08 14:46:50 INFO session updated token=a5c04e11-abf8-4fee-861c-1f4dad12cc70 tableID=0xc000600fa0 seatIndex=0xc000604f08
2025/11/08 14:46:50 INFO session removed token=e4b0d1f7-fa56-401d-8932-af5f4e4df892
2025/11/08 14:46:50 INFO session created token=497a4154-4e50-4e11-a15e-88afed67666a name=User_55_4
2025/11/08 14:46:50 INFO session removed token=ed6c3354-2b0f-42b4-8c5b-654e7c537678
2025/11/08 14:46:50 INFO session updated token=4f06a577-e354-4ac5-ab28-169c06c33efd tableID=0xc00051ad80 seatIndex=0xc000512bf8
2025/11/08 14:46:50 INFO session removed token=9d3bdeb0-c77b-4fc9-ac73-838e0d1a477f
2025/11/08 14:46:50 INFO session removed token=e81e67b6-96db-4451-befe-3730b63979ee
2025/11/08 14:46:50 INFO session created token=65233cdd-bc81-428b-b5be-c0ae9ec4dea0 name=User_62_4
2025/11/08 14:46:50 INFO session removed token=4f06a577-e354-4ac5-ab28-169c06c33efd
2025/11/08 14:46:50 INFO session removed token=72b47f9e-703d-487b-9e2c-e16255cf2a0f
2025/11/08 14:46:50 INFO session created token=1e9b5b1b-b20b-42ea-8336-8e753ebe7dab name=User_89_7
2025/11/08 14:46:50 INFO session created token=44afba36-67be-4bf0-9787-3a29124471b8 name=User_22_4
2025/11/08 14:46:50 INFO session updated token=1e9b5b1b-b20b-42ea-8336-8e753ebe7dab tableID=0xc0001256a0 seatIndex=0xc000129880
2025/11/08 14:46:50 INFO session removed token=7245519b-5d11-4966-bf30-486dc61f2b4c
2025/11/08 14:46:50 INFO session removed token=ac0dfa28-9d4f-4813-9a5f-53c6b347ecbe
2025/11/08 14:46:50 INFO session created token=a36e6f7f-afd9-447f-a677-65e2a5d1ba01 name=User_66_4
2025/11/08 14:46:50 INFO session updated token=a08f5fe3-8045-459d-8e68-8972076ebdc3 tableID=0xc00051ae30 seatIndex=0xc000512cc8
2025/11/08 14:46:50 INFO session created token=35eecbfb-6996-4ec5-9785-c31b5d4c546c name=User_18_4
2025/11/08 14:46:50 INFO session created token=93203a83-c613-4655-a36e-0e1f40893bd1 name=User_16_5
2025/11/08 14:46:50 INFO session updated token=a36e6f7f-afd9-447f-a677-65e2a5d1ba01 tableID=0xc00051b200 seatIndex=0xc000513138
2025/11/08 14:46:50 INFO session removed token=a36e6f7f-afd9-447f-a677-65e2a5d1ba01
2025/11/08 14:46:50 INFO session updated token=bd1d51fa-413b-42c5-b0cc-d58fc8527976 tableID=0xc000600fd0 seatIndex=0xc000604f18
2025/11/08 14:46:50 INFO session updated token=5a948057-6750-4250-9a79-3b136affee33 tableID=0xc000125350 seatIndex=0xc000129578
2025/11/08 14:46:50 INFO session updated token=2dd92259-353d-47bb-9860-b244ad7e5df0 tableID=0xc00051ae80 seatIndex=0xc000512d48
2025/11/08 14:46:50 INFO session removed token=2dd92259-353d-47bb-9860-b244ad7e5df0
2025/11/08 14:46:50 INFO session created token=f834000e-c97b-4279-88f3-793a5ae50f5f name=User_81_8
2025/11/08 14:46:50 INFO session updated token=f834000e-c97b-4279-88f3-793a5ae50f5f tableID=0xc00051b2a0 seatIndex=0xc0005131f8
2025/11/08 14:46:50 INFO session removed token=f834000e-c97b-4279-88f3-793a5ae50f5f
2025/11/08 14:46:50 INFO session created token=533d1069-1986-4da5-b8ac-bd05fd3b999e name=User_81_9
2025/11/08 14:46:50 INFO session created token=698fdfdf-137a-489f-b024-edd560278156 name=User_66_5
2025/11/08 14:46:50 INFO session updated token=533d1069-1986-4da5-b8ac-bd05fd3b999e tableID=0xc00051b2f0 seatIndex=0xc000513248
2025/11/08 14:46:50 INFO session removed token=533d1069-1986-4da5-b8ac-bd05fd3b999e
2025/11/08 14:46:50 INFO session removed token=5a948057-6750-4250-9a79-3b136affee33
2025/11/08 14:46:50 INFO session created token=2d52dc63-44a9-4575-ac69-c5193f44eb72 name=User_81_10
2025/11/08 14:46:50 INFO session created token=551c3e50-d104-4412-be27-1749573921f1 name=User_41_9
2025/11/08 14:46:50 INFO session updated token=2d52dc63-44a9-4575-ac69-c5193f44eb72 tableID=0xc00051b350 seatIndex=0xc0005132a8
2025/11/08 14:46:50 INFO session removed token=2d52dc63-44a9-4575-ac69-c5193f44eb72
2025/11/08 14:46:50 INFO session created token=95808cc7-1755-414b-b7c9-2c3830f137d6 name=User_81_11
2025/11/08 14:46:50 INFO session updated token=95808cc7-1755-414b-b7c9-2c3830f137d6 tableID=0xc00051b3b0 seatIndex=0xc000513308
2025/11/08 14:46:50 INFO session removed token=95808cc7-1755-414b-b7c9-2c3830f137d6
2025/11/08 14:46:50 INFO session created token=f7506ac5-3364-4618-b342-35ad903c7bf7 name=User_81_12
2025/11/08 14:46:50 INFO session updated token=f7506ac5-3364-4618-b342-35ad903c7bf7 tableID=0xc00051b400 seatIndex=0xc000513358
2025/11/08 14:46:50 INFO session removed token=f7506ac5-3364-4618-b342-35ad903c7bf7
2025/11/08 14:46:50 INFO session created token=b2488447-4d52-4cc7-9a35-3d117706dd20 name=User_81_13
2025/11/08 14:46:50 INFO session updated token=b2488447-4d52-4cc7-9a35-3d117706dd20 tableID=0xc00051b450 seatIndex=0xc0005133a8
2025/11/08 14:46:50 INFO session removed token=b2488447-4d52-4cc7-9a35-3d117706dd20
2025/11/08 14:46:50 INFO session removed token=bd1d51fa-413b-42c5-b0cc-d58fc8527976
2025/11/08 14:46:50 INFO session created token=e7f4ca13-1a51-4ffd-856c-77b0dbac1857 name=User_84_5
2025/11/08 14:46:50 INFO session updated token=e7f4ca13-1a51-4ffd-856c-77b0dbac1857 tableID=0xc0002cc710 seatIndex=0xc0002c8940
2025/11/08 14:46:50 INFO session removed token=e7f4ca13-1a51-4ffd-856c-77b0dbac1857
2025/11/08 14:46:50 INFO session created token=645384d3-fb28-4a49-a848-59583605def0 name=User_84_6
2025/11/08 14:46:50 INFO session updated token=645384d3-fb28-4a49-a848-59583605def0 tableID=0xc0002cc760 seatIndex=0xc0002c8990
2025/11/08 14:46:50 INFO session removed token=645384d3-fb28-4a49-a848-59583605def0
2025/11/08 14:46:50 INFO session created token=69daabb9-34b6-47c1-bd0e-6bfc97f83688 name=User_84_7
2025/11/08 14:46:50 INFO session updated token=69daabb9-34b6-47c1-bd0e-6bfc97f83688 tableID=0xc0002cc7b0 seatIndex=0xc0002c89e0
2025/11/08 14:46:50 INFO session removed token=69daabb9-34b6-47c1-bd0e-6bfc97f83688
2025/11/08 14:46:50 INFO session updated token=551c3e50-d104-4412-be27-1749573921f1 tableID=0xc00051b370 seatIndex=0xc0005132d8
2025/11/08 14:46:50 INFO session removed token=551c3e50-d104-4412-be27-1749573921f1
2025/11/08 14:46:50 INFO session created token=7d8dd84f-3cb4-4b1f-9784-7ae388b931cc name=User_84_8
2025/11/08 14:46:50 INFO session created token=7b55a1c5-c076-491d-a2a2-e905508fa1d1 name=User_74_5
2025/11/08 14:46:50 INFO session updated token=7d8dd84f-3cb4-4b1f-9784-7ae388b931cc tableID=0xc0002cc800 seatIndex=0xc0002c8a30
2025/11/08 14:46:50 INFO session removed token=7d8dd84f-3cb4-4b1f-9784-7ae388b931cc
2025/11/08 14:46:50 INFO session removed token=1d783a5b-2ca7-4d36-8c4d-8cac5bdec533
2025/11/08 14:46:50 INFO session removed token=128d5378-e5fb-43a8-bf97-c68c4f40d0cf
2025/11/08 14:46:50 INFO session updated token=b2e63b47-6bfc-4ad2-b225-3050c6c7aa56 tableID=0xc00051aed0 seatIndex=0xc000512db8
2025/11/08 14:46:50 INFO session created token=f87f4328-4d98-4718-ad1e-487ad86494a7 name=User_41_10
2025/11/08 14:46:50 INFO session removed token=bbce58bb-479f-4d60-8e3d-a23ab97c4b3c
2025/11/08 14:46:50 INFO session removed token=13c662e3-534f-40c4-9c1e-dbbd6ee903eb
2025/11/08 14:46:50 INFO session removed token=f3ed1ced-38e1-4878-9453-c7ec79cfc80c
2025/11/08 14:46:50 INFO session removed token=425b8082-7d5b-4721-9f8b-b8b5a8d99e3a
2025/11/08 14:46:50 INFO session removed token=e2b81282-9669-4bc8-808e-3893bb3b37be
2025/11/08 14:46:50 INFO session removed token=0df2b238-491e-48e9-853b-87381bc4ea18
2025/11/08 14:46:50 INFO session removed token=a985cd76-fd99-4205-8a0c-605505a21912
2025/11/08 14:46:50 INFO session created token=9d86d907-9b6e-48a4-a3db-2e82e5130c3b name=User_49_4
2025/11/08 14:46:50 INFO session created token=8fd7ce47-d46a-4c69-862c-76fd5b630714 name=User_5_5
2025/11/08 14:46:50 INFO session created token=05eb8bbf-d772-49d8-a278-c87af00dd289 name=User_92_4
2025/11/08 14:46:50 INFO session updated token=9d86d907-9b6e-48a4-a3db-2e82e5130c3b tableID=0xc0002cc8a0 seatIndex=0xc0002c8af0
2025/11/08 14:46:50 INFO session removed token=9d86d907-9b6e-48a4-a3db-2e82e5130c3b
2025/11/08 14:46:50 INFO session created token=995972cd-a515-4eee-bf1e-fa0caf2874e7 name=User_49_5
2025/11/08 14:46:50 INFO session updated token=995972cd-a515-4eee-bf1e-fa0caf2874e7 tableID=0xc0003dc7b0 seatIndex=0xc0003d9c40
2025/11/08 14:46:50 INFO session removed token=995972cd-a515-4eee-bf1e-fa0caf2874e7
2025/11/08 14:46:50 INFO session created token=4056d8e6-8907-4105-bdd4-d598d7c5843c name=User_49_6
2025/11/08 14:46:50 INFO session updated token=4056d8e6-8907-4105-bdd4-d598d7c5843c tableID=0xc0003dc800 seatIndex=0xc0003d9c90
2025/11/08 14:46:50 INFO session removed token=4056d8e6-8907-4105-bdd4-d598d7c5843c
2025/11/08 14:46:50 INFO session created token=b3650a65-7f94-4c32-a420-c9fd35c0e654 name=User_49_7
2025/11/08 14:46:50 INFO session updated token=b3650a65-7f94-4c32-a420-c9fd35c0e654 tableID=0xc0003dc850 seatIndex=0xc0003d9ce0
2025/11/08 14:46:50 INFO session removed token=b3650a65-7f94-4c32-a420-c9fd35c0e654
2025/11/08 14:46:50 INFO session created token=09de9af2-350e-4e35-90d7-09783d30324e name=User_49_8
2025/11/08 14:46:50 INFO session updated token=09de9af2-350e-4e35-90d7-09783d30324e tableID=0xc0003dc8a0 seatIndex=0xc0003d9d30
2025/11/08 14:46:50 INFO session removed token=09de9af2-350e-4e35-90d7-09783d30324e
2025/11/08 14:46:50 INFO session created token=0607b903-0e29-4e9e-8905-9ce2509e4f74 name=User_49_9
2025/11/08 14:46:50 INFO session updated token=0607b903-0e29-4e9e-8905-9ce2509e4f74 tableID=0xc0003dc8f0 seatIndex=0xc0003d9d80
2025/11/08 14:46:50 INFO session removed token=0607b903-0e29-4e9e-8905-9ce2509e4f74
2025/11/08 14:46:50 INFO session created token=2655773b-663a-4cee-8a8d-9db084861ca2 name=User_49_10
2025/11/08 14:46:50 INFO session updated token=2655773b-663a-4cee-8a8d-9db084861ca2 tableID=0xc0003dc940 seatIndex=0xc0003d9dd0
2025/11/08 14:46:50 INFO session removed token=2655773b-663a-4cee-8a8d-9db084861ca2
2025/11/08 14:46:50 INFO session created token=faf26717-443a-49dd-9457-34a8a5e5af3c name=User_49_11
2025/11/08 14:46:50 INFO session updated token=faf26717-443a-49dd-9457-34a8a5e5af3c tableID=0xc0003dc990 seatIndex=0xc0003d9e20
2025/11/08 14:46:50 INFO session removed token=faf26717-443a-49dd-9457-34a8a5e5af3c
2025/11/08 14:46:50 INFO session created token=3ea752aa-36dd-40f4-80b2-c37681c2f98b name=User_49_12
2025/11/08 14:46:50 INFO session created token=97bc4596-2f54-40cf-8698-13b81de6dd05 name=User_56_4
2025/11/08 14:46:50 INFO session updated token=3ea752aa-36dd-40f4-80b2-c37681c2f98b tableID=0xc0003dc9e0 seatIndex=0xc0003d9e70
2025/11/08 14:46:50 INFO session removed token=3ea752aa-36dd-40f4-80b2-c37681c2f98b
2025/11/08 14:46:50 INFO session created token=69ddd545-41a0-46c1-bc51-881844ea5f3c name=User_49_13
2025/11/08 14:46:50 INFO session created token=27d07c81-c9f4-426f-a747-1fce9280f51c name=User_69_5
2025/11/08 14:46:50 INFO session updated token=69ddd545-41a0-46c1-bc51-881844ea5f3c tableID=0xc0003dca40 seatIndex=0xc0003d9ed0
2025/11/08 14:46:50 INFO session removed token=69ddd545-41a0-46c1-bc51-881844ea5f3c
2025/11/08 14:46:50 INFO session created token=f8b1c150-557b-4a07-b673-08d200e9b5f4 name=User_40_8
2025/11/08 14:46:50 INFO session removed token=506ae683-8d5f-4fad-8390-c75827415d2e
2025/11/08 14:46:50 INFO session removed token=489df4d2-ee42-4a9f-af54-4b9e4e2c5c80
2025/11/08 14:46:50 INFO session removed token=1395a311-056a-4598-8651-886c1e41a49f
2025/11/08 14:46:50 INFO session removed token=06388b22-e47b-4fa4-aa18-d020ff001685
2025/11/08 14:46:50 INFO session updated token=92cf7154-4aa4-467d-ac9d-f1dfdb5e334c tableID=0xc000125500 seatIndex=0xc000129708
2025/11/08 14:46:50 INFO session updated token=8fdaeca5-975f-4913-8b6a-4e0693fdb1c8 tableID=0xc000125510 seatIndex=0xc000129718
2025/11/08 14:46:50 INFO session updated token=01513013-5c5d-49b2-87de-abbaef95ae43 tableID=0xc000125530 seatIndex=0xc000129748
2025/11/08 14:46:50 INFO session created token=c072ac37-c5ac-490d-966d-02038eac61f0 name=User_97_4
2025/11/08 14:46:50 INFO session updated token=eacc5ee7-38d1-4f91-b79f-236b9c5e44d7 tableID=0xc000125540 seatIndex=0xc000129758
2025/11/08 14:46:50 INFO session created token=f34a1af8-5e26-4478-9c51-c56d88cc62b9 name=User_73_6
2025/11/08 14:46:50 INFO session created token=17c513f0-6acb-4aca-b204-47d123d556da name=User_91_4
2025/11/08 14:46:50 INFO session removed token=8fdaeca5-975f-4913-8b6a-4e0693fdb1c8
2025/11/08 14:46:50 INFO session created token=c146477d-9a91-4c95-912f-5e1959946ab5 name=User_61_7
2025/11/08 14:46:50 INFO session created token=12f230f1-559d-4dac-8e3d-736370afd2f7 name=User_83_4
2025/11/08 14:46:50 INFO session updated token=17c513f0-6acb-4aca-b204-47d123d556da tableID=0xc000601150 seatIndex=0xc000605130
2025/11/08 14:46:50 INFO session removed token=17c513f0-6acb-4aca-b204-47d123d556da
2025/11/08 14:46:50 INFO session created token=cac89e00-3aa7-4f78-8299-718b06e461cb name=User_91_5
2025/11/08 14:46:50 INFO session updated token=cac89e00-3aa7-4f78-8299-718b06e461cb tableID=0xc0006011d0 seatIndex=0xc0006051b0
2025/11/08 14:46:50 INFO session removed token=cac89e00-3aa7-4f78-8299-718b06e461cb
2025/11/08 14:46:50 INFO session created token=d9f2a17a-4dd1-4c06-9843-9a313d3441f0 name=User_91_6
2025/11/08 14:46:50 INFO session updated token=d9f2a17a-4dd1-4c06-9843-9a313d3441f0 tableID=0xc000601220 seatIndex=0xc000605200
2025/11/08 14:46:50 INFO session removed token=d9f2a17a-4dd1-4c06-9843-9a313d3441f0
2025/11/08 14:46:50 INFO session created token=1460dff3-7d95-4fab-9bfd-da2f864968e7 name=User_91_7
2025/11/08 14:46:50 INFO session updated token=1460dff3-7d95-4fab-9bfd-da2f864968e7 tableID=0xc000601270 seatIndex=0xc000605250
2025/11/08 14:46:50 INFO session removed token=1460dff3-7d95-4fab-9bfd-da2f864968e7
2025/11/08 14:46:50 INFO session created token=d2b226f6-f8c1-4c1b-8ae5-6cadda9d0cb1 name=User_91_8
2025/11/08 14:46:50 INFO session updated token=d2b226f6-f8c1-4c1b-8ae5-6cadda9d0cb1 tableID=0xc0006012c0 seatIndex=0xc0006052a0
2025/11/08 14:46:50 INFO session removed token=d2b226f6-f8c1-4c1b-8ae5-6cadda9d0cb1
2025/11/08 14:46:50 INFO session created token=9fca7d93-48e5-49a1-b857-0600c8651042 name=User_91_9
2025/11/08 14:46:50 INFO session updated token=9fca7d93-48e5-49a1-b857-0600c8651042 tableID=0xc000601310 seatIndex=0xc0006052f0
2025/11/08 14:46:50 INFO session removed token=9fca7d93-48e5-49a1-b857-0600c8651042
2025/11/08 14:46:50 INFO session created token=c9f13e27-a66d-44c8-9cc5-3edff2969f7f name=User_91_10
2025/11/08 14:46:50 INFO session updated token=c9f13e27-a66d-44c8-9cc5-3edff2969f7f tableID=0xc000601360 seatIndex=0xc000605340
2025/11/08 14:46:50 INFO session removed token=c9f13e27-a66d-44c8-9cc5-3edff2969f7f
2025/11/08 14:46:50 INFO session created token=d9f3d616-277c-473d-8a65-25bf9598a146 name=User_91_11
2025/11/08 14:46:50 INFO session updated token=d9f3d616-277c-473d-8a65-25bf9598a146 tableID=0xc0006013b0 seatIndex=0xc000605390
2025/11/08 14:46:50 INFO session removed token=d9f3d616-277c-473d-8a65-25bf9598a146
2025/11/08 14:46:50 INFO session created token=7e9e2e4d-21dd-43b6-945e-b55291b4a256 name=User_91_12
2025/11/08 14:46:50 INFO session updated token=7e9e2e4d-21dd-43b6-945e-b55291b4a256 tableID=0xc000601400 seatIndex=0xc0006053e0
2025/11/08 14:46:50 INFO session removed token=7e9e2e4d-21dd-43b6-945e-b55291b4a256
2025/11/08 14:46:50 INFO session created token=17c6c85e-e112-4c45-9ed3-88ab459c7142 name=User_91_13
2025/11/08 14:46:50 INFO session updated token=17c6c85e-e112-4c45-9ed3-88ab459c7142 tableID=0xc000601450 seatIndex=0xc000605430
2025/11/08 14:46:50 INFO session removed token=17c6c85e-e112-4c45-9ed3-88ab459c7142
2025/11/08 14:46:50 INFO session created token=d28193a5-a7e4-4f10-98d3-cbf4b67f4c48 name=User_91_14
2025/11/08 14:46:50 INFO session updated token=d28193a5-a7e4-4f10-98d3-cbf4b67f4c48 tableID=0xc0006014a0 seatIndex=0xc000605480
2025/11/08 14:46:50 INFO session removed token=d28193a5-a7e4-4f10-98d3-cbf4b67f4c48
2025/11/08 14:46:50 INFO session created token=2b81eaea-07b6-415a-a2b1-656032f309c1 name=User_91_15
2025/11/08 14:46:50 INFO session updated token=2b81eaea-07b6-415a-a2b1-656032f309c1 tableID=0xc0006014f0 seatIndex=0xc0006054d0
2025/11/08 14:46:50 INFO session removed token=2b81eaea-07b6-415a-a2b1-656032f309c1
2025/11/08 14:46:50 INFO session created token=fc1a7338-7ad7-423e-ad3f-8e3656bcb730 name=User_91_16
2025/11/08 14:46:50 INFO session updated token=fc1a7338-7ad7-423e-ad3f-8e3656bcb730 tableID=0xc000601540 seatIndex=0xc000605520
2025/11/08 14:46:50 INFO session removed token=fc1a7338-7ad7-423e-ad3f-8e3656bcb730
2025/11/08 14:46:50 INFO session created token=189ef391-876c-4376-be95-76f7a6c5480f name=User_91_17
2025/11/08 14:46:50 INFO session updated token=189ef391-876c-4376-be95-76f7a6c5480f tableID=0xc000601590 seatIndex=0xc000605570
2025/11/08 14:46:50 INFO session removed token=189ef391-876c-4376-be95-76f7a6c5480f
2025/11/08 14:46:50 INFO session created token=bbe30f52-c647-41c3-b714-94706f6d3501 name=User_91_18
2025/11/08 14:46:50 INFO session updated token=bbe30f52-c647-41c3-b714-94706f6d3501 tableID=0xc0006015e0 seatIndex=0xc0006055c0
2025/11/08 14:46:50 INFO session removed token=bbe30f52-c647-41c3-b714-94706f6d3501
2025/11/08 14:46:50 INFO session created token=558752e3-b9da-4191-a0c7-243b769ebd9c name=User_91_19
2025/11/08 14:46:50 INFO session updated token=558752e3-b9da-4191-a0c7-243b769ebd9c tableID=0xc000601630 seatIndex=0xc000605610
2025/11/08 14:46:50 INFO session removed token=558752e3-b9da-4191-a0c7-243b769ebd9c
2025/11/08 14:46:50 INFO session created token=5e687028-52de-49b7-80a2-c4007d645981 name=User_91_20
2025/11/08 14:46:50 INFO session updated token=5e687028-52de-49b7-80a2-c4007d645981 tableID=0xc000601680 seatIndex=0xc000605660
2025/11/08 14:46:50 INFO session removed token=5e687028-52de-49b7-80a2-c4007d645981
2025/11/08 14:46:50 INFO session created token=4a2ee6bb-e368-40bd-b25f-5f300443955f name=User_91_21
2025/11/08 14:46:50 INFO session updated token=4a2ee6bb-e368-40bd-b25f-5f300443955f tableID=0xc0006016d0 seatIndex=0xc0006056b0
2025/11/08 14:46:50 INFO session removed token=4a2ee6bb-e368-40bd-b25f-5f300443955f
2025/11/08 14:46:50 INFO session created token=601c20d6-f8df-4056-bc2c-dfca1b48f89d name=User_91_22
2025/11/08 14:46:50 INFO session updated token=601c20d6-f8df-4056-bc2c-dfca1b48f89d tableID=0xc000601720 seatIndex=0xc000605700
2025/11/08 14:46:50 INFO session removed token=601c20d6-f8df-4056-bc2c-dfca1b48f89d
2025/11/08 14:46:50 INFO session created token=b032ea21-db99-4a38-bbc8-222721db9d42 name=User_91_23
2025/11/08 14:46:50 INFO session updated token=b032ea21-db99-4a38-bbc8-222721db9d42 tableID=0xc000601770 seatIndex=0xc000605750
2025/11/08 14:46:50 INFO session removed token=b032ea21-db99-4a38-bbc8-222721db9d42
2025/11/08 14:46:50 INFO session created token=7b3faf1f-69e4-4107-92ec-314436fab14b name=User_91_24
2025/11/08 14:46:50 INFO session updated token=7b3faf1f-69e4-4107-92ec-314436fab14b tableID=0xc0006017c0 seatIndex=0xc0006057a0
2025/11/08 14:46:50 INFO session removed token=7b3faf1f-69e4-4107-92ec-314436fab14b
2025/11/08 14:46:50 INFO session created token=aed6c492-2974-4bd8-9756-fc80b00ff59a name=User_91_25
2025/11/08 14:46:50 INFO session updated token=aed6c492-2974-4bd8-9756-fc80b00ff59a tableID=0xc000601810 seatIndex=0xc0006057f0
2025/11/08 14:46:50 INFO session removed token=aed6c492-2974-4bd8-9756-fc80b00ff59a
2025/11/08 14:46:50 INFO session created token=45d37428-760d-4415-b468-89151b0860e2 name=User_91_26
2025/11/08 14:46:50 INFO session updated token=45d37428-760d-4415-b468-89151b0860e2 tableID=0xc000601860 seatIndex=0xc000605840
2025/11/08 14:46:50 INFO session removed token=45d37428-760d-4415-b468-89151b0860e2
2025/11/08 14:46:50 INFO session created token=2ad1a9af-5a13-42ce-bfc3-6b818fb1c3a3 name=User_91_27
2025/11/08 14:46:50 INFO session updated token=2ad1a9af-5a13-42ce-bfc3-6b818fb1c3a3 tableID=0xc0006018b0 seatIndex=0xc000605890
2025/11/08 14:46:50 INFO session removed token=2ad1a9af-5a13-42ce-bfc3-6b818fb1c3a3
2025/11/08 14:46:50 INFO session created token=317833f6-caf0-473f-abf3-bfe00b2f664f name=User_91_28
2025/11/08 14:46:50 INFO session updated token=317833f6-caf0-473f-abf3-bfe00b2f664f tableID=0xc000601900 seatIndex=0xc0006058e0
2025/11/08 14:46:50 INFO session removed token=317833f6-caf0-473f-abf3-bfe00b2f664f
2025/11/08 14:46:50 INFO session created token=e4341035-ad19-43c1-8aa9-f65d33e36bf8 name=User_91_29
2025/11/08 14:46:50 INFO session updated token=e4341035-ad19-43c1-8aa9-f65d33e36bf8 tableID=0xc000601950 seatIndex=0xc000605930
2025/11/08 14:46:50 INFO session removed token=e4341035-ad19-43c1-8aa9-f65d33e36bf8
2025/11/08 14:46:50 INFO session created token=99805b44-bdb3-4c61-90f0-30fc8621e05f name=User_91_30
2025/11/08 14:46:50 INFO session updated token=99805b44-bdb3-4c61-90f0-30fc8621e05f tableID=0xc0006019a0 seatIndex=0xc000605980
2025/11/08 14:46:50 INFO session removed token=99805b44-bdb3-4c61-90f0-30fc8621e05f
2025/11/08 14:46:50 INFO session created token=0836e5b7-92a2-47f5-b708-9e5a44676124 name=User_91_31
2025/11/08 14:46:50 INFO session updated token=0836e5b7-92a2-47f5-b708-9e5a44676124 tableID=0xc0006019f0 seatIndex=0xc0006059d0
2025/11/08 14:46:50 INFO session removed token=0836e5b7-92a2-47f5-b708-9e5a44676124
2025/11/08 14:46:50 INFO session created token=97fdca1b-9c33-4aca-a92c-71caa99a06dc name=User_91_32
2025/11/08 14:46:50 INFO session updated token=97fdca1b-9c33-4aca-a92c-71caa99a06dc tableID=0xc000601a40 seatIndex=0xc000605a20
2025/11/08 14:46:50 INFO session removed token=97fdca1b-9c33-4aca-a92c-71caa99a06dc
2025/11/08 14:46:50 INFO session created token=f1fe395b-1742-4d24-9205-3b6f62043e6b name=User_91_33
2025/11/08 14:46:50 INFO session updated token=f1fe395b-1742-4d24-9205-3b6f62043e6b tableID=0xc000601a90 seatIndex=0xc000605a70
2025/11/08 14:46:50 INFO session removed token=f1fe395b-1742-4d24-9205-3b6f62043e6b
2025/11/08 14:46:50 INFO session created token=5fe3b25f-a838-499a-a0e5-af9422d23fa7 name=User_91_34
2025/11/08 14:46:50 INFO session updated token=5fe3b25f-a838-499a-a0e5-af9422d23fa7 tableID=0xc000601ae0 seatIndex=0xc000605ac0
2025/11/08 14:46:50 INFO session removed token=5fe3b25f-a838-499a-a0e5-af9422d23fa7
2025/11/08 14:46:50 INFO session created token=57988635-45ce-4b6c-afee-4768723dec9c name=User_91_35
2025/11/08 14:46:50 INFO session updated token=57988635-45ce-4b6c-afee-4768723dec9c tableID=0xc000601b30 seatIndex=0xc000605b10
2025/11/08 14:46:50 INFO session removed token=57988635-45ce-4b6c-afee-4768723dec9c
2025/11/08 14:46:50 INFO session created token=15a10598-dc54-42fb-8537-a9a3224ee5be name=User_91_36
2025/11/08 14:46:50 INFO session updated token=15a10598-dc54-42fb-8537-a9a3224ee5be tableID=0xc000601b80 seatIndex=0xc000605b60
2025/11/08 14:46:50 INFO session removed token=15a10598-dc54-42fb-8537-a9a3224ee5be
2025/11/08 14:46:50 INFO session created token=4b619968-8ce9-4e21-a585-f0be1ba46258 name=User_91_37
2025/11/08 14:46:50 INFO session updated token=4b619968-8ce9-4e21-a585-f0be1ba46258 tableID=0xc000601bd0 seatIndex=0xc000605bb0
2025/11/08 14:46:50 INFO session removed token=4b619968-8ce9-4e21-a585-f0be1ba46258
2025/11/08 14:46:50 INFO session created token=d5d2c1a5-e027-4a0e-97a5-d3f331260bf5 name=User_91_38
2025/11/08 14:46:50 INFO session updated token=d5d2c1a5-e027-4a0e-97a5-d3f331260bf5 tableID=0xc000601c20 seatIndex=0xc000605c00
2025/11/08 14:46:50 INFO session removed token=d5d2c1a5-e027-4a0e-97a5-d3f331260bf5
2025/11/08 14:46:50 INFO session created token=af73c55b-6cda-42b3-aced-7ce7695e3f67 name=User_91_39
2025/11/08 14:46:50 INFO session updated token=af73c55b-6cda-42b3-aced-7ce7695e3f67 tableID=0xc000601c70 seatIndex=0xc000605c50
2025/11/08 14:46:50 INFO session removed token=af73c55b-6cda-42b3-aced-7ce7695e3f67
2025/11/08 14:46:50 INFO session created token=9b41bfac-0269-444a-bd79-c8475046421f name=User_91_40
2025/11/08 14:46:50 INFO session updated token=9b41bfac-0269-444a-bd79-c8475046421f tableID=0xc000601cc0 seatIndex=0xc000605ca0
2025/11/08 14:46:50 INFO session removed token=9b41bfac-0269-444a-bd79-c8475046421f
2025/11/08 14:46:50 INFO session created token=a3344e0e-e4ee-4991-841c-69d7119b4d00 name=User_91_41
2025/11/08 14:46:50 INFO session updated token=a3344e0e-e4ee-4991-841c-69d7119b4d00 tableID=0xc000601d10 seatIndex=0xc000605cf0
2025/11/08 14:46:50 INFO session removed token=a3344e0e-e4ee-4991-841c-69d7119b4d00
2025/11/08 14:46:50 INFO session created token=09c8560b-62c8-46a8-b766-2bc8a7794b56 name=User_91_42
2025/11/08 14:46:50 INFO session updated token=09c8560b-62c8-46a8-b766-2bc8a7794b56 tableID=0xc000601d60 seatIndex=0xc000605d40
2025/11/08 14:46:50 INFO session removed token=09c8560b-62c8-46a8-b766-2bc8a7794b56
2025/11/08 14:46:50 INFO session created token=951a043d-cbc1-4bdf-b0c9-1642983540dc name=User_91_43
2025/11/08 14:46:50 INFO session updated token=951a043d-cbc1-4bdf-b0c9-1642983540dc tableID=0xc000601db0 seatIndex=0xc000605d90
2025/11/08 14:46:50 INFO session removed token=951a043d-cbc1-4bdf-b0c9-1642983540dc
2025/11/08 14:46:50 INFO session created token=7863dcbd-a4c0-4d29-af11-e6fbb1d3f5f1 name=User_91_44
2025/11/08 14:46:50 INFO session updated token=7863dcbd-a4c0-4d29-af11-e6fbb1d3f5f1 tableID=0xc000601e00 seatIndex=0xc000605de0
2025/11/08 14:46:50 INFO session removed token=7863dcbd-a4c0-4d29-af11-e6fbb1d3f5f1
2025/11/08 14:46:50 INFO session created token=85b12c32-a4a1-4fef-93e5-ece7a9c9b1a7 name=User_91_45
2025/11/08 14:46:50 INFO session updated token=85b12c32-a4a1-4fef-93e5-ece7a9c9b1a7 tableID=0xc000601e50 seatIndex=0xc000605e30
2025/11/08 14:46:50 INFO session removed token=85b12c32-a4a1-4fef-93e5-ece7a9c9b1a7
2025/11/08 14:46:50 INFO session created token=827ed514-c94b-4019-82b6-fc3d5bcf2179 name=User_91_46
2025/11/08 14:46:50 INFO session updated token=827ed514-c94b-4019-82b6-fc3d5bcf2179 tableID=0xc000601ea0 seatIndex=0xc000605e80
2025/11/08 14:46:50 INFO session removed token=827ed514-c94b-4019-82b6-fc3d5bcf2179
2025/11/08 14:46:50 INFO session created token=ea5fb205-0160-455b-ab17-72209bcf4b0b name=User_91_47
2025/11/08 14:46:50 INFO session updated token=ea5fb205-0160-455b-ab17-72209bcf4b0b tableID=0xc000601ef0 seatIndex=0xc000605ed0
2025/11/08 14:46:50 INFO session removed token=ea5fb205-0160-455b-ab17-72209bcf4b0b
2025/11/08 14:46:50 INFO session created token=643c0f48-794e-4901-a43c-d56a30f8bb7c name=User_91_48
2025/11/08 14:46:50 INFO session updated token=643c0f48-794e-4901-a43c-d56a30f8bb7c tableID=0xc000601f40 seatIndex=0xc000605f20
2025/11/08 14:46:50 INFO session removed token=643c0f48-794e-4901-a43c-d56a30f8bb7c
2025/11/08 14:46:50 INFO session created token=bf905d84-f3e3-4350-9ba5-f77faeb713fa name=User_91_49
2025/11/08 14:46:50 INFO session updated token=bf905d84-f3e3-4350-9ba5-f77faeb713fa tableID=0xc000650010 seatIndex=0xc000605f70
2025/11/08 14:46:50 INFO session removed token=bf905d84-f3e3-4350-9ba5-f77faeb713fa
2025/11/08 14:46:50 INFO session created token=ad2f83d1-1788-451e-b666-a3f20edba00a name=User_91_50
2025/11/08 14:46:50 INFO session updated token=ad2f83d1-1788-451e-b666-a3f20edba00a tableID=0xc000650060 seatIndex=0xc000605fc0
2025/11/08 14:46:50 INFO session removed token=ad2f83d1-1788-451e-b666-a3f20edba00a
2025/11/08 14:46:50 INFO session created token=8f512e45-d1fd-4e6a-a7bb-44ea04494630 name=User_91_51
2025/11/08 14:46:50 INFO session updated token=8f512e45-d1fd-4e6a-a7bb-44ea04494630 tableID=0xc0006500b0 seatIndex=0xc000652010
2025/11/08 14:46:50 INFO session removed token=8f512e45-d1fd-4e6a-a7bb-44ea04494630
2025/11/08 14:46:50 INFO session created token=bf33680b-3244-4d57-b61c-94921fdb318b name=User_91_52
2025/11/08 14:46:50 INFO session updated token=bf33680b-3244-4d57-b61c-94921fdb318b tableID=0xc000650100 seatIndex=0xc000652060
2025/11/08 14:46:50 INFO session removed token=bf33680b-3244-4d57-b61c-94921fdb318b
2025/11/08 14:46:50 INFO session created token=004685ae-a776-496f-a9cb-8c852dd7fa30 name=User_91_53
2025/11/08 14:46:50 INFO session updated token=004685ae-a776-496f-a9cb-8c852dd7fa30 tableID=0xc000650150 seatIndex=0xc0006520b0
2025/11/08 14:46:50 INFO session removed token=004685ae-a776-496f-a9cb-8c852dd7fa30
2025/11/08 14:46:50 INFO session created token=a79a3a58-4284-4e4a-81d6-1593d8e6991f name=User_91_54
2025/11/08 14:46:50 INFO session updated token=a79a3a58-4284-4e4a-81d6-1593d8e6991f tableID=0xc0006501a0 seatIndex=0xc000652100
2025/11/08 14:46:50 INFO session removed token=a79a3a58-4284-4e4a-81d6-1593d8e6991f
2025/11/08 14:46:50 INFO session created token=a1fa8629-b68b-4438-9f5a-84d72ec28ba5 name=User_91_55
2025/11/08 14:46:50 INFO session updated token=a1fa8629-b68b-4438-9f5a-84d72ec28ba5 tableID=0xc0006501f0 seatIndex=0xc000652150
2025/11/08 14:46:50 INFO session removed token=a1fa8629-b68b-4438-9f5a-84d72ec28ba5
2025/11/08 14:46:50 INFO session created token=c86ea622-7d71-4568-a2ef-2b108864e882 name=User_91_56
2025/11/08 14:46:50 INFO session updated token=c86ea622-7d71-4568-a2ef-2b108864e882 tableID=0xc000650240 seatIndex=0xc0006521a0
2025/11/08 14:46:50 INFO session removed token=c86ea622-7d71-4568-a2ef-2b108864e882
2025/11/08 14:46:50 INFO session created token=347b534d-0822-41a4-9f1d-fce6e1c7a7fe name=User_91_57
2025/11/08 14:46:50 INFO session updated token=347b534d-0822-41a4-9f1d-fce6e1c7a7fe tableID=0xc000650290 seatIndex=0xc0006521f0
2025/11/08 14:46:50 INFO session removed token=347b534d-0822-41a4-9f1d-fce6e1c7a7fe
2025/11/08 14:46:50 INFO session created token=b876eafb-0522-438a-805f-9b5fe45e941f name=User_91_58
2025/11/08 14:46:50 INFO session updated token=b876eafb-0522-438a-805f-9b5fe45e941f tableID=0xc0006502e0 seatIndex=0xc000652240
2025/11/08 14:46:50 INFO session removed token=b876eafb-0522-438a-805f-9b5fe45e941f
2025/11/08 14:46:50 INFO session created token=0d0a36d2-f506-4dd2-bb40-6a678710e62c name=User_91_59
2025/11/08 14:46:50 INFO session updated token=0d0a36d2-f506-4dd2-bb40-6a678710e62c tableID=0xc000650330 seatIndex=0xc000652290
2025/11/08 14:46:50 INFO session removed token=0d0a36d2-f506-4dd2-bb40-6a678710e62c
2025/11/08 14:46:50 INFO session created token=f87d50d3-9be3-45ae-ad12-08542fe918ea name=User_91_60
2025/11/08 14:46:50 INFO session updated token=f87d50d3-9be3-45ae-ad12-08542fe918ea tableID=0xc000650380 seatIndex=0xc0006522e0
2025/11/08 14:46:50 INFO session removed token=f87d50d3-9be3-45ae-ad12-08542fe918ea
2025/11/08 14:46:50 INFO session created token=c3c95d23-5495-4b6c-acb2-e289fc3255df name=User_91_61
2025/11/08 14:46:50 INFO session updated token=c3c95d23-5495-4b6c-acb2-e289fc3255df tableID=0xc0006503d0 seatIndex=0xc000652330
2025/11/08 14:46:50 INFO session removed token=c3c95d23-5495-4b6c-acb2-e289fc3255df
2025/11/08 14:46:50 INFO session created token=e8e57d83-2c5f-4fa5-8d62-04d587a4a409 name=User_91_62
2025/11/08 14:46:50 INFO session updated token=e8e57d83-2c5f-4fa5-8d62-04d587a4a409 tableID=0xc000650420 seatIndex=0xc000652380
2025/11/08 14:46:50 INFO session removed token=e8e57d83-2c5f-4fa5-8d62-04d587a4a409
2025/11/08 14:46:50 INFO session created token=6f8b63f5-b9a1-46c0-a904-c52b2a9e68d0 name=User_91_63
2025/11/08 14:46:50 INFO session updated token=6f8b63f5-b9a1-46c0-a904-c52b2a9e68d0 tableID=0xc000650470 seatIndex=0xc0006523d0
2025/11/08 14:46:50 INFO session removed token=6f8b63f5-b9a1-46c0-a904-c52b2a9e68d0
2025/11/08 14:46:50 INFO session created token=a0eac573-e269-49df-9e56-cd3266e6640c name=User_91_64
2025/11/08 14:46:50 INFO session updated token=a0eac573-e269-49df-9e56-cd3266e6640c tableID=0xc0006504c0 seatIndex=0xc000652420
2025/11/08 14:46:50 INFO session removed token=a0eac573-e269-49df-9e56-cd3266e6640c
2025/11/08 14:46:50 INFO session created token=6d07b625-3eed-4d7a-afe6-150e8af6e208 name=User_91_65
2025/11/08 14:46:50 INFO session updated token=6d07b625-3eed-4d7a-afe6-150e8af6e208 tableID=0xc000650510 seatIndex=0xc000652470
2025/11/08 14:46:50 INFO session removed token=6d07b625-3eed-4d7a-afe6-150e8af6e208
2025/11/08 14:46:50 INFO session created token=dd462c45-d910-4d31-b53b-fa4e9f63ed1a name=User_91_66
2025/11/08 14:46:50 INFO session updated token=dd462c45-d910-4d31-b53b-fa4e9f63ed1a tableID=0xc000650560 seatIndex=0xc0006524c0
2025/11/08 14:46:50 INFO session removed token=dd462c45-d910-4d31-b53b-fa4e9f63ed1a
2025/11/08 14:46:50 INFO session created token=c7d9a9bf-57c5-4c52-967e-34a6800dbb1c name=User_91_67
2025/11/08 14:46:50 INFO session updated token=c7d9a9bf-57c5-4c52-967e-34a6800dbb1c tableID=0xc0006505b0 seatIndex=0xc000652510
2025/11/08 14:46:50 INFO session removed token=c7d9a9bf-57c5-4c52-967e-34a6800dbb1c
2025/11/08 14:46:50 INFO session created token=b0c57b91-7622-4841-9f9a-92ae0be6f277 name=User_91_68
2025/11/08 14:46:50 INFO session updated token=b0c57b91-7622-4841-9f9a-92ae0be6f277 tableID=0xc000650600 seatIndex=0xc000652560
2025/11/08 14:46:50 INFO session removed token=b0c57b91-7622-4841-9f9a-92ae0be6f277
2025/11/08 14:46:50 INFO session created token=69e71d2e-9b09-499d-bec8-c7ea27024b85 name=User_91_69
2025/11/08 14:46:50 INFO session updated token=69e71d2e-9b09-499d-bec8-c7ea27024b85 tableID=0xc000650650 seatIndex=0xc0006525b0
2025/11/08 14:46:50 INFO session removed token=69e71d2e-9b09-499d-bec8-c7ea27024b85
2025/11/08 14:46:50 INFO session created token=9a1e617d-18f4-4775-a0d3-60230875c431 name=User_91_70
2025/11/08 14:46:50 INFO session updated token=9a1e617d-18f4-4775-a0d3-60230875c431 tableID=0xc0006506a0 seatIndex=0xc000652600
2025/11/08 14:46:50 INFO session removed token=9a1e617d-18f4-4775-a0d3-60230875c431
2025/11/08 14:46:50 INFO session created token=728f4328-78ac-49db-855e-79cfae27d429 name=User_91_71
2025/11/08 14:46:50 INFO session updated token=728f4328-78ac-49db-855e-79cfae27d429 tableID=0xc0006506f0 seatIndex=0xc000652650
2025/11/08 14:46:50 INFO session removed token=728f4328-78ac-49db-855e-79cfae27d429
2025/11/08 14:46:50 INFO session created token=68360ef4-d059-4606-9bcc-38a66fcb9200 name=User_91_72
2025/11/08 14:46:50 INFO session updated token=68360ef4-d059-4606-9bcc-38a66fcb9200 tableID=0xc000650740 seatIndex=0xc0006526a0
2025/11/08 14:46:50 INFO session removed token=68360ef4-d059-4606-9bcc-38a66fcb9200
2025/11/08 14:46:50 INFO session created token=2db2362a-0e48-4737-9bc8-22b9246a0bd7 name=User_91_73
2025/11/08 14:46:50 INFO session updated token=2db2362a-0e48-4737-9bc8-22b9246a0bd7 tableID=0xc000650790 seatIndex=0xc0006526f0
2025/11/08 14:46:50 INFO session removed token=2db2362a-0e48-4737-9bc8-22b9246a0bd7
2025/11/08 14:46:50 INFO session created token=3fba3c4c-69e2-4f9e-9edd-3826782f3d6b name=User_91_74
2025/11/08 14:46:50 INFO session updated token=3fba3c4c-69e2-4f9e-9edd-3826782f3d6b tableID=0xc0006507e0 seatIndex=0xc000652740
2025/11/08 14:46:50 INFO session removed token=3fba3c4c-69e2-4f9e-9edd-3826782f3d6b
2025/11/08 14:46:50 INFO session created token=d073a3b3-3e84-4284-8677-12b11ce399fb name=User_91_75
2025/11/08 14:46:50 INFO session updated token=d073a3b3-3e84-4284-8677-12b11ce399fb tableID=0xc000650830 seatIndex=0xc000652790
2025/11/08 14:46:50 INFO session removed token=d073a3b3-3e84-4284-8677-12b11ce399fb
2025/11/08 14:46:50 INFO session created token=c358701e-9eea-4eaf-8f63-262f34f90707 name=User_91_76
2025/11/08 14:46:50 INFO session updated token=c358701e-9eea-4eaf-8f63-262f34f90707 tableID=0xc000650880 seatIndex=0xc0006527e0
2025/11/08 14:46:50 INFO session removed token=c358701e-9eea-4eaf-8f63-262f34f90707
2025/11/08 14:46:50 INFO session created token=f26b666b-d813-48b4-a4dd-ee6a8caca80c name=User_91_77
2025/11/08 14:46:50 INFO session updated token=f26b666b-d813-48b4-a4dd-ee6a8caca80c tableID=0xc0006508d0 seatIndex=0xc000652830
2025/11/08 14:46:50 INFO session removed token=f26b666b-d813-48b4-a4dd-ee6a8caca80c
2025/11/08 14:46:50 INFO session created token=4bde66c6-94cc-4f0c-b02a-04cc4162d7d6 name=User_91_78
2025/11/08 14:46:50 INFO session updated token=4bde66c6-94cc-4f0c-b02a-04cc4162d7d6 tableID=0xc000650920 seatIndex=0xc000652880
2025/11/08 14:46:50 INFO session removed token=4bde66c6-94cc-4f0c-b02a-04cc4162d7d6
2025/11/08 14:46:50 INFO session created token=48a9ea64-37fd-48ff-a85f-39a365685aa2 name=User_91_79
2025/11/08 14:46:50 INFO session updated token=48a9ea64-37fd-48ff-a85f-39a365685aa2 tableID=0xc000650970 seatIndex=0xc0006528d0
2025/11/08 14:46:50 INFO session removed token=48a9ea64-37fd-48ff-a85f-39a365685aa2
2025/11/08 14:46:50 INFO session created token=a69dd284-17d9-47d7-9221-2f2d47e79a2d name=User_91_80
2025/11/08 14:46:50 INFO session updated token=a69dd284-17d9-47d7-9221-2f2d47e79a2d tableID=0xc0006509c0 seatIndex=0xc000652920
2025/11/08 14:46:50 INFO session removed token=a69dd284-17d9-47d7-9221-2f2d47e79a2d
2025/11/08 14:46:50 INFO session created token=ce46fbeb-634d-470f-9631-e09032eb59de name=User_91_81
2025/11/08 14:46:50 INFO session updated token=ce46fbeb-634d-470f-9631-e09032eb59de tableID=0xc000650a10 seatIndex=0xc000652970
2025/11/08 14:46:50 INFO session removed token=ce46fbeb-634d-470f-9631-e09032eb59de
2025/11/08 14:46:50 INFO session created token=0656dfd2-a94a-49b9-889b-74e296d5869e name=User_91_82
2025/11/08 14:46:50 INFO session updated token=0656dfd2-a94a-49b9-889b-74e296d5869e tableID=0xc000650a60 seatIndex=0xc0006529c0
2025/11/08 14:46:50 INFO session removed token=0656dfd2-a94a-49b9-889b-74e296d5869e
2025/11/08 14:46:50 INFO session created token=f4b01094-368b-4b9c-a33a-9450f067fcdb name=User_91_83
2025/11/08 14:46:50 INFO session updated token=f4b01094-368b-4b9c-a33a-9450f067fcdb tableID=0xc000650ab0 seatIndex=0xc000652a10
2025/11/08 14:46:50 INFO session removed token=f4b01094-368b-4b9c-a33a-9450f067fcdb
2025/11/08 14:46:50 INFO session created token=e2a86d29-b4ba-4c90-afb5-28b1b7866b00 name=User_91_84
2025/11/08 14:46:50 INFO session updated token=e2a86d29-b4ba-4c90-afb5-28b1b7866b00 tableID=0xc000650b00 seatIndex=0xc000652a60
2025/11/08 14:46:50 INFO session removed token=e2a86d29-b4ba-4c90-afb5-28b1b7866b00
2025/11/08 14:46:50 INFO session created token=1b90769b-d852-4d34-843a-9f1bc2281276 name=User_91_85
2025/11/08 14:46:50 INFO session updated token=1b90769b-d852-4d34-843a-9f1bc2281276 tableID=0xc000650b50 seatIndex=0xc000652ab0
2025/11/08 14:46:50 INFO session removed token=1b90769b-d852-4d34-843a-9f1bc2281276
2025/11/08 14:46:50 INFO session created token=d2938799-8ef3-4ccd-9cdb-7dbfea10b34a name=User_91_86
2025/11/08 14:46:50 INFO session updated token=d2938799-8ef3-4ccd-9cdb-7dbfea10b34a tableID=0xc000650ba0 seatIndex=0xc000652b00
2025/11/08 14:46:50 INFO session removed token=d2938799-8ef3-4ccd-9cdb-7dbfea10b34a
2025/11/08 14:46:50 INFO session created token=ec2c7a19-b679-4a44-9528-f3b0059692f9 name=User_91_87
2025/11/08 14:46:50 INFO session updated token=ec2c7a19-b679-4a44-9528-f3b0059692f9 tableID=0xc000650bf0 seatIndex=0xc000652b50
2025/11/08 14:46:50 INFO session removed token=ec2c7a19-b679-4a44-9528-f3b0059692f9
2025/11/08 14:46:50 INFO session created token=feedae54-e21f-46d9-86dd-be7c002e6232 name=User_91_88
2025/11/08 14:46:50 INFO session updated token=feedae54-e21f-46d9-86dd-be7c002e6232 tableID=0xc000650c40 seatIndex=0xc000652ba0
2025/11/08 14:46:50 INFO session removed token=feedae54-e21f-46d9-86dd-be7c002e6232
2025/11/08 14:46:50 INFO session created token=33bb6feb-4256-4c64-9265-7a7722e2bbc6 name=User_91_89
2025/11/08 14:46:50 INFO session updated token=33bb6feb-4256-4c64-9265-7a7722e2bbc6 tableID=0xc000650c90 seatIndex=0xc000652bf0
2025/11/08 14:46:50 INFO session removed token=33bb6feb-4256-4c64-9265-7a7722e2bbc6
2025/11/08 14:46:50 INFO session created token=20b2d07a-4229-49bc-b202-9635e7160acb name=User_91_90
2025/11/08 14:46:50 INFO session updated token=20b2d07a-4229-49bc-b202-9635e7160acb tableID=0xc000650ce0 seatIndex=0xc000652c40
2025/11/08 14:46:50 INFO session removed token=20b2d07a-4229-49bc-b202-9635e7160acb
2025/11/08 14:46:50 INFO session created token=4c344e55-9c9e-4859-9a79-713d9e96cde9 name=User_91_91
2025/11/08 14:46:50 INFO session updated token=4c344e55-9c9e-4859-9a79-713d9e96cde9 tableID=0xc000650d30 seatIndex=0xc000652c90
2025/11/08 14:46:50 INFO session removed token=4c344e55-9c9e-4859-9a79-713d9e96cde9
2025/11/08 14:46:50 INFO session created token=0c5562f9-438b-4b8c-8c09-7117734cd4c0 name=User_91_92
2025/11/08 14:46:50 INFO session updated token=0c5562f9-438b-4b8c-8c09-7117734cd4c0 tableID=0xc000650d80 seatIndex=0xc000652ce0
2025/11/08 14:46:50 INFO session removed token=0c5562f9-438b-4b8c-8c09-7117734cd4c0
2025/11/08 14:46:50 INFO session created token=08bfab80-a831-4477-a852-6c79614b339f name=User_91_93
2025/11/08 14:46:50 INFO session updated token=08bfab80-a831-4477-a852-6c79614b339f tableID=0xc000650dd0 seatIndex=0xc000652d30
2025/11/08 14:46:50 INFO session removed token=08bfab80-a831-4477-a852-6c79614b339f
2025/11/08 14:46:50 INFO session created token=9548671a-0319-4ec9-9bbf-922461597300 name=User_91_94
2025/11/08 14:46:50 INFO session updated token=9548671a-0319-4ec9-9bbf-922461597300 tableID=0xc000650e20 seatIndex=0xc000652d80
2025/11/08 14:46:50 INFO session removed token=9548671a-0319-4ec9-9bbf-922461597300
2025/11/08 14:46:50 INFO session created token=926bda6d-430e-40c6-ba45-c1fa99adbd61 name=User_91_95
2025/11/08 14:46:50 INFO session updated token=926bda6d-430e-40c6-ba45-c1fa99adbd61 tableID=0xc000650e70 seatIndex=0xc000652dd0
2025/11/08 14:46:50 INFO session removed token=926bda6d-430e-40c6-ba45-c1fa99adbd61
2025/11/08 14:46:50 INFO session created token=bf94d1f2-2b20-4e91-84cb-61df1ed30c2a name=User_91_96
2025/11/08 14:46:50 INFO session updated token=bf94d1f2-2b20-4e91-84cb-61df1ed30c2a tableID=0xc000650ec0 seatIndex=0xc000652e20
2025/11/08 14:46:50 INFO session removed token=bf94d1f2-2b20-4e91-84cb-61df1ed30c2a
2025/11/08 14:46:50 INFO session created token=d3b4cf7b-895a-4142-9f88-32bb901add76 name=User_91_97
2025/11/08 14:46:50 INFO session updated token=d3b4cf7b-895a-4142-9f88-32bb901add76 tableID=0xc000650f10 seatIndex=0xc000652e70
2025/11/08 14:46:50 INFO session removed token=d3b4cf7b-895a-4142-9f88-32bb901add76
2025/11/08 14:46:50 INFO session created token=bc312055-e989-46cc-97c7-215f2b5d257b name=User_91_98
2025/11/08 14:46:50 INFO session updated token=bc312055-e989-46cc-97c7-215f2b5d257b tableID=0xc000650f60 seatIndex=0xc000652ec0
2025/11/08 14:46:50 INFO session removed token=bc312055-e989-46cc-97c7-215f2b5d257b
2025/11/08 14:46:50 INFO session created token=7d802208-8043-485a-993b-11f448efddbc name=User_91_99
2025/11/08 14:46:50 INFO session updated token=7d802208-8043-485a-993b-11f448efddbc tableID=0xc000650fb0 seatIndex=0xc000652f10
2025/11/08 14:46:50 INFO session removed token=7d802208-8043-485a-993b-11f448efddbc
2025/11/08 14:46:50 INFO session created token=9666507b-f240-4e92-9541-667e1bd0b6de name=User_2_5
2025/11/08 14:46:50 INFO session updated token=9666507b-f240-4e92-9541-667e1bd0b6de tableID=0xc000651000 seatIndex=0xc000652f40
2025/11/08 14:46:50 INFO session removed token=9666507b-f240-4e92-9541-667e1bd0b6de
2025/11/08 14:46:50 INFO session created token=51a2cdff-78a6-4ef9-8392-722900d21c91 name=User_2_6
2025/11/08 14:46:50 INFO session updated token=51a2cdff-78a6-4ef9-8392-722900d21c91 tableID=0xc000651050 seatIndex=0xc000652f88
2025/11/08 14:46:50 INFO session removed token=51a2cdff-78a6-4ef9-8392-722900d21c91
2025/11/08 14:46:50 INFO session created token=22460da2-bdc3-44b1-9f0b-bd0e8073d945 name=User_2_7
2025/11/08 14:46:50 INFO session updated token=22460da2-bdc3-44b1-9f0b-bd0e8073d945 tableID=0xc0006510a0 seatIndex=0xc000652fd0
2025/11/08 14:46:50 INFO session removed token=22460da2-bdc3-44b1-9f0b-bd0e8073d945
2025/11/08 14:46:50 INFO session created token=fe9768c8-1b73-45d3-ac3c-1c6448f8e3dd name=User_2_8
2025/11/08 14:46:50 INFO session updated token=fe9768c8-1b73-45d3-ac3c-1c6448f8e3dd tableID=0xc0006510f0 seatIndex=0xc000653018
2025/11/08 14:46:50 INFO session removed token=fe9768c8-1b73-45d3-ac3c-1c6448f8e3dd
2025/11/08 14:46:50 INFO session created token=e44afb43-92aa-4780-94ea-5b996d88aee6 name=User_2_9
2025/11/08 14:46:50 INFO session updated token=e44afb43-92aa-4780-94ea-5b996d88aee6 tableID=0xc000651140 seatIndex=0xc000653060
2025/11/08 14:46:50 INFO session removed token=e44afb43-92aa-4780-94ea-5b996d88aee6
2025/11/08 14:46:50 INFO session created token=37e385eb-21da-44a7-b3b3-211b6ea2055a name=User_2_10
2025/11/08 14:46:50 INFO session updated token=37e385eb-21da-44a7-b3b3-211b6ea2055a tableID=0xc000651190 seatIndex=0xc0006530b0
2025/11/08 14:46:50 INFO session removed token=37e385eb-21da-44a7-b3b3-211b6ea2055a
2025/11/08 14:46:50 INFO session created token=27917901-6f26-4baa-a11f-2052e09ff078 name=User_2_11
2025/11/08 14:46:50 INFO session updated token=27917901-6f26-4baa-a11f-2052e09ff078 tableID=0xc0006511e0 seatIndex=0xc000653100
2025/11/08 14:46:50 INFO session removed token=27917901-6f26-4baa-a11f-2052e09ff078
2025/11/08 14:46:50 INFO session created token=6ab917e0-5163-41fc-a317-8f4e9907ab1b name=User_2_12
2025/11/08 14:46:50 INFO session updated token=6ab917e0-5163-41fc-a317-8f4e9907ab1b tableID=0xc000651230 seatIndex=0xc000653150
2025/11/08 14:46:50 INFO session removed token=6ab917e0-5163-41fc-a317-8f4e9907ab1b
2025/11/08 14:46:50 INFO session created token=78db71fc-f7c7-4dbd-8416-7e0a8c408946 name=User_2_13
2025/11/08 14:46:50 INFO session updated token=78db71fc-f7c7-4dbd-8416-7e0a8c408946 tableID=0xc000651280 seatIndex=0xc0006531a0
2025/11/08 14:46:50 INFO session removed token=78db71fc-f7c7-4dbd-8416-7e0a8c408946
2025/11/08 14:46:50 INFO session created token=2055ed8b-8d5c-4aba-b46a-f4205747b3ae name=User_2_14
2025/11/08 14:46:50 INFO session updated token=2055ed8b-8d5c-4aba-b46a-f4205747b3ae tableID=0xc0006512d0 seatIndex=0xc0006531f0
2025/11/08 14:46:50 INFO session removed token=2055ed8b-8d5c-4aba-b46a-f4205747b3ae
2025/11/08 14:46:50 INFO session created token=a83d8a26-42a4-48db-aa9d-8d06dae55e73 name=User_2_15
2025/11/08 14:46:50 INFO session updated token=a83d8a26-42a4-48db-aa9d-8d06dae55e73 tableID=0xc000651320 seatIndex=0xc000653240
2025/11/08 14:46:50 INFO session removed token=a83d8a26-42a4-48db-aa9d-8d06dae55e73
2025/11/08 14:46:50 INFO session created token=5de867fb-9a6c-4862-b5b7-6b68b18bc42b name=User_2_16
2025/11/08 14:46:50 INFO session updated token=5de867fb-9a6c-4862-b5b7-6b68b18bc42b tableID=0xc000651370 seatIndex=0xc000653290
2025/11/08 14:46:50 INFO session removed token=5de867fb-9a6c-4862-b5b7-6b68b18bc42b
2025/11/08 14:46:50 INFO session created token=f08d23b2-25e2-4a77-921d-c7c02c6d1fef name=User_2_17
2025/11/08 14:46:50 INFO session updated token=f08d23b2-25e2-4a77-921d-c7c02c6d1fef tableID=0xc0006513c0 seatIndex=0xc0006532e0
2025/11/08 14:46:50 INFO session removed token=f08d23b2-25e2-4a77-921d-c7c02c6d1fef
2025/11/08 14:46:50 INFO session created token=03a08dd8-22c6-46cc-83d6-4a7c811857d8 name=User_2_18
2025/11/08 14:46:50 INFO session updated token=03a08dd8-22c6-46cc-83d6-4a7c811857d8 tableID=0xc000651410 seatIndex=0xc000653330
2025/11/08 14:46:50 INFO session removed token=03a08dd8-22c6-46cc-83d6-4a7c811857d8
2025/11/08 14:46:50 INFO session created token=09af2748-29da-4e16-807e-f380c80dcf88 name=User_2_19
2025/11/08 14:46:50 INFO session updated token=09af2748-29da-4e16-807e-f380c80dcf88 tableID=0xc000651460 seatIndex=0xc000653380
2025/11/08 14:46:50 INFO session removed token=09af2748-29da-4e16-807e-f380c80dcf88
2025/11/08 14:46:50 INFO session created token=751c6c41-481f-4751-8396-5234db94d2bf name=User_2_20
2025/11/08 14:46:50 INFO session updated token=751c6c41-481f-4751-8396-5234db94d2bf tableID=0xc0006514b0 seatIndex=0xc0006533d0
2025/11/08 14:46:50 INFO session removed token=751c6c41-481f-4751-8396-5234db94d2bf
2025/11/08 14:46:50 INFO session created token=2d108e3a-0af1-4263-806e-61e5d6b95897 name=User_2_21
2025/11/08 14:46:50 INFO session updated token=2d108e3a-0af1-4263-806e-61e5d6b95897 tableID=0xc000651500 seatIndex=0xc000653420
2025/11/08 14:46:50 INFO session removed token=2d108e3a-0af1-4263-806e-61e5d6b95897
2025/11/08 14:46:50 INFO session created token=6647d833-28e2-49c4-92ac-74708cd0e502 name=User_2_22
2025/11/08 14:46:50 INFO session updated token=6647d833-28e2-49c4-92ac-74708cd0e502 tableID=0xc000651550 seatIndex=0xc000653470
2025/11/08 14:46:50 INFO session removed token=6647d833-28e2-49c4-92ac-74708cd0e502
2025/11/08 14:46:50 INFO session created token=b1fd6de6-b47e-4e30-8b05-79a18af6eb3a name=User_2_23
2025/11/08 14:46:50 INFO session updated token=b1fd6de6-b47e-4e30-8b05-79a18af6eb3a tableID=0xc0006515a0 seatIndex=0xc0006534c0
2025/11/08 14:46:50 INFO session removed token=b1fd6de6-b47e-4e30-8b05-79a18af6eb3a
2025/11/08 14:46:50 INFO session created token=994f6795-4c6f-4927-ab79-6d2428d3a019 name=User_2_24
2025/11/08 14:46:50 INFO session updated token=994f6795-4c6f-4927-ab79-6d2428d3a019 tableID=0xc0006515f0 seatIndex=0xc000653510
2025/11/08 14:46:50 INFO session removed token=994f6795-4c6f-4927-ab79-6d2428d3a019
2025/11/08 14:46:50 INFO session created token=03225567-7373-485d-958e-6b6707b440b4 name=User_2_25
2025/11/08 14:46:50 INFO session updated token=03225567-7373-485d-958e-6b6707b440b4 tableID=0xc000651640 seatIndex=0xc000653560
2025/11/08 14:46:50 INFO session removed token=03225567-7373-485d-958e-6b6707b440b4
2025/11/08 14:46:50 INFO session created token=06624ce2-20d5-4bd1-9856-b19e4f378aba name=User_2_26
2025/11/08 14:46:50 INFO session updated token=06624ce2-20d5-4bd1-9856-b19e4f378aba tableID=0xc000651690 seatIndex=0xc0006535b0
2025/11/08 14:46:50 INFO session removed token=06624ce2-20d5-4bd1-9856-b19e4f378aba
2025/11/08 14:46:50 INFO session created token=5788cdd4-8d9e-498b-8f6c-ac6662b1492e name=User_2_27
2025/11/08 14:46:50 INFO session updated token=5788cdd4-8d9e-498b-8f6c-ac6662b1492e tableID=0xc0006516e0 seatIndex=0xc000653600
2025/11/08 14:46:50 INFO session removed token=5788cdd4-8d9e-498b-8f6c-ac6662b1492e
2025/11/08 14:46:50 INFO session created token=7b230108-cf79-4dfe-9ab9-14aa05f8ddcf name=User_2_28
2025/11/08 14:46:50 INFO session updated token=7b230108-cf79-4dfe-9ab9-14aa05f8ddcf tableID=0xc000651730 seatIndex=0xc000653650
2025/11/08 14:46:50 INFO session removed token=7b230108-cf79-4dfe-9ab9-14aa05f8ddcf
2025/11/08 14:46:50 INFO session created token=ebafaf2b-b0aa-4152-aa01-8c998221ecb7 name=User_2_29
2025/11/08 14:46:50 INFO session updated token=ebafaf2b-b0aa-4152-aa01-8c998221ecb7 tableID=0xc000651780 seatIndex=0xc0006536a0
2025/11/08 14:46:50 INFO session removed token=ebafaf2b-b0aa-4152-aa01-8c998221ecb7
2025/11/08 14:46:50 INFO session created token=1027a7f9-db5c-4cdd-9090-d55be9944164 name=User_2_30
2025/11/08 14:46:50 INFO session updated token=1027a7f9-db5c-4cdd-9090-d55be9944164 tableID=0xc0006517d0 seatIndex=0xc0006536f0
2025/11/08 14:46:50 INFO session removed token=1027a7f9-db5c-4cdd-9090-d55be9944164
2025/11/08 14:46:50 INFO session created token=f49f947f-68c3-4758-b87e-d91edb6dd88b name=User_2_31
2025/11/08 14:46:50 INFO session updated token=f49f947f-68c3-4758-b87e-d91edb6dd88b tableID=0xc000651820 seatIndex=0xc000653740
2025/11/08 14:46:50 INFO session removed token=f49f947f-68c3-4758-b87e-d91edb6dd88b
2025/11/08 14:46:50 INFO session created token=8808484a-2018-48db-8eb0-f7653c57c998 name=User_2_32
2025/11/08 14:46:50 INFO session updated token=8808484a-2018-48db-8eb0-f7653c57c998 tableID=0xc000651870 seatIndex=0xc000653790
2025/11/08 14:46:50 INFO session removed token=8808484a-2018-48db-8eb0-f7653c57c998
2025/11/08 14:46:50 INFO session created token=437ca6dc-3a60-46eb-a352-4e87c69be94d name=User_2_33
2025/11/08 14:46:50 INFO session updated token=437ca6dc-3a60-46eb-a352-4e87c69be94d tableID=0xc0006518c0 seatIndex=0xc0006537e0
2025/11/08 14:46:50 INFO session removed token=437ca6dc-3a60-46eb-a352-4e87c69be94d
2025/11/08 14:46:50 INFO session created token=b5b59ddb-46cf-4a7a-b11c-f841611d11ed name=User_2_34
2025/11/08 14:46:50 INFO session updated token=b5b59ddb-46cf-4a7a-b11c-f841611d11ed tableID=0xc000651910 seatIndex=0xc000653830
2025/11/08 14:46:50 INFO session removed token=b5b59ddb-46cf-4a7a-b11c-f841611d11ed
2025/11/08 14:46:50 INFO session created token=5f1779bc-6689-4274-89af-c521207a3258 name=User_2_35
2025/11/08 14:46:50 INFO session updated token=5f1779bc-6689-4274-89af-c521207a3258 tableID=0xc000651960 seatIndex=0xc000653880
2025/11/08 14:46:50 INFO session removed token=5f1779bc-6689-4274-89af-c521207a3258
2025/11/08 14:46:50 INFO session created token=c89a00a1-c63b-4317-8151-6037a69cbac9 name=User_2_36
2025/11/08 14:46:50 INFO session updated token=c89a00a1-c63b-4317-8151-6037a69cbac9 tableID=0xc0006519b0 seatIndex=0xc0006538d0
2025/11/08 14:46:50 INFO session removed token=c89a00a1-c63b-4317-8151-6037a69cbac9
2025/11/08 14:46:50 INFO session created token=1a67d8b0-84e8-44a5-9b6e-75251ee54662 name=User_2_37
2025/11/08 14:46:50 INFO session updated token=1a67d8b0-84e8-44a5-9b6e-75251ee54662 tableID=0xc000651a00 seatIndex=0xc000653920
2025/11/08 14:46:50 INFO session removed token=1a67d8b0-84e8-44a5-9b6e-75251ee54662
2025/11/08 14:46:50 INFO session created token=89fb119a-eb9d-409f-a196-bcd4f61397d8 name=User_2_38
2025/11/08 14:46:50 INFO session updated token=89fb119a-eb9d-409f-a196-bcd4f61397d8 tableID=0xc000651a50 seatIndex=0xc000653970
2025/11/08 14:46:50 INFO session removed token=89fb119a-eb9d-409f-a196-bcd4f61397d8
2025/11/08 14:46:50 INFO session created token=1332d4b3-e460-45f4-9d23-17de766b8df5 name=User_2_39
2025/11/08 14:46:50 INFO session updated token=1332d4b3-e460-45f4-9d23-17de766b8df5 tableID=0xc000651aa0 seatIndex=0xc0006539c0
2025/11/08 14:46:50 INFO session removed token=1332d4b3-e460-45f4-9d23-17de766b8df5
2025/11/08 14:46:50 INFO session created token=0df05d36-80ef-4961-91e4-d3cef1cb3ab4 name=User_2_40
2025/11/08 14:46:50 INFO session updated token=0df05d36-80ef-4961-91e4-d3cef1cb3ab4 tableID=0xc000651af0 seatIndex=0xc000653a10
2025/11/08 14:46:50 INFO session removed token=0df05d36-80ef-4961-91e4-d3cef1cb3ab4
2025/11/08 14:46:50 INFO session created token=e0042b4c-4d8d-4d0e-8f84-93f1dc898d72 name=User_2_41
2025/11/08 14:46:50 INFO session updated token=e0042b4c-4d8d-4d0e-8f84-93f1dc898d72 tableID=0xc000651b40 seatIndex=0xc000653a60
2025/11/08 14:46:50 INFO session removed token=e0042b4c-4d8d-4d0e-8f84-93f1dc898d72
2025/11/08 14:46:50 INFO session created token=6303b515-0e9f-43fc-8b6f-4ee2d48d9135 name=User_2_42
2025/11/08 14:46:50 INFO session updated token=6303b515-0e9f-43fc-8b6f-4ee2d48d9135 tableID=0xc000651b90 seatIndex=0xc000653ab0
2025/11/08 14:46:50 INFO session removed token=6303b515-0e9f-43fc-8b6f-4ee2d48d9135
2025/11/08 14:46:50 INFO session created token=3c73fb36-c012-4d68-98e8-91294da22b3b name=User_2_43
2025/11/08 14:46:50 INFO session updated token=3c73fb36-c012-4d68-98e8-91294da22b3b tableID=0xc000651be0 seatIndex=0xc000653b00
2025/11/08 14:46:50 INFO session removed token=3c73fb36-c012-4d68-98e8-91294da22b3b
2025/11/08 14:46:50 INFO session created token=7d8da349-7318-4a73-ae4d-8f18ab0dcb2e name=User_2_44
2025/11/08 14:46:50 INFO session updated token=7d8da349-7318-4a73-ae4d-8f18ab0dcb2e tableID=0xc000651c30 seatIndex=0xc000653b50
2025/11/08 14:46:50 INFO session removed token=7d8da349-7318-4a73-ae4d-8f18ab0dcb2e
2025/11/08 14:46:50 INFO session created token=1ef8f42c-3c9c-4327-b0c3-7d68fb933048 name=User_2_45
2025/11/08 14:46:50 INFO session updated token=1ef8f42c-3c9c-4327-b0c3-7d68fb933048 tableID=0xc000651c80 seatIndex=0xc000653ba0
2025/11/08 14:46:50 INFO session removed token=1ef8f42c-3c9c-4327-b0c3-7d68fb933048
2025/11/08 14:46:50 INFO session created token=546cff07-302d-432f-9fb0-38b36d1053d7 name=User_2_46
2025/11/08 14:46:50 INFO session updated token=546cff07-302d-432f-9fb0-38b36d1053d7 tableID=0xc000651cd0 seatIndex=0xc000653bf0
2025/11/08 14:46:50 INFO session removed token=546cff07-302d-432f-9fb0-38b36d1053d7
2025/11/08 14:46:50 INFO session created token=fb3d0d19-fb1a-483c-8f0d-eaa37acad263 name=User_2_47
2025/11/08 14:46:50 INFO session updated token=fb3d0d19-fb1a-483c-8f0d-eaa37acad263 tableID=0xc000651d20 seatIndex=0xc000653c40
2025/11/08 14:46:50 INFO session removed token=fb3d0d19-fb1a-483c-8f0d-eaa37acad263
2025/11/08 14:46:50 INFO session created token=2ab0f911-24a6-425e-9934-8f15b18579a5 name=User_2_48
2025/11/08 14:46:50 INFO session updated token=2ab0f911-24a6-425e-9934-8f15b18579a5 tableID=0xc000651d70 seatIndex=0xc000653c90
2025/11/08 14:46:50 INFO session removed token=2ab0f911-24a6-425e-9934-8f15b18579a5
2025/11/08 14:46:50 INFO session created token=1166baa8-5e6d-41e6-b7c2-c82c0e7b8390 name=User_2_49
2025/11/08 14:46:50 INFO session updated token=1166baa8-5e6d-41e6-b7c2-c82c0e7b8390 tableID=0xc000651dc0 seatIndex=0xc000653ce0
2025/11/08 14:46:50 INFO session removed token=1166baa8-5e6d-41e6-b7c2-c82c0e7b8390
2025/11/08 14:46:50 INFO session created token=fade686c-11ed-460d-92a8-36a3f4629da1 name=User_2_50
2025/11/08 14:46:50 INFO session updated token=fade686c-11ed-460d-92a8-36a3f4629da1 tableID=0xc000651e10 seatIndex=0xc000653d30
2025/11/08 14:46:50 INFO session removed token=fade686c-11ed-460d-92a8-36a3f4629da1
2025/11/08 14:46:50 INFO session created token=718d8406-e8a7-4e8a-9d54-82613d9dc1d6 name=User_2_51
2025/11/08 14:46:50 INFO session updated token=718d8406-e8a7-4e8a-9d54-82613d9dc1d6 tableID=0xc000651e60 seatIndex=0xc000653d80
2025/11/08 14:46:50 INFO session removed token=718d8406-e8a7-4e8a-9d54-82613d9dc1d6
2025/11/08 14:46:50 INFO session created token=fbb90dc5-d91a-45d8-8ed6-da520fa84174 name=User_2_52
2025/11/08 14:46:50 INFO session updated token=fbb90dc5-d91a-45d8-8ed6-da520fa84174 tableID=0xc000651eb0 seatIndex=0xc000653dd0
2025/11/08 14:46:50 INFO session removed token=fbb90dc5-d91a-45d8-8ed6-da520fa84174
2025/11/08 14:46:50 INFO session created token=526fb0bd-afbb-41f4-97e2-2dcc91fbddb2 name=User_2_53
2025/11/08 14:46:50 INFO session updated token=526fb0bd-afbb-41f4-97e2-2dcc91fbddb2 tableID=0xc000651f00 seatIndex=0xc000653e20
2025/11/08 14:46:50 INFO session removed token=526fb0bd-afbb-41f4-97e2-2dcc91fbddb2
2025/11/08 14:46:50 INFO session created token=0c2bf7ab-33b3-40b1-ab9b-d75a40234ad1 name=User_2_54
2025/11/08 14:46:50 INFO session updated token=0c2bf7ab-33b3-40b1-ab9b-d75a40234ad1 tableID=0xc000651f50 seatIndex=0xc000653e70
2025/11/08 14:46:50 INFO session removed token=0c2bf7ab-33b3-40b1-ab9b-d75a40234ad1
2025/11/08 14:46:50 INFO session created token=6ccdadbf-3fad-45ee-9f1a-6affb8d6f993 name=User_2_55
2025/11/08 14:46:50 INFO session updated token=6ccdadbf-3fad-45ee-9f1a-6affb8d6f993 tableID=0xc00065a020 seatIndex=0xc000653ec0
2025/11/08 14:46:50 INFO session removed token=6ccdadbf-3fad-45ee-9f1a-6affb8d6f993
2025/11/08 14:46:50 INFO session created token=7aa1c619-0a67-460b-8fca-8dc56d108ae4 name=User_2_56
2025/11/08 14:46:50 INFO session updated token=7aa1c619-0a67-460b-8fca-8dc56d108ae4 tableID=0xc00065a070 seatIndex=0xc000653f10
2025/11/08 14:46:50 INFO session removed token=7aa1c619-0a67-460b-8fca-8dc56d108ae4
2025/11/08 14:46:50 INFO session created token=1aeaddee-fc97-428d-9b91-714c5f692247 name=User_2_57
2025/11/08 14:46:50 INFO session updated token=1aeaddee-fc97-428d-9b91-714c5f692247 tableID=0xc00065a0c0 seatIndex=0xc000653f60
2025/11/08 14:46:50 INFO session removed token=1aeaddee-fc97-428d-9b91-714c5f692247
2025/11/08 14:46:50 INFO session created token=4c9da0f8-1328-4b13-aacb-4ea6530f5f3f name=User_2_58
2025/11/08 14:46:50 INFO session updated token=4c9da0f8-1328-4b13-aacb-4ea6530f5f3f tableID=0xc00065a110 seatIndex=0xc000653fb0
2025/11/08 14:46:50 INFO session removed token=4c9da0f8-1328-4b13-aacb-4ea6530f5f3f
2025/11/08 14:46:50 INFO session created token=5baed1ee-189e-4bb1-b3aa-17c35f160b6d name=User_2_59
2025/11/08 14:46:50 INFO session updated token=5baed1ee-189e-4bb1-b3aa-17c35f160b6d tableID=0xc00065a160 seatIndex=0xc00065c000
2025/11/08 14:46:50 INFO session removed token=5baed1ee-189e-4bb1-b3aa-17c35f160b6d
2025/11/08 14:46:50 INFO session created token=25762fda-7846-4267-a765-8602b35fc523 name=User_2_60
2025/11/08 14:46:50 INFO session updated token=25762fda-7846-4267-a765-8602b35fc523 tableID=0xc00065a1b0 seatIndex=0xc00065c050
2025/11/08 14:46:50 INFO session removed token=25762fda-7846-4267-a765-8602b35fc523
2025/11/08 14:46:50 INFO session created token=8db90544-7321-43c1-b576-0ad7f6f1c0e8 name=User_2_61
2025/11/08 14:46:50 INFO session updated token=8db90544-7321-43c1-b576-0ad7f6f1c0e8 tableID=0xc00065a200 seatIndex=0xc00065c0a0
2025/11/08 14:46:50 INFO session removed token=8db90544-7321-43c1-b576-0ad7f6f1c0e8
2025/11/08 14:46:50 INFO session created token=3c76452f-24d2-484b-8ac7-a897a4439d11 name=User_2_62
2025/11/08 14:46:50 INFO session updated token=3c76452f-24d2-484b-8ac7-a897a4439d11 tableID=0xc00065a250 seatIndex=0xc00065c0f0
2025/11/08 14:46:50 INFO session removed token=3c76452f-24d2-484b-8ac7-a897a4439d11
2025/11/08 14:46:50 INFO session created token=5fcda2c0-4507-4407-b332-641a9f676a54 name=User_2_63
2025/11/08 14:46:50 INFO session updated token=5fcda2c0-4507-4407-b332-641a9f676a54 tableID=0xc00065a2a0 seatIndex=0xc00065c140
2025/11/08 14:46:50 INFO session removed token=5fcda2c0-4507-4407-b332-641a9f676a54
2025/11/08 14:46:50 INFO session created token=c8d37ce0-421a-4ca3-acc4-1359bebacf7d name=User_2_64
2025/11/08 14:46:50 INFO session updated token=c8d37ce0-421a-4ca3-acc4-1359bebacf7d tableID=0xc00065a2f0 seatIndex=0xc00065c190
2025/11/08 14:46:50 INFO session removed token=c8d37ce0-421a-4ca3-acc4-1359bebacf7d
2025/11/08 14:46:50 INFO session created token=e8c7b153-4afd-408a-84db-085dc5e4c4c3 name=User_2_65
2025/11/08 14:46:50 INFO session updated token=e8c7b153-4afd-408a-84db-085dc5e4c4c3 tableID=0xc00065a340 seatIndex=0xc00065c1e0
2025/11/08 14:46:50 INFO session removed token=e8c7b153-4afd-408a-84db-085dc5e4c4c3
2025/11/08 14:46:50 INFO session created token=c7137487-2c3b-49cb-88bd-68526e0b81f9 name=User_2_66
2025/11/08 14:46:50 INFO session created token=7d672a6a-c14d-4409-90ad-066688270991 name=User_7_4
2025/11/08 14:46:50 INFO session updated token=c7137487-2c3b-49cb-88bd-68526e0b81f9 tableID=0xc00065a390 seatIndex=0xc00065c230
2025/11/08 14:46:50 INFO session removed token=c7137487-2c3b-49cb-88bd-68526e0b81f9
2025/11/08 14:46:50 INFO session removed token=14aff0bd-c51b-451a-8362-e0e4b8bce5e1
2025/11/08 14:46:50 INFO session updated token=fa1eef74-508a-4060-a803-500eae6677ab tableID=0xc0003dc530 seatIndex=0xc0003d9990
2025/11/08 14:46:50 INFO session created token=04541305-d075-40ac-9952-44b5a45a3b53 name=User_78_3
2025/11/08 14:46:50 INFO session updated token=ea3e997b-7c39-4ad4-afb3-c4b17082872f tableID=0xc0003dc550 seatIndex=0xc0003d99c0
2025/11/08 14:46:50 INFO session created token=896c2b5a-af93-4b82-9f86-1131d9c9fee9 name=User_31_87
2025/11/08 14:46:50 INFO session removed token=0c62a275-11ee-4d0c-a81b-b7b261f0e0e1
2025/11/08 14:46:50 INFO session created token=a507dfa7-8251-4c8a-8c04-81f2d7aff3f8 name=User_34_5
2025/11/08 14:46:50 INFO session removed token=245cd94f-3179-43c3-b851-fadb960a13c3
2025/11/08 14:46:50 INFO session removed token=28a2da5c-775e-4c47-a24e-b4113dfa6261
2025/11/08 14:46:50 INFO session removed token=636312d6-bc09-4245-b3b0-bf4874def282
2025/11/08 14:46:50 INFO session updated token=539c5877-db31-42ef-ab6a-0b2bd6a0b4d9 tableID=0xc00051b0b0 seatIndex=0xc000512f08
2025/11/08 14:46:50 INFO session removed token=1247d6ba-a61c-4762-bf72-329d1aa141bb
2025/11/08 14:46:50 INFO session updated token=6f3a11ad-a97f-4cfa-960e-0d38fb5b71e1 tableID=0xc00051b0d0 seatIndex=0xc000512f38
2025/11/08 14:46:50 INFO session updated token=b42a671c-3ef1-46f5-909c-48c5d595420d tableID=0xc00051b0e0 seatIndex=0xc000512f48
2025/11/08 14:46:50 INFO session removed token=fd321dbd-25d9-451e-a5ca-2f0db9f8ea66
2025/11/08 14:46:50 INFO session removed token=00746620-bbdc-46c7-9d24-1ec156f7150e
2025/11/08 14:46:50 INFO session created token=4fbe4efe-6e48-49e5-a9c3-d82e2f72c919 name=User_51_4
2025/11/08 14:46:50 INFO session created token=c1fb4702-36b2-4be5-a2e7-a42b04be9455 name=User_50_4
2025/11/08 14:46:50 INFO session removed token=6f3a11ad-a97f-4cfa-960e-0d38fb5b71e1
2025/11/08 14:46:50 INFO session created token=a863b235-34b2-4749-9309-76bd1b4bef04 name=User_26_78
2025/11/08 14:46:50 INFO session created token=c6220b8a-e6ae-4718-9096-c7e2a4e04a47 name=User_60_5
2025/11/08 14:46:50 INFO session created token=858beb56-e0c9-4429-a80a-590171b8f1e5 name=User_96_4
2025/11/08 14:46:50 INFO session removed token=da9635d9-2b81-41ec-a187-08948b9710fa
2025/11/08 14:46:50 INFO session removed token=88ebd687-0151-493a-9cb2-598751db2a2e
2025/11/08 14:46:50 INFO session created token=b2b3a85e-b2a1-4c9f-9c5c-9bd1ea65b52f name=User_67_4
2025/11/08 14:46:50 INFO session created token=19aea846-9e78-402f-9cc1-d24c305b2ec8 name=User_42_4
2025/11/08 14:46:50 INFO session updated token=b2b3a85e-b2a1-4c9f-9c5c-9bd1ea65b52f tableID=0xc000125820 seatIndex=0xc0001299c8
2025/11/08 14:46:50 INFO session removed token=983888e1-88ae-4adf-b505-b8c1f9044e38
2025/11/08 14:46:50 INFO session removed token=f06d8f81-a43b-4ac8-9b61-799e66bf05f0
2025/11/08 14:46:50 INFO session removed token=76326a11-aac8-41b4-b3cb-dff5d3dc6ead
2025/11/08 14:46:50 INFO session removed token=b5b32d70-48ec-4c5a-a1bb-de9ae7310bf1
2025/11/08 14:46:50 INFO session removed token=131e66fa-37c7-494f-ad1f-a0ca457a014b
2025/11/08 14:46:50 INFO session removed token=8e2c0916-3c06-43cd-bd7a-78541d84b949
2025/11/08 14:46:50 INFO session removed token=e7282816-ccb1-4968-b04c-a1a41c9022b3
2025/11/08 14:46:50 INFO session updated token=bc3e3495-bf5c-4aa0-ba7c-8cd730cce637 tableID=0xc0003dc5d0 seatIndex=0xc0003d9a70
2025/11/08 14:46:50 INFO session removed token=46839971-5f8c-4f71-9557-b9775f69d080
2025/11/08 14:46:50 INFO session removed token=6b54d164-7305-451c-b6fd-431dcbaab7e3
2025/11/08 14:46:50 INFO session updated token=e41cba81-f425-414d-b95f-892a587b6aa5 tableID=0xc0003dc620 seatIndex=0xc0003d9ae0
2025/11/08 14:46:50 INFO session created token=8497d5f5-e003-455c-bb75-9a8638e26208 name=User_47_4
2025/11/08 14:46:50 INFO session created token=2b0aa745-6e50-4097-8d84-8a562fe8df0b name=User_70_5
2025/11/08 14:46:50 INFO session created token=f91c4c1a-cf83-472b-8139-dfa515b08fb7 name=User_4_4
2025/11/08 14:46:50 INFO session updated token=8497d5f5-e003-455c-bb75-9a8638e26208 tableID=0xc00059b740 seatIndex=0xc000593378
2025/11/08 14:46:50 INFO session created token=c18fb57d-3eee-4856-920b-f11a8e0acd29 name=User_48_4
2025/11/08 14:46:50 INFO session created token=2e573d6c-41f8-4a03-b504-88d727079c90 name=User_86_7
2025/11/08 14:46:50 INFO session created token=4d41d300-54a9-4d8f-a6bb-7c1c4a729f3c name=User_59_4
2025/11/08 14:46:50 INFO session updated token=6819a411-4842-4cc4-b853-3cb84c10ddca tableID=0xc000601070 seatIndex=0xc000605070
2025/11/08 14:46:50 INFO session created token=deb90608-3224-4fc2-bebd-7eb50e25d907 name=User_20_4
2025/11/08 14:46:50 INFO session created token=2ea84e37-f8dc-4ef0-9c84-d2caff0c2cbb name=User_1_4
2025/11/08 14:46:50 INFO session created token=0027ea74-a3ec-4e81-8b11-5b52adb05f92 name=User_0_20
2025/11/08 14:46:50 INFO session updated token=8b47e67e-cb41-4f6e-b8f3-ce98f5230bfd tableID=0xc0003dc6d0 seatIndex=0xc0003d9b30
2025/11/08 14:46:50 INFO session updated token=e5f3eca7-4eb0-4cb2-bf65-8e4849ee54a7 tableID=0xc0003dc6f0 seatIndex=0xc0003d9b60
2025/11/08 14:46:50 INFO session removed token=eef2e53e-48c2-4257-b867-9ee635052956
2025/11/08 14:46:50 INFO session removed token=c93f3f8b-56f5-4362-8562-aef67159ab72
2025/11/08 14:46:50 INFO session removed token=a5c04e11-abf8-4fee-861c-1f4dad12cc70
2025/11/08 14:46:50 INFO session updated token=497a4154-4e50-4e11-a15e-88afed67666a tableID=0xc000125610 seatIndex=0xc0001297e0
2025/11/08 14:46:50 INFO session updated token=65233cdd-bc81-428b-b5be-c0ae9ec4dea0 tableID=0xc000125670 seatIndex=0xc000129850
2025/11/08 14:46:50 INFO session removed token=245b5062-a818-4f34-ac70-99b01e704aff
2025/11/08 14:46:50 INFO session updated token=44afba36-67be-4bf0-9787-3a29124471b8 tableID=0xc0001256c0 seatIndex=0xc0001298b0
2025/11/08 14:46:50 INFO session created token=e2f1345f-0699-4b04-9695-1b86a53a74bd name=User_93_8
2025/11/08 14:46:50 INFO session removed token=a08f5fe3-8045-459d-8e68-8972076ebdc3
2025/11/08 14:46:50 INFO session created token=bd7c91a8-8014-421d-a128-0e78e24b6706 name=User_46_4
2025/11/08 14:46:50 INFO session created token=52ed3e0a-ffc1-4c10-986c-faf2e8e68e3a name=User_38_4
2025/11/08 14:46:50 INFO session created token=d4da3f47-15f6-423f-b35c-31ee50f636c7 name=User_99_14
2025/11/08 14:46:50 INFO session updated token=cd060729-eada-487b-8b54-e7c9384abb41 tableID=0xc000125320 seatIndex=0xc000129568
2025/11/08 14:46:50 INFO session removed token=1e9b5b1b-b20b-42ea-8336-8e753ebe7dab
2025/11/08 14:46:50 INFO session updated token=35eecbfb-6996-4ec5-9785-c31b5d4c546c tableID=0xc000125720 seatIndex=0xc000129900
2025/11/08 14:46:50 INFO session updated token=93203a83-c613-4655-a36e-0e1f40893bd1 tableID=0xc00051b220 seatIndex=0xc000513168
2025/11/08 14:46:50 INFO session created token=d4a07e8a-5860-4e7e-aabb-b8b540cb5ad0 name=User_33_6
2025/11/08 14:46:50 INFO session updated token=698fdfdf-137a-489f-b024-edd560278156 tableID=0xc00051b310 seatIndex=0xc000513278
2025/11/08 14:46:50 INFO session updated token=7b55a1c5-c076-491d-a2a2-e905508fa1d1 tableID=0xc0002cc820 seatIndex=0xc0002c8a60
2025/11/08 14:46:50 INFO session removed token=b2e63b47-6bfc-4ad2-b225-3050c6c7aa56
2025/11/08 14:46:50 INFO session updated token=f87f4328-4d98-4718-ad1e-487ad86494a7 tableID=0xc0006010c0 seatIndex=0xc000605100
2025/11/08 14:46:50 INFO session updated token=75260de7-6a8f-462f-ba48-0cd8c71727ef tableID=0xc00051af60 seatIndex=0xc000512e88
2025/11/08 14:46:50 INFO session updated token=69c1c391-1f60-4463-9764-2f60516ed44e tableID=0xc00051af80 seatIndex=0xc000512e98
2025/11/08 14:46:50 INFO session updated token=8fd7ce47-d46a-4c69-862c-76fd5b630714 tableID=0xc0003dc770 seatIndex=0xc0003d9c10
2025/11/08 14:46:50 INFO session created token=82211abc-13c3-4175-82c6-ba3b5e910aa5 name=User_84_9
2025/11/08 14:46:50 INFO session updated token=05eb8bbf-d772-49d8-a278-c87af00dd289 tableID=0xc0002cc8c0 seatIndex=0xc0002c8b20
2025/11/08 14:46:50 INFO session created token=ded49cdd-4974-4f36-9736-e5162a4bb642 name=User_75_4
2025/11/08 14:46:50 INFO session created token=f5014203-6cc8-4b01-891e-e24530cf90af name=User_36_4
2025/11/08 14:46:50 INFO session updated token=97bc4596-2f54-40cf-8698-13b81de6dd05 tableID=0xc0003dca00 seatIndex=0xc0003d9ea0
2025/11/08 14:46:50 INFO session created token=8967e588-dbe2-486c-a2ee-ba3aeab59046 name=User_29_4
2025/11/08 14:46:50 INFO session created token=3e2b3f9b-83b8-4141-84c7-cc9775be4909 name=User_45_4
2025/11/08 14:46:50 INFO session updated token=27d07c81-c9f4-426f-a747-1fce9280f51c tableID=0xc0003dca60 seatIndex=0xc0003d9f00
2025/11/08 14:46:50 INFO session created token=9dceb3e3-e0ca-41d4-9f5b-333cc97bd93a name=User_28_5
2025/11/08 14:46:50 INFO session created token=1fb7e85f-2b1b-4fbd-b724-4ebcb756065b name=User_81_14
2025/11/08 14:46:50 INFO session created token=0a0523be-4cd2-401d-baaf-745ce8ada587 name=User_94_4
2025/11/08 14:46:50 INFO session created token=5e7b9e5a-9268-4dff-8bb2-acc0f5eaaf0b name=User_79_5
2025/11/08 14:46:50 INFO session created token=e4e2f68d-7a09-4015-a1a6-bac1f6976d59 name=User_49_14
2025/11/08 14:46:50 INFO session removed token=69c1c391-1f60-4463-9764-2f60516ed44e
2025/11/08 14:46:50 INFO session removed token=eacc5ee7-38d1-4f91-b79f-236b9c5e44d7
2025/11/08 14:46:50 INFO session updated token=f34a1af8-5e26-4478-9c51-c56d88cc62b9 tableID=0xc00051b540 seatIndex=0xc000513478
2025/11/08 14:46:50 INFO session removed token=01513013-5c5d-49b2-87de-abbaef95ae43
2025/11/08 14:46:50 INFO session removed token=92cf7154-4aa4-467d-ac9d-f1dfdb5e334c
2025/11/08 14:46:50 INFO session updated token=c072ac37-c5ac-490d-966d-02038eac61f0 tableID=0xc000601160 seatIndex=0xc000605140
2025/11/08 14:46:50 INFO session updated token=c146477d-9a91-4c95-912f-5e1959946ab5 tableID=0xc000601180 seatIndex=0xc000605170
2025/11/08 14:46:50 INFO session updated token=12f230f1-559d-4dac-8e3d-736370afd2f7 tableID=0xc000601190 seatIndex=0xc000605180
2025/11/08 14:46:50 INFO session updated token=7d672a6a-c14d-4409-90ad-066688270991 tableID=0xc00065a3b0 seatIndex=0xc00065c260
2025/11/08 14:46:50 INFO session removed token=7d672a6a-c14d-4409-90ad-066688270991
2025/11/08 14:46:50 INFO session created token=c552dedc-baf3-4562-ace3-b35995be3f08 name=User_7_5
2025/11/08 14:46:50 INFO session updated token=c552dedc-baf3-4562-ace3-b35995be3f08 tableID=0xc00051b7f0 seatIndex=0xc000513728
2025/11/08 14:46:50 INFO session removed token=c552dedc-baf3-4562-ace3-b35995be3f08
2025/11/08 14:46:50 INFO session created token=54347ac7-cd28-4b82-bc35-600ede89c3b0 name=User_7_6
2025/11/08 14:46:50 INFO session updated token=54347ac7-cd28-4b82-bc35-600ede89c3b0 tableID=0xc00051b840 seatIndex=0xc000513770
2025/11/08 14:46:50 INFO session removed token=54347ac7-cd28-4b82-bc35-600ede89c3b0
2025/11/08 14:46:50 INFO session created token=07225b73-8c84-4e05-baef-128908b63733 name=User_7_7
2025/11/08 14:46:50 INFO session updated token=07225b73-8c84-4e05-baef-128908b63733 tableID=0xc00051b890 seatIndex=0xc0005137b8
2025/11/08 14:46:50 INFO session removed token=07225b73-8c84-4e05-baef-128908b63733
2025/11/08 14:46:50 INFO session created token=88ba20b1-33ac-4ef2-a74c-48d801d32853 name=User_7_8
2025/11/08 14:46:50 INFO session updated token=88ba20b1-33ac-4ef2-a74c-48d801d32853 tableID=0xc00051b8e0 seatIndex=0xc000513800
2025/11/08 14:46:50 INFO session removed token=88ba20b1-33ac-4ef2-a74c-48d801d32853
2025/11/08 14:46:50 INFO session created token=6e1306e6-362f-4cd1-9c11-a464190905ec name=User_7_9
2025/11/08 14:46:50 INFO session updated token=6e1306e6-362f-4cd1-9c11-a464190905ec tableID=0xc00051b930 seatIndex=0xc000513848
2025/11/08 14:46:50 INFO session removed token=6e1306e6-362f-4cd1-9c11-a464190905ec
2025/11/08 14:46:50 INFO session created token=5288cf59-a86a-4541-af42-e76477b7807d name=User_7_10
2025/11/08 14:46:50 INFO session updated token=5288cf59-a86a-4541-af42-e76477b7807d tableID=0xc00051b980 seatIndex=0xc000513890
2025/11/08 14:46:50 INFO session removed token=5288cf59-a86a-4541-af42-e76477b7807d
2025/11/08 14:46:50 INFO session created token=fe62e165-2bb4-495b-8d4c-7e4e9fdd079b name=User_7_11
2025/11/08 14:46:50 INFO session updated token=fe62e165-2bb4-495b-8d4c-7e4e9fdd079b tableID=0xc00051b9d0 seatIndex=0xc0005138e0
2025/11/08 14:46:50 INFO session removed token=fe62e165-2bb4-495b-8d4c-7e4e9fdd079b
2025/11/08 14:46:50 INFO session created token=c95713de-391e-4b45-9b90-7bf70407ec5e name=User_7_12
2025/11/08 14:46:50 INFO session updated token=c95713de-391e-4b45-9b90-7bf70407ec5e tableID=0xc00051ba20 seatIndex=0xc000513930
2025/11/08 14:46:50 INFO session removed token=c95713de-391e-4b45-9b90-7bf70407ec5e
2025/11/08 14:46:50 INFO session created token=719c4971-3e13-43e7-bff6-dececf520e36 name=User_7_13
2025/11/08 14:46:50 INFO session updated token=719c4971-3e13-43e7-bff6-dececf520e36 tableID=0xc00051ba70 seatIndex=0xc000513980
2025/11/08 14:46:50 INFO session removed token=719c4971-3e13-43e7-bff6-dececf520e36
2025/11/08 14:46:50 INFO session created token=454e6cdf-22e6-4a69-a253-868be0577e94 name=User_7_14
2025/11/08 14:46:50 INFO session updated token=454e6cdf-22e6-4a69-a253-868be0577e94 tableID=0xc00051bac0 seatIndex=0xc0005139d0
2025/11/08 14:46:50 INFO session removed token=454e6cdf-22e6-4a69-a253-868be0577e94
2025/11/08 14:46:50 INFO session created token=28d86a96-3c19-45e4-98a5-1061feede4ac name=User_7_15
2025/11/08 14:46:50 INFO session updated token=28d86a96-3c19-45e4-98a5-1061feede4ac tableID=0xc00051bb10 seatIndex=0xc000513a20
2025/11/08 14:46:50 INFO session removed token=28d86a96-3c19-45e4-98a5-1061feede4ac
2025/11/08 14:46:50 INFO session created token=6322707d-9725-4f4d-bf5d-7f39c5801d3f name=User_7_16
2025/11/08 14:46:50 INFO session updated token=6322707d-9725-4f4d-bf5d-7f39c5801d3f tableID=0xc00051bb60 seatIndex=0xc000513a70
2025/11/08 14:46:50 INFO session removed token=6322707d-9725-4f4d-bf5d-7f39c5801d3f
2025/11/08 14:46:50 INFO session created token=a489ce11-2612-4279-a182-19db5f083a0b name=User_7_17
2025/11/08 14:46:50 INFO session updated token=a489ce11-2612-4279-a182-19db5f083a0b tableID=0xc00051bbb0 seatIndex=0xc000513ac0
2025/11/08 14:46:50 INFO session removed token=a489ce11-2612-4279-a182-19db5f083a0b
2025/11/08 14:46:50 INFO session created token=d0b092fa-2352-43e0-87c3-73031fb01036 name=User_7_18
2025/11/08 14:46:50 INFO session updated token=d0b092fa-2352-43e0-87c3-73031fb01036 tableID=0xc00051bc00 seatIndex=0xc000513b10
2025/11/08 14:46:50 INFO session removed token=d0b092fa-2352-43e0-87c3-73031fb01036
2025/11/08 14:46:50 INFO session created token=cf536170-2694-4c58-8020-3c82a552a397 name=User_7_19
2025/11/08 14:46:50 INFO session updated token=cf536170-2694-4c58-8020-3c82a552a397 tableID=0xc00051bc50 seatIndex=0xc000513b60
2025/11/08 14:46:50 INFO session removed token=cf536170-2694-4c58-8020-3c82a552a397
2025/11/08 14:46:50 INFO session created token=f36fd19d-a64b-4d9a-bd4b-a8e60bfb7643 name=User_7_20
2025/11/08 14:46:50 INFO session updated token=f36fd19d-a64b-4d9a-bd4b-a8e60bfb7643 tableID=0xc00051bca0 seatIndex=0xc000513bb0
2025/11/08 14:46:50 INFO session removed token=f36fd19d-a64b-4d9a-bd4b-a8e60bfb7643
2025/11/08 14:46:50 INFO session created token=4537da45-6819-46e9-bc87-c5f8d280b4ab name=User_7_21
2025/11/08 14:46:50 INFO session updated token=4537da45-6819-46e9-bc87-c5f8d280b4ab tableID=0xc00051bcf0 seatIndex=0xc000513c00
2025/11/08 14:46:50 INFO session removed token=4537da45-6819-46e9-bc87-c5f8d280b4ab
2025/11/08 14:46:50 INFO session created token=740a73cb-832c-4b72-98dc-6fbac96c5d6e name=User_7_22
2025/11/08 14:46:50 INFO session updated token=740a73cb-832c-4b72-98dc-6fbac96c5d6e tableID=0xc00051bd40 seatIndex=0xc000513c50
2025/11/08 14:46:50 INFO session removed token=740a73cb-832c-4b72-98dc-6fbac96c5d6e
2025/11/08 14:46:50 INFO session created token=a53c2865-caf7-4c6e-a884-af2d39471f10 name=User_7_23
2025/11/08 14:46:50 INFO session updated token=a53c2865-caf7-4c6e-a884-af2d39471f10 tableID=0xc00051bd90 seatIndex=0xc000513ca0
2025/11/08 14:46:50 INFO session removed token=a53c2865-caf7-4c6e-a884-af2d39471f10
2025/11/08 14:46:50 INFO session created token=b2886466-4f57-48e3-a050-37e5573ab61d name=User_7_24
2025/11/08 14:46:50 INFO session updated token=b2886466-4f57-48e3-a050-37e5573ab61d tableID=0xc00051bde0 seatIndex=0xc000513cf0
2025/11/08 14:46:50 INFO session removed token=b2886466-4f57-48e3-a050-37e5573ab61d
2025/11/08 14:46:50 INFO session created token=aea64758-0674-44e9-ac8b-eaf5ab172994 name=User_7_25
2025/11/08 14:46:50 INFO session updated token=aea64758-0674-44e9-ac8b-eaf5ab172994 tableID=0xc00051be30 seatIndex=0xc000513d40
2025/11/08 14:46:50 INFO session removed token=aea64758-0674-44e9-ac8b-eaf5ab172994
2025/11/08 14:46:50 INFO session created token=32528fb2-09b7-4293-b40c-8a79b503e00f name=User_7_26
2025/11/08 14:46:50 INFO session updated token=32528fb2-09b7-4293-b40c-8a79b503e00f tableID=0xc00051be80 seatIndex=0xc000513d90
2025/11/08 14:46:50 INFO session removed token=32528fb2-09b7-4293-b40c-8a79b503e00f
2025/11/08 14:46:50 INFO session created token=5c6b6ca2-ab99-4870-af73-9ca0a4f4e428 name=User_7_27
2025/11/08 14:46:50 INFO session updated token=5c6b6ca2-ab99-4870-af73-9ca0a4f4e428 tableID=0xc00051bed0 seatIndex=0xc000513de0
2025/11/08 14:46:50 INFO session removed token=5c6b6ca2-ab99-4870-af73-9ca0a4f4e428
2025/11/08 14:46:50 INFO session created token=c463c0a2-7dc6-4789-8cae-83b3bb96ea37 name=User_7_28
2025/11/08 14:46:50 INFO session updated token=c463c0a2-7dc6-4789-8cae-83b3bb96ea37 tableID=0xc00051bf20 seatIndex=0xc000513e30
2025/11/08 14:46:50 INFO session removed token=c463c0a2-7dc6-4789-8cae-83b3bb96ea37
2025/11/08 14:46:50 INFO session created token=b84247a4-e44c-4ec1-9bba-b2e13f163898 name=User_7_29
2025/11/08 14:46:50 INFO session updated token=b84247a4-e44c-4ec1-9bba-b2e13f163898 tableID=0xc00051bf70 seatIndex=0xc000513e80
2025/11/08 14:46:50 INFO session removed token=b84247a4-e44c-4ec1-9bba-b2e13f163898
2025/11/08 14:46:50 INFO session created token=251c78ab-b0dc-4409-a87b-f780dfa29d33 name=User_7_30
2025/11/08 14:46:50 INFO session updated token=251c78ab-b0dc-4409-a87b-f780dfa29d33 tableID=0xc000542040 seatIndex=0xc000513ed0
2025/11/08 14:46:50 INFO session removed token=251c78ab-b0dc-4409-a87b-f780dfa29d33
2025/11/08 14:46:50 INFO session created token=0e48b0d9-092d-44c8-ba0e-7c00af1f9aaa name=User_7_31
2025/11/08 14:46:50 INFO session updated token=0e48b0d9-092d-44c8-ba0e-7c00af1f9aaa tableID=0xc000542090 seatIndex=0xc000513f20
2025/11/08 14:46:50 INFO session removed token=0e48b0d9-092d-44c8-ba0e-7c00af1f9aaa
2025/11/08 14:46:50 INFO session created token=52faed99-af8b-48e2-8d7d-ae4ed9416b38 name=User_7_32
2025/11/08 14:46:50 INFO session updated token=52faed99-af8b-48e2-8d7d-ae4ed9416b38 tableID=0xc0005420e0 seatIndex=0xc000513f70
2025/11/08 14:46:50 INFO session removed token=52faed99-af8b-48e2-8d7d-ae4ed9416b38
2025/11/08 14:46:50 INFO session created token=ed4f9e68-c71c-4390-8cdf-52420902bf1f name=User_7_33
2025/11/08 14:46:50 INFO session updated token=ed4f9e68-c71c-4390-8cdf-52420902bf1f tableID=0xc000542130 seatIndex=0xc000513fc0
2025/11/08 14:46:50 INFO session removed token=ed4f9e68-c71c-4390-8cdf-52420902bf1f
2025/11/08 14:46:50 INFO session created token=fa3b2ffa-18eb-4668-9c09-6283b71c378b name=User_7_34
2025/11/08 14:46:50 INFO session updated token=fa3b2ffa-18eb-4668-9c09-6283b71c378b tableID=0xc000542180 seatIndex=0xc000544010
2025/11/08 14:46:50 INFO session removed token=fa3b2ffa-18eb-4668-9c09-6283b71c378b
2025/11/08 14:46:50 INFO session created token=dbb839d7-0946-41e3-9100-6e6766f834f7 name=User_7_35
2025/11/08 14:46:50 INFO session updated token=dbb839d7-0946-41e3-9100-6e6766f834f7 tableID=0xc0005421d0 seatIndex=0xc000544060
2025/11/08 14:46:50 INFO session removed token=dbb839d7-0946-41e3-9100-6e6766f834f7
2025/11/08 14:46:50 INFO session created token=f801d773-ca44-4bc9-9c55-d47107f86b0a name=User_7_36
2025/11/08 14:46:50 INFO session updated token=f801d773-ca44-4bc9-9c55-d47107f86b0a tableID=0xc000542220 seatIndex=0xc0005440b0
2025/11/08 14:46:50 INFO session removed token=f801d773-ca44-4bc9-9c55-d47107f86b0a
2025/11/08 14:46:50 INFO session created token=ea2e0e4a-70f5-4e6a-8726-e2e8334e786b name=User_7_37
2025/11/08 14:46:50 INFO session updated token=ea2e0e4a-70f5-4e6a-8726-e2e8334e786b tableID=0xc000542270 seatIndex=0xc000544100
2025/11/08 14:46:50 INFO session removed token=ea2e0e4a-70f5-4e6a-8726-e2e8334e786b
2025/11/08 14:46:50 INFO session created token=c941052d-1f07-41c2-95cd-662d0adb470a name=User_7_38
2025/11/08 14:46:50 INFO session updated token=c941052d-1f07-41c2-95cd-662d0adb470a tableID=0xc0005422c0 seatIndex=0xc000544150
2025/11/08 14:46:50 INFO session removed token=c941052d-1f07-41c2-95cd-662d0adb470a
2025/11/08 14:46:50 INFO session created token=1cd00f2a-5f1a-476a-8da7-49655b53d84f name=User_7_39
2025/11/08 14:46:50 INFO session updated token=1cd00f2a-5f1a-476a-8da7-49655b53d84f tableID=0xc000542310 seatIndex=0xc0005441a0
2025/11/08 14:46:50 INFO session removed token=1cd00f2a-5f1a-476a-8da7-49655b53d84f
2025/11/08 14:46:50 INFO session created token=c9a331af-b716-4e67-ad3f-5ed3b1590773 name=User_7_40
2025/11/08 14:46:50 INFO session updated token=c9a331af-b716-4e67-ad3f-5ed3b1590773 tableID=0xc000542360 seatIndex=0xc0005441f0
2025/11/08 14:46:50 INFO session removed token=c9a331af-b716-4e67-ad3f-5ed3b1590773
2025/11/08 14:46:50 INFO session created token=72d265bf-24b9-4a23-8878-50d3862adc05 name=User_7_41
2025/11/08 14:46:50 INFO session updated token=72d265bf-24b9-4a23-8878-50d3862adc05 tableID=0xc0005423b0 seatIndex=0xc000544240
2025/11/08 14:46:50 INFO session removed token=72d265bf-24b9-4a23-8878-50d3862adc05
2025/11/08 14:46:50 INFO session created token=c210fe9a-cb4b-467e-9f73-d9634c1b596d name=User_7_42
2025/11/08 14:46:50 INFO session updated token=c210fe9a-cb4b-467e-9f73-d9634c1b596d tableID=0xc000542400 seatIndex=0xc000544290
2025/11/08 14:46:50 INFO session removed token=c210fe9a-cb4b-467e-9f73-d9634c1b596d
2025/11/08 14:46:50 INFO session created token=a9701935-45cf-4afb-ae17-821a708d3f9c name=User_7_43
2025/11/08 14:46:50 INFO session updated token=a9701935-45cf-4afb-ae17-821a708d3f9c tableID=0xc000542450 seatIndex=0xc0005442e0
2025/11/08 14:46:50 INFO session removed token=a9701935-45cf-4afb-ae17-821a708d3f9c
2025/11/08 14:46:50 INFO session created token=fabcdd2a-7235-4d89-b4f4-885ec0603c68 name=User_7_44
2025/11/08 14:46:50 INFO session updated token=fabcdd2a-7235-4d89-b4f4-885ec0603c68 tableID=0xc0005424a0 seatIndex=0xc000544330
2025/11/08 14:46:50 INFO session removed token=fabcdd2a-7235-4d89-b4f4-885ec0603c68
2025/11/08 14:46:50 INFO session created token=81f5d406-b96a-4462-86ae-41ccdbc453cf name=User_7_45
2025/11/08 14:46:50 INFO session updated token=81f5d406-b96a-4462-86ae-41ccdbc453cf tableID=0xc0005424f0 seatIndex=0xc000544380
2025/11/08 14:46:50 INFO session removed token=81f5d406-b96a-4462-86ae-41ccdbc453cf
2025/11/08 14:46:50 INFO session created token=37a3d026-9823-4854-ae85-4e7bd2d4c47e name=User_7_46
2025/11/08 14:46:50 INFO session updated token=37a3d026-9823-4854-ae85-4e7bd2d4c47e tableID=0xc000542540 seatIndex=0xc0005443d0
2025/11/08 14:46:50 INFO session removed token=37a3d026-9823-4854-ae85-4e7bd2d4c47e
2025/11/08 14:46:50 INFO session created token=3d912215-0a9c-4cc3-bca5-a41f8922fa86 name=User_7_47
2025/11/08 14:46:50 INFO session updated token=3d912215-0a9c-4cc3-bca5-a41f8922fa86 tableID=0xc000542590 seatIndex=0xc000544420
2025/11/08 14:46:50 INFO session removed token=3d912215-0a9c-4cc3-bca5-a41f8922fa86
2025/11/08 14:46:50 INFO session created token=f03e746b-26f9-44e4-aab1-418cb3d68cf0 name=User_7_48
2025/11/08 14:46:50 INFO session updated token=f03e746b-26f9-44e4-aab1-418cb3d68cf0 tableID=0xc0005425e0 seatIndex=0xc000544470
2025/11/08 14:46:50 INFO session removed token=f03e746b-26f9-44e4-aab1-418cb3d68cf0
2025/11/08 14:46:50 INFO session created token=e9ebab7d-041f-41e8-be66-c6f192955346 name=User_7_49
2025/11/08 14:46:50 INFO session updated token=e9ebab7d-041f-41e8-be66-c6f192955346 tableID=0xc000542630 seatIndex=0xc0005444c0
2025/11/08 14:46:50 INFO session removed token=e9ebab7d-041f-41e8-be66-c6f192955346
2025/11/08 14:46:50 INFO session created token=5b0f720d-ea32-41e1-9d1b-fb9d320420c5 name=User_7_50
2025/11/08 14:46:50 INFO session updated token=5b0f720d-ea32-41e1-9d1b-fb9d320420c5 tableID=0xc000542680 seatIndex=0xc000544510
2025/11/08 14:46:50 INFO session removed token=5b0f720d-ea32-41e1-9d1b-fb9d320420c5
2025/11/08 14:46:50 INFO session created token=ae596c11-b255-4d9b-8904-64ed4792e2f2 name=User_7_51
2025/11/08 14:46:50 INFO session updated token=ae596c11-b255-4d9b-8904-64ed4792e2f2 tableID=0xc0005426d0 seatIndex=0xc000544560
2025/11/08 14:46:50 INFO session removed token=ae596c11-b255-4d9b-8904-64ed4792e2f2
2025/11/08 14:46:50 INFO session created token=b35d1eb9-e8c9-478e-8fb0-5daefffa7233 name=User_7_52
2025/11/08 14:46:50 INFO session updated token=b35d1eb9-e8c9-478e-8fb0-5daefffa7233 tableID=0xc000542720 seatIndex=0xc0005445b0
2025/11/08 14:46:50 INFO session removed token=b35d1eb9-e8c9-478e-8fb0-5daefffa7233
2025/11/08 14:46:50 INFO session created token=f9beae16-65d4-46d5-a852-73ffbe1e507b name=User_7_53
2025/11/08 14:46:50 INFO session updated token=f9beae16-65d4-46d5-a852-73ffbe1e507b tableID=0xc000542770 seatIndex=0xc000544600
2025/11/08 14:46:50 INFO session removed token=f9beae16-65d4-46d5-a852-73ffbe1e507b
2025/11/08 14:46:50 INFO session created token=eb2be041-b61a-4439-afaf-760a9640f8c9 name=User_7_54
2025/11/08 14:46:50 INFO session updated token=eb2be041-b61a-4439-afaf-760a9640f8c9 tableID=0xc0005427c0 seatIndex=0xc000544650
2025/11/08 14:46:50 INFO session removed token=eb2be041-b61a-4439-afaf-760a9640f8c9
2025/11/08 14:46:50 INFO session created token=2ba60f65-712a-47f7-bce5-a309a0c385e4 name=User_7_55
2025/11/08 14:46:50 INFO session updated token=2ba60f65-712a-47f7-bce5-a309a0c385e4 tableID=0xc000542810 seatIndex=0xc0005446a0
2025/11/08 14:46:50 INFO session removed token=2ba60f65-712a-47f7-bce5-a309a0c385e4
2025/11/08 14:46:50 INFO session created token=14228ee2-cec9-4cb7-a41e-a13e003ed47f name=User_7_56
2025/11/08 14:46:50 INFO session updated token=14228ee2-cec9-4cb7-a41e-a13e003ed47f tableID=0xc000542860 seatIndex=0xc0005446f0
2025/11/08 14:46:50 INFO session removed token=14228ee2-cec9-4cb7-a41e-a13e003ed47f
2025/11/08 14:46:50 INFO session created token=3d6de967-13fb-4f85-b596-d452b46ab837 name=User_7_57
2025/11/08 14:46:50 INFO session updated token=3d6de967-13fb-4f85-b596-d452b46ab837 tableID=0xc0005428b0 seatIndex=0xc000544740
2025/11/08 14:46:50 INFO session removed token=3d6de967-13fb-4f85-b596-d452b46ab837
2025/11/08 14:46:50 INFO session created token=219dd274-9825-4397-9957-6de5723abb17 name=User_7_58
2025/11/08 14:46:50 INFO session updated token=219dd274-9825-4397-9957-6de5723abb17 tableID=0xc000542900 seatIndex=0xc000544790
2025/11/08 14:46:50 INFO session removed token=219dd274-9825-4397-9957-6de5723abb17
2025/11/08 14:46:50 INFO session created token=27c16640-4ffc-4a3c-9069-8d3f3e8485c4 name=User_7_59
2025/11/08 14:46:50 INFO session updated token=27c16640-4ffc-4a3c-9069-8d3f3e8485c4 tableID=0xc000542950 seatIndex=0xc0005447e0
2025/11/08 14:46:50 INFO session removed token=27c16640-4ffc-4a3c-9069-8d3f3e8485c4
2025/11/08 14:46:50 INFO session created token=9a73e5cf-3a63-4569-a358-f1597f2c5e4f name=User_7_60
2025/11/08 14:46:50 INFO session updated token=9a73e5cf-3a63-4569-a358-f1597f2c5e4f tableID=0xc0005429a0 seatIndex=0xc000544830
2025/11/08 14:46:50 INFO session removed token=9a73e5cf-3a63-4569-a358-f1597f2c5e4f
2025/11/08 14:46:50 INFO session created token=7c05ec86-8d30-41e9-8c81-378f86ae02c6 name=User_7_61
2025/11/08 14:46:50 INFO session updated token=7c05ec86-8d30-41e9-8c81-378f86ae02c6 tableID=0xc0005429f0 seatIndex=0xc000544880
2025/11/08 14:46:50 INFO session removed token=7c05ec86-8d30-41e9-8c81-378f86ae02c6
2025/11/08 14:46:50 INFO session created token=01f1cf2d-abcc-4dbe-bdd5-19932f00ae24 name=User_7_62
2025/11/08 14:46:50 INFO session updated token=01f1cf2d-abcc-4dbe-bdd5-19932f00ae24 tableID=0xc000542a40 seatIndex=0xc0005448d0
2025/11/08 14:46:50 INFO session removed token=01f1cf2d-abcc-4dbe-bdd5-19932f00ae24
2025/11/08 14:46:50 INFO session created token=b8893e53-3ab5-4b31-a1c5-592544579d62 name=User_7_63
2025/11/08 14:46:50 INFO session updated token=b8893e53-3ab5-4b31-a1c5-592544579d62 tableID=0xc000542a90 seatIndex=0xc000544920
2025/11/08 14:46:50 INFO session removed token=b8893e53-3ab5-4b31-a1c5-592544579d62
2025/11/08 14:46:50 INFO session created token=31c247a9-d0a3-4880-ae28-7416f6f47a71 name=User_7_64
2025/11/08 14:46:50 INFO session updated token=31c247a9-d0a3-4880-ae28-7416f6f47a71 tableID=0xc000542ae0 seatIndex=0xc000544970
2025/11/08 14:46:50 INFO session removed token=31c247a9-d0a3-4880-ae28-7416f6f47a71
2025/11/08 14:46:50 INFO session created token=5c263b99-46c3-4769-b10b-5c72790e9047 name=User_98_4
2025/11/08 14:46:50 INFO session created token=92dec263-9f05-4af2-99c8-cf65e4ed899a name=User_7_65
2025/11/08 14:46:50 INFO session created token=2b0c6386-c683-4f71-8ee0-c3bc8d513fdc name=User_37_4
2025/11/08 14:46:50 INFO session updated token=5c263b99-46c3-4769-b10b-5c72790e9047 tableID=0xc0003dcb40 seatIndex=0xc0003d9fe8
2025/11/08 14:46:50 INFO session created token=beb9837b-c045-448d-afaa-f28aecff50f0 name=User_6_5
2025/11/08 14:46:50 INFO session created token=b76e622e-9ff2-40ef-8a18-3f8527c91897 name=User_77_4
2025/11/08 14:46:50 INFO session created token=67644a51-7bbd-471f-a5a9-b1c61c24bd15 name=User_43_4
2025/11/08 14:46:50 INFO session removed token=5c263b99-46c3-4769-b10b-5c72790e9047
2025/11/08 14:46:50 INFO session created token=6c227eaa-f7ca-4e56-ba1f-892c58eeda3e name=User_53_5
2025/11/08 14:46:50 INFO session removed token=c072ac37-c5ac-490d-966d-02038eac61f0
2025/11/08 14:46:50 INFO session updated token=92dec263-9f05-4af2-99c8-cf65e4ed899a tableID=0xc0003dcbc0 seatIndex=0xc0003e0050
2025/11/08 14:46:50 INFO session removed token=92dec263-9f05-4af2-99c8-cf65e4ed899a
2025/11/08 14:46:50 INFO session created token=96207469-bb18-4c8a-9226-c8dfb2c5e444 name=User_7_66
2025/11/08 14:46:50 INFO session updated token=96207469-bb18-4c8a-9226-c8dfb2c5e444 tableID=0xc0003dcc10 seatIndex=0xc0003e00a0
2025/11/08 14:46:50 INFO session removed token=96207469-bb18-4c8a-9226-c8dfb2c5e444
2025/11/08 14:46:50 INFO session created token=c906de8a-2c32-4b8a-9119-6907e60a44ca name=User_7_67
2025/11/08 14:46:50 INFO session updated token=c906de8a-2c32-4b8a-9119-6907e60a44ca tableID=0xc0003dcc60 seatIndex=0xc0003e00f0
2025/11/08 14:46:50 INFO session removed token=c906de8a-2c32-4b8a-9119-6907e60a44ca
2025/11/08 14:46:50 INFO session created token=e91ad834-6c06-4e37-b18d-310f2179b92b name=User_7_68
2025/11/08 14:46:50 INFO session updated token=e91ad834-6c06-4e37-b18d-310f2179b92b tableID=0xc0003dccb0 seatIndex=0xc0003e0140
2025/11/08 14:46:50 INFO session removed token=e91ad834-6c06-4e37-b18d-310f2179b92b
2025/11/08 14:46:50 INFO session created token=87dbd9fc-7142-4e30-aec2-035560b9ab5e name=User_7_69
2025/11/08 14:46:50 INFO session updated token=87dbd9fc-7142-4e30-aec2-035560b9ab5e tableID=0xc0003dcd00 seatIndex=0xc0003e0190
2025/11/08 14:46:50 INFO session removed token=87dbd9fc-7142-4e30-aec2-035560b9ab5e
2025/11/08 14:46:50 INFO session created token=7c4b9182-b3ee-41d4-aee3-49c6d783b77b name=User_7_70
2025/11/08 14:46:50 INFO session updated token=7c4b9182-b3ee-41d4-aee3-49c6d783b77b tableID=0xc0003dcd50 seatIndex=0xc0003e01e0
2025/11/08 14:46:50 INFO session removed token=7c4b9182-b3ee-41d4-aee3-49c6d783b77b
2025/11/08 14:46:50 INFO session created token=37bddf0e-6f32-407e-b328-ed105b7d95b1 name=User_7_71
2025/11/08 14:46:50 INFO session updated token=37bddf0e-6f32-407e-b328-ed105b7d95b1 tableID=0xc0003dcda0 seatIndex=0xc0003e0230
2025/11/08 14:46:50 INFO session removed token=37bddf0e-6f32-407e-b328-ed105b7d95b1
2025/11/08 14:46:50 INFO session created token=d3ce4510-fd8a-4fa7-b507-473418c01108 name=User_7_72
2025/11/08 14:46:50 INFO session updated token=d3ce4510-fd8a-4fa7-b507-473418c01108 tableID=0xc0003dcdf0 seatIndex=0xc0003e0280
2025/11/08 14:46:50 INFO session removed token=d3ce4510-fd8a-4fa7-b507-473418c01108
2025/11/08 14:46:50 INFO session created token=17d1bc7b-6e23-4ae1-9f4b-172179b6d3c0 name=User_7_73
2025/11/08 14:46:50 INFO session updated token=17d1bc7b-6e23-4ae1-9f4b-172179b6d3c0 tableID=0xc0003dce40 seatIndex=0xc0003e02d0
2025/11/08 14:46:50 INFO session removed token=17d1bc7b-6e23-4ae1-9f4b-172179b6d3c0
2025/11/08 14:46:50 INFO session created token=f6205e1b-14f8-4fb0-8132-01f0f6b6463e name=User_7_74
2025/11/08 14:46:50 INFO session updated token=f6205e1b-14f8-4fb0-8132-01f0f6b6463e tableID=0xc0003dce90 seatIndex=0xc0003e0320
2025/11/08 14:46:50 INFO session removed token=f6205e1b-14f8-4fb0-8132-01f0f6b6463e
2025/11/08 14:46:50 INFO session created token=ef28b61e-3a3d-46a6-a87e-52fa7db2ffb8 name=User_7_75
2025/11/08 14:46:50 INFO session updated token=ef28b61e-3a3d-46a6-a87e-52fa7db2ffb8 tableID=0xc0003dcee0 seatIndex=0xc0003e0370
2025/11/08 14:46:50 INFO session removed token=ef28b61e-3a3d-46a6-a87e-52fa7db2ffb8
2025/11/08 14:46:50 INFO session created token=4e340717-81e6-4b26-9358-173f649149a3 name=User_7_76
2025/11/08 14:46:50 INFO session updated token=4e340717-81e6-4b26-9358-173f649149a3 tableID=0xc0003dcf30 seatIndex=0xc0003e03c0
2025/11/08 14:46:50 INFO session removed token=4e340717-81e6-4b26-9358-173f649149a3
2025/11/08 14:46:50 INFO session created token=2d0c7740-3941-414a-88c6-ab9aed6b06f8 name=User_7_77
2025/11/08 14:46:50 INFO session updated token=2d0c7740-3941-414a-88c6-ab9aed6b06f8 tableID=0xc0003dcf80 seatIndex=0xc0003e0410
2025/11/08 14:46:50 INFO session removed token=2d0c7740-3941-414a-88c6-ab9aed6b06f8
2025/11/08 14:46:50 INFO session created token=fea69c1e-7d21-45d2-abbc-0569d42a20d3 name=User_7_78
2025/11/08 14:46:50 INFO session updated token=fea69c1e-7d21-45d2-abbc-0569d42a20d3 tableID=0xc0003dcfd0 seatIndex=0xc0003e0460
2025/11/08 14:46:50 INFO session removed token=fea69c1e-7d21-45d2-abbc-0569d42a20d3
2025/11/08 14:46:50 INFO session created token=055a1e94-46ff-445d-b654-089f2a735998 name=User_7_79
2025/11/08 14:46:50 INFO session updated token=055a1e94-46ff-445d-b654-089f2a735998 tableID=0xc0003dd020 seatIndex=0xc0003e04b0
2025/11/08 14:46:50 INFO session removed token=055a1e94-46ff-445d-b654-089f2a735998
2025/11/08 14:46:50 INFO session created token=0f203ab0-1862-4924-8056-9122828c1d6f name=User_7_80
2025/11/08 14:46:50 INFO session updated token=0f203ab0-1862-4924-8056-9122828c1d6f tableID=0xc0003dd070 seatIndex=0xc0003e0500
2025/11/08 14:46:50 INFO session removed token=0f203ab0-1862-4924-8056-9122828c1d6f
2025/11/08 14:46:50 INFO session created token=9b494d46-6d30-4530-88f8-447dbe21bc6f name=User_7_81
2025/11/08 14:46:50 INFO session updated token=9b494d46-6d30-4530-88f8-447dbe21bc6f tableID=0xc0003dd0c0 seatIndex=0xc0003e0550
2025/11/08 14:46:50 INFO session removed token=9b494d46-6d30-4530-88f8-447dbe21bc6f
2025/11/08 14:46:50 INFO session created token=f877468a-b7d2-47df-9eb2-85dd08530092 name=User_7_82
2025/11/08 14:46:50 INFO session updated token=f877468a-b7d2-47df-9eb2-85dd08530092 tableID=0xc0003dd110 seatIndex=0xc0003e05a0
2025/11/08 14:46:50 INFO session removed token=f877468a-b7d2-47df-9eb2-85dd08530092
2025/11/08 14:46:50 INFO session created token=66e914d5-5795-4a93-b6eb-a678e024dbcd name=User_7_83
2025/11/08 14:46:50 INFO session updated token=66e914d5-5795-4a93-b6eb-a678e024dbcd tableID=0xc0003dd160 seatIndex=0xc0003e05f0
2025/11/08 14:46:50 INFO session removed token=66e914d5-5795-4a93-b6eb-a678e024dbcd
2025/11/08 14:46:50 INFO session created token=ac379b0b-46da-4581-9fd5-64c3549d6cf5 name=User_7_84
2025/11/08 14:46:50 INFO session updated token=ac379b0b-46da-4581-9fd5-64c3549d6cf5 tableID=0xc0003dd1b0 seatIndex=0xc0003e0640
2025/11/08 14:46:50 INFO session removed token=ac379b0b-46da-4581-9fd5-64c3549d6cf5
2025/11/08 14:46:50 INFO session created token=f079eafd-5e22-4209-9137-48d104515fd8 name=User_7_85
2025/11/08 14:46:50 INFO session updated token=f079eafd-5e22-4209-9137-48d104515fd8 tableID=0xc0003dd200 seatIndex=0xc0003e0690
2025/11/08 14:46:50 INFO session removed token=f079eafd-5e22-4209-9137-48d104515fd8
2025/11/08 14:46:50 INFO session created token=b4ee7d5f-9957-4a07-9a38-40bbebf17ebb name=User_7_86
2025/11/08 14:46:50 INFO session updated token=b4ee7d5f-9957-4a07-9a38-40bbebf17ebb tableID=0xc0003dd250 seatIndex=0xc0003e06e0
2025/11/08 14:46:50 INFO session removed token=b4ee7d5f-9957-4a07-9a38-40bbebf17ebb
2025/11/08 14:46:50 INFO session created token=59ca8ac2-4a55-41cd-b64b-aa05decabe90 name=User_7_87
2025/11/08 14:46:50 INFO session updated token=59ca8ac2-4a55-41cd-b64b-aa05decabe90 tableID=0xc0003dd2a0 seatIndex=0xc0003e0730
2025/11/08 14:46:50 INFO session removed token=59ca8ac2-4a55-41cd-b64b-aa05decabe90
2025/11/08 14:46:50 INFO session created token=9ca9b84c-12eb-424e-9e1d-ada7307466db name=User_7_88
2025/11/08 14:46:50 INFO session updated token=9ca9b84c-12eb-424e-9e1d-ada7307466db tableID=0xc0003dd2f0 seatIndex=0xc0003e0780
2025/11/08 14:46:50 INFO session removed token=9ca9b84c-12eb-424e-9e1d-ada7307466db
2025/11/08 14:46:50 INFO session created token=673842a2-5bd2-4e56-b157-210fa1c72009 name=User_7_89
2025/11/08 14:46:50 INFO session updated token=673842a2-5bd2-4e56-b157-210fa1c72009 tableID=0xc0003dd340 seatIndex=0xc0003e07d0
2025/11/08 14:46:50 INFO session removed token=673842a2-5bd2-4e56-b157-210fa1c72009
2025/11/08 14:46:50 INFO session created token=5058ea75-f3d2-44ce-9f9e-a071382fed38 name=User_7_90
2025/11/08 14:46:50 INFO session updated token=5058ea75-f3d2-44ce-9f9e-a071382fed38 tableID=0xc0003dd390 seatIndex=0xc0003e0820
2025/11/08 14:46:50 INFO session removed token=5058ea75-f3d2-44ce-9f9e-a071382fed38
2025/11/08 14:46:50 INFO session created token=e9060fcd-11e6-4928-99ab-faad0f252cfd name=User_7_91
2025/11/08 14:46:50 INFO session updated token=e9060fcd-11e6-4928-99ab-faad0f252cfd tableID=0xc0003dd3e0 seatIndex=0xc0003e0870
2025/11/08 14:46:50 INFO session removed token=e9060fcd-11e6-4928-99ab-faad0f252cfd
2025/11/08 14:46:50 INFO session created token=1ff8869b-aa19-40f7-9726-7a344b185721 name=User_7_92
2025/11/08 14:46:50 INFO session updated token=1ff8869b-aa19-40f7-9726-7a344b185721 tableID=0xc0003dd430 seatIndex=0xc0003e08c0
2025/11/08 14:46:50 INFO session removed token=1ff8869b-aa19-40f7-9726-7a344b185721
2025/11/08 14:46:50 INFO session created token=f17a5ec9-4440-4f92-ba62-bdb7f51da770 name=User_7_93
2025/11/08 14:46:50 INFO session updated token=f17a5ec9-4440-4f92-ba62-bdb7f51da770 tableID=0xc0003dd480 seatIndex=0xc0003e0910
2025/11/08 14:46:50 INFO session removed token=f17a5ec9-4440-4f92-ba62-bdb7f51da770
2025/11/08 14:46:50 INFO session created token=4178afe2-21da-47e2-80a8-3fb1d8e847a9 name=User_7_94
2025/11/08 14:46:50 INFO session updated token=4178afe2-21da-47e2-80a8-3fb1d8e847a9 tableID=0xc0003dd4d0 seatIndex=0xc0003e0960
2025/11/08 14:46:50 INFO session removed token=4178afe2-21da-47e2-80a8-3fb1d8e847a9
2025/11/08 14:46:50 INFO session created token=e97cb4cb-37f0-4b93-8778-3411433d3b98 name=User_7_95
2025/11/08 14:46:50 INFO session updated token=e97cb4cb-37f0-4b93-8778-3411433d3b98 tableID=0xc0003dd520 seatIndex=0xc0003e09b0
2025/11/08 14:46:50 INFO session removed token=e97cb4cb-37f0-4b93-8778-3411433d3b98
2025/11/08 14:46:50 INFO session created token=7ab5048e-581d-4ad9-b215-8e3e67a1a070 name=User_7_96
2025/11/08 14:46:50 INFO session updated token=7ab5048e-581d-4ad9-b215-8e3e67a1a070 tableID=0xc0003dd570 seatIndex=0xc0003e0a00
2025/11/08 14:46:50 INFO session removed token=7ab5048e-581d-4ad9-b215-8e3e67a1a070
2025/11/08 14:46:50 INFO session created token=17e71d13-459b-47a0-b0b4-548d430462b5 name=User_7_97
2025/11/08 14:46:50 INFO session updated token=17e71d13-459b-47a0-b0b4-548d430462b5 tableID=0xc0003dd5c0 seatIndex=0xc0003e0a50
2025/11/08 14:46:50 INFO session removed token=17e71d13-459b-47a0-b0b4-548d430462b5
2025/11/08 14:46:50 INFO session created token=19939e2c-ff6f-406d-bf02-32687b96425b name=User_7_98
2025/11/08 14:46:50 INFO session updated token=19939e2c-ff6f-406d-bf02-32687b96425b tableID=0xc0003dd610 seatIndex=0xc0003e0aa0
2025/11/08 14:46:50 INFO session removed token=19939e2c-ff6f-406d-bf02-32687b96425b
2025/11/08 14:46:50 INFO session created token=bbc535ac-f69f-402c-a200-17bc9c9d4341 name=User_7_99
2025/11/08 14:46:50 INFO session updated token=bbc535ac-f69f-402c-a200-17bc9c9d4341 tableID=0xc0003dd660 seatIndex=0xc0003e0af0
2025/11/08 14:46:50 INFO session removed token=bbc535ac-f69f-402c-a200-17bc9c9d4341
2025/11/08 14:46:50 INFO session created token=e660e6d6-0b79-4c78-a5ab-2b5db70fcf46 name=User_82_5
2025/11/08 14:46:50 INFO session updated token=e660e6d6-0b79-4c78-a5ab-2b5db70fcf46 tableID=0xc0003dd6b0 seatIndex=0xc0003e0b20
2025/11/08 14:46:50 INFO session removed token=e660e6d6-0b79-4c78-a5ab-2b5db70fcf46
2025/11/08 14:46:50 INFO session created token=41944502-d31a-4322-a7d3-646a9ad8bbef name=User_82_6
2025/11/08 14:46:50 INFO session updated token=41944502-d31a-4322-a7d3-646a9ad8bbef tableID=0xc0003dd700 seatIndex=0xc0003e0b70
2025/11/08 14:46:50 INFO session removed token=41944502-d31a-4322-a7d3-646a9ad8bbef
2025/11/08 14:46:50 INFO session created token=937f3d3b-164c-4236-8a1e-88f9a1bca376 name=User_82_7
2025/11/08 14:46:50 INFO session updated token=937f3d3b-164c-4236-8a1e-88f9a1bca376 tableID=0xc0003dd750 seatIndex=0xc0003e0bc0
2025/11/08 14:46:50 INFO session removed token=937f3d3b-164c-4236-8a1e-88f9a1bca376
2025/11/08 14:46:50 INFO session created token=1c15d9cc-59db-4162-89cb-d6936946ad01 name=User_82_8
2025/11/08 14:46:50 INFO session updated token=1c15d9cc-59db-4162-89cb-d6936946ad01 tableID=0xc0003dd7a0 seatIndex=0xc0003e0c10
2025/11/08 14:46:50 INFO session removed token=1c15d9cc-59db-4162-89cb-d6936946ad01
2025/11/08 14:46:50 INFO session created token=e1e314e5-5acb-40d8-86ed-219fb4096fbd name=User_82_9
2025/11/08 14:46:50 INFO session updated token=e1e314e5-5acb-40d8-86ed-219fb4096fbd tableID=0xc0003dd7f0 seatIndex=0xc0003e0c60
2025/11/08 14:46:50 INFO session removed token=e1e314e5-5acb-40d8-86ed-219fb4096fbd
2025/11/08 14:46:50 INFO session created token=98387fd3-c823-40e9-b3a1-77eb7d144154 name=User_82_10
2025/11/08 14:46:50 INFO session updated token=98387fd3-c823-40e9-b3a1-77eb7d144154 tableID=0xc0003dd840 seatIndex=0xc0003e0cb0
2025/11/08 14:46:50 INFO session removed token=98387fd3-c823-40e9-b3a1-77eb7d144154
2025/11/08 14:46:50 INFO session created token=7f3f93d9-0524-448b-b1d7-16700129dc87 name=User_82_11
2025/11/08 14:46:50 INFO session updated token=7f3f93d9-0524-448b-b1d7-16700129dc87 tableID=0xc0003dd890 seatIndex=0xc0003e0d00
2025/11/08 14:46:50 INFO session removed token=7f3f93d9-0524-448b-b1d7-16700129dc87
2025/11/08 14:46:50 INFO session created token=a631ad27-b5d1-400d-a21a-3c5daf86d801 name=User_82_12
2025/11/08 14:46:50 INFO session updated token=a631ad27-b5d1-400d-a21a-3c5daf86d801 tableID=0xc0003dd8e0 seatIndex=0xc0003e0d50
2025/11/08 14:46:50 INFO session removed token=a631ad27-b5d1-400d-a21a-3c5daf86d801
2025/11/08 14:46:50 INFO session created token=fb60fe12-3b57-4d76-9040-ed044833f4e8 name=User_82_13
2025/11/08 14:46:50 INFO session updated token=fb60fe12-3b57-4d76-9040-ed044833f4e8 tableID=0xc0003dd930 seatIndex=0xc0003e0da0
2025/11/08 14:46:50 INFO session removed token=fb60fe12-3b57-4d76-9040-ed044833f4e8
2025/11/08 14:46:50 INFO session created token=3725eab9-8cdd-41e5-bb88-606b6023dbc5 name=User_82_14
2025/11/08 14:46:50 INFO session updated token=3725eab9-8cdd-41e5-bb88-606b6023dbc5 tableID=0xc0003dd980 seatIndex=0xc0003e0df0
2025/11/08 14:46:50 INFO session removed token=3725eab9-8cdd-41e5-bb88-606b6023dbc5
2025/11/08 14:46:50 INFO session created token=ea92a863-0678-4d49-b682-982e93603032 name=User_82_15
2025/11/08 14:46:50 INFO session updated token=ea92a863-0678-4d49-b682-982e93603032 tableID=0xc0003dd9d0 seatIndex=0xc0003e0e40
2025/11/08 14:46:50 INFO session removed token=ea92a863-0678-4d49-b682-982e93603032
2025/11/08 14:46:50 INFO session created token=df483b72-2135-4a84-a702-4cf3e274223a name=User_82_16
2025/11/08 14:46:50 INFO session updated token=df483b72-2135-4a84-a702-4cf3e274223a tableID=0xc0003dda20 seatIndex=0xc0003e0e90
2025/11/08 14:46:50 INFO session removed token=df483b72-2135-4a84-a702-4cf3e274223a
2025/11/08 14:46:50 INFO session created token=39698d9c-74e2-4c2f-ad70-3c357b2e0ec5 name=User_82_17
2025/11/08 14:46:50 INFO session updated token=39698d9c-74e2-4c2f-ad70-3c357b2e0ec5 tableID=0xc0003dda70 seatIndex=0xc0003e0ee0
2025/11/08 14:46:50 INFO session removed token=39698d9c-74e2-4c2f-ad70-3c357b2e0ec5
2025/11/08 14:46:50 INFO session created token=15be7014-63fd-47c3-b860-6ca4adcfa26d name=User_82_18
2025/11/08 14:46:50 INFO session updated token=15be7014-63fd-47c3-b860-6ca4adcfa26d tableID=0xc0003ddac0 seatIndex=0xc0003e0f30
2025/11/08 14:46:50 INFO session removed token=15be7014-63fd-47c3-b860-6ca4adcfa26d
2025/11/08 14:46:50 INFO session created token=67f76b51-2ed3-4e23-b2c1-47bf57203893 name=User_82_19
2025/11/08 14:46:50 INFO session updated token=67f76b51-2ed3-4e23-b2c1-47bf57203893 tableID=0xc0003ddb10 seatIndex=0xc0003e0f80
2025/11/08 14:46:50 INFO session removed token=67f76b51-2ed3-4e23-b2c1-47bf57203893
2025/11/08 14:46:50 INFO session created token=f70657c1-c1a2-4db3-bce4-57d18662dcc6 name=User_82_20
2025/11/08 14:46:50 INFO session created token=9f6f44d3-7fe5-4b62-a4cd-acd720eccef1 name=User_97_5
2025/11/08 14:46:50 INFO session updated token=f70657c1-c1a2-4db3-bce4-57d18662dcc6 tableID=0xc0003ddb60 seatIndex=0xc0003e0fd0
2025/11/08 14:46:50 INFO session removed token=f70657c1-c1a2-4db3-bce4-57d18662dcc6
2025/11/08 14:46:50 INFO session updated token=04541305-d075-40ac-9952-44b5a45a3b53 tableID=0xc00065a400 seatIndex=0xc00065c2b0
2025/11/08 14:46:50 INFO session removed token=fa1eef74-508a-4060-a803-500eae6677ab
2025/11/08 14:46:50 INFO session created token=0cb9c858-8862-4d01-bebf-7b591b1a9cae name=User_80_4
2025/11/08 14:46:50 INFO session removed token=ea3e997b-7c39-4ad4-afb3-c4b17082872f
2025/11/08 14:46:50 INFO session updated token=896c2b5a-af93-4b82-9f86-1131d9c9fee9 tableID=0xc00065a420 seatIndex=0xc00065c2c0
2025/11/08 14:46:50 INFO session updated token=a507dfa7-8251-4c8a-8c04-81f2d7aff3f8 tableID=0xc00065a440 seatIndex=0xc00065c2d0
2025/11/08 14:46:50 INFO session removed token=539c5877-db31-42ef-ab6a-0b2bd6a0b4d9
2025/11/08 14:46:50 INFO session removed token=b42a671c-3ef1-46f5-909c-48c5d595420d
2025/11/08 14:46:50 INFO session removed token=41bff323-92c0-4aeb-b22e-11d061bc84df
2025/11/08 14:46:50 INFO session updated token=a863b235-34b2-4749-9309-76bd1b4bef04 tableID=0xc00065a510 seatIndex=0xc00065c380
2025/11/08 14:46:50 INFO session created token=08ea0874-ec3c-4d0c-99bc-21aef9a3b489 name=User_11_4
2025/11/08 14:46:50 INFO session updated token=c1fb4702-36b2-4be5-a2e7-a42b04be9455 tableID=0xc00065a520 seatIndex=0xc00065c390
2025/11/08 14:46:50 INFO session created token=f5fe66c7-f356-4635-8956-8147a51cb21b name=User_12_4
2025/11/08 14:46:50 INFO session created token=98900cef-f136-4ec6-9b99-be44f7d106c1 name=User_87_4
2025/11/08 14:46:50 INFO session created token=961b1a31-d8a8-4737-a7c2-a689488f1a4a name=User_72_4
2025/11/08 14:46:50 INFO session updated token=4fbe4efe-6e48-49e5-a9c3-d82e2f72c919 tableID=0xc00065a530 seatIndex=0xc00065c3a0
2025/11/08 14:46:50 INFO session created token=be9f9643-bbc0-4bd6-a10e-385ad10fb84d name=User_64_4
2025/11/08 14:46:50 INFO session updated token=858beb56-e0c9-4429-a80a-590171b8f1e5 tableID=0xc00065a550 seatIndex=0xc00065c3b0
2025/11/08 14:46:50 INFO session updated token=c6220b8a-e6ae-4718-9096-c7e2a4e04a47 tableID=0xc0002cca10 seatIndex=0xc0002c8c00
2025/11/08 14:46:50 INFO session removed token=044d390f-4add-4510-a75d-533a10105480
2025/11/08 14:46:50 INFO session removed token=c6220b8a-e6ae-4718-9096-c7e2a4e04a47
2025/11/08 14:46:50 INFO session created token=5219ee5c-a47c-42ee-9028-df313d381e38 name=User_44_4
2025/11/08 14:46:50 INFO session created token=9c7d2e6f-73ba-4ab5-80a8-b1756e675ba0 name=User_60_6
2025/11/08 14:46:50 INFO session updated token=5219ee5c-a47c-42ee-9028-df313d381e38 tableID=0xc0001259b0 seatIndex=0xc000129aa8
2025/11/08 14:46:50 INFO session removed token=5219ee5c-a47c-42ee-9028-df313d381e38
2025/11/08 14:46:50 INFO session removed token=b2b3a85e-b2a1-4c9f-9c5c-9bd1ea65b52f
2025/11/08 14:46:50 INFO session created token=032bc438-72d5-46f9-a5dd-d7f41785998c name=User_23_4
2025/11/08 14:46:50 INFO session created token=a5b6734d-f382-4c91-97b6-8a2f8378cb63 name=User_63_4
2025/11/08 14:46:50 INFO session removed token=e41cba81-f425-414d-b95f-892a587b6aa5
2025/11/08 14:46:50 INFO session created token=cce7cf39-0755-416d-b429-39d2df247fb7 name=User_30_5
2025/11/08 14:46:50 INFO session created token=448f7af8-8180-4e19-8fee-46f414253e7f name=User_19_5
2025/11/08 14:46:50 INFO session created token=07d2fcde-9c4a-464e-bd0e-182e07f6db39 name=User_95_4
2025/11/08 14:46:50 INFO session removed token=bc3e3495-bf5c-4aa0-ba7c-8cd730cce637
2025/11/08 14:46:50 INFO session created token=3b27f5b0-e962-454e-a946-c09357d249a7 name=User_27_4
2025/11/08 14:46:50 INFO session created token=54c1f07f-fde6-4cce-b395-3afaf635a10b name=User_17_4
2025/11/08 14:46:50 INFO session created token=83142fa6-99ca-43b7-b02a-6aacf2d4a38e name=User_13_5
2025/11/08 14:46:50 INFO session updated token=f91c4c1a-cf83-472b-8139-dfa515b08fb7 tableID=0xc00065a5b0 seatIndex=0xc00065c420
2025/11/08 14:46:50 INFO session created token=79d43e2b-2cf3-4b64-8ada-b06a89bba36a name=User_3_5
2025/11/08 14:46:50 INFO session updated token=2b0aa745-6e50-4097-8d84-8a562fe8df0b tableID=0xc00065a5c0 seatIndex=0xc00065c430
2025/11/08 14:46:50 INFO session updated token=c18fb57d-3eee-4856-920b-f11a8e0acd29 tableID=0xc000125940 seatIndex=0xc000129a48
2025/11/08 14:46:50 INFO session removed token=8497d5f5-e003-455c-bb75-9a8638e26208
2025/11/08 14:46:50 INFO session updated token=2e573d6c-41f8-4a03-b504-88d727079c90 tableID=0xc00065a5e0 seatIndex=0xc00065c460
2025/11/08 14:46:50 INFO session updated token=deb90608-3224-4fc2-bebd-7eb50e25d907 tableID=0xc00059b780 seatIndex=0xc0005933a8
2025/11/08 14:46:50 INFO session removed token=6819a411-4842-4cc4-b853-3cb84c10ddca
2025/11/08 14:46:50 INFO session updated token=4d41d300-54a9-4d8f-a6bb-7c1c4a729f3c tableID=0xc00059b7a0 seatIndex=0xc0005933d8
2025/11/08 14:46:50 INFO session updated token=2ea84e37-f8dc-4ef0-9c84-d2caff0c2cbb tableID=0xc00059b7b0 seatIndex=0xc0005933e8
2025/11/08 14:46:50 INFO session updated token=0027ea74-a3ec-4e81-8b11-5b52adb05f92 tableID=0xc00059b7c0 seatIndex=0xc0005933f8
2025/11/08 14:46:50 INFO session removed token=65233cdd-bc81-428b-b5be-c0ae9ec4dea0
2025/11/08 14:46:50 INFO session removed token=0027ea74-a3ec-4e81-8b11-5b52adb05f92
2025/11/08 14:46:50 INFO session created token=02102226-b9d7-466b-bd0d-3bb00ce14ec8 name=User_0_21
2025/11/08 14:46:50 INFO session updated token=02102226-b9d7-466b-bd0d-3bb00ce14ec8 tableID=0xc00065a680 seatIndex=0xc00065c500
2025/11/08 14:46:50 INFO session removed token=02102226-b9d7-466b-bd0d-3bb00ce14ec8
2025/11/08 14:46:50 INFO session created token=44be111b-1147-41e2-98c5-5f9bf79ea2b1 name=User_0_22
2025/11/08 14:46:50 INFO session updated token=44be111b-1147-41e2-98c5-5f9bf79ea2b1 tableID=0xc00065a6d0 seatIndex=0xc00065c550
2025/11/08 14:46:50 INFO session removed token=44be111b-1147-41e2-98c5-5f9bf79ea2b1
2025/11/08 14:46:50 INFO session created token=1e949f28-0aa7-4b90-8a69-b6d8b821621e name=User_0_23
2025/11/08 14:46:50 INFO session updated token=1e949f28-0aa7-4b90-8a69-b6d8b821621e tableID=0xc00065a720 seatIndex=0xc00065c5a0
2025/11/08 14:46:50 INFO session removed token=1e949f28-0aa7-4b90-8a69-b6d8b821621e
2025/11/08 14:46:50 INFO session created token=68d631fe-8c8e-4944-8a14-e942df30d5ee name=User_0_24
2025/11/08 14:46:50 INFO session updated token=68d631fe-8c8e-4944-8a14-e942df30d5ee tableID=0xc00065a770 seatIndex=0xc00065c5f0
2025/11/08 14:46:50 INFO session removed token=68d631fe-8c8e-4944-8a14-e942df30d5ee
2025/11/08 14:46:50 INFO session created token=7a6678f3-748b-4807-8347-19a39cda915d name=User_0_25
2025/11/08 14:46:50 INFO session updated token=7a6678f3-748b-4807-8347-19a39cda915d tableID=0xc00065a7c0 seatIndex=0xc00065c640
2025/11/08 14:46:50 INFO session removed token=7a6678f3-748b-4807-8347-19a39cda915d
2025/11/08 14:46:50 INFO session created token=a309447b-0708-43b3-9200-70edadaea20d name=User_0_26
2025/11/08 14:46:50 INFO session updated token=a309447b-0708-43b3-9200-70edadaea20d tableID=0xc00065a810 seatIndex=0xc00065c690
2025/11/08 14:46:50 INFO session removed token=a309447b-0708-43b3-9200-70edadaea20d
2025/11/08 14:46:50 INFO session created token=6e3af4d2-a37e-4223-b6a0-9539b78cec70 name=User_0_27
2025/11/08 14:46:50 INFO session updated token=6e3af4d2-a37e-4223-b6a0-9539b78cec70 tableID=0xc00065a860 seatIndex=0xc00065c6e0
2025/11/08 14:46:50 INFO session removed token=6e3af4d2-a37e-4223-b6a0-9539b78cec70
2025/11/08 14:46:50 INFO session created token=ade7bebe-5884-40bc-847a-d69c40e80f91 name=User_0_28
2025/11/08 14:46:50 INFO session removed token=8b47e67e-cb41-4f6e-b8f3-ce98f5230bfd
2025/11/08 14:46:50 INFO session created token=c1fd5c0e-f456-4b56-a143-d5faae38fa09 name=User_14_5
2025/11/08 14:46:50 INFO session removed token=e5f3eca7-4eb0-4cb2-bf65-8e4849ee54a7
2025/11/08 14:46:50 INFO session created token=db652c0f-4708-44dc-9c1f-be0d923ea667 name=User_15_5
2025/11/08 14:46:50 INFO session removed token=497a4154-4e50-4e11-a15e-88afed67666a
2025/11/08 14:46:50 INFO session created token=23224142-38ff-4a3a-a2ea-927de5558f00 name=User_55_5
2025/11/08 14:46:50 INFO session created token=66a1b467-c3bf-43f0-a720-03ab205938c2 name=User_25_4
2025/11/08 14:46:50 INFO session updated token=23224142-38ff-4a3a-a2ea-927de5558f00 tableID=0xc000542e60 seatIndex=0xc000544be0
2025/11/08 14:46:50 INFO session removed token=23224142-38ff-4a3a-a2ea-927de5558f00
2025/11/08 14:46:50 INFO session updated token=bd7c91a8-8014-421d-a128-0e78e24b6706 tableID=0xc00059b880 seatIndex=0xc000593488
2025/11/08 14:46:50 INFO session removed token=44afba36-67be-4bf0-9787-3a29124471b8
2025/11/08 14:46:50 INFO session updated token=52ed3e0a-ffc1-4c10-986c-faf2e8e68e3a tableID=0xc00059b8a0 seatIndex=0xc0005934b8
2025/11/08 14:46:50 INFO session updated token=d4da3f47-15f6-423f-b35c-31ee50f636c7 tableID=0xc00059b8b0 seatIndex=0xc0005934c8
2025/11/08 14:46:50 INFO session updated token=e2f1345f-0699-4b04-9695-1b86a53a74bd tableID=0xc00059b8c0 seatIndex=0xc0005934d8
2025/11/08 14:46:50 INFO session removed token=cd060729-eada-487b-8b54-e7c9384abb41
2025/11/08 14:46:50 INFO session removed token=35eecbfb-6996-4ec5-9785-c31b5d4c546c
2025/11/08 14:46:50 INFO session removed token=93203a83-c613-4655-a36e-0e1f40893bd1
2025/11/08 14:46:50 INFO session removed token=698fdfdf-137a-489f-b024-edd560278156
2025/11/08 14:46:50 INFO session updated token=d4a07e8a-5860-4e7e-aabb-b8b540cb5ad0 tableID=0xc00051b5c0 seatIndex=0xc000513520
2025/11/08 14:46:50 INFO session created token=4a91549d-da78-4c59-ba61-efdf300f56b5 name=User_35_6
2025/11/08 14:46:50 INFO session removed token=f87f4328-4d98-4718-ad1e-487ad86494a7
2025/11/08 14:46:50 INFO session created token=7dfc3d59-d5b1-4bd2-8f85-e40d3cd4906a name=User_65_4
2025/11/08 14:46:50 INFO session created token=ddd442dc-fa6a-4b8e-add8-c02e559ccf91 name=User_54_4
2025/11/08 14:46:50 INFO session created token=386cef80-7b04-4231-afdc-0dfc477608c5 name=User_89_8
2025/11/08 14:46:50 INFO session removed token=7b55a1c5-c076-491d-a2a2-e905508fa1d1
2025/11/08 14:46:50 INFO session updated token=ded49cdd-4974-4f36-9736-e5162a4bb642 tableID=0xc00059b970 seatIndex=0xc000593548
2025/11/08 14:46:50 INFO session updated token=8967e588-dbe2-486c-a2ee-ba3aeab59046 tableID=0xc00051b680 seatIndex=0xc0005135f0
2025/11/08 14:46:50 INFO session updated token=f5014203-6cc8-4b01-891e-e24530cf90af tableID=0xc00059b9b0 seatIndex=0xc000593598
2025/11/08 14:46:50 INFO session removed token=97bc4596-2f54-40cf-8698-13b81de6dd05
2025/11/08 14:46:50 INFO session updated token=3e2b3f9b-83b8-4141-84c7-cc9775be4909 tableID=0xc00059b9d0 seatIndex=0xc0005935c8
2025/11/08 14:46:50 INFO session removed token=27d07c81-c9f4-426f-a747-1fce9280f51c
2025/11/08 14:46:50 INFO session updated token=9dceb3e3-e0ca-41d4-9f5b-333cc97bd93a tableID=0xc00051b6d0 seatIndex=0xc000513600
2025/11/08 14:46:50 INFO session removed token=75260de7-6a8f-462f-ba48-0cd8c71727ef
2025/11/08 14:46:50 INFO session updated token=f8b1c150-557b-4a07-b673-08d200e9b5f4 tableID=0xc0002cc940 seatIndex=0xc0002c8b50
2025/11/08 14:46:50 INFO session removed token=8fd7ce47-d46a-4c69-862c-76fd5b630714
2025/11/08 14:46:50 INFO session updated token=82211abc-13c3-4175-82c6-ba3b5e910aa5 tableID=0xc00051b700 seatIndex=0xc000513610
2025/11/08 14:46:50 INFO session updated token=0a0523be-4cd2-401d-baaf-745ce8ada587 tableID=0xc00059ba00 seatIndex=0xc0005935d8
2025/11/08 14:46:50 INFO session removed token=05eb8bbf-d772-49d8-a278-c87af00dd289
2025/11/08 14:46:50 INFO session updated token=1fb7e85f-2b1b-4fbd-b724-4ebcb756065b tableID=0xc00051b710 seatIndex=0xc000513640
2025/11/08 14:46:50 INFO session updated token=5e7b9e5a-9268-4dff-8bb2-acc0f5eaaf0b tableID=0xc00051b720 seatIndex=0xc000513650
2025/11/08 14:46:50 INFO session updated token=e4e2f68d-7a09-4015-a1a6-bac1f6976d59 tableID=0xc00051b730 seatIndex=0xc000513660
2025/11/08 14:46:50 INFO session removed token=c146477d-9a91-4c95-912f-5e1959946ab5
2025/11/08 14:46:50 INFO session removed token=12f230f1-559d-4dac-8e3d-736370afd2f7
2025/11/08 14:46:50 INFO session updated token=beb9837b-c045-448d-afaa-f28aecff50f0 tableID=0xc0003dcb80 seatIndex=0xc0003e0018
2025/11/08 14:46:50 INFO session updated token=b76e622e-9ff2-40ef-8a18-3f8527c91897 tableID=0xc00059ba40 seatIndex=0xc0005935e8
2025/11/08 14:46:50 INFO session removed token=f34a1af8-5e26-4478-9c51-c56d88cc62b9
2025/11/08 14:46:50 INFO session updated token=2b0c6386-c683-4f71-8ee0-c3bc8d513fdc tableID=0xc00059ba60 seatIndex=0xc000593618
2025/11/08 14:46:50 INFO session updated token=6c227eaa-f7ca-4e56-ba1f-892c58eeda3e tableID=0xc0003dcbb0 seatIndex=0xc0003e0040
2025/11/08 14:46:50 INFO session updated token=67644a51-7bbd-471f-a5a9-b1c61c24bd15 tableID=0xc000542b70 seatIndex=0xc0005449e0
2025/11/08 14:46:50 INFO session updated token=9f6f44d3-7fe5-4b62-a4cd-acd720eccef1 tableID=0xc0003ddb80 seatIndex=0xc0003e1000
2025/11/08 14:46:50 INFO session removed token=9f6f44d3-7fe5-4b62-a4cd-acd720eccef1
2025/11/08 14:46:50 INFO session created token=0c7c0334-fe3f-4efc-b39a-68dee2ed7f6f name=User_97_6
2025/11/08 14:46:50 INFO session updated token=0c7c0334-fe3f-4efc-b39a-68dee2ed7f6f tableID=0xc000125c50 seatIndex=0xc000129e08
2025/11/08 14:46:50 INFO session removed token=0c7c0334-fe3f-4efc-b39a-68dee2ed7f6f
2025/11/08 14:46:50 INFO session created token=899d2ac3-46af-41c6-9a98-7ebe5a7bab6d name=User_97_7
2025/11/08 14:46:50 INFO session updated token=899d2ac3-46af-41c6-9a98-7ebe5a7bab6d tableID=0xc000125ca0 seatIndex=0xc000129e58
2025/11/08 14:46:50 INFO session removed token=899d2ac3-46af-41c6-9a98-7ebe5a7bab6d
2025/11/08 14:46:50 INFO session created token=56cfbdb1-f8b5-426a-8aab-6c66e06f571c name=User_97_8
2025/11/08 14:46:50 INFO session updated token=56cfbdb1-f8b5-426a-8aab-6c66e06f571c tableID=0xc000125cf0 seatIndex=0xc000129ea8
2025/11/08 14:46:50 INFO session removed token=56cfbdb1-f8b5-426a-8aab-6c66e06f571c
2025/11/08 14:46:50 INFO session created token=513f108d-f2d5-4baf-a88b-b2743d950c9a name=User_97_9
2025/11/08 14:46:50 INFO session updated token=513f108d-f2d5-4baf-a88b-b2743d950c9a tableID=0xc000125d40 seatIndex=0xc000129ef8
2025/11/08 14:46:50 INFO session removed token=513f108d-f2d5-4baf-a88b-b2743d950c9a
2025/11/08 14:46:50 INFO session created token=4d058611-92b6-49ae-883d-c6c600dd9436 name=User_97_10
2025/11/08 14:46:50 INFO session updated token=4d058611-92b6-49ae-883d-c6c600dd9436 tableID=0xc000125d90 seatIndex=0xc000129f48
2025/11/08 14:46:50 INFO session removed token=4d058611-92b6-49ae-883d-c6c600dd9436
2025/11/08 14:46:50 INFO session created token=b888838c-4f21-4b6c-95ff-d6097d789160 name=User_97_11
2025/11/08 14:46:50 INFO session updated token=b888838c-4f21-4b6c-95ff-d6097d789160 tableID=0xc000125de0 seatIndex=0xc000129f98
2025/11/08 14:46:50 INFO session removed token=b888838c-4f21-4b6c-95ff-d6097d789160
2025/11/08 14:46:50 INFO session created token=28362ed8-4ff2-4048-8ae2-c72f5241e651 name=User_97_12
2025/11/08 14:46:50 INFO session updated token=28362ed8-4ff2-4048-8ae2-c72f5241e651 tableID=0xc000125e30 seatIndex=0xc000129fe8
2025/11/08 14:46:50 INFO session removed token=28362ed8-4ff2-4048-8ae2-c72f5241e651
2025/11/08 14:46:50 INFO session created token=11f77068-99aa-48bc-ba15-e325d7c05b8b name=User_97_13
2025/11/08 14:46:50 INFO session updated token=11f77068-99aa-48bc-ba15-e325d7c05b8b tableID=0xc000125e80 seatIndex=0xc000152038
2025/11/08 14:46:50 INFO session removed token=11f77068-99aa-48bc-ba15-e325d7c05b8b
2025/11/08 14:46:50 INFO session created token=169a9631-cf02-4fda-89de-c207bc4b4f7e name=User_97_14
2025/11/08 14:46:50 INFO session updated token=169a9631-cf02-4fda-89de-c207bc4b4f7e tableID=0xc000125ed0 seatIndex=0xc000152088
2025/11/08 14:46:50 INFO session removed token=169a9631-cf02-4fda-89de-c207bc4b4f7e
2025/11/08 14:46:50 INFO session created token=940bff2f-4ede-4381-ad74-7af957d964c7 name=User_97_15
2025/11/08 14:46:50 INFO session updated token=940bff2f-4ede-4381-ad74-7af957d964c7 tableID=0xc000125f20 seatIndex=0xc0001520d8
2025/11/08 14:46:50 INFO session removed token=940bff2f-4ede-4381-ad74-7af957d964c7
2025/11/08 14:46:50 INFO session created token=53243f6f-2983-41a9-a618-6499e7098869 name=User_97_16
2025/11/08 14:46:50 INFO session updated token=53243f6f-2983-41a9-a618-6499e7098869 tableID=0xc000125f70 seatIndex=0xc000152128
2025/11/08 14:46:50 INFO session removed token=53243f6f-2983-41a9-a618-6499e7098869
2025/11/08 14:46:50 INFO session created token=c4a41451-ec35-4405-83ca-b642e2b521da name=User_97_17
2025/11/08 14:46:50 INFO session updated token=c4a41451-ec35-4405-83ca-b642e2b521da tableID=0xc000156040 seatIndex=0xc000152178
2025/11/08 14:46:50 INFO session removed token=c4a41451-ec35-4405-83ca-b642e2b521da
2025/11/08 14:46:50 INFO session created token=fe6e215e-d039-49c6-96d0-eaa5e042f59c name=User_97_18
2025/11/08 14:46:50 INFO session updated token=fe6e215e-d039-49c6-96d0-eaa5e042f59c tableID=0xc000156090 seatIndex=0xc0001521c8
2025/11/08 14:46:50 INFO session removed token=fe6e215e-d039-49c6-96d0-eaa5e042f59c
2025/11/08 14:46:50 INFO session created token=85b18308-1e93-42f8-b30c-9776df4e8ac9 name=User_97_19
2025/11/08 14:46:50 INFO session updated token=85b18308-1e93-42f8-b30c-9776df4e8ac9 tableID=0xc0001560e0 seatIndex=0xc000152218
2025/11/08 14:46:50 INFO session removed token=85b18308-1e93-42f8-b30c-9776df4e8ac9
2025/11/08 14:46:50 INFO session created token=a9a08e71-48f9-41e4-916f-aa7b9b10f8a1 name=User_97_20
2025/11/08 14:46:50 INFO session updated token=a9a08e71-48f9-41e4-916f-aa7b9b10f8a1 tableID=0xc000156130 seatIndex=0xc000152268
2025/11/08 14:46:50 INFO session removed token=a9a08e71-48f9-41e4-916f-aa7b9b10f8a1
2025/11/08 14:46:50 INFO session created token=c8d228ab-6813-44b3-9568-64badccb38be name=User_97_21
2025/11/08 14:46:50 INFO session updated token=c8d228ab-6813-44b3-9568-64badccb38be tableID=0xc000156180 seatIndex=0xc0001522b8
2025/11/08 14:46:50 INFO session removed token=8967e588-dbe2-486c-a2ee-ba3aeab59046
2025/11/08 14:46:50 INFO session created token=05920b38-f25d-41ee-ac7f-0e53e8ac75be name=User_83_5
2025/11/08 14:46:50 INFO session created token=08c4eb13-7217-40a3-875c-099b4140cc10 name=User_76_4
2025/11/08 14:46:50 INFO session removed token=f5014203-6cc8-4b01-891e-e24530cf90af
2025/11/08 14:46:50 INFO session created token=da1c97cf-42af-4b63-9189-e61f8a6c0c39 name=User_2_67
2025/11/08 14:46:50 INFO session created token=52f5c673-a378-4ff2-8d40-f0efb352c8ac name=User_98_5
2025/11/08 14:46:50 INFO session created token=2cab42e3-20df-4f8e-a544-15eb32649309 name=User_8_5
2025/11/08 14:46:50 INFO session created token=468b8ea4-ae31-4b98-ae5e-741179af50f1 name=User_5_6
2025/11/08 14:46:50 INFO session created token=3d656672-62fe-45fe-8de8-49bd87419b44 name=User_56_5
2025/11/08 14:46:50 INFO session created token=0ac85fdb-3fa5-482a-8f3a-5674c57f0115 name=User_88_9
2025/11/08 14:46:50 INFO session removed token=2b0c6386-c683-4f71-8ee0-c3bc8d513fdc
2025/11/08 14:46:50 INFO session created token=2021b430-b101-4764-8413-a3688d41136c name=User_37_5
2025/11/08 14:46:50 INFO session updated token=2021b430-b101-4764-8413-a3688d41136c tableID=0xc00059bb60 seatIndex=0xc000593760
2025/11/08 14:46:50 INFO session removed token=2021b430-b101-4764-8413-a3688d41136c
2025/11/08 14:46:50 INFO session created token=f842939a-0c49-4798-b9c6-92d651356f2f name=User_37_6
2025/11/08 14:46:50 INFO session updated token=f842939a-0c49-4798-b9c6-92d651356f2f tableID=0xc00059bbb0 seatIndex=0xc0005937b0
2025/11/08 14:46:50 INFO session removed token=f842939a-0c49-4798-b9c6-92d651356f2f
2025/11/08 14:46:50 INFO session created token=70845639-d83c-41ce-b40d-6c93da3b3fe5 name=User_37_7
2025/11/08 14:46:50 INFO session updated token=70845639-d83c-41ce-b40d-6c93da3b3fe5 tableID=0xc00059bc00 seatIndex=0xc000593800
2025/11/08 14:46:50 INFO session removed token=70845639-d83c-41ce-b40d-6c93da3b3fe5
2025/11/08 14:46:50 INFO session created token=069cd89f-210d-41e9-9796-2bdd232bfe4b name=User_37_8
2025/11/08 14:46:50 INFO session updated token=069cd89f-210d-41e9-9796-2bdd232bfe4b tableID=0xc00059bc50 seatIndex=0xc000593850
2025/11/08 14:46:50 INFO session removed token=069cd89f-210d-41e9-9796-2bdd232bfe4b
2025/11/08 14:46:50 INFO session created token=cb26b276-0f77-40c2-840a-c736ee222648 name=User_37_9
2025/11/08 14:46:50 INFO session updated token=cb26b276-0f77-40c2-840a-c736ee222648 tableID=0xc00059bca0 seatIndex=0xc0005938a0
2025/11/08 14:46:50 INFO session removed token=cb26b276-0f77-40c2-840a-c736ee222648
2025/11/08 14:46:50 INFO session created token=d6150bb9-c4af-46d1-a63e-efea3fedd341 name=User_37_10
2025/11/08 14:46:50 INFO session updated token=d6150bb9-c4af-46d1-a63e-efea3fedd341 tableID=0xc00059bcf0 seatIndex=0xc0005938f0
2025/11/08 14:46:50 INFO session removed token=d6150bb9-c4af-46d1-a63e-efea3fedd341
2025/11/08 14:46:50 INFO session created token=cb07ddb7-1a00-4590-9eb6-635fe7b39ae4 name=User_37_11
2025/11/08 14:46:50 INFO session updated token=cb07ddb7-1a00-4590-9eb6-635fe7b39ae4 tableID=0xc00059bd40 seatIndex=0xc000593940
2025/11/08 14:46:50 INFO session removed token=cb07ddb7-1a00-4590-9eb6-635fe7b39ae4
2025/11/08 14:46:50 INFO session created token=d49a8f03-66b6-452f-97b4-d5d10a762242 name=User_37_12
2025/11/08 14:46:50 INFO session updated token=d49a8f03-66b6-452f-97b4-d5d10a762242 tableID=0xc00059bd90 seatIndex=0xc000593990
2025/11/08 14:46:50 INFO session removed token=d49a8f03-66b6-452f-97b4-d5d10a762242
2025/11/08 14:46:50 INFO session created token=f5e0808d-3350-46cc-a1b2-dd024890d879 name=User_37_13
2025/11/08 14:46:50 INFO session updated token=f5e0808d-3350-46cc-a1b2-dd024890d879 tableID=0xc00059bde0 seatIndex=0xc0005939e0
2025/11/08 14:46:50 INFO session removed token=f5e0808d-3350-46cc-a1b2-dd024890d879
2025/11/08 14:46:50 INFO session created token=8c3f0672-5a2f-4dfb-a939-f7026bbca38d name=User_37_14
2025/11/08 14:46:50 INFO session updated token=8c3f0672-5a2f-4dfb-a939-f7026bbca38d tableID=0xc00059be30 seatIndex=0xc000593a30
2025/11/08 14:46:50 INFO session removed token=8c3f0672-5a2f-4dfb-a939-f7026bbca38d
2025/11/08 14:46:50 INFO session created token=fb3cf356-5eb0-448c-8e17-8b12378aa53d name=User_37_15
2025/11/08 14:46:50 INFO session updated token=fb3cf356-5eb0-448c-8e17-8b12378aa53d tableID=0xc00059be80 seatIndex=0xc000593a80
2025/11/08 14:46:50 INFO session removed token=fb3cf356-5eb0-448c-8e17-8b12378aa53d
2025/11/08 14:46:50 INFO session created token=b40ad17b-d417-4449-a199-29e0fba6a42a name=User_37_16
2025/11/08 14:46:50 INFO session updated token=b40ad17b-d417-4449-a199-29e0fba6a42a tableID=0xc00059bed0 seatIndex=0xc000593ad0
2025/11/08 14:46:50 INFO session removed token=b40ad17b-d417-4449-a199-29e0fba6a42a
2025/11/08 14:46:50 INFO session created token=700910b7-0bb3-4f51-bf79-5ee1ba332c2a name=User_37_17
2025/11/08 14:46:50 INFO session updated token=700910b7-0bb3-4f51-bf79-5ee1ba332c2a tableID=0xc00059bf20 seatIndex=0xc000593b20
2025/11/08 14:46:50 INFO session removed token=700910b7-0bb3-4f51-bf79-5ee1ba332c2a
2025/11/08 14:46:50 INFO session created token=77cd04a4-e725-46e3-8f26-c1bed5e00c5e name=User_37_18
2025/11/08 14:46:50 INFO session updated token=77cd04a4-e725-46e3-8f26-c1bed5e00c5e tableID=0xc00059bf70 seatIndex=0xc000593b70
2025/11/08 14:46:50 INFO session removed token=77cd04a4-e725-46e3-8f26-c1bed5e00c5e
2025/11/08 14:46:50 INFO session created token=39af2b3d-4038-496f-becc-98b64fe495e6 name=User_37_19
2025/11/08 14:46:50 INFO session updated token=39af2b3d-4038-496f-becc-98b64fe495e6 tableID=0xc0005c2040 seatIndex=0xc000593bc0
2025/11/08 14:46:50 INFO session removed token=39af2b3d-4038-496f-becc-98b64fe495e6
2025/11/08 14:46:50 INFO session created token=73ed0c45-defb-4427-b3cb-38bc820f282a name=User_37_20
2025/11/08 14:46:50 INFO session updated token=73ed0c45-defb-4427-b3cb-38bc820f282a tableID=0xc0005c2090 seatIndex=0xc000593c10
2025/11/08 14:46:50 INFO session removed token=73ed0c45-defb-4427-b3cb-38bc820f282a
2025/11/08 14:46:50 INFO session created token=093ca5cb-89f8-46c2-a74e-9dbc394e43a5 name=User_37_21
2025/11/08 14:46:50 INFO session updated token=093ca5cb-89f8-46c2-a74e-9dbc394e43a5 tableID=0xc0005c20e0 seatIndex=0xc000593c60
2025/11/08 14:46:50 INFO session removed token=093ca5cb-89f8-46c2-a74e-9dbc394e43a5
2025/11/08 14:46:50 INFO session created token=76b4e0b0-c4f1-4aa1-968d-195315b6b17c name=User_37_22
2025/11/08 14:46:50 INFO session removed token=1fb7e85f-2b1b-4fbd-b724-4ebcb756065b
2025/11/08 14:46:50 INFO session created token=07c87e67-3ede-4983-9cc0-f159b8d6f95e name=User_81_15
2025/11/08 14:46:50 INFO session updated token=07c87e67-3ede-4983-9cc0-f159b8d6f95e tableID=0xc000542fc0 seatIndex=0xc000544d20
2025/11/08 14:46:50 INFO session removed token=07c87e67-3ede-4983-9cc0-f159b8d6f95e
2025/11/08 14:46:50 INFO session created token=d2b1a157-07eb-4ec4-a0c6-b2f19d13324c name=User_81_16
2025/11/08 14:46:50 INFO session updated token=d2b1a157-07eb-4ec4-a0c6-b2f19d13324c tableID=0xc000543010 seatIndex=0xc000544d70
2025/11/08 14:46:50 INFO session removed token=d2b1a157-07eb-4ec4-a0c6-b2f19d13324c
2025/11/08 14:46:50 INFO session created token=aa9bb396-f96a-4e2b-b4b5-8c36c25eb77e name=User_81_17
2025/11/08 14:46:50 INFO session updated token=aa9bb396-f96a-4e2b-b4b5-8c36c25eb77e tableID=0xc000543060 seatIndex=0xc000544dc0
2025/11/08 14:46:50 INFO session removed token=aa9bb396-f96a-4e2b-b4b5-8c36c25eb77e
2025/11/08 14:46:50 INFO session created token=22891ced-166c-4b2a-95cc-2bda318067d9 name=User_81_18
2025/11/08 14:46:50 INFO session updated token=22891ced-166c-4b2a-95cc-2bda318067d9 tableID=0xc0005430b0 seatIndex=0xc000544e10
2025/11/08 14:46:50 INFO session removed token=22891ced-166c-4b2a-95cc-2bda318067d9
2025/11/08 14:46:50 INFO session created token=eb60bcbd-f7f8-4223-8c7b-7f4bd4edb803 name=User_81_19
2025/11/08 14:46:50 INFO session updated token=eb60bcbd-f7f8-4223-8c7b-7f4bd4edb803 tableID=0xc000543100 seatIndex=0xc000544e60
2025/11/08 14:46:50 INFO session removed token=eb60bcbd-f7f8-4223-8c7b-7f4bd4edb803
2025/11/08 14:46:50 INFO session created token=0bbca351-8b60-4505-8146-e678eab3122e name=User_81_20
2025/11/08 14:46:50 INFO session updated token=0bbca351-8b60-4505-8146-e678eab3122e tableID=0xc000543150 seatIndex=0xc000544eb0
2025/11/08 14:46:50 INFO session removed token=0bbca351-8b60-4505-8146-e678eab3122e
2025/11/08 14:46:50 INFO session created token=449dd3a8-8f53-4d56-9add-333630ba2ed8 name=User_81_21
2025/11/08 14:46:50 INFO session updated token=449dd3a8-8f53-4d56-9add-333630ba2ed8 tableID=0xc0005431a0 seatIndex=0xc000544f00
2025/11/08 14:46:50 INFO session removed token=449dd3a8-8f53-4d56-9add-333630ba2ed8
2025/11/08 14:46:50 INFO session created token=4b36cf45-9c83-40a1-884c-8ba0d8719d39 name=User_81_22
2025/11/08 14:46:50 INFO session updated token=4b36cf45-9c83-40a1-884c-8ba0d8719d39 tableID=0xc0005431f0 seatIndex=0xc000544f50
2025/11/08 14:46:50 INFO session removed token=4b36cf45-9c83-40a1-884c-8ba0d8719d39
2025/11/08 14:46:50 INFO session created token=4f077e7b-780b-4ce3-8ac4-2df239dc5eaa name=User_81_23
2025/11/08 14:46:50 INFO session updated token=4f077e7b-780b-4ce3-8ac4-2df239dc5eaa tableID=0xc000543240 seatIndex=0xc000544fa0
2025/11/08 14:46:50 INFO session removed token=4f077e7b-780b-4ce3-8ac4-2df239dc5eaa
2025/11/08 14:46:50 INFO session created token=b3c1de84-5026-43c5-9246-1d9cbe1a3542 name=User_81_24
2025/11/08 14:46:50 INFO session updated token=b3c1de84-5026-43c5-9246-1d9cbe1a3542 tableID=0xc000543290 seatIndex=0xc000544ff0
2025/11/08 14:46:50 INFO session removed token=b3c1de84-5026-43c5-9246-1d9cbe1a3542
2025/11/08 14:46:50 INFO session created token=dd4161f7-ae79-4ca5-82a0-3dcb7026c314 name=User_81_25
2025/11/08 14:46:50 INFO session updated token=dd4161f7-ae79-4ca5-82a0-3dcb7026c314 tableID=0xc0005432e0 seatIndex=0xc000545040
2025/11/08 14:46:50 INFO session removed token=dd4161f7-ae79-4ca5-82a0-3dcb7026c314
2025/11/08 14:46:50 INFO session created token=15219a2e-cda7-4ca5-b102-fb120bae8339 name=User_81_26
2025/11/08 14:46:50 INFO session updated token=15219a2e-cda7-4ca5-b102-fb120bae8339 tableID=0xc000543330 seatIndex=0xc000545090
2025/11/08 14:46:50 INFO session removed token=15219a2e-cda7-4ca5-b102-fb120bae8339
2025/11/08 14:46:50 INFO session created token=33569eda-72a0-4b73-af45-01bfeffe80b7 name=User_81_27
2025/11/08 14:46:50 INFO session updated token=33569eda-72a0-4b73-af45-01bfeffe80b7 tableID=0xc000543380 seatIndex=0xc0005450e0
2025/11/08 14:46:50 INFO session removed token=33569eda-72a0-4b73-af45-01bfeffe80b7
2025/11/08 14:46:50 INFO session created token=36403c50-eaee-46e1-8931-34eac1d87543 name=User_81_28
2025/11/08 14:46:50 INFO session updated token=36403c50-eaee-46e1-8931-34eac1d87543 tableID=0xc0005433d0 seatIndex=0xc000545130
2025/11/08 14:46:50 INFO session removed token=36403c50-eaee-46e1-8931-34eac1d87543
2025/11/08 14:46:50 INFO session created token=69d43598-8312-4fe8-a9c7-22dd6880bec7 name=User_81_29
2025/11/08 14:46:50 INFO session updated token=69d43598-8312-4fe8-a9c7-22dd6880bec7 tableID=0xc000543420 seatIndex=0xc000545180
2025/11/08 14:46:50 INFO session removed token=69d43598-8312-4fe8-a9c7-22dd6880bec7
2025/11/08 14:46:50 INFO session created token=6dba45c0-22c6-4a9f-9892-48442102c825 name=User_81_30
2025/11/08 14:46:50 INFO session updated token=6dba45c0-22c6-4a9f-9892-48442102c825 tableID=0xc000543470 seatIndex=0xc0005451d0
2025/11/08 14:46:50 INFO session removed token=6dba45c0-22c6-4a9f-9892-48442102c825
2025/11/08 14:46:50 INFO session created token=89877641-332f-493d-9463-cfdd41f519f2 name=User_81_31
2025/11/08 14:46:50 INFO session updated token=89877641-332f-493d-9463-cfdd41f519f2 tableID=0xc0005434c0 seatIndex=0xc000545220
2025/11/08 14:46:50 INFO session removed token=89877641-332f-493d-9463-cfdd41f519f2
2025/11/08 14:46:50 INFO session created token=5624a658-dfc5-4215-9f45-91be8ae8a065 name=User_81_32
2025/11/08 14:46:50 INFO session updated token=5624a658-dfc5-4215-9f45-91be8ae8a065 tableID=0xc000543510 seatIndex=0xc000545270
2025/11/08 14:46:50 INFO session removed token=5624a658-dfc5-4215-9f45-91be8ae8a065
2025/11/08 14:46:50 INFO session created token=364511be-775a-41ed-a905-e6bff4424c5b name=User_81_33
2025/11/08 14:46:50 INFO session updated token=364511be-775a-41ed-a905-e6bff4424c5b tableID=0xc000543560 seatIndex=0xc0005452c0
2025/11/08 14:46:50 INFO session removed token=364511be-775a-41ed-a905-e6bff4424c5b
2025/11/08 14:46:50 INFO session created token=2f1251a2-26eb-41ca-a2c2-2b29864e448d name=User_81_34
2025/11/08 14:46:50 INFO session updated token=2f1251a2-26eb-41ca-a2c2-2b29864e448d tableID=0xc0005435b0 seatIndex=0xc000545310
2025/11/08 14:46:50 INFO session removed token=2f1251a2-26eb-41ca-a2c2-2b29864e448d
2025/11/08 14:46:50 INFO session created token=7b8f30ad-5f28-4bb8-8724-9667dab32c99 name=User_81_35
2025/11/08 14:46:50 INFO session updated token=7b8f30ad-5f28-4bb8-8724-9667dab32c99 tableID=0xc000543600 seatIndex=0xc000545360
2025/11/08 14:46:50 INFO session removed token=7b8f30ad-5f28-4bb8-8724-9667dab32c99
2025/11/08 14:46:50 INFO session created token=06146414-e502-4f0f-9311-d54d1d86996d name=User_81_36
2025/11/08 14:46:50 INFO session updated token=06146414-e502-4f0f-9311-d54d1d86996d tableID=0xc000543650 seatIndex=0xc0005453b0
2025/11/08 14:46:50 INFO session removed token=06146414-e502-4f0f-9311-d54d1d86996d
2025/11/08 14:46:50 INFO session created token=f7f46246-17d2-4c89-a877-1060a9a73bcf name=User_81_37
2025/11/08 14:46:50 INFO session updated token=f7f46246-17d2-4c89-a877-1060a9a73bcf tableID=0xc0005436a0 seatIndex=0xc000545400
2025/11/08 14:46:50 INFO session removed token=f7f46246-17d2-4c89-a877-1060a9a73bcf
2025/11/08 14:46:50 INFO session created token=5b2c1541-695a-4bc6-bf57-effac6a3551d name=User_81_38
2025/11/08 14:46:50 INFO session updated token=5b2c1541-695a-4bc6-bf57-effac6a3551d tableID=0xc0005436f0 seatIndex=0xc000545450
2025/11/08 14:46:50 INFO session removed token=5b2c1541-695a-4bc6-bf57-effac6a3551d
2025/11/08 14:46:50 INFO session created token=1e78f799-b118-44b9-b3ec-2f0717d95531 name=User_81_39
2025/11/08 14:46:50 INFO session updated token=1e78f799-b118-44b9-b3ec-2f0717d95531 tableID=0xc000543740 seatIndex=0xc0005454a0
2025/11/08 14:46:50 INFO session removed token=1e78f799-b118-44b9-b3ec-2f0717d95531
2025/11/08 14:46:50 INFO session created token=d2b8f68f-cc72-4542-b069-64ecf1db9383 name=User_81_40
2025/11/08 14:46:50 INFO session updated token=d2b8f68f-cc72-4542-b069-64ecf1db9383 tableID=0xc000543790 seatIndex=0xc0005454f0
2025/11/08 14:46:50 INFO session removed token=d2b8f68f-cc72-4542-b069-64ecf1db9383
2025/11/08 14:46:50 INFO session created token=1b01cfe1-d051-405b-989f-103f489c287c name=User_81_41
2025/11/08 14:46:50 INFO session updated token=1b01cfe1-d051-405b-989f-103f489c287c tableID=0xc0005437e0 seatIndex=0xc000545540
2025/11/08 14:46:50 INFO session removed token=1b01cfe1-d051-405b-989f-103f489c287c
2025/11/08 14:46:50 INFO session created token=d159357f-900e-4bbb-9d90-d689984fae89 name=User_81_42
2025/11/08 14:46:50 INFO session updated token=d159357f-900e-4bbb-9d90-d689984fae89 tableID=0xc000543830 seatIndex=0xc000545590
2025/11/08 14:46:50 INFO session removed token=d159357f-900e-4bbb-9d90-d689984fae89
2025/11/08 14:46:50 INFO session created token=65fab819-b514-4ef3-95d6-224ed49fc601 name=User_81_43
2025/11/08 14:46:50 INFO session updated token=65fab819-b514-4ef3-95d6-224ed49fc601 tableID=0xc000543880 seatIndex=0xc0005455e0
2025/11/08 14:46:50 INFO session removed token=65fab819-b514-4ef3-95d6-224ed49fc601
2025/11/08 14:46:50 INFO session created token=5115861a-6ed7-4d5c-960c-29b8dcf61729 name=User_81_44
2025/11/08 14:46:50 INFO session updated token=5115861a-6ed7-4d5c-960c-29b8dcf61729 tableID=0xc0005438d0 seatIndex=0xc000545630
2025/11/08 14:46:50 INFO session removed token=5115861a-6ed7-4d5c-960c-29b8dcf61729
2025/11/08 14:46:50 INFO session created token=38efc8fe-801a-4caa-ba65-d827bca8eb0d name=User_81_45
2025/11/08 14:46:50 INFO session updated token=38efc8fe-801a-4caa-ba65-d827bca8eb0d tableID=0xc000543920 seatIndex=0xc000545680
2025/11/08 14:46:50 INFO session removed token=38efc8fe-801a-4caa-ba65-d827bca8eb0d
2025/11/08 14:46:50 INFO session created token=c73930a8-61f8-4566-a554-2f209d61e96d name=User_81_46
2025/11/08 14:46:50 INFO session updated token=c73930a8-61f8-4566-a554-2f209d61e96d tableID=0xc000543970 seatIndex=0xc0005456d0
2025/11/08 14:46:50 INFO session removed token=c73930a8-61f8-4566-a554-2f209d61e96d
2025/11/08 14:46:50 INFO session created token=9e8b6dd6-481f-4216-8106-3eb235e1391a name=User_81_47
2025/11/08 14:46:50 INFO session updated token=9e8b6dd6-481f-4216-8106-3eb235e1391a tableID=0xc0005439c0 seatIndex=0xc000545720
2025/11/08 14:46:50 INFO session removed token=9e8b6dd6-481f-4216-8106-3eb235e1391a
2025/11/08 14:46:50 INFO session created token=ddeacdfe-ba13-482b-888e-abc9cd4bde75 name=User_81_48
2025/11/08 14:46:50 INFO session updated token=ddeacdfe-ba13-482b-888e-abc9cd4bde75 tableID=0xc000543a10 seatIndex=0xc000545770
2025/11/08 14:46:50 INFO session removed token=ddeacdfe-ba13-482b-888e-abc9cd4bde75
2025/11/08 14:46:50 INFO session created token=3112a072-a277-41e8-b828-708ef139d9f2 name=User_81_49
2025/11/08 14:46:50 INFO session updated token=3112a072-a277-41e8-b828-708ef139d9f2 tableID=0xc000543a60 seatIndex=0xc0005457c0
2025/11/08 14:46:50 INFO session removed token=3112a072-a277-41e8-b828-708ef139d9f2
2025/11/08 14:46:50 INFO session created token=cd95c1de-4968-4346-a2ea-36b4f770119d name=User_81_50
2025/11/08 14:46:50 INFO session updated token=cd95c1de-4968-4346-a2ea-36b4f770119d tableID=0xc000543ab0 seatIndex=0xc000545810
2025/11/08 14:46:50 INFO session removed token=cd95c1de-4968-4346-a2ea-36b4f770119d
2025/11/08 14:46:50 INFO session created token=1e8b5a42-444c-4b81-aaeb-3845104d6397 name=User_81_51
2025/11/08 14:46:50 INFO session updated token=1e8b5a42-444c-4b81-aaeb-3845104d6397 tableID=0xc000543b00 seatIndex=0xc000545860
2025/11/08 14:46:50 INFO session removed token=1e8b5a42-444c-4b81-aaeb-3845104d6397
2025/11/08 14:46:50 INFO session created token=e4387c5c-0a48-42f6-90d3-715bdad1ad7b name=User_81_52
2025/11/08 14:46:50 INFO session updated token=e4387c5c-0a48-42f6-90d3-715bdad1ad7b tableID=0xc000543b50 seatIndex=0xc0005458b0
2025/11/08 14:46:50 INFO session removed token=e4387c5c-0a48-42f6-90d3-715bdad1ad7b
2025/11/08 14:46:50 INFO session created token=ff021624-66af-49c2-b18d-33630b9380d4 name=User_81_53
2025/11/08 14:46:50 INFO session updated token=ff021624-66af-49c2-b18d-33630b9380d4 tableID=0xc000543ba0 seatIndex=0xc000545900
2025/11/08 14:46:50 INFO session removed token=ff021624-66af-49c2-b18d-33630b9380d4
2025/11/08 14:46:50 INFO session created token=cb9b59f3-bb13-4b81-867a-9891c6eafdda name=User_81_54
2025/11/08 14:46:50 INFO session updated token=cb9b59f3-bb13-4b81-867a-9891c6eafdda tableID=0xc000543bf0 seatIndex=0xc000545950
2025/11/08 14:46:50 INFO session removed token=cb9b59f3-bb13-4b81-867a-9891c6eafdda
2025/11/08 14:46:50 INFO session created token=c5adca1a-abed-44d3-8aa3-a5d6887d2bad name=User_81_55
2025/11/08 14:46:50 INFO session updated token=c5adca1a-abed-44d3-8aa3-a5d6887d2bad tableID=0xc000543c40 seatIndex=0xc0005459a0
2025/11/08 14:46:50 INFO session removed token=c5adca1a-abed-44d3-8aa3-a5d6887d2bad
2025/11/08 14:46:50 INFO session created token=969d6454-2c47-45c3-a6f8-c64d7dd547fc name=User_81_56
2025/11/08 14:46:50 INFO session updated token=969d6454-2c47-45c3-a6f8-c64d7dd547fc tableID=0xc000543c90 seatIndex=0xc0005459f0
2025/11/08 14:46:50 INFO session removed token=969d6454-2c47-45c3-a6f8-c64d7dd547fc
2025/11/08 14:46:50 INFO session created token=9e2760c8-5809-4fc0-9e6c-8b3856fc9fa9 name=User_81_57
2025/11/08 14:46:50 INFO session updated token=9e2760c8-5809-4fc0-9e6c-8b3856fc9fa9 tableID=0xc000543ce0 seatIndex=0xc000545a40
2025/11/08 14:46:50 INFO session removed token=9e2760c8-5809-4fc0-9e6c-8b3856fc9fa9
2025/11/08 14:46:50 INFO session created token=e9aa847a-48f0-4c6e-89c2-28e822f84704 name=User_81_58
2025/11/08 14:46:50 INFO session updated token=e9aa847a-48f0-4c6e-89c2-28e822f84704 tableID=0xc000543d30 seatIndex=0xc000545a90
2025/11/08 14:46:50 INFO session removed token=e9aa847a-48f0-4c6e-89c2-28e822f84704
2025/11/08 14:46:50 INFO session created token=0774b029-752b-4543-82f7-d9ace7326be0 name=User_81_59
2025/11/08 14:46:50 INFO session updated token=0774b029-752b-4543-82f7-d9ace7326be0 tableID=0xc000543d80 seatIndex=0xc000545ae0
2025/11/08 14:46:50 INFO session removed token=0774b029-752b-4543-82f7-d9ace7326be0
2025/11/08 14:46:50 INFO session created token=780ad5ef-8f5d-4d60-9b28-b32a004e3af5 name=User_81_60
2025/11/08 14:46:50 INFO session updated token=780ad5ef-8f5d-4d60-9b28-b32a004e3af5 tableID=0xc000543dd0 seatIndex=0xc000545b30
2025/11/08 14:46:50 INFO session removed token=780ad5ef-8f5d-4d60-9b28-b32a004e3af5
2025/11/08 14:46:50 INFO session created token=e8d35c1d-e15a-49f3-9f6a-4ea0eccbdbe7 name=User_81_61
2025/11/08 14:46:50 INFO session updated token=e8d35c1d-e15a-49f3-9f6a-4ea0eccbdbe7 tableID=0xc000543e20 seatIndex=0xc000545b80
2025/11/08 14:46:50 INFO session removed token=e8d35c1d-e15a-49f3-9f6a-4ea0eccbdbe7
2025/11/08 14:46:50 INFO session created token=2b0f5085-a917-4d07-9776-cba8a8fff7c6 name=User_81_62
2025/11/08 14:46:50 INFO session updated token=2b0f5085-a917-4d07-9776-cba8a8fff7c6 tableID=0xc000543e70 seatIndex=0xc000545bd0
2025/11/08 14:46:50 INFO session removed token=2b0f5085-a917-4d07-9776-cba8a8fff7c6
2025/11/08 14:46:50 INFO session created token=f7a07c6a-45da-4cc9-93e8-7de04038911b name=User_81_63
2025/11/08 14:46:50 INFO session updated token=f7a07c6a-45da-4cc9-93e8-7de04038911b tableID=0xc000543ec0 seatIndex=0xc000545c20
2025/11/08 14:46:50 INFO session removed token=f7a07c6a-45da-4cc9-93e8-7de04038911b
2025/11/08 14:46:50 INFO session created token=9eb500d5-7328-4932-87ab-f9151d7fdc5a name=User_81_64
2025/11/08 14:46:50 INFO session updated token=9eb500d5-7328-4932-87ab-f9151d7fdc5a tableID=0xc000543f10 seatIndex=0xc000545c70
2025/11/08 14:46:50 INFO session removed token=9eb500d5-7328-4932-87ab-f9151d7fdc5a
2025/11/08 14:46:50 INFO session created token=7946b0ee-7e24-4243-a958-958950c83175 name=User_81_65
2025/11/08 14:46:50 INFO session updated token=7946b0ee-7e24-4243-a958-958950c83175 tableID=0xc000543f60 seatIndex=0xc000545cc0
2025/11/08 14:46:50 INFO session removed token=7946b0ee-7e24-4243-a958-958950c83175
2025/11/08 14:46:50 INFO session removed token=82211abc-13c3-4175-82c6-ba3b5e910aa5
2025/11/08 14:46:50 INFO session removed token=c8d228ab-6813-44b3-9568-64badccb38be
2025/11/08 14:46:50 INFO session removed token=04541305-d075-40ac-9952-44b5a45a3b53
2025/11/08 14:46:50 INFO session created token=4ab7f4d5-4c2a-42e9-9c17-d6ae02a1888e name=User_29_5
2025/11/08 14:46:50 INFO session updated token=0cb9c858-8862-4d01-bebf-7b591b1a9cae tableID=0xc0003ddbd0 seatIndex=0xc0003e1030
2025/11/08 14:46:50 INFO session created token=ae0665fc-0427-4982-969b-50b2e211b9a1 name=User_90_5
2025/11/08 14:46:50 INFO session removed token=896c2b5a-af93-4b82-9f86-1131d9c9fee9
2025/11/08 14:46:50 INFO session created token=f55c3ae6-7010-4850-bab6-2beaa9dc4ed6 name=User_21_5
2025/11/08 14:46:50 INFO session removed token=a507dfa7-8251-4c8a-8c04-81f2d7aff3f8
2025/11/08 14:46:50 INFO session removed token=a863b235-34b2-4749-9309-76bd1b4bef04
2025/11/08 14:46:50 INFO session updated token=08ea0874-ec3c-4d0c-99bc-21aef9a3b489 tableID=0xc0003ddc70 seatIndex=0xc0003e10c0
2025/11/08 14:46:50 INFO session created token=7ec9abb3-771b-4e10-9f31-7117e029531b name=User_58_5
2025/11/08 14:46:50 INFO session removed token=c1fb4702-36b2-4be5-a2e7-a42b04be9455
2025/11/08 14:46:50 INFO session created token=206b1bf9-8e11-4f88-a381-aa74b3ff2c6f name=User_68_4
2025/11/08 14:46:50 INFO session updated token=f5fe66c7-f356-4635-8956-8147a51cb21b tableID=0xc0003ddc90 seatIndex=0xc0003e10f0
2025/11/08 14:46:50 INFO session created token=ccbfa452-9549-4195-a8f5-1766a5b71831 name=User_9_4
2025/11/08 14:46:50 INFO session removed token=4fbe4efe-6e48-49e5-a9c3-d82e2f72c919
2025/11/08 14:46:50 INFO session updated token=98900cef-f136-4ec6-9b99-be44f7d106c1 tableID=0xc0003ddca0 seatIndex=0xc0003e1100
2025/11/08 14:46:50 INFO session updated token=961b1a31-d8a8-4737-a7c2-a689488f1a4a tableID=0xc000125970 seatIndex=0xc000129a78
2025/11/08 14:46:50 INFO session removed token=858beb56-e0c9-4429-a80a-590171b8f1e5
2025/11/08 14:46:50 INFO session updated token=be9f9643-bbc0-4bd6-a10e-385ad10fb84d tableID=0xc0003ddcb0 seatIndex=0xc0003e1110
2025/11/08 14:46:50 INFO session updated token=19aea846-9e78-402f-9cc1-d24c305b2ec8 tableID=0xc000125840 seatIndex=0xc0001299f8
2025/11/08 14:46:50 INFO session created token=33533bdf-9dc2-48a2-88f7-274024e1f737 name=User_96_5
2025/11/08 14:46:50 INFO session updated token=9c7d2e6f-73ba-4ab5-80a8-b1756e675ba0 tableID=0xc0001259d0 seatIndex=0xc000129ad8
2025/11/08 14:46:50 INFO session created token=484c19d5-9634-4048-b733-1212139faacf name=User_52_5
2025/11/08 14:46:50 INFO session removed token=9c7d2e6f-73ba-4ab5-80a8-b1756e675ba0
2025/11/08 14:46:50 INFO session updated token=032bc438-72d5-46f9-a5dd-d7f41785998c tableID=0xc000542bf0 seatIndex=0xc000544a30
2025/11/08 14:46:50 INFO session updated token=cce7cf39-0755-416d-b429-39d2df247fb7 tableID=0xc000542c40 seatIndex=0xc000544a60
2025/11/08 14:46:50 INFO session updated token=448f7af8-8180-4e19-8fee-46f414253e7f tableID=0xc000125a30 seatIndex=0xc000129ae8
2025/11/08 14:46:50 INFO session updated token=a5b6734d-f382-4c91-97b6-8a2f8378cb63 tableID=0xc000125a50 seatIndex=0xc000129af8
2025/11/08 14:46:50 INFO session updated token=3b27f5b0-e962-454e-a946-c09357d249a7 tableID=0xc000542c90 seatIndex=0xc000544a70
2025/11/08 14:46:50 INFO session updated token=07d2fcde-9c4a-464e-bd0e-182e07f6db39 tableID=0xc000125a60 seatIndex=0xc000129b28
2025/11/08 14:46:50 INFO session updated token=79d43e2b-2cf3-4b64-8ada-b06a89bba36a tableID=0xc000542d00 seatIndex=0xc000544a80
2025/11/08 14:46:50 INFO session removed token=f91c4c1a-cf83-472b-8139-dfa515b08fb7
2025/11/08 14:46:50 INFO session updated token=83142fa6-99ca-43b7-b02a-6aacf2d4a38e tableID=0xc000542d10 seatIndex=0xc000544a90
2025/11/08 14:46:50 INFO session created token=706b19a3-2e8b-4f4d-8f7e-7d5830cd2d25 name=User_60_7
2025/11/08 14:46:50 INFO session created token=4ff65dc1-d53b-4e6b-b0ab-4d4347a1c4b4 name=User_32_10
2025/11/08 14:46:50 INFO session updated token=54c1f07f-fde6-4cce-b395-3afaf635a10b tableID=0xc000542d30 seatIndex=0xc000544ac0
2025/11/08 14:46:50 INFO session created token=2c062e09-2393-4b4e-aeaf-7c90c8c128a5 name=User_57_5
2025/11/08 14:46:50 INFO session created token=32f75e83-b394-4e30-a919-3a98ec8c0770 name=User_67_5
2025/11/08 14:46:50 INFO session removed token=2b0aa745-6e50-4097-8d84-8a562fe8df0b
2025/11/08 14:46:50 INFO session removed token=c18fb57d-3eee-4856-920b-f11a8e0acd29
2025/11/08 14:46:50 INFO session removed token=2e573d6c-41f8-4a03-b504-88d727079c90
2025/11/08 14:46:50 INFO session removed token=deb90608-3224-4fc2-bebd-7eb50e25d907
2025/11/08 14:46:50 INFO session removed token=4d41d300-54a9-4d8f-a6bb-7c1c4a729f3c
2025/11/08 14:46:50 INFO session removed token=2ea84e37-f8dc-4ef0-9c84-d2caff0c2cbb
2025/11/08 14:46:50 INFO session updated token=ade7bebe-5884-40bc-847a-d69c40e80f91 tableID=0xc000542dd0 seatIndex=0xc000544bb0
2025/11/08 14:46:50 INFO session updated token=c1fd5c0e-f456-4b56-a143-d5faae38fa09 tableID=0xc000542e00 seatIndex=0xc000544bc0
2025/11/08 14:46:50 INFO session created token=0b1bb7ae-eb11-44c8-b215-72be5c1b4009 name=User_71_5
2025/11/08 14:46:50 INFO session updated token=db652c0f-4708-44dc-9c1f-be0d923ea667 tableID=0xc000542e30 seatIndex=0xc000544bd0
2025/11/08 14:46:50 INFO session created token=03a8ad7d-b557-4a0f-b999-03d31e8dc0a2 name=User_47_5
2025/11/08 14:46:50 INFO session updated token=66a1b467-c3bf-43f0-a720-03ab205938c2 tableID=0xc000542e80 seatIndex=0xc000544c10
2025/11/08 14:46:50 INFO session created token=7ac0e8b3-b40a-42f8-adeb-a4cafd94aefb name=User_62_5
2025/11/08 14:46:50 INFO session removed token=52ed3e0a-ffc1-4c10-986c-faf2e8e68e3a
2025/11/08 14:46:50 INFO session created token=bfe36ff6-96b8-4830-861e-04e2ba3e4e29 name=User_24_5
2025/11/08 14:46:50 INFO session removed token=bd7c91a8-8014-421d-a128-0e78e24b6706
2025/11/08 14:46:50 INFO session created token=7bd15e1c-f83a-47d4-8f50-259d24e7b1b8 name=User_55_6
2025/11/08 14:46:50 INFO session removed token=d4da3f47-15f6-423f-b35c-31ee50f636c7
2025/11/08 14:46:50 INFO session removed token=e2f1345f-0699-4b04-9695-1b86a53a74bd
2025/11/08 14:46:50 INFO session updated token=7dfc3d59-d5b1-4bd2-8f85-e40d3cd4906a tableID=0xc0003ddd50 seatIndex=0xc0003e11e0
2025/11/08 14:46:50 INFO session removed token=d4a07e8a-5860-4e7e-aabb-b8b540cb5ad0
2025/11/08 14:46:50 INFO session updated token=ddd442dc-fa6a-4b8e-add8-c02e559ccf91 tableID=0xc0003ddd70 seatIndex=0xc0003e11f0
2025/11/08 14:46:50 INFO session updated token=4a91549d-da78-4c59-ba61-efdf300f56b5 tableID=0xc000542f70 seatIndex=0xc000544ce0
2025/11/08 14:46:50 INFO session updated token=386cef80-7b04-4231-afdc-0dfc477608c5 tableID=0xc000125a80 seatIndex=0xc000129bb8
2025/11/08 14:46:50 INFO session removed token=ded49cdd-4974-4f36-9736-e5162a4bb642
2025/11/08 14:46:50 INFO session removed token=5e7b9e5a-9268-4dff-8bb2-acc0f5eaaf0b
2025/11/08 14:46:50 INFO session removed token=e4e2f68d-7a09-4015-a1a6-bac1f6976d59
2025/11/08 14:46:50 INFO session removed token=9dceb3e3-e0ca-41d4-9f5b-333cc97bd93a
2025/11/08 14:46:50 INFO session removed token=3e2b3f9b-83b8-4141-84c7-cc9775be4909
2025/11/08 14:46:50 INFO session created token=e4b11547-af3f-42fd-a09c-12f09132c191 name=User_66_6
2025/11/08 14:46:50 INFO session created token=d2aa2582-20b1-4e43-a254-84826337fb2c name=User_16_6
2025/11/08 14:46:50 INFO session created token=dc855c03-4877-4f97-a611-7609e39f66d5 name=User_41_11
2025/11/08 14:46:50 INFO session removed token=f8b1c150-557b-4a07-b673-08d200e9b5f4
2025/11/08 14:46:50 INFO session created token=a2f60d5d-ed6f-4752-8919-675055696265 name=User_22_5
2025/11/08 14:46:50 INFO session created token=822080bf-660f-4661-ae1f-4ccfd6d2d9cd name=User_18_5
2025/11/08 14:46:50 INFO session created token=2d31fd94-1e32-41ec-afdb-12989f301f05 name=User_39_4
2025/11/08 14:46:50 INFO session created token=e8665826-4066-444e-a3d9-bb5c6b54f37e name=User_61_8
2025/11/08 14:46:50 INFO session created token=659e1555-94d5-44ac-bced-72a7e31685c0 name=User_10_4
2025/11/08 14:46:50 INFO session created token=9cca9a00-43b9-4b4c-b7bb-406b06bc3696 name=User_74_6
2025/11/08 14:46:50 INFO session removed token=0a0523be-4cd2-401d-baaf-745ce8ada587
2025/11/08 14:46:50 INFO session updated token=da1c97cf-42af-4b63-9189-e61f8a6c0c39 tableID=0xc0001561e0 seatIndex=0xc000152320
2025/11/08 14:46:50 INFO session updated token=52f5c673-a378-4ff2-8d40-f0efb352c8ac tableID=0xc000156210 seatIndex=0xc000152330
2025/11/08 14:46:50 INFO session removed token=6c227eaa-f7ca-4e56-ba1f-892c58eeda3e
2025/11/08 14:46:50 INFO session updated token=05920b38-f25d-41ee-ac7f-0e53e8ac75be tableID=0xc00059baf0 seatIndex=0xc000593708
2025/11/08 14:46:50 INFO session updated token=2cab42e3-20df-4f8e-a544-15eb32649309 tableID=0xc0002ccab0 seatIndex=0xc0002c8d48
2025/11/08 14:46:50 INFO session removed token=b76e622e-9ff2-40ef-8a18-3f8527c91897
2025/11/08 14:46:50 INFO session updated token=3d656672-62fe-45fe-8de8-49bd87419b44 tableID=0xc0002ccae0 seatIndex=0xc0002c8d58
2025/11/08 14:46:50 INFO session updated token=08c4eb13-7217-40a3-875c-099b4140cc10 tableID=0xc00059bb00 seatIndex=0xc000593718
2025/11/08 14:46:50 INFO session removed token=67644a51-7bbd-471f-a5a9-b1c61c24bd15
2025/11/08 14:46:50 INFO session removed token=beb9837b-c045-448d-afaa-f28aecff50f0
2025/11/08 14:46:50 INFO session updated token=468b8ea4-ae31-4b98-ae5e-741179af50f1 tableID=0xc00059bb20 seatIndex=0xc000593740
2025/11/08 14:46:50 INFO session updated token=0ac85fdb-3fa5-482a-8f3a-5674c57f0115 tableID=0xc00059bb30 seatIndex=0xc000593750
2025/11/08 14:46:50 INFO session updated token=76b4e0b0-c4f1-4aa1-968d-195315b6b17c tableID=0xc000542f90 seatIndex=0xc000544d10
2025/11/08 14:46:50 INFO session created token=b49bca1a-c2e1-4c3c-b97c-d8e0b8672d64 name=User_81_66
2025/11/08 14:46:50 INFO session updated token=b49bca1a-c2e1-4c3c-b97c-d8e0b8672d64 tableID=0xc0005c22e0 seatIndex=0xc000593e70
2025/11/08 14:46:50 INFO session removed token=b49bca1a-c2e1-4c3c-b97c-d8e0b8672d64
2025/11/08 14:46:50 INFO session created token=5811a3a8-f8d5-4b16-8640-c6184d8d405b name=User_81_67
2025/11/08 14:46:50 INFO session updated token=5811a3a8-f8d5-4b16-8640-c6184d8d405b tableID=0xc0005c2330 seatIndex=0xc000593ec0
2025/11/08 14:46:50 INFO session removed token=5811a3a8-f8d5-4b16-8640-c6184d8d405b
2025/11/08 14:46:50 INFO session created token=164b8f85-c054-4ebd-8e78-8ac80046dbfc name=User_81_68
2025/11/08 14:46:50 INFO session updated token=164b8f85-c054-4ebd-8e78-8ac80046dbfc tableID=0xc0005c2380 seatIndex=0xc000593f10
2025/11/08 14:46:50 INFO session removed token=164b8f85-c054-4ebd-8e78-8ac80046dbfc
2025/11/08 14:46:50 INFO session created token=a6fd9d5c-5f5b-4001-9f1b-6c52998b9689 name=User_81_69
2025/11/08 14:46:50 INFO session updated token=a6fd9d5c-5f5b-4001-9f1b-6c52998b9689 tableID=0xc0005c23d0 seatIndex=0xc000593f60
2025/11/08 14:46:50 INFO session removed token=a6fd9d5c-5f5b-4001-9f1b-6c52998b9689
2025/11/08 14:46:50 INFO session created token=145d1eb0-e411-4fd6-97de-43424be90fb8 name=User_81_70
2025/11/08 14:46:50 INFO session updated token=145d1eb0-e411-4fd6-97de-43424be90fb8 tableID=0xc0005c2420 seatIndex=0xc000593fb0
2025/11/08 14:46:50 INFO session removed token=145d1eb0-e411-4fd6-97de-43424be90fb8
2025/11/08 14:46:50 INFO session created token=6cd86f90-6fa5-41d3-bdaa-d766d19169cb name=User_81_71
2025/11/08 14:46:50 INFO session updated token=6cd86f90-6fa5-41d3-bdaa-d766d19169cb tableID=0xc0005c2470 seatIndex=0xc0005c6000
2025/11/08 14:46:50 INFO session removed token=6cd86f90-6fa5-41d3-bdaa-d766d19169cb
2025/11/08 14:46:50 INFO session created token=75595477-d814-40f2-af46-ba6bd9009471 name=User_81_72
2025/11/08 14:46:50 INFO session updated token=75595477-d814-40f2-af46-ba6bd9009471 tableID=0xc0005c24c0 seatIndex=0xc0005c6050
2025/11/08 14:46:50 INFO session removed token=75595477-d814-40f2-af46-ba6bd9009471
2025/11/08 14:46:50 INFO session created token=0fe304ae-d61e-4b5b-9a1b-26425d06e12d name=User_81_73
2025/11/08 14:46:50 INFO session updated token=0fe304ae-d61e-4b5b-9a1b-26425d06e12d tableID=0xc0005c2510 seatIndex=0xc0005c60a0
2025/11/08 14:46:50 INFO session removed token=0fe304ae-d61e-4b5b-9a1b-26425d06e12d
2025/11/08 14:46:50 INFO session created token=410c0143-d57c-4b2a-a2b4-53920168441f name=User_81_74
2025/11/08 14:46:50 INFO session updated token=410c0143-d57c-4b2a-a2b4-53920168441f tableID=0xc0005c2560 seatIndex=0xc0005c60f0
2025/11/08 14:46:50 INFO session removed token=410c0143-d57c-4b2a-a2b4-53920168441f
2025/11/08 14:46:50 INFO session created token=8e27ce54-4fc6-41ac-9018-d3ed3e239a71 name=User_81_75
2025/11/08 14:46:50 INFO session updated token=8e27ce54-4fc6-41ac-9018-d3ed3e239a71 tableID=0xc0005c25b0 seatIndex=0xc0005c6140
2025/11/08 14:46:50 INFO session removed token=8e27ce54-4fc6-41ac-9018-d3ed3e239a71
2025/11/08 14:46:50 INFO session created token=cf5567ae-092f-496f-83ae-fb4c4995a536 name=User_81_76
2025/11/08 14:46:50 INFO session updated token=cf5567ae-092f-496f-83ae-fb4c4995a536 tableID=0xc0005c2600 seatIndex=0xc0005c6190
2025/11/08 14:46:50 INFO session removed token=cf5567ae-092f-496f-83ae-fb4c4995a536
2025/11/08 14:46:50 INFO session created token=b54a9802-aeb5-4f76-b007-81c59130a904 name=User_81_77
2025/11/08 14:46:50 INFO session updated token=b54a9802-aeb5-4f76-b007-81c59130a904 tableID=0xc0005c2650 seatIndex=0xc0005c61e0
2025/11/08 14:46:50 INFO session removed token=b54a9802-aeb5-4f76-b007-81c59130a904
2025/11/08 14:46:50 INFO session created token=efebb7d9-55b6-4598-9ce5-fd1a097b831c name=User_81_78
2025/11/08 14:46:50 INFO session updated token=efebb7d9-55b6-4598-9ce5-fd1a097b831c tableID=0xc0005c26a0 seatIndex=0xc0005c6230
2025/11/08 14:46:50 INFO session removed token=efebb7d9-55b6-4598-9ce5-fd1a097b831c
2025/11/08 14:46:50 INFO session created token=b20730c7-f96b-4d5a-b244-ed6fdfe06eb8 name=User_81_79
2025/11/08 14:46:50 INFO session updated token=b20730c7-f96b-4d5a-b244-ed6fdfe06eb8 tableID=0xc0005c26f0 seatIndex=0xc0005c6280
2025/11/08 14:46:50 INFO session removed token=b20730c7-f96b-4d5a-b244-ed6fdfe06eb8
2025/11/08 14:46:50 INFO session created token=da27f92a-5e85-463f-ae91-a646415911ce name=User_81_80
2025/11/08 14:46:50 INFO session updated token=da27f92a-5e85-463f-ae91-a646415911ce tableID=0xc0005c2740 seatIndex=0xc0005c62d0
2025/11/08 14:46:50 INFO session removed token=da27f92a-5e85-463f-ae91-a646415911ce
2025/11/08 14:46:50 INFO session created token=25d50e14-7597-4eed-8bd0-521fb13baa0c name=User_81_81
2025/11/08 14:46:50 INFO session updated token=25d50e14-7597-4eed-8bd0-521fb13baa0c tableID=0xc0005c2790 seatIndex=0xc0005c6320
2025/11/08 14:46:50 INFO session removed token=25d50e14-7597-4eed-8bd0-521fb13baa0c
2025/11/08 14:46:50 INFO session created token=9d40015c-6314-432c-aa7a-930295dd9c04 name=User_81_82
2025/11/08 14:46:50 INFO session updated token=9d40015c-6314-432c-aa7a-930295dd9c04 tableID=0xc0005c27e0 seatIndex=0xc0005c6370
2025/11/08 14:46:50 INFO session removed token=9d40015c-6314-432c-aa7a-930295dd9c04
2025/11/08 14:46:50 INFO session created token=3ea12ae9-68da-42b8-9500-ca2975d25755 name=User_81_83
2025/11/08 14:46:50 INFO session updated token=3ea12ae9-68da-42b8-9500-ca2975d25755 tableID=0xc0005c2830 seatIndex=0xc0005c63c0
2025/11/08 14:46:50 INFO session removed token=3ea12ae9-68da-42b8-9500-ca2975d25755
2025/11/08 14:46:50 INFO session created token=1c778a59-9a92-4b17-a7ec-e36dfeee1c9b name=User_81_84
2025/11/08 14:46:50 INFO session updated token=1c778a59-9a92-4b17-a7ec-e36dfeee1c9b tableID=0xc0005c2880 seatIndex=0xc0005c6410
2025/11/08 14:46:50 INFO session removed token=1c778a59-9a92-4b17-a7ec-e36dfeee1c9b
2025/11/08 14:46:50 INFO session created token=3c89db4e-ab5a-49b0-9821-a840c33504b0 name=User_81_85
2025/11/08 14:46:50 INFO session updated token=3c89db4e-ab5a-49b0-9821-a840c33504b0 tableID=0xc0005c28d0 seatIndex=0xc0005c6460
2025/11/08 14:46:50 INFO session removed token=3c89db4e-ab5a-49b0-9821-a840c33504b0
2025/11/08 14:46:50 INFO session created token=fdfba741-62ab-4392-9acf-03d2b9028315 name=User_81_86
2025/11/08 14:46:50 INFO session updated token=fdfba741-62ab-4392-9acf-03d2b9028315 tableID=0xc0005c2920 seatIndex=0xc0005c64b0
2025/11/08 14:46:50 INFO session removed token=fdfba741-62ab-4392-9acf-03d2b9028315
2025/11/08 14:46:50 INFO session created token=f29edc8b-4705-408a-b557-f2f2adb6b729 name=User_81_87
2025/11/08 14:46:50 INFO session updated token=f29edc8b-4705-408a-b557-f2f2adb6b729 tableID=0xc0005c2970 seatIndex=0xc0005c6500
2025/11/08 14:46:50 INFO session removed token=f29edc8b-4705-408a-b557-f2f2adb6b729
2025/11/08 14:46:50 INFO session created token=a0ca38af-d03c-4b2b-b7ca-6a4de71e4ad2 name=User_81_88
2025/11/08 14:46:50 INFO session updated token=a0ca38af-d03c-4b2b-b7ca-6a4de71e4ad2 tableID=0xc0005c29c0 seatIndex=0xc0005c6550
2025/11/08 14:46:50 INFO session removed token=a0ca38af-d03c-4b2b-b7ca-6a4de71e4ad2
2025/11/08 14:46:50 INFO session created token=7e743029-3608-4424-98df-d2e058fae181 name=User_81_89
2025/11/08 14:46:50 INFO session updated token=7e743029-3608-4424-98df-d2e058fae181 tableID=0xc0005c2a10 seatIndex=0xc0005c65a0
2025/11/08 14:46:50 INFO session removed token=7e743029-3608-4424-98df-d2e058fae181
2025/11/08 14:46:50 INFO session created token=90f7c6fd-46fc-46d1-bb76-77df3e4c26a1 name=User_81_90
2025/11/08 14:46:50 INFO session updated token=90f7c6fd-46fc-46d1-bb76-77df3e4c26a1 tableID=0xc0005c2a60 seatIndex=0xc0005c65f0
2025/11/08 14:46:50 INFO session removed token=90f7c6fd-46fc-46d1-bb76-77df3e4c26a1
2025/11/08 14:46:50 INFO session created token=6ddec440-8774-434b-8641-696768dfbb4f name=User_82_21
2025/11/08 14:46:50 INFO session created token=88b50233-c729-4e86-b171-c5be7abc5400 name=User_81_91
2025/11/08 14:46:50 INFO session updated token=6ddec440-8774-434b-8641-696768dfbb4f tableID=0xc00065ab60 seatIndex=0xc00065c9b0
2025/11/08 14:46:50 INFO session created token=47ae9bc1-a9ba-408a-a9e0-bf82d30ba854 name=User_92_5
2025/11/08 14:46:50 INFO session created token=9c4dd4d2-2aeb-41dc-9e42-7bb6394b2b56 name=User_36_5
2025/11/08 14:46:50 INFO session created token=15aec353-9692-4557-aa21-8491d0a8c4cd name=User_73_7
2025/11/08 14:46:50 INFO session removed token=6ddec440-8774-434b-8641-696768dfbb4f
2025/11/08 14:46:50 INFO session created token=f934aa00-7b3b-4425-a241-6c328d3a0e68 name=User_69_6
2025/11/08 14:46:50 INFO session removed token=da1c97cf-42af-4b63-9189-e61f8a6c0c39
2025/11/08 14:46:50 INFO session created token=b6237c28-a572-4282-b1e9-a40f12e90a25 name=User_82_22
2025/11/08 14:46:50 INFO session created token=351dd744-cf19-4119-8e54-64c194df3b27 name=User_2_68
2025/11/08 14:46:50 INFO session created token=4cd7e7be-ed87-4a4c-abf7-fe1b875c495e name=User_97_22
2025/11/08 14:46:50 INFO session updated token=b6237c28-a572-4282-b1e9-a40f12e90a25 tableID=0xc0002ccc10 seatIndex=0xc0002c8df8
2025/11/08 14:46:50 INFO session removed token=b6237c28-a572-4282-b1e9-a40f12e90a25
2025/11/08 14:46:50 INFO session created token=175dea37-f0df-4968-a090-c3f0c49557ee name=User_82_23
2025/11/08 14:46:50 INFO session updated token=175dea37-f0df-4968-a090-c3f0c49557ee tableID=0xc0002ccc80 seatIndex=0xc0002c8e68
2025/11/08 14:46:50 INFO session removed token=175dea37-f0df-4968-a090-c3f0c49557ee
2025/11/08 14:46:50 INFO session created token=76d4576e-c751-46ef-9d6a-37c2e8b81f08 name=User_82_24
2025/11/08 14:46:50 INFO session updated token=76d4576e-c751-46ef-9d6a-37c2e8b81f08 tableID=0xc0002cccd0 seatIndex=0xc0002c8eb8
2025/11/08 14:46:50 INFO session removed token=76d4576e-c751-46ef-9d6a-37c2e8b81f08
2025/11/08 14:46:50 INFO session created token=9a18cf7f-6938-438f-a4a3-b26c32970381 name=User_82_25
2025/11/08 14:46:50 INFO session updated token=9a18cf7f-6938-438f-a4a3-b26c32970381 tableID=0xc0002ccd20 seatIndex=0xc0002c8f08
2025/11/08 14:46:50 INFO session removed token=9a18cf7f-6938-438f-a4a3-b26c32970381
2025/11/08 14:46:50 INFO session created token=f3574f54-bb4f-43e4-a10f-c0978c2d2115 name=User_82_26
2025/11/08 14:46:50 INFO session updated token=f3574f54-bb4f-43e4-a10f-c0978c2d2115 tableID=0xc0002ccd70 seatIndex=0xc0002c8f58
2025/11/08 14:46:50 INFO session removed token=f3574f54-bb4f-43e4-a10f-c0978c2d2115
2025/11/08 14:46:50 INFO session created token=37a734f4-aea8-4207-b004-11d9c2cd8eea name=User_82_27
2025/11/08 14:46:50 INFO session updated token=37a734f4-aea8-4207-b004-11d9c2cd8eea tableID=0xc0002ccdc0 seatIndex=0xc0002c8fa8
2025/11/08 14:46:50 INFO session removed token=37a734f4-aea8-4207-b004-11d9c2cd8eea
2025/11/08 14:46:50 INFO session created token=f04b3f1d-ba31-468d-b9a1-f64c600b5d9f name=User_82_28
2025/11/08 14:46:50 INFO session updated token=f04b3f1d-ba31-468d-b9a1-f64c600b5d9f tableID=0xc0002cce10 seatIndex=0xc0002c8ff8
2025/11/08 14:46:50 INFO session removed token=f04b3f1d-ba31-468d-b9a1-f64c600b5d9f
2025/11/08 14:46:50 INFO session updated token=4ab7f4d5-4c2a-42e9-9c17-d6ae02a1888e tableID=0xc00054c050 seatIndex=0xc000545d10
2025/11/08 14:46:50 INFO session removed token=0cb9c858-8862-4d01-bebf-7b591b1a9cae
2025/11/08 14:46:50 INFO session created token=3bd5a2aa-bfa7-4a09-a9f6-015ec8dc5150 name=User_78_4
2025/11/08 14:46:50 INFO session updated token=ae0665fc-0427-4982-969b-50b2e211b9a1 tableID=0xc00054c060 seatIndex=0xc000545d20
2025/11/08 14:46:50 INFO session created token=012553ab-3544-4be0-988e-a68377dbecf6 name=User_31_88
2025/11/08 14:46:50 INFO session updated token=3bd5a2aa-bfa7-4a09-a9f6-015ec8dc5150 tableID=0xc0005c2ae0 seatIndex=0xc0005c6670
2025/11/08 14:46:50 INFO session removed token=3bd5a2aa-bfa7-4a09-a9f6-015ec8dc5150
2025/11/08 14:46:50 INFO session created token=f21e8113-8247-4211-9c89-702a06300f07 name=User_78_5
2025/11/08 14:46:50 INFO session updated token=f21e8113-8247-4211-9c89-702a06300f07 tableID=0xc0005c2b40 seatIndex=0xc0005c66d0
2025/11/08 14:46:50 INFO session removed token=f21e8113-8247-4211-9c89-702a06300f07
2025/11/08 14:46:50 INFO session created token=cd531d7d-404f-4f3f-9e81-233b20209375 name=User_78_6
2025/11/08 14:46:50 INFO session updated token=cd531d7d-404f-4f3f-9e81-233b20209375 tableID=0xc0005c2b90 seatIndex=0xc0005c6720
2025/11/08 14:46:50 INFO session removed token=cd531d7d-404f-4f3f-9e81-233b20209375
2025/11/08 14:46:50 INFO session created token=f62867f2-478a-4db9-b1a0-d7629e793d72 name=User_78_7
2025/11/08 14:46:50 INFO session updated token=f62867f2-478a-4db9-b1a0-d7629e793d72 tableID=0xc0005c2be0 seatIndex=0xc0005c6770
2025/11/08 14:46:50 INFO session removed token=f62867f2-478a-4db9-b1a0-d7629e793d72
2025/11/08 14:46:50 INFO session created token=ca97214f-38a0-4537-8998-8a8fc440bccb name=User_78_8
2025/11/08 14:46:50 INFO session updated token=ca97214f-38a0-4537-8998-8a8fc440bccb tableID=0xc0005c2c30 seatIndex=0xc0005c67c0
2025/11/08 14:46:50 INFO session removed token=ca97214f-38a0-4537-8998-8a8fc440bccb
2025/11/08 14:46:50 INFO session created token=53d2e13d-bcdf-442d-8df7-13e80d3d6fd1 name=User_78_9
2025/11/08 14:46:50 INFO session updated token=53d2e13d-bcdf-442d-8df7-13e80d3d6fd1 tableID=0xc0005c2c80 seatIndex=0xc0005c6810
2025/11/08 14:46:50 INFO session removed token=53d2e13d-bcdf-442d-8df7-13e80d3d6fd1
2025/11/08 14:46:50 INFO session created token=546583e5-dcf7-44da-a985-81704f1729ad name=User_78_10
2025/11/08 14:46:50 INFO session updated token=546583e5-dcf7-44da-a985-81704f1729ad tableID=0xc0005c2cd0 seatIndex=0xc0005c6860
2025/11/08 14:46:50 INFO session removed token=546583e5-dcf7-44da-a985-81704f1729ad
2025/11/08 14:46:50 INFO session created token=28fd8624-ad22-4a73-b791-786bb50683f5 name=User_78_11
2025/11/08 14:46:50 INFO session updated token=28fd8624-ad22-4a73-b791-786bb50683f5 tableID=0xc0005c2d20 seatIndex=0xc0005c68b0
2025/11/08 14:46:50 INFO session removed token=28fd8624-ad22-4a73-b791-786bb50683f5
2025/11/08 14:46:50 INFO session created token=6e72f135-4b20-492e-9142-cd18b9a97bc0 name=User_78_12
2025/11/08 14:46:50 INFO session created token=37ee69ed-c419-4513-af99-1cc542da175e name=User_26_79
2025/11/08 14:46:50 INFO session removed token=08ea0874-ec3c-4d0c-99bc-21aef9a3b489
2025/11/08 14:46:50 INFO session updated token=206b1bf9-8e11-4f88-a381-aa74b3ff2c6f tableID=0xc00054c0e0 seatIndex=0xc000545d70
2025/11/08 14:46:50 INFO session created token=7a885f11-3e4e-40e5-a801-abbd01149fbf name=User_11_5
2025/11/08 14:46:50 INFO session updated token=7ec9abb3-771b-4e10-9f31-7117e029531b tableID=0xc00054c100 seatIndex=0xc000545da0
2025/11/08 14:46:50 INFO session created token=0e4c737c-91e7-450c-96e5-8ed2a921380c name=User_34_6
2025/11/08 14:46:50 INFO session created token=928b9b5b-14c4-403a-98a6-ff24cd700e89 name=User_50_5
2025/11/08 14:46:50 INFO session removed token=f5fe66c7-f356-4635-8956-8147a51cb21b
2025/11/08 14:46:50 INFO session updated token=ccbfa452-9549-4195-a8f5-1766a5b71831 tableID=0xc00054c120 seatIndex=0xc000545db0
2025/11/08 14:46:50 INFO session removed token=98900cef-f136-4ec6-9b99-be44f7d106c1
2025/11/08 14:46:50 INFO session removed token=19aea846-9e78-402f-9cc1-d24c305b2ec8
2025/11/08 14:46:50 INFO session created token=b9500c42-6e5d-49d0-9afc-60eccfcb4a55 name=User_51_5
2025/11/08 14:46:50 INFO session removed token=be9f9643-bbc0-4bd6-a10e-385ad10fb84d
2025/11/08 14:46:50 INFO session removed token=961b1a31-d8a8-4737-a7c2-a689488f1a4a
2025/11/08 14:46:50 INFO session created token=1ef8501b-0616-4e17-98ce-b50c47e39dcd name=User_44_5
2025/11/08 14:46:50 INFO session updated token=33533bdf-9dc2-48a2-88f7-274024e1f737 tableID=0xc0003dddc0 seatIndex=0xc0003e12e0
2025/11/08 14:46:50 INFO session updated token=484c19d5-9634-4048-b733-1212139faacf tableID=0xc0003ddde0 seatIndex=0xc0003e1310
2025/11/08 14:46:50 INFO session removed token=07d2fcde-9c4a-464e-bd0e-182e07f6db39
2025/11/08 14:46:50 INFO session removed token=a5b6734d-f382-4c91-97b6-8a2f8378cb63
2025/11/08 14:46:50 INFO session removed token=3b27f5b0-e962-454e-a946-c09357d249a7
2025/11/08 14:46:50 INFO session removed token=032bc438-72d5-46f9-a5dd-d7f41785998c
2025/11/08 14:46:50 INFO session removed token=83142fa6-99ca-43b7-b02a-6aacf2d4a38e
2025/11/08 14:46:50 INFO session removed token=79d43e2b-2cf3-4b64-8ada-b06a89bba36a
2025/11/08 14:46:50 INFO session removed token=54c1f07f-fde6-4cce-b395-3afaf635a10b
2025/11/08 14:46:50 INFO session removed token=448f7af8-8180-4e19-8fee-46f414253e7f
2025/11/08 14:46:50 INFO session created token=1245347e-2e80-41ac-bf93-86b3bf5e031a name=User_4_5
2025/11/08 14:46:50 INFO session removed token=cce7cf39-0755-416d-b429-39d2df247fb7
2025/11/08 14:46:50 INFO session updated token=706b19a3-2e8b-4f4d-8f7e-7d5830cd2d25 tableID=0xc00065a940 seatIndex=0xc00065c7c0
2025/11/08 14:46:50 INFO session updated token=4ff65dc1-d53b-4e6b-b0ab-4d4347a1c4b4 tableID=0xc0003dde90 seatIndex=0xc0003e1458
2025/11/08 14:46:50 INFO session updated token=2c062e09-2393-4b4e-aeaf-7c90c8c128a5 tableID=0xc00065a960 seatIndex=0xc00065c7d0
2025/11/08 14:46:50 INFO session updated token=32f75e83-b394-4e30-a919-3a98ec8c0770 tableID=0xc00065a970 seatIndex=0xc00065c7e0
2025/11/08 14:46:50 INFO session created token=ddcb3e5a-0ad8-4357-a8d9-a3fb79d8a816 name=User_48_5
2025/11/08 14:46:50 INFO session removed token=32f75e83-b394-4e30-a919-3a98ec8c0770
2025/11/08 14:46:50 INFO session created token=49d00204-fe22-46ce-9f3f-ecf20c22e2dd name=User_70_6
2025/11/08 14:46:50 INFO session updated token=49d00204-fe22-46ce-9f3f-ecf20c22e2dd tableID=0xc0004b99c0 seatIndex=0xc0004baef8
2025/11/08 14:46:50 INFO session removed token=49d00204-fe22-46ce-9f3f-ecf20c22e2dd
2025/11/08 14:46:50 INFO session created token=f8f3961b-3068-4413-9085-f2be71ca2b9e name=User_70_7
2025/11/08 14:46:50 INFO session updated token=f8f3961b-3068-4413-9085-f2be71ca2b9e tableID=0xc00065acf0 seatIndex=0xc00065cb70
2025/11/08 14:46:50 INFO session removed token=f8f3961b-3068-4413-9085-f2be71ca2b9e
2025/11/08 14:46:50 INFO session created token=e83543aa-737c-49d3-b812-935439c517ac name=User_70_8
2025/11/08 14:46:50 INFO session updated token=e83543aa-737c-49d3-b812-935439c517ac tableID=0xc00065ad40 seatIndex=0xc00065cbc0
2025/11/08 14:46:50 INFO session removed token=e83543aa-737c-49d3-b812-935439c517ac
2025/11/08 14:46:50 INFO session created token=2b6763d3-0f74-407e-a2ea-3b5aa8226e09 name=User_70_9
2025/11/08 14:46:50 INFO session updated token=2b6763d3-0f74-407e-a2ea-3b5aa8226e09 tableID=0xc00065ad90 seatIndex=0xc00065cc10
2025/11/08 14:46:50 INFO session removed token=2b6763d3-0f74-407e-a2ea-3b5aa8226e09
2025/11/08 14:46:50 INFO session created token=573b6a07-5ac7-4748-a851-323e58efcb12 name=User_70_10
2025/11/08 14:46:50 INFO session updated token=573b6a07-5ac7-4748-a851-323e58efcb12 tableID=0xc00065ade0 seatIndex=0xc00065cc60
2025/11/08 14:46:50 INFO session removed token=573b6a07-5ac7-4748-a851-323e58efcb12
2025/11/08 14:46:50 INFO session created token=0c35bf6f-8abf-4fa5-8834-85b5ac63ba53 name=User_70_11
2025/11/08 14:46:50 INFO session updated token=0c35bf6f-8abf-4fa5-8834-85b5ac63ba53 tableID=0xc00065ae30 seatIndex=0xc00065ccb0
2025/11/08 14:46:50 INFO session removed token=0c35bf6f-8abf-4fa5-8834-85b5ac63ba53
2025/11/08 14:46:50 INFO session created token=c23db059-7f00-4d48-9fcc-5fea3e6a4494 name=User_70_12
2025/11/08 14:46:50 INFO session updated token=c23db059-7f00-4d48-9fcc-5fea3e6a4494 tableID=0xc00065ae80 seatIndex=0xc00065cd00
2025/11/08 14:46:50 INFO session removed token=c23db059-7f00-4d48-9fcc-5fea3e6a4494
2025/11/08 14:46:50 INFO session created token=94d7c6e1-ec4f-49f1-9595-640221a9bc7d name=User_70_13
2025/11/08 14:46:50 INFO session updated token=94d7c6e1-ec4f-49f1-9595-640221a9bc7d tableID=0xc00065aed0 seatIndex=0xc00065cd50
2025/11/08 14:46:50 INFO session removed token=94d7c6e1-ec4f-49f1-9595-640221a9bc7d
2025/11/08 14:46:50 INFO session created token=7944b360-cd37-4a1d-aa25-72f08b629001 name=User_70_14
2025/11/08 14:46:50 INFO session updated token=7944b360-cd37-4a1d-aa25-72f08b629001 tableID=0xc00065af20 seatIndex=0xc00065cda0
2025/11/08 14:46:50 INFO session removed token=7944b360-cd37-4a1d-aa25-72f08b629001
2025/11/08 14:46:50 INFO session created token=34a7ee4d-a5e5-4794-bc7a-9411476b5489 name=User_70_15
2025/11/08 14:46:50 INFO session updated token=34a7ee4d-a5e5-4794-bc7a-9411476b5489 tableID=0xc00065af70 seatIndex=0xc00065cdf0
2025/11/08 14:46:50 INFO session removed token=34a7ee4d-a5e5-4794-bc7a-9411476b5489
2025/11/08 14:46:50 INFO session created token=6eae882b-bf19-4454-9f21-b9f4b62862a3 name=User_70_16
2025/11/08 14:46:50 INFO session updated token=6eae882b-bf19-4454-9f21-b9f4b62862a3 tableID=0xc00065afc0 seatIndex=0xc00065ce40
2025/11/08 14:46:50 INFO session removed token=6eae882b-bf19-4454-9f21-b9f4b62862a3
2025/11/08 14:46:50 INFO session created token=e68eca33-62ba-4bf8-9a8a-04f3da192c62 name=User_70_17
2025/11/08 14:46:50 INFO session updated token=e68eca33-62ba-4bf8-9a8a-04f3da192c62 tableID=0xc00065b010 seatIndex=0xc00065ce90
2025/11/08 14:46:50 INFO session removed token=e68eca33-62ba-4bf8-9a8a-04f3da192c62
2025/11/08 14:46:50 INFO session created token=ace58d80-bb10-405f-af7e-41c06b23eb83 name=User_67_6
2025/11/08 14:46:50 INFO session created token=084fad55-855a-448a-a34e-aa794057e5ef name=User_70_18
2025/11/08 14:46:50 INFO session updated token=ace58d80-bb10-405f-af7e-41c06b23eb83 tableID=0xc0004b99f0 seatIndex=0xc0004baf08
2025/11/08 14:46:50 INFO session removed token=ace58d80-bb10-405f-af7e-41c06b23eb83
2025/11/08 14:46:50 INFO session created token=2793ef99-0479-42f5-89e7-5cde92db86ab name=User_67_7
2025/11/08 14:46:50 INFO session updated token=2793ef99-0479-42f5-89e7-5cde92db86ab tableID=0xc0004b9a50 seatIndex=0xc0004baf68
2025/11/08 14:46:50 INFO session removed token=2793ef99-0479-42f5-89e7-5cde92db86ab
2025/11/08 14:46:50 INFO session created token=f65bf443-216c-4845-85ed-8a38b7432c63 name=User_67_8
2025/11/08 14:46:50 INFO session updated token=f65bf443-216c-4845-85ed-8a38b7432c63 tableID=0xc0004b9aa0 seatIndex=0xc0004bafb8
2025/11/08 14:46:50 INFO session removed token=f65bf443-216c-4845-85ed-8a38b7432c63
2025/11/08 14:46:50 INFO session created token=298727b7-7b83-4cc2-844c-e2ef553f851b name=User_67_9
2025/11/08 14:46:50 INFO session updated token=0b1bb7ae-eb11-44c8-b215-72be5c1b4009 tableID=0xc00065aa00 seatIndex=0xc00065c870
2025/11/08 14:46:50 INFO session removed token=0b1bb7ae-eb11-44c8-b215-72be5c1b4009
2025/11/08 14:46:50 INFO session created token=67cb973a-5854-47b3-826e-8c639bb81a70 name=User_71_6
2025/11/08 14:46:50 INFO session updated token=67cb973a-5854-47b3-826e-8c639bb81a70 tableID=0xc00054c420 seatIndex=0xc00054e0a0
2025/11/08 14:46:50 INFO session removed token=67cb973a-5854-47b3-826e-8c639bb81a70
2025/11/08 14:46:50 INFO session created token=dda27767-a765-4a09-98d5-d0dca695c8c5 name=User_71_7
2025/11/08 14:46:50 INFO session updated token=dda27767-a765-4a09-98d5-d0dca695c8c5 tableID=0xc00054c470 seatIndex=0xc00054e0f0
2025/11/08 14:46:50 INFO session removed token=dda27767-a765-4a09-98d5-d0dca695c8c5
2025/11/08 14:46:50 INFO session updated token=084fad55-855a-448a-a34e-aa794057e5ef tableID=0xc0004b9a10 seatIndex=0xc0004baf38
2025/11/08 14:46:50 INFO session removed token=084fad55-855a-448a-a34e-aa794057e5ef
2025/11/08 14:46:50 INFO session created token=8a4772ff-41ad-47c6-9220-51167f63058f name=User_70_19
2025/11/08 14:46:50 INFO session updated token=8a4772ff-41ad-47c6-9220-51167f63058f tableID=0xc00065b0a0 seatIndex=0xc00065cf20
2025/11/08 14:46:50 INFO session removed token=8a4772ff-41ad-47c6-9220-51167f63058f
2025/11/08 14:46:50 INFO session created token=69e8629b-4bcc-435e-b347-980753b38cb1 name=User_70_20
2025/11/08 14:46:50 INFO session updated token=69e8629b-4bcc-435e-b347-980753b38cb1 tableID=0xc00065b0f0 seatIndex=0xc00065cf70
2025/11/08 14:46:50 INFO session removed token=69e8629b-4bcc-435e-b347-980753b38cb1
2025/11/08 14:46:50 INFO session created token=c643a2b5-20ad-4380-ac88-6d1e787e0125 name=User_70_21
2025/11/08 14:46:50 INFO session updated token=c643a2b5-20ad-4380-ac88-6d1e787e0125 tableID=0xc00065b140 seatIndex=0xc00065cfc0
2025/11/08 14:46:50 INFO session removed token=c643a2b5-20ad-4380-ac88-6d1e787e0125
2025/11/08 14:46:50 INFO session created token=36d6120c-400a-42da-80d2-8b6e9aec196c name=User_70_22
2025/11/08 14:46:50 INFO session updated token=36d6120c-400a-42da-80d2-8b6e9aec196c tableID=0xc00065b190 seatIndex=0xc00065d010
2025/11/08 14:46:50 INFO session removed token=36d6120c-400a-42da-80d2-8b6e9aec196c
2025/11/08 14:46:50 INFO session removed token=ade7bebe-5884-40bc-847a-d69c40e80f91
2025/11/08 14:46:50 INFO session created token=e6a65b3a-65ce-40aa-9436-3ddfe5cfebcc name=User_0_29
2025/11/08 14:46:50 INFO session created token=ced61aa7-419d-4707-ac4d-aedc847e3306 name=User_70_23
2025/11/08 14:46:50 INFO session updated token=e6a65b3a-65ce-40aa-9436-3ddfe5cfebcc tableID=0xc00054c4d0 seatIndex=0xc00054e160
2025/11/08 14:46:50 INFO session removed token=e6a65b3a-65ce-40aa-9436-3ddfe5cfebcc
2025/11/08 14:46:50 INFO session created token=b8381e3f-ff7c-4a2a-a995-d306159efe3a name=User_1_5
2025/11/08 14:46:50 INFO session updated token=03a8ad7d-b557-4a0f-b999-03d31e8dc0a2 tableID=0xc00065aa20 seatIndex=0xc00065c8a0
2025/11/08 14:46:50 INFO session created token=112dde29-f4c0-4a3c-b64e-4918afbbdde1 name=User_86_8
2025/11/08 14:46:50 INFO session removed token=66a1b467-c3bf-43f0-a720-03ab205938c2
2025/11/08 14:46:50 INFO session removed token=db652c0f-4708-44dc-9c1f-be0d923ea667
2025/11/08 14:46:50 INFO session created token=511437a8-1844-4fda-89af-68e7624287c9 name=User_20_5
2025/11/08 14:46:50 INFO session updated token=bfe36ff6-96b8-4830-861e-04e2ba3e4e29 tableID=0xc0001562a0 seatIndex=0xc0001523c0
2025/11/08 14:46:50 INFO session updated token=7ac0e8b3-b40a-42f8-adeb-a4cafd94aefb tableID=0xc00065aa40 seatIndex=0xc00065c8b0
2025/11/08 14:46:50 INFO session updated token=7bd15e1c-f83a-47d4-8f50-259d24e7b1b8 tableID=0xc00065aa70 seatIndex=0xc00065c8c0
2025/11/08 14:46:50 INFO session removed token=ddd442dc-fa6a-4b8e-add8-c02e559ccf91
2025/11/08 14:46:50 INFO session removed token=7dfc3d59-d5b1-4bd2-8f85-e40d3cd4906a
2025/11/08 14:46:50 INFO session removed token=4a91549d-da78-4c59-ba61-efdf300f56b5
2025/11/08 14:46:50 INFO session removed token=386cef80-7b04-4231-afdc-0dfc477608c5
2025/11/08 14:46:50 INFO session created token=50c8ac56-a4bc-45c1-a281-dab1506bb484 name=User_99_15
2025/11/08 14:46:50 INFO session updated token=a2f60d5d-ed6f-4752-8919-675055696265 tableID=0xc0005c21b0 seatIndex=0xc000593d10
2025/11/08 14:46:50 INFO session created token=48b5b43c-ec2d-49e4-95b6-59b6c4c954e6 name=User_38_5
2025/11/08 14:46:50 INFO session created token=d0ce8000-b5fe-4abe-bc34-32d9a248f99f name=User_93_9
2025/11/08 14:46:50 INFO session updated token=d2aa2582-20b1-4e43-a254-84826337fb2c tableID=0xc000156310 seatIndex=0xc000152470
2025/11/08 14:46:50 INFO session created token=a06cbf73-cf6c-4e00-a007-5560167250ce name=User_33_7
2025/11/08 14:46:50 INFO session created token=c462cf9a-8621-4b82-8445-3314db7bc7e4 name=User_45_5
2025/11/08 14:46:50 INFO session created token=61edd683-a927-4d35-8110-76a114a0afa5 name=User_79_6
2025/11/08 14:46:50 INFO session created token=40e5b8eb-e7a2-4a0c-9649-c47092372452 name=User_28_6
2025/11/08 14:46:50 INFO session updated token=822080bf-660f-4661-ae1f-4ccfd6d2d9cd tableID=0xc0003ddec0 seatIndex=0xc0003e1488
2025/11/08 14:46:50 INFO session created token=dd124538-50db-4b0a-8602-8a935012a66e name=User_46_5
2025/11/08 14:46:50 INFO session created token=0d43a2d5-3d4e-480e-8c57-ec15b2d58664 name=User_49_15
2025/11/08 14:46:50 INFO session updated token=2d31fd94-1e32-41ec-afdb-12989f301f05 tableID=0xc0003ddee0 seatIndex=0xc0003e1498
2025/11/08 14:46:50 INFO session created token=1385b83d-054e-4034-a986-2076641d9b46 name=User_40_9
2025/11/08 14:46:50 INFO session created token=41f20f63-5de5-4af2-b2e7-674377612cb0 name=User_75_5
2025/11/08 14:46:50 INFO session updated token=e4b11547-af3f-42fd-a09c-12f09132c191 tableID=0xc0003ddef0 seatIndex=0xc0003e14a8
2025/11/08 14:46:50 INFO session updated token=659e1555-94d5-44ac-bced-72a7e31685c0 tableID=0xc0005c21c0 seatIndex=0xc000593d20
2025/11/08 14:46:50 INFO session updated token=dc855c03-4877-4f97-a611-7609e39f66d5 tableID=0xc0003ddf00 seatIndex=0xc0003e14b8
2025/11/08 14:46:50 INFO session updated token=9cca9a00-43b9-4b4c-b7bb-406b06bc3696 tableID=0xc0005c21d0 seatIndex=0xc000593d30
2025/11/08 14:46:50 INFO session updated token=e8665826-4066-444e-a3d9-bb5c6b54f37e tableID=0xc0005c21f0 seatIndex=0xc000593d60
2025/11/08 14:46:50 INFO session removed token=05920b38-f25d-41ee-ac7f-0e53e8ac75be
2025/11/08 14:46:50 INFO session removed token=2cab42e3-20df-4f8e-a544-15eb32649309
2025/11/08 14:46:50 INFO session removed token=3d656672-62fe-45fe-8de8-49bd87419b44
2025/11/08 14:46:50 INFO session removed token=52f5c673-a378-4ff2-8d40-f0efb352c8ac
2025/11/08 14:46:50 INFO session removed token=08c4eb13-7217-40a3-875c-099b4140cc10
2025/11/08 14:46:50 INFO session removed token=468b8ea4-ae31-4b98-ae5e-741179af50f1
2025/11/08 14:46:50 INFO session removed token=0ac85fdb-3fa5-482a-8f3a-5674c57f0115
2025/11/08 14:46:50 INFO session removed token=76b4e0b0-c4f1-4aa1-968d-195315b6b17c
2025/11/08 14:46:50 INFO session updated token=88b50233-c729-4e86-b171-c5be7abc5400 tableID=0xc00065ab80 seatIndex=0xc00065c9e0
2025/11/08 14:46:50 INFO session updated token=47ae9bc1-a9ba-408a-a9e0-bf82d30ba854 tableID=0xc00065aba0 seatIndex=0xc00065ca10
2025/11/08 14:46:50 INFO session updated token=9c4dd4d2-2aeb-41dc-9e42-7bb6394b2b56 tableID=0xc00065abb0 seatIndex=0xc00065ca20
2025/11/08 14:46:50 INFO session updated token=15aec353-9692-4557-aa21-8491d0a8c4cd tableID=0xc00065abc0 seatIndex=0xc00065ca30
2025/11/08 14:46:50 INFO session updated token=f934aa00-7b3b-4425-a241-6c328d3a0e68 tableID=0xc0005c2ab0 seatIndex=0xc0005c6640
2025/11/08 14:46:50 INFO session updated token=351dd744-cf19-4119-8e54-64c194df3b27 tableID=0xc0002ccc30 seatIndex=0xc0002c8e28
2025/11/08 14:46:50 INFO session updated token=4cd7e7be-ed87-4a4c-abf7-fe1b875c495e tableID=0xc0002ccc40 seatIndex=0xc0002c8e38
2025/11/08 14:46:50 INFO session removed token=4ab7f4d5-4c2a-42e9-9c17-d6ae02a1888e
2025/11/08 14:46:50 INFO session updated token=f55c3ae6-7010-4850-bab6-2beaa9dc4ed6 tableID=0xc00065a910 seatIndex=0xc00065c7b0
2025/11/08 14:46:50 INFO session removed token=ae0665fc-0427-4982-969b-50b2e211b9a1
2025/11/08 14:46:50 INFO session updated token=012553ab-3544-4be0-988e-a68377dbecf6 tableID=0xc0005c2b00 seatIndex=0xc0005c66a0
2025/11/08 14:46:50 INFO session updated token=6e72f135-4b20-492e-9142-cd18b9a97bc0 tableID=0xc00054c200 seatIndex=0xc000545ec0
2025/11/08 14:46:50 INFO session removed token=6e72f135-4b20-492e-9142-cd18b9a97bc0
2025/11/08 14:46:50 INFO session created token=05a5d482-2672-464e-bd30-922ac376f573 name=User_78_13
2025/11/08 14:46:50 INFO session updated token=05a5d482-2672-464e-bd30-922ac376f573 tableID=0xc0004b9d90 seatIndex=0xc0004bb290
2025/11/08 14:46:50 INFO session removed token=05a5d482-2672-464e-bd30-922ac376f573
2025/11/08 14:46:50 INFO session created token=2c5cadc6-ebfb-49b4-9611-439fbd92e40c name=User_78_14
2025/11/08 14:46:50 INFO session updated token=2c5cadc6-ebfb-49b4-9611-439fbd92e40c tableID=0xc0004b9de0 seatIndex=0xc0004bb2e0
2025/11/08 14:46:50 INFO session removed token=2c5cadc6-ebfb-49b4-9611-439fbd92e40c
2025/11/08 14:46:50 INFO session created token=67fca13b-3f4d-49ef-89c9-33c9020257bc name=User_78_15
2025/11/08 14:46:50 INFO session updated token=67fca13b-3f4d-49ef-89c9-33c9020257bc tableID=0xc0004b9e30 seatIndex=0xc0004bb330
2025/11/08 14:46:50 INFO session removed token=67fca13b-3f4d-49ef-89c9-33c9020257bc
2025/11/08 14:46:50 INFO session created token=46abc8c1-86a5-4ab9-9895-a2fa8b1f3fd1 name=User_78_16
2025/11/08 14:46:50 INFO session updated token=46abc8c1-86a5-4ab9-9895-a2fa8b1f3fd1 tableID=0xc0004b9e80 seatIndex=0xc0004bb380
2025/11/08 14:46:50 INFO session removed token=46abc8c1-86a5-4ab9-9895-a2fa8b1f3fd1
2025/11/08 14:46:50 INFO session created token=e3dda5cd-ece8-494b-bf93-634219269125 name=User_78_17
2025/11/08 14:46:50 INFO session updated token=e3dda5cd-ece8-494b-bf93-634219269125 tableID=0xc0004b9ed0 seatIndex=0xc0004bb3d0
2025/11/08 14:46:50 INFO session removed token=e3dda5cd-ece8-494b-bf93-634219269125
2025/11/08 14:46:50 INFO session created token=23e0c6d1-81f7-414b-8198-ad9af103eead name=User_78_18
2025/11/08 14:46:50 INFO session updated token=23e0c6d1-81f7-414b-8198-ad9af103eead tableID=0xc0004b9f20 seatIndex=0xc0004bb420
2025/11/08 14:46:50 INFO session removed token=23e0c6d1-81f7-414b-8198-ad9af103eead
2025/11/08 14:46:50 INFO session created token=8e022aff-b339-4b00-b849-4fbd0f2f6c5a name=User_78_19
2025/11/08 14:46:50 INFO session updated token=8e022aff-b339-4b00-b849-4fbd0f2f6c5a tableID=0xc0004b9f70 seatIndex=0xc0004bb470
2025/11/08 14:46:50 INFO session removed token=8e022aff-b339-4b00-b849-4fbd0f2f6c5a
2025/11/08 14:46:50 INFO session created token=3e6169d7-411e-4cba-90d0-b3dcf9d8dd7d name=User_78_20
2025/11/08 14:46:50 INFO session updated token=3e6169d7-411e-4cba-90d0-b3dcf9d8dd7d tableID=0xc0004c8040 seatIndex=0xc0004bb4c0
2025/11/08 14:46:50 INFO session removed token=3e6169d7-411e-4cba-90d0-b3dcf9d8dd7d
2025/11/08 14:46:50 INFO session created token=d893aea5-c0c5-430f-9db3-cd53cf7f0b3e name=User_78_21
2025/11/08 14:46:50 INFO session updated token=d893aea5-c0c5-430f-9db3-cd53cf7f0b3e tableID=0xc0004c8090 seatIndex=0xc0004bb510
2025/11/08 14:46:50 INFO session removed token=d893aea5-c0c5-430f-9db3-cd53cf7f0b3e
2025/11/08 14:46:50 INFO session created token=1aebb7cd-b464-45cd-af69-e8663f1aff5c name=User_78_22
2025/11/08 14:46:50 INFO session updated token=1aebb7cd-b464-45cd-af69-e8663f1aff5c tableID=0xc0004c80e0 seatIndex=0xc0004bb560
2025/11/08 14:46:50 INFO session removed token=1aebb7cd-b464-45cd-af69-e8663f1aff5c
2025/11/08 14:46:50 INFO session created token=684c9869-6452-4aff-9023-0daef945726b name=User_78_23
2025/11/08 14:46:50 INFO session updated token=684c9869-6452-4aff-9023-0daef945726b tableID=0xc0004c8130 seatIndex=0xc0004bb5b0
2025/11/08 14:46:50 INFO session removed token=684c9869-6452-4aff-9023-0daef945726b
2025/11/08 14:46:50 INFO session created token=b04ff8d9-6730-440b-a41a-813cc5f0e933 name=User_78_24
2025/11/08 14:46:50 INFO session updated token=b04ff8d9-6730-440b-a41a-813cc5f0e933 tableID=0xc0004c8180 seatIndex=0xc0004bb600
2025/11/08 14:46:50 INFO session removed token=b04ff8d9-6730-440b-a41a-813cc5f0e933
2025/11/08 14:46:50 INFO session created token=89e0f2b7-f2cc-4bba-b1df-371e44319430 name=User_78_25
2025/11/08 14:46:50 INFO session updated token=89e0f2b7-f2cc-4bba-b1df-371e44319430 tableID=0xc0004c81d0 seatIndex=0xc0004bb650
2025/11/08 14:46:50 INFO session removed token=89e0f2b7-f2cc-4bba-b1df-371e44319430
2025/11/08 14:46:50 INFO session created token=68399964-353e-4516-a65a-e6ce27091bec name=User_78_26
2025/11/08 14:46:50 INFO session updated token=68399964-353e-4516-a65a-e6ce27091bec tableID=0xc0004c8220 seatIndex=0xc0004bb6a0
2025/11/08 14:46:50 INFO session removed token=68399964-353e-4516-a65a-e6ce27091bec
2025/11/08 14:46:50 INFO session created token=c27aab06-8c91-41b2-9115-4da2f75db96a name=User_78_27
2025/11/08 14:46:50 INFO session updated token=c27aab06-8c91-41b2-9115-4da2f75db96a tableID=0xc0004c8270 seatIndex=0xc0004bb6f0
2025/11/08 14:46:50 INFO session removed token=c27aab06-8c91-41b2-9115-4da2f75db96a
2025/11/08 14:46:50 INFO session created token=81590881-0f2a-483b-9c2b-1d3cd3680152 name=User_78_28
2025/11/08 14:46:50 INFO session updated token=81590881-0f2a-483b-9c2b-1d3cd3680152 tableID=0xc0004c82c0 seatIndex=0xc0004bb740
2025/11/08 14:46:50 INFO session removed token=81590881-0f2a-483b-9c2b-1d3cd3680152
2025/11/08 14:46:50 INFO session created token=99ecfee7-0f75-4fdb-a55a-a7adfdb6d801 name=User_78_29
2025/11/08 14:46:50 INFO session updated token=99ecfee7-0f75-4fdb-a55a-a7adfdb6d801 tableID=0xc0004c8310 seatIndex=0xc0004bb790
2025/11/08 14:46:50 INFO session removed token=99ecfee7-0f75-4fdb-a55a-a7adfdb6d801
2025/11/08 14:46:50 INFO session created token=da8143b3-8758-4eaa-8363-ec422d07ec1d name=User_78_30
2025/11/08 14:46:50 INFO session updated token=da8143b3-8758-4eaa-8363-ec422d07ec1d tableID=0xc0004c8360 seatIndex=0xc0004bb7e0
2025/11/08 14:46:50 INFO session removed token=da8143b3-8758-4eaa-8363-ec422d07ec1d
2025/11/08 14:46:50 INFO session created token=f060d09a-e6f3-49fb-b443-0836a4db35ad name=User_78_31
2025/11/08 14:46:50 INFO session updated token=f060d09a-e6f3-49fb-b443-0836a4db35ad tableID=0xc0004c83b0 seatIndex=0xc0004bb830
2025/11/08 14:46:50 INFO session removed token=f060d09a-e6f3-49fb-b443-0836a4db35ad
2025/11/08 14:46:50 INFO session created token=0b292d0c-9f30-4d85-a083-c454426b80d0 name=User_78_32
2025/11/08 14:46:50 INFO session updated token=0b292d0c-9f30-4d85-a083-c454426b80d0 tableID=0xc0004c8400 seatIndex=0xc0004bb880
2025/11/08 14:46:50 INFO session removed token=0b292d0c-9f30-4d85-a083-c454426b80d0
2025/11/08 14:46:50 INFO session created token=66226149-df6f-4dad-ba14-d8462ed1a663 name=User_78_33
2025/11/08 14:46:50 INFO session updated token=66226149-df6f-4dad-ba14-d8462ed1a663 tableID=0xc0004c8450 seatIndex=0xc0004bb8d0
2025/11/08 14:46:50 INFO session removed token=66226149-df6f-4dad-ba14-d8462ed1a663
2025/11/08 14:46:50 INFO session created token=5e69ca8f-e9a0-4233-8ede-f22063757fc0 name=User_78_34
2025/11/08 14:46:50 INFO session updated token=5e69ca8f-e9a0-4233-8ede-f22063757fc0 tableID=0xc0004c84a0 seatIndex=0xc0004bb920
2025/11/08 14:46:50 INFO session removed token=5e69ca8f-e9a0-4233-8ede-f22063757fc0
2025/11/08 14:46:50 INFO session created token=25b44fc5-1a8c-4ccb-a475-9cdef17ba3f2 name=User_78_35
2025/11/08 14:46:50 INFO session updated token=25b44fc5-1a8c-4ccb-a475-9cdef17ba3f2 tableID=0xc0004c84f0 seatIndex=0xc0004bb970
2025/11/08 14:46:50 INFO session removed token=25b44fc5-1a8c-4ccb-a475-9cdef17ba3f2
2025/11/08 14:46:50 INFO session created token=0316114d-90d1-482b-8396-8c9916356d7b name=User_78_36
2025/11/08 14:46:50 INFO session updated token=0316114d-90d1-482b-8396-8c9916356d7b tableID=0xc0004c8540 seatIndex=0xc0004bb9c0
2025/11/08 14:46:50 INFO session removed token=0316114d-90d1-482b-8396-8c9916356d7b
2025/11/08 14:46:50 INFO session created token=2ff8b675-9ecc-4126-ace9-0e19469d8240 name=User_78_37
2025/11/08 14:46:50 INFO session updated token=2ff8b675-9ecc-4126-ace9-0e19469d8240 tableID=0xc0004c8590 seatIndex=0xc0004bba10
2025/11/08 14:46:50 INFO session removed token=2ff8b675-9ecc-4126-ace9-0e19469d8240
2025/11/08 14:46:50 INFO session created token=9c4cd901-a351-43e3-ae60-2e8479c198d0 name=User_78_38
2025/11/08 14:46:50 INFO session updated token=9c4cd901-a351-43e3-ae60-2e8479c198d0 tableID=0xc0004c85e0 seatIndex=0xc0004bba60
2025/11/08 14:46:50 INFO session removed token=9c4cd901-a351-43e3-ae60-2e8479c198d0
2025/11/08 14:46:50 INFO session created token=e51a0f08-cfc6-4c32-b36e-ba4deb0f056c name=User_78_39
2025/11/08 14:46:50 INFO session updated token=e51a0f08-cfc6-4c32-b36e-ba4deb0f056c tableID=0xc0004c8630 seatIndex=0xc0004bbab0
2025/11/08 14:46:50 INFO session removed token=e51a0f08-cfc6-4c32-b36e-ba4deb0f056c
2025/11/08 14:46:50 INFO session created token=1e60cb82-b2c7-4050-af5c-dd8634f117b5 name=User_78_40
2025/11/08 14:46:50 INFO session updated token=1e60cb82-b2c7-4050-af5c-dd8634f117b5 tableID=0xc0004c8680 seatIndex=0xc0004bbb00
2025/11/08 14:46:50 INFO session removed token=1e60cb82-b2c7-4050-af5c-dd8634f117b5
2025/11/08 14:46:50 INFO session created token=8cfa47c7-44e6-485a-9083-661b5577faca name=User_78_41
2025/11/08 14:46:50 INFO session updated token=8cfa47c7-44e6-485a-9083-661b5577faca tableID=0xc0004c86d0 seatIndex=0xc0004bbb50
2025/11/08 14:46:50 INFO session removed token=8cfa47c7-44e6-485a-9083-661b5577faca
2025/11/08 14:46:50 INFO session created token=1628ee3b-398c-44f6-ad14-7201733a31f2 name=User_78_42
2025/11/08 14:46:50 INFO session updated token=1628ee3b-398c-44f6-ad14-7201733a31f2 tableID=0xc0004c8720 seatIndex=0xc0004bbba0
2025/11/08 14:46:50 INFO session removed token=1628ee3b-398c-44f6-ad14-7201733a31f2
2025/11/08 14:46:50 INFO session created token=eb5eea02-0430-4177-976e-e891f4425315 name=User_78_43
2025/11/08 14:46:50 INFO session updated token=eb5eea02-0430-4177-976e-e891f4425315 tableID=0xc0004c8770 seatIndex=0xc0004bbbf0
2025/11/08 14:46:50 INFO session removed token=eb5eea02-0430-4177-976e-e891f4425315
2025/11/08 14:46:50 INFO session created token=e4130cd5-19c8-4441-96cb-7b654d0e039e name=User_78_44
2025/11/08 14:46:50 INFO session updated token=e4130cd5-19c8-4441-96cb-7b654d0e039e tableID=0xc0004c87c0 seatIndex=0xc0004bbc40
2025/11/08 14:46:50 INFO session removed token=e4130cd5-19c8-4441-96cb-7b654d0e039e
2025/11/08 14:46:50 INFO session created token=018d47ae-5476-4cab-8430-4856a68cd3bb name=User_78_45
2025/11/08 14:46:50 INFO session updated token=018d47ae-5476-4cab-8430-4856a68cd3bb tableID=0xc0004c8810 seatIndex=0xc0004bbc90
2025/11/08 14:46:50 INFO session removed token=018d47ae-5476-4cab-8430-4856a68cd3bb
2025/11/08 14:46:50 INFO session created token=64a99a97-0e41-40b0-9508-248e7a4a6b68 name=User_78_46
2025/11/08 14:46:50 INFO session updated token=64a99a97-0e41-40b0-9508-248e7a4a6b68 tableID=0xc0004c8860 seatIndex=0xc0004bbce0
2025/11/08 14:46:50 INFO session removed token=64a99a97-0e41-40b0-9508-248e7a4a6b68
2025/11/08 14:46:50 INFO session created token=72a12be0-813e-4610-94a9-8ad7827b97cf name=User_78_47
2025/11/08 14:46:50 INFO session updated token=72a12be0-813e-4610-94a9-8ad7827b97cf tableID=0xc0004c88b0 seatIndex=0xc0004bbd30
2025/11/08 14:46:50 INFO session removed token=72a12be0-813e-4610-94a9-8ad7827b97cf
2025/11/08 14:46:50 INFO session created token=2d992886-9253-449f-b075-5e6f2b59db0e name=User_78_48
2025/11/08 14:46:50 INFO session updated token=2d992886-9253-449f-b075-5e6f2b59db0e tableID=0xc0004c8900 seatIndex=0xc0004bbd80
2025/11/08 14:46:50 INFO session removed token=2d992886-9253-449f-b075-5e6f2b59db0e
2025/11/08 14:46:50 INFO session created token=fcdeb95b-afe4-4d14-8a32-3ef0a9a8cbf7 name=User_78_49
2025/11/08 14:46:50 INFO session updated token=fcdeb95b-afe4-4d14-8a32-3ef0a9a8cbf7 tableID=0xc0004c8950 seatIndex=0xc0004bbdd0
2025/11/08 14:46:50 INFO session removed token=fcdeb95b-afe4-4d14-8a32-3ef0a9a8cbf7
2025/11/08 14:46:50 INFO session created token=8354d006-0a9a-4576-8d98-d069b523d9db name=User_78_50
2025/11/08 14:46:50 INFO session updated token=8354d006-0a9a-4576-8d98-d069b523d9db tableID=0xc0004c89a0 seatIndex=0xc0004bbe20
2025/11/08 14:46:50 INFO session removed token=8354d006-0a9a-4576-8d98-d069b523d9db
2025/11/08 14:46:50 INFO session created token=3298bd20-8dc3-4abc-b778-75a5853385a8 name=User_78_51
2025/11/08 14:46:50 INFO session updated token=3298bd20-8dc3-4abc-b778-75a5853385a8 tableID=0xc0004c89f0 seatIndex=0xc0004bbe70
2025/11/08 14:46:50 INFO session removed token=3298bd20-8dc3-4abc-b778-75a5853385a8
2025/11/08 14:46:50 INFO session created token=a133a6a1-5a1a-48d2-9b02-cd47155dfab2 name=User_78_52
2025/11/08 14:46:50 INFO session updated token=a133a6a1-5a1a-48d2-9b02-cd47155dfab2 tableID=0xc0004c8a40 seatIndex=0xc0004bbec0
2025/11/08 14:46:50 INFO session removed token=a133a6a1-5a1a-48d2-9b02-cd47155dfab2
2025/11/08 14:46:50 INFO session created token=6441d619-354b-4bab-a1b1-9df61112e243 name=User_78_53
2025/11/08 14:46:50 INFO session updated token=6441d619-354b-4bab-a1b1-9df61112e243 tableID=0xc0004c8a90 seatIndex=0xc0004bbf10
2025/11/08 14:46:50 INFO session removed token=6441d619-354b-4bab-a1b1-9df61112e243
2025/11/08 14:46:50 INFO session created token=d546d628-89e6-48a8-97ad-dec05e95cc8c name=User_78_54
2025/11/08 14:46:50 INFO session updated token=d546d628-89e6-48a8-97ad-dec05e95cc8c tableID=0xc0004c8ae0 seatIndex=0xc0004bbf60
2025/11/08 14:46:50 INFO session removed token=d546d628-89e6-48a8-97ad-dec05e95cc8c
2025/11/08 14:46:50 INFO session created token=f60d9bca-e0fa-413a-9056-d7464a110638 name=User_78_55
2025/11/08 14:46:50 INFO session updated token=f60d9bca-e0fa-413a-9056-d7464a110638 tableID=0xc0004c8b30 seatIndex=0xc0004bbfb0
2025/11/08 14:46:50 INFO session removed token=f60d9bca-e0fa-413a-9056-d7464a110638
2025/11/08 14:46:50 INFO session created token=b453e43e-229c-4ca7-8328-3ac66f094e4c name=User_78_56
2025/11/08 14:46:50 INFO session updated token=b453e43e-229c-4ca7-8328-3ac66f094e4c tableID=0xc0004c8b80 seatIndex=0xc0004ca000
2025/11/08 14:46:50 INFO session removed token=b453e43e-229c-4ca7-8328-3ac66f094e4c
2025/11/08 14:46:50 INFO session created token=09f6d94e-7233-47a0-b73f-7dc7d20fd7b8 name=User_78_57
2025/11/08 14:46:50 INFO session updated token=09f6d94e-7233-47a0-b73f-7dc7d20fd7b8 tableID=0xc0004c8bd0 seatIndex=0xc0004ca050
2025/11/08 14:46:50 INFO session removed token=09f6d94e-7233-47a0-b73f-7dc7d20fd7b8
2025/11/08 14:46:50 INFO session created token=d46dcd87-15f6-4158-a5e6-253aed60526c name=User_78_58
2025/11/08 14:46:50 INFO session updated token=d46dcd87-15f6-4158-a5e6-253aed60526c tableID=0xc0004c8c20 seatIndex=0xc0004ca0a0
2025/11/08 14:46:50 INFO session removed token=d46dcd87-15f6-4158-a5e6-253aed60526c
2025/11/08 14:46:50 INFO session created token=eb6f13f8-ef6c-4b06-b88a-1f6c0a21a358 name=User_78_59
2025/11/08 14:46:50 INFO session updated token=eb6f13f8-ef6c-4b06-b88a-1f6c0a21a358 tableID=0xc0004c8c70 seatIndex=0xc0004ca0f0
2025/11/08 14:46:50 INFO session removed token=eb6f13f8-ef6c-4b06-b88a-1f6c0a21a358
2025/11/08 14:46:50 INFO session created token=3a7a53d4-14cf-409d-8da2-9c481af414d3 name=User_78_60
2025/11/08 14:46:50 INFO session updated token=3a7a53d4-14cf-409d-8da2-9c481af414d3 tableID=0xc0004c8cc0 seatIndex=0xc0004ca140
2025/11/08 14:46:50 INFO session removed token=3a7a53d4-14cf-409d-8da2-9c481af414d3
2025/11/08 14:46:50 INFO session created token=b201e4ff-10df-4268-9e58-d230be252459 name=User_78_61
2025/11/08 14:46:50 INFO session updated token=b201e4ff-10df-4268-9e58-d230be252459 tableID=0xc0004c8d10 seatIndex=0xc0004ca190
2025/11/08 14:46:50 INFO session removed token=b201e4ff-10df-4268-9e58-d230be252459
2025/11/08 14:46:50 INFO session created token=602d7188-d325-473f-b5b4-70cf5a29610c name=User_78_62
2025/11/08 14:46:50 INFO session updated token=602d7188-d325-473f-b5b4-70cf5a29610c tableID=0xc0004c8d60 seatIndex=0xc0004ca1e0
2025/11/08 14:46:50 INFO session removed token=602d7188-d325-473f-b5b4-70cf5a29610c
2025/11/08 14:46:50 INFO session created token=4a2a6fa1-a9b6-483b-8120-8a16a79b749d name=User_78_63
2025/11/08 14:46:50 INFO session updated token=4a2a6fa1-a9b6-483b-8120-8a16a79b749d tableID=0xc0004c8db0 seatIndex=0xc0004ca230
2025/11/08 14:46:50 INFO session removed token=4a2a6fa1-a9b6-483b-8120-8a16a79b749d
2025/11/08 14:46:50 INFO session created token=676badf1-a31e-4c7a-b88f-24274a5631e8 name=User_78_64
2025/11/08 14:46:50 INFO session updated token=676badf1-a31e-4c7a-b88f-24274a5631e8 tableID=0xc0004c8e00 seatIndex=0xc0004ca280
2025/11/08 14:46:50 INFO session removed token=676badf1-a31e-4c7a-b88f-24274a5631e8
2025/11/08 14:46:50 INFO session created token=f60b9724-6871-4bf8-917b-498ca0bcb7b2 name=User_78_65
2025/11/08 14:46:50 INFO session updated token=f60b9724-6871-4bf8-917b-498ca0bcb7b2 tableID=0xc0004c8e50 seatIndex=0xc0004ca2d0
2025/11/08 14:46:50 INFO session removed token=f60b9724-6871-4bf8-917b-498ca0bcb7b2
2025/11/08 14:46:50 INFO session created token=8f664c70-f125-4ea4-b738-17a30919fc00 name=User_78_66
2025/11/08 14:46:50 INFO session updated token=8f664c70-f125-4ea4-b738-17a30919fc00 tableID=0xc0004c8ea0 seatIndex=0xc0004ca320
2025/11/08 14:46:50 INFO session removed token=8f664c70-f125-4ea4-b738-17a30919fc00
2025/11/08 14:46:50 INFO session created token=072e76fb-ec4b-40b3-abd9-3ebe2ab07c68 name=User_78_67
2025/11/08 14:46:50 INFO session updated token=072e76fb-ec4b-40b3-abd9-3ebe2ab07c68 tableID=0xc0004c8ef0 seatIndex=0xc0004ca370
2025/11/08 14:46:50 INFO session removed token=072e76fb-ec4b-40b3-abd9-3ebe2ab07c68
2025/11/08 14:46:50 INFO session created token=d9bb6bad-59d9-408e-8cf0-315e7c7b540a name=User_78_68
2025/11/08 14:46:50 INFO session updated token=d9bb6bad-59d9-408e-8cf0-315e7c7b540a tableID=0xc0004c8f40 seatIndex=0xc0004ca3c0
2025/11/08 14:46:50 INFO session removed token=d9bb6bad-59d9-408e-8cf0-315e7c7b540a
2025/11/08 14:46:50 INFO session created token=7f64c395-0be9-41fe-bf00-60f5cb51f244 name=User_78_69
2025/11/08 14:46:50 INFO session updated token=7f64c395-0be9-41fe-bf00-60f5cb51f244 tableID=0xc0004c8f90 seatIndex=0xc0004ca410
2025/11/08 14:46:50 INFO session removed token=7f64c395-0be9-41fe-bf00-60f5cb51f244
2025/11/08 14:46:50 INFO session created token=30a0c9df-bb53-49fe-9737-09a3e2c6a60a name=User_78_70
2025/11/08 14:46:50 INFO session updated token=30a0c9df-bb53-49fe-9737-09a3e2c6a60a tableID=0xc0004c8fe0 seatIndex=0xc0004ca460
2025/11/08 14:46:50 INFO session removed token=30a0c9df-bb53-49fe-9737-09a3e2c6a60a
2025/11/08 14:46:50 INFO session created token=77345ad1-3902-40a9-bb7e-e98dbc844a7d name=User_78_71
2025/11/08 14:46:50 INFO session updated token=77345ad1-3902-40a9-bb7e-e98dbc844a7d tableID=0xc0004c9030 seatIndex=0xc0004ca4b0
2025/11/08 14:46:50 INFO session removed token=77345ad1-3902-40a9-bb7e-e98dbc844a7d
2025/11/08 14:46:50 INFO session created token=580508fe-7161-49e8-835c-45c16db878dc name=User_78_72
2025/11/08 14:46:50 INFO session updated token=580508fe-7161-49e8-835c-45c16db878dc tableID=0xc0004c9080 seatIndex=0xc0004ca500
2025/11/08 14:46:50 INFO session removed token=580508fe-7161-49e8-835c-45c16db878dc
2025/11/08 14:46:50 INFO session created token=695ac559-0c7c-4870-b673-0294fc3a7ee8 name=User_78_73
2025/11/08 14:46:50 INFO session updated token=695ac559-0c7c-4870-b673-0294fc3a7ee8 tableID=0xc0004c90d0 seatIndex=0xc0004ca550
2025/11/08 14:46:50 INFO session removed token=695ac559-0c7c-4870-b673-0294fc3a7ee8
2025/11/08 14:46:50 INFO session created token=525ac920-f864-4dd7-ba5d-9f6f25abd04b name=User_78_74
2025/11/08 14:46:50 INFO session updated token=525ac920-f864-4dd7-ba5d-9f6f25abd04b tableID=0xc0004c9120 seatIndex=0xc0004ca5a0
2025/11/08 14:46:50 INFO session removed token=525ac920-f864-4dd7-ba5d-9f6f25abd04b
2025/11/08 14:46:50 INFO session created token=d3fd370d-a656-4585-b185-581250f71a7f name=User_78_75
2025/11/08 14:46:50 INFO session updated token=d3fd370d-a656-4585-b185-581250f71a7f tableID=0xc0004c9170 seatIndex=0xc0004ca5f0
2025/11/08 14:46:50 INFO session removed token=d3fd370d-a656-4585-b185-581250f71a7f
2025/11/08 14:46:50 INFO session created token=adcd4b66-411e-494a-ac77-0f95408ab90f name=User_78_76
2025/11/08 14:46:50 INFO session updated token=adcd4b66-411e-494a-ac77-0f95408ab90f tableID=0xc0004c91c0 seatIndex=0xc0004ca640
2025/11/08 14:46:50 INFO session removed token=adcd4b66-411e-494a-ac77-0f95408ab90f
2025/11/08 14:46:50 INFO session created token=e28088bf-22c8-496a-bd2b-198a43bbc1bb name=User_78_77
2025/11/08 14:46:50 INFO session updated token=e28088bf-22c8-496a-bd2b-198a43bbc1bb tableID=0xc0004c9210 seatIndex=0xc0004ca690
2025/11/08 14:46:50 INFO session removed token=e28088bf-22c8-496a-bd2b-198a43bbc1bb
2025/11/08 14:46:50 INFO session created token=fcdd7664-cacf-4eb2-b08b-615a2497c965 name=User_78_78
2025/11/08 14:46:50 INFO session updated token=fcdd7664-cacf-4eb2-b08b-615a2497c965 tableID=0xc0004c9260 seatIndex=0xc0004ca6e0
2025/11/08 14:46:50 INFO session removed token=fcdd7664-cacf-4eb2-b08b-615a2497c965
2025/11/08 14:46:50 INFO session created token=6e426a27-f3c2-4843-9b05-57b5ef77c4eb name=User_78_79
2025/11/08 14:46:50 INFO session updated token=6e426a27-f3c2-4843-9b05-57b5ef77c4eb tableID=0xc0004c92b0 seatIndex=0xc0004ca730
2025/11/08 14:46:50 INFO session removed token=6e426a27-f3c2-4843-9b05-57b5ef77c4eb
2025/11/08 14:46:50 INFO session created token=f1272508-6f52-4d2b-ae11-6fdea5397edb name=User_78_80
2025/11/08 14:46:50 INFO session updated token=f1272508-6f52-4d2b-ae11-6fdea5397edb tableID=0xc0004c9300 seatIndex=0xc0004ca780
2025/11/08 14:46:50 INFO session removed token=f1272508-6f52-4d2b-ae11-6fdea5397edb
2025/11/08 14:46:50 INFO session created token=1ec6f862-8b82-49b7-bdd8-a5c6e9623baf name=User_78_81
2025/11/08 14:46:50 INFO session updated token=1ec6f862-8b82-49b7-bdd8-a5c6e9623baf tableID=0xc0004c9350 seatIndex=0xc0004ca7d0
2025/11/08 14:46:50 INFO session removed token=1ec6f862-8b82-49b7-bdd8-a5c6e9623baf
2025/11/08 14:46:50 INFO session created token=79526b08-bd0d-4c4c-bc41-b8513c9dd8b4 name=User_78_82
2025/11/08 14:46:50 INFO session updated token=79526b08-bd0d-4c4c-bc41-b8513c9dd8b4 tableID=0xc0004c93a0 seatIndex=0xc0004ca820
2025/11/08 14:46:50 INFO session removed token=79526b08-bd0d-4c4c-bc41-b8513c9dd8b4
2025/11/08 14:46:50 INFO session created token=240d2680-0b55-43a4-a8de-eb11adf0da90 name=User_78_83
2025/11/08 14:46:50 INFO session updated token=240d2680-0b55-43a4-a8de-eb11adf0da90 tableID=0xc0004c93f0 seatIndex=0xc0004ca870
2025/11/08 14:46:50 INFO session removed token=240d2680-0b55-43a4-a8de-eb11adf0da90
2025/11/08 14:46:50 INFO session created token=b7a75397-71f7-4b55-9038-35b776eb3497 name=User_78_84
2025/11/08 14:46:50 INFO session updated token=b7a75397-71f7-4b55-9038-35b776eb3497 tableID=0xc0004c9440 seatIndex=0xc0004ca8c0
2025/11/08 14:46:50 INFO session removed token=b7a75397-71f7-4b55-9038-35b776eb3497
2025/11/08 14:46:50 INFO session created token=aac8aec9-0de3-4d53-bffc-ae46caa20827 name=User_78_85
2025/11/08 14:46:50 INFO session updated token=aac8aec9-0de3-4d53-bffc-ae46caa20827 tableID=0xc0004c9490 seatIndex=0xc0004ca910
2025/11/08 14:46:50 INFO session removed token=aac8aec9-0de3-4d53-bffc-ae46caa20827
2025/11/08 14:46:50 INFO session created token=95dbf836-d713-42a6-abde-a303e0bf8dc9 name=User_78_86
2025/11/08 14:46:50 INFO session updated token=95dbf836-d713-42a6-abde-a303e0bf8dc9 tableID=0xc0004c94e0 seatIndex=0xc0004ca960
2025/11/08 14:46:50 INFO session removed token=95dbf836-d713-42a6-abde-a303e0bf8dc9
2025/11/08 14:46:50 INFO session created token=6bff0b6d-8c96-4562-839d-44d395923271 name=User_78_87
2025/11/08 14:46:50 INFO session updated token=6bff0b6d-8c96-4562-839d-44d395923271 tableID=0xc0004c9530 seatIndex=0xc0004ca9b0
2025/11/08 14:46:50 INFO session removed token=6bff0b6d-8c96-4562-839d-44d395923271
2025/11/08 14:46:50 INFO session created token=a9d5cc8a-d45b-4c5b-974a-02eff534b77d name=User_78_88
2025/11/08 14:46:50 INFO session updated token=a9d5cc8a-d45b-4c5b-974a-02eff534b77d tableID=0xc0004c9580 seatIndex=0xc0004caa00
2025/11/08 14:46:50 INFO session removed token=a9d5cc8a-d45b-4c5b-974a-02eff534b77d
2025/11/08 14:46:50 INFO session created token=34f3279e-4206-43ff-9d74-5cc72da02d33 name=User_78_89
2025/11/08 14:46:50 INFO session updated token=34f3279e-4206-43ff-9d74-5cc72da02d33 tableID=0xc0004c95d0 seatIndex=0xc0004caa50
2025/11/08 14:46:50 INFO session removed token=34f3279e-4206-43ff-9d74-5cc72da02d33
2025/11/08 14:46:50 INFO session created token=53686413-0172-44a5-ba9b-d0e4ce372003 name=User_78_90
2025/11/08 14:46:50 INFO session updated token=53686413-0172-44a5-ba9b-d0e4ce372003 tableID=0xc0004c9620 seatIndex=0xc0004caaa0
2025/11/08 14:46:50 INFO session removed token=53686413-0172-44a5-ba9b-d0e4ce372003
2025/11/08 14:46:50 INFO session created token=dcb792ce-744f-41ed-b854-3db7c2f45426 name=User_78_91
2025/11/08 14:46:50 INFO session updated token=dcb792ce-744f-41ed-b854-3db7c2f45426 tableID=0xc0004c9670 seatIndex=0xc0004caaf0
2025/11/08 14:46:50 INFO session removed token=dcb792ce-744f-41ed-b854-3db7c2f45426
2025/11/08 14:46:50 INFO session created token=8baade2c-1f6f-4dd1-91db-2e117f998154 name=User_78_92
2025/11/08 14:46:50 INFO session updated token=8baade2c-1f6f-4dd1-91db-2e117f998154 tableID=0xc0004c96c0 seatIndex=0xc0004cab40
2025/11/08 14:46:50 INFO session removed token=8baade2c-1f6f-4dd1-91db-2e117f998154
2025/11/08 14:46:50 INFO session created token=a1834c1f-f571-4453-ad1c-828df910500c name=User_78_93
2025/11/08 14:46:50 INFO session updated token=a1834c1f-f571-4453-ad1c-828df910500c tableID=0xc0004c9710 seatIndex=0xc0004cab90
2025/11/08 14:46:50 INFO session removed token=a1834c1f-f571-4453-ad1c-828df910500c
2025/11/08 14:46:50 INFO session created token=901fa0d1-d241-4d36-a4da-8ef3883f0a42 name=User_78_94
2025/11/08 14:46:50 INFO session updated token=901fa0d1-d241-4d36-a4da-8ef3883f0a42 tableID=0xc0004c9760 seatIndex=0xc0004cabe0
2025/11/08 14:46:50 INFO session removed token=901fa0d1-d241-4d36-a4da-8ef3883f0a42
2025/11/08 14:46:50 INFO session created token=ed3e7e13-5d9d-4aa8-b0d8-cbf5c2151549 name=User_78_95
2025/11/08 14:46:50 INFO session updated token=ed3e7e13-5d9d-4aa8-b0d8-cbf5c2151549 tableID=0xc0004c97b0 seatIndex=0xc0004cac30
2025/11/08 14:46:50 INFO session removed token=ed3e7e13-5d9d-4aa8-b0d8-cbf5c2151549
2025/11/08 14:46:50 INFO session created token=cc1f0e1e-67a2-4a7d-a441-9d8f1cd71538 name=User_78_96
2025/11/08 14:46:50 INFO session updated token=cc1f0e1e-67a2-4a7d-a441-9d8f1cd71538 tableID=0xc0004c9800 seatIndex=0xc0004cac80
2025/11/08 14:46:50 INFO session removed token=cc1f0e1e-67a2-4a7d-a441-9d8f1cd71538
2025/11/08 14:46:50 INFO session created token=6f4d6920-fd32-4e24-a08e-4d297ca7c6eb name=User_78_97
2025/11/08 14:46:50 INFO session updated token=6f4d6920-fd32-4e24-a08e-4d297ca7c6eb tableID=0xc0004c9850 seatIndex=0xc0004cacd0
2025/11/08 14:46:50 INFO session removed token=6f4d6920-fd32-4e24-a08e-4d297ca7c6eb
2025/11/08 14:46:50 INFO session created token=f6a0cbd4-0cfb-4564-a139-46e631ba8d5d name=User_78_98
2025/11/08 14:46:50 INFO session updated token=f6a0cbd4-0cfb-4564-a139-46e631ba8d5d tableID=0xc0004c98a0 seatIndex=0xc0004cad20
2025/11/08 14:46:50 INFO session removed token=f6a0cbd4-0cfb-4564-a139-46e631ba8d5d
2025/11/08 14:46:50 INFO session created token=e0c7ea57-2af9-44b1-ad20-7d5883e15dfc name=User_78_99
2025/11/08 14:46:50 INFO session updated token=e0c7ea57-2af9-44b1-ad20-7d5883e15dfc tableID=0xc0004c98f0 seatIndex=0xc0004cad70
2025/11/08 14:46:50 INFO session removed token=e0c7ea57-2af9-44b1-ad20-7d5883e15dfc
2025/11/08 14:46:50 INFO session updated token=37ee69ed-c419-4513-af99-1cc542da175e tableID=0xc0005c2d70 seatIndex=0xc0005c6900
2025/11/08 14:46:50 INFO session removed token=37ee69ed-c419-4513-af99-1cc542da175e
2025/11/08 14:46:50 INFO session created token=aaa9688f-ff80-4c60-9228-6e87045bc811 name=User_26_80
2025/11/08 14:46:50 INFO session updated token=aaa9688f-ff80-4c60-9228-6e87045bc811 tableID=0xc0004c9960 seatIndex=0xc0004cade0
2025/11/08 14:46:50 INFO session removed token=aaa9688f-ff80-4c60-9228-6e87045bc811
2025/11/08 14:46:50 INFO session created token=19facac7-5def-4606-90eb-71b2cfa687e2 name=User_26_81
2025/11/08 14:46:50 INFO session updated token=19facac7-5def-4606-90eb-71b2cfa687e2 tableID=0xc0004c99b0 seatIndex=0xc0004cae30
2025/11/08 14:46:50 INFO session removed token=19facac7-5def-4606-90eb-71b2cfa687e2
2025/11/08 14:46:50 INFO session created token=23dace0c-f3f3-467c-8f37-ff4261083b62 name=User_26_82
2025/11/08 14:46:50 INFO session updated token=23dace0c-f3f3-467c-8f37-ff4261083b62 tableID=0xc0004c9a00 seatIndex=0xc0004cae80
2025/11/08 14:46:50 INFO session removed token=23dace0c-f3f3-467c-8f37-ff4261083b62
2025/11/08 14:46:50 INFO session created token=10a23701-170e-4c75-af96-716821b65f1f name=User_26_83
2025/11/08 14:46:50 INFO session updated token=10a23701-170e-4c75-af96-716821b65f1f tableID=0xc0004c9a50 seatIndex=0xc0004caed0
2025/11/08 14:46:50 INFO session removed token=10a23701-170e-4c75-af96-716821b65f1f
2025/11/08 14:46:50 INFO session created token=e41ba43b-3d18-4d28-b888-b5d7f6aee7d3 name=User_26_84
2025/11/08 14:46:50 INFO session updated token=e41ba43b-3d18-4d28-b888-b5d7f6aee7d3 tableID=0xc0004c9aa0 seatIndex=0xc0004caf20
2025/11/08 14:46:50 INFO session removed token=e41ba43b-3d18-4d28-b888-b5d7f6aee7d3
2025/11/08 14:46:50 INFO session created token=1ca95d15-bbb1-4157-8ab7-9b22bd65b5c3 name=User_26_85
2025/11/08 14:46:50 INFO session updated token=1ca95d15-bbb1-4157-8ab7-9b22bd65b5c3 tableID=0xc0004c9af0 seatIndex=0xc0004caf70
2025/11/08 14:46:50 INFO session removed token=1ca95d15-bbb1-4157-8ab7-9b22bd65b5c3
2025/11/08 14:46:50 INFO session created token=825f84c5-ff7e-49b3-a8fe-ce7007a2007b name=User_26_86
2025/11/08 14:46:50 INFO session updated token=825f84c5-ff7e-49b3-a8fe-ce7007a2007b tableID=0xc0004c9b40 seatIndex=0xc0004cafc0
2025/11/08 14:46:50 INFO session removed token=825f84c5-ff7e-49b3-a8fe-ce7007a2007b
2025/11/08 14:46:50 INFO session created token=85b8c1fb-14f6-4bc4-8cef-47d5d4e0f1a6 name=User_26_87
2025/11/08 14:46:50 INFO session updated token=85b8c1fb-14f6-4bc4-8cef-47d5d4e0f1a6 tableID=0xc0004c9b90 seatIndex=0xc0004cb010
2025/11/08 14:46:50 INFO session removed token=85b8c1fb-14f6-4bc4-8cef-47d5d4e0f1a6
2025/11/08 14:46:50 INFO session created token=13d7724b-dc5f-42a1-935c-6f7531f9e539 name=User_26_88
2025/11/08 14:46:50 INFO session updated token=13d7724b-dc5f-42a1-935c-6f7531f9e539 tableID=0xc0004c9be0 seatIndex=0xc0004cb060
2025/11/08 14:46:50 INFO session removed token=13d7724b-dc5f-42a1-935c-6f7531f9e539
2025/11/08 14:46:50 INFO session created token=85e63d60-866c-47d4-8c66-6c8fb0335a74 name=User_26_89
2025/11/08 14:46:50 INFO session updated token=85e63d60-866c-47d4-8c66-6c8fb0335a74 tableID=0xc0004c9c30 seatIndex=0xc0004cb0b0
2025/11/08 14:46:50 INFO session removed token=85e63d60-866c-47d4-8c66-6c8fb0335a74
2025/11/08 14:46:50 INFO session created token=e451e460-7a88-4a04-8539-a420a5a5b7c8 name=User_26_90
2025/11/08 14:46:50 INFO session updated token=e451e460-7a88-4a04-8539-a420a5a5b7c8 tableID=0xc0004c9c80 seatIndex=0xc0004cb100
2025/11/08 14:46:50 INFO session removed token=e451e460-7a88-4a04-8539-a420a5a5b7c8
2025/11/08 14:46:50 INFO session created token=22220379-0042-4fef-a7e3-692eaa0f3ac7 name=User_26_91
2025/11/08 14:46:50 INFO session updated token=22220379-0042-4fef-a7e3-692eaa0f3ac7 tableID=0xc0004c9cd0 seatIndex=0xc0004cb150
2025/11/08 14:46:50 INFO session removed token=22220379-0042-4fef-a7e3-692eaa0f3ac7
2025/11/08 14:46:50 INFO session created token=231b025c-a6b1-48d3-9ebd-d058de6227d3 name=User_26_92
2025/11/08 14:46:50 INFO session updated token=231b025c-a6b1-48d3-9ebd-d058de6227d3 tableID=0xc0004c9d20 seatIndex=0xc0004cb1a0
2025/11/08 14:46:50 INFO session removed token=231b025c-a6b1-48d3-9ebd-d058de6227d3
2025/11/08 14:46:50 INFO session created token=1a1abce3-f61e-4b1d-b172-2e1d8b44a206 name=User_26_93
2025/11/08 14:46:50 INFO session updated token=1a1abce3-f61e-4b1d-b172-2e1d8b44a206 tableID=0xc0004c9d70 seatIndex=0xc0004cb1f0
2025/11/08 14:46:50 INFO session removed token=1a1abce3-f61e-4b1d-b172-2e1d8b44a206
2025/11/08 14:46:50 INFO session created token=913ae09d-3825-45c2-9fa7-b3f964f2a627 name=User_26_94
2025/11/08 14:46:50 INFO session updated token=913ae09d-3825-45c2-9fa7-b3f964f2a627 tableID=0xc0004c9dc0 seatIndex=0xc0004cb240
2025/11/08 14:46:50 INFO session removed token=913ae09d-3825-45c2-9fa7-b3f964f2a627
2025/11/08 14:46:50 INFO session created token=335a868d-d59b-410d-9c1f-ace646e0354c name=User_26_95
2025/11/08 14:46:50 INFO session updated token=335a868d-d59b-410d-9c1f-ace646e0354c tableID=0xc0004c9e10 seatIndex=0xc0004cb290
2025/11/08 14:46:50 INFO session removed token=335a868d-d59b-410d-9c1f-ace646e0354c
2025/11/08 14:46:50 INFO session created token=dabcd18f-d953-4831-bf7f-da9d937c7611 name=User_26_96
2025/11/08 14:46:50 INFO session updated token=dabcd18f-d953-4831-bf7f-da9d937c7611 tableID=0xc0004c9e60 seatIndex=0xc0004cb2e0
2025/11/08 14:46:50 INFO session removed token=dabcd18f-d953-4831-bf7f-da9d937c7611
2025/11/08 14:46:50 INFO session created token=afccd364-171e-471c-9603-3fea43513c6a name=User_26_97
2025/11/08 14:46:50 INFO session updated token=afccd364-171e-471c-9603-3fea43513c6a tableID=0xc0004c9eb0 seatIndex=0xc0004cb330
2025/11/08 14:46:50 INFO session removed token=afccd364-171e-471c-9603-3fea43513c6a
2025/11/08 14:46:50 INFO session created token=ba24c244-f7b3-4c4f-b348-f7660d44fb5b name=User_26_98
2025/11/08 14:46:50 INFO session updated token=ba24c244-f7b3-4c4f-b348-f7660d44fb5b tableID=0xc0004c9f00 seatIndex=0xc0004cb380
2025/11/08 14:46:50 INFO session removed token=ba24c244-f7b3-4c4f-b348-f7660d44fb5b
2025/11/08 14:46:50 INFO session created token=ec1e739d-ce3f-4da0-9bf2-feea734f66b6 name=User_26_99
2025/11/08 14:46:50 INFO session updated token=ec1e739d-ce3f-4da0-9bf2-feea734f66b6 tableID=0xc0004c9f50 seatIndex=0xc0004cb3d0
2025/11/08 14:46:50 INFO session removed token=ec1e739d-ce3f-4da0-9bf2-feea734f66b6
2025/11/08 14:46:50 INFO session removed token=206b1bf9-8e11-4f88-a381-aa74b3ff2c6f
2025/11/08 14:46:50 INFO session created token=025f9064-6268-4723-a024-5a94b4f56290 name=User_68_5
2025/11/08 14:46:50 INFO session updated token=025f9064-6268-4723-a024-5a94b4f56290 tableID=0xc0004ce030 seatIndex=0xc0004cb420
2025/11/08 14:46:50 INFO session removed token=025f9064-6268-4723-a024-5a94b4f56290
2025/11/08 14:46:50 INFO session created token=1d2e4671-5f4c-4bac-aa1d-7e1e583957d9 name=User_68_6
2025/11/08 14:46:50 INFO session updated token=1d2e4671-5f4c-4bac-aa1d-7e1e583957d9 tableID=0xc0004ce080 seatIndex=0xc0004cb470
2025/11/08 14:46:50 INFO session removed token=1d2e4671-5f4c-4bac-aa1d-7e1e583957d9
2025/11/08 14:46:50 INFO session created token=f4b36b44-42ee-4e50-8bf5-53d217ecd6c0 name=User_68_7
2025/11/08 14:46:50 INFO session updated token=f4b36b44-42ee-4e50-8bf5-53d217ecd6c0 tableID=0xc0004ce0d0 seatIndex=0xc0004cb4c0
2025/11/08 14:46:50 INFO session removed token=f4b36b44-42ee-4e50-8bf5-53d217ecd6c0
2025/11/08 14:46:50 INFO session created token=58a60fdb-b08c-4e36-82ab-39256f281dc0 name=User_68_8
2025/11/08 14:46:50 INFO session updated token=58a60fdb-b08c-4e36-82ab-39256f281dc0 tableID=0xc0004ce120 seatIndex=0xc0004cb510
2025/11/08 14:46:50 INFO session removed token=58a60fdb-b08c-4e36-82ab-39256f281dc0
2025/11/08 14:46:50 INFO session created token=f614436b-755e-4462-9488-b2de0b523a70 name=User_68_9
2025/11/08 14:46:50 INFO session updated token=f614436b-755e-4462-9488-b2de0b523a70 tableID=0xc0004ce170 seatIndex=0xc0004cb560
2025/11/08 14:46:50 INFO session removed token=f614436b-755e-4462-9488-b2de0b523a70
2025/11/08 14:46:50 INFO session created token=24e00e1c-e3d7-4292-bb36-3f03c04ca08e name=User_68_10
2025/11/08 14:46:50 INFO session updated token=24e00e1c-e3d7-4292-bb36-3f03c04ca08e tableID=0xc0004ce1c0 seatIndex=0xc0004cb5b0
2025/11/08 14:46:50 INFO session removed token=24e00e1c-e3d7-4292-bb36-3f03c04ca08e
2025/11/08 14:46:50 INFO session created token=fccd4527-9c9c-4828-9e33-837a66f5b27d name=User_68_11
2025/11/08 14:46:50 INFO session updated token=fccd4527-9c9c-4828-9e33-837a66f5b27d tableID=0xc0004ce210 seatIndex=0xc0004cb600
2025/11/08 14:46:50 INFO session removed token=fccd4527-9c9c-4828-9e33-837a66f5b27d
2025/11/08 14:46:50 INFO session created token=8d569a82-dd6f-44fa-bc4e-781883e87edc name=User_84_10
2025/11/08 14:46:50 INFO session created token=15d55876-57be-4f89-a21e-c3557ef5b155 name=User_68_12
2025/11/08 14:46:50 INFO session updated token=15d55876-57be-4f89-a21e-c3557ef5b155 tableID=0xc0004ce260 seatIndex=0xc0004cb650
2025/11/08 14:46:50 INFO session created token=129be7b4-d32f-493f-8b38-0413ecf948d1 name=User_53_6
2025/11/08 14:46:50 INFO session removed token=15d55876-57be-4f89-a21e-c3557ef5b155
2025/11/08 14:46:50 INFO session created token=64e4a440-0a95-4563-b630-5ac9014ffe5e name=User_43_5
2025/11/08 14:46:50 INFO session created token=75c361fd-347c-4449-884c-24333a3cecf7 name=User_94_5
2025/11/08 14:46:50 INFO session removed token=dc855c03-4877-4f97-a611-7609e39f66d5
2025/11/08 14:46:50 INFO session created token=ca82cfc2-b84e-4539-8f75-0523e2f18d3c name=User_82_29
2025/11/08 14:46:50 INFO session created token=54c96a27-28be-420d-90be-3bb611925ee3 name=User_80_5
2025/11/08 14:46:50 INFO session created token=e93fa652-4b83-4383-8153-63185e568c76 name=User_6_6
2025/11/08 14:46:50 INFO session created token=ef52d7cc-c54e-41af-b8e1-4a3439109362 name=User_77_5
2025/11/08 14:46:50 INFO session updated token=8d569a82-dd6f-44fa-bc4e-781883e87edc tableID=0xc00065b290 seatIndex=0xc00065d0e0
2025/11/08 14:46:50 INFO session removed token=8d569a82-dd6f-44fa-bc4e-781883e87edc
2025/11/08 14:46:50 INFO session updated token=75c361fd-347c-4449-884c-24333a3cecf7 tableID=0xc0003ddf50 seatIndex=0xc0003e1508
2025/11/08 14:46:50 INFO session removed token=75c361fd-347c-4449-884c-24333a3cecf7
2025/11/08 14:46:50 INFO session created token=f88bfe7d-9b03-45fa-a507-fb2421a047bb name=User_94_6
2025/11/08 14:46:50 INFO session updated token=f88bfe7d-9b03-45fa-a507-fb2421a047bb tableID=0xc0003e4020 seatIndex=0xc0003e1558
2025/11/08 14:46:50 INFO session removed token=f88bfe7d-9b03-45fa-a507-fb2421a047bb
2025/11/08 14:46:50 INFO session created token=ced18ef1-293d-43f8-8449-042eb8a6a07d name=User_94_7
2025/11/08 14:46:50 INFO session updated token=ced18ef1-293d-43f8-8449-042eb8a6a07d tableID=0xc0003e4070 seatIndex=0xc0003e15a8
2025/11/08 14:46:50 INFO session removed token=ced18ef1-293d-43f8-8449-042eb8a6a07d
2025/11/08 14:46:50 INFO session created token=2632a444-9603-4877-8349-86ee63e6adef name=User_94_8
2025/11/08 14:46:50 INFO session updated token=2632a444-9603-4877-8349-86ee63e6adef tableID=0xc0003e40c0 seatIndex=0xc0003e15f8
2025/11/08 14:46:50 INFO session removed token=2632a444-9603-4877-8349-86ee63e6adef
2025/11/08 14:46:50 INFO session created token=ff7aa6ab-be0e-4e3c-9639-04f38488e386 name=User_94_9
2025/11/08 14:46:50 INFO session updated token=ff7aa6ab-be0e-4e3c-9639-04f38488e386 tableID=0xc0003e4110 seatIndex=0xc0003e1648
2025/11/08 14:46:50 INFO session removed token=ff7aa6ab-be0e-4e3c-9639-04f38488e386
2025/11/08 14:46:50 INFO session created token=be42781f-1be4-459e-a6a5-f78743184a93 name=User_94_10
2025/11/08 14:46:50 INFO session updated token=be42781f-1be4-459e-a6a5-f78743184a93 tableID=0xc0003e4160 seatIndex=0xc0003e1698
2025/11/08 14:46:50 INFO session removed token=be42781f-1be4-459e-a6a5-f78743184a93
2025/11/08 14:46:50 INFO session created token=06008585-193b-4b0c-a370-247ed1f1db69 name=User_94_11
2025/11/08 14:46:50 INFO session updated token=06008585-193b-4b0c-a370-247ed1f1db69 tableID=0xc0003e41b0 seatIndex=0xc0003e16e8
2025/11/08 14:46:50 INFO session removed token=06008585-193b-4b0c-a370-247ed1f1db69
2025/11/08 14:46:50 INFO session created token=168783d2-ea36-45b5-991c-98b65f696d54 name=User_94_12
2025/11/08 14:46:50 INFO session updated token=168783d2-ea36-45b5-991c-98b65f696d54 tableID=0xc0003e4200 seatIndex=0xc0003e1738
2025/11/08 14:46:50 INFO session removed token=168783d2-ea36-45b5-991c-98b65f696d54
2025/11/08 14:46:50 INFO session created token=4f2b0121-30db-4b9f-8304-2946d6a11b75 name=User_94_13
2025/11/08 14:46:50 INFO session updated token=4f2b0121-30db-4b9f-8304-2946d6a11b75 tableID=0xc0003e4250 seatIndex=0xc0003e1788
2025/11/08 14:46:50 INFO session removed token=4f2b0121-30db-4b9f-8304-2946d6a11b75
2025/11/08 14:46:50 INFO session created token=5c33d46a-3358-4741-8eb6-1bc3b9ea5c7e name=User_94_14
2025/11/08 14:46:50 INFO session removed token=351dd744-cf19-4119-8e54-64c194df3b27
2025/11/08 14:46:50 INFO session created token=e9a60503-d883-4e53-ab2e-0cb1ee62b25b name=User_2_69
2025/11/08 14:46:50 INFO session created token=ddea83c4-e483-4f09-8289-14d5da62171c name=User_8_6
2025/11/08 14:46:50 INFO session updated token=e9a60503-d883-4e53-ab2e-0cb1ee62b25b tableID=0xc0005c2de0 seatIndex=0xc0005c69a0
2025/11/08 14:46:50 INFO session removed token=e9a60503-d883-4e53-ab2e-0cb1ee62b25b
2025/11/08 14:46:50 INFO session updated token=0e4c737c-91e7-450c-96e5-8ed2a921380c tableID=0xc00054c230 seatIndex=0xc000545ed0
2025/11/08 14:46:50 INFO session updated token=7a885f11-3e4e-40e5-a801-abbd01149fbf tableID=0xc00065ac40 seatIndex=0xc00065ca80
2025/11/08 14:46:50 INFO session updated token=928b9b5b-14c4-403a-98a6-ff24cd700e89 tableID=0xc00054c250 seatIndex=0xc000545ee0
2025/11/08 14:46:50 INFO session removed token=ccbfa452-9549-4195-a8f5-1766a5b71831
2025/11/08 14:46:50 INFO session updated token=b9500c42-6e5d-49d0-9afc-60eccfcb4a55 tableID=0xc00065ac70 seatIndex=0xc00065cad0
2025/11/08 14:46:50 INFO session created token=cf61f569-a8f0-4de3-8aeb-0e32b7b519f4 name=User_87_5
2025/11/08 14:46:50 INFO session created token=32844911-de1c-40b6-8c40-e3973ec49c6d name=User_12_5
2025/11/08 14:46:50 INFO session created token=f58787ce-0abe-4871-97df-3854ddcb737a name=User_64_5
2025/11/08 14:46:50 INFO session created token=95f8b4cd-fe26-4ef8-9767-69a7ecaa449a name=User_72_5
2025/11/08 14:46:50 INFO session updated token=1ef8501b-0616-4e17-98ce-b50c47e39dcd tableID=0xc00054c2c0 seatIndex=0xc000545f30
2025/11/08 14:46:50 INFO session created token=addd5354-087d-469e-bc33-26f13d5e4bd6 name=User_42_5
2025/11/08 14:46:50 INFO session removed token=33533bdf-9dc2-48a2-88f7-274024e1f737
2025/11/08 14:46:50 INFO session removed token=484c19d5-9634-4048-b733-1212139faacf
2025/11/08 14:46:50 INFO session updated token=1245347e-2e80-41ac-bf93-86b3bf5e031a tableID=0xc00054c370 seatIndex=0xc000545fd0
2025/11/08 14:46:50 INFO session removed token=706b19a3-2e8b-4f4d-8f7e-7d5830cd2d25
2025/11/08 14:46:50 INFO session removed token=4ff65dc1-d53b-4e6b-b0ab-4d4347a1c4b4
2025/11/08 14:46:50 INFO session removed token=2c062e09-2393-4b4e-aeaf-7c90c8c128a5
2025/11/08 14:46:50 INFO session removed token=c1fd5c0e-f456-4b56-a143-d5faae38fa09
2025/11/08 14:46:50 INFO session updated token=ddcb3e5a-0ad8-4357-a8d9-a3fb79d8a816 tableID=0xc00065aca0 seatIndex=0xc00065cb20
2025/11/08 14:46:50 INFO session updated token=298727b7-7b83-4cc2-844c-e2ef553f851b tableID=0xc0004b9af0 seatIndex=0xc0004bb008
2025/11/08 14:46:50 INFO session updated token=ced61aa7-419d-4707-ac4d-aedc847e3306 tableID=0xc00054c4f0 seatIndex=0xc00054e190
2025/11/08 14:46:50 INFO session updated token=b8381e3f-ff7c-4a2a-a995-d306159efe3a tableID=0xc0004b9b20 seatIndex=0xc0004bb030
2025/11/08 14:46:50 INFO session removed token=03a8ad7d-b557-4a0f-b999-03d31e8dc0a2
2025/11/08 14:46:50 INFO session updated token=112dde29-f4c0-4a3c-b64e-4918afbbdde1 tableID=0xc00054c540 seatIndex=0xc00054e1c0
2025/11/08 14:46:50 INFO session updated token=511437a8-1844-4fda-89af-68e7624287c9 tableID=0xc00054c570 seatIndex=0xc00054e1f0
2025/11/08 14:46:50 INFO session removed token=7bd15e1c-f83a-47d4-8f50-259d24e7b1b8
2025/11/08 14:46:50 INFO session updated token=48b5b43c-ec2d-49e4-95b6-59b6c4c954e6 tableID=0xc00065b200 seatIndex=0xc00065d080
2025/11/08 14:46:50 INFO session removed token=7ac0e8b3-b40a-42f8-adeb-a4cafd94aefb
2025/11/08 14:46:50 INFO session removed token=bfe36ff6-96b8-4830-861e-04e2ba3e4e29
2025/11/08 14:46:50 INFO session updated token=a06cbf73-cf6c-4e00-a007-5560167250ce tableID=0xc00065b240 seatIndex=0xc00065d0b0
2025/11/08 14:46:50 INFO session removed token=a2f60d5d-ed6f-4752-8919-675055696265
2025/11/08 14:46:50 INFO session updated token=c462cf9a-8621-4b82-8445-3314db7bc7e4 tableID=0xc00054c630 seatIndex=0xc00054e280
2025/11/08 14:46:50 INFO session removed token=d2aa2582-20b1-4e43-a254-84826337fb2c
2025/11/08 14:46:50 INFO session updated token=d0ce8000-b5fe-4abe-bc34-32d9a248f99f tableID=0xc0004b9b60 seatIndex=0xc0004bb040
2025/11/08 14:46:50 INFO session updated token=50c8ac56-a4bc-45c1-a281-dab1506bb484 tableID=0xc0002ccf80 seatIndex=0xc0002c9188
2025/11/08 14:46:50 INFO session updated token=40e5b8eb-e7a2-4a0c-9649-c47092372452 tableID=0xc0002ccf90 seatIndex=0xc0002c9198
2025/11/08 14:46:50 INFO session removed token=822080bf-660f-4661-ae1f-4ccfd6d2d9cd
2025/11/08 14:46:50 INFO session updated token=61edd683-a927-4d35-8110-76a114a0afa5 tableID=0xc0002ccfa0 seatIndex=0xc0002c91a8
2025/11/08 14:46:50 INFO session updated token=1385b83d-054e-4034-a986-2076641d9b46 tableID=0xc0004b9b90 seatIndex=0xc0004bb050
2025/11/08 14:46:50 INFO session updated token=0d43a2d5-3d4e-480e-8c57-ec15b2d58664 tableID=0xc0004b9ba0 seatIndex=0xc0004bb060
2025/11/08 14:46:50 INFO session removed token=2d31fd94-1e32-41ec-afdb-12989f301f05
2025/11/08 14:46:50 INFO session updated token=41f20f63-5de5-4af2-b2e7-674377612cb0 tableID=0xc0004b9bc0 seatIndex=0xc0004bb090
2025/11/08 14:46:50 INFO session updated token=dd124538-50db-4b0a-8602-8a935012a66e tableID=0xc0004b9bd0 seatIndex=0xc0004bb0a0
2025/11/08 14:46:50 INFO session removed token=e4b11547-af3f-42fd-a09c-12f09132c191
2025/11/08 14:46:50 INFO session removed token=c462cf9a-8621-4b82-8445-3314db7bc7e4
2025/11/08 14:46:50 INFO session created token=5d1cb46c-485b-44bb-aa41-c0e476e8086f name=User_63_5
2025/11/08 14:46:50 INFO session removed token=dd124538-50db-4b0a-8602-8a935012a66e
2025/11/08 14:46:50 INFO session created token=7b4aaa12-cdf7-4047-870b-302042cfbdb7 name=User_25_5
2025/11/08 14:46:50 INFO session created token=5759bf51-aa57-4ad5-a8ef-7a1a0e27c37e name=User_89_9
2025/11/08 14:46:50 INFO session created token=481d5297-4168-4773-8280-3e8ff7f118ad name=User_23_5
2025/11/08 14:46:50 INFO session created token=624118dd-6b80-4630-a252-d201fe0df931 name=User_71_8
2025/11/08 14:46:50 INFO session removed token=1245347e-2e80-41ac-bf93-86b3bf5e031a
2025/11/08 14:46:50 INFO session created token=07eaf270-8ec3-4ba7-8808-8a512c9481a1 name=User_17_5
2025/11/08 14:46:50 INFO session created token=79dd87ef-d550-491f-a348-dd1e67fbd9cc name=User_19_6
2025/11/08 14:46:50 INFO session created token=8f461f00-2e98-4c78-abe0-b5b458762a6b name=User_15_6
2025/11/08 14:46:50 INFO session created token=4fbe9748-4b6f-4cd6-9c41-03d9ecc906fa name=User_0_30
2025/11/08 14:46:50 INFO session created token=8bf768ad-4ceb-42d9-92da-50ff20f8d374 name=User_3_6
2025/11/08 14:46:50 INFO session created token=65ffa0a9-e7b3-4cd8-9a85-06a0c9320866 name=User_52_6
2025/11/08 14:46:50 INFO session created token=460354a2-8d59-4bd4-863f-8eb66513b36e name=User_30_6
2025/11/08 14:46:50 INFO session removed token=511437a8-1844-4fda-89af-68e7624287c9
2025/11/08 14:46:50 INFO session created token=93f34391-de04-4dad-a6ce-e410c4be3aff name=User_27_5
2025/11/08 14:46:50 INFO session created token=45a4c930-4f76-4654-85b0-b4faa2a87a7a name=User_35_7
2025/11/08 14:46:50 INFO session created token=ead8d71a-6733-4106-a735-2e8a639f94c0 name=User_95_5
2025/11/08 14:46:50 INFO session created token=a5ab64cf-2f88-4236-8e3d-18159b535268 name=User_14_6
2025/11/08 14:46:50 INFO session updated token=8bf768ad-4ceb-42d9-92da-50ff20f8d374 tableID=0xc0003e4350 seatIndex=0xc0003e1848
2025/11/08 14:46:50 INFO session created token=48d57fe8-2f56-4d78-889c-0cb55d2f1811 name=User_59_5
2025/11/08 14:46:50 INFO session created token=a1e18710-41b0-47b3-8498-9f8286d44188 name=User_13_6
2025/11/08 14:46:50 INFO session removed token=8bf768ad-4ceb-42d9-92da-50ff20f8d374
2025/11/08 14:46:50 INFO session created token=0fb148a0-8f48-4f7d-aaf1-a543682c81bc name=User_18_6
2025/11/08 14:46:50 INFO session created token=108a35a8-a032-4d8d-8b50-a6367a72f146 name=User_65_5
2025/11/08 14:46:50 INFO session created token=6a38c08c-cb9c-4a50-88dd-011b717b027a name=User_54_5
2025/11/08 14:46:50 INFO session updated token=624118dd-6b80-4630-a252-d201fe0df931 tableID=0xc0004ce3b0 seatIndex=0xc0004cb750
2025/11/08 14:46:50 INFO session removed token=624118dd-6b80-4630-a252-d201fe0df931
2025/11/08 14:46:50 INFO session created token=20c310fb-33c4-459d-87f9-eaebba14f113 name=User_71_9
2025/11/08 14:46:50 INFO session updated token=20c310fb-33c4-459d-87f9-eaebba14f113 tableID=0xc0004ce440 seatIndex=0xc0004cb7e0
2025/11/08 14:46:50 INFO session removed token=20c310fb-33c4-459d-87f9-eaebba14f113
2025/11/08 14:46:50 INFO session created token=c91edca6-f6ae-4ed2-97e1-b531d1839f1b name=User_71_10
2025/11/08 14:46:50 INFO session updated token=c91edca6-f6ae-4ed2-97e1-b531d1839f1b tableID=0xc0004ce490 seatIndex=0xc0004cb830
2025/11/08 14:46:50 INFO session removed token=c91edca6-f6ae-4ed2-97e1-b531d1839f1b
2025/11/08 14:46:50 INFO session created token=5eeb2958-1721-4089-b901-b8cd167a113a name=User_71_11
2025/11/08 14:46:50 INFO session updated token=5eeb2958-1721-4089-b901-b8cd167a113a tableID=0xc0004ce4e0 seatIndex=0xc0004cb880
2025/11/08 14:46:50 INFO session removed token=5eeb2958-1721-4089-b901-b8cd167a113a
2025/11/08 14:46:50 INFO session created token=b6f0f61d-6d41-45f7-86d4-fc23b811eeca name=User_71_12
2025/11/08 14:46:50 INFO session updated token=b6f0f61d-6d41-45f7-86d4-fc23b811eeca tableID=0xc0004ce530 seatIndex=0xc0004cb8d0
2025/11/08 14:46:50 INFO session removed token=b6f0f61d-6d41-45f7-86d4-fc23b811eeca
2025/11/08 14:46:50 INFO session created token=8ecc6aff-0b00-4f89-b18c-3bc147b5e561 name=User_71_13
2025/11/08 14:46:50 INFO session created token=2f53d348-5c49-41fa-9546-0bc79a577a37 name=User_55_7
2025/11/08 14:46:50 INFO session updated token=8ecc6aff-0b00-4f89-b18c-3bc147b5e561 tableID=0xc0004ce580 seatIndex=0xc0004cb920
2025/11/08 14:46:50 INFO session removed token=8ecc6aff-0b00-4f89-b18c-3bc147b5e561
2025/11/08 14:46:50 INFO session removed token=4cd7e7be-ed87-4a4c-abf7-fe1b875c495e
2025/11/08 14:46:50 INFO session created token=00bc11bc-6b4d-40fb-94a5-a6ce8820bfdb name=User_71_14
2025/11/08 14:46:50 INFO session created token=f8857e73-ce1e-4551-b9c5-4fbbca855f38 name=User_97_23
2025/11/08 14:46:50 INFO session updated token=00bc11bc-6b4d-40fb-94a5-a6ce8820bfdb tableID=0xc0004ce5e0 seatIndex=0xc0004cb980
2025/11/08 14:46:50 INFO session removed token=00bc11bc-6b4d-40fb-94a5-a6ce8820bfdb
2025/11/08 14:46:50 INFO session created token=f7722fb9-b084-4019-85c7-e3c11e5205fe name=User_71_15
2025/11/08 14:46:50 INFO session updated token=f7722fb9-b084-4019-85c7-e3c11e5205fe tableID=0xc0004ce640 seatIndex=0xc0004cb9e0
2025/11/08 14:46:50 INFO session removed token=f7722fb9-b084-4019-85c7-e3c11e5205fe
2025/11/08 14:46:50 INFO session created token=e11979c3-4bdf-4882-84b8-faf5f9ae6d10 name=User_71_16
2025/11/08 14:46:50 INFO session updated token=e11979c3-4bdf-4882-84b8-faf5f9ae6d10 tableID=0xc0004ce690 seatIndex=0xc0004cba30
2025/11/08 14:46:50 INFO session removed token=e11979c3-4bdf-4882-84b8-faf5f9ae6d10
2025/11/08 14:46:50 INFO session created token=a9c1ffcf-8bda-4b46-b873-da8e53109a09 name=User_71_17
2025/11/08 14:46:50 INFO session updated token=a9c1ffcf-8bda-4b46-b873-da8e53109a09 tableID=0xc0004ce6e0 seatIndex=0xc0004cba80
2025/11/08 14:46:50 INFO session removed token=a9c1ffcf-8bda-4b46-b873-da8e53109a09
2025/11/08 14:46:50 INFO session created token=448c2af0-c392-4a22-836b-3f2a1028aa98 name=User_71_18
2025/11/08 14:46:50 INFO session updated token=448c2af0-c392-4a22-836b-3f2a1028aa98 tableID=0xc0004ce730 seatIndex=0xc0004cbad0
2025/11/08 14:46:50 INFO session removed token=448c2af0-c392-4a22-836b-3f2a1028aa98
2025/11/08 14:46:50 INFO session removed token=9cca9a00-43b9-4b4c-b7bb-406b06bc3696
2025/11/08 14:46:50 INFO session created token=7731f107-f062-425a-ad21-5d8a1acb7b65 name=User_71_19
2025/11/08 14:46:50 INFO session created token=efb3bfe1-bf09-4539-88d0-9e8ad4ca2dc0 name=User_74_7
2025/11/08 14:46:50 INFO session updated token=7731f107-f062-425a-ad21-5d8a1acb7b65 tableID=0xc0004ce780 seatIndex=0xc0004cbb20
2025/11/08 14:46:50 INFO session removed token=7731f107-f062-425a-ad21-5d8a1acb7b65
2025/11/08 14:46:50 INFO session created token=ee20ff57-7cd6-464f-9071-491a73bdc8e1 name=User_71_20
2025/11/08 14:46:50 INFO session updated token=ee20ff57-7cd6-464f-9071-491a73bdc8e1 tableID=0xc0004ce7e0 seatIndex=0xc0004cbb80
2025/11/08 14:46:50 INFO session removed token=ee20ff57-7cd6-464f-9071-491a73bdc8e1
2025/11/08 14:46:50 INFO session created token=e0d94088-c5ed-4405-84fb-ac7fbd75d466 name=User_71_21
2025/11/08 14:46:50 INFO session updated token=e0d94088-c5ed-4405-84fb-ac7fbd75d466 tableID=0xc0004ce830 seatIndex=0xc0004cbbd0
2025/11/08 14:46:50 INFO session removed token=e0d94088-c5ed-4405-84fb-ac7fbd75d466
2025/11/08 14:46:50 INFO session created token=51d51a95-3778-4d49-9d0a-a0064f5a2b4a name=User_71_22
2025/11/08 14:46:50 INFO session updated token=51d51a95-3778-4d49-9d0a-a0064f5a2b4a tableID=0xc0004ce880 seatIndex=0xc0004cbc20
2025/11/08 14:46:50 INFO session removed token=51d51a95-3778-4d49-9d0a-a0064f5a2b4a
2025/11/08 14:46:50 INFO session created token=3d8f6bcf-7a53-4ab7-8390-a950ac1afe5d name=User_71_23
2025/11/08 14:46:50 INFO session updated token=3d8f6bcf-7a53-4ab7-8390-a950ac1afe5d tableID=0xc0004ce8d0 seatIndex=0xc0004cbc70
2025/11/08 14:46:50 INFO session removed token=3d8f6bcf-7a53-4ab7-8390-a950ac1afe5d
2025/11/08 14:46:50 INFO session created token=30de5bb8-b479-42f1-8643-c51ac2828de7 name=User_71_24
2025/11/08 14:46:50 INFO session updated token=30de5bb8-b479-42f1-8643-c51ac2828de7 tableID=0xc0004ce920 seatIndex=0xc0004cbcc0
2025/11/08 14:46:50 INFO session removed token=30de5bb8-b479-42f1-8643-c51ac2828de7
2025/11/08 14:46:50 INFO session created token=5b2cfae1-adb0-44be-a2cf-bebc5217bc64 name=User_71_25
2025/11/08 14:46:50 INFO session updated token=f8857e73-ce1e-4551-b9c5-4fbbca855f38 tableID=0xc0004ce600 seatIndex=0xc0004cb9b0
2025/11/08 14:46:50 INFO session removed token=f8857e73-ce1e-4551-b9c5-4fbbca855f38
2025/11/08 14:46:50 INFO session created token=5d1a0e58-d16e-47c1-81a1-a7edb8af68f9 name=User_97_24
2025/11/08 14:46:50 INFO session updated token=5d1a0e58-d16e-47c1-81a1-a7edb8af68f9 tableID=0xc00065b6f0 seatIndex=0xc00065d570
2025/11/08 14:46:50 INFO session removed token=5d1a0e58-d16e-47c1-81a1-a7edb8af68f9
2025/11/08 14:46:50 INFO session created token=6f1737bd-9d88-4fed-a6f1-fe773aba4db3 name=User_97_25
2025/11/08 14:46:50 INFO session updated token=6f1737bd-9d88-4fed-a6f1-fe773aba4db3 tableID=0xc00065b740 seatIndex=0xc00065d5c0
2025/11/08 14:46:50 INFO session removed token=6f1737bd-9d88-4fed-a6f1-fe773aba4db3
2025/11/08 14:46:50 INFO session created token=341aa6ee-d938-4852-ac58-e8b37b0cff27 name=User_97_26
2025/11/08 14:46:50 INFO session updated token=341aa6ee-d938-4852-ac58-e8b37b0cff27 tableID=0xc00065b790 seatIndex=0xc00065d610
2025/11/08 14:46:50 INFO session removed token=341aa6ee-d938-4852-ac58-e8b37b0cff27
2025/11/08 14:46:50 INFO session created token=df9ec5cd-25b3-4511-ab18-6f899ae6ba30 name=User_97_27
2025/11/08 14:46:50 INFO session updated token=df9ec5cd-25b3-4511-ab18-6f899ae6ba30 tableID=0xc00065b7e0 seatIndex=0xc00065d660
2025/11/08 14:46:50 INFO session removed token=df9ec5cd-25b3-4511-ab18-6f899ae6ba30
2025/11/08 14:46:50 INFO session created token=91e10b96-a0b2-49c2-8a31-1776a3c39d8d name=User_97_28
2025/11/08 14:46:50 INFO session updated token=91e10b96-a0b2-49c2-8a31-1776a3c39d8d tableID=0xc00065b830 seatIndex=0xc00065d6b0
2025/11/08 14:46:50 INFO session removed token=91e10b96-a0b2-49c2-8a31-1776a3c39d8d
2025/11/08 14:46:50 INFO session created token=ede85e2b-3cd8-41ca-91bd-4146d66cbbbe name=User_97_29
2025/11/08 14:46:50 INFO session updated token=ede85e2b-3cd8-41ca-91bd-4146d66cbbbe tableID=0xc00065b880 seatIndex=0xc00065d700
2025/11/08 14:46:50 INFO session removed token=ede85e2b-3cd8-41ca-91bd-4146d66cbbbe
2025/11/08 14:46:50 INFO session created token=a89b6ff6-4978-4b7d-a014-23057fb7bcf9 name=User_97_30
2025/11/08 14:46:50 INFO session updated token=64e4a440-0a95-4563-b630-5ac9014ffe5e tableID=0xc00065b2e0 seatIndex=0xc00065d110
2025/11/08 14:46:50 INFO session removed token=64e4a440-0a95-4563-b630-5ac9014ffe5e
2025/11/08 14:46:50 INFO session created token=25702603-19be-4e74-a454-9e9a01a965a3 name=User_43_6
2025/11/08 14:46:50 INFO session updated token=25702603-19be-4e74-a454-9e9a01a965a3 tableID=0xc0002cd220 seatIndex=0xc0002c93c0
2025/11/08 14:46:50 INFO session removed token=25702603-19be-4e74-a454-9e9a01a965a3
2025/11/08 14:46:50 INFO session created token=a8b4286b-b6ea-424a-8609-04ba4fba9f1e name=User_43_7
2025/11/08 14:46:50 INFO session updated token=a8b4286b-b6ea-424a-8609-04ba4fba9f1e tableID=0xc0002cd270 seatIndex=0xc0002c9410
2025/11/08 14:46:50 INFO session removed token=a8b4286b-b6ea-424a-8609-04ba4fba9f1e
2025/11/08 14:46:50 INFO session created token=ae36a949-00ae-4191-871f-3b655f6e9aec name=User_43_8
2025/11/08 14:46:50 INFO session updated token=ae36a949-00ae-4191-871f-3b655f6e9aec tableID=0xc0002cd2c0 seatIndex=0xc0002c9460
2025/11/08 14:46:50 INFO session removed token=ae36a949-00ae-4191-871f-3b655f6e9aec
2025/11/08 14:46:50 INFO session created token=b64e7028-3f82-4db3-9025-a38947cc6c0b name=User_43_9
2025/11/08 14:46:50 INFO session updated token=b64e7028-3f82-4db3-9025-a38947cc6c0b tableID=0xc0002cd310 seatIndex=0xc0002c94b0
2025/11/08 14:46:50 INFO session removed token=b64e7028-3f82-4db3-9025-a38947cc6c0b
2025/11/08 14:46:50 INFO session created token=1547d80e-81bd-4b6c-83eb-83703509fa63 name=User_43_10
2025/11/08 14:46:50 INFO session updated token=1547d80e-81bd-4b6c-83eb-83703509fa63 tableID=0xc0002cd360 seatIndex=0xc0002c9500
2025/11/08 14:46:50 INFO session removed token=1547d80e-81bd-4b6c-83eb-83703509fa63
2025/11/08 14:46:50 INFO session created token=a6d1aedf-7ff6-4a0b-a579-eb87e79b487e name=User_43_11
2025/11/08 14:46:50 INFO session updated token=a6d1aedf-7ff6-4a0b-a579-eb87e79b487e tableID=0xc0002cd3b0 seatIndex=0xc0002c9550
2025/11/08 14:46:50 INFO session removed token=a6d1aedf-7ff6-4a0b-a579-eb87e79b487e
2025/11/08 14:46:50 INFO session created token=4587b30b-238b-4444-8869-d8fa8d43ce3f name=User_43_12
2025/11/08 14:46:50 INFO session updated token=4587b30b-238b-4444-8869-d8fa8d43ce3f tableID=0xc0002cd400 seatIndex=0xc0002c95a0
2025/11/08 14:46:50 INFO session removed token=4587b30b-238b-4444-8869-d8fa8d43ce3f
2025/11/08 14:46:50 INFO session created token=b0c91448-b36f-4ed2-a037-c8f32907110e name=User_43_13
2025/11/08 14:46:50 INFO session updated token=b0c91448-b36f-4ed2-a037-c8f32907110e tableID=0xc0002cd450 seatIndex=0xc0002c95f0
2025/11/08 14:46:50 INFO session removed token=b0c91448-b36f-4ed2-a037-c8f32907110e
2025/11/08 14:46:50 INFO session created token=f45e476f-eb1a-4c32-a884-003322c4e5ff name=User_43_14
2025/11/08 14:46:50 INFO session updated token=f45e476f-eb1a-4c32-a884-003322c4e5ff tableID=0xc0002cd4a0 seatIndex=0xc0002c9640
2025/11/08 14:46:50 INFO session removed token=f45e476f-eb1a-4c32-a884-003322c4e5ff
2025/11/08 14:46:50 INFO session created token=26da2359-4c2c-4176-8e6f-cfee30ccd945 name=User_43_15
2025/11/08 14:46:50 INFO session updated token=26da2359-4c2c-4176-8e6f-cfee30ccd945 tableID=0xc0002cd4f0 seatIndex=0xc0002c9690
2025/11/08 14:46:50 INFO session removed token=26da2359-4c2c-4176-8e6f-cfee30ccd945
2025/11/08 14:46:50 INFO session created token=b2a54283-6970-4532-9386-f014c7375351 name=User_43_16
2025/11/08 14:46:50 INFO session updated token=b2a54283-6970-4532-9386-f014c7375351 tableID=0xc0002cd540 seatIndex=0xc0002c96e0
2025/11/08 14:46:50 INFO session removed token=b2a54283-6970-4532-9386-f014c7375351
2025/11/08 14:46:50 INFO session created token=8187b177-0174-430e-b860-4c19330bb53b name=User_43_17
2025/11/08 14:46:50 INFO session updated token=8187b177-0174-430e-b860-4c19330bb53b tableID=0xc0002cd590 seatIndex=0xc0002c9730
2025/11/08 14:46:50 INFO session removed token=8187b177-0174-430e-b860-4c19330bb53b
2025/11/08 14:46:50 INFO session created token=20337f52-91f3-4782-8b1a-3cab4cbe04cc name=User_43_18
2025/11/08 14:46:50 INFO session updated token=20337f52-91f3-4782-8b1a-3cab4cbe04cc tableID=0xc0002cd5e0 seatIndex=0xc0002c9780
2025/11/08 14:46:50 INFO session removed token=20337f52-91f3-4782-8b1a-3cab4cbe04cc
2025/11/08 14:46:50 INFO session created token=d57c20d4-7b9c-48a9-b2a4-c046af2268b6 name=User_43_19
2025/11/08 14:46:50 INFO session updated token=d57c20d4-7b9c-48a9-b2a4-c046af2268b6 tableID=0xc0002cd630 seatIndex=0xc0002c97d0
2025/11/08 14:46:50 INFO session removed token=d57c20d4-7b9c-48a9-b2a4-c046af2268b6
2025/11/08 14:46:50 INFO session created token=940d06dc-5b18-41be-b9c6-b1b468356491 name=User_43_20
2025/11/08 14:46:50 INFO session updated token=940d06dc-5b18-41be-b9c6-b1b468356491 tableID=0xc0002cd680 seatIndex=0xc0002c9820
2025/11/08 14:46:50 INFO session removed token=940d06dc-5b18-41be-b9c6-b1b468356491
2025/11/08 14:46:50 INFO session created token=6c4fddc7-dc03-4f1c-bda6-fb91424d3ac6 name=User_43_21
2025/11/08 14:46:50 INFO session updated token=6c4fddc7-dc03-4f1c-bda6-fb91424d3ac6 tableID=0xc0002cd6d0 seatIndex=0xc0002c9870
2025/11/08 14:46:50 INFO session removed token=6c4fddc7-dc03-4f1c-bda6-fb91424d3ac6
2025/11/08 14:46:50 INFO session created token=1d4ebefd-84de-489e-8cb2-639c47637915 name=User_43_22
2025/11/08 14:46:50 INFO session updated token=1d4ebefd-84de-489e-8cb2-639c47637915 tableID=0xc0002cd720 seatIndex=0xc0002c98c0
2025/11/08 14:46:50 INFO session removed token=1d4ebefd-84de-489e-8cb2-639c47637915
2025/11/08 14:46:50 INFO session created token=dd172223-0a01-4643-8bc0-de86551ecaad name=User_43_23
2025/11/08 14:46:50 INFO session updated token=dd172223-0a01-4643-8bc0-de86551ecaad tableID=0xc0002cd770 seatIndex=0xc0002c9910
2025/11/08 14:46:50 INFO session removed token=dd172223-0a01-4643-8bc0-de86551ecaad
2025/11/08 14:46:50 INFO session created token=bb3cf944-1d31-4c95-8d67-aac3ca140d9e name=User_43_24
2025/11/08 14:46:50 INFO session updated token=bb3cf944-1d31-4c95-8d67-aac3ca140d9e tableID=0xc0002cd7c0 seatIndex=0xc0002c9960
2025/11/08 14:46:50 INFO session removed token=bb3cf944-1d31-4c95-8d67-aac3ca140d9e
2025/11/08 14:46:50 INFO session created token=b3789428-4463-478e-ab49-36efc5c52741 name=User_43_25
2025/11/08 14:46:50 INFO session updated token=b3789428-4463-478e-ab49-36efc5c52741 tableID=0xc0002cd810 seatIndex=0xc0002c99b0
2025/11/08 14:46:50 INFO session removed token=b3789428-4463-478e-ab49-36efc5c52741
2025/11/08 14:46:50 INFO session created token=ec06344d-b93b-4b29-85e9-237af720721f name=User_43_26
2025/11/08 14:46:50 INFO session updated token=ec06344d-b93b-4b29-85e9-237af720721f tableID=0xc0002cd860 seatIndex=0xc0002c9a00
2025/11/08 14:46:50 INFO session removed token=ec06344d-b93b-4b29-85e9-237af720721f
2025/11/08 14:46:50 INFO session created token=f9cf7775-42c4-4e1a-95cd-6dfc782633ec name=User_43_27
2025/11/08 14:46:50 INFO session updated token=f9cf7775-42c4-4e1a-95cd-6dfc782633ec tableID=0xc0002cd8b0 seatIndex=0xc0002c9a50
2025/11/08 14:46:50 INFO session removed token=f9cf7775-42c4-4e1a-95cd-6dfc782633ec
2025/11/08 14:46:50 INFO session created token=572b2068-e65b-41fa-b1e3-3cecb179b657 name=User_43_28
2025/11/08 14:46:50 INFO session updated token=572b2068-e65b-41fa-b1e3-3cecb179b657 tableID=0xc0002cd900 seatIndex=0xc0002c9aa0
2025/11/08 14:46:50 INFO session removed token=572b2068-e65b-41fa-b1e3-3cecb179b657
2025/11/08 14:46:50 INFO session created token=ea2ccad8-3361-4914-97e0-945fc563c46b name=User_43_29
2025/11/08 14:46:50 INFO session updated token=ea2ccad8-3361-4914-97e0-945fc563c46b tableID=0xc0002cd950 seatIndex=0xc0002c9af0
2025/11/08 14:46:50 INFO session removed token=ea2ccad8-3361-4914-97e0-945fc563c46b
2025/11/08 14:46:50 INFO session created token=cd2a0ace-ba20-43c6-8e04-7f034e5a2136 name=User_43_30
2025/11/08 14:46:50 INFO session updated token=cd2a0ace-ba20-43c6-8e04-7f034e5a2136 tableID=0xc0002cd9a0 seatIndex=0xc0002c9b40
2025/11/08 14:46:50 INFO session removed token=cd2a0ace-ba20-43c6-8e04-7f034e5a2136
2025/11/08 14:46:50 INFO session created token=d4ff5faa-0f01-40ea-8724-c9b225e34b66 name=User_43_31
2025/11/08 14:46:50 INFO session updated token=d4ff5faa-0f01-40ea-8724-c9b225e34b66 tableID=0xc0002cd9f0 seatIndex=0xc0002c9b90
2025/11/08 14:46:50 INFO session removed token=d4ff5faa-0f01-40ea-8724-c9b225e34b66
2025/11/08 14:46:50 INFO session created token=cf278b4a-a93a-4154-954f-75c66fcd3a76 name=User_43_32
2025/11/08 14:46:50 INFO session updated token=cf278b4a-a93a-4154-954f-75c66fcd3a76 tableID=0xc0002cda40 seatIndex=0xc0002c9be0
2025/11/08 14:46:50 INFO session removed token=cf278b4a-a93a-4154-954f-75c66fcd3a76
2025/11/08 14:46:50 INFO session created token=4e9c25c8-0c0d-4cb1-ad31-fbc9dd2ec07c name=User_43_33
2025/11/08 14:46:50 INFO session updated token=4e9c25c8-0c0d-4cb1-ad31-fbc9dd2ec07c tableID=0xc0002cda90 seatIndex=0xc0002c9c30
2025/11/08 14:46:50 INFO session removed token=4e9c25c8-0c0d-4cb1-ad31-fbc9dd2ec07c
2025/11/08 14:46:50 INFO session created token=9b11440b-c1f2-4c30-bec0-e858c87aa0aa name=User_43_34
2025/11/08 14:46:50 INFO session updated token=9b11440b-c1f2-4c30-bec0-e858c87aa0aa tableID=0xc0002cdae0 seatIndex=0xc0002c9c80
2025/11/08 14:46:50 INFO session removed token=9b11440b-c1f2-4c30-bec0-e858c87aa0aa
2025/11/08 14:46:50 INFO session created token=0184cc33-7cc9-4e71-902f-f8254e8200e7 name=User_43_35
2025/11/08 14:46:50 INFO session updated token=0184cc33-7cc9-4e71-902f-f8254e8200e7 tableID=0xc0002cdb30 seatIndex=0xc0002c9cd0
2025/11/08 14:46:50 INFO session removed token=0184cc33-7cc9-4e71-902f-f8254e8200e7
2025/11/08 14:46:50 INFO session created token=e8495dc3-c364-4653-b745-03e5aa275af3 name=User_43_36
2025/11/08 14:46:50 INFO session updated token=e8495dc3-c364-4653-b745-03e5aa275af3 tableID=0xc0002cdb80 seatIndex=0xc0002c9d20
2025/11/08 14:46:50 INFO session removed token=e8495dc3-c364-4653-b745-03e5aa275af3
2025/11/08 14:46:50 INFO session created token=ece8ceed-1f36-415e-9b16-af156bd43c78 name=User_43_37
2025/11/08 14:46:50 INFO session updated token=ece8ceed-1f36-415e-9b16-af156bd43c78 tableID=0xc0002cdbd0 seatIndex=0xc0002c9d70
2025/11/08 14:46:50 INFO session removed token=ece8ceed-1f36-415e-9b16-af156bd43c78
2025/11/08 14:46:50 INFO session created token=4f7d6749-11b4-40a0-ae2a-8d63671d373b name=User_43_38
2025/11/08 14:46:50 INFO session updated token=4f7d6749-11b4-40a0-ae2a-8d63671d373b tableID=0xc0002cdc20 seatIndex=0xc0002c9dc0
2025/11/08 14:46:50 INFO session removed token=4f7d6749-11b4-40a0-ae2a-8d63671d373b
2025/11/08 14:46:50 INFO session created token=d0a1ea1f-df55-4457-a517-11e7b761b857 name=User_43_39
2025/11/08 14:46:50 INFO session updated token=d0a1ea1f-df55-4457-a517-11e7b761b857 tableID=0xc0002cdc70 seatIndex=0xc0002c9e10
2025/11/08 14:46:50 INFO session removed token=d0a1ea1f-df55-4457-a517-11e7b761b857
2025/11/08 14:46:50 INFO session created token=634ba4b6-0685-406c-b2bc-3d72145faace name=User_43_40
2025/11/08 14:46:50 INFO session updated token=634ba4b6-0685-406c-b2bc-3d72145faace tableID=0xc0002cdcc0 seatIndex=0xc0002c9e60
2025/11/08 14:46:50 INFO session removed token=634ba4b6-0685-406c-b2bc-3d72145faace
2025/11/08 14:46:50 INFO session created token=1a35f044-3b34-4f09-af52-14c1d088d6c1 name=User_43_41
2025/11/08 14:46:50 INFO session updated token=1a35f044-3b34-4f09-af52-14c1d088d6c1 tableID=0xc0002cdd10 seatIndex=0xc0002c9eb0
2025/11/08 14:46:50 INFO session removed token=1a35f044-3b34-4f09-af52-14c1d088d6c1
2025/11/08 14:46:50 INFO session created token=38b923bb-7e28-4f8b-ae19-6f88db9e79de name=User_43_42
2025/11/08 14:46:50 INFO session updated token=38b923bb-7e28-4f8b-ae19-6f88db9e79de tableID=0xc0002cdd60 seatIndex=0xc0002c9f00
2025/11/08 14:46:50 INFO session removed token=38b923bb-7e28-4f8b-ae19-6f88db9e79de
2025/11/08 14:46:50 INFO session created token=85929b0a-2549-4116-8612-b30448cf95f5 name=User_43_43
2025/11/08 14:46:50 INFO session updated token=85929b0a-2549-4116-8612-b30448cf95f5 tableID=0xc0002cddb0 seatIndex=0xc0002c9f50
2025/11/08 14:46:50 INFO session removed token=85929b0a-2549-4116-8612-b30448cf95f5
2025/11/08 14:46:50 INFO session created token=4bb19355-2afa-4679-9f71-ac2cba2b1ea4 name=User_43_44
2025/11/08 14:46:50 INFO session updated token=4bb19355-2afa-4679-9f71-ac2cba2b1ea4 tableID=0xc0002cde00 seatIndex=0xc0002c9fa0
2025/11/08 14:46:50 INFO session removed token=4bb19355-2afa-4679-9f71-ac2cba2b1ea4
2025/11/08 14:46:50 INFO session created token=f9a01934-d6d3-42b9-8f19-0461404429e0 name=User_43_45
2025/11/08 14:46:50 INFO session updated token=f9a01934-d6d3-42b9-8f19-0461404429e0 tableID=0xc0002cde50 seatIndex=0xc0002c9ff0
2025/11/08 14:46:50 INFO session removed token=f9a01934-d6d3-42b9-8f19-0461404429e0
2025/11/08 14:46:50 INFO session created token=17c52cbf-7c0b-4567-a257-2ff9b79be3d8 name=User_43_46
2025/11/08 14:46:50 INFO session updated token=17c52cbf-7c0b-4567-a257-2ff9b79be3d8 tableID=0xc0002cdea0 seatIndex=0xc0002d2040
2025/11/08 14:46:50 INFO session removed token=17c52cbf-7c0b-4567-a257-2ff9b79be3d8
2025/11/08 14:46:50 INFO session created token=6c08d3bf-ddfe-4ea4-aee8-fe7c1e297423 name=User_43_47
2025/11/08 14:46:50 INFO session updated token=6c08d3bf-ddfe-4ea4-aee8-fe7c1e297423 tableID=0xc0002cdef0 seatIndex=0xc0002d2090
2025/11/08 14:46:50 INFO session removed token=6c08d3bf-ddfe-4ea4-aee8-fe7c1e297423
2025/11/08 14:46:50 INFO session created token=3c2670db-8e91-413a-a7a2-cb504dc2fb35 name=User_43_48
2025/11/08 14:46:50 INFO session updated token=3c2670db-8e91-413a-a7a2-cb504dc2fb35 tableID=0xc0002cdf40 seatIndex=0xc0002d20e0
2025/11/08 14:46:50 INFO session removed token=3c2670db-8e91-413a-a7a2-cb504dc2fb35
2025/11/08 14:46:50 INFO session created token=669a761e-4f44-40f2-ab8b-f0a48ba5ef58 name=User_43_49
2025/11/08 14:46:50 INFO session updated token=669a761e-4f44-40f2-ab8b-f0a48ba5ef58 tableID=0xc0002d4010 seatIndex=0xc0002d2130
2025/11/08 14:46:50 INFO session removed token=669a761e-4f44-40f2-ab8b-f0a48ba5ef58
2025/11/08 14:46:50 INFO session created token=4fd58b3b-836d-4efb-9808-647a6a0da9b5 name=User_43_50
2025/11/08 14:46:50 INFO session updated token=4fd58b3b-836d-4efb-9808-647a6a0da9b5 tableID=0xc0002d4060 seatIndex=0xc0002d2180
2025/11/08 14:46:50 INFO session removed token=4fd58b3b-836d-4efb-9808-647a6a0da9b5
2025/11/08 14:46:50 INFO session created token=18f7d3d2-a59d-4205-99b7-bea250430f33 name=User_43_51
2025/11/08 14:46:50 INFO session updated token=18f7d3d2-a59d-4205-99b7-bea250430f33 tableID=0xc0002d40b0 seatIndex=0xc0002d21d0
2025/11/08 14:46:50 INFO session removed token=18f7d3d2-a59d-4205-99b7-bea250430f33
2025/11/08 14:46:50 INFO session created token=dbf9c872-189a-4a52-88ec-ef45c81cd1b8 name=User_43_52
2025/11/08 14:46:50 INFO session updated token=dbf9c872-189a-4a52-88ec-ef45c81cd1b8 tableID=0xc0002d4100 seatIndex=0xc0002d2220
2025/11/08 14:46:50 INFO session removed token=dbf9c872-189a-4a52-88ec-ef45c81cd1b8
2025/11/08 14:46:50 INFO session created token=4295ddfe-5e84-4947-8fa5-4952aefc3714 name=User_43_53
2025/11/08 14:46:50 INFO session updated token=4295ddfe-5e84-4947-8fa5-4952aefc3714 tableID=0xc0002d4150 seatIndex=0xc0002d2270
2025/11/08 14:46:50 INFO session removed token=4295ddfe-5e84-4947-8fa5-4952aefc3714
2025/11/08 14:46:50 INFO session created token=b00d9e97-9590-4679-bed2-f98ce63d6e2d name=User_43_54
2025/11/08 14:46:50 INFO session updated token=b00d9e97-9590-4679-bed2-f98ce63d6e2d tableID=0xc0002d41a0 seatIndex=0xc0002d22c0
2025/11/08 14:46:50 INFO session removed token=b00d9e97-9590-4679-bed2-f98ce63d6e2d
2025/11/08 14:46:50 INFO session created token=22b4849d-5e41-45ca-b193-315278c577fc name=User_43_55
2025/11/08 14:46:50 INFO session updated token=22b4849d-5e41-45ca-b193-315278c577fc tableID=0xc0002d41f0 seatIndex=0xc0002d2310
2025/11/08 14:46:50 INFO session removed token=22b4849d-5e41-45ca-b193-315278c577fc
2025/11/08 14:46:50 INFO session created token=f0d48932-9ff8-4c9a-8ab0-cf34d654def6 name=User_43_56
2025/11/08 14:46:50 INFO session updated token=f0d48932-9ff8-4c9a-8ab0-cf34d654def6 tableID=0xc0002d4240 seatIndex=0xc0002d2360
2025/11/08 14:46:50 INFO session removed token=f0d48932-9ff8-4c9a-8ab0-cf34d654def6
2025/11/08 14:46:50 INFO session created token=ec5d50a9-7352-40d7-a6a1-ab7ae055805e name=User_43_57
2025/11/08 14:46:50 INFO session updated token=ec5d50a9-7352-40d7-a6a1-ab7ae055805e tableID=0xc0002d4290 seatIndex=0xc0002d23b0
2025/11/08 14:46:50 INFO session removed token=ec5d50a9-7352-40d7-a6a1-ab7ae055805e
2025/11/08 14:46:50 INFO session created token=da050095-d685-40ff-827d-b6bbed89e653 name=User_43_58
2025/11/08 14:46:50 INFO session updated token=da050095-d685-40ff-827d-b6bbed89e653 tableID=0xc0002d42e0 seatIndex=0xc0002d2400
2025/11/08 14:46:50 INFO session removed token=da050095-d685-40ff-827d-b6bbed89e653
2025/11/08 14:46:50 INFO session created token=c2d92e77-7c9b-432f-a5d6-02214d7685be name=User_43_59
2025/11/08 14:46:50 INFO session updated token=c2d92e77-7c9b-432f-a5d6-02214d7685be tableID=0xc0002d4330 seatIndex=0xc0002d2450
2025/11/08 14:46:50 INFO session removed token=c2d92e77-7c9b-432f-a5d6-02214d7685be
2025/11/08 14:46:50 INFO session created token=c6dfb9b9-363e-4822-bfbc-d71e7e3d7e8d name=User_43_60
2025/11/08 14:46:50 INFO session updated token=c6dfb9b9-363e-4822-bfbc-d71e7e3d7e8d tableID=0xc0002d4380 seatIndex=0xc0002d24a0
2025/11/08 14:46:50 INFO session removed token=c6dfb9b9-363e-4822-bfbc-d71e7e3d7e8d
2025/11/08 14:46:50 INFO session created token=d4d08cb6-a7d7-4d97-8042-0eb435f86a51 name=User_43_61
2025/11/08 14:46:50 INFO session updated token=d4d08cb6-a7d7-4d97-8042-0eb435f86a51 tableID=0xc0002d43d0 seatIndex=0xc0002d24f0
2025/11/08 14:46:50 INFO session removed token=d4d08cb6-a7d7-4d97-8042-0eb435f86a51
2025/11/08 14:46:50 INFO session created token=4f8f921f-875c-4ef9-920d-a4939bad7f8e name=User_43_62
2025/11/08 14:46:50 INFO session updated token=4f8f921f-875c-4ef9-920d-a4939bad7f8e tableID=0xc0002d4420 seatIndex=0xc0002d2540
2025/11/08 14:46:50 INFO session removed token=4f8f921f-875c-4ef9-920d-a4939bad7f8e
2025/11/08 14:46:50 INFO session created token=301138f6-827e-4b15-badb-0084c4cbf296 name=User_43_63
2025/11/08 14:46:50 INFO session updated token=301138f6-827e-4b15-badb-0084c4cbf296 tableID=0xc0002d4470 seatIndex=0xc0002d2590
2025/11/08 14:46:50 INFO session removed token=301138f6-827e-4b15-badb-0084c4cbf296
2025/11/08 14:46:50 INFO session created token=60419bc5-ecf2-408e-b9b1-f72e9c917e0e name=User_43_64
2025/11/08 14:46:50 INFO session updated token=60419bc5-ecf2-408e-b9b1-f72e9c917e0e tableID=0xc0002d44c0 seatIndex=0xc0002d25e0
2025/11/08 14:46:50 INFO session removed token=60419bc5-ecf2-408e-b9b1-f72e9c917e0e
2025/11/08 14:46:50 INFO session created token=733f2989-17c1-4cdf-9f8f-c3d71a135c76 name=User_43_65
2025/11/08 14:46:50 INFO session updated token=733f2989-17c1-4cdf-9f8f-c3d71a135c76 tableID=0xc0002d4510 seatIndex=0xc0002d2630
2025/11/08 14:46:50 INFO session removed token=733f2989-17c1-4cdf-9f8f-c3d71a135c76
2025/11/08 14:46:50 INFO session created token=274dd3df-95df-4d06-b1fa-c8eec2ddfd14 name=User_43_66
2025/11/08 14:46:50 INFO session updated token=274dd3df-95df-4d06-b1fa-c8eec2ddfd14 tableID=0xc0002d4560 seatIndex=0xc0002d2680
2025/11/08 14:46:50 INFO session removed token=274dd3df-95df-4d06-b1fa-c8eec2ddfd14
2025/11/08 14:46:50 INFO session created token=78421d65-7a23-459a-9847-8060b6826d15 name=User_43_67
2025/11/08 14:46:50 INFO session updated token=78421d65-7a23-459a-9847-8060b6826d15 tableID=0xc0002d45b0 seatIndex=0xc0002d26d0
2025/11/08 14:46:50 INFO session removed token=78421d65-7a23-459a-9847-8060b6826d15
2025/11/08 14:46:50 INFO session created token=b9416dbe-5014-4e6c-9bdb-84cfea7003a1 name=User_43_68
2025/11/08 14:46:50 INFO session updated token=b9416dbe-5014-4e6c-9bdb-84cfea7003a1 tableID=0xc0002d4600 seatIndex=0xc0002d2720
2025/11/08 14:46:50 INFO session removed token=b9416dbe-5014-4e6c-9bdb-84cfea7003a1
2025/11/08 14:46:50 INFO session created token=9b6a8ceb-ef45-471c-bebf-9549e9602cf3 name=User_43_69
2025/11/08 14:46:50 INFO session updated token=9b6a8ceb-ef45-471c-bebf-9549e9602cf3 tableID=0xc0002d4650 seatIndex=0xc0002d2770
2025/11/08 14:46:50 INFO session removed token=9b6a8ceb-ef45-471c-bebf-9549e9602cf3
2025/11/08 14:46:50 INFO session created token=3c9790e4-5e3c-4101-a209-eb1b77912163 name=User_43_70
2025/11/08 14:46:50 INFO session updated token=3c9790e4-5e3c-4101-a209-eb1b77912163 tableID=0xc0002d46a0 seatIndex=0xc0002d27c0
2025/11/08 14:46:50 INFO session removed token=3c9790e4-5e3c-4101-a209-eb1b77912163
2025/11/08 14:46:50 INFO session created token=851eb36b-6957-4681-8a49-7f9d409faab1 name=User_43_71
2025/11/08 14:46:50 INFO session updated token=851eb36b-6957-4681-8a49-7f9d409faab1 tableID=0xc0002d46f0 seatIndex=0xc0002d2810
2025/11/08 14:46:50 INFO session removed token=851eb36b-6957-4681-8a49-7f9d409faab1
2025/11/08 14:46:50 INFO session created token=1bd10e1a-59ec-4a9d-99f4-74daa25337e7 name=User_43_72
2025/11/08 14:46:50 INFO session updated token=1bd10e1a-59ec-4a9d-99f4-74daa25337e7 tableID=0xc0002d4740 seatIndex=0xc0002d2860
2025/11/08 14:46:50 INFO session removed token=1bd10e1a-59ec-4a9d-99f4-74daa25337e7
2025/11/08 14:46:50 INFO session created token=233d64e7-c516-43c3-97a2-9bccd6536247 name=User_43_73
2025/11/08 14:46:50 INFO session updated token=233d64e7-c516-43c3-97a2-9bccd6536247 tableID=0xc0002d4790 seatIndex=0xc0002d28b0
2025/11/08 14:46:50 INFO session removed token=233d64e7-c516-43c3-97a2-9bccd6536247
2025/11/08 14:46:50 INFO session created token=14c7a974-3362-4177-a331-c6fbd097dcc3 name=User_43_74
2025/11/08 14:46:50 INFO session updated token=14c7a974-3362-4177-a331-c6fbd097dcc3 tableID=0xc0002d47e0 seatIndex=0xc0002d2900
2025/11/08 14:46:50 INFO session removed token=14c7a974-3362-4177-a331-c6fbd097dcc3
2025/11/08 14:46:50 INFO session created token=d7857749-3451-4cfe-aef8-562c5dfe27f7 name=User_43_75
2025/11/08 14:46:50 INFO session updated token=d7857749-3451-4cfe-aef8-562c5dfe27f7 tableID=0xc0002d4830 seatIndex=0xc0002d2950
2025/11/08 14:46:50 INFO session removed token=d7857749-3451-4cfe-aef8-562c5dfe27f7
2025/11/08 14:46:50 INFO session created token=8e0f2721-1515-4984-9e93-1daac7bb0a7b name=User_43_76
2025/11/08 14:46:50 INFO session updated token=8e0f2721-1515-4984-9e93-1daac7bb0a7b tableID=0xc0002d4880 seatIndex=0xc0002d29a0
2025/11/08 14:46:50 INFO session removed token=8e0f2721-1515-4984-9e93-1daac7bb0a7b
2025/11/08 14:46:50 INFO session created token=c7b180b7-cd70-412f-b859-1757680d0ad7 name=User_43_77
2025/11/08 14:46:50 INFO session updated token=c7b180b7-cd70-412f-b859-1757680d0ad7 tableID=0xc0002d48d0 seatIndex=0xc0002d29f0
2025/11/08 14:46:50 INFO session removed token=c7b180b7-cd70-412f-b859-1757680d0ad7
2025/11/08 14:46:50 INFO session created token=5cc77d3f-a6c5-436b-8f22-0b16f8981198 name=User_43_78
2025/11/08 14:46:50 INFO session updated token=5cc77d3f-a6c5-436b-8f22-0b16f8981198 tableID=0xc0002d4920 seatIndex=0xc0002d2a40
2025/11/08 14:46:50 INFO session removed token=5cc77d3f-a6c5-436b-8f22-0b16f8981198
2025/11/08 14:46:50 INFO session created token=665d3629-5efb-4b21-909b-6bc4be361be9 name=User_43_79
2025/11/08 14:46:50 INFO session updated token=665d3629-5efb-4b21-909b-6bc4be361be9 tableID=0xc0002d4970 seatIndex=0xc0002d2a90
2025/11/08 14:46:50 INFO session removed token=665d3629-5efb-4b21-909b-6bc4be361be9
2025/11/08 14:46:50 INFO session created token=96fd189a-586e-4904-aca2-e4009cc582db name=User_43_80
2025/11/08 14:46:50 INFO session updated token=96fd189a-586e-4904-aca2-e4009cc582db tableID=0xc0002d49c0 seatIndex=0xc0002d2ae0
2025/11/08 14:46:50 INFO session removed token=96fd189a-586e-4904-aca2-e4009cc582db
2025/11/08 14:46:50 INFO session created token=95c4e98a-b014-41c5-bb65-770af19152c8 name=User_43_81
2025/11/08 14:46:50 INFO session updated token=95c4e98a-b014-41c5-bb65-770af19152c8 tableID=0xc0002d4a10 seatIndex=0xc0002d2b30
2025/11/08 14:46:50 INFO session removed token=95c4e98a-b014-41c5-bb65-770af19152c8
2025/11/08 14:46:50 INFO session created token=1701b57a-e85d-412a-b8af-b1defb34ad3b name=User_43_82
2025/11/08 14:46:50 INFO session updated token=1701b57a-e85d-412a-b8af-b1defb34ad3b tableID=0xc0002d4a60 seatIndex=0xc0002d2b80
2025/11/08 14:46:50 INFO session removed token=1701b57a-e85d-412a-b8af-b1defb34ad3b
2025/11/08 14:46:50 INFO session created token=3bd76de1-a955-4bc6-8087-42603754a915 name=User_43_83
2025/11/08 14:46:50 INFO session updated token=3bd76de1-a955-4bc6-8087-42603754a915 tableID=0xc0002d4ab0 seatIndex=0xc0002d2bd0
2025/11/08 14:46:50 INFO session removed token=3bd76de1-a955-4bc6-8087-42603754a915
2025/11/08 14:46:50 INFO session created token=e2264183-aa29-4ad9-8577-e698ef5eb89d name=User_43_84
2025/11/08 14:46:50 INFO session updated token=e2264183-aa29-4ad9-8577-e698ef5eb89d tableID=0xc0002d4b00 seatIndex=0xc0002d2c20
2025/11/08 14:46:50 INFO session removed token=e2264183-aa29-4ad9-8577-e698ef5eb89d
2025/11/08 14:46:50 INFO session created token=7c23a5b2-f133-4abb-919b-ecd8474be2b4 name=User_43_85
2025/11/08 14:46:50 INFO session updated token=7c23a5b2-f133-4abb-919b-ecd8474be2b4 tableID=0xc0002d4b50 seatIndex=0xc0002d2c70
2025/11/08 14:46:50 INFO session removed token=7c23a5b2-f133-4abb-919b-ecd8474be2b4
2025/11/08 14:46:50 INFO session created token=faf0ccd4-2ec4-45af-81c6-80939b7f3007 name=User_43_86
2025/11/08 14:46:50 INFO session updated token=faf0ccd4-2ec4-45af-81c6-80939b7f3007 tableID=0xc0002d4ba0 seatIndex=0xc0002d2cc0
2025/11/08 14:46:50 INFO session removed token=faf0ccd4-2ec4-45af-81c6-80939b7f3007
2025/11/08 14:46:50 INFO session created token=365f02c8-f7fa-420d-a46b-e224db34aee3 name=User_43_87
2025/11/08 14:46:50 INFO session updated token=365f02c8-f7fa-420d-a46b-e224db34aee3 tableID=0xc0002d4bf0 seatIndex=0xc0002d2d10
2025/11/08 14:46:50 INFO session removed token=365f02c8-f7fa-420d-a46b-e224db34aee3
2025/11/08 14:46:50 INFO session created token=86063864-345a-4cca-9502-0952775ff7a6 name=User_43_88
2025/11/08 14:46:50 INFO session updated token=86063864-345a-4cca-9502-0952775ff7a6 tableID=0xc0002d4c40 seatIndex=0xc0002d2d60
2025/11/08 14:46:50 INFO session removed token=86063864-345a-4cca-9502-0952775ff7a6
2025/11/08 14:46:50 INFO session created token=6f4618e1-180a-4251-b482-87ad52c3e966 name=User_43_89
2025/11/08 14:46:50 INFO session updated token=6f4618e1-180a-4251-b482-87ad52c3e966 tableID=0xc0002d4c90 seatIndex=0xc0002d2db0
2025/11/08 14:46:50 INFO session removed token=6f4618e1-180a-4251-b482-87ad52c3e966
2025/11/08 14:46:50 INFO session created token=fc01d42b-feb5-4a20-ad0a-a850d5280d18 name=User_43_90
2025/11/08 14:46:50 INFO session updated token=fc01d42b-feb5-4a20-ad0a-a850d5280d18 tableID=0xc0002d4ce0 seatIndex=0xc0002d2e00
2025/11/08 14:46:50 INFO session removed token=fc01d42b-feb5-4a20-ad0a-a850d5280d18
2025/11/08 14:46:50 INFO session created token=a68747e4-06c2-4449-b2f2-f953510bf8e6 name=User_43_91
2025/11/08 14:46:50 INFO session updated token=a68747e4-06c2-4449-b2f2-f953510bf8e6 tableID=0xc0002d4d30 seatIndex=0xc0002d2e50
2025/11/08 14:46:50 INFO session removed token=a68747e4-06c2-4449-b2f2-f953510bf8e6
2025/11/08 14:46:50 INFO session created token=f2e5dedc-08ec-4bd4-8172-6e8ac2b814be name=User_43_92
2025/11/08 14:46:50 INFO session updated token=f2e5dedc-08ec-4bd4-8172-6e8ac2b814be tableID=0xc0002d4d80 seatIndex=0xc0002d2ea0
2025/11/08 14:46:50 INFO session removed token=f2e5dedc-08ec-4bd4-8172-6e8ac2b814be
2025/11/08 14:46:50 INFO session created token=2ea11b87-925a-4aec-a171-332abbbf82f8 name=User_43_93
2025/11/08 14:46:50 INFO session updated token=2ea11b87-925a-4aec-a171-332abbbf82f8 tableID=0xc0002d4dd0 seatIndex=0xc0002d2ef0
2025/11/08 14:46:50 INFO session removed token=2ea11b87-925a-4aec-a171-332abbbf82f8
2025/11/08 14:46:50 INFO session created token=36e13045-6ce1-4fd9-a150-c4981a9620c7 name=User_43_94
2025/11/08 14:46:50 INFO session updated token=36e13045-6ce1-4fd9-a150-c4981a9620c7 tableID=0xc0002d4e20 seatIndex=0xc0002d2f40
2025/11/08 14:46:50 INFO session removed token=36e13045-6ce1-4fd9-a150-c4981a9620c7
2025/11/08 14:46:50 INFO session created token=a67870b3-4d22-473b-bd1e-730a3a914dd4 name=User_43_95
2025/11/08 14:46:50 INFO session updated token=a67870b3-4d22-473b-bd1e-730a3a914dd4 tableID=0xc0002d4e70 seatIndex=0xc0002d2f90
2025/11/08 14:46:50 INFO session removed token=a67870b3-4d22-473b-bd1e-730a3a914dd4
2025/11/08 14:46:50 INFO session created token=912a1aa7-7ed9-4456-a8b6-25c84a0adbf2 name=User_43_96
2025/11/08 14:46:50 INFO session updated token=912a1aa7-7ed9-4456-a8b6-25c84a0adbf2 tableID=0xc0002d4ec0 seatIndex=0xc0002d2fe0
2025/11/08 14:46:50 INFO session removed token=912a1aa7-7ed9-4456-a8b6-25c84a0adbf2
2025/11/08 14:46:50 INFO session created token=9db7e262-de2c-43b4-a598-e62f458d7c45 name=User_43_97
2025/11/08 14:46:50 INFO session updated token=9db7e262-de2c-43b4-a598-e62f458d7c45 tableID=0xc0002d4f10 seatIndex=0xc0002d3030
2025/11/08 14:46:50 INFO session removed token=9db7e262-de2c-43b4-a598-e62f458d7c45
2025/11/08 14:46:50 INFO session created token=19ae4d6c-af2a-4fc1-a10b-48dd121c85de name=User_43_98
2025/11/08 14:46:50 INFO session updated token=19ae4d6c-af2a-4fc1-a10b-48dd121c85de tableID=0xc0002d4f60 seatIndex=0xc0002d3080
2025/11/08 14:46:50 INFO session removed token=19ae4d6c-af2a-4fc1-a10b-48dd121c85de
2025/11/08 14:46:50 INFO session created token=70a666c4-1e58-4f82-9732-b2b245839aa8 name=User_43_99
2025/11/08 14:46:50 INFO session updated token=70a666c4-1e58-4f82-9732-b2b245839aa8 tableID=0xc0002d4fb0 seatIndex=0xc0002d30d0
2025/11/08 14:46:50 INFO session removed token=70a666c4-1e58-4f82-9732-b2b245839aa8
2025/11/08 14:46:50 INFO session created token=5e83e985-2a99-42a9-b457-0f843557ff31 name=User_29_6
2025/11/08 14:46:50 INFO session updated token=5e83e985-2a99-42a9-b457-0f843557ff31 tableID=0xc0002d5000 seatIndex=0xc0002d3100
2025/11/08 14:46:50 INFO session removed token=5e83e985-2a99-42a9-b457-0f843557ff31
2025/11/08 14:46:50 INFO session created token=d2baeb39-23ea-4f4c-98da-81141fdd30e5 name=User_29_7
2025/11/08 14:46:50 INFO session updated token=d2baeb39-23ea-4f4c-98da-81141fdd30e5 tableID=0xc0002d5050 seatIndex=0xc0002d3150
2025/11/08 14:46:50 INFO session removed token=d2baeb39-23ea-4f4c-98da-81141fdd30e5
2025/11/08 14:46:50 INFO session created token=c1d42162-af30-4c5d-a64d-22874cbf7033 name=User_29_8
2025/11/08 14:46:50 INFO session updated token=c1d42162-af30-4c5d-a64d-22874cbf7033 tableID=0xc0002d50a0 seatIndex=0xc0002d31a0
2025/11/08 14:46:50 INFO session removed token=c1d42162-af30-4c5d-a64d-22874cbf7033
2025/11/08 14:46:50 INFO session created token=5a1537b8-7d4a-4e55-834d-24ea79232270 name=User_29_9
2025/11/08 14:46:50 INFO session updated token=5a1537b8-7d4a-4e55-834d-24ea79232270 tableID=0xc0002d50f0 seatIndex=0xc0002d31f0
2025/11/08 14:46:50 INFO session removed token=5a1537b8-7d4a-4e55-834d-24ea79232270
2025/11/08 14:46:50 INFO session created token=fbd33a0c-8d74-438e-b0f9-08a9efb8851e name=User_29_10
2025/11/08 14:46:50 INFO session updated token=fbd33a0c-8d74-438e-b0f9-08a9efb8851e tableID=0xc0002d5140 seatIndex=0xc0002d3240
2025/11/08 14:46:50 INFO session removed token=fbd33a0c-8d74-438e-b0f9-08a9efb8851e
2025/11/08 14:46:50 INFO session created token=71bf76e1-07dc-4b10-9e9d-a624abd777bd name=User_29_11
2025/11/08 14:46:50 INFO session updated token=71bf76e1-07dc-4b10-9e9d-a624abd777bd tableID=0xc0002d5190 seatIndex=0xc0002d3290
2025/11/08 14:46:50 INFO session removed token=71bf76e1-07dc-4b10-9e9d-a624abd777bd
2025/11/08 14:46:50 INFO session created token=c8e34710-b055-4c89-b6f7-15ffabc08e27 name=User_29_12
2025/11/08 14:46:50 INFO session updated token=c8e34710-b055-4c89-b6f7-15ffabc08e27 tableID=0xc0002d51e0 seatIndex=0xc0002d32e0
2025/11/08 14:46:50 INFO session removed token=c8e34710-b055-4c89-b6f7-15ffabc08e27
2025/11/08 14:46:50 INFO session created token=313344a6-0fa1-43ce-a258-135356232566 name=User_29_13
2025/11/08 14:46:50 INFO session updated token=313344a6-0fa1-43ce-a258-135356232566 tableID=0xc0002d5230 seatIndex=0xc0002d3330
2025/11/08 14:46:50 INFO session removed token=313344a6-0fa1-43ce-a258-135356232566
2025/11/08 14:46:50 INFO session created token=4f13b7d1-dede-4220-9f81-478cea3fe9b0 name=User_29_14
2025/11/08 14:46:50 INFO session updated token=4f13b7d1-dede-4220-9f81-478cea3fe9b0 tableID=0xc0002d5280 seatIndex=0xc0002d3380
2025/11/08 14:46:50 INFO session removed token=4f13b7d1-dede-4220-9f81-478cea3fe9b0
2025/11/08 14:46:50 INFO session created token=d4dd9005-5112-4eb3-8b6f-458de132cdef name=User_29_15
2025/11/08 14:46:50 INFO session updated token=d4dd9005-5112-4eb3-8b6f-458de132cdef tableID=0xc0002d52d0 seatIndex=0xc0002d33d0
2025/11/08 14:46:50 INFO session removed token=d4dd9005-5112-4eb3-8b6f-458de132cdef
2025/11/08 14:46:50 INFO session created token=7b811bd2-d0a4-470a-a0a7-f71bb8378edb name=User_29_16
2025/11/08 14:46:50 INFO session updated token=7b811bd2-d0a4-470a-a0a7-f71bb8378edb tableID=0xc0002d5320 seatIndex=0xc0002d3420
2025/11/08 14:46:50 INFO session removed token=7b811bd2-d0a4-470a-a0a7-f71bb8378edb
2025/11/08 14:46:50 INFO session created token=3d7c80f7-c5ee-48af-973d-35357a37e2f5 name=User_29_17
2025/11/08 14:46:50 INFO session updated token=3d7c80f7-c5ee-48af-973d-35357a37e2f5 tableID=0xc0002d5370 seatIndex=0xc0002d3470
2025/11/08 14:46:50 INFO session removed token=3d7c80f7-c5ee-48af-973d-35357a37e2f5
2025/11/08 14:46:50 INFO session created token=25f86827-b105-4258-ad7d-a658afdd99aa name=User_29_18
2025/11/08 14:46:50 INFO session updated token=25f86827-b105-4258-ad7d-a658afdd99aa tableID=0xc0002d53c0 seatIndex=0xc0002d34c0
2025/11/08 14:46:50 INFO session removed token=25f86827-b105-4258-ad7d-a658afdd99aa
2025/11/08 14:46:50 INFO session created token=ff86c5a3-77dc-46aa-b93d-48d08f70bf2e name=User_29_19
2025/11/08 14:46:50 INFO session updated token=ff86c5a3-77dc-46aa-b93d-48d08f70bf2e tableID=0xc0002d5410 seatIndex=0xc0002d3510
2025/11/08 14:46:50 INFO session removed token=ff86c5a3-77dc-46aa-b93d-48d08f70bf2e
2025/11/08 14:46:50 INFO session created token=a629d5b3-f29b-431b-a7b1-4265bd131c04 name=User_29_20
2025/11/08 14:46:50 INFO session updated token=a629d5b3-f29b-431b-a7b1-4265bd131c04 tableID=0xc0002d5460 seatIndex=0xc0002d3560
2025/11/08 14:46:50 INFO session removed token=a629d5b3-f29b-431b-a7b1-4265bd131c04
2025/11/08 14:46:50 INFO session created token=a705e3a5-0ac3-4118-a6dd-d7b1c09be851 name=User_29_21
2025/11/08 14:46:50 INFO session updated token=a705e3a5-0ac3-4118-a6dd-d7b1c09be851 tableID=0xc0002d54b0 seatIndex=0xc0002d35b0
2025/11/08 14:46:50 INFO session removed token=a705e3a5-0ac3-4118-a6dd-d7b1c09be851
2025/11/08 14:46:50 INFO session created token=a378a298-caef-456b-ae21-5e182c940d02 name=User_29_22
2025/11/08 14:46:50 INFO session updated token=a378a298-caef-456b-ae21-5e182c940d02 tableID=0xc0002d5500 seatIndex=0xc0002d3600
2025/11/08 14:46:50 INFO session removed token=a378a298-caef-456b-ae21-5e182c940d02
2025/11/08 14:46:50 INFO session created token=90fd79ce-e3a7-49e0-9b79-44c93dc23379 name=User_29_23
2025/11/08 14:46:50 INFO session updated token=90fd79ce-e3a7-49e0-9b79-44c93dc23379 tableID=0xc0002d5550 seatIndex=0xc0002d3650
2025/11/08 14:46:50 INFO session removed token=90fd79ce-e3a7-49e0-9b79-44c93dc23379
2025/11/08 14:46:50 INFO session created token=cc3f2326-751c-4507-b0cd-13beaf8bd2a0 name=User_29_24
2025/11/08 14:46:50 INFO session updated token=cc3f2326-751c-4507-b0cd-13beaf8bd2a0 tableID=0xc0002d55a0 seatIndex=0xc0002d36a0
2025/11/08 14:46:50 INFO session removed token=cc3f2326-751c-4507-b0cd-13beaf8bd2a0
2025/11/08 14:46:50 INFO session created token=a6a70553-a018-40b4-b3ed-8ddb9316844c name=User_29_25
2025/11/08 14:46:50 INFO session updated token=a6a70553-a018-40b4-b3ed-8ddb9316844c tableID=0xc0002d55f0 seatIndex=0xc0002d36f0
2025/11/08 14:46:50 INFO session removed token=a6a70553-a018-40b4-b3ed-8ddb9316844c
2025/11/08 14:46:50 INFO session created token=6fcb7de6-ced1-4d37-9867-5ecc76606030 name=User_29_26
2025/11/08 14:46:50 INFO session updated token=6fcb7de6-ced1-4d37-9867-5ecc76606030 tableID=0xc0002d5640 seatIndex=0xc0002d3740
2025/11/08 14:46:50 INFO session removed token=6fcb7de6-ced1-4d37-9867-5ecc76606030
2025/11/08 14:46:50 INFO session created token=04908bec-d378-4512-97aa-af8178e51dc4 name=User_29_27
2025/11/08 14:46:50 INFO session updated token=04908bec-d378-4512-97aa-af8178e51dc4 tableID=0xc0002d5690 seatIndex=0xc0002d3790
2025/11/08 14:46:50 INFO session removed token=04908bec-d378-4512-97aa-af8178e51dc4
2025/11/08 14:46:50 INFO session created token=9932761a-a2d5-4929-b930-ca033d2e3a83 name=User_29_28
2025/11/08 14:46:50 INFO session updated token=9932761a-a2d5-4929-b930-ca033d2e3a83 tableID=0xc0002d56e0 seatIndex=0xc0002d37e0
2025/11/08 14:46:50 INFO session removed token=9932761a-a2d5-4929-b930-ca033d2e3a83
2025/11/08 14:46:50 INFO session created token=10add420-2874-42d7-99c7-5a0bf89cfe2c name=User_29_29
2025/11/08 14:46:50 INFO session updated token=10add420-2874-42d7-99c7-5a0bf89cfe2c tableID=0xc0002d5730 seatIndex=0xc0002d3830
2025/11/08 14:46:50 INFO session removed token=10add420-2874-42d7-99c7-5a0bf89cfe2c
2025/11/08 14:46:50 INFO session created token=ec14a2d3-48d4-4c6a-bdf1-d0911ec3d191 name=User_29_30
2025/11/08 14:46:50 INFO session updated token=ec14a2d3-48d4-4c6a-bdf1-d0911ec3d191 tableID=0xc0002d5780 seatIndex=0xc0002d3880
2025/11/08 14:46:50 INFO session removed token=ec14a2d3-48d4-4c6a-bdf1-d0911ec3d191
2025/11/08 14:46:50 INFO session created token=386c59b6-cef1-4d78-87a4-6e7fee41737e name=User_29_31
2025/11/08 14:46:50 INFO session updated token=386c59b6-cef1-4d78-87a4-6e7fee41737e tableID=0xc0002d57d0 seatIndex=0xc0002d38d0
2025/11/08 14:46:50 INFO session removed token=386c59b6-cef1-4d78-87a4-6e7fee41737e
2025/11/08 14:46:50 INFO session created token=f4449771-9622-40b0-a5c9-b397c998080f name=User_29_32
2025/11/08 14:46:50 INFO session updated token=f4449771-9622-40b0-a5c9-b397c998080f tableID=0xc0002d5820 seatIndex=0xc0002d3920
2025/11/08 14:46:50 INFO session removed token=f4449771-9622-40b0-a5c9-b397c998080f
2025/11/08 14:46:50 INFO session created token=53a57bcd-d8d8-4569-8589-90ad28af9c0f name=User_29_33
2025/11/08 14:46:50 INFO session updated token=53a57bcd-d8d8-4569-8589-90ad28af9c0f tableID=0xc0002d5870 seatIndex=0xc0002d3970
2025/11/08 14:46:50 INFO session removed token=53a57bcd-d8d8-4569-8589-90ad28af9c0f
2025/11/08 14:46:50 INFO session created token=72d40864-9105-4e4a-9dab-1487dda552f3 name=User_29_34
2025/11/08 14:46:50 INFO session updated token=72d40864-9105-4e4a-9dab-1487dda552f3 tableID=0xc0002d58c0 seatIndex=0xc0002d39c0
2025/11/08 14:46:50 INFO session removed token=72d40864-9105-4e4a-9dab-1487dda552f3
2025/11/08 14:46:50 INFO session created token=56383865-7a5f-4888-85e5-bedd688c9d33 name=User_29_35
2025/11/08 14:46:50 INFO session updated token=56383865-7a5f-4888-85e5-bedd688c9d33 tableID=0xc0002d5910 seatIndex=0xc0002d3a10
2025/11/08 14:46:50 INFO session removed token=56383865-7a5f-4888-85e5-bedd688c9d33
2025/11/08 14:46:50 INFO session created token=40ce24dc-1afa-4049-8000-207598e98dc8 name=User_29_36
2025/11/08 14:46:50 INFO session updated token=40ce24dc-1afa-4049-8000-207598e98dc8 tableID=0xc0002d5960 seatIndex=0xc0002d3a60
2025/11/08 14:46:50 INFO session removed token=40ce24dc-1afa-4049-8000-207598e98dc8
2025/11/08 14:46:50 INFO session created token=cfac78d2-0012-4daf-8647-6c3ebded49c4 name=User_29_37
2025/11/08 14:46:50 INFO session updated token=cfac78d2-0012-4daf-8647-6c3ebded49c4 tableID=0xc0002d59b0 seatIndex=0xc0002d3ab0
2025/11/08 14:46:50 INFO session removed token=cfac78d2-0012-4daf-8647-6c3ebded49c4
2025/11/08 14:46:50 INFO session created token=762c3d4e-7e26-4ad1-b606-6681adb54253 name=User_29_38
2025/11/08 14:46:50 INFO session updated token=762c3d4e-7e26-4ad1-b606-6681adb54253 tableID=0xc0002d5a00 seatIndex=0xc0002d3b00
2025/11/08 14:46:50 INFO session removed token=762c3d4e-7e26-4ad1-b606-6681adb54253
2025/11/08 14:46:50 INFO session created token=f74a4f2d-c902-4605-8606-3b23d23ce0f7 name=User_29_39
2025/11/08 14:46:50 INFO session updated token=f74a4f2d-c902-4605-8606-3b23d23ce0f7 tableID=0xc0002d5a50 seatIndex=0xc0002d3b50
2025/11/08 14:46:50 INFO session removed token=f74a4f2d-c902-4605-8606-3b23d23ce0f7
2025/11/08 14:46:50 INFO session created token=aa076341-536a-49a0-b866-43daa39820e2 name=User_29_40
2025/11/08 14:46:50 INFO session updated token=aa076341-536a-49a0-b866-43daa39820e2 tableID=0xc0002d5aa0 seatIndex=0xc0002d3ba0
2025/11/08 14:46:50 INFO session removed token=aa076341-536a-49a0-b866-43daa39820e2
2025/11/08 14:46:50 INFO session created token=0564511d-7f18-4fb7-8173-7ee5fb48106f name=User_29_41
2025/11/08 14:46:50 INFO session updated token=0564511d-7f18-4fb7-8173-7ee5fb48106f tableID=0xc0002d5af0 seatIndex=0xc0002d3bf0
2025/11/08 14:46:50 INFO session removed token=0564511d-7f18-4fb7-8173-7ee5fb48106f
2025/11/08 14:46:50 INFO session created token=34e9129f-ffad-4d5d-8d67-210813278bc3 name=User_29_42
2025/11/08 14:46:50 INFO session updated token=34e9129f-ffad-4d5d-8d67-210813278bc3 tableID=0xc0002d5b40 seatIndex=0xc0002d3c40
2025/11/08 14:46:50 INFO session removed token=34e9129f-ffad-4d5d-8d67-210813278bc3
2025/11/08 14:46:50 INFO session created token=0733a158-6669-4c07-95d9-301ee4b5a6b2 name=User_29_43
2025/11/08 14:46:50 INFO session updated token=0733a158-6669-4c07-95d9-301ee4b5a6b2 tableID=0xc0002d5b90 seatIndex=0xc0002d3c90
2025/11/08 14:46:50 INFO session removed token=0733a158-6669-4c07-95d9-301ee4b5a6b2
2025/11/08 14:46:50 INFO session created token=fa7bb54d-c8c1-4e9f-b1d2-59241c92c63a name=User_29_44
2025/11/08 14:46:50 INFO session updated token=fa7bb54d-c8c1-4e9f-b1d2-59241c92c63a tableID=0xc0002d5be0 seatIndex=0xc0002d3ce0
2025/11/08 14:46:50 INFO session removed token=fa7bb54d-c8c1-4e9f-b1d2-59241c92c63a
2025/11/08 14:46:50 INFO session created token=98217df8-2203-4759-8b99-d0fff5bf8878 name=User_29_45
2025/11/08 14:46:50 INFO session updated token=98217df8-2203-4759-8b99-d0fff5bf8878 tableID=0xc0002d5c30 seatIndex=0xc0002d3d30
2025/11/08 14:46:50 INFO session removed token=98217df8-2203-4759-8b99-d0fff5bf8878
2025/11/08 14:46:50 INFO session created token=6485f43e-a053-4bd2-a33d-fed0fbc091ef name=User_29_46
2025/11/08 14:46:50 INFO session updated token=6485f43e-a053-4bd2-a33d-fed0fbc091ef tableID=0xc0002d5c80 seatIndex=0xc0002d3d80
2025/11/08 14:46:50 INFO session removed token=6485f43e-a053-4bd2-a33d-fed0fbc091ef
2025/11/08 14:46:50 INFO session created token=7f91f32e-8a53-4eac-9295-05b3b03afa27 name=User_29_47
2025/11/08 14:46:50 INFO session updated token=7f91f32e-8a53-4eac-9295-05b3b03afa27 tableID=0xc0002d5cd0 seatIndex=0xc0002d3dd0
2025/11/08 14:46:50 INFO session removed token=7f91f32e-8a53-4eac-9295-05b3b03afa27
2025/11/08 14:46:50 INFO session created token=3f9e4142-8f12-4ce9-812e-16a1fe02d69b name=User_29_48
2025/11/08 14:46:50 INFO session updated token=3f9e4142-8f12-4ce9-812e-16a1fe02d69b tableID=0xc0002d5d20 seatIndex=0xc0002d3e20
2025/11/08 14:46:50 INFO session removed token=3f9e4142-8f12-4ce9-812e-16a1fe02d69b
2025/11/08 14:46:50 INFO session created token=14490152-de55-4b10-876a-00094b92d354 name=User_29_49
2025/11/08 14:46:50 INFO session updated token=14490152-de55-4b10-876a-00094b92d354 tableID=0xc0002d5d70 seatIndex=0xc0002d3e70
2025/11/08 14:46:50 INFO session removed token=14490152-de55-4b10-876a-00094b92d354
2025/11/08 14:46:50 INFO session created token=b2bae6f1-3e15-42d0-a8da-a7f86d5ff3c8 name=User_29_50
2025/11/08 14:46:50 INFO session updated token=b2bae6f1-3e15-42d0-a8da-a7f86d5ff3c8 tableID=0xc0002d5dc0 seatIndex=0xc0002d3ec0
2025/11/08 14:46:50 INFO session removed token=b2bae6f1-3e15-42d0-a8da-a7f86d5ff3c8
2025/11/08 14:46:50 INFO session created token=ad80fccb-5397-4595-9de0-b771a6d63232 name=User_29_51
2025/11/08 14:46:50 INFO session updated token=ad80fccb-5397-4595-9de0-b771a6d63232 tableID=0xc0002d5e10 seatIndex=0xc0002d3f10
2025/11/08 14:46:50 INFO session removed token=ad80fccb-5397-4595-9de0-b771a6d63232
2025/11/08 14:46:50 INFO session created token=ff9cb3b7-6ce1-4490-bb26-56f6633bcf10 name=User_29_52
2025/11/08 14:46:50 INFO session updated token=ff9cb3b7-6ce1-4490-bb26-56f6633bcf10 tableID=0xc0002d5e60 seatIndex=0xc0002d3f60
2025/11/08 14:46:50 INFO session removed token=ff9cb3b7-6ce1-4490-bb26-56f6633bcf10
2025/11/08 14:46:50 INFO session created token=a3595377-7509-4d56-868e-b47c96eb695b name=User_29_53
2025/11/08 14:46:50 INFO session updated token=a3595377-7509-4d56-868e-b47c96eb695b tableID=0xc0002d5eb0 seatIndex=0xc0002d3fb0
2025/11/08 14:46:50 INFO session removed token=a3595377-7509-4d56-868e-b47c96eb695b
2025/11/08 14:46:50 INFO session created token=4b273ce2-761c-4e9f-9ef9-2c835e4517b1 name=User_29_54
2025/11/08 14:46:50 INFO session updated token=4b273ce2-761c-4e9f-9ef9-2c835e4517b1 tableID=0xc0002d5f00 seatIndex=0xc0002d8000
2025/11/08 14:46:50 INFO session removed token=4b273ce2-761c-4e9f-9ef9-2c835e4517b1
2025/11/08 14:46:50 INFO session created token=be2ee837-2466-4299-b1ed-9020fe7e202e name=User_29_55
2025/11/08 14:46:50 INFO session updated token=be2ee837-2466-4299-b1ed-9020fe7e202e tableID=0xc0002d5f50 seatIndex=0xc0002d8050
2025/11/08 14:46:50 INFO session removed token=be2ee837-2466-4299-b1ed-9020fe7e202e
2025/11/08 14:46:50 INFO session created token=1c4aeb50-3e72-4a72-a91f-1dc4ed7173c0 name=User_29_56
2025/11/08 14:46:50 INFO session updated token=1c4aeb50-3e72-4a72-a91f-1dc4ed7173c0 tableID=0xc0002da020 seatIndex=0xc0002d80a0
2025/11/08 14:46:50 INFO session removed token=1c4aeb50-3e72-4a72-a91f-1dc4ed7173c0
2025/11/08 14:46:50 INFO session created token=81077fa4-71f0-4758-9ca4-7947493de305 name=User_29_57
2025/11/08 14:46:50 INFO session updated token=81077fa4-71f0-4758-9ca4-7947493de305 tableID=0xc0002da070 seatIndex=0xc0002d80f0
2025/11/08 14:46:50 INFO session removed token=81077fa4-71f0-4758-9ca4-7947493de305
2025/11/08 14:46:50 INFO session created token=272626b1-ac70-4c3a-b495-6d40b5c9870c name=User_29_58
2025/11/08 14:46:50 INFO session updated token=272626b1-ac70-4c3a-b495-6d40b5c9870c tableID=0xc0002da0c0 seatIndex=0xc0002d8140
2025/11/08 14:46:50 INFO session removed token=272626b1-ac70-4c3a-b495-6d40b5c9870c
2025/11/08 14:46:50 INFO session created token=bff023b9-ad12-4562-a13c-5e500274ff0c name=User_29_59
2025/11/08 14:46:50 INFO session updated token=bff023b9-ad12-4562-a13c-5e500274ff0c tableID=0xc0002da110 seatIndex=0xc0002d8190
2025/11/08 14:46:50 INFO session removed token=bff023b9-ad12-4562-a13c-5e500274ff0c
2025/11/08 14:46:50 INFO session created token=fa07a23a-7e3b-4f30-bfc6-0e93531a1631 name=User_29_60
2025/11/08 14:46:50 INFO session updated token=fa07a23a-7e3b-4f30-bfc6-0e93531a1631 tableID=0xc0002da160 seatIndex=0xc0002d81e0
2025/11/08 14:46:50 INFO session removed token=fa07a23a-7e3b-4f30-bfc6-0e93531a1631
2025/11/08 14:46:50 INFO session created token=71576671-5c8c-4cfd-b069-00353c8c62e4 name=User_29_61
2025/11/08 14:46:50 INFO session updated token=71576671-5c8c-4cfd-b069-00353c8c62e4 tableID=0xc0002da1b0 seatIndex=0xc0002d8230
2025/11/08 14:46:50 INFO session removed token=71576671-5c8c-4cfd-b069-00353c8c62e4
2025/11/08 14:46:50 INFO session created token=b70d9c01-9b36-4527-8093-63c751dbf97c name=User_29_62
2025/11/08 14:46:50 INFO session updated token=b70d9c01-9b36-4527-8093-63c751dbf97c tableID=0xc0002da200 seatIndex=0xc0002d8280
2025/11/08 14:46:50 INFO session removed token=b70d9c01-9b36-4527-8093-63c751dbf97c
2025/11/08 14:46:50 INFO session created token=d658f53a-3da0-4171-a72e-8e1419fcb48a name=User_29_63
2025/11/08 14:46:50 INFO session updated token=d658f53a-3da0-4171-a72e-8e1419fcb48a tableID=0xc0002da250 seatIndex=0xc0002d82d0
2025/11/08 14:46:50 INFO session removed token=d658f53a-3da0-4171-a72e-8e1419fcb48a
2025/11/08 14:46:50 INFO session created token=e7147d14-6975-41ea-9ac0-951af6b8923c name=User_29_64
2025/11/08 14:46:50 INFO session updated token=e7147d14-6975-41ea-9ac0-951af6b8923c tableID=0xc0002da2a0 seatIndex=0xc0002d8320
2025/11/08 14:46:50 INFO session removed token=e7147d14-6975-41ea-9ac0-951af6b8923c
2025/11/08 14:46:50 INFO session created token=781e1eda-90ed-4617-84f1-19f1e8fbab7d name=User_29_65
2025/11/08 14:46:50 INFO session updated token=781e1eda-90ed-4617-84f1-19f1e8fbab7d tableID=0xc0002da2f0 seatIndex=0xc0002d8370
2025/11/08 14:46:50 INFO session removed token=781e1eda-90ed-4617-84f1-19f1e8fbab7d
2025/11/08 14:46:50 INFO session created token=c0fc06aa-69a6-42dc-8dbd-8bfd9ca2d96a name=User_29_66
2025/11/08 14:46:50 INFO session updated token=c0fc06aa-69a6-42dc-8dbd-8bfd9ca2d96a tableID=0xc0002da340 seatIndex=0xc0002d83c0
2025/11/08 14:46:50 INFO session removed token=c0fc06aa-69a6-42dc-8dbd-8bfd9ca2d96a
2025/11/08 14:46:50 INFO session created token=b5af800c-3e00-44ca-9cea-5464d398c1b4 name=User_29_67
2025/11/08 14:46:50 INFO session updated token=b5af800c-3e00-44ca-9cea-5464d398c1b4 tableID=0xc0002da390 seatIndex=0xc0002d8410
2025/11/08 14:46:50 INFO session removed token=b5af800c-3e00-44ca-9cea-5464d398c1b4
2025/11/08 14:46:50 INFO session created token=01d194da-2dfb-4500-832b-79ea00d20383 name=User_29_68
2025/11/08 14:46:50 INFO session updated token=01d194da-2dfb-4500-832b-79ea00d20383 tableID=0xc0002da3e0 seatIndex=0xc0002d8460
2025/11/08 14:46:50 INFO session removed token=01d194da-2dfb-4500-832b-79ea00d20383
2025/11/08 14:46:50 INFO session created token=8ccc390b-b2c7-408f-a63a-83a67cc0f86f name=User_29_69
2025/11/08 14:46:50 INFO session updated token=8ccc390b-b2c7-408f-a63a-83a67cc0f86f tableID=0xc0002da430 seatIndex=0xc0002d84b0
2025/11/08 14:46:50 INFO session removed token=8ccc390b-b2c7-408f-a63a-83a67cc0f86f
2025/11/08 14:46:50 INFO session created token=4d191953-8081-4171-ac63-324669219eef name=User_29_70
2025/11/08 14:46:50 INFO session updated token=4d191953-8081-4171-ac63-324669219eef tableID=0xc0002da480 seatIndex=0xc0002d8500
2025/11/08 14:46:50 INFO session removed token=4d191953-8081-4171-ac63-324669219eef
2025/11/08 14:46:50 INFO session created token=7c13b583-56c0-47ac-a581-a3ffc482fc02 name=User_29_71
2025/11/08 14:46:50 INFO session updated token=7c13b583-56c0-47ac-a581-a3ffc482fc02 tableID=0xc0002da4d0 seatIndex=0xc0002d8550
2025/11/08 14:46:50 INFO session removed token=7c13b583-56c0-47ac-a581-a3ffc482fc02
2025/11/08 14:46:50 INFO session created token=53a1f6f6-a09a-40b9-94c5-a2645b5d3ba4 name=User_29_72
2025/11/08 14:46:50 INFO session updated token=53a1f6f6-a09a-40b9-94c5-a2645b5d3ba4 tableID=0xc0002da520 seatIndex=0xc0002d85a0
2025/11/08 14:46:50 INFO session removed token=53a1f6f6-a09a-40b9-94c5-a2645b5d3ba4
2025/11/08 14:46:50 INFO session created token=148782e4-3e69-48d7-8601-681ca035569d name=User_29_73
2025/11/08 14:46:50 INFO session updated token=148782e4-3e69-48d7-8601-681ca035569d tableID=0xc0002da570 seatIndex=0xc0002d85f0
2025/11/08 14:46:50 INFO session removed token=148782e4-3e69-48d7-8601-681ca035569d
2025/11/08 14:46:50 INFO session created token=f76bd63a-787d-4796-9525-052065cb389d name=User_29_74
2025/11/08 14:46:50 INFO session updated token=f76bd63a-787d-4796-9525-052065cb389d tableID=0xc0002da5c0 seatIndex=0xc0002d8640
2025/11/08 14:46:50 INFO session removed token=f76bd63a-787d-4796-9525-052065cb389d
2025/11/08 14:46:50 INFO session created token=449de1ea-f1b0-46df-8678-6e2093605710 name=User_29_75
2025/11/08 14:46:50 INFO session updated token=449de1ea-f1b0-46df-8678-6e2093605710 tableID=0xc0002da610 seatIndex=0xc0002d8690
2025/11/08 14:46:50 INFO session removed token=449de1ea-f1b0-46df-8678-6e2093605710
2025/11/08 14:46:50 INFO session created token=8da53734-1d1e-4fe8-b433-293e2e6d1f1b name=User_29_76
2025/11/08 14:46:50 INFO session updated token=8da53734-1d1e-4fe8-b433-293e2e6d1f1b tableID=0xc0002da660 seatIndex=0xc0002d86e0
2025/11/08 14:46:50 INFO session removed token=8da53734-1d1e-4fe8-b433-293e2e6d1f1b
2025/11/08 14:46:50 INFO session created token=9de8c1c6-b1ab-49b9-8c48-ec40d7069c9a name=User_29_77
2025/11/08 14:46:50 INFO session updated token=9de8c1c6-b1ab-49b9-8c48-ec40d7069c9a tableID=0xc0002da6b0 seatIndex=0xc0002d8730
2025/11/08 14:46:50 INFO session removed token=9de8c1c6-b1ab-49b9-8c48-ec40d7069c9a
2025/11/08 14:46:50 INFO session created token=b178253d-6871-4c90-8b7d-2d05a5c72830 name=User_29_78
2025/11/08 14:46:50 INFO session updated token=b178253d-6871-4c90-8b7d-2d05a5c72830 tableID=0xc0002da700 seatIndex=0xc0002d8780
2025/11/08 14:46:50 INFO session removed token=b178253d-6871-4c90-8b7d-2d05a5c72830
2025/11/08 14:46:50 INFO session created token=ce766f15-0bd0-443d-a90c-d994d482e9a4 name=User_29_79
2025/11/08 14:46:50 INFO session updated token=ce766f15-0bd0-443d-a90c-d994d482e9a4 tableID=0xc0002da750 seatIndex=0xc0002d87d0
2025/11/08 14:46:50 INFO session removed token=ce766f15-0bd0-443d-a90c-d994d482e9a4
2025/11/08 14:46:50 INFO session created token=86c4e493-f0f5-4cb4-b7b3-64510f1f4f52 name=User_29_80
2025/11/08 14:46:50 INFO session updated token=86c4e493-f0f5-4cb4-b7b3-64510f1f4f52 tableID=0xc0002da7a0 seatIndex=0xc0002d8820
2025/11/08 14:46:50 INFO session removed token=86c4e493-f0f5-4cb4-b7b3-64510f1f4f52
2025/11/08 14:46:50 INFO session created token=7e5ae831-5552-4736-bdec-466a068e6ab2 name=User_29_81
2025/11/08 14:46:50 INFO session updated token=7e5ae831-5552-4736-bdec-466a068e6ab2 tableID=0xc0002da7f0 seatIndex=0xc0002d8870
2025/11/08 14:46:50 INFO session removed token=7e5ae831-5552-4736-bdec-466a068e6ab2
2025/11/08 14:46:50 INFO session created token=846627d6-f50a-430a-9819-3223b52d84c3 name=User_29_82
2025/11/08 14:46:50 INFO session updated token=846627d6-f50a-430a-9819-3223b52d84c3 tableID=0xc0002da840 seatIndex=0xc0002d88c0
2025/11/08 14:46:50 INFO session removed token=846627d6-f50a-430a-9819-3223b52d84c3
2025/11/08 14:46:50 INFO session created token=6aab57b2-329c-4307-83b4-e4e241dc5b65 name=User_29_83
2025/11/08 14:46:50 INFO session updated token=6aab57b2-329c-4307-83b4-e4e241dc5b65 tableID=0xc0002da890 seatIndex=0xc0002d8910
2025/11/08 14:46:50 INFO session removed token=6aab57b2-329c-4307-83b4-e4e241dc5b65
2025/11/08 14:46:50 INFO session created token=6bfe9f22-e8f9-4889-aa25-ba47c7711d35 name=User_29_84
2025/11/08 14:46:50 INFO session updated token=6bfe9f22-e8f9-4889-aa25-ba47c7711d35 tableID=0xc0002da8e0 seatIndex=0xc0002d8960
2025/11/08 14:46:50 INFO session removed token=6bfe9f22-e8f9-4889-aa25-ba47c7711d35
2025/11/08 14:46:50 INFO session created token=17625dc6-7649-41a6-b33d-05888db269fd name=User_29_85
2025/11/08 14:46:50 INFO session updated token=17625dc6-7649-41a6-b33d-05888db269fd tableID=0xc0002da930 seatIndex=0xc0002d89b0
2025/11/08 14:46:50 INFO session removed token=17625dc6-7649-41a6-b33d-05888db269fd
2025/11/08 14:46:50 INFO session created token=254f908e-62a6-4f6d-853a-c8e8b82fc3a4 name=User_29_86
2025/11/08 14:46:50 INFO session updated token=254f908e-62a6-4f6d-853a-c8e8b82fc3a4 tableID=0xc0002da980 seatIndex=0xc0002d8a00
2025/11/08 14:46:50 INFO session removed token=254f908e-62a6-4f6d-853a-c8e8b82fc3a4
2025/11/08 14:46:50 INFO session created token=abbc9576-e689-4855-a9d7-ac42bbb44eaf name=User_29_87
2025/11/08 14:46:50 INFO session updated token=abbc9576-e689-4855-a9d7-ac42bbb44eaf tableID=0xc0002da9d0 seatIndex=0xc0002d8a50
2025/11/08 14:46:50 INFO session removed token=abbc9576-e689-4855-a9d7-ac42bbb44eaf
2025/11/08 14:46:50 INFO session created token=bb8ab553-9f99-4628-bb0f-341088a651da name=User_29_88
2025/11/08 14:46:50 INFO session updated token=bb8ab553-9f99-4628-bb0f-341088a651da tableID=0xc0002daa20 seatIndex=0xc0002d8aa0
2025/11/08 14:46:50 INFO session removed token=bb8ab553-9f99-4628-bb0f-341088a651da
2025/11/08 14:46:50 INFO session created token=1f8e47d1-27a8-4141-9aff-46f3b26f5440 name=User_29_89
2025/11/08 14:46:50 INFO session updated token=1f8e47d1-27a8-4141-9aff-46f3b26f5440 tableID=0xc0002daa70 seatIndex=0xc0002d8af0
2025/11/08 14:46:50 INFO session removed token=1f8e47d1-27a8-4141-9aff-46f3b26f5440
2025/11/08 14:46:50 INFO session created token=063bce3c-66d5-43b9-b62b-dc3a6968fc5d name=User_29_90
2025/11/08 14:46:50 INFO session updated token=063bce3c-66d5-43b9-b62b-dc3a6968fc5d tableID=0xc0002daac0 seatIndex=0xc0002d8b40
2025/11/08 14:46:50 INFO session removed token=063bce3c-66d5-43b9-b62b-dc3a6968fc5d
2025/11/08 14:46:50 INFO session created token=ab84365e-849c-49c8-8033-868bf0600cf8 name=User_29_91
2025/11/08 14:46:50 INFO session updated token=ab84365e-849c-49c8-8033-868bf0600cf8 tableID=0xc0002dab10 seatIndex=0xc0002d8b90
2025/11/08 14:46:50 INFO session removed token=ab84365e-849c-49c8-8033-868bf0600cf8
2025/11/08 14:46:50 INFO session created token=cc7c303e-cb15-4740-a722-60113a63f480 name=User_29_92
2025/11/08 14:46:50 INFO session updated token=cc7c303e-cb15-4740-a722-60113a63f480 tableID=0xc0002dab60 seatIndex=0xc0002d8be0
2025/11/08 14:46:50 INFO session removed token=cc7c303e-cb15-4740-a722-60113a63f480
2025/11/08 14:46:50 INFO session created token=49690a16-8f49-437d-bd62-33f1458f1aae name=User_29_93
2025/11/08 14:46:50 INFO session updated token=49690a16-8f49-437d-bd62-33f1458f1aae tableID=0xc0002dabb0 seatIndex=0xc0002d8c30
2025/11/08 14:46:50 INFO session removed token=49690a16-8f49-437d-bd62-33f1458f1aae
2025/11/08 14:46:50 INFO session created token=9f448a1f-aaad-4512-93c1-8c082a7f9a9c name=User_29_94
2025/11/08 14:46:50 INFO session updated token=9f448a1f-aaad-4512-93c1-8c082a7f9a9c tableID=0xc0002dac00 seatIndex=0xc0002d8c80
2025/11/08 14:46:50 INFO session removed token=9f448a1f-aaad-4512-93c1-8c082a7f9a9c
2025/11/08 14:46:50 INFO session created token=82fc1900-0b0d-4170-9dea-7f3ea1a7f7a4 name=User_29_95
2025/11/08 14:46:50 INFO session updated token=82fc1900-0b0d-4170-9dea-7f3ea1a7f7a4 tableID=0xc0002dac50 seatIndex=0xc0002d8cd0
2025/11/08 14:46:50 INFO session removed token=82fc1900-0b0d-4170-9dea-7f3ea1a7f7a4
2025/11/08 14:46:50 INFO session created token=671d92dd-f7a0-4604-8f28-e90247ee814c name=User_29_96
2025/11/08 14:46:50 INFO session updated token=671d92dd-f7a0-4604-8f28-e90247ee814c tableID=0xc0002daca0 seatIndex=0xc0002d8d20
2025/11/08 14:46:50 INFO session removed token=671d92dd-f7a0-4604-8f28-e90247ee814c
2025/11/08 14:46:50 INFO session created token=0ed96033-fd17-4895-8c9c-58511ca4de3c name=User_29_97
2025/11/08 14:46:50 INFO session updated token=0ed96033-fd17-4895-8c9c-58511ca4de3c tableID=0xc0002dacf0 seatIndex=0xc0002d8d70
2025/11/08 14:46:50 INFO session removed token=0ed96033-fd17-4895-8c9c-58511ca4de3c
2025/11/08 14:46:50 INFO session created token=f733e290-a038-4fab-b19b-c815c5ae1dc7 name=User_29_98
2025/11/08 14:46:50 INFO session updated token=f733e290-a038-4fab-b19b-c815c5ae1dc7 tableID=0xc0002dad40 seatIndex=0xc0002d8dc0
2025/11/08 14:46:50 INFO session removed token=f733e290-a038-4fab-b19b-c815c5ae1dc7
2025/11/08 14:46:50 INFO session created token=c9e39500-3960-444e-b25d-85878ce2ca58 name=User_29_99
2025/11/08 14:46:50 INFO session updated token=c9e39500-3960-444e-b25d-85878ce2ca58 tableID=0xc0002dad90 seatIndex=0xc0002d8e10
2025/11/08 14:46:50 INFO session removed token=c9e39500-3960-444e-b25d-85878ce2ca58
2025/11/08 14:46:50 INFO session removed token=e8665826-4066-444e-a3d9-bb5c6b54f37e
2025/11/08 14:46:50 INFO session created token=b5eaf418-a649-49ee-ac14-dc3d82d081ea name=User_61_9
2025/11/08 14:46:50 INFO session updated token=b5eaf418-a649-49ee-ac14-dc3d82d081ea tableID=0xc0002dadf0 seatIndex=0xc0002d8e60
2025/11/08 14:46:50 INFO session removed token=b5eaf418-a649-49ee-ac14-dc3d82d081ea
2025/11/08 14:46:50 INFO session created token=0d7db863-89e3-41cf-9770-4becc184599f name=User_61_10
2025/11/08 14:46:50 INFO session updated token=0d7db863-89e3-41cf-9770-4becc184599f tableID=0xc0002dae40 seatIndex=0xc0002d8eb0
2025/11/08 14:46:50 INFO session removed token=0d7db863-89e3-41cf-9770-4becc184599f
2025/11/08 14:46:50 INFO session created token=3fb4c733-47e4-4bc5-95c9-07ec202d7688 name=User_61_11
2025/11/08 14:46:50 INFO session updated token=3fb4c733-47e4-4bc5-95c9-07ec202d7688 tableID=0xc0002dae90 seatIndex=0xc0002d8f00
2025/11/08 14:46:50 INFO session removed token=3fb4c733-47e4-4bc5-95c9-07ec202d7688
2025/11/08 14:46:50 INFO session created token=9a57a7c3-cefa-4035-90b0-af19239e0e66 name=User_61_12
2025/11/08 14:46:50 INFO session updated token=9a57a7c3-cefa-4035-90b0-af19239e0e66 tableID=0xc0002daee0 seatIndex=0xc0002d8f50
2025/11/08 14:46:50 INFO session removed token=9a57a7c3-cefa-4035-90b0-af19239e0e66
2025/11/08 14:46:50 INFO session created token=054d7fa1-cb3b-4bfa-959e-ec41b25a9b4f name=User_61_13
2025/11/08 14:46:50 INFO session updated token=054d7fa1-cb3b-4bfa-959e-ec41b25a9b4f tableID=0xc0002daf30 seatIndex=0xc0002d8fa0
2025/11/08 14:46:50 INFO session removed token=054d7fa1-cb3b-4bfa-959e-ec41b25a9b4f
2025/11/08 14:46:50 INFO session created token=c541d819-93f3-48b1-845d-78321ebac002 name=User_61_14
2025/11/08 14:46:50 INFO session updated token=c541d819-93f3-48b1-845d-78321ebac002 tableID=0xc0002daf80 seatIndex=0xc0002d8ff0
2025/11/08 14:46:50 INFO session removed token=c541d819-93f3-48b1-845d-78321ebac002
2025/11/08 14:46:50 INFO session created token=f1be5c55-78b7-47fe-80a2-85b2ca7ef26f name=User_61_15
2025/11/08 14:46:50 INFO session updated token=f1be5c55-78b7-47fe-80a2-85b2ca7ef26f tableID=0xc0002dafd0 seatIndex=0xc0002d9040
2025/11/08 14:46:50 INFO session removed token=f1be5c55-78b7-47fe-80a2-85b2ca7ef26f
2025/11/08 14:46:50 INFO session created token=73e238c2-561f-4970-9f30-1fc2fd397eef name=User_61_16
2025/11/08 14:46:50 INFO session updated token=73e238c2-561f-4970-9f30-1fc2fd397eef tableID=0xc0002db020 seatIndex=0xc0002d9090
2025/11/08 14:46:50 INFO session removed token=73e238c2-561f-4970-9f30-1fc2fd397eef
2025/11/08 14:46:50 INFO session created token=171ece59-150a-4bcb-b678-2207255dadf0 name=User_61_17
2025/11/08 14:46:50 INFO session updated token=171ece59-150a-4bcb-b678-2207255dadf0 tableID=0xc0002db070 seatIndex=0xc0002d90e0
2025/11/08 14:46:50 INFO session removed token=171ece59-150a-4bcb-b678-2207255dadf0
2025/11/08 14:46:50 INFO session created token=5fb58069-1cb0-49ca-9be5-44cb7c72a63e name=User_61_18
2025/11/08 14:46:50 INFO session updated token=5fb58069-1cb0-49ca-9be5-44cb7c72a63e tableID=0xc0002db0c0 seatIndex=0xc0002d9130
2025/11/08 14:46:50 INFO session removed token=5fb58069-1cb0-49ca-9be5-44cb7c72a63e
2025/11/08 14:46:50 INFO session created token=e86b91af-6c23-4f0a-92ff-d54e5119428e name=User_61_19
2025/11/08 14:46:50 INFO session updated token=e86b91af-6c23-4f0a-92ff-d54e5119428e tableID=0xc0002db110 seatIndex=0xc0002d9180
2025/11/08 14:46:50 INFO session removed token=e86b91af-6c23-4f0a-92ff-d54e5119428e
2025/11/08 14:46:50 INFO session created token=fccd7e85-ce61-4f1b-8321-cf3334674b96 name=User_61_20
2025/11/08 14:46:50 INFO session updated token=fccd7e85-ce61-4f1b-8321-cf3334674b96 tableID=0xc0002db160 seatIndex=0xc0002d91d0
2025/11/08 14:46:50 INFO session removed token=fccd7e85-ce61-4f1b-8321-cf3334674b96
2025/11/08 14:46:50 INFO session created token=8b82e1fb-6a4a-42af-9440-22381be8be7d name=User_61_21
2025/11/08 14:46:50 INFO session updated token=8b82e1fb-6a4a-42af-9440-22381be8be7d tableID=0xc0002db1b0 seatIndex=0xc0002d9220
2025/11/08 14:46:50 INFO session removed token=8b82e1fb-6a4a-42af-9440-22381be8be7d
2025/11/08 14:46:50 INFO session created token=3e718d73-0b46-4223-9d9f-c7ffc1796b20 name=User_61_22
2025/11/08 14:46:50 INFO session updated token=3e718d73-0b46-4223-9d9f-c7ffc1796b20 tableID=0xc0002db200 seatIndex=0xc0002d9270
2025/11/08 14:46:50 INFO session removed token=3e718d73-0b46-4223-9d9f-c7ffc1796b20
2025/11/08 14:46:50 INFO session created token=ead921b1-f710-41d2-9330-8ece9096b190 name=User_61_23
2025/11/08 14:46:50 INFO session updated token=ead921b1-f710-41d2-9330-8ece9096b190 tableID=0xc0002db250 seatIndex=0xc0002d92c0
2025/11/08 14:46:50 INFO session removed token=ead921b1-f710-41d2-9330-8ece9096b190
2025/11/08 14:46:50 INFO session created token=7f777504-f83a-4145-aa38-e6bcfee56a37 name=User_61_24
2025/11/08 14:46:50 INFO session updated token=7f777504-f83a-4145-aa38-e6bcfee56a37 tableID=0xc0002db2a0 seatIndex=0xc0002d9310
2025/11/08 14:46:50 INFO session removed token=7f777504-f83a-4145-aa38-e6bcfee56a37
2025/11/08 14:46:50 INFO session created token=1fd729fe-0451-4d6c-9bdd-da91758a08d1 name=User_61_25
2025/11/08 14:46:50 INFO session updated token=1fd729fe-0451-4d6c-9bdd-da91758a08d1 tableID=0xc0002db2f0 seatIndex=0xc0002d9360
2025/11/08 14:46:50 INFO session removed token=1fd729fe-0451-4d6c-9bdd-da91758a08d1
2025/11/08 14:46:50 INFO session created token=af3cacef-e729-4f5a-83e9-65d103fa501f name=User_61_26
2025/11/08 14:46:50 INFO session updated token=af3cacef-e729-4f5a-83e9-65d103fa501f tableID=0xc0002db340 seatIndex=0xc0002d93b0
2025/11/08 14:46:50 INFO session removed token=af3cacef-e729-4f5a-83e9-65d103fa501f
2025/11/08 14:46:50 INFO session created token=4941efe7-3402-40c9-8544-b74697d4adb4 name=User_61_27
2025/11/08 14:46:50 INFO session updated token=4941efe7-3402-40c9-8544-b74697d4adb4 tableID=0xc0002db390 seatIndex=0xc0002d9400
2025/11/08 14:46:50 INFO session removed token=4941efe7-3402-40c9-8544-b74697d4adb4
2025/11/08 14:46:50 INFO session created token=735bbe67-d320-4778-942d-6c8964cb9c6c name=User_61_28
2025/11/08 14:46:50 INFO session updated token=735bbe67-d320-4778-942d-6c8964cb9c6c tableID=0xc0002db3e0 seatIndex=0xc0002d9450
2025/11/08 14:46:50 INFO session removed token=7ec9abb3-771b-4e10-9f31-7117e029531b
2025/11/08 14:46:50 INFO session removed token=012553ab-3544-4be0-988e-a68377dbecf6
2025/11/08 14:46:50 INFO session removed token=f55c3ae6-7010-4850-bab6-2beaa9dc4ed6
2025/11/08 14:46:50 INFO session created token=83e637b6-a3b8-4cc5-bf20-d9599e694270 name=User_41_12
2025/11/08 14:46:50 INFO session updated token=129be7b4-d32f-493f-8b38-0413ecf948d1 tableID=0xc0004ce2d0 seatIndex=0xc0004cb6c0
2025/11/08 14:46:50 INFO session created token=77128c29-39a7-41b4-af06-0dbe72f0e8f4 name=User_98_6
2025/11/08 14:46:50 INFO session created token=9800906b-1379-4be5-921b-8debf8c506e5 name=User_76_5
2025/11/08 14:46:50 INFO session removed token=47ae9bc1-a9ba-408a-a9e0-bf82d30ba854
2025/11/08 14:46:50 INFO session created token=d9f87b94-b9b9-4320-be6a-fca7503fe2aa name=User_83_6
2025/11/08 14:46:50 INFO session created token=b0d11f17-a79f-4629-845e-70d6feaf3b4c name=User_88_10
2025/11/08 14:46:50 INFO session removed token=9c4dd4d2-2aeb-41dc-9e42-7bb6394b2b56
2025/11/08 14:46:50 INFO session created token=eb4b549c-1929-4cb7-b86c-0be262f5c16b name=User_37_23
2025/11/08 14:46:50 INFO session removed token=15aec353-9692-4557-aa21-8491d0a8c4cd
2025/11/08 14:46:50 INFO session updated token=ca82cfc2-b84e-4539-8f75-0523e2f18d3c tableID=0xc0002cd000 seatIndex=0xc0002c9210
2025/11/08 14:46:50 INFO session removed token=f934aa00-7b3b-4425-a241-6c328d3a0e68
2025/11/08 14:46:50 INFO session removed token=88b50233-c729-4e86-b171-c5be7abc5400
2025/11/08 14:46:50 INFO session updated token=54c96a27-28be-420d-90be-3bb611925ee3 tableID=0xc0002cd020 seatIndex=0xc0002c9240
2025/11/08 14:46:50 INFO session updated token=e93fa652-4b83-4383-8153-63185e568c76 tableID=0xc0002cd030 seatIndex=0xc0002c9250
2025/11/08 14:46:50 INFO session updated token=ef52d7cc-c54e-41af-b8e1-4a3439109362 tableID=0xc0002cd040 seatIndex=0xc0002c9260
2025/11/08 14:46:50 INFO session created token=b7e05e1f-24fc-4ef8-bdcb-087336df47df name=User_90_6
2025/11/08 14:46:50 INFO session created token=9a96efda-9e27-4888-aa01-2e6f44ac57ef name=User_5_7
2025/11/08 14:46:50 INFO session updated token=5c33d46a-3358-4741-8eb6-1bc3b9ea5c7e tableID=0xc0005c2db0 seatIndex=0xc0005c6990
2025/11/08 14:46:50 INFO session created token=b52b9bf2-e70e-4e2a-ac22-c2214b08069f name=User_84_11
2025/11/08 14:46:50 INFO session updated token=ddea83c4-e483-4f09-8289-14d5da62171c tableID=0xc0005c2e00 seatIndex=0xc0005c69d0
2025/11/08 14:46:50 INFO session removed token=0e4c737c-91e7-450c-96e5-8ed2a921380c
2025/11/08 14:46:50 INFO session removed token=7a885f11-3e4e-40e5-a801-abbd01149fbf
2025/11/08 14:46:50 INFO session removed token=928b9b5b-14c4-403a-98a6-ff24cd700e89
2025/11/08 14:46:50 INFO session removed token=b9500c42-6e5d-49d0-9afc-60eccfcb4a55
2025/11/08 14:46:50 INFO session updated token=cf61f569-a8f0-4de3-8aeb-0e32b7b519f4 tableID=0xc0002cd0c0 seatIndex=0xc0002c92c8
2025/11/08 14:46:50 INFO session updated token=addd5354-087d-469e-bc33-26f13d5e4bd6 tableID=0xc0003e42c0 seatIndex=0xc0003e17d8
2025/11/08 14:46:50 INFO session updated token=32844911-de1c-40b6-8c40-e3973ec49c6d tableID=0xc00065b340 seatIndex=0xc00065d198
2025/11/08 14:46:50 INFO session removed token=1ef8501b-0616-4e17-98ce-b50c47e39dcd
2025/11/08 14:46:50 INFO session created token=fc5bbed8-a04f-458f-b954-bb7c6046835a name=User_9_5
2025/11/08 14:46:50 INFO session created token=e0dd785a-de8d-4b79-88a2-809e2189ec27 name=User_2_70
2025/11/08 14:46:50 INFO session updated token=95f8b4cd-fe26-4ef8-9767-69a7ecaa449a tableID=0xc0002cd0d0 seatIndex=0xc0002c92d8
2025/11/08 14:46:50 INFO session updated token=f58787ce-0abe-4871-97df-3854ddcb737a tableID=0xc00065b350 seatIndex=0xc00065d1a8
2025/11/08 14:46:50 INFO session removed token=112dde29-f4c0-4a3c-b64e-4918afbbdde1
2025/11/08 14:46:50 INFO session removed token=659e1555-94d5-44ac-bced-72a7e31685c0
2025/11/08 14:46:50 INFO session created token=6c57c3b6-f265-42c5-9372-e312e95a8a74 name=User_96_6
2025/11/08 14:46:50 INFO session created token=d3861fb4-99ca-4dee-a905-87ce1e3b5158 name=User_66_7
2025/11/08 14:46:50 INFO session removed token=1385b83d-054e-4034-a986-2076641d9b46
2025/11/08 14:46:50 INFO session removed token=0d43a2d5-3d4e-480e-8c57-ec15b2d58664
2025/11/08 14:46:50 INFO session removed token=61edd683-a927-4d35-8110-76a114a0afa5
2025/11/08 14:46:50 INFO session removed token=41f20f63-5de5-4af2-b2e7-674377612cb0
2025/11/08 14:46:50 INFO session removed token=d0ce8000-b5fe-4abe-bc34-32d9a248f99f
2025/11/08 14:46:50 INFO session removed token=50c8ac56-a4bc-45c1-a281-dab1506bb484
2025/11/08 14:46:50 INFO session removed token=40e5b8eb-e7a2-4a0c-9649-c47092372452
2025/11/08 14:46:50 INFO session updated token=7b4aaa12-cdf7-4047-870b-302042cfbdb7 tableID=0xc0004ce330 seatIndex=0xc0004cb6f0
2025/11/08 14:46:50 INFO session removed token=ddcb3e5a-0ad8-4357-a8d9-a3fb79d8a816
2025/11/08 14:46:50 INFO session updated token=5759bf51-aa57-4ad5-a8ef-7a1a0e27c37e tableID=0xc0003e42d0 seatIndex=0xc0003e1828
2025/11/08 14:46:50 INFO session removed token=298727b7-7b83-4cc2-844c-e2ef553f851b
2025/11/08 14:46:50 INFO session updated token=481d5297-4168-4773-8280-3e8ff7f118ad tableID=0xc0005c2ec0 seatIndex=0xc0005c6aa0
2025/11/08 14:46:50 INFO session removed token=ced61aa7-419d-4707-ac4d-aedc847e3306
2025/11/08 14:46:50 INFO session updated token=07eaf270-8ec3-4ba7-8808-8a512c9481a1 tableID=0xc0003e4320 seatIndex=0xc0003e1838
2025/11/08 14:46:50 INFO session created token=af7340f2-33aa-49ed-a4bb-33b76e7914b2 name=User_39_5
2025/11/08 14:46:50 INFO session created token=4ca412d2-e7cd-4bfb-a1ad-99f9f9e7d7c8 name=User_46_6
2025/11/08 14:46:50 INFO session updated token=79dd87ef-d550-491f-a348-dd1e67fbd9cc tableID=0xc00065b5e0 seatIndex=0xc00065d458
2025/11/08 14:46:50 INFO session created token=fca8d87b-2a18-43e6-8fdf-535a295476f9 name=User_57_6
2025/11/08 14:46:50 INFO session created token=c7b66895-b139-4674-b72e-615cd4b84d06 name=User_68_13
2025/11/08 14:46:50 INFO session created token=20a1a0e9-2b00-4692-9ad6-47e2befca403 name=User_45_6
2025/11/08 14:46:50 INFO session created token=db373397-fa2f-44a8-9c9c-4dead08e701a name=User_4_6
2025/11/08 14:46:50 INFO session created token=4eadc5d5-116c-4d11-9c06-aa943a9d0877 name=User_16_7
2025/11/08 14:46:50 INFO session updated token=4fbe9748-4b6f-4cd6-9c41-03d9ecc906fa tableID=0xc0002cd1a0 seatIndex=0xc0002c9340
2025/11/08 14:46:50 INFO session created token=12dec818-c024-4fd5-bb14-bcf19547a7ed name=User_60_8
2025/11/08 14:46:50 INFO session updated token=65ffa0a9-e7b3-4cd8-9a85-06a0c9320866 tableID=0xc00065b610 seatIndex=0xc00065d468
2025/11/08 14:46:50 INFO session removed token=48b5b43c-ec2d-49e4-95b6-59b6c4c954e6
2025/11/08 14:46:50 INFO session updated token=93f34391-de04-4dad-a6ce-e410c4be3aff tableID=0xc0002cd1b0 seatIndex=0xc0002c9350
2025/11/08 14:46:50 INFO session updated token=460354a2-8d59-4bd4-863f-8eb66513b36e tableID=0xc00065b630 seatIndex=0xc00065d498
2025/11/08 14:46:50 INFO session created token=82f79fca-d888-462f-956f-460dd6336b68 name=User_32_11
2025/11/08 14:46:50 INFO session updated token=45a4c930-4f76-4654-85b0-b4faa2a87a7a tableID=0xc0004ce3a0 seatIndex=0xc0004cb720
2025/11/08 14:46:50 INFO session created token=f546bd52-e55b-491b-ac55-4a894069fb3d name=User_20_6
2025/11/08 14:46:50 INFO session created token=a3867113-c3d7-43e0-a603-c22c9a2195f8 name=User_62_6
2025/11/08 14:46:50 INFO session updated token=8f461f00-2e98-4c78-abe0-b5b458762a6b tableID=0xc00065b640 seatIndex=0xc00065d4a8
2025/11/08 14:46:50 INFO session removed token=a06cbf73-cf6c-4e00-a007-5560167250ce
2025/11/08 14:46:50 INFO session removed token=b8381e3f-ff7c-4a2a-a995-d306159efe3a
2025/11/08 14:46:50 INFO session created token=24d111fb-e800-422a-af4b-625d73c85b5c name=User_56_6
2025/11/08 14:46:50 INFO session created token=122663b8-e4d4-42b5-90e1-708799e22be7 name=User_22_6
2025/11/08 14:46:50 INFO session updated token=a5ab64cf-2f88-4236-8e3d-18159b535268 tableID=0xc00065b660 seatIndex=0xc00065d4d8
2025/11/08 14:46:50 INFO session updated token=24d111fb-e800-422a-af4b-625d73c85b5c tableID=0xc00065bb00 seatIndex=0xc00065d980
2025/11/08 14:46:50 INFO session removed token=24d111fb-e800-422a-af4b-625d73c85b5c
2025/11/08 14:46:50 INFO session created token=e1dac96c-632d-4cf8-a9fb-1c44f63a7ba4 name=User_56_7
2025/11/08 14:46:50 INFO session updated token=e1dac96c-632d-4cf8-a9fb-1c44f63a7ba4 tableID=0xc00065bb60 seatIndex=0xc00065d9e0
2025/11/08 14:46:50 INFO session removed token=e1dac96c-632d-4cf8-a9fb-1c44f63a7ba4
2025/11/08 14:46:50 INFO session created token=55735c38-954a-454b-aa47-1f075a935159 name=User_56_8
2025/11/08 14:46:50 INFO session updated token=55735c38-954a-454b-aa47-1f075a935159 tableID=0xc00065bbb0 seatIndex=0xc00065da30
2025/11/08 14:46:50 INFO session removed token=55735c38-954a-454b-aa47-1f075a935159
2025/11/08 14:46:50 INFO session created token=c4593b2e-3c4e-4991-98b4-45bc382dc5c8 name=User_56_9
2025/11/08 14:46:50 INFO session updated token=c4593b2e-3c4e-4991-98b4-45bc382dc5c8 tableID=0xc00065bc00 seatIndex=0xc00065da80
2025/11/08 14:46:50 INFO session removed token=c4593b2e-3c4e-4991-98b4-45bc382dc5c8
2025/11/08 14:46:50 INFO session created token=ffcd939e-1185-4e2a-8d62-af533f9c775a name=User_56_10
2025/11/08 14:46:50 INFO session updated token=ffcd939e-1185-4e2a-8d62-af533f9c775a tableID=0xc00065bc50 seatIndex=0xc00065dad0
2025/11/08 14:46:50 INFO session removed token=ffcd939e-1185-4e2a-8d62-af533f9c775a
2025/11/08 14:46:50 INFO session updated token=5d1cb46c-485b-44bb-aa41-c0e476e8086f tableID=0xc00065b680 seatIndex=0xc00065d4f8
2025/11/08 14:46:50 INFO session removed token=5d1cb46c-485b-44bb-aa41-c0e476e8086f
2025/11/08 14:46:50 INFO session created token=bcf97705-fcf3-4fed-bf6c-7efd7523263d name=User_47_6
2025/11/08 14:46:50 INFO session created token=90c8837e-c883-48df-a890-9703c1e366bc name=User_63_6
2025/11/08 14:46:50 INFO session updated token=bcf97705-fcf3-4fed-bf6c-7efd7523263d tableID=0xc00065bca0 seatIndex=0xc00065db20
2025/11/08 14:46:50 INFO session removed token=bcf97705-fcf3-4fed-bf6c-7efd7523263d
2025/11/08 14:46:50 INFO session created token=147ea102-5a1a-47c4-adc4-bfbc714e7317 name=User_47_7
2025/11/08 14:46:50 INFO session updated token=147ea102-5a1a-47c4-adc4-bfbc714e7317 tableID=0xc00065bd00 seatIndex=0xc00065db80
2025/11/08 14:46:50 INFO session removed token=147ea102-5a1a-47c4-adc4-bfbc714e7317
2025/11/08 14:46:50 INFO session created token=cfe865d7-6f39-48c6-a264-a39c30b8cdb4 name=User_47_8
2025/11/08 14:46:50 INFO session updated token=cfe865d7-6f39-48c6-a264-a39c30b8cdb4 tableID=0xc00065bd50 seatIndex=0xc00065dbd0
2025/11/08 14:46:50 INFO session removed token=cfe865d7-6f39-48c6-a264-a39c30b8cdb4
2025/11/08 14:46:50 INFO session updated token=90c8837e-c883-48df-a890-9703c1e366bc tableID=0xc00065bcc0 seatIndex=0xc00065db50
2025/11/08 14:46:50 INFO session removed token=90c8837e-c883-48df-a890-9703c1e366bc
2025/11/08 14:46:50 INFO session created token=fffdc1d7-cedd-4078-b86a-abae4599b04f name=User_63_7
2025/11/08 14:46:50 INFO session updated token=fffdc1d7-cedd-4078-b86a-abae4599b04f tableID=0xc00065bdc0 seatIndex=0xc00065dc60
2025/11/08 14:46:50 INFO session removed token=fffdc1d7-cedd-4078-b86a-abae4599b04f
2025/11/08 14:46:50 INFO session created token=7fcf890c-9e48-4b34-89a1-147bc921f115 name=User_24_6
2025/11/08 14:46:50 INFO session created token=6afbbea9-dfac-4fd4-b7ae-fb1aa6c19715 name=User_63_8
2025/11/08 14:46:50 INFO session updated token=7fcf890c-9e48-4b34-89a1-147bc921f115 tableID=0xc0004cead0 seatIndex=0xc0004cbeb0
2025/11/08 14:46:50 INFO session removed token=7fcf890c-9e48-4b34-89a1-147bc921f115
2025/11/08 14:46:50 INFO session created token=3a42aabb-8930-49a5-a51b-e31622149809 name=User_24_7
2025/11/08 14:46:50 INFO session updated token=3a42aabb-8930-49a5-a51b-e31622149809 tableID=0xc0004ceb20 seatIndex=0xc0004cbf00
2025/11/08 14:46:50 INFO session removed token=3a42aabb-8930-49a5-a51b-e31622149809
2025/11/08 14:46:50 INFO session created token=46d5b1fe-f460-4b45-b773-f4bbbc5ef482 name=User_24_8
2025/11/08 14:46:50 INFO session updated token=46d5b1fe-f460-4b45-b773-f4bbbc5ef482 tableID=0xc0004ceb70 seatIndex=0xc0004cbf50
2025/11/08 14:46:50 INFO session removed token=46d5b1fe-f460-4b45-b773-f4bbbc5ef482
2025/11/08 14:46:50 INFO session created token=201ea5e7-e081-4479-a3eb-31dc0de4acaf name=User_24_9
2025/11/08 14:46:50 INFO session updated token=201ea5e7-e081-4479-a3eb-31dc0de4acaf tableID=0xc0004cebc0 seatIndex=0xc0004cbfa0
2025/11/08 14:46:50 INFO session removed token=201ea5e7-e081-4479-a3eb-31dc0de4acaf
2025/11/08 14:46:50 INFO session created token=91693a86-e984-42c4-bf59-f2afdcdd44e7 name=User_24_10
2025/11/08 14:46:50 INFO session updated token=91693a86-e984-42c4-bf59-f2afdcdd44e7 tableID=0xc0004cec10 seatIndex=0xc0004cbff0
2025/11/08 14:46:50 INFO session removed token=91693a86-e984-42c4-bf59-f2afdcdd44e7
2025/11/08 14:46:50 INFO session created token=cc44e9d0-f29f-40df-9dab-900c73dc33a6 name=User_24_11
2025/11/08 14:46:50 INFO session updated token=cc44e9d0-f29f-40df-9dab-900c73dc33a6 tableID=0xc0004cec60 seatIndex=0xc0004d0040
2025/11/08 14:46:50 INFO session removed token=cc44e9d0-f29f-40df-9dab-900c73dc33a6
2025/11/08 14:46:50 INFO session created token=35b08ddb-fe60-41c2-91f2-fabd5f2a5cd8 name=User_24_12
2025/11/08 14:46:50 INFO session updated token=35b08ddb-fe60-41c2-91f2-fabd5f2a5cd8 tableID=0xc0004cecb0 seatIndex=0xc0004d0090
2025/11/08 14:46:50 INFO session removed token=35b08ddb-fe60-41c2-91f2-fabd5f2a5cd8
2025/11/08 14:46:50 INFO session created token=eb736469-ce36-408f-9c01-af12e08b0c59 name=User_24_13
2025/11/08 14:46:50 INFO session updated token=eb736469-ce36-408f-9c01-af12e08b0c59 tableID=0xc0004ced00 seatIndex=0xc0004d00e0
2025/11/08 14:46:50 INFO session removed token=eb736469-ce36-408f-9c01-af12e08b0c59
2025/11/08 14:46:50 INFO session created token=9245059d-3f9b-442f-89f2-b6300a199f5f name=User_24_14
2025/11/08 14:46:50 INFO session updated token=9245059d-3f9b-442f-89f2-b6300a199f5f tableID=0xc0004ced50 seatIndex=0xc0004d0130
2025/11/08 14:46:50 INFO session removed token=9245059d-3f9b-442f-89f2-b6300a199f5f
2025/11/08 14:46:50 INFO session created token=c0ad6460-053b-4de5-a037-5cd68a7f1c45 name=User_24_15
2025/11/08 14:46:50 INFO session updated token=c0ad6460-053b-4de5-a037-5cd68a7f1c45 tableID=0xc0004ceda0 seatIndex=0xc0004d0180
2025/11/08 14:46:50 INFO session removed token=c0ad6460-053b-4de5-a037-5cd68a7f1c45
2025/11/08 14:46:50 INFO session created token=25bcb143-df8e-49f5-8dcc-4ae3e1cd50ae name=User_24_16
2025/11/08 14:46:50 INFO session updated token=25bcb143-df8e-49f5-8dcc-4ae3e1cd50ae tableID=0xc0004cedf0 seatIndex=0xc0004d01d0
2025/11/08 14:46:50 INFO session removed token=25bcb143-df8e-49f5-8dcc-4ae3e1cd50ae
2025/11/08 14:46:50 INFO session updated token=6afbbea9-dfac-4fd4-b7ae-fb1aa6c19715 tableID=0xc00065be10 seatIndex=0xc00065dcb0
2025/11/08 14:46:50 INFO session removed token=6afbbea9-dfac-4fd4-b7ae-fb1aa6c19715
2025/11/08 14:46:50 INFO session created token=e098b338-5424-4ac8-a283-e26b98248492 name=User_63_9
2025/11/08 14:46:50 INFO session updated token=e098b338-5424-4ac8-a283-e26b98248492 tableID=0xc00054c990 seatIndex=0xc00054e5b0
2025/11/08 14:46:50 INFO session removed token=e098b338-5424-4ac8-a283-e26b98248492
2025/11/08 14:46:50 INFO session created token=ef2a94ca-8305-4aab-8bb5-7dea3f108b8c name=User_63_10
2025/11/08 14:46:50 INFO session updated token=ef2a94ca-8305-4aab-8bb5-7dea3f108b8c tableID=0xc00054c9e0 seatIndex=0xc00054e600
2025/11/08 14:46:50 INFO session removed token=ef2a94ca-8305-4aab-8bb5-7dea3f108b8c
2025/11/08 14:46:50 INFO session created token=f1c8276e-54e4-4f73-89df-0bab9f06a35c name=User_63_11
2025/11/08 14:46:50 INFO session updated token=f1c8276e-54e4-4f73-89df-0bab9f06a35c tableID=0xc00054ca30 seatIndex=0xc00054e650
2025/11/08 14:46:50 INFO session removed token=f1c8276e-54e4-4f73-89df-0bab9f06a35c
2025/11/08 14:46:50 INFO session created token=4f90ee02-cde2-405a-932e-b398594a6721 name=User_63_12
2025/11/08 14:46:50 INFO session updated token=4f90ee02-cde2-405a-932e-b398594a6721 tableID=0xc00054ca80 seatIndex=0xc00054e6a0
2025/11/08 14:46:50 INFO session removed token=4f90ee02-cde2-405a-932e-b398594a6721
2025/11/08 14:46:50 INFO session created token=d8b0f248-8a16-49f0-a5a9-9b025139c9df name=User_63_13
2025/11/08 14:46:50 INFO session updated token=d8b0f248-8a16-49f0-a5a9-9b025139c9df tableID=0xc00054cad0 seatIndex=0xc00054e6f0
2025/11/08 14:46:50 INFO session removed token=d8b0f248-8a16-49f0-a5a9-9b025139c9df
2025/11/08 14:46:50 INFO session created token=ca90ac1d-3b08-4d50-a21b-acde4b6e5bd8 name=User_63_14
2025/11/08 14:46:50 INFO session updated token=ca90ac1d-3b08-4d50-a21b-acde4b6e5bd8 tableID=0xc00054cb20 seatIndex=0xc00054e740
2025/11/08 14:46:50 INFO session removed token=ca90ac1d-3b08-4d50-a21b-acde4b6e5bd8
2025/11/08 14:46:50 INFO session updated token=48d57fe8-2f56-4d78-889c-0cb55d2f1811 tableID=0xc0002cd1c0 seatIndex=0xc0002c9360
2025/11/08 14:46:50 INFO session removed token=48d57fe8-2f56-4d78-889c-0cb55d2f1811
2025/11/08 14:46:50 INFO session created token=cc139f80-2ece-4bc7-b5c7-7bfdefc28223 name=User_59_6
2025/11/08 14:46:50 INFO session updated token=cc139f80-2ece-4bc7-b5c7-7bfdefc28223 tableID=0xc0004cee60 seatIndex=0xc0004d0260
2025/11/08 14:46:50 INFO session removed token=cc139f80-2ece-4bc7-b5c7-7bfdefc28223
2025/11/08 14:46:50 INFO session created token=12776374-3eaa-4c33-b797-01f23b39959e name=User_59_7
2025/11/08 14:46:50 INFO session updated token=12776374-3eaa-4c33-b797-01f23b39959e tableID=0xc0004ceeb0 seatIndex=0xc0004d02b0
2025/11/08 14:46:50 INFO session removed token=12776374-3eaa-4c33-b797-01f23b39959e
2025/11/08 14:46:50 INFO session created token=20cbe49b-5dcc-416e-8691-4824c11762a7 name=User_59_8
2025/11/08 14:46:50 INFO session updated token=20cbe49b-5dcc-416e-8691-4824c11762a7 tableID=0xc0004cef00 seatIndex=0xc0004d0300
2025/11/08 14:46:50 INFO session removed token=20cbe49b-5dcc-416e-8691-4824c11762a7
2025/11/08 14:46:50 INFO session created token=04f6d099-ed0f-48c0-a6d1-a84ac4ca75e9 name=User_59_9
2025/11/08 14:46:50 INFO session updated token=04f6d099-ed0f-48c0-a6d1-a84ac4ca75e9 tableID=0xc0004cef50 seatIndex=0xc0004d0350
2025/11/08 14:46:50 INFO session removed token=04f6d099-ed0f-48c0-a6d1-a84ac4ca75e9
2025/11/08 14:46:50 INFO session created token=7337d600-3a4a-40b2-8b10-756775149a3e name=User_59_10
2025/11/08 14:46:50 INFO session updated token=7337d600-3a4a-40b2-8b10-756775149a3e tableID=0xc0004cefa0 seatIndex=0xc0004d03a0
2025/11/08 14:46:50 INFO session removed token=7337d600-3a4a-40b2-8b10-756775149a3e
2025/11/08 14:46:50 INFO session created token=c921091e-cae9-4670-a7af-f8fc624ab22a name=User_59_11
2025/11/08 14:46:50 INFO session updated token=0fb148a0-8f48-4f7d-aaf1-a543682c81bc tableID=0xc0004ce3e0 seatIndex=0xc0004cb790
2025/11/08 14:46:50 INFO session removed token=0fb148a0-8f48-4f7d-aaf1-a543682c81bc
2025/11/08 14:46:50 INFO session updated token=108a35a8-a032-4d8d-8b50-a6367a72f146 tableID=0xc0004ce3f0 seatIndex=0xc0004cb7a0
2025/11/08 14:46:50 INFO session updated token=6a38c08c-cb9c-4a50-88dd-011b717b027a tableID=0xc0004ce400 seatIndex=0xc0004cb7b0
2025/11/08 14:46:50 INFO session updated token=2f53d348-5c49-41fa-9546-0bc79a577a37 tableID=0xc0004ce5a0 seatIndex=0xc0004cb950
2025/11/08 14:46:50 INFO session updated token=efb3bfe1-bf09-4539-88d0-9e8ad4ca2dc0 tableID=0xc0004ce7a0 seatIndex=0xc0004cbb50
2025/11/08 14:46:50 INFO session updated token=5b2cfae1-adb0-44be-a2cf-bebc5217bc64 tableID=0xc00065b6b0 seatIndex=0xc00065d540
2025/11/08 14:46:50 INFO session updated token=a89b6ff6-4978-4b7d-a014-23057fb7bcf9 tableID=0xc0002cd1e0 seatIndex=0xc0002c9390
2025/11/08 14:46:50 INFO session removed token=735bbe67-d320-4778-942d-6c8964cb9c6c
2025/11/08 14:46:50 INFO session removed token=a89b6ff6-4978-4b7d-a014-23057fb7bcf9
2025/11/08 14:46:50 INFO session created token=f6508e10-7dcb-429c-9dc4-68d105432625 name=User_97_31
2025/11/08 14:46:50 INFO session updated token=f6508e10-7dcb-429c-9dc4-68d105432625 tableID=0xc0004cf020 seatIndex=0xc0004d0410
2025/11/08 14:46:50 INFO session removed token=f6508e10-7dcb-429c-9dc4-68d105432625
2025/11/08 14:46:50 INFO session created token=1f95554f-3b59-4c5e-9da4-a8df762c31ef name=User_97_32
2025/11/08 14:46:50 INFO session updated token=1f95554f-3b59-4c5e-9da4-a8df762c31ef tableID=0xc0004cf070 seatIndex=0xc0004d0460
2025/11/08 14:46:50 INFO session removed token=1f95554f-3b59-4c5e-9da4-a8df762c31ef
2025/11/08 14:46:50 INFO session created token=79afff0a-74ec-48ee-94de-a30ecb7ecafe name=User_61_29
2025/11/08 14:46:50 INFO session updated token=79afff0a-74ec-48ee-94de-a30ecb7ecafe tableID=0xc00065be40 seatIndex=0xc00065dce0
2025/11/08 14:46:50 INFO session created token=5adab120-5de2-47b0-b577-ea45eb01a3d9 name=User_97_33
2025/11/08 14:46:50 INFO session removed token=79afff0a-74ec-48ee-94de-a30ecb7ecafe
2025/11/08 14:46:50 INFO session created token=26a99c9b-93e9-41c4-8eae-d9431caf78e6 name=User_58_6
2025/11/08 14:46:50 INFO session updated token=26a99c9b-93e9-41c4-8eae-d9431caf78e6 tableID=0xc0004cf0f0 seatIndex=0xc0004d04e0
2025/11/08 14:46:50 INFO session removed token=26a99c9b-93e9-41c4-8eae-d9431caf78e6
2025/11/08 14:46:50 INFO session created token=de873a29-cb89-4d3f-b574-b3dbfe949362 name=User_58_7
2025/11/08 14:46:50 INFO session updated token=de873a29-cb89-4d3f-b574-b3dbfe949362 tableID=0xc0004cf140 seatIndex=0xc0004d0530
2025/11/08 14:46:50 INFO session removed token=de873a29-cb89-4d3f-b574-b3dbfe949362
2025/11/08 14:46:50 INFO session created token=f4d9d7a3-a6d7-4c51-a94b-084e898bbbc0 name=User_58_8
2025/11/08 14:46:50 INFO session updated token=f4d9d7a3-a6d7-4c51-a94b-084e898bbbc0 tableID=0xc0004cf190 seatIndex=0xc0004d0580
2025/11/08 14:46:50 INFO session removed token=f4d9d7a3-a6d7-4c51-a94b-084e898bbbc0
2025/11/08 14:46:50 INFO session created token=4f73a86b-d992-43fd-92fa-ba2b2ca9c319 name=User_58_9
2025/11/08 14:46:50 INFO session updated token=4f73a86b-d992-43fd-92fa-ba2b2ca9c319 tableID=0xc0004cf1e0 seatIndex=0xc0004d05d0
2025/11/08 14:46:50 INFO session removed token=4f73a86b-d992-43fd-92fa-ba2b2ca9c319
2025/11/08 14:46:50 INFO session created token=1a65d765-2a5f-4a71-9e1f-75fbed9c256c name=User_58_10
2025/11/08 14:46:50 INFO session updated token=1a65d765-2a5f-4a71-9e1f-75fbed9c256c tableID=0xc0004cf230 seatIndex=0xc0004d0620
2025/11/08 14:46:50 INFO session removed token=1a65d765-2a5f-4a71-9e1f-75fbed9c256c
2025/11/08 14:46:50 INFO session created token=2efc8dfd-5083-49cd-b8b2-43bb9a66d5ba name=User_31_89
2025/11/08 14:46:50 INFO session created token=be3ddf48-1732-4128-aa6f-4640d9ce3e5f name=User_58_11
2025/11/08 14:46:50 INFO session updated token=2efc8dfd-5083-49cd-b8b2-43bb9a66d5ba tableID=0xc00065be90 seatIndex=0xc00065dd10
2025/11/08 14:46:50 INFO session removed token=2efc8dfd-5083-49cd-b8b2-43bb9a66d5ba
2025/11/08 14:46:50 INFO session created token=d5d4c3cd-a8f1-4e19-94a9-af07d4a45e39 name=User_31_90
2025/11/08 14:46:50 INFO session updated token=d5d4c3cd-a8f1-4e19-94a9-af07d4a45e39 tableID=0xc00065bef0 seatIndex=0xc00065dd70
2025/11/08 14:46:50 INFO session removed token=d5d4c3cd-a8f1-4e19-94a9-af07d4a45e39
2025/11/08 14:46:50 INFO session created token=c06bf93a-0e84-47cc-a378-2164fae404b8 name=User_31_91
2025/11/08 14:46:50 INFO session updated token=c06bf93a-0e84-47cc-a378-2164fae404b8 tableID=0xc00065bf40 seatIndex=0xc00065ddc0
2025/11/08 14:46:50 INFO session removed token=c06bf93a-0e84-47cc-a378-2164fae404b8
2025/11/08 14:46:50 INFO session created token=635dabe8-a0a6-4b2c-b947-399c0b041dcb name=User_31_92
2025/11/08 14:46:50 INFO session updated token=83e637b6-a3b8-4cc5-bf20-d9599e694270 tableID=0xc0002db470 seatIndex=0xc0002d94d0
2025/11/08 14:46:50 INFO session removed token=83e637b6-a3b8-4cc5-bf20-d9599e694270
2025/11/08 14:46:50 INFO session created token=31222d35-bf47-4426-8a53-7aeb89485bd5 name=User_41_13
2025/11/08 14:46:50 INFO session updated token=31222d35-bf47-4426-8a53-7aeb89485bd5 tableID=0xc00054cc30 seatIndex=0xc00054e8e0
2025/11/08 14:46:50 INFO session removed token=31222d35-bf47-4426-8a53-7aeb89485bd5
2025/11/08 14:46:50 INFO session created token=2cd104ca-769e-4f35-91d4-ec42bdc86ae4 name=User_41_14
2025/11/08 14:46:50 INFO session updated token=2cd104ca-769e-4f35-91d4-ec42bdc86ae4 tableID=0xc00054cc80 seatIndex=0xc00054e930
2025/11/08 14:46:50 INFO session removed token=2cd104ca-769e-4f35-91d4-ec42bdc86ae4
2025/11/08 14:46:50 INFO session created token=e0f25124-b6d6-4185-b0a5-0e211575d462 name=User_41_15
2025/11/08 14:46:50 INFO session updated token=e0f25124-b6d6-4185-b0a5-0e211575d462 tableID=0xc00054ccd0 seatIndex=0xc00054e980
2025/11/08 14:46:50 INFO session removed token=e0f25124-b6d6-4185-b0a5-0e211575d462
2025/11/08 14:46:50 INFO session created token=e55b5cf2-6880-4c04-8e4c-5d3b00fc6285 name=User_41_16
2025/11/08 14:46:50 INFO session updated token=e55b5cf2-6880-4c04-8e4c-5d3b00fc6285 tableID=0xc00054cd20 seatIndex=0xc00054e9d0
2025/11/08 14:46:50 INFO session removed token=e55b5cf2-6880-4c04-8e4c-5d3b00fc6285
2025/11/08 14:46:50 INFO session created token=fac14641-4594-4b30-b4b1-294e6d11e238 name=User_41_17
2025/11/08 14:46:50 INFO session updated token=fac14641-4594-4b30-b4b1-294e6d11e238 tableID=0xc00054cd70 seatIndex=0xc00054ea20
2025/11/08 14:46:50 INFO session removed token=fac14641-4594-4b30-b4b1-294e6d11e238
2025/11/08 14:46:50 INFO session created token=483129df-02ac-42c7-bda1-00af5d2751c0 name=User_41_18
2025/11/08 14:46:50 INFO session updated token=483129df-02ac-42c7-bda1-00af5d2751c0 tableID=0xc00054cdc0 seatIndex=0xc00054ea70
2025/11/08 14:46:50 INFO session removed token=483129df-02ac-42c7-bda1-00af5d2751c0
2025/11/08 14:46:50 INFO session created token=90f25649-f2be-40a8-9da4-23acaea41641 name=User_41_19
2025/11/08 14:46:50 INFO session updated token=90f25649-f2be-40a8-9da4-23acaea41641 tableID=0xc00054ce10 seatIndex=0xc00054eac0
2025/11/08 14:46:50 INFO session removed token=90f25649-f2be-40a8-9da4-23acaea41641
2025/11/08 14:46:50 INFO session updated token=be3ddf48-1732-4128-aa6f-4640d9ce3e5f tableID=0xc00065beb0 seatIndex=0xc00065dd40
2025/11/08 14:46:50 INFO session removed token=be3ddf48-1732-4128-aa6f-4640d9ce3e5f
2025/11/08 14:46:50 INFO session created token=a8ded64d-fc0c-4f0b-a9fb-843fd11704cd name=User_58_12
2025/11/08 14:46:50 INFO session updated token=a8ded64d-fc0c-4f0b-a9fb-843fd11704cd tableID=0xc0004cf2c0 seatIndex=0xc0004d06b0
2025/11/08 14:46:50 INFO session removed token=a8ded64d-fc0c-4f0b-a9fb-843fd11704cd
2025/11/08 14:46:50 INFO session created token=1e3e1160-2d2b-468d-90e7-06e8598d4279 name=User_58_13
2025/11/08 14:46:50 INFO session updated token=1e3e1160-2d2b-468d-90e7-06e8598d4279 tableID=0xc0004cf310 seatIndex=0xc0004d0700
2025/11/08 14:46:50 INFO session removed token=1e3e1160-2d2b-468d-90e7-06e8598d4279
2025/11/08 14:46:50 INFO session created token=1a99bf5f-d378-4bd6-bc83-a1fe26135579 name=User_58_14
2025/11/08 14:46:50 INFO session updated token=1a99bf5f-d378-4bd6-bc83-a1fe26135579 tableID=0xc0004cf360 seatIndex=0xc0004d0750
2025/11/08 14:46:50 INFO session removed token=1a99bf5f-d378-4bd6-bc83-a1fe26135579
2025/11/08 14:46:50 INFO session created token=9a1d8893-b346-4eec-b868-83ebe8ba45c4 name=User_58_15
2025/11/08 14:46:50 INFO session updated token=9a1d8893-b346-4eec-b868-83ebe8ba45c4 tableID=0xc0004cf3b0 seatIndex=0xc0004d07a0
2025/11/08 14:46:50 INFO session removed token=9a1d8893-b346-4eec-b868-83ebe8ba45c4
2025/11/08 14:46:50 INFO session created token=c7a13995-36db-4851-8707-cbfdd8634008 name=User_58_16
2025/11/08 14:46:50 INFO session updated token=c7a13995-36db-4851-8707-cbfdd8634008 tableID=0xc0004cf400 seatIndex=0xc0004d07f0
2025/11/08 14:46:50 INFO session removed token=c7a13995-36db-4851-8707-cbfdd8634008
2025/11/08 14:46:50 INFO session created token=9aaaa976-65a7-4664-96bd-eb5cde9eb880 name=User_58_17
2025/11/08 14:46:50 INFO session created token=938e8416-d6d5-4250-9438-0e5409b7d99e name=User_21_6
2025/11/08 14:46:50 INFO session updated token=9aaaa976-65a7-4664-96bd-eb5cde9eb880 tableID=0xc0004cf450 seatIndex=0xc0004d0840
2025/11/08 14:46:50 INFO session removed token=9aaaa976-65a7-4664-96bd-eb5cde9eb880
2025/11/08 14:46:50 INFO session removed token=129be7b4-d32f-493f-8b38-0413ecf948d1
2025/11/08 14:46:50 INFO session updated token=d9f87b94-b9b9-4320-be6a-fca7503fe2aa tableID=0xc0002db4b0 seatIndex=0xc0002d94e0
2025/11/08 14:46:50 INFO session updated token=b0d11f17-a79f-4629-845e-70d6feaf3b4c tableID=0xc0002db4d0 seatIndex=0xc0002d94f0
2025/11/08 14:46:50 INFO session updated token=9800906b-1379-4be5-921b-8debf8c506e5 tableID=0xc0004ce970 seatIndex=0xc0004cbd10
2025/11/08 14:46:50 INFO session updated token=eb4b549c-1929-4cb7-b86c-0be262f5c16b tableID=0xc0004ce990 seatIndex=0xc0004cbd20
2025/11/08 14:46:50 INFO session removed token=ca82cfc2-b84e-4539-8f75-0523e2f18d3c
2025/11/08 14:46:50 INFO session updated token=b7e05e1f-24fc-4ef8-bdcb-087336df47df tableID=0xc0002db500 seatIndex=0xc0002d9560
2025/11/08 14:46:50 INFO session removed token=e93fa652-4b83-4383-8153-63185e568c76
2025/11/08 14:46:50 INFO session removed token=54c96a27-28be-420d-90be-3bb611925ee3
2025/11/08 14:46:50 INFO session removed token=ef52d7cc-c54e-41af-b8e1-4a3439109362
2025/11/08 14:46:50 INFO session removed token=5c33d46a-3358-4741-8eb6-1bc3b9ea5c7e
2025/11/08 14:46:50 INFO session created token=a6d3c534-6200-4ae0-bf92-0bb487a325f3 name=User_92_6
2025/11/08 14:46:50 INFO session updated token=9a96efda-9e27-4888-aa01-2e6f44ac57ef tableID=0xc00065b950 seatIndex=0xc00065d7b0
2025/11/08 14:46:50 INFO session created token=52427140-c2f1-4047-b3ed-4fc163494b77 name=User_36_6
2025/11/08 14:46:50 INFO session created token=bc6edf93-bce0-4ff9-a7b8-9d1924f09807 name=User_69_7
2025/11/08 14:46:50 INFO session created token=61ecaa01-8bd6-485c-ac79-0fcad0e7047e name=User_81_92
2025/11/08 14:46:50 INFO session created token=ab1be6ba-a9a2-439d-801e-53c28b58b600 name=User_73_8
2025/11/08 14:46:50 INFO session updated token=b52b9bf2-e70e-4e2a-ac22-c2214b08069f tableID=0xc00065b970 seatIndex=0xc00065d7e0
2025/11/08 14:46:50 INFO session removed token=addd5354-087d-469e-bc33-26f13d5e4bd6
2025/11/08 14:46:50 INFO session removed token=cf61f569-a8f0-4de3-8aeb-0e32b7b519f4
2025/11/08 14:46:50 INFO session created token=97a781aa-71cf-4f6b-be89-da19eab5d0c4 name=User_51_6
2025/11/08 14:46:50 INFO session removed token=ddea83c4-e483-4f09-8289-14d5da62171c
2025/11/08 14:46:50 INFO session removed token=32844911-de1c-40b6-8c40-e3973ec49c6d
2025/11/08 14:46:50 INFO session updated token=fc5bbed8-a04f-458f-b954-bb7c6046835a tableID=0xc00065ba10 seatIndex=0xc00065d870
2025/11/08 14:46:50 INFO session created token=a79fc00d-2904-447d-810b-328f1fda674d name=User_44_6
2025/11/08 14:46:50 INFO session created token=3c3d7588-7d8a-4e37-841f-109e0afd303e name=User_50_6
2025/11/08 14:46:50 INFO session created token=82fd382c-d58d-4bf8-80d7-2f0ae27259ae name=User_11_6
2025/11/08 14:46:50 INFO session created token=aac96b92-b947-4545-8589-2c0f34a1bfff name=User_34_7
2025/11/08 14:46:50 INFO session updated token=e0dd785a-de8d-4b79-88a2-809e2189ec27 tableID=0xc00065ba20 seatIndex=0xc00065d880
2025/11/08 14:46:50 INFO session removed token=95f8b4cd-fe26-4ef8-9767-69a7ecaa449a
2025/11/08 14:46:50 INFO session removed token=f58787ce-0abe-4871-97df-3854ddcb737a
2025/11/08 14:46:50 INFO session updated token=d3861fb4-99ca-4dee-a905-87ce1e3b5158 tableID=0xc00065ba70 seatIndex=0xc00065d8b0
2025/11/08 14:46:50 INFO session updated token=6c57c3b6-f265-42c5-9372-e312e95a8a74 tableID=0xc00054c710 seatIndex=0xc00054e350
2025/11/08 14:46:50 INFO session created token=7d224d3a-a39f-47a0-8317-6c6447f4ae0b name=User_86_9
2025/11/08 14:46:50 INFO session created token=7a84ba3a-8f3a-4261-a9fb-8401fcd8a44f name=User_49_16
2025/11/08 14:46:50 INFO session created token=fe1e5957-095f-49c4-a724-06bcc594aa4a name=User_79_7
2025/11/08 14:46:50 INFO session removed token=7b4aaa12-cdf7-4047-870b-302042cfbdb7
2025/11/08 14:46:50 INFO session created token=2e2de48b-60e2-4455-a362-5cf786ba01ab name=User_10_5
2025/11/08 14:46:50 INFO session created token=213a239b-8177-4abe-9659-08f7b661e1f8 name=User_28_7
2025/11/08 14:46:50 INFO session created token=7be885b3-6501-47f9-8b17-9b63f3d5069b name=User_48_6
2025/11/08 14:46:50 INFO session created token=0440aa12-2791-4766-b4bb-20d1e6f36493 name=User_40_10
2025/11/08 14:46:50 INFO session created token=3af601f4-22a5-4fb7-99ab-9f720df051a3 name=User_99_16
2025/11/08 14:46:50 INFO session updated token=fca8d87b-2a18-43e6-8fdf-535a295476f9 tableID=0xc0002db570 seatIndex=0xc0002d9650
2025/11/08 14:46:50 INFO session created token=53d52b2e-68d6-4c7b-9016-29966e6d72ea name=User_93_10
2025/11/08 14:46:50 INFO session removed token=481d5297-4168-4773-8280-3e8ff7f118ad
2025/11/08 14:46:50 INFO session removed token=5759bf51-aa57-4ad5-a8ef-7a1a0e27c37e
2025/11/08 14:46:50 INFO session created token=3b644a32-0355-4771-a7e4-c70b2eed3d1e name=User_75_6
2025/11/08 14:46:50 INFO session created token=8be0673b-ac6d-4ce4-b71c-27d9f4ddfbe8 name=User_70_24
2025/11/08 14:46:50 INFO session updated token=c7b66895-b139-4674-b72e-615cd4b84d06 tableID=0xc00054c820 seatIndex=0xc00054e400
2025/11/08 14:46:50 INFO session removed token=07eaf270-8ec3-4ba7-8808-8a512c9481a1
2025/11/08 14:46:50 INFO session updated token=4ca412d2-e7cd-4bfb-a1ad-99f9f9e7d7c8 tableID=0xc00054c830 seatIndex=0xc00054e410
2025/11/08 14:46:50 INFO session created token=a74730ec-9bec-4af3-89f8-988fc57852b9 name=User_67_10
2025/11/08 14:46:50 INFO session updated token=af7340f2-33aa-49ed-a4bb-33b76e7914b2 tableID=0xc00054c840 seatIndex=0xc00054e420
2025/11/08 14:46:50 INFO session updated token=20a1a0e9-2b00-4692-9ad6-47e2befca403 tableID=0xc0002db580 seatIndex=0xc0002d9660
2025/11/08 14:46:50 INFO session removed token=79dd87ef-d550-491f-a348-dd1e67fbd9cc
2025/11/08 14:46:50 INFO session updated token=db373397-fa2f-44a8-9c9c-4dead08e701a tableID=0xc00054c860 seatIndex=0xc00054e450
2025/11/08 14:46:50 INFO session updated token=4eadc5d5-116c-4d11-9c06-aa943a9d0877 tableID=0xc00054c870 seatIndex=0xc00054e460
2025/11/08 14:46:50 INFO session removed token=4fbe9748-4b6f-4cd6-9c41-03d9ecc906fa
2025/11/08 14:46:50 INFO session updated token=12dec818-c024-4fd5-bb14-bcf19547a7ed tableID=0xc00054c890 seatIndex=0xc00054e490
2025/11/08 14:46:50 INFO session removed token=65ffa0a9-e7b3-4cd8-9a85-06a0c9320866
2025/11/08 14:46:50 INFO session removed token=460354a2-8d59-4bd4-863f-8eb66513b36e
2025/11/08 14:46:50 INFO session created token=ee50fd2c-548a-466a-b883-75d933060568 name=User_38_6
2025/11/08 14:46:50 INFO session removed token=93f34391-de04-4dad-a6ce-e410c4be3aff
2025/11/08 14:46:50 INFO session updated token=82f79fca-d888-462f-956f-460dd6336b68 tableID=0xc00054c8e0 seatIndex=0xc00054e500
2025/11/08 14:46:50 INFO session removed token=45a4c930-4f76-4654-85b0-b4faa2a87a7a
2025/11/08 14:46:50 INFO session updated token=f546bd52-e55b-491b-ac55-4a894069fb3d tableID=0xc00054c900 seatIndex=0xc00054e530
2025/11/08 14:46:50 INFO session updated token=a3867113-c3d7-43e0-a603-c22c9a2195f8 tableID=0xc00054c910 seatIndex=0xc00054e540
2025/11/08 14:46:50 INFO session removed token=8f461f00-2e98-4c78-abe0-b5b458762a6b
2025/11/08 14:46:50 INFO session removed token=a5ab64cf-2f88-4236-8e3d-18159b535268
2025/11/08 14:46:50 INFO session created token=482d26a6-ae7e-4129-8e43-9a3bfd35d795 name=User_33_8
2025/11/08 14:46:50 INFO session created token=fbbc2148-c34a-4618-9fe0-8845b6a86f5b name=User_1_6
2025/11/08 14:46:50 INFO session updated token=ead8d71a-6733-4106-a735-2e8a639f94c0 tableID=0xc00065b670 seatIndex=0xc00065d4e8
2025/11/08 14:46:50 INFO session updated token=122663b8-e4d4-42b5-90e1-708799e22be7 tableID=0xc00065bb10 seatIndex=0xc00065d990
2025/11/08 14:46:50 INFO session created token=745a67f2-f2fe-434b-98a7-f53af2cf24dc name=User_56_11
2025/11/08 14:46:50 INFO session created token=2e7c7c7c-e690-4237-8ece-72c40483a8c8 name=User_47_9
2025/11/08 14:46:50 INFO session updated token=a1e18710-41b0-47b3-8498-9f8286d44188 tableID=0xc0004ce3c0 seatIndex=0xc0004cb760
2025/11/08 14:46:50 INFO session created token=6820f8fd-061c-442f-8d1a-bd692f3d74d6 name=User_3_7
2025/11/08 14:46:50 INFO session created token=c742c4e1-35ad-4859-b77b-931452feda20 name=User_24_17
2025/11/08 14:46:50 INFO session updated token=c921091e-cae9-4670-a7af-f8fc624ab22a tableID=0xc00054cb60 seatIndex=0xc00054e7b0
2025/11/08 14:46:50 INFO session created token=0f9c9c6a-36c7-4403-9209-09ac1875353e name=User_63_15
2025/11/08 14:46:50 INFO session created token=51f2dac3-17dc-4dd8-a6a4-548662005606 name=User_18_7
2025/11/08 14:46:50 INFO session removed token=108a35a8-a032-4d8d-8b50-a6367a72f146
2025/11/08 14:46:50 INFO session removed token=6a38c08c-cb9c-4a50-88dd-011b717b027a
2025/11/08 14:46:50 INFO session removed token=2f53d348-5c49-41fa-9546-0bc79a577a37
2025/11/08 14:46:50 INFO session removed token=efb3bfe1-bf09-4539-88d0-9e8ad4ca2dc0
2025/11/08 14:46:50 INFO session removed token=5b2cfae1-adb0-44be-a2cf-bebc5217bc64
2025/11/08 14:46:50 INFO session updated token=77128c29-39a7-41b4-af06-0dbe72f0e8f4 tableID=0xc0002db460 seatIndex=0xc0002d94a0
2025/11/08 14:46:50 INFO session updated token=5adab120-5de2-47b0-b577-ea45eb01a3d9 tableID=0xc0004cf0c0 seatIndex=0xc0004d04d0
2025/11/08 14:46:50 INFO session created token=af864284-b9e3-4fcd-8478-87c69433348d name=User_61_30
2025/11/08 14:46:50 INFO session updated token=635dabe8-a0a6-4b2c-b947-399c0b041dcb tableID=0xc000660010 seatIndex=0xc00065de10
2025/11/08 14:46:50 INFO session removed token=635dabe8-a0a6-4b2c-b947-399c0b041dcb
2025/11/08 14:46:50 INFO session created token=6f3f8c3b-9325-459e-8c2a-b7d513091fb1 name=User_31_93
2025/11/08 14:46:50 INFO session updated token=6f3f8c3b-9325-459e-8c2a-b7d513091fb1 tableID=0xc000660220 seatIndex=0xc00065dfd0
2025/11/08 14:46:50 INFO session removed token=6f3f8c3b-9325-459e-8c2a-b7d513091fb1
2025/11/08 14:46:50 INFO session created token=592fb70b-3dc7-4ee6-95bf-6585ef58a616 name=User_31_94
2025/11/08 14:46:50 INFO session updated token=592fb70b-3dc7-4ee6-95bf-6585ef58a616 tableID=0xc000660270 seatIndex=0xc000662020
2025/11/08 14:46:50 INFO session removed token=592fb70b-3dc7-4ee6-95bf-6585ef58a616
2025/11/08 14:46:50 INFO session created token=e1d6c27a-2555-4f38-addb-de58e0d05f8f name=User_31_95
2025/11/08 14:46:50 INFO session updated token=e1d6c27a-2555-4f38-addb-de58e0d05f8f tableID=0xc0006602c0 seatIndex=0xc000662070
2025/11/08 14:46:50 INFO session removed token=e1d6c27a-2555-4f38-addb-de58e0d05f8f
2025/11/08 14:46:50 INFO session created token=9335e55e-c1de-48c7-bed7-efb559cc909f name=User_31_96
2025/11/08 14:46:50 INFO session updated token=9335e55e-c1de-48c7-bed7-efb559cc909f tableID=0xc000660310 seatIndex=0xc0006620c0
2025/11/08 14:46:50 INFO session removed token=9335e55e-c1de-48c7-bed7-efb559cc909f
2025/11/08 14:46:50 INFO session created token=289a11c1-6f06-4d00-b777-cbb6e9828e1a name=User_31_97
2025/11/08 14:46:50 INFO session updated token=289a11c1-6f06-4d00-b777-cbb6e9828e1a tableID=0xc000660360 seatIndex=0xc000662110
2025/11/08 14:46:50 INFO session created token=576b4cb8-03dc-448c-98e6-877a014fe25a name=User_41_20
2025/11/08 14:46:50 INFO session removed token=289a11c1-6f06-4d00-b777-cbb6e9828e1a
2025/11/08 14:46:50 INFO session updated token=938e8416-d6d5-4250-9438-0e5409b7d99e tableID=0xc0004cf470 seatIndex=0xc0004d0870
2025/11/08 14:46:50 INFO session removed token=938e8416-d6d5-4250-9438-0e5409b7d99e
2025/11/08 14:46:50 INFO session created token=7a889ad9-40d5-491e-8279-3e9fe6ec614f name=User_21_7
2025/11/08 14:46:50 INFO session updated token=7a889ad9-40d5-491e-8279-3e9fe6ec614f tableID=0xc0006603e0 seatIndex=0xc0006621b0
2025/11/08 14:46:50 INFO session removed token=7a889ad9-40d5-491e-8279-3e9fe6ec614f
2025/11/08 14:46:50 INFO session created token=c46acea2-0197-45b7-8902-dd7b305d1f78 name=User_21_8
2025/11/08 14:46:50 INFO session updated token=c46acea2-0197-45b7-8902-dd7b305d1f78 tableID=0xc000660430 seatIndex=0xc000662200
2025/11/08 14:46:50 INFO session removed token=c46acea2-0197-45b7-8902-dd7b305d1f78
2025/11/08 14:46:50 INFO session created token=89f336d2-dce3-4d6a-a094-cd1dbf37aac9 name=User_21_9
2025/11/08 14:46:50 INFO session updated token=89f336d2-dce3-4d6a-a094-cd1dbf37aac9 tableID=0xc000660480 seatIndex=0xc000662250
2025/11/08 14:46:50 INFO session removed token=89f336d2-dce3-4d6a-a094-cd1dbf37aac9
2025/11/08 14:46:50 INFO session created token=aaa483c0-5253-40cc-b2bd-e658a07b32c8 name=User_21_10
2025/11/08 14:46:50 INFO session updated token=aaa483c0-5253-40cc-b2bd-e658a07b32c8 tableID=0xc0006604d0 seatIndex=0xc0006622a0
2025/11/08 14:46:50 INFO session removed token=eb4b549c-1929-4cb7-b86c-0be262f5c16b
2025/11/08 14:46:50 INFO session removed token=d9f87b94-b9b9-4320-be6a-fca7503fe2aa
2025/11/08 14:46:50 INFO session removed token=b0d11f17-a79f-4629-845e-70d6feaf3b4c
2025/11/08 14:46:50 INFO session removed token=b7e05e1f-24fc-4ef8-bdcb-087336df47df
2025/11/08 14:46:50 INFO session updated token=52427140-c2f1-4047-b3ed-4fc163494b77 tableID=0xc000660060 seatIndex=0xc00065de20
2025/11/08 14:46:50 INFO session removed token=9800906b-1379-4be5-921b-8debf8c506e5
2025/11/08 14:46:50 INFO session created token=f30b3621-c846-428b-bfc3-54483eab9ebc name=User_58_18
2025/11/08 14:46:50 INFO session removed token=9a96efda-9e27-4888-aa01-2e6f44ac57ef
2025/11/08 14:46:50 INFO session created token=4a4f6a2c-5b01-4995-a507-c549284451d6 name=User_53_7
2025/11/08 14:46:50 INFO session created token=f08b7859-8a04-42f9-849b-c7bf0f9569c0 name=User_80_6
2025/11/08 14:46:50 INFO session created token=4d8b9cb0-62fe-4039-a7e1-3f038b8188d3 name=User_94_15
2025/11/08 14:46:50 INFO session removed token=52427140-c2f1-4047-b3ed-4fc163494b77
2025/11/08 14:46:50 INFO session created token=ab8bb900-eb4b-4609-b4d7-e0f5378c089c name=User_82_30
2025/11/08 14:46:50 INFO session created token=f989726e-0027-4a9d-b62f-22907f8559e4 name=User_6_7
2025/11/08 14:46:50 INFO session created token=023e1f33-54b1-426f-90b8-0bac89442750 name=User_76_6
2025/11/08 14:46:50 INFO session updated token=ab8bb900-eb4b-4609-b4d7-e0f5378c089c tableID=0xc0004cf8d0 seatIndex=0xc0004d0cc8
2025/11/08 14:46:50 INFO session created token=7e6d7f77-09ef-46aa-9ec3-a7ded55f0191 name=User_77_6
2025/11/08 14:46:50 INFO session updated token=bc6edf93-bce0-4ff9-a7b8-9d1924f09807 tableID=0xc0005c2fa0 seatIndex=0xc0005c6b48
2025/11/08 14:46:50 INFO session removed token=b52b9bf2-e70e-4e2a-ac22-c2214b08069f
2025/11/08 14:46:50 INFO session updated token=a6d3c534-6200-4ae0-bf92-0bb487a325f3 tableID=0xc000660080 seatIndex=0xc00065de50
2025/11/08 14:46:50 INFO session updated token=61ecaa01-8bd6-485c-ac79-0fcad0e7047e tableID=0xc00054cea0 seatIndex=0xc00054eb50
2025/11/08 14:46:50 INFO session created token=7edf8063-6aa3-4625-9a3f-bdca54118aff name=User_42_6
2025/11/08 14:46:50 INFO session updated token=97a781aa-71cf-4f6b-be89-da19eab5d0c4 tableID=0xc00054cee0 seatIndex=0xc00054eb60
2025/11/08 14:46:50 INFO session created token=27d4bcea-3134-4a70-b16d-6f6ecdbb3a95 name=User_87_6
2025/11/08 14:46:50 INFO session created token=f5d87718-0017-44a9-a955-e5f7fdb4400e name=User_8_7
2025/11/08 14:46:50 INFO session removed token=fc5bbed8-a04f-458f-b954-bb7c6046835a
2025/11/08 14:46:50 INFO session created token=e3aecf6b-11e3-42ec-ad56-abeda5585d41 name=User_12_6
2025/11/08 14:46:50 INFO session updated token=a79fc00d-2904-447d-810b-328f1fda674d tableID=0xc00054cf20 seatIndex=0xc00054ebb0
2025/11/08 14:46:50 INFO session updated token=3c3d7588-7d8a-4e37-841f-109e0afd303e tableID=0xc00054cf30 seatIndex=0xc00054ebc0
2025/11/08 14:46:50 INFO session updated token=82fd382c-d58d-4bf8-80d7-2f0ae27259ae tableID=0xc00054cf40 seatIndex=0xc00054ebd0
2025/11/08 14:46:50 INFO session updated token=aac96b92-b947-4545-8589-2c0f34a1bfff tableID=0xc00054cf50 seatIndex=0xc00054ebe0
2025/11/08 14:46:50 INFO session updated token=7d224d3a-a39f-47a0-8317-6c6447f4ae0b tableID=0xc0004cf5d0 seatIndex=0xc0004d09d8
2025/11/08 14:46:50 INFO session removed token=e0dd785a-de8d-4b79-88a2-809e2189ec27
2025/11/08 14:46:50 INFO session created token=b7109e07-0a12-4f0c-b894-54683a232f97 name=User_72_6
2025/11/08 14:46:50 INFO session created token=8d672349-666c-407c-be61-883acdaa46cf name=User_64_6
2025/11/08 14:46:50 INFO session removed token=6c57c3b6-f265-42c5-9372-e312e95a8a74
2025/11/08 14:46:50 INFO session removed token=d3861fb4-99ca-4dee-a905-87ce1e3b5158
2025/11/08 14:46:50 INFO session updated token=7a84ba3a-8f3a-4261-a9fb-8401fcd8a44f tableID=0xc00054cfb0 seatIndex=0xc00054ec30
2025/11/08 14:46:50 INFO session updated token=2e2de48b-60e2-4455-a362-5cf786ba01ab tableID=0xc0006600b0 seatIndex=0xc00065de60
2025/11/08 14:46:50 INFO session updated token=fe1e5957-095f-49c4-a724-06bcc594aa4a tableID=0xc0004cf620 seatIndex=0xc0004d0a08
2025/11/08 14:46:50 INFO session updated token=213a239b-8177-4abe-9659-08f7b661e1f8 tableID=0xc0004cf630 seatIndex=0xc0004d0a18
2025/11/08 14:46:50 INFO session updated token=7be885b3-6501-47f9-8b17-9b63f3d5069b tableID=0xc00054cfc0 seatIndex=0xc00054ec60
2025/11/08 14:46:50 INFO session created token=e5451f49-3005-429b-8322-4b7e5760cf61 name=User_25_6
2025/11/08 14:46:50 INFO session updated token=0440aa12-2791-4766-b4bb-20d1e6f36493 tableID=0xc0004cf650 seatIndex=0xc0004d0a48
2025/11/08 14:46:50 INFO session updated token=3af601f4-22a5-4fb7-99ab-9f720df051a3 tableID=0xc0004cf660 seatIndex=0xc0004d0a58
2025/11/08 14:46:50 INFO session removed token=fca8d87b-2a18-43e6-8fdf-535a295476f9
2025/11/08 14:46:50 INFO session updated token=53d52b2e-68d6-4c7b-9016-29966e6d72ea tableID=0xc0002db5b0 seatIndex=0xc0002d9670
2025/11/08 14:46:50 INFO session updated token=3b644a32-0355-4771-a7e4-c70b2eed3d1e tableID=0xc0002db5e0 seatIndex=0xc0002d9680
2025/11/08 14:46:50 INFO session created token=475325ca-125c-4284-b342-a32c9ef23457 name=User_23_6
2025/11/08 14:46:50 INFO session updated token=8be0673b-ac6d-4ce4-b71c-27d9f4ddfbe8 tableID=0xc0004cf6a0 seatIndex=0xc0004d0a88
2025/11/08 14:46:50 INFO session created token=5938c614-5619-4318-851d-64fc532135ac name=User_89_10
2025/11/08 14:46:50 INFO session removed token=c7b66895-b139-4674-b72e-615cd4b84d06
2025/11/08 14:46:50 INFO session removed token=4ca412d2-e7cd-4bfb-a1ad-99f9f9e7d7c8
2025/11/08 14:46:50 INFO session updated token=a74730ec-9bec-4af3-89f8-988fc57852b9 tableID=0xc0004cf6e0 seatIndex=0xc0004d0ad8
2025/11/08 14:46:50 INFO session created token=1e6d67a4-8eb2-4f50-866a-426d5822f567 name=User_17_6
2025/11/08 14:46:50 INFO session removed token=af7340f2-33aa-49ed-a4bb-33b76e7914b2
2025/11/08 14:46:50 INFO session removed token=20a1a0e9-2b00-4692-9ad6-47e2befca403
2025/11/08 14:46:50 INFO session removed token=db373397-fa2f-44a8-9c9c-4dead08e701a
2025/11/08 14:46:50 INFO session removed token=4eadc5d5-116c-4d11-9c06-aa943a9d0877
2025/11/08 14:46:50 INFO session removed token=12dec818-c024-4fd5-bb14-bcf19547a7ed
2025/11/08 14:46:50 INFO session created token=3e993340-db7f-4f46-82ad-4cbc29094eef name=User_19_7
2025/11/08 14:46:50 INFO session updated token=ee50fd2c-548a-466a-b883-75d933060568 tableID=0xc0004cf780 seatIndex=0xc0004d0b68
2025/11/08 14:46:50 INFO session created token=94e6bf81-8699-43cb-95f6-b11e45c23c52 name=User_0_31
2025/11/08 14:46:50 INFO session created token=d9637d68-6cc6-40da-a925-ed398a34af76 name=User_30_7
2025/11/08 14:46:50 INFO session created token=2743eb63-857c-458f-b1c6-4d105f62eab7 name=User_52_7
2025/11/08 14:46:50 INFO session created token=8273fe6e-e981-457e-9588-74c4b267480c name=User_27_6
2025/11/08 14:46:50 INFO session removed token=82f79fca-d888-462f-956f-460dd6336b68
2025/11/08 14:46:50 INFO session removed token=f546bd52-e55b-491b-ac55-4a894069fb3d
2025/11/08 14:46:50 INFO session created token=1612622c-618b-4eff-8907-54aa032b9e63 name=User_35_8
2025/11/08 14:46:50 INFO session removed token=a3867113-c3d7-43e0-a603-c22c9a2195f8
2025/11/08 14:46:50 INFO session created token=4122412f-9988-4c81-8f2e-69023fc5778d name=User_15_7
2025/11/08 14:46:50 INFO session created token=64a98667-4aec-4927-ab0a-d4536ce761ed name=User_14_7
2025/11/08 14:46:50 INFO session updated token=482d26a6-ae7e-4129-8e43-9a3bfd35d795 tableID=0xc0004cf800 seatIndex=0xc0004d0bf8
2025/11/08 14:46:50 INFO session updated token=fbbc2148-c34a-4618-9fe0-8845b6a86f5b tableID=0xc0004cf810 seatIndex=0xc0004d0c08
2025/11/08 14:46:50 INFO session removed token=ead8d71a-6733-4106-a735-2e8a639f94c0
2025/11/08 14:46:50 INFO session removed token=122663b8-e4d4-42b5-90e1-708799e22be7
2025/11/08 14:46:50 INFO session updated token=745a67f2-f2fe-434b-98a7-f53af2cf24dc tableID=0xc0004cf840 seatIndex=0xc0004d0c58
2025/11/08 14:46:50 INFO session updated token=2e7c7c7c-e690-4237-8ece-72c40483a8c8 tableID=0xc0004cf850 seatIndex=0xc0004d0c68
2025/11/08 14:46:50 INFO session removed token=a1e18710-41b0-47b3-8498-9f8286d44188
2025/11/08 14:46:50 INFO session updated token=6820f8fd-061c-442f-8d1a-bd692f3d74d6 tableID=0xc000660120 seatIndex=0xc00065def0
2025/11/08 14:46:50 INFO session updated token=c742c4e1-35ad-4859-b77b-931452feda20 tableID=0xc000660140 seatIndex=0xc00065df20
2025/11/08 14:46:50 INFO session updated token=0f9c9c6a-36c7-4403-9209-09ac1875353e tableID=0xc00054cff0 seatIndex=0xc00054ec70
2025/11/08 14:46:50 INFO session removed token=c921091e-cae9-4670-a7af-f8fc624ab22a
2025/11/08 14:46:50 INFO session updated token=51f2dac3-17dc-4dd8-a6a4-548662005606 tableID=0xc000660160 seatIndex=0xc00065df30
2025/11/08 14:46:50 INFO session removed token=77128c29-39a7-41b4-af06-0dbe72f0e8f4
2025/11/08 14:46:50 INFO session removed token=5adab120-5de2-47b0-b577-ea45eb01a3d9
2025/11/08 14:46:50 INFO session updated token=af864284-b9e3-4fcd-8478-87c69433348d tableID=0xc0006601e0 seatIndex=0xc00065dfa0
2025/11/08 14:46:50 INFO session updated token=576b4cb8-03dc-448c-98e6-877a014fe25a tableID=0xc000660390 seatIndex=0xc000662160
2025/11/08 14:46:50 INFO session created token=8ad2b578-5b01-450a-97d6-7b00488c8899 name=User_83_7
2025/11/08 14:46:50 INFO session updated token=8ad2b578-5b01-450a-97d6-7b00488c8899 tableID=0xc0005c3220 seatIndex=0xc0005c6dc8
2025/11/08 14:46:50 INFO session removed token=8ad2b578-5b01-450a-97d6-7b00488c8899
2025/11/08 14:46:50 INFO session created token=83cffe65-4a1b-422f-8cf8-eecec76f4d87 name=User_83_8
2025/11/08 14:46:50 INFO session updated token=83cffe65-4a1b-422f-8cf8-eecec76f4d87 tableID=0xc0005c3270 seatIndex=0xc0005c6e18
2025/11/08 14:46:50 INFO session removed token=83cffe65-4a1b-422f-8cf8-eecec76f4d87
2025/11/08 14:46:50 INFO session created token=95ae0ad7-4980-484c-852c-350ecc93cb0d name=User_74_8
2025/11/08 14:46:50 INFO session created token=18bae989-371d-4128-af2a-e34d3a1fb517 name=User_83_9
2025/11/08 14:46:50 INFO session removed token=aaa483c0-5253-40cc-b2bd-e658a07b32c8
2025/11/08 14:46:50 INFO session created token=277c4172-4925-462c-8617-2e31458156d9 name=User_55_8
2025/11/08 14:46:50 INFO session created token=b0965fd1-bc94-4f68-bf33-f41abb8dd041 name=User_71_26
2025/11/08 14:46:50 INFO session created token=6634a825-0516-43a3-b150-6ea9dfdf5b2a name=User_31_98
2025/11/08 14:46:50 INFO session created token=18c0b988-beee-4330-8c6a-b309d565bf20 name=User_97_34
2025/11/08 14:46:50 INFO session created token=667aa2e3-26e5-4a43-94fa-68e51b1367e8 name=User_54_6
2025/11/08 14:46:50 INFO session created token=5e7d468b-9464-4f70-8a79-afab38299d9e name=User_65_6
2025/11/08 14:46:50 INFO session removed token=51f2dac3-17dc-4dd8-a6a4-548662005606
2025/11/08 14:46:50 INFO session created token=6f959e44-94e3-4339-bba9-1a398ba39cb5 name=User_18_8
2025/11/08 14:46:50 INFO session updated token=6f959e44-94e3-4339-bba9-1a398ba39cb5 tableID=0xc0004cfc40 seatIndex=0xc0004d10d8
2025/11/08 14:46:50 INFO session removed token=6f959e44-94e3-4339-bba9-1a398ba39cb5
2025/11/08 14:46:50 INFO session created token=a92a7469-eedc-45b3-90f8-8431d1992d81 name=User_18_9
2025/11/08 14:46:50 INFO session updated token=a92a7469-eedc-45b3-90f8-8431d1992d81 tableID=0xc0004cfc90 seatIndex=0xc0004d1128
2025/11/08 14:46:50 INFO session removed token=a92a7469-eedc-45b3-90f8-8431d1992d81
2025/11/08 14:46:50 INFO session created token=ecb9838c-514e-443d-92a6-4669ccbcc8ca name=User_18_10
2025/11/08 14:46:50 INFO session created token=5cc61e64-7326-4815-b4cd-20d52e9609ec name=User_59_12
2025/11/08 14:46:50 INFO session updated token=4a4f6a2c-5b01-4995-a507-c549284451d6 tableID=0xc00054d060 seatIndex=0xc00054eca0
2025/11/08 14:46:50 INFO session removed token=4a4f6a2c-5b01-4995-a507-c549284451d6
2025/11/08 14:46:50 INFO session updated token=f30b3621-c846-428b-bfc3-54483eab9ebc tableID=0xc0004cf8a0 seatIndex=0xc0004d0cb8
2025/11/08 14:46:50 INFO session updated token=4d8b9cb0-62fe-4039-a7e1-3f038b8188d3 tableID=0xc0003e44d0 seatIndex=0xc0003e1a40
2025/11/08 14:46:50 INFO session updated token=f08b7859-8a04-42f9-849b-c7bf0f9569c0 tableID=0xc000660580 seatIndex=0xc000662308
2025/11/08 14:46:50 INFO session updated token=ab1be6ba-a9a2-439d-801e-53c28b58b600 tableID=0xc0003e43c0 seatIndex=0xc0003e18d0
2025/11/08 14:46:50 INFO session updated token=7e6d7f77-09ef-46aa-9ec3-a7ded55f0191 tableID=0xc0004cf8f0 seatIndex=0xc0004d0cf8
2025/11/08 14:46:50 INFO session updated token=f989726e-0027-4a9d-b62f-22907f8559e4 tableID=0xc0004cf900 seatIndex=0xc0004d0d08
2025/11/08 14:46:50 INFO session removed token=ab8bb900-eb4b-4609-b4d7-e0f5378c089c
2025/11/08 14:46:50 INFO session updated token=023e1f33-54b1-426f-90b8-0bac89442750 tableID=0xc0004cf920 seatIndex=0xc0004d0d38
2025/11/08 14:46:50 INFO session removed token=bc6edf93-bce0-4ff9-a7b8-9d1924f09807
2025/11/08 14:46:50 INFO session created token=2792f114-6ebd-4e59-abda-f5f437d3e8eb name=User_69_8
2025/11/08 14:46:50 INFO session updated token=2792f114-6ebd-4e59-abda-f5f437d3e8eb tableID=0xc0006606e0 seatIndex=0xc000662498
2025/11/08 14:46:50 INFO session created token=d3a18dc9-baab-4263-8acd-ed38f60a8e77 name=User_37_24
2025/11/08 14:46:50 INFO session created token=d04e7f96-005e-4ba1-9784-fc57b8748243 name=User_36_7
2025/11/08 14:46:50 INFO session removed token=2792f114-6ebd-4e59-abda-f5f437d3e8eb
2025/11/08 14:46:50 INFO session created token=7e1583bb-d343-4685-8f28-c5f415e8f5dd name=User_5_8
2025/11/08 14:46:50 INFO session created token=138c6eb9-1634-4d8d-8452-f4da3bb34e23 name=User_90_7
2025/11/08 14:46:50 INFO session removed token=f30b3621-c846-428b-bfc3-54483eab9ebc
2025/11/08 14:46:50 INFO session created token=a84d4b96-53de-4ad1-a7d2-c2aa959ff34e name=User_58_19
2025/11/08 14:46:50 INFO session updated token=138c6eb9-1634-4d8d-8452-f4da3bb34e23 tableID=0xc0005c3320 seatIndex=0xc0005c6ed8
2025/11/08 14:46:50 INFO session removed token=138c6eb9-1634-4d8d-8452-f4da3bb34e23
2025/11/08 14:46:50 INFO session created token=1876f25d-d6a7-4258-a727-82eb0b0e175c name=User_90_8
2025/11/08 14:46:50 INFO session updated token=1876f25d-d6a7-4258-a727-82eb0b0e175c tableID=0xc0005c3380 seatIndex=0xc0005c6f38
2025/11/08 14:46:50 INFO session removed token=1876f25d-d6a7-4258-a727-82eb0b0e175c
2025/11/08 14:46:50 INFO session created token=bec4fa27-4799-470c-9d31-2a61431ddafe name=User_90_9
2025/11/08 14:46:50 INFO session updated token=bec4fa27-4799-470c-9d31-2a61431ddafe tableID=0xc0005c33d0 seatIndex=0xc0005c6f88
2025/11/08 14:46:50 INFO session removed token=bec4fa27-4799-470c-9d31-2a61431ddafe
2025/11/08 14:46:50 INFO session created token=068ad667-d339-4d6b-a200-3e0b0954e570 name=User_90_10
2025/11/08 14:46:50 INFO session updated token=068ad667-d339-4d6b-a200-3e0b0954e570 tableID=0xc0005c3420 seatIndex=0xc0005c6fd8
2025/11/08 14:46:50 INFO session removed token=068ad667-d339-4d6b-a200-3e0b0954e570
2025/11/08 14:46:50 INFO session created token=1693f083-1643-4374-aff6-706101110bba name=User_90_11
2025/11/08 14:46:50 INFO session updated token=1693f083-1643-4374-aff6-706101110bba tableID=0xc0005c3470 seatIndex=0xc0005c7028
2025/11/08 14:46:50 INFO session removed token=1693f083-1643-4374-aff6-706101110bba
2025/11/08 14:46:50 INFO session created token=cb7175f9-7d16-4472-9c71-488363b3cf93 name=User_90_12
2025/11/08 14:46:50 INFO session updated token=cb7175f9-7d16-4472-9c71-488363b3cf93 tableID=0xc0005c34c0 seatIndex=0xc0005c7078
2025/11/08 14:46:50 INFO session removed token=cb7175f9-7d16-4472-9c71-488363b3cf93
2025/11/08 14:46:50 INFO session created token=f493a025-c0b8-4a4e-9a54-80a49b28885b name=User_90_13
2025/11/08 14:46:50 INFO session removed token=f989726e-0027-4a9d-b62f-22907f8559e4
2025/11/08 14:46:50 INFO session created token=ec27e56c-b6ae-4e73-80bc-b8bcdf323703 name=User_6_8
2025/11/08 14:46:50 INFO session updated token=f493a025-c0b8-4a4e-9a54-80a49b28885b tableID=0xc000660730 seatIndex=0xc0006624f8
2025/11/08 14:46:50 INFO session removed token=f493a025-c0b8-4a4e-9a54-80a49b28885b
2025/11/08 14:46:50 INFO session removed token=61ecaa01-8bd6-485c-ac79-0fcad0e7047e
2025/11/08 14:46:50 INFO session updated token=27d4bcea-3134-4a70-b16d-6f6ecdbb3a95 tableID=0xc0003e4530 seatIndex=0xc0003e1a90
2025/11/08 14:46:50 INFO session created token=be2f1e87-c02e-4c49-9489-90ed38b5fff3 name=User_84_12
2025/11/08 14:46:50 INFO session updated token=7edf8063-6aa3-4625-9a3f-bdca54118aff tableID=0xc0004cf970 seatIndex=0xc0004d0da8
2025/11/08 14:46:50 INFO session removed token=97a781aa-71cf-4f6b-be89-da19eab5d0c4
2025/11/08 14:46:50 INFO session updated token=e3aecf6b-11e3-42ec-ad56-abeda5585d41 tableID=0xc0003e4580 seatIndex=0xc0003e1aa0
2025/11/08 14:46:50 INFO session updated token=f5d87718-0017-44a9-a955-e5f7fdb4400e tableID=0xc0004cf990 seatIndex=0xc0004d0db8
2025/11/08 14:46:50 INFO session removed token=a79fc00d-2904-447d-810b-328f1fda674d
2025/11/08 14:46:50 INFO session removed token=3c3d7588-7d8a-4e37-841f-109e0afd303e
2025/11/08 14:46:50 INFO session removed token=82fd382c-d58d-4bf8-80d7-2f0ae27259ae
2025/11/08 14:46:50 INFO session removed token=aac96b92-b947-4545-8589-2c0f34a1bfff
2025/11/08 14:46:50 INFO session removed token=7d224d3a-a39f-47a0-8317-6c6447f4ae0b
2025/11/08 14:46:50 INFO session updated token=8d672349-666c-407c-be61-883acdaa46cf tableID=0xc0003e45b0 seatIndex=0xc0003e1ac8
2025/11/08 14:46:50 INFO session updated token=b7109e07-0a12-4f0c-b894-54683a232f97 tableID=0xc00054d0b0 seatIndex=0xc00054ecf0
2025/11/08 14:46:50 INFO session removed token=7a84ba3a-8f3a-4261-a9fb-8401fcd8a44f
2025/11/08 14:46:50 INFO session created token=cccf6d6e-306a-4999-af26-3902b89352d8 name=User_49_17
2025/11/08 14:46:50 INFO session updated token=cccf6d6e-306a-4999-af26-3902b89352d8 tableID=0xc000660870 seatIndex=0xc000662618
2025/11/08 14:46:50 INFO session removed token=cccf6d6e-306a-4999-af26-3902b89352d8
2025/11/08 14:46:50 INFO session created token=5a322f5a-591e-440c-91a5-e9acd840177d name=User_49_18
2025/11/08 14:46:50 INFO session updated token=5a322f5a-591e-440c-91a5-e9acd840177d tableID=0xc0006608c0 seatIndex=0xc000662668
2025/11/08 14:46:50 INFO session removed token=5a322f5a-591e-440c-91a5-e9acd840177d
2025/11/08 14:46:50 INFO session created token=4d25072f-d99b-4eae-90a8-1cce83659438 name=User_96_7
2025/11/08 14:46:50 INFO session removed token=8d672349-666c-407c-be61-883acdaa46cf
2025/11/08 14:46:50 INFO session created token=690ccafa-3e5b-4137-af7b-07a3856abac3 name=User_2_71
2025/11/08 14:46:50 INFO session created token=9fca83ee-0d3f-4e52-b00d-95359d9395fe name=User_66_8
2025/11/08 14:46:50 INFO session created token=48028286-ebb3-482b-a927-90de5ea2fcdb name=User_9_6
2025/11/08 14:46:50 INFO session created token=cf8ec28b-40bb-4125-8f41-6d45d248413b name=User_34_8
2025/11/08 14:46:50 INFO session created token=02dfa747-7a0e-4fff-be1e-c62eec628d07 name=User_50_7
2025/11/08 14:46:50 INFO session updated token=48028286-ebb3-482b-a927-90de5ea2fcdb tableID=0xc000660910 seatIndex=0xc0006626b8
2025/11/08 14:46:50 INFO session removed token=48028286-ebb3-482b-a927-90de5ea2fcdb
2025/11/08 14:46:50 INFO session created token=3dd269c7-3240-499d-945b-a9051105d1d8 name=User_9_7
2025/11/08 14:46:50 INFO session updated token=3dd269c7-3240-499d-945b-a9051105d1d8 tableID=0xc0003e46c0 seatIndex=0xc0003e1ba8
2025/11/08 14:46:50 INFO session removed token=3dd269c7-3240-499d-945b-a9051105d1d8
2025/11/08 14:46:50 INFO session updated token=02dfa747-7a0e-4fff-be1e-c62eec628d07 tableID=0xc0003e4650 seatIndex=0xc0003e1b40
2025/11/08 14:46:50 INFO session removed token=02dfa747-7a0e-4fff-be1e-c62eec628d07
2025/11/08 14:46:50 INFO session created token=00e5ef99-5cf0-497e-b4e1-f85bdcd24cf6 name=User_50_8
2025/11/08 14:46:50 INFO session updated token=00e5ef99-5cf0-497e-b4e1-f85bdcd24cf6 tableID=0xc00054d2a0 seatIndex=0xc00054ee60
2025/11/08 14:46:50 INFO session removed token=00e5ef99-5cf0-497e-b4e1-f85bdcd24cf6
2025/11/08 14:46:50 INFO session created token=21c8cc12-74df-443b-9011-4aa78579bcb3 name=User_50_9
2025/11/08 14:46:50 INFO session updated token=21c8cc12-74df-443b-9011-4aa78579bcb3 tableID=0xc00054d2f0 seatIndex=0xc00054eeb0
2025/11/08 14:46:50 INFO session removed token=21c8cc12-74df-443b-9011-4aa78579bcb3
2025/11/08 14:46:50 INFO session created token=3a3bb439-59f0-4cd2-876b-1e1a544a6a80 name=User_11_7
2025/11/08 14:46:50 INFO session created token=906c694a-2f79-435b-a2c2-6b5a22905853 name=User_50_10
2025/11/08 14:46:50 INFO session updated token=3a3bb439-59f0-4cd2-876b-1e1a544a6a80 tableID=0xc0005c3580 seatIndex=0xc0005c7148
2025/11/08 14:46:50 INFO session removed token=3a3bb439-59f0-4cd2-876b-1e1a544a6a80
2025/11/08 14:46:50 INFO session created token=b47b7a4f-7c07-4c12-86b1-323d454c6b85 name=User_11_8
2025/11/08 14:46:50 INFO session updated token=b47b7a4f-7c07-4c12-86b1-323d454c6b85 tableID=0xc0005c35e0 seatIndex=0xc0005c71a8
2025/11/08 14:46:50 INFO session removed token=b47b7a4f-7c07-4c12-86b1-323d454c6b85
2025/11/08 14:46:50 INFO session created token=ddf27804-7503-43b2-b35b-03eff5d28150 name=User_11_9
2025/11/08 14:46:50 INFO session updated token=ddf27804-7503-43b2-b35b-03eff5d28150 tableID=0xc0005c3630 seatIndex=0xc0005c71f8
2025/11/08 14:46:50 INFO session removed token=ddf27804-7503-43b2-b35b-03eff5d28150
2025/11/08 14:46:50 INFO session created token=509b5726-7508-4c82-b52e-3cdd53ce552d name=User_11_10
2025/11/08 14:46:50 INFO session updated token=509b5726-7508-4c82-b52e-3cdd53ce552d tableID=0xc0005c3680 seatIndex=0xc0005c7248
2025/11/08 14:46:50 INFO session removed token=509b5726-7508-4c82-b52e-3cdd53ce552d
2025/11/08 14:46:50 INFO session created token=c1b0af36-0f7a-4fb0-bbd2-09b66b6ccafb name=User_11_11
2025/11/08 14:46:50 INFO session updated token=c1b0af36-0f7a-4fb0-bbd2-09b66b6ccafb tableID=0xc0005c36d0 seatIndex=0xc0005c7298
2025/11/08 14:46:50 INFO session removed token=c1b0af36-0f7a-4fb0-bbd2-09b66b6ccafb
2025/11/08 14:46:50 INFO session created token=f79dcb07-fb91-4a3e-bbec-5c54784d62bc name=User_11_12
2025/11/08 14:46:50 INFO session updated token=f79dcb07-fb91-4a3e-bbec-5c54784d62bc tableID=0xc0005c3720 seatIndex=0xc0005c72e8
2025/11/08 14:46:50 INFO session removed token=f79dcb07-fb91-4a3e-bbec-5c54784d62bc
2025/11/08 14:46:50 INFO session created token=e6aeb394-2e34-4b9c-8afc-c142a13e77ae name=User_11_13
2025/11/08 14:46:50 INFO session updated token=e6aeb394-2e34-4b9c-8afc-c142a13e77ae tableID=0xc0005c3770 seatIndex=0xc0005c7338
2025/11/08 14:46:50 INFO session removed token=e6aeb394-2e34-4b9c-8afc-c142a13e77ae
2025/11/08 14:46:50 INFO session created token=cd425629-aedd-4f5d-8006-c68aa971e260 name=User_11_14
2025/11/08 14:46:50 INFO session updated token=cd425629-aedd-4f5d-8006-c68aa971e260 tableID=0xc0005c37c0 seatIndex=0xc0005c7388
2025/11/08 14:46:50 INFO session removed token=cd425629-aedd-4f5d-8006-c68aa971e260
2025/11/08 14:46:50 INFO session created token=313fd74c-92fe-4082-8550-2cf6cd2a0e5d name=User_11_15
2025/11/08 14:46:50 INFO session updated token=313fd74c-92fe-4082-8550-2cf6cd2a0e5d tableID=0xc0005c3810 seatIndex=0xc0005c73d8
2025/11/08 14:46:50 INFO session removed token=313fd74c-92fe-4082-8550-2cf6cd2a0e5d
2025/11/08 14:46:50 INFO session created token=c85c4e9e-f9da-4b89-8c15-e626f756d36f name=User_11_16
2025/11/08 14:46:50 INFO session updated token=c85c4e9e-f9da-4b89-8c15-e626f756d36f tableID=0xc0005c3860 seatIndex=0xc0005c7428
2025/11/08 14:46:50 INFO session removed token=c85c4e9e-f9da-4b89-8c15-e626f756d36f
2025/11/08 14:46:50 INFO session created token=5c530109-e24e-4eb0-808c-7b12c282bd89 name=User_11_17
2025/11/08 14:46:50 INFO session updated token=5c530109-e24e-4eb0-808c-7b12c282bd89 tableID=0xc0005c38b0 seatIndex=0xc0005c7478
2025/11/08 14:46:50 INFO session removed token=5c530109-e24e-4eb0-808c-7b12c282bd89
2025/11/08 14:46:50 INFO session created token=c786fe64-a31f-41bd-874c-67798b8eef22 name=User_11_18
2025/11/08 14:46:50 INFO session updated token=c786fe64-a31f-41bd-874c-67798b8eef22 tableID=0xc0005c3900 seatIndex=0xc0005c74c8
2025/11/08 14:46:50 INFO session removed token=c786fe64-a31f-41bd-874c-67798b8eef22
2025/11/08 14:46:50 INFO session created token=55225d01-f329-4f50-a407-4ac836a101e9 name=User_11_19
2025/11/08 14:46:50 INFO session created token=33cce4b4-fb5f-4879-8505-3de30698f567 name=User_86_10
2025/11/08 14:46:50 INFO session updated token=55225d01-f329-4f50-a407-4ac836a101e9 tableID=0xc0005c3950 seatIndex=0xc0005c7518
2025/11/08 14:46:50 INFO session removed token=55225d01-f329-4f50-a407-4ac836a101e9
2025/11/08 14:46:50 INFO session created token=2d5867b6-6c57-4bd3-94dd-d1759c173652 name=User_11_20
2025/11/08 14:46:50 INFO session created token=1a3f2dd7-dfbb-4af4-a7e4-76618ebad22a name=User_44_7
2025/11/08 14:46:50 INFO session updated token=2d5867b6-6c57-4bd3-94dd-d1759c173652 tableID=0xc0005c39b0 seatIndex=0xc0005c7578
2025/11/08 14:46:50 INFO session removed token=2d5867b6-6c57-4bd3-94dd-d1759c173652
2025/11/08 14:46:50 INFO session removed token=fe1e5957-095f-49c4-a724-06bcc594aa4a
2025/11/08 14:46:50 INFO session created token=61bf3055-c771-4462-a76b-2a9b399c3326 name=User_11_21
2025/11/08 14:46:50 INFO session created token=e0351f27-0540-417d-ad4f-d8e3f8142293 name=User_79_8
2025/11/08 14:46:50 INFO session updated token=61bf3055-c771-4462-a76b-2a9b399c3326 tableID=0xc0005c3a10 seatIndex=0xc0005c75d8
2025/11/08 14:46:50 INFO session removed token=61bf3055-c771-4462-a76b-2a9b399c3326
2025/11/08 14:46:50 INFO session created token=5d6894d8-fc00-47a6-83a6-2e538f9398f4 name=User_11_22
2025/11/08 14:46:50 INFO session updated token=5d6894d8-fc00-47a6-83a6-2e538f9398f4 tableID=0xc0005c3a70 seatIndex=0xc0005c7638
2025/11/08 14:46:50 INFO session removed token=5d6894d8-fc00-47a6-83a6-2e538f9398f4
2025/11/08 14:46:50 INFO session created token=470759f4-47b3-4aca-8cba-55c7519341bc name=User_11_23
2025/11/08 14:46:50 INFO session updated token=470759f4-47b3-4aca-8cba-55c7519341bc tableID=0xc0005c3ac0 seatIndex=0xc0005c7688
2025/11/08 14:46:50 INFO session removed token=470759f4-47b3-4aca-8cba-55c7519341bc
2025/11/08 14:46:50 INFO session created token=f9a2db93-2dc9-426b-9b59-32844e9c175b name=User_11_24
2025/11/08 14:46:50 INFO session updated token=f9a2db93-2dc9-426b-9b59-32844e9c175b tableID=0xc0005c3b10 seatIndex=0xc0005c76d8
2025/11/08 14:46:50 INFO session removed token=f9a2db93-2dc9-426b-9b59-32844e9c175b
2025/11/08 14:46:50 INFO session created token=72e23150-793a-4d6a-8461-d17e04e2e790 name=User_11_25
2025/11/08 14:46:50 INFO session updated token=72e23150-793a-4d6a-8461-d17e04e2e790 tableID=0xc0005c3b60 seatIndex=0xc0005c7728
2025/11/08 14:46:50 INFO session removed token=72e23150-793a-4d6a-8461-d17e04e2e790
2025/11/08 14:46:50 INFO session created token=d0e2697f-f2b9-4e4b-a6c8-2626059b53eb name=User_11_26
2025/11/08 14:46:50 INFO session removed token=213a239b-8177-4abe-9659-08f7b661e1f8
2025/11/08 14:46:50 INFO session created token=c267c9f2-acd9-49c4-9fa5-b70bd0cb5312 name=User_28_8
2025/11/08 14:46:50 INFO session updated token=c267c9f2-acd9-49c4-9fa5-b70bd0cb5312 tableID=0xc0004cfd70 seatIndex=0xc0004d1258
2025/11/08 14:46:50 INFO session removed token=c267c9f2-acd9-49c4-9fa5-b70bd0cb5312
2025/11/08 14:46:50 INFO session created token=93896864-3f73-4bb9-8f42-bc5334a415ba name=User_28_9
2025/11/08 14:46:50 INFO session updated token=93896864-3f73-4bb9-8f42-bc5334a415ba tableID=0xc0004cfdc0 seatIndex=0xc0004d12a8
2025/11/08 14:46:50 INFO session removed token=93896864-3f73-4bb9-8f42-bc5334a415ba
2025/11/08 14:46:50 INFO session created token=21f04a8a-059b-4485-b5d0-cc2faf0b1d32 name=User_28_10
2025/11/08 14:46:50 INFO session updated token=21f04a8a-059b-4485-b5d0-cc2faf0b1d32 tableID=0xc0004cfe10 seatIndex=0xc0004d12f8
2025/11/08 14:46:50 INFO session removed token=21f04a8a-059b-4485-b5d0-cc2faf0b1d32
2025/11/08 14:46:50 INFO session created token=b231b34d-7dff-4edd-baa6-b9c66f84661d name=User_28_11
2025/11/08 14:46:50 INFO session updated token=b231b34d-7dff-4edd-baa6-b9c66f84661d tableID=0xc0004cfe60 seatIndex=0xc0004d1348
2025/11/08 14:46:50 INFO session removed token=b231b34d-7dff-4edd-baa6-b9c66f84661d
2025/11/08 14:46:50 INFO session created token=b551618b-5eac-4de5-9024-022b2773e48e name=User_28_12
2025/11/08 14:46:50 INFO session updated token=e0351f27-0540-417d-ad4f-d8e3f8142293 tableID=0xc0005c3a30 seatIndex=0xc0005c7608
2025/11/08 14:46:50 INFO session removed token=e0351f27-0540-417d-ad4f-d8e3f8142293
2025/11/08 14:46:50 INFO session removed token=7be885b3-6501-47f9-8b17-9b63f3d5069b
2025/11/08 14:46:50 INFO session updated token=e5451f49-3005-429b-8322-4b7e5760cf61 tableID=0xc0004cfa80 seatIndex=0xc0004d0f28
2025/11/08 14:46:50 INFO session removed token=0440aa12-2791-4766-b4bb-20d1e6f36493
2025/11/08 14:46:50 INFO session removed token=3af601f4-22a5-4fb7-99ab-9f720df051a3
2025/11/08 14:46:50 INFO session removed token=53d52b2e-68d6-4c7b-9016-29966e6d72ea
2025/11/08 14:46:50 INFO session removed token=3b644a32-0355-4771-a7e4-c70b2eed3d1e
2025/11/08 14:46:50 INFO session created token=8120675c-7bd1-49ca-9270-221e757a47ef name=User_57_7
2025/11/08 14:46:50 INFO session removed token=8be0673b-ac6d-4ce4-b71c-27d9f4ddfbe8
2025/11/08 14:46:50 INFO session updated token=475325ca-125c-4284-b342-a32c9ef23457 tableID=0xc0004cfae0 seatIndex=0xc0004d0fb8
2025/11/08 14:46:50 INFO session updated token=5938c614-5619-4318-851d-64fc532135ac tableID=0xc00054d0c0 seatIndex=0xc00054ed00
2025/11/08 14:46:50 INFO session removed token=a74730ec-9bec-4af3-89f8-988fc57852b9
2025/11/08 14:46:50 INFO session updated token=1e6d67a4-8eb2-4f50-866a-426d5822f567 tableID=0xc00054d100 seatIndex=0xc00054ed30
2025/11/08 14:46:50 INFO session updated token=94e6bf81-8699-43cb-95f6-b11e45c23c52 tableID=0xc0004cfb20 seatIndex=0xc0004d0fe8
2025/11/08 14:46:50 INFO session updated token=d9637d68-6cc6-40da-a925-ed398a34af76 tableID=0xc00054d180 seatIndex=0xc00054ed60
2025/11/08 14:46:50 INFO session updated token=3e993340-db7f-4f46-82ad-4cbc29094eef tableID=0xc0005c3090 seatIndex=0xc0005c6c48
2025/11/08 14:46:50 INFO session removed token=ee50fd2c-548a-466a-b883-75d933060568
2025/11/08 14:46:50 INFO session updated token=2743eb63-857c-458f-b1c6-4d105f62eab7 tableID=0xc00054d1b0 seatIndex=0xc00054ed70
2025/11/08 14:46:50 INFO session updated token=8273fe6e-e981-457e-9588-74c4b267480c tableID=0xc0005c30b0 seatIndex=0xc0005c6c58
2025/11/08 14:46:50 INFO session updated token=1612622c-618b-4eff-8907-54aa032b9e63 tableID=0xc00054d1e0 seatIndex=0xc00054edc0
2025/11/08 14:46:50 INFO session updated token=4122412f-9988-4c81-8f2e-69023fc5778d tableID=0xc0005c30f0 seatIndex=0xc0005c6c88
2025/11/08 14:46:50 INFO session created token=455ce64e-c73c-4d9c-ad2f-c6a4439f4291 name=User_4_7
2025/11/08 14:46:50 INFO session updated token=64a98667-4aec-4927-ab0a-d4536ce761ed tableID=0xc0005c3100 seatIndex=0xc0005c6c98
2025/11/08 14:46:50 INFO session created token=df8e7f31-1347-42bf-bb38-0fb05f55d2ab name=User_39_6
2025/11/08 14:46:50 INFO session created token=60a5febd-b99f-429b-b213-1c18596baf1a name=User_68_14
2025/11/08 14:46:50 INFO session removed token=fbbc2148-c34a-4618-9fe0-8845b6a86f5b
2025/11/08 14:46:50 INFO session created token=e281766e-ae60-4f3f-a12e-7dfd57fdd761 name=User_16_8
2025/11/08 14:46:50 INFO session created token=f7645fea-0433-435e-a40f-92c412126076 name=User_20_7
2025/11/08 14:46:50 INFO session created token=112ffe4f-35f8-4514-ae43-89ec11eddc60 name=User_32_12
2025/11/08 14:46:50 INFO session removed token=2743eb63-857c-458f-b1c6-4d105f62eab7
2025/11/08 14:46:50 INFO session created token=64e82f22-4196-4836-bc33-5e41ac06f9dd name=User_60_9
2025/11/08 14:46:50 INFO session created token=3ba17133-50e2-4647-9701-820088cd0adc name=User_62_7
2025/11/08 14:46:50 INFO session created token=4b256591-cfc9-4618-b874-e135cf348a08 name=User_46_7
2025/11/08 14:46:50 INFO session removed token=1612622c-618b-4eff-8907-54aa032b9e63
2025/11/08 14:46:50 INFO session created token=58d0fec8-ccda-4b7c-9548-c5cc74bebdaa name=User_45_7
2025/11/08 14:46:50 INFO session updated token=60a5febd-b99f-429b-b213-1c18596baf1a tableID=0xc0004cff70 seatIndex=0xc0004d1420
2025/11/08 14:46:50 INFO session removed token=60a5febd-b99f-429b-b213-1c18596baf1a
2025/11/08 14:46:50 INFO session created token=2c2cc973-f76d-4361-b841-9437b061ea21 name=User_68_15
2025/11/08 14:46:50 INFO session updated token=2c2cc973-f76d-4361-b841-9437b061ea21 tableID=0xc0005c3d70 seatIndex=0xc0005c7a28
2025/11/08 14:46:50 INFO session removed token=2c2cc973-f76d-4361-b841-9437b061ea21
2025/11/08 14:46:50 INFO session created token=452df1c8-e049-4e27-9619-178a24509d5f name=User_68_16
2025/11/08 14:46:50 INFO session updated token=452df1c8-e049-4e27-9619-178a24509d5f tableID=0xc0005c3dc0 seatIndex=0xc0005c7a78
2025/11/08 14:46:50 INFO session removed token=452df1c8-e049-4e27-9619-178a24509d5f
2025/11/08 14:46:50 INFO session created token=7ccfa28e-1dde-410c-a0df-bc7e9632c98d name=User_68_17
2025/11/08 14:46:50 INFO session updated token=7ccfa28e-1dde-410c-a0df-bc7e9632c98d tableID=0xc0005c3e10 seatIndex=0xc0005c7ac8
2025/11/08 14:46:50 INFO session removed token=7ccfa28e-1dde-410c-a0df-bc7e9632c98d
2025/11/08 14:46:50 INFO session created token=15775185-c959-4107-b0e8-f5b21e740223 name=User_68_18
2025/11/08 14:46:50 INFO session updated token=15775185-c959-4107-b0e8-f5b21e740223 tableID=0xc0005c3e60 seatIndex=0xc0005c7b18
2025/11/08 14:46:50 INFO session removed token=15775185-c959-4107-b0e8-f5b21e740223
2025/11/08 14:46:50 INFO session created token=a14ab933-883e-4de0-ad74-5852f320c608 name=User_68_19
2025/11/08 14:46:50 INFO session updated token=a14ab933-883e-4de0-ad74-5852f320c608 tableID=0xc0005c3eb0 seatIndex=0xc0005c7b68
2025/11/08 14:46:50 INFO session removed token=a14ab933-883e-4de0-ad74-5852f320c608
2025/11/08 14:46:50 INFO session created token=68742fe8-7ee5-4578-99e2-39904534dfd8 name=User_68_20
2025/11/08 14:46:50 INFO session updated token=68742fe8-7ee5-4578-99e2-39904534dfd8 tableID=0xc0005c3f00 seatIndex=0xc0005c7bb8
2025/11/08 14:46:50 INFO session removed token=68742fe8-7ee5-4578-99e2-39904534dfd8
2025/11/08 14:46:50 INFO session created token=bf4a2dd9-aee0-4f94-9092-5f6290665ddf name=User_68_21
2025/11/08 14:46:50 INFO session updated token=bf4a2dd9-aee0-4f94-9092-5f6290665ddf tableID=0xc0005c3f50 seatIndex=0xc0005c7c08
2025/11/08 14:46:50 INFO session removed token=bf4a2dd9-aee0-4f94-9092-5f6290665ddf
2025/11/08 14:46:50 INFO session created token=846ce578-9161-494b-900f-5b00aa674409 name=User_68_22
2025/11/08 14:46:50 INFO session removed token=8273fe6e-e981-457e-9588-74c4b267480c
2025/11/08 14:46:50 INFO session updated token=846ce578-9161-494b-900f-5b00aa674409 tableID=0xc00054d3c0 seatIndex=0xc00054ef50
2025/11/08 14:46:50 INFO session removed token=846ce578-9161-494b-900f-5b00aa674409
2025/11/08 14:46:50 INFO session created token=0963e495-7e31-4cbc-8686-33d75b118a76 name=User_68_23
2025/11/08 14:46:50 INFO session updated token=0963e495-7e31-4cbc-8686-33d75b118a76 tableID=0xc00054d410 seatIndex=0xc00054efa0
2025/11/08 14:46:50 INFO session removed token=0963e495-7e31-4cbc-8686-33d75b118a76
2025/11/08 14:46:50 INFO session created token=ea7b218b-9c2d-49ac-ba73-2bb5d3f41fe6 name=User_68_24
2025/11/08 14:46:50 INFO session updated token=ea7b218b-9c2d-49ac-ba73-2bb5d3f41fe6 tableID=0xc00054d460 seatIndex=0xc00054eff0
2025/11/08 14:46:50 INFO session removed token=ea7b218b-9c2d-49ac-ba73-2bb5d3f41fe6
2025/11/08 14:46:50 INFO session created token=393f38d9-cb7d-4b30-9708-2f4b09ebf135 name=User_68_25
2025/11/08 14:46:50 INFO session updated token=393f38d9-cb7d-4b30-9708-2f4b09ebf135 tableID=0xc00054d4b0 seatIndex=0xc00054f040
2025/11/08 14:46:50 INFO session removed token=393f38d9-cb7d-4b30-9708-2f4b09ebf135
2025/11/08 14:46:50 INFO session created token=39dece18-a9aa-4335-9386-e421512c7c15 name=User_68_26
2025/11/08 14:46:50 INFO session updated token=39dece18-a9aa-4335-9386-e421512c7c15 tableID=0xc00054d500 seatIndex=0xc00054f090
2025/11/08 14:46:50 INFO session removed token=39dece18-a9aa-4335-9386-e421512c7c15
2025/11/08 14:46:50 INFO session created token=d9889818-34f7-4dfe-8355-de0fa894dd6a name=User_68_27
2025/11/08 14:46:50 INFO session created token=43189ef2-edc2-438b-9801-8d3ad52231a2 name=User_27_7
2025/11/08 14:46:50 INFO session removed token=745a67f2-f2fe-434b-98a7-f53af2cf24dc
2025/11/08 14:46:50 INFO session removed token=2e7c7c7c-e690-4237-8ece-72c40483a8c8
2025/11/08 14:46:50 INFO session removed token=6820f8fd-061c-442f-8d1a-bd692f3d74d6
2025/11/08 14:46:50 INFO session removed token=c742c4e1-35ad-4859-b77b-931452feda20
2025/11/08 14:46:50 INFO session removed token=0f9c9c6a-36c7-4403-9209-09ac1875353e
2025/11/08 14:46:50 INFO session removed token=af864284-b9e3-4fcd-8478-87c69433348d
2025/11/08 14:46:50 INFO session updated token=b0965fd1-bc94-4f68-bf33-f41abb8dd041 tableID=0xc00054d230 seatIndex=0xc00054ee10
2025/11/08 14:46:50 INFO session updated token=277c4172-4925-462c-8617-2e31458156d9 tableID=0xc0004cfbb0 seatIndex=0xc0004d1058
2025/11/08 14:46:50 INFO session updated token=6634a825-0516-43a3-b150-6ea9dfdf5b2a tableID=0xc0005c32f0 seatIndex=0xc0005c6e88
2025/11/08 14:46:50 INFO session updated token=95ae0ad7-4980-484c-852c-350ecc93cb0d tableID=0xc0004cfbc0 seatIndex=0xc0004d1068
2025/11/08 14:46:50 INFO session removed token=576b4cb8-03dc-448c-98e6-877a014fe25a
2025/11/08 14:46:50 INFO session created token=7ea0a533-9667-49a2-8c1f-b023a7e464e9 name=User_13_7
2025/11/08 14:46:50 INFO session updated token=18bae989-371d-4128-af2a-e34d3a1fb517 tableID=0xc0004cfbe0 seatIndex=0xc0004d1098
2025/11/08 14:46:50 INFO session created token=7e346af9-0bed-4281-a675-bb064add190a name=User_56_12
2025/11/08 14:46:50 INFO session created token=d096142e-8a3b-4006-aba9-144c6b0ad315 name=User_88_11
2025/11/08 14:46:50 INFO session created token=59054182-0b41-46bd-b45f-9f8480aadcf9 name=User_95_6
2025/11/08 14:46:50 INFO session updated token=18c0b988-beee-4330-8c6a-b309d565bf20 tableID=0xc0004cfbf0 seatIndex=0xc0004d10a8
2025/11/08 14:46:50 INFO session created token=791afb79-a7c2-46c9-8cdd-335ea7901db6 name=User_98_7
2025/11/08 14:46:50 INFO session created token=231627ba-7b7b-47ac-80db-40a3e9f38582 name=User_21_11
2025/11/08 14:46:50 INFO session updated token=667aa2e3-26e5-4a43-94fa-68e51b1367e8 tableID=0xc0004cfc00 seatIndex=0xc0004d10b8
2025/11/08 14:46:50 INFO session updated token=5e7d468b-9464-4f70-8a79-afab38299d9e tableID=0xc0004cfc10 seatIndex=0xc0004d10c8
2025/11/08 14:46:50 INFO session updated token=ecb9838c-514e-443d-92a6-4669ccbcc8ca tableID=0xc000660600 seatIndex=0xc000662378
2025/11/08 14:46:50 INFO session updated token=5cc61e64-7326-4815-b4cd-20d52e9609ec tableID=0xc000660610 seatIndex=0xc000662388
2025/11/08 14:46:50 INFO session removed token=f08b7859-8a04-42f9-849b-c7bf0f9569c0
2025/11/08 14:46:50 INFO session removed token=ab1be6ba-a9a2-439d-801e-53c28b58b600
2025/11/08 14:46:50 INFO session removed token=4d8b9cb0-62fe-4039-a7e1-3f038b8188d3
2025/11/08 14:46:50 INFO session removed token=7e6d7f77-09ef-46aa-9ec3-a7ded55f0191
2025/11/08 14:46:50 INFO session removed token=5e7d468b-9464-4f70-8a79-afab38299d9e
2025/11/08 14:46:50 INFO session created token=397385f1-d078-4577-b2c0-5c92ea64be27 name=User_53_8
2025/11/08 14:46:50 INFO session created token=a91dfa91-c85c-4661-ac15-8f584a2d7168 name=User_65_7
2025/11/08 14:46:50 INFO session created token=6c3bb1d3-4c94-491a-9e18-47c110db12a7 name=User_69_9
2025/11/08 14:46:50 INFO session removed token=ecb9838c-514e-443d-92a6-4669ccbcc8ca
2025/11/08 14:46:50 INFO session created token=a4ebf34e-03b7-4703-8119-1486739e47ee name=User_80_7
2025/11/08 14:46:50 INFO session updated token=a91dfa91-c85c-4661-ac15-8f584a2d7168 tableID=0xc0004d4180 seatIndex=0xc0004d15b0
2025/11/08 14:46:50 INFO session removed token=a91dfa91-c85c-4661-ac15-8f584a2d7168
2025/11/08 14:46:50 INFO session created token=bb064551-3c30-42d6-a27a-8108f20093ad name=User_65_8
2025/11/08 14:46:50 INFO session updated token=bb064551-3c30-42d6-a27a-8108f20093ad tableID=0xc0004d41e0 seatIndex=0xc0004d1610
2025/11/08 14:46:50 INFO session removed token=bb064551-3c30-42d6-a27a-8108f20093ad
2025/11/08 14:46:50 INFO session created token=9aac2213-3cf3-46a4-9beb-0e3de630d957 name=User_65_9
2025/11/08 14:46:50 INFO session updated token=9aac2213-3cf3-46a4-9beb-0e3de630d957 tableID=0xc0004d4230 seatIndex=0xc0004d1660
2025/11/08 14:46:50 INFO session removed token=9aac2213-3cf3-46a4-9beb-0e3de630d957
2025/11/08 14:46:50 INFO session created token=a64ec010-99db-4645-966b-5800ecb7b03a name=User_65_10
2025/11/08 14:46:50 INFO session updated token=a64ec010-99db-4645-966b-5800ecb7b03a tableID=0xc0004d4280 seatIndex=0xc0004d16b0
2025/11/08 14:46:50 INFO session removed token=a64ec010-99db-4645-966b-5800ecb7b03a
2025/11/08 14:46:50 INFO session created token=ad22f26d-f594-4a76-8f13-7570e1a50b10 name=User_65_11
2025/11/08 14:46:50 INFO session updated token=ad22f26d-f594-4a76-8f13-7570e1a50b10 tableID=0xc0004d42d0 seatIndex=0xc0004d1700
2025/11/08 14:46:50 INFO session removed token=ad22f26d-f594-4a76-8f13-7570e1a50b10
2025/11/08 14:46:50 INFO session created token=35da680a-f59a-4188-bd56-6ecf179bf745 name=User_65_12
2025/11/08 14:46:50 INFO session updated token=35da680a-f59a-4188-bd56-6ecf179bf745 tableID=0xc0004d4320 seatIndex=0xc0004d1750
2025/11/08 14:46:50 INFO session removed token=35da680a-f59a-4188-bd56-6ecf179bf745
2025/11/08 14:46:50 INFO session created token=5295d6c8-d22c-4773-aaed-db66f4959d3b name=User_65_13
2025/11/08 14:46:50 INFO session updated token=5295d6c8-d22c-4773-aaed-db66f4959d3b tableID=0xc0004d4370 seatIndex=0xc0004d17a0
2025/11/08 14:46:50 INFO session removed token=5295d6c8-d22c-4773-aaed-db66f4959d3b
2025/11/08 14:46:50 INFO session created token=cbb94be7-694b-4717-a31b-0454e87a2808 name=User_65_14
2025/11/08 14:46:50 INFO session updated token=cbb94be7-694b-4717-a31b-0454e87a2808 tableID=0xc0004d43c0 seatIndex=0xc0004d17f0
2025/11/08 14:46:50 INFO session removed token=cbb94be7-694b-4717-a31b-0454e87a2808
2025/11/08 14:46:50 INFO session created token=97d1d3b5-36c1-42d6-8289-a407282e83d9 name=User_65_15
2025/11/08 14:46:50 INFO session updated token=97d1d3b5-36c1-42d6-8289-a407282e83d9 tableID=0xc0004d4410 seatIndex=0xc0004d1840
2025/11/08 14:46:50 INFO session removed token=97d1d3b5-36c1-42d6-8289-a407282e83d9
2025/11/08 14:46:50 INFO session created token=f76901b1-c495-477b-8750-5eb0b3a4fe07 name=User_65_16
2025/11/08 14:46:50 INFO session updated token=f76901b1-c495-477b-8750-5eb0b3a4fe07 tableID=0xc0004d4460 seatIndex=0xc0004d1890
2025/11/08 14:46:50 INFO session removed token=f76901b1-c495-477b-8750-5eb0b3a4fe07
2025/11/08 14:46:50 INFO session created token=5ce831f2-19ff-4d8d-84f0-31d3edae41b2 name=User_65_17
2025/11/08 14:46:50 INFO session updated token=397385f1-d078-4577-b2c0-5c92ea64be27 tableID=0xc0005cc150 seatIndex=0xc0005c7dc0
2025/11/08 14:46:50 INFO session removed token=397385f1-d078-4577-b2c0-5c92ea64be27
2025/11/08 14:46:50 INFO session updated token=d3a18dc9-baab-4263-8acd-ed38f60a8e77 tableID=0xc000660710 seatIndex=0xc0006624e8
2025/11/08 14:46:50 INFO session updated token=7e1583bb-d343-4685-8f28-c5f415e8f5dd tableID=0xc0002db6d0 seatIndex=0xc0002d9710
2025/11/08 14:46:50 INFO session created token=154c32b8-7184-4a8c-a467-bc535a282fc2 name=User_82_31
2025/11/08 14:46:50 INFO session updated token=d04e7f96-005e-4ba1-9784-fc57b8748243 tableID=0xc0002db6e0 seatIndex=0xc0002d9720
2025/11/08 14:46:50 INFO session updated token=a84d4b96-53de-4ad1-a7d2-c2aa959ff34e tableID=0xc0005c3340 seatIndex=0xc0005c6f08
2025/11/08 14:46:50 INFO session updated token=ec27e56c-b6ae-4e73-80bc-b8bcdf323703 tableID=0xc000660750 seatIndex=0xc000662528
2025/11/08 14:46:50 INFO session removed token=27d4bcea-3134-4a70-b16d-6f6ecdbb3a95
2025/11/08 14:46:50 INFO session created token=42c33894-6e8b-4d85-bd05-ec841cd47be7 name=User_90_14
2025/11/08 14:46:50 INFO session updated token=be2f1e87-c02e-4c49-9489-90ed38b5fff3 tableID=0xc0004cfce0 seatIndex=0xc0004d1198
2025/11/08 14:46:50 INFO session created token=5e74ed7b-1d16-4082-9eb7-b9ba97ef119c name=User_81_93
2025/11/08 14:46:50 INFO session removed token=7edf8063-6aa3-4625-9a3f-bdca54118aff
2025/11/08 14:46:50 INFO session removed token=b7109e07-0a12-4f0c-b894-54683a232f97
2025/11/08 14:46:50 INFO session removed token=e3aecf6b-11e3-42ec-ad56-abeda5585d41
2025/11/08 14:46:50 INFO session removed token=f5d87718-0017-44a9-a955-e5f7fdb4400e
2025/11/08 14:46:50 INFO session created token=0e0372e9-202c-4209-bff2-7a0dd45d22e2 name=User_51_7
2025/11/08 14:46:50 INFO session removed token=2e2de48b-60e2-4455-a362-5cf786ba01ab
2025/11/08 14:46:50 INFO session created token=5feb2c6d-bdfd-4748-86f0-aac8c14408ae name=User_49_19
2025/11/08 14:46:50 INFO session created token=f5075cab-508d-4a3b-8cce-18e55ddb0e3d name=User_64_7
2025/11/08 14:46:50 INFO session updated token=690ccafa-3e5b-4137-af7b-07a3856abac3 tableID=0xc0003e4620 seatIndex=0xc0003e1b30
2025/11/08 14:46:50 INFO session updated token=cf8ec28b-40bb-4125-8f41-6d45d248413b tableID=0xc000660920 seatIndex=0xc0006626c8
2025/11/08 14:46:50 INFO session updated token=4d25072f-d99b-4eae-90a8-1cce83659438 tableID=0xc0003e4670 seatIndex=0xc0003e1b70
2025/11/08 14:46:50 INFO session updated token=9fca83ee-0d3f-4e52-b00d-95359d9395fe tableID=0xc0003e4680 seatIndex=0xc0003e1b80
2025/11/08 14:46:50 INFO session updated token=906c694a-2f79-435b-a2c2-6b5a22905853 tableID=0xc0005c35a0 seatIndex=0xc0005c7178
2025/11/08 14:46:50 INFO session updated token=33cce4b4-fb5f-4879-8505-3de30698f567 tableID=0xc0005c3970 seatIndex=0xc0005c7548
2025/11/08 14:46:50 INFO session updated token=1a3f2dd7-dfbb-4af4-a7e4-76618ebad22a tableID=0xc0005c39d0 seatIndex=0xc0005c75a8
2025/11/08 14:46:50 INFO session updated token=d0e2697f-f2b9-4e4b-a6c8-2626059b53eb tableID=0xc0004cfd40 seatIndex=0xc0004d1248
2025/11/08 14:46:50 INFO session updated token=b551618b-5eac-4de5-9024-022b2773e48e tableID=0xc0003e4730 seatIndex=0xc0003e1c30
2025/11/08 14:46:50 INFO session created token=e81e9da9-f020-4c08-9366-bf7164c5aff2 name=User_9_8
2025/11/08 14:46:50 INFO session created token=b7c6ba57-b617-4697-a771-5ba70f835278 name=User_79_9
2025/11/08 14:46:50 INFO session removed token=e5451f49-3005-429b-8322-4b7e5760cf61
2025/11/08 14:46:50 INFO session created token=2cd13366-69b3-4e02-b32e-92938c9ca68e name=User_48_7
2025/11/08 14:46:50 INFO session created token=48a87e35-c270-4736-98aa-3d7fdf7846eb name=User_40_11
2025/11/08 14:46:50 INFO session updated token=8120675c-7bd1-49ca-9270-221e757a47ef tableID=0xc0004cfeb0 seatIndex=0xc0004d13d8
2025/11/08 14:46:50 INFO session created token=33e2d365-74d0-4a01-abeb-891bce523600 name=User_75_7
2025/11/08 14:46:50 INFO session created token=cd5a1553-1813-4d54-b781-0f54369aaa44 name=User_93_11
2025/11/08 14:46:50 INFO session removed token=475325ca-125c-4284-b342-a32c9ef23457
2025/11/08 14:46:50 INFO session created token=f962ad29-2edf-4635-843f-5ad83b0a6aa9 name=User_70_25
2025/11/08 14:46:50 INFO session removed token=d9637d68-6cc6-40da-a925-ed398a34af76
2025/11/08 14:46:50 INFO session created token=3711da8b-b462-4b3b-a481-5923aca1932a name=User_99_17
2025/11/08 14:46:50 INFO session removed token=3e993340-db7f-4f46-82ad-4cbc29094eef
2025/11/08 14:46:50 INFO session removed token=1e6d67a4-8eb2-4f50-866a-426d5822f567
2025/11/08 14:46:50 INFO session removed token=5938c614-5619-4318-851d-64fc532135ac
2025/11/08 14:46:50 INFO session updated token=df8e7f31-1347-42bf-bb38-0fb05f55d2ab tableID=0xc0004cff00 seatIndex=0xc0004d13e8
2025/11/08 14:46:50 INFO session updated token=e281766e-ae60-4f3f-a12e-7dfd57fdd761 tableID=0xc0005c3cc0 seatIndex=0xc0005c7958
2025/11/08 14:46:50 INFO session removed token=482d26a6-ae7e-4129-8e43-9a3bfd35d795
2025/11/08 14:46:50 INFO session updated token=f7645fea-0433-435e-a40f-92c412126076 tableID=0xc0005c3cd0 seatIndex=0xc0005c7968
2025/11/08 14:46:50 INFO session removed token=64a98667-4aec-4927-ab0a-d4536ce761ed
2025/11/08 14:46:50 INFO session removed token=94e6bf81-8699-43cb-95f6-b11e45c23c52
2025/11/08 14:46:50 INFO session updated token=64e82f22-4196-4836-bc33-5e41ac06f9dd tableID=0xc0004cff60 seatIndex=0xc0004d1410
2025/11/08 14:46:50 INFO session updated token=112ffe4f-35f8-4514-ae43-89ec11eddc60 tableID=0xc0005c3cf0 seatIndex=0xc0005c7998
2025/11/08 14:46:50 INFO session updated token=455ce64e-c73c-4d9c-ad2f-c6a4439f4291 tableID=0xc00054d3a0 seatIndex=0xc00054ef40
2025/11/08 14:46:50 INFO session removed token=4122412f-9988-4c81-8f2e-69023fc5778d
2025/11/08 14:46:50 INFO session created token=fea6e727-c0e5-4122-a4ce-3fc46245a373 name=User_67_11
2025/11/08 14:46:50 INFO session created token=416666cb-116f-4b52-98a1-7f49b9dd78f6 name=User_35_9
2025/11/08 14:46:50 INFO session created token=3ac9fe08-cbc0-4baf-9baf-d000fb7b9e06 name=User_52_8
2025/11/08 14:46:50 INFO session created token=a387f5e9-d07a-40e8-88bf-70eaa0b2faab name=User_1_7
2025/11/08 14:46:50 INFO session created token=99cb6698-1246-4ff6-b8a5-f73f5396fb74 name=User_15_8
2025/11/08 14:46:50 INFO session created token=3bee0a15-4a4e-432e-bf8a-7cc3b2a743c9 name=User_89_11
2025/11/08 14:46:50 INFO session updated token=4b256591-cfc9-4618-b874-e135cf348a08 tableID=0xc0005c3d10 seatIndex=0xc0005c79c8
2025/11/08 14:46:50 INFO session created token=5a036991-fd7e-4d59-abdb-74e2312fd69e name=User_38_7
2025/11/08 14:46:50 INFO session updated token=58d0fec8-ccda-4b7c-9548-c5cc74bebdaa tableID=0xc0005c3d30 seatIndex=0xc0005c79f8
2025/11/08 14:46:50 INFO session updated token=d9889818-34f7-4dfe-8355-de0fa894dd6a tableID=0xc0004d4030 seatIndex=0xc0004d1450
2025/11/08 14:46:50 INFO session removed token=d9889818-34f7-4dfe-8355-de0fa894dd6a
2025/11/08 14:46:50 INFO session created token=1e96d684-5859-4d91-95df-995bd7c6df65 name=User_68_28
2025/11/08 14:46:50 INFO session updated token=1e96d684-5859-4d91-95df-995bd7c6df65 tableID=0xc0004d4600 seatIndex=0xc0004d1a60
2025/11/08 14:46:50 INFO session removed token=1e96d684-5859-4d91-95df-995bd7c6df65
2025/11/08 14:46:50 INFO session created token=4c2cd8cf-0aac-47dc-b9f4-d7f533d99072 name=User_68_29
2025/11/08 14:46:50 INFO session updated token=4c2cd8cf-0aac-47dc-b9f4-d7f533d99072 tableID=0xc0004d4650 seatIndex=0xc0004d1ab0
2025/11/08 14:46:50 INFO session removed token=4c2cd8cf-0aac-47dc-b9f4-d7f533d99072
2025/11/08 14:46:50 INFO session created token=dc1c5d20-15c3-45a4-9ce4-3ab3960521ee name=User_68_30
2025/11/08 14:46:50 INFO session updated token=dc1c5d20-15c3-45a4-9ce4-3ab3960521ee tableID=0xc0004d46a0 seatIndex=0xc0004d1b00
2025/11/08 14:46:50 INFO session removed token=dc1c5d20-15c3-45a4-9ce4-3ab3960521ee
2025/11/08 14:46:50 INFO session created token=4551bd8d-6649-459c-93ff-639bf2dd2f77 name=User_68_31
2025/11/08 14:46:50 INFO session updated token=4551bd8d-6649-459c-93ff-639bf2dd2f77 tableID=0xc0004d46f0 seatIndex=0xc0004d1b50
2025/11/08 14:46:50 INFO session removed token=4551bd8d-6649-459c-93ff-639bf2dd2f77
2025/11/08 14:46:50 INFO session created token=bfe1b2df-8499-41ee-85c1-71809bce59f3 name=User_68_32
2025/11/08 14:46:50 INFO session updated token=bfe1b2df-8499-41ee-85c1-71809bce59f3 tableID=0xc0004d4740 seatIndex=0xc0004d1ba0
2025/11/08 14:46:50 INFO session removed token=bfe1b2df-8499-41ee-85c1-71809bce59f3
2025/11/08 14:46:50 INFO session created token=d2b22588-5391-4328-8ad0-3b216daf27db name=User_68_33
2025/11/08 14:46:50 INFO session updated token=d2b22588-5391-4328-8ad0-3b216daf27db tableID=0xc0004d4790 seatIndex=0xc0004d1bf0
2025/11/08 14:46:50 INFO session removed token=d2b22588-5391-4328-8ad0-3b216daf27db
2025/11/08 14:46:50 INFO session created token=0a4bca1a-865f-4c9d-a15e-cec3519f2be6 name=User_68_34
2025/11/08 14:46:50 INFO session updated token=0a4bca1a-865f-4c9d-a15e-cec3519f2be6 tableID=0xc0004d47e0 seatIndex=0xc0004d1c40
2025/11/08 14:46:50 INFO session removed token=0a4bca1a-865f-4c9d-a15e-cec3519f2be6
2025/11/08 14:46:50 INFO session created token=3bcdff19-dfbf-46ed-9678-74345816e7de name=User_68_35
2025/11/08 14:46:50 INFO session updated token=3bcdff19-dfbf-46ed-9678-74345816e7de tableID=0xc0004d4830 seatIndex=0xc0004d1c90
2025/11/08 14:46:50 INFO session removed token=3bcdff19-dfbf-46ed-9678-74345816e7de
2025/11/08 14:46:50 INFO session created token=6d4ef06c-e42c-4aa7-84e5-d840bc0dbb75 name=User_68_36
2025/11/08 14:46:50 INFO session updated token=6d4ef06c-e42c-4aa7-84e5-d840bc0dbb75 tableID=0xc0004d4880 seatIndex=0xc0004d1ce0
2025/11/08 14:46:50 INFO session removed token=6d4ef06c-e42c-4aa7-84e5-d840bc0dbb75
2025/11/08 14:46:50 INFO session created token=a07edb2e-9a99-4366-ae1e-3e1c5d361ff0 name=User_68_37
2025/11/08 14:46:50 INFO session updated token=a07edb2e-9a99-4366-ae1e-3e1c5d361ff0 tableID=0xc0004d48d0 seatIndex=0xc0004d1d30
2025/11/08 14:46:50 INFO session removed token=a07edb2e-9a99-4366-ae1e-3e1c5d361ff0
2025/11/08 14:46:50 INFO session created token=0b26ba41-0b07-480d-b765-ff4617bfb32c name=User_68_38
2025/11/08 14:46:50 INFO session updated token=0b26ba41-0b07-480d-b765-ff4617bfb32c tableID=0xc0004d4920 seatIndex=0xc0004d1d80
2025/11/08 14:46:50 INFO session removed token=0b26ba41-0b07-480d-b765-ff4617bfb32c
2025/11/08 14:46:50 INFO session created token=fa4f5010-ea2c-45d0-9fe8-fa6972600767 name=User_68_39
2025/11/08 14:46:50 INFO session updated token=fa4f5010-ea2c-45d0-9fe8-fa6972600767 tableID=0xc0004d4970 seatIndex=0xc0004d1dd0
2025/11/08 14:46:50 INFO session removed token=fa4f5010-ea2c-45d0-9fe8-fa6972600767
2025/11/08 14:46:50 INFO session created token=59138b30-b21f-416d-85cb-27387138007c name=User_68_40
2025/11/08 14:46:50 INFO session updated token=59138b30-b21f-416d-85cb-27387138007c tableID=0xc0004d49c0 seatIndex=0xc0004d1e20
2025/11/08 14:46:50 INFO session removed token=59138b30-b21f-416d-85cb-27387138007c
2025/11/08 14:46:50 INFO session created token=56c8c005-1cef-41cc-96f3-905f527f315e name=User_68_41
2025/11/08 14:46:50 INFO session updated token=56c8c005-1cef-41cc-96f3-905f527f315e tableID=0xc0004d4a10 seatIndex=0xc0004d1e70
2025/11/08 14:46:50 INFO session removed token=56c8c005-1cef-41cc-96f3-905f527f315e
2025/11/08 14:46:50 INFO session created token=9fbd2a8a-ee5c-44ed-96e9-71fba43d5b12 name=User_68_42
2025/11/08 14:46:50 INFO session updated token=9fbd2a8a-ee5c-44ed-96e9-71fba43d5b12 tableID=0xc0004d4a60 seatIndex=0xc0004d1ec0
2025/11/08 14:46:50 INFO session removed token=9fbd2a8a-ee5c-44ed-96e9-71fba43d5b12
2025/11/08 14:46:50 INFO session created token=a200a186-158c-4039-a575-913cd7b168f7 name=User_68_43
2025/11/08 14:46:50 INFO session updated token=a200a186-158c-4039-a575-913cd7b168f7 tableID=0xc0004d4ab0 seatIndex=0xc0004d1f10
2025/11/08 14:46:50 INFO session removed token=a200a186-158c-4039-a575-913cd7b168f7
2025/11/08 14:46:50 INFO session created token=2da496d5-faa7-400a-8e41-fbd1427c7c03 name=User_68_44
2025/11/08 14:46:50 INFO session updated token=2da496d5-faa7-400a-8e41-fbd1427c7c03 tableID=0xc0004d4b00 seatIndex=0xc0004d1f60
2025/11/08 14:46:50 INFO session removed token=2da496d5-faa7-400a-8e41-fbd1427c7c03
2025/11/08 14:46:50 INFO session created token=3ccf9b88-c527-47e8-8890-727aeec40605 name=User_68_45
2025/11/08 14:46:50 INFO session updated token=3ccf9b88-c527-47e8-8890-727aeec40605 tableID=0xc0004d4b50 seatIndex=0xc0004d1fb0
2025/11/08 14:46:50 INFO session removed token=3ccf9b88-c527-47e8-8890-727aeec40605
2025/11/08 14:46:50 INFO session created token=12955453-f78b-457b-9ddb-3d4673306878 name=User_68_46
2025/11/08 14:46:50 INFO session updated token=12955453-f78b-457b-9ddb-3d4673306878 tableID=0xc0004d4ba0 seatIndex=0xc0004d8000
2025/11/08 14:46:50 INFO session removed token=12955453-f78b-457b-9ddb-3d4673306878
2025/11/08 14:46:50 INFO session created token=b4c4ce62-61cb-4296-a2be-d2543d657618 name=User_68_47
2025/11/08 14:46:50 INFO session updated token=b4c4ce62-61cb-4296-a2be-d2543d657618 tableID=0xc0004d4bf0 seatIndex=0xc0004d8050
2025/11/08 14:46:50 INFO session removed token=b4c4ce62-61cb-4296-a2be-d2543d657618
2025/11/08 14:46:50 INFO session created token=147146d3-5f80-4c89-9f95-305b8efa530c name=User_68_48
2025/11/08 14:46:50 INFO session updated token=147146d3-5f80-4c89-9f95-305b8efa530c tableID=0xc0004d4c40 seatIndex=0xc0004d80a0
2025/11/08 14:46:50 INFO session removed token=147146d3-5f80-4c89-9f95-305b8efa530c
2025/11/08 14:46:50 INFO session created token=daf4ed34-347b-48b7-ade0-1b81234a64fe name=User_68_49
2025/11/08 14:46:50 INFO session updated token=daf4ed34-347b-48b7-ade0-1b81234a64fe tableID=0xc0004d4c90 seatIndex=0xc0004d80f0
2025/11/08 14:46:50 INFO session removed token=daf4ed34-347b-48b7-ade0-1b81234a64fe
2025/11/08 14:46:50 INFO session created token=966e4a99-c51d-4848-904e-faf11f418642 name=User_68_50
2025/11/08 14:46:50 INFO session updated token=966e4a99-c51d-4848-904e-faf11f418642 tableID=0xc0004d4ce0 seatIndex=0xc0004d8140
2025/11/08 14:46:50 INFO session removed token=966e4a99-c51d-4848-904e-faf11f418642
2025/11/08 14:46:50 INFO session created token=d3782ef6-afea-49de-b846-dcdba90487de name=User_68_51
2025/11/08 14:46:50 INFO session updated token=d3782ef6-afea-49de-b846-dcdba90487de tableID=0xc0004d4d30 seatIndex=0xc0004d8190
2025/11/08 14:46:50 INFO session removed token=d3782ef6-afea-49de-b846-dcdba90487de
2025/11/08 14:46:50 INFO session created token=868bd076-ceb4-4c9c-b642-5ef10d4c639f name=User_68_52
2025/11/08 14:46:50 INFO session updated token=868bd076-ceb4-4c9c-b642-5ef10d4c639f tableID=0xc0004d4d80 seatIndex=0xc0004d81e0
2025/11/08 14:46:50 INFO session removed token=868bd076-ceb4-4c9c-b642-5ef10d4c639f
2025/11/08 14:46:50 INFO session created token=c86fbfb6-fcb3-4395-8b02-7c10dd8fb053 name=User_68_53
2025/11/08 14:46:50 INFO session updated token=c86fbfb6-fcb3-4395-8b02-7c10dd8fb053 tableID=0xc0004d4dd0 seatIndex=0xc0004d8230
2025/11/08 14:46:50 INFO session removed token=c86fbfb6-fcb3-4395-8b02-7c10dd8fb053
2025/11/08 14:46:50 INFO session created token=7b1a47a0-0977-4a95-9c51-36dc757dfb7a name=User_68_54
2025/11/08 14:46:50 INFO session updated token=7b1a47a0-0977-4a95-9c51-36dc757dfb7a tableID=0xc0004d4e20 seatIndex=0xc0004d8280
2025/11/08 14:46:50 INFO session removed token=7b1a47a0-0977-4a95-9c51-36dc757dfb7a
2025/11/08 14:46:50 INFO session created token=96304364-d25f-44e0-b71a-304ab5eb9787 name=User_68_55
2025/11/08 14:46:50 INFO session updated token=96304364-d25f-44e0-b71a-304ab5eb9787 tableID=0xc0004d4e70 seatIndex=0xc0004d82d0
2025/11/08 14:46:50 INFO session removed token=96304364-d25f-44e0-b71a-304ab5eb9787
2025/11/08 14:46:50 INFO session created token=2c6d70a5-0080-4355-bc0e-3a4478fd9dc8 name=User_68_56
2025/11/08 14:46:50 INFO session updated token=2c6d70a5-0080-4355-bc0e-3a4478fd9dc8 tableID=0xc0004d4ec0 seatIndex=0xc0004d8320
2025/11/08 14:46:50 INFO session removed token=2c6d70a5-0080-4355-bc0e-3a4478fd9dc8
2025/11/08 14:46:50 INFO session created token=445db36e-7671-47ce-ac04-0552ac3b7437 name=User_68_57
2025/11/08 14:46:50 INFO session updated token=445db36e-7671-47ce-ac04-0552ac3b7437 tableID=0xc0004d4f10 seatIndex=0xc0004d8370
2025/11/08 14:46:50 INFO session removed token=445db36e-7671-47ce-ac04-0552ac3b7437
2025/11/08 14:46:50 INFO session created token=4224977f-2f75-422f-ac30-acd1556936d3 name=User_68_58
2025/11/08 14:46:50 INFO session updated token=4224977f-2f75-422f-ac30-acd1556936d3 tableID=0xc0004d4f60 seatIndex=0xc0004d83c0
2025/11/08 14:46:50 INFO session removed token=4224977f-2f75-422f-ac30-acd1556936d3
2025/11/08 14:46:50 INFO session created token=63dd1b4b-a15f-40dd-bb99-b8d493ff73b5 name=User_68_59
2025/11/08 14:46:50 INFO session updated token=63dd1b4b-a15f-40dd-bb99-b8d493ff73b5 tableID=0xc0004d4fb0 seatIndex=0xc0004d8410
2025/11/08 14:46:50 INFO session removed token=63dd1b4b-a15f-40dd-bb99-b8d493ff73b5
2025/11/08 14:46:50 INFO session created token=d2b98d5f-865f-41f2-98b0-feee77de8353 name=User_68_60
2025/11/08 14:46:50 INFO session updated token=d2b98d5f-865f-41f2-98b0-feee77de8353 tableID=0xc0004d5000 seatIndex=0xc0004d8460
2025/11/08 14:46:50 INFO session removed token=d2b98d5f-865f-41f2-98b0-feee77de8353
2025/11/08 14:46:50 INFO session created token=856ffb08-6247-4ff5-b9aa-ff3aafb0944e name=User_68_61
2025/11/08 14:46:50 INFO session updated token=856ffb08-6247-4ff5-b9aa-ff3aafb0944e tableID=0xc0004d5050 seatIndex=0xc0004d84b0
2025/11/08 14:46:50 INFO session removed token=856ffb08-6247-4ff5-b9aa-ff3aafb0944e
2025/11/08 14:46:50 INFO session created token=12a73a3e-3cfd-4982-b034-687d4462217d name=User_68_62
2025/11/08 14:46:50 INFO session updated token=12a73a3e-3cfd-4982-b034-687d4462217d tableID=0xc0004d50a0 seatIndex=0xc0004d8500
2025/11/08 14:46:50 INFO session removed token=12a73a3e-3cfd-4982-b034-687d4462217d
2025/11/08 14:46:50 INFO session created token=4576fd7a-cf22-4beb-8cbd-79a0bbe572c8 name=User_68_63
2025/11/08 14:46:50 INFO session updated token=4576fd7a-cf22-4beb-8cbd-79a0bbe572c8 tableID=0xc0004d50f0 seatIndex=0xc0004d8550
2025/11/08 14:46:50 INFO session removed token=4576fd7a-cf22-4beb-8cbd-79a0bbe572c8
2025/11/08 14:46:50 INFO session created token=023fee83-3beb-40f1-b07d-ef9accb57621 name=User_68_64
2025/11/08 14:46:50 INFO session updated token=023fee83-3beb-40f1-b07d-ef9accb57621 tableID=0xc0004d5140 seatIndex=0xc0004d85a0
2025/11/08 14:46:50 INFO session removed token=023fee83-3beb-40f1-b07d-ef9accb57621
2025/11/08 14:46:50 INFO session created token=05fe3f4b-633f-4629-90fd-7e82f9223f69 name=User_68_65
2025/11/08 14:46:50 INFO session updated token=05fe3f4b-633f-4629-90fd-7e82f9223f69 tableID=0xc0004d5190 seatIndex=0xc0004d85f0
2025/11/08 14:46:50 INFO session removed token=05fe3f4b-633f-4629-90fd-7e82f9223f69
2025/11/08 14:46:50 INFO session created token=2cedd923-9821-49b9-b815-18dc92e347cb name=User_68_66
2025/11/08 14:46:50 INFO session updated token=2cedd923-9821-49b9-b815-18dc92e347cb tableID=0xc0004d51e0 seatIndex=0xc0004d8640
2025/11/08 14:46:50 INFO session removed token=2cedd923-9821-49b9-b815-18dc92e347cb
2025/11/08 14:46:50 INFO session created token=24690506-88d9-458d-9587-e835658f652f name=User_68_67
2025/11/08 14:46:50 INFO session updated token=24690506-88d9-458d-9587-e835658f652f tableID=0xc0004d5230 seatIndex=0xc0004d8690
2025/11/08 14:46:50 INFO session removed token=24690506-88d9-458d-9587-e835658f652f
2025/11/08 14:46:50 INFO session created token=469b1107-faf3-48d5-9c2e-874cd79f0003 name=User_68_68
2025/11/08 14:46:50 INFO session updated token=469b1107-faf3-48d5-9c2e-874cd79f0003 tableID=0xc0004d5280 seatIndex=0xc0004d86e0
2025/11/08 14:46:50 INFO session removed token=469b1107-faf3-48d5-9c2e-874cd79f0003
2025/11/08 14:46:50 INFO session created token=6939aef5-1cc6-4173-8786-a18e222deb3f name=User_68_69
2025/11/08 14:46:50 INFO session updated token=6939aef5-1cc6-4173-8786-a18e222deb3f tableID=0xc0004d52d0 seatIndex=0xc0004d8730
2025/11/08 14:46:50 INFO session removed token=6939aef5-1cc6-4173-8786-a18e222deb3f
2025/11/08 14:46:50 INFO session created token=43519b15-6796-4957-ad72-ecd9ce348a12 name=User_68_70
2025/11/08 14:46:50 INFO session updated token=43519b15-6796-4957-ad72-ecd9ce348a12 tableID=0xc0004d5320 seatIndex=0xc0004d8780
2025/11/08 14:46:50 INFO session removed token=43519b15-6796-4957-ad72-ecd9ce348a12
2025/11/08 14:46:50 INFO session created token=dde1b7c5-2e47-4084-a1b4-571f2d7c2f25 name=User_68_71
2025/11/08 14:46:50 INFO session updated token=dde1b7c5-2e47-4084-a1b4-571f2d7c2f25 tableID=0xc0004d5370 seatIndex=0xc0004d87d0
2025/11/08 14:46:50 INFO session removed token=dde1b7c5-2e47-4084-a1b4-571f2d7c2f25
2025/11/08 14:46:50 INFO session created token=c8c6c940-8db0-477a-b65a-7e1d1535e0b0 name=User_68_72
2025/11/08 14:46:50 INFO session updated token=c8c6c940-8db0-477a-b65a-7e1d1535e0b0 tableID=0xc0004d53c0 seatIndex=0xc0004d8820
2025/11/08 14:46:50 INFO session removed token=c8c6c940-8db0-477a-b65a-7e1d1535e0b0
2025/11/08 14:46:50 INFO session created token=1c9a0773-bbfb-4b99-844f-bae17115ca06 name=User_68_73
2025/11/08 14:46:50 INFO session updated token=1c9a0773-bbfb-4b99-844f-bae17115ca06 tableID=0xc0004d5410 seatIndex=0xc0004d8870
2025/11/08 14:46:50 INFO session removed token=1c9a0773-bbfb-4b99-844f-bae17115ca06
2025/11/08 14:46:50 INFO session created token=c2a960e3-faef-4d0a-b157-b1a3e5d4c316 name=User_68_74
2025/11/08 14:46:50 INFO session updated token=c2a960e3-faef-4d0a-b157-b1a3e5d4c316 tableID=0xc0004d5460 seatIndex=0xc0004d88c0
2025/11/08 14:46:50 INFO session removed token=c2a960e3-faef-4d0a-b157-b1a3e5d4c316
2025/11/08 14:46:50 INFO session created token=aa3e0f8a-39c0-492a-a1e7-b19389e08597 name=User_68_75
2025/11/08 14:46:50 INFO session updated token=aa3e0f8a-39c0-492a-a1e7-b19389e08597 tableID=0xc0004d54b0 seatIndex=0xc0004d8910
2025/11/08 14:46:50 INFO session removed token=aa3e0f8a-39c0-492a-a1e7-b19389e08597
2025/11/08 14:46:50 INFO session created token=59f26339-2eee-4409-8196-d3ab58528d04 name=User_68_76
2025/11/08 14:46:50 INFO session updated token=59f26339-2eee-4409-8196-d3ab58528d04 tableID=0xc0004d5500 seatIndex=0xc0004d8960
2025/11/08 14:46:50 INFO session removed token=59f26339-2eee-4409-8196-d3ab58528d04
2025/11/08 14:46:50 INFO session created token=f278ed91-b8be-490f-804b-9e33d09017e4 name=User_68_77
2025/11/08 14:46:50 INFO session updated token=f278ed91-b8be-490f-804b-9e33d09017e4 tableID=0xc0004d5550 seatIndex=0xc0004d89b0
2025/11/08 14:46:50 INFO session removed token=f278ed91-b8be-490f-804b-9e33d09017e4
2025/11/08 14:46:50 INFO session created token=5f14fe46-bfe5-498f-ad45-6a4323b06703 name=User_68_78
2025/11/08 14:46:50 INFO session updated token=5f14fe46-bfe5-498f-ad45-6a4323b06703 tableID=0xc0004d55a0 seatIndex=0xc0004d8a00
2025/11/08 14:46:50 INFO session removed token=5f14fe46-bfe5-498f-ad45-6a4323b06703
2025/11/08 14:46:50 INFO session created token=bca7c9fe-f298-44be-b331-27a940c4dc24 name=User_68_79
2025/11/08 14:46:50 INFO session updated token=bca7c9fe-f298-44be-b331-27a940c4dc24 tableID=0xc0004d55f0 seatIndex=0xc0004d8a50
2025/11/08 14:46:50 INFO session removed token=bca7c9fe-f298-44be-b331-27a940c4dc24
2025/11/08 14:46:50 INFO session created token=c0ac96b1-fd97-49a1-ba87-3c1677661259 name=User_68_80
2025/11/08 14:46:50 INFO session updated token=c0ac96b1-fd97-49a1-ba87-3c1677661259 tableID=0xc0004d5640 seatIndex=0xc0004d8aa0
2025/11/08 14:46:50 INFO session removed token=c0ac96b1-fd97-49a1-ba87-3c1677661259
2025/11/08 14:46:50 INFO session created token=a7406692-6693-4384-adbb-800661ddbfc9 name=User_68_81
2025/11/08 14:46:50 INFO session updated token=a7406692-6693-4384-adbb-800661ddbfc9 tableID=0xc0004d5690 seatIndex=0xc0004d8af0
2025/11/08 14:46:50 INFO session removed token=a7406692-6693-4384-adbb-800661ddbfc9
2025/11/08 14:46:50 INFO session created token=283db968-0561-474c-8137-c39daab61016 name=User_68_82
2025/11/08 14:46:50 INFO session updated token=283db968-0561-474c-8137-c39daab61016 tableID=0xc0004d56e0 seatIndex=0xc0004d8b40
2025/11/08 14:46:50 INFO session removed token=283db968-0561-474c-8137-c39daab61016
2025/11/08 14:46:50 INFO session created token=02f0f669-2c9e-4553-9448-064b4aeb667b name=User_68_83
2025/11/08 14:46:50 INFO session updated token=02f0f669-2c9e-4553-9448-064b4aeb667b tableID=0xc0004d5730 seatIndex=0xc0004d8b90
2025/11/08 14:46:50 INFO session removed token=02f0f669-2c9e-4553-9448-064b4aeb667b
2025/11/08 14:46:50 INFO session created token=aea5386c-7ef1-4e15-8cfe-cc8dc82ac305 name=User_68_84
2025/11/08 14:46:50 INFO session updated token=aea5386c-7ef1-4e15-8cfe-cc8dc82ac305 tableID=0xc0004d5780 seatIndex=0xc0004d8be0
2025/11/08 14:46:50 INFO session removed token=aea5386c-7ef1-4e15-8cfe-cc8dc82ac305
2025/11/08 14:46:50 INFO session created token=cb200aab-334a-4c66-bdb3-39ea1e8ebc56 name=User_68_85
2025/11/08 14:46:50 INFO session updated token=cb200aab-334a-4c66-bdb3-39ea1e8ebc56 tableID=0xc0004d57d0 seatIndex=0xc0004d8c30
2025/11/08 14:46:50 INFO session removed token=cb200aab-334a-4c66-bdb3-39ea1e8ebc56
2025/11/08 14:46:50 INFO session created token=d6f0b7f0-545e-49b7-be0e-257dff4e1404 name=User_68_86
2025/11/08 14:46:50 INFO session updated token=d6f0b7f0-545e-49b7-be0e-257dff4e1404 tableID=0xc0004d5820 seatIndex=0xc0004d8c80
2025/11/08 14:46:50 INFO session removed token=d6f0b7f0-545e-49b7-be0e-257dff4e1404
2025/11/08 14:46:50 INFO session created token=4c5bc019-88f7-4a3e-8f3e-73625a960d06 name=User_68_87
2025/11/08 14:46:50 INFO session updated token=4c5bc019-88f7-4a3e-8f3e-73625a960d06 tableID=0xc0004d5870 seatIndex=0xc0004d8cd0
2025/11/08 14:46:50 INFO session removed token=4c5bc019-88f7-4a3e-8f3e-73625a960d06
2025/11/08 14:46:50 INFO session created token=fdd3341e-7c52-4718-bcd8-6c065e67cf31 name=User_68_88
2025/11/08 14:46:50 INFO session updated token=fdd3341e-7c52-4718-bcd8-6c065e67cf31 tableID=0xc0004d58c0 seatIndex=0xc0004d8d20
2025/11/08 14:46:50 INFO session removed token=fdd3341e-7c52-4718-bcd8-6c065e67cf31
2025/11/08 14:46:50 INFO session created token=53bbfe3a-259c-443a-b6c7-237067e82fb6 name=User_68_89
2025/11/08 14:46:50 INFO session updated token=53bbfe3a-259c-443a-b6c7-237067e82fb6 tableID=0xc0004d5910 seatIndex=0xc0004d8d70
2025/11/08 14:46:50 INFO session removed token=53bbfe3a-259c-443a-b6c7-237067e82fb6
2025/11/08 14:46:50 INFO session created token=3a61b526-d73d-4eda-8331-536b424e8d82 name=User_68_90
2025/11/08 14:46:50 INFO session updated token=3a61b526-d73d-4eda-8331-536b424e8d82 tableID=0xc0004d5960 seatIndex=0xc0004d8dc0
2025/11/08 14:46:50 INFO session removed token=3a61b526-d73d-4eda-8331-536b424e8d82
2025/11/08 14:46:50 INFO session created token=ddb88698-f4c4-403e-8433-48eae9892e19 name=User_68_91
2025/11/08 14:46:50 INFO session updated token=ddb88698-f4c4-403e-8433-48eae9892e19 tableID=0xc0004d59b0 seatIndex=0xc0004d8e10
2025/11/08 14:46:50 INFO session removed token=ddb88698-f4c4-403e-8433-48eae9892e19
2025/11/08 14:46:50 INFO session created token=9cc8adc1-798b-4b2b-ad5c-a316a8895023 name=User_68_92
2025/11/08 14:46:50 INFO session updated token=9cc8adc1-798b-4b2b-ad5c-a316a8895023 tableID=0xc0004d5a00 seatIndex=0xc0004d8e60
2025/11/08 14:46:50 INFO session removed token=9cc8adc1-798b-4b2b-ad5c-a316a8895023
2025/11/08 14:46:50 INFO session created token=55da03d5-b1f2-4c0d-8209-8c8f8d6d07e8 name=User_68_93
2025/11/08 14:46:50 INFO session updated token=55da03d5-b1f2-4c0d-8209-8c8f8d6d07e8 tableID=0xc0004d5a50 seatIndex=0xc0004d8eb0
2025/11/08 14:46:50 INFO session removed token=55da03d5-b1f2-4c0d-8209-8c8f8d6d07e8
2025/11/08 14:46:50 INFO session created token=dedc326c-4a7d-4852-a738-2e3a118472f1 name=User_68_94
2025/11/08 14:46:50 INFO session updated token=dedc326c-4a7d-4852-a738-2e3a118472f1 tableID=0xc0004d5aa0 seatIndex=0xc0004d8f00
2025/11/08 14:46:50 INFO session removed token=dedc326c-4a7d-4852-a738-2e3a118472f1
2025/11/08 14:46:50 INFO session created token=18288f67-c4d2-467a-b7ca-e06cde61e920 name=User_68_95
2025/11/08 14:46:50 INFO session updated token=18288f67-c4d2-467a-b7ca-e06cde61e920 tableID=0xc0004d5af0 seatIndex=0xc0004d8f50
2025/11/08 14:46:50 INFO session removed token=18288f67-c4d2-467a-b7ca-e06cde61e920
2025/11/08 14:46:50 INFO session created token=4ab47f1e-f6c0-4f30-b4fa-89ebd35bc4db name=User_68_96
2025/11/08 14:46:50 INFO session updated token=4ab47f1e-f6c0-4f30-b4fa-89ebd35bc4db tableID=0xc0004d5b40 seatIndex=0xc0004d8fa0
2025/11/08 14:46:50 INFO session removed token=4ab47f1e-f6c0-4f30-b4fa-89ebd35bc4db
2025/11/08 14:46:50 INFO session created token=439981dd-8c1e-4e66-88ef-c66f0fc21899 name=User_68_97
2025/11/08 14:46:50 INFO session updated token=439981dd-8c1e-4e66-88ef-c66f0fc21899 tableID=0xc0004d5b90 seatIndex=0xc0004d8ff0
2025/11/08 14:46:50 INFO session removed token=439981dd-8c1e-4e66-88ef-c66f0fc21899
2025/11/08 14:46:50 INFO session created token=34fccdf1-6dd8-4eb4-a11e-3098fb7f0767 name=User_68_98
2025/11/08 14:46:50 INFO session updated token=34fccdf1-6dd8-4eb4-a11e-3098fb7f0767 tableID=0xc0004d5be0 seatIndex=0xc0004d9040
2025/11/08 14:46:50 INFO session removed token=34fccdf1-6dd8-4eb4-a11e-3098fb7f0767
2025/11/08 14:46:50 INFO session created token=f480f1c8-0833-4f44-bc2c-c541e6fa2ab0 name=User_68_99
2025/11/08 14:46:50 INFO session updated token=f480f1c8-0833-4f44-bc2c-c541e6fa2ab0 tableID=0xc0004d5c30 seatIndex=0xc0004d9090
2025/11/08 14:46:50 INFO session removed token=f480f1c8-0833-4f44-bc2c-c541e6fa2ab0
2025/11/08 14:46:50 INFO session updated token=43189ef2-edc2-438b-9801-8d3ad52231a2 tableID=0xc0004d4040 seatIndex=0xc0004d1460
2025/11/08 14:46:50 INFO session removed token=43189ef2-edc2-438b-9801-8d3ad52231a2
2025/11/08 14:46:50 INFO session created token=35ed85e4-6c9e-41a3-8d2f-092cabdf5b82 name=User_27_8
2025/11/08 14:46:50 INFO session removed token=58d0fec8-ccda-4b7c-9548-c5cc74bebdaa
2025/11/08 14:46:50 INFO session created token=fbd8cd57-4249-4ef3-aefb-d8989e9058a2 name=User_22_7
2025/11/08 14:46:50 INFO session created token=52b1d663-1fdc-47a2-ab89-84ef16782d62 name=User_24_18
2025/11/08 14:46:50 INFO session removed token=6634a825-0516-43a3-b150-6ea9dfdf5b2a
2025/11/08 14:46:50 INFO session created token=90c49413-0c89-408d-85a7-16defad5ea40 name=User_47_10
2025/11/08 14:46:50 INFO session removed token=95ae0ad7-4980-484c-852c-350ecc93cb0d
2025/11/08 14:46:50 INFO session created token=9e169285-ebc3-47af-8c79-aa7111d013c3 name=User_3_8
2025/11/08 14:46:50 INFO session updated token=7e346af9-0bed-4281-a675-bb064add190a tableID=0xc0004d4100 seatIndex=0xc0004d1510
2025/11/08 14:46:50 INFO session created token=fc0abc99-7f09-43c0-b6f6-b6d0b21cd2b3 name=User_61_31
2025/11/08 14:46:50 INFO session removed token=277c4172-4925-462c-8617-2e31458156d9
2025/11/08 14:46:50 INFO session created token=580a5dbf-be22-41e5-bd17-d57491e54cb0 name=User_41_21
2025/11/08 14:46:50 INFO session removed token=b0965fd1-bc94-4f68-bf33-f41abb8dd041
2025/11/08 14:46:50 INFO session removed token=18bae989-371d-4128-af2a-e34d3a1fb517
2025/11/08 14:46:50 INFO session updated token=d096142e-8a3b-4006-aba9-144c6b0ad315 tableID=0xc0004d4120 seatIndex=0xc0004d1540
2025/11/08 14:46:50 INFO session created token=572124ea-0a44-494f-be53-b943274ca4dd name=User_63_16
2025/11/08 14:46:50 INFO session removed token=18c0b988-beee-4330-8c6a-b309d565bf20
2025/11/08 14:46:50 INFO session updated token=59054182-0b41-46bd-b45f-9f8480aadcf9 tableID=0xc000156320 seatIndex=0xc0001524a0
2025/11/08 14:46:50 INFO session updated token=791afb79-a7c2-46c9-8cdd-335ea7901db6 tableID=0xc0005cc080 seatIndex=0xc0005c7cf0
2025/11/08 14:46:50 INFO session updated token=7ea0a533-9667-49a2-8c1f-b023a7e464e9 tableID=0xc0005cc0a0 seatIndex=0xc0005c7d20
2025/11/08 14:46:50 INFO session updated token=231627ba-7b7b-47ac-80db-40a3e9f38582 tableID=0xc0005cc0b0 seatIndex=0xc0005c7d30
2025/11/08 14:46:50 INFO session removed token=5cc61e64-7326-4815-b4cd-20d52e9609ec
2025/11/08 14:46:50 INFO session removed token=667aa2e3-26e5-4a43-94fa-68e51b1367e8
2025/11/08 14:46:50 INFO session removed token=023e1f33-54b1-426f-90b8-0bac89442750
2025/11/08 14:46:50 INFO session created token=ff8c22e7-7dfb-481b-a759-7cfcfb697426 name=User_77_7
2025/11/08 14:46:50 INFO session removed token=a6d3c534-6200-4ae0-bf92-0bb487a325f3
2025/11/08 14:46:50 INFO session created token=1a2cd064-ea76-4605-bc7f-c271309629c7 name=User_73_9
2025/11/08 14:46:50 INFO session updated token=ff8c22e7-7dfb-481b-a759-7cfcfb697426 tableID=0xc0001563b0 seatIndex=0xc000152580
2025/11/08 14:46:50 INFO session created token=64b4712c-e5bc-4ccc-9483-7cdd444eea41 name=User_92_7
2025/11/08 14:46:50 INFO session updated token=64b4712c-e5bc-4ccc-9483-7cdd444eea41 tableID=0xc0005cc500 seatIndex=0xc0005ce1a0
2025/11/08 14:46:50 INFO session removed token=64b4712c-e5bc-4ccc-9483-7cdd444eea41
2025/11/08 14:46:50 INFO session created token=c614c2b4-43c2-4404-b909-02f81da954d3 name=User_92_8
2025/11/08 14:46:50 INFO session updated token=c614c2b4-43c2-4404-b909-02f81da954d3 tableID=0xc0005cc550 seatIndex=0xc0005ce1f0
2025/11/08 14:46:50 INFO session removed token=c614c2b4-43c2-4404-b909-02f81da954d3
2025/11/08 14:46:50 INFO session created token=6e5ed589-1c8a-4656-9a87-c0fc516733d6 name=User_92_9
2025/11/08 14:46:50 INFO session updated token=6e5ed589-1c8a-4656-9a87-c0fc516733d6 tableID=0xc0005cc5a0 seatIndex=0xc0005ce240
2025/11/08 14:46:50 INFO session removed token=6e5ed589-1c8a-4656-9a87-c0fc516733d6
2025/11/08 14:46:50 INFO session created token=b88811b5-50fb-47ee-9986-b652d1d3f329 name=User_92_10
2025/11/08 14:46:50 INFO session updated token=b88811b5-50fb-47ee-9986-b652d1d3f329 tableID=0xc0005cc5f0 seatIndex=0xc0005ce290
2025/11/08 14:46:50 INFO session removed token=b88811b5-50fb-47ee-9986-b652d1d3f329
2025/11/08 14:46:50 INFO session created token=aa64afb0-0c12-4411-b313-d064961c01e4 name=User_92_11
2025/11/08 14:46:50 INFO session updated token=aa64afb0-0c12-4411-b313-d064961c01e4 tableID=0xc0005cc640 seatIndex=0xc0005ce2e0
2025/11/08 14:46:50 INFO session removed token=aa64afb0-0c12-4411-b313-d064961c01e4
2025/11/08 14:46:50 INFO session created token=2aefb83d-6f54-4c91-ac65-28e2bf534beb name=User_92_12
2025/11/08 14:46:50 INFO session updated token=2aefb83d-6f54-4c91-ac65-28e2bf534beb tableID=0xc0005cc690 seatIndex=0xc0005ce330
2025/11/08 14:46:50 INFO session removed token=2aefb83d-6f54-4c91-ac65-28e2bf534beb
2025/11/08 14:46:50 INFO session created token=bb658fc8-5222-4203-8b54-2c08296aa92a name=User_92_13
2025/11/08 14:46:50 INFO session updated token=bb658fc8-5222-4203-8b54-2c08296aa92a tableID=0xc0005cc6e0 seatIndex=0xc0005ce380
2025/11/08 14:46:50 INFO session removed token=bb658fc8-5222-4203-8b54-2c08296aa92a
2025/11/08 14:46:50 INFO session removed token=ff8c22e7-7dfb-481b-a759-7cfcfb697426
2025/11/08 14:46:50 INFO session created token=70832637-560c-4b7c-b084-4759cad04318 name=User_92_14
2025/11/08 14:46:50 INFO session created token=0db0f3a2-9ad1-4cfd-a5bb-ea57b6bc92ce name=User_77_8
2025/11/08 14:46:50 INFO session updated token=70832637-560c-4b7c-b084-4759cad04318 tableID=0xc0005cc730 seatIndex=0xc0005ce3d0
2025/11/08 14:46:50 INFO session removed token=70832637-560c-4b7c-b084-4759cad04318
2025/11/08 14:46:50 INFO session updated token=6c3bb1d3-4c94-491a-9e18-47c110db12a7 tableID=0xc0003e4820 seatIndex=0xc0003e1cb0
2025/11/08 14:46:50 INFO session updated token=a4ebf34e-03b7-4703-8119-1486739e47ee tableID=0xc0004d41a0 seatIndex=0xc0004d15e0
2025/11/08 14:46:50 INFO session updated token=5ce831f2-19ff-4d8d-84f0-31d3edae41b2 tableID=0xc00054d5c0 seatIndex=0xc00054f120
2025/11/08 14:46:50 INFO session removed token=d3a18dc9-baab-4263-8acd-ed38f60a8e77
2025/11/08 14:46:50 INFO session removed token=7e1583bb-d343-4685-8f28-c5f415e8f5dd
2025/11/08 14:46:50 INFO session updated token=154c32b8-7184-4a8c-a467-bc535a282fc2 tableID=0xc00054d610 seatIndex=0xc00054f190
2025/11/08 14:46:50 INFO session removed token=d04e7f96-005e-4ba1-9784-fc57b8748243
2025/11/08 14:46:50 INFO session removed token=a84d4b96-53de-4ad1-a7d2-c2aa959ff34e
2025/11/08 14:46:50 INFO session removed token=ec27e56c-b6ae-4e73-80bc-b8bcdf323703
2025/11/08 14:46:50 INFO session updated token=42c33894-6e8b-4d85-bd05-ec841cd47be7 tableID=0xc0003e4890 seatIndex=0xc0003e1ce0
2025/11/08 14:46:50 INFO session removed token=be2f1e87-c02e-4c49-9489-90ed38b5fff3
2025/11/08 14:46:50 INFO session updated token=5e74ed7b-1d16-4082-9eb7-b9ba97ef119c tableID=0xc00054d670 seatIndex=0xc00054f200
2025/11/08 14:46:50 INFO session updated token=0e0372e9-202c-4209-bff2-7a0dd45d22e2 tableID=0xc00054d6c0 seatIndex=0xc00054f210
2025/11/08 14:46:50 INFO session removed token=5ce831f2-19ff-4d8d-84f0-31d3edae41b2
2025/11/08 14:46:50 INFO session created token=33b57b73-1ed0-4403-bdbd-4fb52a7fe913 name=User_53_9
2025/11/08 14:46:50 INFO session updated token=f5075cab-508d-4a3b-8cce-18e55ddb0e3d tableID=0xc0005cc180 seatIndex=0xc0005c7e58
2025/11/08 14:46:50 INFO session created token=d554cd22-ae0b-4ec9-a9fa-2faca95da08c name=User_72_7
2025/11/08 14:46:50 INFO session created token=476bb7be-a6d7-4b2f-862c-48e4994c7714 name=User_42_7
2025/11/08 14:46:50 INFO session removed token=b551618b-5eac-4de5-9024-022b2773e48e
2025/11/08 14:46:50 INFO session created token=71b1f88c-4ccf-4852-abff-261948359a34 name=User_10_6
2025/11/08 14:46:50 INFO session created token=569375b8-937b-4f93-9bb8-379604c8fde1 name=User_87_7
2025/11/08 14:46:50 INFO session created token=9125353c-c5b5-45ad-8af7-3035500ae723 name=User_92_15
2025/11/08 14:46:50 INFO session removed token=d0e2697f-f2b9-4e4b-a6c8-2626059b53eb
2025/11/08 14:46:50 INFO session created token=ae2fcd73-5c61-4b01-ad7c-1bccfc2f0633 name=User_12_7
2025/11/08 14:46:50 INFO session created token=881fb426-eb01-4c45-bdbc-587b0875dbdd name=User_8_8
2025/11/08 14:46:50 INFO session removed token=906c694a-2f79-435b-a2c2-6b5a22905853
2025/11/08 14:46:50 INFO session removed token=33cce4b4-fb5f-4879-8505-3de30698f567
2025/11/08 14:46:50 INFO session removed token=1a3f2dd7-dfbb-4af4-a7e4-76618ebad22a
2025/11/08 14:46:50 INFO session removed token=cf8ec28b-40bb-4125-8f41-6d45d248413b
2025/11/08 14:46:50 INFO session removed token=690ccafa-3e5b-4137-af7b-07a3856abac3
2025/11/08 14:46:50 INFO session removed token=4d25072f-d99b-4eae-90a8-1cce83659438
2025/11/08 14:46:50 INFO session removed token=9fca83ee-0d3f-4e52-b00d-95359d9395fe
2025/11/08 14:46:50 INFO session updated token=e81e9da9-f020-4c08-9366-bf7164c5aff2 tableID=0xc0005cc240 seatIndex=0xc0005c7f68
2025/11/08 14:46:50 INFO session updated token=b7c6ba57-b617-4697-a771-5ba70f835278 tableID=0xc0003e4900 seatIndex=0xc0003e1d30
2025/11/08 14:46:50 INFO session updated token=2cd13366-69b3-4e02-b32e-92938c9ca68e tableID=0xc00054d6f0 seatIndex=0xc00054f220
2025/11/08 14:46:50 INFO session removed token=2cd13366-69b3-4e02-b32e-92938c9ca68e
2025/11/08 14:46:50 INFO session created token=e8bbba7f-947b-4ba1-a5c0-39abc69412f8 name=User_66_9
2025/11/08 14:46:50 INFO session removed token=b7c6ba57-b617-4697-a771-5ba70f835278
2025/11/08 14:46:50 INFO session created token=44658b87-76ef-402e-9afd-196d2fc3b228 name=User_25_7
2025/11/08 14:46:50 INFO session created token=496b91c9-c67b-401b-ae1e-732b29ace803 name=User_2_72
2025/11/08 14:46:50 INFO session updated token=44658b87-76ef-402e-9afd-196d2fc3b228 tableID=0xc0003e4c00 seatIndex=0xc0003e1f90
2025/11/08 14:46:50 INFO session removed token=44658b87-76ef-402e-9afd-196d2fc3b228
2025/11/08 14:46:50 INFO session created token=dd9a9c01-eedb-4955-925e-d80f66409ee4 name=User_25_8
2025/11/08 14:46:50 INFO session updated token=dd9a9c01-eedb-4955-925e-d80f66409ee4 tableID=0xc0003e4c70 seatIndex=0xc0003ea000
2025/11/08 14:46:50 INFO session removed token=dd9a9c01-eedb-4955-925e-d80f66409ee4
2025/11/08 14:46:50 INFO session created token=b458b12e-b364-4b41-bca8-47f76505b77a name=User_25_9
2025/11/08 14:46:50 INFO session created token=6330df17-b0c4-4e2c-ab20-f8d5c226edd9 name=User_48_8
2025/11/08 14:46:50 INFO session updated token=b458b12e-b364-4b41-bca8-47f76505b77a tableID=0xc0003e4cc0 seatIndex=0xc0003ea050
2025/11/08 14:46:50 INFO session removed token=b458b12e-b364-4b41-bca8-47f76505b77a
2025/11/08 14:46:50 INFO session created token=7d842706-3e6b-4950-a3c5-2a4359673f84 name=User_79_10
2025/11/08 14:46:50 INFO session created token=3a341fea-d613-4619-b479-884d26051084 name=User_25_10
2025/11/08 14:46:50 INFO session updated token=7d842706-3e6b-4950-a3c5-2a4359673f84 tableID=0xc0005cc920 seatIndex=0xc0005ce540
2025/11/08 14:46:50 INFO session removed token=7d842706-3e6b-4950-a3c5-2a4359673f84
2025/11/08 14:46:50 INFO session created token=c9527ef7-0860-4c66-b4a4-5ef809075e04 name=User_79_11
2025/11/08 14:46:50 INFO session updated token=c9527ef7-0860-4c66-b4a4-5ef809075e04 tableID=0xc0005cc980 seatIndex=0xc0005ce5a0
2025/11/08 14:46:50 INFO session removed token=c9527ef7-0860-4c66-b4a4-5ef809075e04
2025/11/08 14:46:50 INFO session created token=2749d185-84ef-445d-a427-dbfa69ec8a03 name=User_79_12
2025/11/08 14:46:50 INFO session updated token=2749d185-84ef-445d-a427-dbfa69ec8a03 tableID=0xc0005cc9d0 seatIndex=0xc0005ce5f0
2025/11/08 14:46:50 INFO session removed token=2749d185-84ef-445d-a427-dbfa69ec8a03
2025/11/08 14:46:50 INFO session created token=0f697361-7309-4ee3-8d99-207e337826f1 name=User_79_13
2025/11/08 14:46:50 INFO session updated token=0f697361-7309-4ee3-8d99-207e337826f1 tableID=0xc0005cca20 seatIndex=0xc0005ce640
2025/11/08 14:46:50 INFO session removed token=0f697361-7309-4ee3-8d99-207e337826f1
2025/11/08 14:46:50 INFO session removed token=8120675c-7bd1-49ca-9270-221e757a47ef
2025/11/08 14:46:50 INFO session created token=155e12c4-afe7-48a6-ac08-944b947ec428 name=User_57_8
2025/11/08 14:46:50 INFO session updated token=155e12c4-afe7-48a6-ac08-944b947ec428 tableID=0xc0002db7b0 seatIndex=0xc0002d9848
2025/11/08 14:46:50 INFO session removed token=155e12c4-afe7-48a6-ac08-944b947ec428
2025/11/08 14:46:50 INFO session created token=45ea943c-499f-47b7-a612-76f882bf915d name=User_57_9
2025/11/08 14:46:50 INFO session updated token=45ea943c-499f-47b7-a612-76f882bf915d tableID=0xc0002db800 seatIndex=0xc0002d9898
2025/11/08 14:46:50 INFO session removed token=45ea943c-499f-47b7-a612-76f882bf915d
2025/11/08 14:46:50 INFO session created token=a9f58335-0141-4541-a7d5-554dff78204e name=User_57_10
2025/11/08 14:46:50 INFO session updated token=a9f58335-0141-4541-a7d5-554dff78204e tableID=0xc0002db850 seatIndex=0xc0002d98e8
2025/11/08 14:46:50 INFO session removed token=a9f58335-0141-4541-a7d5-554dff78204e
2025/11/08 14:46:50 INFO session created token=e4fca00e-4081-4d92-932a-a9ebe8f257e2 name=User_57_11
2025/11/08 14:46:50 INFO session updated token=e4fca00e-4081-4d92-932a-a9ebe8f257e2 tableID=0xc0002db8a0 seatIndex=0xc0002d9938
2025/11/08 14:46:50 INFO session removed token=e4fca00e-4081-4d92-932a-a9ebe8f257e2
2025/11/08 14:46:50 INFO session created token=534e359e-c329-4323-858f-a93a77cebeb9 name=User_57_12
2025/11/08 14:46:50 INFO session updated token=534e359e-c329-4323-858f-a93a77cebeb9 tableID=0xc0002db8f0 seatIndex=0xc0002d9988
2025/11/08 14:46:50 INFO session removed token=534e359e-c329-4323-858f-a93a77cebeb9
2025/11/08 14:46:50 INFO session created token=12153341-ffce-4dfe-845f-d04517f5f879 name=User_57_13
2025/11/08 14:46:50 INFO session updated token=12153341-ffce-4dfe-845f-d04517f5f879 tableID=0xc0002db940 seatIndex=0xc0002d99d8
2025/11/08 14:46:50 INFO session removed token=12153341-ffce-4dfe-845f-d04517f5f879
2025/11/08 14:46:50 INFO session created token=1f906058-362d-4d10-8c6b-ee712f163f57 name=User_57_14
2025/11/08 14:46:50 INFO session updated token=1f906058-362d-4d10-8c6b-ee712f163f57 tableID=0xc0002db990 seatIndex=0xc0002d9a28
2025/11/08 14:46:50 INFO session removed token=1f906058-362d-4d10-8c6b-ee712f163f57
2025/11/08 14:46:50 INFO session created token=7fddcf63-6a09-491f-a235-e47d28a765b1 name=User_57_15
2025/11/08 14:46:50 INFO session updated token=7fddcf63-6a09-491f-a235-e47d28a765b1 tableID=0xc0002db9e0 seatIndex=0xc0002d9a78
2025/11/08 14:46:50 INFO session removed token=7fddcf63-6a09-491f-a235-e47d28a765b1
2025/11/08 14:46:50 INFO session created token=499aba33-6b44-47c6-a275-a564748199d9 name=User_57_16
2025/11/08 14:46:50 INFO session updated token=3a341fea-d613-4619-b479-884d26051084 tableID=0xc0005cc940 seatIndex=0xc0005ce570
2025/11/08 14:46:50 INFO session removed token=3a341fea-d613-4619-b479-884d26051084
2025/11/08 14:46:50 INFO session created token=6959e232-ef5a-4bd7-9cdb-fbeb15c06057 name=User_25_11
2025/11/08 14:46:50 INFO session updated token=6959e232-ef5a-4bd7-9cdb-fbeb15c06057 tableID=0xc0005cca90 seatIndex=0xc0005ce6d0
2025/11/08 14:46:50 INFO session removed token=6959e232-ef5a-4bd7-9cdb-fbeb15c06057
2025/11/08 14:46:50 INFO session created token=167b8a9c-9b9a-414c-9289-b8900bae22d9 name=User_25_12
2025/11/08 14:46:50 INFO session updated token=167b8a9c-9b9a-414c-9289-b8900bae22d9 tableID=0xc0005ccae0 seatIndex=0xc0005ce720
2025/11/08 14:46:50 INFO session removed token=167b8a9c-9b9a-414c-9289-b8900bae22d9
2025/11/08 14:46:50 INFO session created token=ba6224b4-37fd-4a5c-857e-8f817202f6c7 name=User_25_13
2025/11/08 14:46:50 INFO session updated token=ba6224b4-37fd-4a5c-857e-8f817202f6c7 tableID=0xc0005ccb30 seatIndex=0xc0005ce770
2025/11/08 14:46:50 INFO session removed token=ba6224b4-37fd-4a5c-857e-8f817202f6c7
2025/11/08 14:46:50 INFO session created token=49f2349e-ea87-43eb-83a8-e12f49b4af26 name=User_25_14
2025/11/08 14:46:50 INFO session updated token=49f2349e-ea87-43eb-83a8-e12f49b4af26 tableID=0xc0005ccb80 seatIndex=0xc0005ce7c0
2025/11/08 14:46:50 INFO session removed token=49f2349e-ea87-43eb-83a8-e12f49b4af26
2025/11/08 14:46:50 INFO session created token=dc7856c1-77a3-4e38-a3f0-8467b3c89af9 name=User_25_15
2025/11/08 14:46:50 INFO session updated token=dc7856c1-77a3-4e38-a3f0-8467b3c89af9 tableID=0xc0005ccbd0 seatIndex=0xc0005ce810
2025/11/08 14:46:50 INFO session removed token=dc7856c1-77a3-4e38-a3f0-8467b3c89af9
2025/11/08 14:46:50 INFO session created token=19249b76-5923-4b35-b3ee-8f05a4da9e6c name=User_25_16
2025/11/08 14:46:50 INFO session updated token=19249b76-5923-4b35-b3ee-8f05a4da9e6c tableID=0xc0005ccc20 seatIndex=0xc0005ce860
2025/11/08 14:46:50 INFO session removed token=19249b76-5923-4b35-b3ee-8f05a4da9e6c
2025/11/08 14:46:50 INFO session updated token=cd5a1553-1813-4d54-b781-0f54369aaa44 tableID=0xc00054d730 seatIndex=0xc00054f260
2025/11/08 14:46:50 INFO session removed token=cd5a1553-1813-4d54-b781-0f54369aaa44
2025/11/08 14:46:50 INFO session created token=9624d6df-1e84-4779-ac26-b495b537f7aa name=User_93_12
2025/11/08 14:46:50 INFO session updated token=9624d6df-1e84-4779-ac26-b495b537f7aa tableID=0xc0003e4d60 seatIndex=0xc0003ea0f0
2025/11/08 14:46:50 INFO session removed token=9624d6df-1e84-4779-ac26-b495b537f7aa
2025/11/08 14:46:50 INFO session created token=86a49af9-597b-4e5f-9472-7bb611267497 name=User_93_13
2025/11/08 14:46:50 INFO session updated token=86a49af9-597b-4e5f-9472-7bb611267497 tableID=0xc0003e4db0 seatIndex=0xc0003ea140
2025/11/08 14:46:50 INFO session removed token=86a49af9-597b-4e5f-9472-7bb611267497
2025/11/08 14:46:50 INFO session created token=62507e78-c918-4a33-b046-721543cb9462 name=User_93_14
2025/11/08 14:46:50 INFO session updated token=62507e78-c918-4a33-b046-721543cb9462 tableID=0xc0003e4e00 seatIndex=0xc0003ea190
2025/11/08 14:46:50 INFO session removed token=62507e78-c918-4a33-b046-721543cb9462
2025/11/08 14:46:50 INFO session created token=9f68fcc0-e29e-48e2-bd70-139ee5e7de7f name=User_93_15
2025/11/08 14:46:50 INFO session updated token=9f68fcc0-e29e-48e2-bd70-139ee5e7de7f tableID=0xc0003e4e50 seatIndex=0xc0003ea1e0
2025/11/08 14:46:50 INFO session removed token=9f68fcc0-e29e-48e2-bd70-139ee5e7de7f
2025/11/08 14:46:50 INFO session created token=b16d0077-df9f-4cb2-bfd7-fc12a5de1504 name=User_93_16
2025/11/08 14:46:50 INFO session updated token=b16d0077-df9f-4cb2-bfd7-fc12a5de1504 tableID=0xc0003e4ea0 seatIndex=0xc0003ea230
2025/11/08 14:46:50 INFO session removed token=b16d0077-df9f-4cb2-bfd7-fc12a5de1504
2025/11/08 14:46:50 INFO session created token=020ace36-b8df-4a57-974e-8846ec54ee98 name=User_93_17
2025/11/08 14:46:50 INFO session updated token=020ace36-b8df-4a57-974e-8846ec54ee98 tableID=0xc0003e4ef0 seatIndex=0xc0003ea280
2025/11/08 14:46:50 INFO session removed token=020ace36-b8df-4a57-974e-8846ec54ee98
2025/11/08 14:46:50 INFO session created token=e6a12e22-0232-47a0-9c92-daf76257ad43 name=User_93_18
2025/11/08 14:46:50 INFO session updated token=e6a12e22-0232-47a0-9c92-daf76257ad43 tableID=0xc0003e4f40 seatIndex=0xc0003ea2d0
2025/11/08 14:46:50 INFO session removed token=e6a12e22-0232-47a0-9c92-daf76257ad43
2025/11/08 14:46:50 INFO session created token=fd58d770-db80-4867-93ce-2c10b25c3268 name=User_93_19
2025/11/08 14:46:50 INFO session updated token=fd58d770-db80-4867-93ce-2c10b25c3268 tableID=0xc0003e4f90 seatIndex=0xc0003ea320
2025/11/08 14:46:50 INFO session removed token=fd58d770-db80-4867-93ce-2c10b25c3268
2025/11/08 14:46:50 INFO session updated token=3711da8b-b462-4b3b-a481-5923aca1932a tableID=0xc0005cc270 seatIndex=0xc0005c7f98
2025/11/08 14:46:50 INFO session updated token=f962ad29-2edf-4635-843f-5ad83b0a6aa9 tableID=0xc0005cc290 seatIndex=0xc0005c7fa8
2025/11/08 14:46:50 INFO session removed token=f7645fea-0433-435e-a40f-92c412126076
2025/11/08 14:46:50 INFO session updated token=fea6e727-c0e5-4122-a4ce-3fc46245a373 tableID=0xc0003e49a0 seatIndex=0xc0003e1d90
2025/11/08 14:46:50 INFO session removed token=64e82f22-4196-4836-bc33-5e41ac06f9dd
2025/11/08 14:46:50 INFO session updated token=3ba17133-50e2-4647-9701-820088cd0adc tableID=0xc0003e4800 seatIndex=0xc0003e1c80
2025/11/08 14:46:50 INFO session removed token=e281766e-ae60-4f3f-a12e-7dfd57fdd761
2025/11/08 14:46:50 INFO session removed token=112ffe4f-35f8-4514-ae43-89ec11eddc60
2025/11/08 14:46:50 INFO session removed token=455ce64e-c73c-4d9c-ad2f-c6a4439f4291
2025/11/08 14:46:50 INFO session removed token=df8e7f31-1347-42bf-bb38-0fb05f55d2ab
2025/11/08 14:46:50 INFO session updated token=5a036991-fd7e-4d59-abdb-74e2312fd69e tableID=0xc0004d4550 seatIndex=0xc0004d19a0
2025/11/08 14:46:50 INFO session updated token=416666cb-116f-4b52-98a1-7f49b9dd78f6 tableID=0xc0004d4560 seatIndex=0xc0004d19b0
2025/11/08 14:46:50 INFO session updated token=3ac9fe08-cbc0-4baf-9baf-d000fb7b9e06 tableID=0xc0004d4570 seatIndex=0xc0004d19c0
2025/11/08 14:46:50 INFO session updated token=a387f5e9-d07a-40e8-88bf-70eaa0b2faab tableID=0xc0004d4580 seatIndex=0xc0004d19d0
2025/11/08 14:46:50 INFO session updated token=99cb6698-1246-4ff6-b8a5-f73f5396fb74 tableID=0xc0004d4590 seatIndex=0xc0004d19e0
2025/11/08 14:46:50 INFO session updated token=3bee0a15-4a4e-432e-bf8a-7cc3b2a743c9 tableID=0xc0004d45b0 seatIndex=0xc0004d1a10
2025/11/08 14:46:50 INFO session updated token=fbd8cd57-4249-4ef3-aefb-d8989e9058a2 tableID=0xc0004d5cc0 seatIndex=0xc0004d9100
2025/11/08 14:46:50 INFO session removed token=4b256591-cfc9-4618-b874-e135cf348a08
2025/11/08 14:46:50 INFO session updated token=35ed85e4-6c9e-41a3-8d2f-092cabdf5b82 tableID=0xc0003e49e0 seatIndex=0xc0003e1dc0
2025/11/08 14:46:50 INFO session created token=458a1a08-41ab-44f5-9504-0bd5073e7a15 name=User_30_8
2025/11/08 14:46:50 INFO session updated token=52b1d663-1fdc-47a2-ab89-84ef16782d62 tableID=0xc0003e4a00 seatIndex=0xc0003e1dd0
2025/11/08 14:46:50 INFO session created token=dd0fd642-702a-4179-a9e0-1bd75dabc997 name=User_14_8
2025/11/08 14:46:50 INFO session created token=38382793-d488-4fc9-bc23-60e280729d23 name=User_45_8
2025/11/08 14:46:50 INFO session created token=94582b7f-af73-4b92-9c74-833156c5ffab name=User_19_8
2025/11/08 14:46:50 INFO session created token=7a4e5419-4311-497d-a5b9-527268206b04 name=User_33_9
2025/11/08 14:46:50 INFO session updated token=90c49413-0c89-408d-85a7-16defad5ea40 tableID=0xc0003e4a20 seatIndex=0xc0003e1de0
2025/11/08 14:46:50 INFO session created token=53b1e2ba-2591-4c12-a419-e08dd1505fee name=User_17_7
2025/11/08 14:46:50 INFO session created token=5992aa9f-626c-4f59-9bf4-ed52e7082b41 name=User_0_32
2025/11/08 14:46:50 INFO session created token=de83e425-6462-4d7c-8e23-42ebaf5b18ff name=User_23_7
2025/11/08 14:46:50 INFO session created token=fe590ffd-2695-4768-9e29-c49c114bb5a6 name=User_74_9
2025/11/08 14:46:50 INFO session created token=0f4fb664-84a7-44bb-885a-034411a20ebb name=User_31_99
2025/11/08 14:46:50 INFO session updated token=9e169285-ebc3-47af-8c79-aa7111d013c3 tableID=0xc0005cc3c0 seatIndex=0xc0005ce0b0
2025/11/08 14:46:50 INFO session removed token=7e346af9-0bed-4281-a675-bb064add190a
2025/11/08 14:46:50 INFO session updated token=580a5dbf-be22-41e5-bd17-d57491e54cb0 tableID=0xc0003e4a80 seatIndex=0xc0003e1e30
2025/11/08 14:46:50 INFO session updated token=fc0abc99-7f09-43c0-b6f6-b6d0b21cd2b3 tableID=0xc0005cc3e0 seatIndex=0xc0005ce0c0
2025/11/08 14:46:50 INFO session updated token=572124ea-0a44-494f-be53-b943274ca4dd tableID=0xc000156380 seatIndex=0xc000152510
2025/11/08 14:46:50 INFO session removed token=d096142e-8a3b-4006-aba9-144c6b0ad315
2025/11/08 14:46:50 INFO session removed token=59054182-0b41-46bd-b45f-9f8480aadcf9
2025/11/08 14:46:50 INFO session removed token=791afb79-a7c2-46c9-8cdd-335ea7901db6
2025/11/08 14:46:50 INFO session removed token=7ea0a533-9667-49a2-8c1f-b023a7e464e9
2025/11/08 14:46:50 INFO session removed token=231627ba-7b7b-47ac-80db-40a3e9f38582
2025/11/08 14:46:50 INFO session created token=fe0aa27c-18f4-44d8-b97c-59d1a0516bdb name=User_54_7
2025/11/08 14:46:50 INFO session updated token=fe0aa27c-18f4-44d8-b97c-59d1a0516bdb tableID=0xc0004d5dd0 seatIndex=0xc0004d91d8
2025/11/08 14:46:50 INFO session removed token=fe0aa27c-18f4-44d8-b97c-59d1a0516bdb
2025/11/08 14:46:50 INFO session created token=97fc7c8b-f6f1-4506-9f9e-9c6d6cacbdbd name=User_54_8
2025/11/08 14:46:50 INFO session removed token=572124ea-0a44-494f-be53-b943274ca4dd
2025/11/08 14:46:50 INFO session created token=5275c423-89ed-4fff-85cb-90dbd8ec43eb name=User_55_9
2025/11/08 14:46:50 INFO session created token=757d7efa-f0b9-446a-bfa4-097320a2bf44 name=User_83_10
2025/11/08 14:46:50 INFO session created token=5d58c44b-1f04-4f66-9d0a-d53f0213bb8f name=User_71_27
2025/11/08 14:46:50 INFO session created token=3691a8bd-dd79-4423-9744-cb5cf14a596a name=User_59_13
2025/11/08 14:46:50 INFO session created token=94b17583-6608-494c-adc5-8b47a4a8850c name=User_97_35
2025/11/08 14:46:50 INFO session updated token=5d58c44b-1f04-4f66-9d0a-d53f0213bb8f tableID=0xc000156500 seatIndex=0xc0001526f0
2025/11/08 14:46:50 INFO session removed token=5d58c44b-1f04-4f66-9d0a-d53f0213bb8f
2025/11/08 14:46:50 INFO session created token=e02235a9-1da8-49ce-897e-9f8cb6270293 name=User_71_28
2025/11/08 14:46:50 INFO session updated token=e02235a9-1da8-49ce-897e-9f8cb6270293 tableID=0xc0004d5ed0 seatIndex=0xc0004d92d8
2025/11/08 14:46:50 INFO session removed token=e02235a9-1da8-49ce-897e-9f8cb6270293
2025/11/08 14:46:50 INFO session created token=ec255cac-7629-4375-8e5d-c13451c9cb9c name=User_71_29
2025/11/08 14:46:50 INFO session updated token=ec255cac-7629-4375-8e5d-c13451c9cb9c tableID=0xc0004d5f20 seatIndex=0xc0004d9328
2025/11/08 14:46:50 INFO session removed token=ec255cac-7629-4375-8e5d-c13451c9cb9c
2025/11/08 14:46:50 INFO session created token=1c2dec02-89fd-4180-b1f6-d429ded3c0b5 name=User_71_30
2025/11/08 14:46:50 INFO session updated token=1c2dec02-89fd-4180-b1f6-d429ded3c0b5 tableID=0xc0004d5f70 seatIndex=0xc0004d9378
2025/11/08 14:46:50 INFO session removed token=1c2dec02-89fd-4180-b1f6-d429ded3c0b5
2025/11/08 14:46:50 INFO session created token=4c0332f1-da1e-4f12-b563-d53a3cdbe2f9 name=User_71_31
2025/11/08 14:46:50 INFO session updated token=4c0332f1-da1e-4f12-b563-d53a3cdbe2f9 tableID=0xc0004de040 seatIndex=0xc0004d93c8
2025/11/08 14:46:50 INFO session removed token=4c0332f1-da1e-4f12-b563-d53a3cdbe2f9
2025/11/08 14:46:50 INFO session created token=374d34f4-1064-4287-92c6-fe7a027edf8d name=User_71_32
2025/11/08 14:46:50 INFO session updated token=374d34f4-1064-4287-92c6-fe7a027edf8d tableID=0xc0004de090 seatIndex=0xc0004d9418
2025/11/08 14:46:50 INFO session removed token=374d34f4-1064-4287-92c6-fe7a027edf8d
2025/11/08 14:46:50 INFO session created token=be7f697a-f360-47aa-bdea-5b74b8b43182 name=User_71_33
2025/11/08 14:46:50 INFO session updated token=be7f697a-f360-47aa-bdea-5b74b8b43182 tableID=0xc0004de0e0 seatIndex=0xc0004d9468
2025/11/08 14:46:50 INFO session removed token=be7f697a-f360-47aa-bdea-5b74b8b43182
2025/11/08 14:46:50 INFO session created token=fc24d2c3-d2ce-4e93-a260-6b8d9fc911d0 name=User_71_34
2025/11/08 14:46:50 INFO session updated token=fc24d2c3-d2ce-4e93-a260-6b8d9fc911d0 tableID=0xc0004de130 seatIndex=0xc0004d94b8
2025/11/08 14:46:50 INFO session removed token=fc24d2c3-d2ce-4e93-a260-6b8d9fc911d0
2025/11/08 14:46:50 INFO session created token=b488fd9e-9510-470d-a907-b869c9891820 name=User_71_35
2025/11/08 14:46:50 INFO session updated token=b488fd9e-9510-470d-a907-b869c9891820 tableID=0xc0004de180 seatIndex=0xc0004d9508
2025/11/08 14:46:50 INFO session removed token=b488fd9e-9510-470d-a907-b869c9891820
2025/11/08 14:46:50 INFO session created token=07a3d5ea-f159-4d4f-8034-b60495ded28a name=User_71_36
2025/11/08 14:46:50 INFO session updated token=07a3d5ea-f159-4d4f-8034-b60495ded28a tableID=0xc0004de1d0 seatIndex=0xc0004d9558
2025/11/08 14:46:50 INFO session removed token=07a3d5ea-f159-4d4f-8034-b60495ded28a
2025/11/08 14:46:50 INFO session created token=c7022729-d231-438e-9093-6643bd1dec3f name=User_71_37
2025/11/08 14:46:50 INFO session updated token=c7022729-d231-438e-9093-6643bd1dec3f tableID=0xc0004de220 seatIndex=0xc0004d95a8
2025/11/08 14:46:50 INFO session removed token=c7022729-d231-438e-9093-6643bd1dec3f
2025/11/08 14:46:50 INFO session created token=353bed84-ed08-470f-ab71-697dd47807e6 name=User_71_38
2025/11/08 14:46:50 INFO session updated token=353bed84-ed08-470f-ab71-697dd47807e6 tableID=0xc0004de270 seatIndex=0xc0004d95f8
2025/11/08 14:46:50 INFO session removed token=353bed84-ed08-470f-ab71-697dd47807e6
2025/11/08 14:46:50 INFO session created token=609b0cbc-8f37-46c0-90ea-f710b8529a52 name=User_71_39
2025/11/08 14:46:50 INFO session updated token=609b0cbc-8f37-46c0-90ea-f710b8529a52 tableID=0xc0004de2c0 seatIndex=0xc0004d9648
2025/11/08 14:46:50 INFO session removed token=609b0cbc-8f37-46c0-90ea-f710b8529a52
2025/11/08 14:46:50 INFO session created token=ee37fd61-5fa6-4e09-b08b-d05cbc732ee9 name=User_71_40
2025/11/08 14:46:50 INFO session updated token=ee37fd61-5fa6-4e09-b08b-d05cbc732ee9 tableID=0xc0004de310 seatIndex=0xc0004d9698
2025/11/08 14:46:50 INFO session removed token=ee37fd61-5fa6-4e09-b08b-d05cbc732ee9
2025/11/08 14:46:50 INFO session created token=3054bd7f-2868-4a05-a33d-1bbd33e3e61d name=User_71_41
2025/11/08 14:46:50 INFO session updated token=3054bd7f-2868-4a05-a33d-1bbd33e3e61d tableID=0xc0004de360 seatIndex=0xc0004d96e8
2025/11/08 14:46:50 INFO session removed token=3054bd7f-2868-4a05-a33d-1bbd33e3e61d
2025/11/08 14:46:50 INFO session created token=eb3d41cc-1244-4eff-ba49-733d80ed28aa name=User_71_42
2025/11/08 14:46:50 INFO session updated token=eb3d41cc-1244-4eff-ba49-733d80ed28aa tableID=0xc0004de3b0 seatIndex=0xc0004d9738
2025/11/08 14:46:50 INFO session removed token=eb3d41cc-1244-4eff-ba49-733d80ed28aa
2025/11/08 14:46:50 INFO session created token=8fed1b44-aedf-41dd-8b56-3a1ae1b273ec name=User_71_43
2025/11/08 14:46:50 INFO session updated token=8fed1b44-aedf-41dd-8b56-3a1ae1b273ec tableID=0xc0004de400 seatIndex=0xc0004d9788
2025/11/08 14:46:50 INFO session removed token=8fed1b44-aedf-41dd-8b56-3a1ae1b273ec
2025/11/08 14:46:50 INFO session created token=0f9d4f19-8a0b-4264-8941-195972ca35d4 name=User_71_44
2025/11/08 14:46:50 INFO session updated token=0f9d4f19-8a0b-4264-8941-195972ca35d4 tableID=0xc0004de450 seatIndex=0xc0004d97d8
2025/11/08 14:46:50 INFO session removed token=0f9d4f19-8a0b-4264-8941-195972ca35d4
2025/11/08 14:46:50 INFO session created token=51f1c921-9404-4482-9cfb-6371b9482385 name=User_71_45
2025/11/08 14:46:50 INFO session updated token=51f1c921-9404-4482-9cfb-6371b9482385 tableID=0xc0004de4a0 seatIndex=0xc0004d9828
2025/11/08 14:46:50 INFO session removed token=51f1c921-9404-4482-9cfb-6371b9482385
2025/11/08 14:46:50 INFO session created token=36ef1f16-692f-47b2-9d74-f03e784b4802 name=User_71_46
2025/11/08 14:46:50 INFO session updated token=36ef1f16-692f-47b2-9d74-f03e784b4802 tableID=0xc0004de4f0 seatIndex=0xc0004d9878
2025/11/08 14:46:50 INFO session removed token=36ef1f16-692f-47b2-9d74-f03e784b4802
2025/11/08 14:46:50 INFO session created token=ce8b937c-b6ed-4504-99df-6d990ece0b5e name=User_71_47
2025/11/08 14:46:50 INFO session updated token=ce8b937c-b6ed-4504-99df-6d990ece0b5e tableID=0xc0004de540 seatIndex=0xc0004d98c8
2025/11/08 14:46:50 INFO session removed token=ce8b937c-b6ed-4504-99df-6d990ece0b5e
2025/11/08 14:46:50 INFO session created token=7f83398a-ccfa-4d59-a375-facb836ed01f name=User_71_48
2025/11/08 14:46:50 INFO session updated token=7f83398a-ccfa-4d59-a375-facb836ed01f tableID=0xc0004de590 seatIndex=0xc0004d9918
2025/11/08 14:46:50 INFO session removed token=7f83398a-ccfa-4d59-a375-facb836ed01f
2025/11/08 14:46:50 INFO session created token=9cfe083c-be18-4b4f-a755-909a4b1cfe31 name=User_71_49
2025/11/08 14:46:50 INFO session updated token=9cfe083c-be18-4b4f-a755-909a4b1cfe31 tableID=0xc0004de5e0 seatIndex=0xc0004d9968
2025/11/08 14:46:50 INFO session removed token=9cfe083c-be18-4b4f-a755-909a4b1cfe31
2025/11/08 14:46:50 INFO session created token=7a95db0e-c78a-430b-8ac4-ea84329d232d name=User_71_50
2025/11/08 14:46:50 INFO session updated token=7a95db0e-c78a-430b-8ac4-ea84329d232d tableID=0xc0004de630 seatIndex=0xc0004d99b8
2025/11/08 14:46:50 INFO session removed token=7a95db0e-c78a-430b-8ac4-ea84329d232d
2025/11/08 14:46:50 INFO session created token=a0fa4993-a5e4-49f9-85a4-8b4031f877b2 name=User_71_51
2025/11/08 14:46:50 INFO session updated token=a0fa4993-a5e4-49f9-85a4-8b4031f877b2 tableID=0xc0004de680 seatIndex=0xc0004d9a08
2025/11/08 14:46:50 INFO session removed token=a0fa4993-a5e4-49f9-85a4-8b4031f877b2
2025/11/08 14:46:50 INFO session created token=cb5b2e23-98c9-4f79-bc34-30c2de157ee0 name=User_71_52
2025/11/08 14:46:50 INFO session updated token=cb5b2e23-98c9-4f79-bc34-30c2de157ee0 tableID=0xc0004de6d0 seatIndex=0xc0004d9a58
2025/11/08 14:46:50 INFO session removed token=cb5b2e23-98c9-4f79-bc34-30c2de157ee0
2025/11/08 14:46:50 INFO session created token=c76515a1-a5aa-4b5d-8336-549771023305 name=User_71_53
2025/11/08 14:46:50 INFO session updated token=c76515a1-a5aa-4b5d-8336-549771023305 tableID=0xc0004de720 seatIndex=0xc0004d9aa8
2025/11/08 14:46:50 INFO session removed token=c76515a1-a5aa-4b5d-8336-549771023305
2025/11/08 14:46:50 INFO session created token=aa72aecc-3771-4b08-9faf-9aaeb11b4cf2 name=User_71_54
2025/11/08 14:46:50 INFO session updated token=aa72aecc-3771-4b08-9faf-9aaeb11b4cf2 tableID=0xc0004de770 seatIndex=0xc0004d9af8
2025/11/08 14:46:50 INFO session removed token=aa72aecc-3771-4b08-9faf-9aaeb11b4cf2
2025/11/08 14:46:50 INFO session created token=6f975635-e292-44b9-aaac-f6ea1e074582 name=User_71_55
2025/11/08 14:46:50 INFO session updated token=6f975635-e292-44b9-aaac-f6ea1e074582 tableID=0xc0004de7c0 seatIndex=0xc0004d9b48
2025/11/08 14:46:50 INFO session removed token=6f975635-e292-44b9-aaac-f6ea1e074582
2025/11/08 14:46:50 INFO session created token=d654b723-131f-49df-b45e-a99f9c856263 name=User_71_56
2025/11/08 14:46:50 INFO session updated token=d654b723-131f-49df-b45e-a99f9c856263 tableID=0xc0004de810 seatIndex=0xc0004d9b98
2025/11/08 14:46:50 INFO session removed token=d654b723-131f-49df-b45e-a99f9c856263
2025/11/08 14:46:50 INFO session created token=8e94bdc9-206f-4493-baea-5ee0e0dee649 name=User_71_57
2025/11/08 14:46:50 INFO session updated token=8e94bdc9-206f-4493-baea-5ee0e0dee649 tableID=0xc0004de860 seatIndex=0xc0004d9be8
2025/11/08 14:46:50 INFO session removed token=8e94bdc9-206f-4493-baea-5ee0e0dee649
2025/11/08 14:46:50 INFO session created token=3b35f911-0f64-4e3d-9170-abfa657bd4a2 name=User_71_58
2025/11/08 14:46:50 INFO session updated token=3b35f911-0f64-4e3d-9170-abfa657bd4a2 tableID=0xc0004de8b0 seatIndex=0xc0004d9c38
2025/11/08 14:46:50 INFO session removed token=3b35f911-0f64-4e3d-9170-abfa657bd4a2
2025/11/08 14:46:50 INFO session created token=491f1a8c-d692-43d4-ad98-51fc1a18db4d name=User_71_59
2025/11/08 14:46:50 INFO session updated token=491f1a8c-d692-43d4-ad98-51fc1a18db4d tableID=0xc0004de900 seatIndex=0xc0004d9c88
2025/11/08 14:46:50 INFO session removed token=491f1a8c-d692-43d4-ad98-51fc1a18db4d
2025/11/08 14:46:50 INFO session created token=8d904a0a-83c2-462b-bb79-e25ebdb86829 name=User_71_60
2025/11/08 14:46:50 INFO session updated token=8d904a0a-83c2-462b-bb79-e25ebdb86829 tableID=0xc0004de950 seatIndex=0xc0004d9cd8
2025/11/08 14:46:50 INFO session removed token=8d904a0a-83c2-462b-bb79-e25ebdb86829
2025/11/08 14:46:50 INFO session created token=4032d793-141f-40af-9d59-aa7db3946679 name=User_71_61
2025/11/08 14:46:50 INFO session updated token=4032d793-141f-40af-9d59-aa7db3946679 tableID=0xc0004de9a0 seatIndex=0xc0004d9d28
2025/11/08 14:46:50 INFO session removed token=4032d793-141f-40af-9d59-aa7db3946679
2025/11/08 14:46:50 INFO session created token=13d90580-c3a6-4c90-9195-cce7a578c903 name=User_71_62
2025/11/08 14:46:50 INFO session updated token=13d90580-c3a6-4c90-9195-cce7a578c903 tableID=0xc0004de9f0 seatIndex=0xc0004d9d78
2025/11/08 14:46:50 INFO session removed token=13d90580-c3a6-4c90-9195-cce7a578c903
2025/11/08 14:46:50 INFO session created token=0951f3b4-130f-45c1-8a56-29186b1a91e1 name=User_71_63
2025/11/08 14:46:50 INFO session updated token=0951f3b4-130f-45c1-8a56-29186b1a91e1 tableID=0xc0004dea40 seatIndex=0xc0004d9dc8
2025/11/08 14:46:50 INFO session removed token=0951f3b4-130f-45c1-8a56-29186b1a91e1
2025/11/08 14:46:50 INFO session created token=a6f5ee4b-1f96-4e71-a886-88d62f527292 name=User_71_64
2025/11/08 14:46:50 INFO session updated token=a6f5ee4b-1f96-4e71-a886-88d62f527292 tableID=0xc0004dea90 seatIndex=0xc0004d9e18
2025/11/08 14:46:50 INFO session removed token=a6f5ee4b-1f96-4e71-a886-88d62f527292
2025/11/08 14:46:50 INFO session created token=fb50cc89-3308-45b6-ad9c-059493543b9a name=User_71_65
2025/11/08 14:46:50 INFO session updated token=fb50cc89-3308-45b6-ad9c-059493543b9a tableID=0xc0004deae0 seatIndex=0xc0004d9e68
2025/11/08 14:46:50 INFO session removed token=fb50cc89-3308-45b6-ad9c-059493543b9a
2025/11/08 14:46:50 INFO session created token=827ff5cf-2750-44db-a7f7-a0adcb07fb86 name=User_71_66
2025/11/08 14:46:50 INFO session updated token=827ff5cf-2750-44db-a7f7-a0adcb07fb86 tableID=0xc0004deb30 seatIndex=0xc0004d9eb8
2025/11/08 14:46:50 INFO session removed token=827ff5cf-2750-44db-a7f7-a0adcb07fb86
2025/11/08 14:46:50 INFO session created token=93fb7a5c-db90-478f-ba67-709c9813ae49 name=User_71_67
2025/11/08 14:46:50 INFO session updated token=93fb7a5c-db90-478f-ba67-709c9813ae49 tableID=0xc0004deb80 seatIndex=0xc0004d9f08
2025/11/08 14:46:50 INFO session removed token=93fb7a5c-db90-478f-ba67-709c9813ae49
2025/11/08 14:46:50 INFO session created token=9ca5db86-a5d6-456c-bcd1-01103e0356a8 name=User_71_68
2025/11/08 14:46:50 INFO session updated token=9ca5db86-a5d6-456c-bcd1-01103e0356a8 tableID=0xc0004debd0 seatIndex=0xc0004d9f58
2025/11/08 14:46:50 INFO session removed token=9ca5db86-a5d6-456c-bcd1-01103e0356a8
2025/11/08 14:46:50 INFO session created token=f4ff02cb-df66-475c-9565-643074c5baad name=User_71_69
2025/11/08 14:46:50 INFO session updated token=f4ff02cb-df66-475c-9565-643074c5baad tableID=0xc0004dec20 seatIndex=0xc0004d9fa8
2025/11/08 14:46:50 INFO session removed token=f4ff02cb-df66-475c-9565-643074c5baad
2025/11/08 14:46:50 INFO session created token=e6576fb8-68b3-47e9-90a3-7ebc131d992a name=User_71_70
2025/11/08 14:46:50 INFO session updated token=e6576fb8-68b3-47e9-90a3-7ebc131d992a tableID=0xc0004dec70 seatIndex=0xc0004d9ff8
2025/11/08 14:46:50 INFO session removed token=e6576fb8-68b3-47e9-90a3-7ebc131d992a
2025/11/08 14:46:50 INFO session created token=d85d3a19-040f-407c-9190-3c601e801a96 name=User_71_71
2025/11/08 14:46:50 INFO session updated token=d85d3a19-040f-407c-9190-3c601e801a96 tableID=0xc0004decc0 seatIndex=0xc0004e2048
2025/11/08 14:46:50 INFO session removed token=d85d3a19-040f-407c-9190-3c601e801a96
2025/11/08 14:46:50 INFO session created token=d182d3ea-f7b6-4a62-8b1e-398a4f75347f name=User_71_72
2025/11/08 14:46:50 INFO session updated token=d182d3ea-f7b6-4a62-8b1e-398a4f75347f tableID=0xc0004ded10 seatIndex=0xc0004e2098
2025/11/08 14:46:50 INFO session removed token=d182d3ea-f7b6-4a62-8b1e-398a4f75347f
2025/11/08 14:46:50 INFO session created token=a43c287a-80e7-48b6-842e-a1a450f77135 name=User_71_73
2025/11/08 14:46:50 INFO session updated token=a43c287a-80e7-48b6-842e-a1a450f77135 tableID=0xc0004ded60 seatIndex=0xc0004e20e8
2025/11/08 14:46:50 INFO session removed token=a43c287a-80e7-48b6-842e-a1a450f77135
2025/11/08 14:46:50 INFO session created token=47eae97b-ee95-42d8-8555-ab34bc0c1652 name=User_71_74
2025/11/08 14:46:50 INFO session updated token=47eae97b-ee95-42d8-8555-ab34bc0c1652 tableID=0xc0004dedb0 seatIndex=0xc0004e2138
2025/11/08 14:46:50 INFO session removed token=47eae97b-ee95-42d8-8555-ab34bc0c1652
2025/11/08 14:46:50 INFO session created token=3d03c3fd-6fbb-46e4-87d5-628591b0f33f name=User_71_75
2025/11/08 14:46:50 INFO session updated token=3d03c3fd-6fbb-46e4-87d5-628591b0f33f tableID=0xc0004dee00 seatIndex=0xc0004e2188
2025/11/08 14:46:50 INFO session removed token=3d03c3fd-6fbb-46e4-87d5-628591b0f33f
2025/11/08 14:46:50 INFO session created token=b59f9ebc-52f8-48e8-8115-6577b3a18e76 name=User_71_76
2025/11/08 14:46:50 INFO session updated token=b59f9ebc-52f8-48e8-8115-6577b3a18e76 tableID=0xc0004dee50 seatIndex=0xc0004e21d8
2025/11/08 14:46:50 INFO session removed token=b59f9ebc-52f8-48e8-8115-6577b3a18e76
2025/11/08 14:46:50 INFO session created token=e828e189-6d7c-4082-bf01-248b03383fea name=User_71_77
2025/11/08 14:46:50 INFO session updated token=e828e189-6d7c-4082-bf01-248b03383fea tableID=0xc0004deea0 seatIndex=0xc0004e2228
2025/11/08 14:46:50 INFO session removed token=e828e189-6d7c-4082-bf01-248b03383fea
2025/11/08 14:46:50 INFO session created token=f9272fff-9b81-4501-a78d-0fd54996cac0 name=User_71_78
2025/11/08 14:46:50 INFO session updated token=f9272fff-9b81-4501-a78d-0fd54996cac0 tableID=0xc0004deef0 seatIndex=0xc0004e2278
2025/11/08 14:46:50 INFO session removed token=f9272fff-9b81-4501-a78d-0fd54996cac0
2025/11/08 14:46:50 INFO session created token=2da21b50-5891-4943-a56f-a0948e707f8b name=User_71_79
2025/11/08 14:46:50 INFO session updated token=2da21b50-5891-4943-a56f-a0948e707f8b tableID=0xc0004def40 seatIndex=0xc0004e22c8
2025/11/08 14:46:50 INFO session removed token=2da21b50-5891-4943-a56f-a0948e707f8b
2025/11/08 14:46:50 INFO session created token=adcde4e7-9ffb-418c-ba7a-27bc299c82ae name=User_71_80
2025/11/08 14:46:50 INFO session updated token=adcde4e7-9ffb-418c-ba7a-27bc299c82ae tableID=0xc0004def90 seatIndex=0xc0004e2318
2025/11/08 14:46:50 INFO session removed token=adcde4e7-9ffb-418c-ba7a-27bc299c82ae
2025/11/08 14:46:50 INFO session created token=bd6f8f60-59c0-4c2d-a33f-cd91a9dc26c6 name=User_71_81
2025/11/08 14:46:50 INFO session updated token=bd6f8f60-59c0-4c2d-a33f-cd91a9dc26c6 tableID=0xc0004defe0 seatIndex=0xc0004e2368
2025/11/08 14:46:50 INFO session removed token=bd6f8f60-59c0-4c2d-a33f-cd91a9dc26c6
2025/11/08 14:46:50 INFO session created token=06ab4a48-7bdb-4de3-8099-3491c7d02048 name=User_71_82
2025/11/08 14:46:50 INFO session updated token=06ab4a48-7bdb-4de3-8099-3491c7d02048 tableID=0xc0004df030 seatIndex=0xc0004e23b8
2025/11/08 14:46:50 INFO session removed token=06ab4a48-7bdb-4de3-8099-3491c7d02048
2025/11/08 14:46:50 INFO session created token=516301ac-7fc5-40a3-97ea-09198fde1abd name=User_71_83
2025/11/08 14:46:50 INFO session updated token=516301ac-7fc5-40a3-97ea-09198fde1abd tableID=0xc0004df080 seatIndex=0xc0004e2408
2025/11/08 14:46:50 INFO session removed token=516301ac-7fc5-40a3-97ea-09198fde1abd
2025/11/08 14:46:50 INFO session created token=9c2e16aa-d55c-4a0f-84ca-3d2cd9873db4 name=User_71_84
2025/11/08 14:46:50 INFO session updated token=9c2e16aa-d55c-4a0f-84ca-3d2cd9873db4 tableID=0xc0004df0d0 seatIndex=0xc0004e2458
2025/11/08 14:46:50 INFO session removed token=9c2e16aa-d55c-4a0f-84ca-3d2cd9873db4
2025/11/08 14:46:50 INFO session created token=0eb42383-b7cc-43dc-b5af-128a7abbcef4 name=User_71_85
2025/11/08 14:46:50 INFO session updated token=0eb42383-b7cc-43dc-b5af-128a7abbcef4 tableID=0xc0004df120 seatIndex=0xc0004e24a8
2025/11/08 14:46:50 INFO session removed token=0eb42383-b7cc-43dc-b5af-128a7abbcef4
2025/11/08 14:46:50 INFO session created token=42dd0d42-0e7d-4d77-bdec-f71a670811ec name=User_71_86
2025/11/08 14:46:50 INFO session updated token=42dd0d42-0e7d-4d77-bdec-f71a670811ec tableID=0xc0004df170 seatIndex=0xc0004e24f8
2025/11/08 14:46:50 INFO session removed token=42dd0d42-0e7d-4d77-bdec-f71a670811ec
2025/11/08 14:46:50 INFO session created token=01522861-c2e7-46ec-9261-c6b3308be0e6 name=User_71_87
2025/11/08 14:46:50 INFO session updated token=01522861-c2e7-46ec-9261-c6b3308be0e6 tableID=0xc0004df1c0 seatIndex=0xc0004e2548
2025/11/08 14:46:50 INFO session removed token=01522861-c2e7-46ec-9261-c6b3308be0e6
2025/11/08 14:46:50 INFO session created token=9285b128-0137-418b-aff2-e8798c0f7ee2 name=User_71_88
2025/11/08 14:46:50 INFO session updated token=9285b128-0137-418b-aff2-e8798c0f7ee2 tableID=0xc0004df210 seatIndex=0xc0004e2598
2025/11/08 14:46:50 INFO session removed token=9285b128-0137-418b-aff2-e8798c0f7ee2
2025/11/08 14:46:50 INFO session created token=d0265185-b422-4118-a3d3-0c78a9b092ed name=User_71_89
2025/11/08 14:46:50 INFO session updated token=d0265185-b422-4118-a3d3-0c78a9b092ed tableID=0xc0004df260 seatIndex=0xc0004e25e8
2025/11/08 14:46:50 INFO session removed token=d0265185-b422-4118-a3d3-0c78a9b092ed
2025/11/08 14:46:50 INFO session created token=423e1ec8-b7b4-4392-a28d-9caaa40d6a15 name=User_71_90
2025/11/08 14:46:50 INFO session updated token=423e1ec8-b7b4-4392-a28d-9caaa40d6a15 tableID=0xc0004df2b0 seatIndex=0xc0004e2638
2025/11/08 14:46:50 INFO session removed token=423e1ec8-b7b4-4392-a28d-9caaa40d6a15
2025/11/08 14:46:50 INFO session created token=29cd993c-38f5-4fb0-8e07-755121f43594 name=User_71_91
2025/11/08 14:46:50 INFO session updated token=29cd993c-38f5-4fb0-8e07-755121f43594 tableID=0xc0004df300 seatIndex=0xc0004e2688
2025/11/08 14:46:50 INFO session removed token=29cd993c-38f5-4fb0-8e07-755121f43594
2025/11/08 14:46:50 INFO session created token=aa99041b-83eb-47aa-8c20-187ef8ced55d name=User_71_92
2025/11/08 14:46:50 INFO session updated token=aa99041b-83eb-47aa-8c20-187ef8ced55d tableID=0xc0004df350 seatIndex=0xc0004e26d8
2025/11/08 14:46:50 INFO session removed token=aa99041b-83eb-47aa-8c20-187ef8ced55d
2025/11/08 14:46:50 INFO session created token=0c96c099-08a6-44fb-8dce-77cdda1685ce name=User_71_93
2025/11/08 14:46:50 INFO session updated token=0c96c099-08a6-44fb-8dce-77cdda1685ce tableID=0xc0004df3a0 seatIndex=0xc0004e2728
2025/11/08 14:46:50 INFO session removed token=0c96c099-08a6-44fb-8dce-77cdda1685ce
2025/11/08 14:46:50 INFO session created token=6581ed2b-8aba-416e-8689-f5f265e85f69 name=User_71_94
2025/11/08 14:46:50 INFO session updated token=6581ed2b-8aba-416e-8689-f5f265e85f69 tableID=0xc0004df3f0 seatIndex=0xc0004e2778
2025/11/08 14:46:50 INFO session removed token=6581ed2b-8aba-416e-8689-f5f265e85f69
2025/11/08 14:46:50 INFO session created token=45270162-6a00-43fa-ae65-e767b9574755 name=User_71_95
2025/11/08 14:46:50 INFO session updated token=45270162-6a00-43fa-ae65-e767b9574755 tableID=0xc0004df440 seatIndex=0xc0004e27c8
2025/11/08 14:46:50 INFO session removed token=45270162-6a00-43fa-ae65-e767b9574755
2025/11/08 14:46:50 INFO session created token=6613cdbb-932e-4626-b167-b95e9d6f0928 name=User_71_96
2025/11/08 14:46:50 INFO session updated token=6613cdbb-932e-4626-b167-b95e9d6f0928 tableID=0xc0004df490 seatIndex=0xc0004e2818
2025/11/08 14:46:50 INFO session removed token=6613cdbb-932e-4626-b167-b95e9d6f0928
2025/11/08 14:46:50 INFO session created token=746c09fd-5a65-4a1b-8f9f-bd0280cec008 name=User_71_97
2025/11/08 14:46:50 INFO session updated token=746c09fd-5a65-4a1b-8f9f-bd0280cec008 tableID=0xc0004df4e0 seatIndex=0xc0004e2868
2025/11/08 14:46:50 INFO session removed token=746c09fd-5a65-4a1b-8f9f-bd0280cec008
2025/11/08 14:46:50 INFO session created token=64e5e81d-09cb-4022-a18d-fd06447ac34a name=User_71_98
2025/11/08 14:46:50 INFO session updated token=64e5e81d-09cb-4022-a18d-fd06447ac34a tableID=0xc0004df530 seatIndex=0xc0004e28b8
2025/11/08 14:46:50 INFO session removed token=64e5e81d-09cb-4022-a18d-fd06447ac34a
2025/11/08 14:46:50 INFO session created token=91b790ef-2f7f-4c9c-985f-79f9814e18b7 name=User_71_99
2025/11/08 14:46:50 INFO session updated token=91b790ef-2f7f-4c9c-985f-79f9814e18b7 tableID=0xc0004df580 seatIndex=0xc0004e2908
2025/11/08 14:46:50 INFO session removed token=91b790ef-2f7f-4c9c-985f-79f9814e18b7
2025/11/08 14:46:50 INFO session created token=cd7fabcd-5215-4c63-928d-305e5a3d251f name=User_56_13
2025/11/08 14:46:50 INFO session updated token=cd7fabcd-5215-4c63-928d-305e5a3d251f tableID=0xc0004df5d0 seatIndex=0xc0004e2938
2025/11/08 14:46:50 INFO session removed token=cd7fabcd-5215-4c63-928d-305e5a3d251f
2025/11/08 14:46:50 INFO session created token=d175d804-abac-4c23-92f8-f66c3d64bff9 name=User_56_14
2025/11/08 14:46:50 INFO session updated token=d175d804-abac-4c23-92f8-f66c3d64bff9 tableID=0xc0004df620 seatIndex=0xc0004e2988
2025/11/08 14:46:50 INFO session removed token=d175d804-abac-4c23-92f8-f66c3d64bff9
2025/11/08 14:46:50 INFO session created token=b41f3f91-9135-454f-810e-cbf02ec6168c name=User_56_15
2025/11/08 14:46:50 INFO session created token=821d830e-973b-44b3-ab2f-ae8c2bc58f8f name=User_63_17
2025/11/08 14:46:50 INFO session updated token=b41f3f91-9135-454f-810e-cbf02ec6168c tableID=0xc0004df670 seatIndex=0xc0004e29d8
2025/11/08 14:46:50 INFO session removed token=b41f3f91-9135-454f-810e-cbf02ec6168c
2025/11/08 14:46:50 INFO session created token=ac78a49a-70c0-452a-bf85-2df0bc881a5c name=User_56_16
2025/11/08 14:46:50 INFO session updated token=ac78a49a-70c0-452a-bf85-2df0bc881a5c tableID=0xc0004df6d0 seatIndex=0xc0004e2a38
2025/11/08 14:46:50 INFO session created token=dd7c5bd8-0c65-441e-835c-f938e2b924c1 name=User_94_16
2025/11/08 14:46:50 INFO session removed token=ac78a49a-70c0-452a-bf85-2df0bc881a5c
2025/11/08 14:46:50 INFO session created token=51be8e4d-db42-4dce-8761-2291bcf689e0 name=User_18_11
2025/11/08 14:46:50 INFO session updated token=51be8e4d-db42-4dce-8761-2291bcf689e0 tableID=0xc0004df730 seatIndex=0xc0004e2a98
2025/11/08 14:46:50 INFO session removed token=51be8e4d-db42-4dce-8761-2291bcf689e0
2025/11/08 14:46:50 INFO session created token=85624476-e051-423e-a7e5-7413fd85d085 name=User_18_12
2025/11/08 14:46:50 INFO session updated token=85624476-e051-423e-a7e5-7413fd85d085 tableID=0xc0004df780 seatIndex=0xc0004e2ae8
2025/11/08 14:46:50 INFO session removed token=85624476-e051-423e-a7e5-7413fd85d085
2025/11/08 14:46:50 INFO session created token=4d9b765a-8bb4-43cb-b74e-ace1b501bc40 name=User_18_13
2025/11/08 14:46:50 INFO session updated token=4d9b765a-8bb4-43cb-b74e-ace1b501bc40 tableID=0xc0004df7d0 seatIndex=0xc0004e2b38
2025/11/08 14:46:50 INFO session removed token=4d9b765a-8bb4-43cb-b74e-ace1b501bc40
2025/11/08 14:46:50 INFO session created token=9d5b31c0-143c-4892-bd2e-2e5562648507 name=User_18_14
2025/11/08 14:46:50 INFO session updated token=9d5b31c0-143c-4892-bd2e-2e5562648507 tableID=0xc0004df820 seatIndex=0xc0004e2b88
2025/11/08 14:46:50 INFO session removed token=9d5b31c0-143c-4892-bd2e-2e5562648507
2025/11/08 14:46:50 INFO session created token=7eb78204-4503-486d-a53c-29109cb434db name=User_18_15
2025/11/08 14:46:50 INFO session updated token=7eb78204-4503-486d-a53c-29109cb434db tableID=0xc0004df870 seatIndex=0xc0004e2bd8
2025/11/08 14:46:50 INFO session removed token=7eb78204-4503-486d-a53c-29109cb434db
2025/11/08 14:46:50 INFO session created token=00ac0975-f620-41fc-8874-6690d0977a0d name=User_18_16
2025/11/08 14:46:50 INFO session updated token=00ac0975-f620-41fc-8874-6690d0977a0d tableID=0xc0004df8c0 seatIndex=0xc0004e2c28
2025/11/08 14:46:50 INFO session removed token=00ac0975-f620-41fc-8874-6690d0977a0d
2025/11/08 14:46:50 INFO session created token=65990292-1a96-40ce-bdc7-2fb6c204d62a name=User_18_17
2025/11/08 14:46:50 INFO session updated token=65990292-1a96-40ce-bdc7-2fb6c204d62a tableID=0xc0004df910 seatIndex=0xc0004e2c78
2025/11/08 14:46:50 INFO session removed token=65990292-1a96-40ce-bdc7-2fb6c204d62a
2025/11/08 14:46:50 INFO session created token=67c0a86c-3fef-4d1d-99c1-670baaec4a12 name=User_18_18
2025/11/08 14:46:50 INFO session updated token=67c0a86c-3fef-4d1d-99c1-670baaec4a12 tableID=0xc0004df960 seatIndex=0xc0004e2cc8
2025/11/08 14:46:50 INFO session removed token=67c0a86c-3fef-4d1d-99c1-670baaec4a12
2025/11/08 14:46:50 INFO session updated token=1a2cd064-ea76-4605-bc7f-c271309629c7 tableID=0xc0005cc4d0 seatIndex=0xc0005ce190
2025/11/08 14:46:50 INFO session removed token=1a2cd064-ea76-4605-bc7f-c271309629c7
2025/11/08 14:46:50 INFO session updated token=0db0f3a2-9ad1-4cfd-a5bb-ea57b6bc92ce tableID=0xc0005cc750 seatIndex=0xc0005ce400
2025/11/08 14:46:50 INFO session removed token=0db0f3a2-9ad1-4cfd-a5bb-ea57b6bc92ce
2025/11/08 14:46:50 INFO session created token=1fc83864-a42f-452c-b151-ee96e182a621 name=User_77_9
2025/11/08 14:46:50 INFO session updated token=1fc83864-a42f-452c-b151-ee96e182a621 tableID=0xc000156590 seatIndex=0xc0001527e0
2025/11/08 14:46:50 INFO session removed token=1fc83864-a42f-452c-b151-ee96e182a621
2025/11/08 14:46:50 INFO session removed token=154c32b8-7184-4a8c-a467-bc535a282fc2
2025/11/08 14:46:50 INFO session removed token=0e0372e9-202c-4209-bff2-7a0dd45d22e2
2025/11/08 14:46:50 INFO session updated token=5feb2c6d-bdfd-4748-86f0-aac8c14408ae tableID=0xc0005cc160 seatIndex=0xc0005c7e28
2025/11/08 14:46:50 INFO session removed token=5e74ed7b-1d16-4082-9eb7-b9ba97ef119c
2025/11/08 14:46:50 INFO session created token=6cffae17-0a48-4561-914b-3995b1036010 name=User_36_8
2025/11/08 14:46:50 INFO session removed token=6c3bb1d3-4c94-491a-9e18-47c110db12a7
2025/11/08 14:46:50 INFO session created token=5376992c-99e1-4667-a786-e6d78be215ee name=User_84_13
2025/11/08 14:46:50 INFO session created token=7d0230bb-dfab-4cef-a17a-553809515031 name=User_37_25
2025/11/08 14:46:50 INFO session updated token=d554cd22-ae0b-4ec9-a9fa-2faca95da08c tableID=0xc0005cc8a0 seatIndex=0xc0005ce510
2025/11/08 14:46:50 INFO session removed token=a4ebf34e-03b7-4703-8119-1486739e47ee
2025/11/08 14:46:50 INFO session removed token=f5075cab-508d-4a3b-8cce-18e55ddb0e3d
2025/11/08 14:46:50 INFO session removed token=42c33894-6e8b-4d85-bd05-ec841cd47be7
2025/11/08 14:46:50 INFO session updated token=71b1f88c-4ccf-4852-abff-261948359a34 tableID=0xc0003e4ae0 seatIndex=0xc0003e1ec0
2025/11/08 14:46:50 INFO session updated token=33b57b73-1ed0-4403-bdbd-4fb52a7fe913 tableID=0xc000156410 seatIndex=0xc000152610
2025/11/08 14:46:50 INFO session updated token=ae2fcd73-5c61-4b01-ad7c-1bccfc2f0633 tableID=0xc0003e4af0 seatIndex=0xc0003e1ed0
2025/11/08 14:46:50 INFO session updated token=476bb7be-a6d7-4b2f-862c-48e4994c7714 tableID=0xc000156430 seatIndex=0xc000152620
2025/11/08 14:46:50 INFO session updated token=9125353c-c5b5-45ad-8af7-3035500ae723 tableID=0xc0003e4b00 seatIndex=0xc0003e1ee0
2025/11/08 14:46:50 INFO session updated token=569375b8-937b-4f93-9bb8-379604c8fde1 tableID=0xc0003e4b10 seatIndex=0xc0003e1ef0
2025/11/08 14:46:50 INFO session updated token=881fb426-eb01-4c45-bdbc-587b0875dbdd tableID=0xc0003e4b30 seatIndex=0xc0003e1f00
2025/11/08 14:46:50 INFO session removed token=e81e9da9-f020-4c08-9366-bf7164c5aff2
2025/11/08 14:46:50 INFO session updated token=48a87e35-c270-4736-98aa-3d7fdf7846eb tableID=0xc00054d710 seatIndex=0xc00054f250
2025/11/08 14:46:50 INFO session created token=2cf866cf-aba5-49e7-9455-c943110baff3 name=User_28_13
2025/11/08 14:46:50 INFO session updated token=33e2d365-74d0-4a01-abeb-891bce523600 tableID=0xc0003e4950 seatIndex=0xc0003e1d40
2025/11/08 14:46:50 INFO session created token=39a79004-57d2-440f-a470-813502b49e66 name=User_58_20
2025/11/08 14:46:50 INFO session created token=7e0b6886-98f8-452b-b1a8-55bf30616061 name=User_11_27
2025/11/08 14:46:50 INFO session created token=4630051c-a0af-4ae8-9376-c97d6aad5dac name=User_44_8
2025/11/08 14:46:50 INFO session created token=e1d2e8ae-f630-4f24-b97b-95dbcff3fb68 name=User_6_9
2025/11/08 14:46:50 INFO session created token=c66c974f-9493-49f2-b813-fe2e9f9e73ee name=User_34_9
2025/11/08 14:46:50 INFO session created token=3f14844f-5ffb-4b52-8b8b-d8867a5fb315 name=User_5_9
2025/11/08 14:46:50 INFO session updated token=e8bbba7f-947b-4ba1-a5c0-39abc69412f8 tableID=0xc0003e4c10 seatIndex=0xc0003e1fa0
2025/11/08 14:46:50 INFO session created token=11469762-4cb2-4585-b95d-79b754e415ef name=User_86_11
2025/11/08 14:46:50 INFO session created token=09ee4ac5-9adb-4743-98c0-c48002c2e141 name=User_96_8
2025/11/08 14:46:50 INFO session created token=07dea973-5716-4df9-9409-353ef9f8e8db name=User_65_18
2025/11/08 14:46:50 INFO session created token=3f0194b2-c447-49f9-9a25-9494c006dcdc name=User_50_11
2025/11/08 14:46:50 INFO session updated token=496b91c9-c67b-401b-ae1e-732b29ace803 tableID=0xc0003e4c30 seatIndex=0xc0003e1fd0
2025/11/08 14:46:50 INFO session updated token=6330df17-b0c4-4e2c-ab20-f8d5c226edd9 tableID=0xc0003e4ce0 seatIndex=0xc0003ea080
2025/11/08 14:46:50 INFO session updated token=499aba33-6b44-47c6-a275-a564748199d9 tableID=0xc0002dba30 seatIndex=0xc0002d9ac8
2025/11/08 14:46:50 INFO session removed token=3711da8b-b462-4b3b-a481-5923aca1932a
2025/11/08 14:46:50 INFO session removed token=416666cb-116f-4b52-98a1-7f49b9dd78f6
2025/11/08 14:46:50 INFO session removed token=3ac9fe08-cbc0-4baf-9baf-d000fb7b9e06
2025/11/08 14:46:50 INFO session removed token=a387f5e9-d07a-40e8-88bf-70eaa0b2faab
2025/11/08 14:46:50 INFO session removed token=99cb6698-1246-4ff6-b8a5-f73f5396fb74
2025/11/08 14:46:50 INFO session removed token=3bee0a15-4a4e-432e-bf8a-7cc3b2a743c9
2025/11/08 14:46:50 INFO session removed token=fbd8cd57-4249-4ef3-aefb-d8989e9058a2
2025/11/08 14:46:50 INFO session removed token=f962ad29-2edf-4635-843f-5ad83b0a6aa9
2025/11/08 14:46:50 INFO session removed token=52b1d663-1fdc-47a2-ab89-84ef16782d62
2025/11/08 14:46:50 INFO session updated token=dd0fd642-702a-4179-a9e0-1bd75dabc997 tableID=0xc0002dba60 seatIndex=0xc0002d9ad8
2025/11/08 14:46:50 INFO session removed token=35ed85e4-6c9e-41a3-8d2f-092cabdf5b82
2025/11/08 14:46:50 INFO session created token=c1f67231-90c6-40f4-9c41-648e009efcdc name=User_46_8
2025/11/08 14:46:50 INFO session removed token=6330df17-b0c4-4e2c-ab20-f8d5c226edd9
2025/11/08 14:46:50 INFO session created token=490de194-f761-4770-a40c-3a5c2c40f1d6 name=User_60_10
2025/11/08 14:46:50 INFO session removed token=499aba33-6b44-47c6-a275-a564748199d9
2025/11/08 14:46:50 INFO session created token=be30d4a8-67b8-47cd-be00-306e7ab54ad9 name=User_79_14
2025/11/08 14:46:50 INFO session created token=cdb0f393-c701-4058-bb3b-6218e27672d1 name=User_93_20
2025/11/08 14:46:50 INFO session created token=cef5880f-18b7-46b5-ad4b-a44ab1a5b457 name=User_25_17
2025/11/08 14:46:50 INFO session created token=730f2df3-dca5-4d6e-89f2-4fd617da3178 name=User_1_8
2025/11/08 14:46:50 INFO session updated token=c1f67231-90c6-40f4-9c41-648e009efcdc tableID=0xc0002dbba0 seatIndex=0xc0002d9c18
2025/11/08 14:46:50 INFO session removed token=c1f67231-90c6-40f4-9c41-648e009efcdc
2025/11/08 14:46:50 INFO session created token=e3f2c2f0-ed52-4aee-9edd-36cb6ede6c91 name=User_46_9
2025/11/08 14:46:50 INFO session updated token=e3f2c2f0-ed52-4aee-9edd-36cb6ede6c91 tableID=0xc0002dbc10 seatIndex=0xc0002d9c88
2025/11/08 14:46:50 INFO session removed token=e3f2c2f0-ed52-4aee-9edd-36cb6ede6c91
2025/11/08 14:46:50 INFO session created token=c0178971-fd92-43aa-b6e5-922ec85cb8c1 name=User_46_10
2025/11/08 14:46:50 INFO session updated token=c0178971-fd92-43aa-b6e5-922ec85cb8c1 tableID=0xc0002dbc60 seatIndex=0xc0002d9cd8
2025/11/08 14:46:50 INFO session removed token=c0178971-fd92-43aa-b6e5-922ec85cb8c1
2025/11/08 14:46:50 INFO session created token=cc351279-db6e-4ca0-b26d-60106e901770 name=User_46_11
2025/11/08 14:46:50 INFO session updated token=cc351279-db6e-4ca0-b26d-60106e901770 tableID=0xc0002dbcb0 seatIndex=0xc0002d9d28
2025/11/08 14:46:50 INFO session removed token=cc351279-db6e-4ca0-b26d-60106e901770
2025/11/08 14:46:50 INFO session created token=3d0dd435-af7c-4468-9c99-836efb656fc0 name=User_46_12
2025/11/08 14:46:50 INFO session updated token=3d0dd435-af7c-4468-9c99-836efb656fc0 tableID=0xc0002dbd00 seatIndex=0xc0002d9d78
2025/11/08 14:46:50 INFO session removed token=3d0dd435-af7c-4468-9c99-836efb656fc0
2025/11/08 14:46:50 INFO session created token=5aafee93-b16e-4485-8ecf-93669d9bcc96 name=User_46_13
2025/11/08 14:46:50 INFO session updated token=5aafee93-b16e-4485-8ecf-93669d9bcc96 tableID=0xc0002dbd50 seatIndex=0xc0002d9dc8
2025/11/08 14:46:50 INFO session removed token=5aafee93-b16e-4485-8ecf-93669d9bcc96
2025/11/08 14:46:50 INFO session created token=d56c125e-e9f3-4f23-8e17-4b02b7fd61aa name=User_46_14
2025/11/08 14:46:50 INFO session updated token=d56c125e-e9f3-4f23-8e17-4b02b7fd61aa tableID=0xc0002dbda0 seatIndex=0xc0002d9e18
2025/11/08 14:46:50 INFO session removed token=d56c125e-e9f3-4f23-8e17-4b02b7fd61aa
2025/11/08 14:46:50 INFO session created token=8f4a639a-7d0e-4c96-98b1-c875e9481439 name=User_46_15
2025/11/08 14:46:50 INFO session updated token=8f4a639a-7d0e-4c96-98b1-c875e9481439 tableID=0xc0002dbdf0 seatIndex=0xc0002d9e68
2025/11/08 14:46:50 INFO session removed token=8f4a639a-7d0e-4c96-98b1-c875e9481439
2025/11/08 14:46:50 INFO session created token=22694ed0-2d69-4611-9dd9-e55be9b99a82 name=User_46_16
2025/11/08 14:46:50 INFO session updated token=22694ed0-2d69-4611-9dd9-e55be9b99a82 tableID=0xc0002dbe40 seatIndex=0xc0002d9eb8
2025/11/08 14:46:50 INFO session removed token=22694ed0-2d69-4611-9dd9-e55be9b99a82
2025/11/08 14:46:50 INFO session created token=4805d6ae-750b-4e4e-b848-87414c596628 name=User_46_17
2025/11/08 14:46:50 INFO session updated token=4805d6ae-750b-4e4e-b848-87414c596628 tableID=0xc0002dbe90 seatIndex=0xc0002d9f08
2025/11/08 14:46:50 INFO session removed token=4805d6ae-750b-4e4e-b848-87414c596628
2025/11/08 14:46:50 INFO session created token=19f14775-40e2-4b7a-82bc-8867c6d2103b name=User_46_18
2025/11/08 14:46:50 INFO session updated token=19f14775-40e2-4b7a-82bc-8867c6d2103b tableID=0xc0002dbee0 seatIndex=0xc0002d9f58
2025/11/08 14:46:50 INFO session removed token=19f14775-40e2-4b7a-82bc-8867c6d2103b
2025/11/08 14:46:50 INFO session created token=175d85f7-b56c-45ee-9bf9-0ebd0b532f45 name=User_46_19
2025/11/08 14:46:50 INFO session updated token=175d85f7-b56c-45ee-9bf9-0ebd0b532f45 tableID=0xc0002dbf30 seatIndex=0xc0002d9fa8
2025/11/08 14:46:50 INFO session removed token=175d85f7-b56c-45ee-9bf9-0ebd0b532f45
2025/11/08 14:46:50 INFO session created token=37566fe6-ab4a-4e3a-a60a-ca049e7dab74 name=User_48_9
2025/11/08 14:46:50 INFO session created token=e7cf8af0-5944-40d3-b307-cf41adb7f4f8 name=User_46_20
2025/11/08 14:46:50 INFO session updated token=37566fe6-ab4a-4e3a-a60a-ca049e7dab74 tableID=0xc0005ccd10 seatIndex=0xc0005cea20
2025/11/08 14:46:50 INFO session removed token=37566fe6-ab4a-4e3a-a60a-ca049e7dab74
2025/11/08 14:46:50 INFO session updated token=cdb0f393-c701-4058-bb3b-6218e27672d1 tableID=0xc000156800 seatIndex=0xc000152a00
2025/11/08 14:46:50 INFO session removed token=cdb0f393-c701-4058-bb3b-6218e27672d1
2025/11/08 14:46:50 INFO session created token=98183378-77c2-412b-b2b6-f248c6b99b53 name=User_93_21
2025/11/08 14:46:50 INFO session updated token=98183378-77c2-412b-b2b6-f248c6b99b53 tableID=0xc0002e2040 seatIndex=0xc0002e4038
2025/11/08 14:46:50 INFO session removed token=98183378-77c2-412b-b2b6-f248c6b99b53
2025/11/08 14:46:50 INFO session created token=b06a741d-8afe-453b-b74d-0343acdd02ec name=User_93_22
2025/11/08 14:46:50 INFO session updated token=b06a741d-8afe-453b-b74d-0343acdd02ec tableID=0xc0002e2090 seatIndex=0xc0002e4088
2025/11/08 14:46:50 INFO session removed token=b06a741d-8afe-453b-b74d-0343acdd02ec
2025/11/08 14:46:50 INFO session created token=75715b4d-97bc-4d3c-9d4b-26aa2578e40c name=User_93_23
2025/11/08 14:46:50 INFO session updated token=75715b4d-97bc-4d3c-9d4b-26aa2578e40c tableID=0xc0002e20e0 seatIndex=0xc0002e40d8
2025/11/08 14:46:50 INFO session removed token=75715b4d-97bc-4d3c-9d4b-26aa2578e40c
2025/11/08 14:46:50 INFO session created token=4b861c22-ab57-49c2-bfaf-b7f145b5eed6 name=User_93_24
2025/11/08 14:46:50 INFO session updated token=4b861c22-ab57-49c2-bfaf-b7f145b5eed6 tableID=0xc0002e2130 seatIndex=0xc0002e4128
2025/11/08 14:46:50 INFO session removed token=4b861c22-ab57-49c2-bfaf-b7f145b5eed6
2025/11/08 14:46:50 INFO session created token=02055ab1-741e-46ae-8772-2f1117e2886b name=User_93_25
2025/11/08 14:46:50 INFO session updated token=02055ab1-741e-46ae-8772-2f1117e2886b tableID=0xc0002e2180 seatIndex=0xc0002e4178
2025/11/08 14:46:50 INFO session removed token=02055ab1-741e-46ae-8772-2f1117e2886b
2025/11/08 14:46:50 INFO session created token=96614625-e8ff-4dcc-9652-1385b8d8d98b name=User_93_26
2025/11/08 14:46:50 INFO session updated token=96614625-e8ff-4dcc-9652-1385b8d8d98b tableID=0xc0002e21d0 seatIndex=0xc0002e41c8
2025/11/08 14:46:50 INFO session removed token=96614625-e8ff-4dcc-9652-1385b8d8d98b
2025/11/08 14:46:50 INFO session created token=f7d094f9-eab1-4585-a7b5-8d8690834ec7 name=User_93_27
2025/11/08 14:46:50 INFO session updated token=f7d094f9-eab1-4585-a7b5-8d8690834ec7 tableID=0xc0002e2220 seatIndex=0xc0002e4218
2025/11/08 14:46:50 INFO session removed token=f7d094f9-eab1-4585-a7b5-8d8690834ec7
2025/11/08 14:46:50 INFO session created token=0a2c761c-99eb-40e0-b9e0-4804794de6df name=User_93_28
2025/11/08 14:46:50 INFO session updated token=0a2c761c-99eb-40e0-b9e0-4804794de6df tableID=0xc0002e2270 seatIndex=0xc0002e4268
2025/11/08 14:46:50 INFO session removed token=0a2c761c-99eb-40e0-b9e0-4804794de6df
2025/11/08 14:46:50 INFO session updated token=e7cf8af0-5944-40d3-b307-cf41adb7f4f8 tableID=0xc0005ccd30 seatIndex=0xc0005cea50
2025/11/08 14:46:50 INFO session removed token=e7cf8af0-5944-40d3-b307-cf41adb7f4f8
2025/11/08 14:46:50 INFO session created token=7b4a0647-1273-42da-8d41-ff574f0d9283 name=User_46_21
2025/11/08 14:46:50 INFO session updated token=7b4a0647-1273-42da-8d41-ff574f0d9283 tableID=0xc0003e52b0 seatIndex=0xc0003ea610
2025/11/08 14:46:50 INFO session removed token=7b4a0647-1273-42da-8d41-ff574f0d9283
2025/11/08 14:46:50 INFO session created token=f7ea4838-6fec-4eba-8654-7a94f1e67293 name=User_46_22
2025/11/08 14:46:50 INFO session updated token=f7ea4838-6fec-4eba-8654-7a94f1e67293 tableID=0xc0003e5300 seatIndex=0xc0003ea660
2025/11/08 14:46:50 INFO session removed token=f7ea4838-6fec-4eba-8654-7a94f1e67293
2025/11/08 14:46:50 INFO session created token=05c3d078-a188-4768-b8e9-6c0848028259 name=User_46_23
2025/11/08 14:46:50 INFO session updated token=05c3d078-a188-4768-b8e9-6c0848028259 tableID=0xc0003e5350 seatIndex=0xc0003ea6b0
2025/11/08 14:46:50 INFO session removed token=05c3d078-a188-4768-b8e9-6c0848028259
2025/11/08 14:46:50 INFO session created token=899b6ec9-f430-45ae-8751-fb6e6927ccde name=User_46_24
2025/11/08 14:46:50 INFO session created token=4f7594f6-853d-4f9c-9da5-02904a8defc6 name=User_57_17
2025/11/08 14:46:50 INFO session updated token=899b6ec9-f430-45ae-8751-fb6e6927ccde tableID=0xc0003e53a0 seatIndex=0xc0003ea700
2025/11/08 14:46:50 INFO session removed token=899b6ec9-f430-45ae-8751-fb6e6927ccde
2025/11/08 14:46:50 INFO session removed token=3ba17133-50e2-4647-9701-820088cd0adc
2025/11/08 14:46:50 INFO session updated token=53b1e2ba-2591-4c12-a419-e08dd1505fee tableID=0xc0003e5160 seatIndex=0xc0003ea4f0
2025/11/08 14:46:50 INFO session created token=dc533590-9fd2-4776-95b0-2087b9848a69 name=User_32_13
2025/11/08 14:46:50 INFO session created token=013d8288-0459-460f-bcab-5c40ee9d518a name=User_4_8
2025/11/08 14:46:50 INFO session updated token=458a1a08-41ab-44f5-9504-0bd5073e7a15 tableID=0xc0005cccb0 seatIndex=0xc0005ce948
2025/11/08 14:46:50 INFO session removed token=5a036991-fd7e-4d59-abdb-74e2312fd69e
2025/11/08 14:46:50 INFO session updated token=7a4e5419-4311-497d-a5b9-527268206b04 tableID=0xc0003e5170 seatIndex=0xc0003ea500
2025/11/08 14:46:50 INFO session updated token=94582b7f-af73-4b92-9c74-833156c5ffab tableID=0xc0003e5180 seatIndex=0xc0003ea510
2025/11/08 14:46:50 INFO session removed token=90c49413-0c89-408d-85a7-16defad5ea40
2025/11/08 14:46:50 INFO session created token=549b3edb-3bd4-4ba9-a6a8-a0407cbb88c3 name=User_39_7
2025/11/08 14:46:50 INFO session updated token=38382793-d488-4fc9-bc23-60e280729d23 tableID=0xc0005cccc0 seatIndex=0xc0005ce958
2025/11/08 14:46:50 INFO session updated token=5992aa9f-626c-4f59-9bf4-ed52e7082b41 tableID=0xc0002dba80 seatIndex=0xc0002d9b20
2025/11/08 14:46:50 INFO session updated token=de83e425-6462-4d7c-8e23-42ebaf5b18ff tableID=0xc000156460 seatIndex=0xc000152690
2025/11/08 14:46:50 INFO session created token=6126587f-7ab6-4181-a694-8c0994c21002 name=User_16_9
2025/11/08 14:46:50 INFO session updated token=0f4fb664-84a7-44bb-885a-034411a20ebb tableID=0xc000156480 seatIndex=0xc0001526c0
2025/11/08 14:46:50 INFO session removed token=9e169285-ebc3-47af-8c79-aa7111d013c3
2025/11/08 14:46:50 INFO session updated token=fe590ffd-2695-4768-9e29-c49c114bb5a6 tableID=0xc0004d5d10 seatIndex=0xc0004d9168
2025/11/08 14:46:50 INFO session removed token=580a5dbf-be22-41e5-bd17-d57491e54cb0
2025/11/08 14:46:50 INFO session removed token=fc0abc99-7f09-43c0-b6f6-b6d0b21cd2b3
2025/11/08 14:46:50 INFO session created token=a3c8dd11-9e8c-438e-b5df-c9f94d8f8305 name=User_21_12
2025/11/08 14:46:50 INFO session created token=51885db1-e5a2-49a6-bb91-d38be9e5ac4a name=User_88_12
2025/11/08 14:46:50 INFO session updated token=3691a8bd-dd79-4423-9744-cb5cf14a596a tableID=0xc0004d5e40 seatIndex=0xc0004d9248
2025/11/08 14:46:50 INFO session created token=f62696f7-90b3-44c1-a34d-77e41e4f5f3a name=User_95_7
2025/11/08 14:46:50 INFO session updated token=94b17583-6608-494c-adc5-8b47a4a8850c tableID=0xc0004d5e50 seatIndex=0xc0004d9258
2025/11/08 14:46:50 INFO session created token=dcdc5318-71da-4a2d-b842-a0e8792428f1 name=User_98_8
2025/11/08 14:46:50 INFO session created token=ee59f970-28bd-4463-b88d-2259ff78c1ff name=User_76_7
2025/11/08 14:46:50 INFO session updated token=97fc7c8b-f6f1-4506-9f9e-9c6d6cacbdbd tableID=0xc0004d5e60 seatIndex=0xc0004d9268
2025/11/08 14:46:50 INFO session updated token=5275c423-89ed-4fff-85cb-90dbd8ec43eb tableID=0xc0004d5e80 seatIndex=0xc0004d9298
2025/11/08 14:46:50 INFO session created token=2c01da10-e23c-4b8a-ab9d-2b007d7a727b name=User_13_8
2025/11/08 14:46:50 INFO session updated token=757d7efa-f0b9-446a-bfa4-097320a2bf44 tableID=0xc0004d5e90 seatIndex=0xc0004d92a8
2025/11/08 14:46:50 INFO session updated token=821d830e-973b-44b3-ab2f-ae8c2bc58f8f tableID=0xc0004df690 seatIndex=0xc0004e2a08
2025/11/08 14:46:50 INFO session removed token=821d830e-973b-44b3-ab2f-ae8c2bc58f8f
2025/11/08 14:46:50 INFO session removed token=757d7efa-f0b9-446a-bfa4-097320a2bf44
2025/11/08 14:46:50 INFO session created token=552a389d-b858-4c06-a9a7-e580bc9af09a name=User_83_11
2025/11/08 14:46:50 INFO session updated token=552a389d-b858-4c06-a9a7-e580bc9af09a tableID=0xc0004dfbe0 seatIndex=0xc0004e2ed8
2025/11/08 14:46:50 INFO session removed token=552a389d-b858-4c06-a9a7-e580bc9af09a
2025/11/08 14:46:50 INFO session created token=2c514792-4c21-448d-bd21-9f6297d641c7 name=User_83_12
2025/11/08 14:46:50 INFO session updated token=2c514792-4c21-448d-bd21-9f6297d641c7 tableID=0xc0004dfc30 seatIndex=0xc0004e2f28
2025/11/08 14:46:50 INFO session removed token=2c514792-4c21-448d-bd21-9f6297d641c7
2025/11/08 14:46:50 INFO session created token=b515a593-310b-4643-a8d9-3dac24384366 name=User_83_13
2025/11/08 14:46:50 INFO session updated token=b515a593-310b-4643-a8d9-3dac24384366 tableID=0xc0004dfc80 seatIndex=0xc0004e2f78
2025/11/08 14:46:50 INFO session removed token=b515a593-310b-4643-a8d9-3dac24384366
2025/11/08 14:46:50 INFO session created token=8738f768-c544-410b-bed5-7dcb3fb3150f name=User_83_14
2025/11/08 14:46:50 INFO session updated token=8738f768-c544-410b-bed5-7dcb3fb3150f tableID=0xc0004dfcd0 seatIndex=0xc0004e2fc8
2025/11/08 14:46:50 INFO session removed token=8738f768-c544-410b-bed5-7dcb3fb3150f
2025/11/08 14:46:50 INFO session created token=f642dd03-e3c5-45a3-8b87-5c62aede40e1 name=User_83_15
2025/11/08 14:46:50 INFO session updated token=f642dd03-e3c5-45a3-8b87-5c62aede40e1 tableID=0xc0004dfd20 seatIndex=0xc0004e3018
2025/11/08 14:46:50 INFO session removed token=f642dd03-e3c5-45a3-8b87-5c62aede40e1
2025/11/08 14:46:50 INFO session created token=845b3696-37ee-4dcc-bef1-b0a5896f93e3 name=User_83_16
2025/11/08 14:46:50 INFO session updated token=845b3696-37ee-4dcc-bef1-b0a5896f93e3 tableID=0xc0004dfd70 seatIndex=0xc0004e3068
2025/11/08 14:46:50 INFO session removed token=845b3696-37ee-4dcc-bef1-b0a5896f93e3
2025/11/08 14:46:50 INFO session created token=d09ef23a-ccc7-41ac-bb15-7a3ab77f8ed5 name=User_83_17
2025/11/08 14:46:50 INFO session updated token=d09ef23a-ccc7-41ac-bb15-7a3ab77f8ed5 tableID=0xc0004dfdc0 seatIndex=0xc0004e30b8
2025/11/08 14:46:50 INFO session removed token=d09ef23a-ccc7-41ac-bb15-7a3ab77f8ed5
2025/11/08 14:46:50 INFO session created token=aed63768-394f-4fe1-8020-850f2da41c9e name=User_83_18
2025/11/08 14:46:50 INFO session updated token=aed63768-394f-4fe1-8020-850f2da41c9e tableID=0xc0004dfe10 seatIndex=0xc0004e3108
2025/11/08 14:46:50 INFO session removed token=aed63768-394f-4fe1-8020-850f2da41c9e
2025/11/08 14:46:50 INFO session created token=31ac3e6b-ed61-487a-8912-b49c6981446b name=User_83_19
2025/11/08 14:46:50 INFO session updated token=31ac3e6b-ed61-487a-8912-b49c6981446b tableID=0xc0004dfe60 seatIndex=0xc0004e3158
2025/11/08 14:46:50 INFO session removed token=31ac3e6b-ed61-487a-8912-b49c6981446b
2025/11/08 14:46:50 INFO session created token=aee11d57-728a-4ee3-91bd-f5beb3c2363a name=User_83_20
2025/11/08 14:46:50 INFO session updated token=aee11d57-728a-4ee3-91bd-f5beb3c2363a tableID=0xc0004dfeb0 seatIndex=0xc0004e31a8
2025/11/08 14:46:50 INFO session removed token=aee11d57-728a-4ee3-91bd-f5beb3c2363a
2025/11/08 14:46:50 INFO session created token=57df7e26-0834-42d4-82e8-90c7026287b3 name=User_83_21
2025/11/08 14:46:50 INFO session created token=2011100a-72e3-472f-85c6-b80666a31eb6 name=User_63_18
2025/11/08 14:46:50 INFO session updated token=dd7c5bd8-0c65-441e-835c-f938e2b924c1 tableID=0xc0004df700 seatIndex=0xc0004e2a88
2025/11/08 14:46:50 INFO session removed token=dd7c5bd8-0c65-441e-835c-f938e2b924c1
2025/11/08 14:46:50 INFO session created token=d96f10de-860c-453b-a9bc-2b168e1f8ad3 name=User_94_17
2025/11/08 14:46:50 INFO session updated token=d96f10de-860c-453b-a9bc-2b168e1f8ad3 tableID=0xc0003e5640 seatIndex=0xc0003eaa20
2025/11/08 14:46:50 INFO session removed token=d96f10de-860c-453b-a9bc-2b168e1f8ad3
2025/11/08 14:46:50 INFO session created token=ab50e381-d932-402f-86be-60fb546b80ca name=User_94_18
2025/11/08 14:46:50 INFO session updated token=ab50e381-d932-402f-86be-60fb546b80ca tableID=0xc0003e5690 seatIndex=0xc0003eaa70
2025/11/08 14:46:50 INFO session removed token=ab50e381-d932-402f-86be-60fb546b80ca
2025/11/08 14:46:50 INFO session created token=3d7cb80d-15a9-42ff-b2fd-a21e61c46437 name=User_94_19
2025/11/08 14:46:50 INFO session updated token=3d7cb80d-15a9-42ff-b2fd-a21e61c46437 tableID=0xc0003e56e0 seatIndex=0xc0003eaac0
2025/11/08 14:46:50 INFO session removed token=3d7cb80d-15a9-42ff-b2fd-a21e61c46437
2025/11/08 14:46:50 INFO session created token=52ee67b4-c701-4790-b838-6ded026e801e name=User_94_20
2025/11/08 14:46:50 INFO session updated token=52ee67b4-c701-4790-b838-6ded026e801e tableID=0xc0003e5730 seatIndex=0xc0003eab10
2025/11/08 14:46:50 INFO session removed token=52ee67b4-c701-4790-b838-6ded026e801e
2025/11/08 14:46:50 INFO session created token=bf0095b7-88cf-40eb-97e9-01c0573362c3 name=User_94_21
2025/11/08 14:46:50 INFO session updated token=bf0095b7-88cf-40eb-97e9-01c0573362c3 tableID=0xc0003e5780 seatIndex=0xc0003eab60
2025/11/08 14:46:50 INFO session removed token=bf0095b7-88cf-40eb-97e9-01c0573362c3
2025/11/08 14:46:50 INFO session created token=db5c8ae5-9c45-433a-8f8c-3faa18c4d4cf name=User_94_22
2025/11/08 14:46:50 INFO session updated token=db5c8ae5-9c45-433a-8f8c-3faa18c4d4cf tableID=0xc0003e57d0 seatIndex=0xc0003eabb0
2025/11/08 14:46:50 INFO session removed token=db5c8ae5-9c45-433a-8f8c-3faa18c4d4cf
2025/11/08 14:46:50 INFO session created token=5422ad8f-31e6-4e4e-a82e-0c30c193ad92 name=User_94_23
2025/11/08 14:46:50 INFO session updated token=5422ad8f-31e6-4e4e-a82e-0c30c193ad92 tableID=0xc0003e5820 seatIndex=0xc0003eac00
2025/11/08 14:46:50 INFO session removed token=5422ad8f-31e6-4e4e-a82e-0c30c193ad92
2025/11/08 14:46:50 INFO session created token=ec1b7fe5-9316-4195-b1df-e382d56d997e name=User_94_24
2025/11/08 14:46:50 INFO session updated token=ec1b7fe5-9316-4195-b1df-e382d56d997e tableID=0xc0003e5870 seatIndex=0xc0003eac50
2025/11/08 14:46:50 INFO session removed token=ec1b7fe5-9316-4195-b1df-e382d56d997e
2025/11/08 14:46:50 INFO session created token=eff3602b-66aa-49e4-a791-1549ca9dfa09 name=User_94_25
2025/11/08 14:46:50 INFO session updated token=eff3602b-66aa-49e4-a791-1549ca9dfa09 tableID=0xc0003e58c0 seatIndex=0xc0003eaca0
2025/11/08 14:46:50 INFO session removed token=eff3602b-66aa-49e4-a791-1549ca9dfa09
2025/11/08 14:46:50 INFO session created token=dd3ff98e-a7e4-4e46-988b-192536b81b00 name=User_94_26
2025/11/08 14:46:50 INFO session created token=0672fb07-5bdf-4064-a197-831d7d6a98bf name=User_73_10
2025/11/08 14:46:50 INFO session updated token=dd3ff98e-a7e4-4e46-988b-192536b81b00 tableID=0xc0003e5910 seatIndex=0xc0003eacf0
2025/11/08 14:46:50 INFO session created token=86f5abe5-5c09-4ee4-ac89-cbb6642a569a name=User_18_19
2025/11/08 14:46:50 INFO session removed token=dd3ff98e-a7e4-4e46-988b-192536b81b00
2025/11/08 14:46:50 INFO session removed token=5feb2c6d-bdfd-4748-86f0-aac8c14408ae
2025/11/08 14:46:50 INFO session updated token=6cffae17-0a48-4561-914b-3995b1036010 tableID=0xc0002dbad0 seatIndex=0xc0002d9b50
2025/11/08 14:46:50 INFO session updated token=5376992c-99e1-4667-a786-e6d78be215ee tableID=0xc000156630 seatIndex=0xc000152830
2025/11/08 14:46:50 INFO session updated token=7d0230bb-dfab-4cef-a17a-553809515031 tableID=0xc0004df9c0 seatIndex=0xc0004e2d58
2025/11/08 14:46:50 INFO session removed token=d554cd22-ae0b-4ec9-a9fa-2faca95da08c
2025/11/08 14:46:50 INFO session created token=3f1e41aa-d5e4-4dd5-8de3-57e708c91247 name=User_72_8
2025/11/08 14:46:50 INFO session updated token=3f1e41aa-d5e4-4dd5-8de3-57e708c91247 tableID=0xc0003e59d0 seatIndex=0xc0003eadc0
2025/11/08 14:46:50 INFO session removed token=3f1e41aa-d5e4-4dd5-8de3-57e708c91247
2025/11/08 14:46:50 INFO session created token=dc44787c-36bd-4ad3-ba9f-5563f5e89235 name=User_72_9
2025/11/08 14:46:50 INFO session updated token=dc44787c-36bd-4ad3-ba9f-5563f5e89235 tableID=0xc0003e5a20 seatIndex=0xc0003eae10
2025/11/08 14:46:50 INFO session removed token=dc44787c-36bd-4ad3-ba9f-5563f5e89235
2025/11/08 14:46:50 INFO session created token=ad1bb497-606b-4f37-9473-33edd9a7926d name=User_51_8
2025/11/08 14:46:50 INFO session removed token=5376992c-99e1-4667-a786-e6d78be215ee
2025/11/08 14:46:50 INFO session created token=1fc28eb0-7a05-49bb-980f-8d4da0f2b5c0 name=User_69_10
2025/11/08 14:46:50 INFO session created token=5204ff93-2c41-4fed-b2f0-2326eaba7640 name=User_77_10
2025/11/08 14:46:50 INFO session created token=53c61033-932b-4fe8-b72f-b56c90ff9cb9 name=User_94_27
2025/11/08 14:46:50 INFO session created token=020bc9d8-1fd7-4f85-8945-d073a866cab1 name=User_81_94
2025/11/08 14:46:50 INFO session created token=264b7123-3f38-4cba-8452-da486a4b74ad name=User_84_14
2025/11/08 14:46:50 INFO session created token=52050c35-8bb9-46be-9736-bccc89081f2f name=User_82_32
2025/11/08 14:46:50 INFO session removed token=7d0230bb-dfab-4cef-a17a-553809515031
2025/11/08 14:46:50 INFO session updated token=264b7123-3f38-4cba-8452-da486a4b74ad tableID=0xc0002e2300 seatIndex=0xc0002e4330
2025/11/08 14:46:50 INFO session removed token=264b7123-3f38-4cba-8452-da486a4b74ad
2025/11/08 14:46:50 INFO session created token=8e1ae1cb-f9f5-483c-9ac9-4e427cad4bb5 name=User_84_15
2025/11/08 14:46:50 INFO session updated token=8e1ae1cb-f9f5-483c-9ac9-4e427cad4bb5 tableID=0xc0005ccf10 seatIndex=0xc0005ceb60
2025/11/08 14:46:50 INFO session removed token=8e1ae1cb-f9f5-483c-9ac9-4e427cad4bb5
2025/11/08 14:46:50 INFO session created token=28fb3e71-6658-4991-bdcc-ad2e39fd1991 name=User_84_16
2025/11/08 14:46:50 INFO session updated token=28fb3e71-6658-4991-bdcc-ad2e39fd1991 tableID=0xc0005ccf60 seatIndex=0xc0005cebb0
2025/11/08 14:46:50 INFO session removed token=28fb3e71-6658-4991-bdcc-ad2e39fd1991
2025/11/08 14:46:50 INFO session created token=1d1f9164-5f0d-4e6a-b0da-ec271b3b6129 name=User_84_17
2025/11/08 14:46:50 INFO session updated token=1d1f9164-5f0d-4e6a-b0da-ec271b3b6129 tableID=0xc0005ccfb0 seatIndex=0xc0005cec00
2025/11/08 14:46:50 INFO session removed token=1d1f9164-5f0d-4e6a-b0da-ec271b3b6129
2025/11/08 14:46:50 INFO session created token=31b2ffb5-e042-41ef-8bdc-93ca77450e54 name=User_84_18
2025/11/08 14:46:50 INFO session updated token=31b2ffb5-e042-41ef-8bdc-93ca77450e54 tableID=0xc0005cd000 seatIndex=0xc0005cec50
2025/11/08 14:46:50 INFO session removed token=31b2ffb5-e042-41ef-8bdc-93ca77450e54
2025/11/08 14:46:50 INFO session created token=2cb08d97-b689-4136-ae60-553d1d49680a name=User_84_19
2025/11/08 14:46:50 INFO session updated token=2cb08d97-b689-4136-ae60-553d1d49680a tableID=0xc0005cd050 seatIndex=0xc0005ceca0
2025/11/08 14:46:50 INFO session removed token=2cb08d97-b689-4136-ae60-553d1d49680a
2025/11/08 14:46:50 INFO session created token=1a15132c-c43f-4c8b-8b87-071f09750b75 name=User_84_20
2025/11/08 14:46:50 INFO session updated token=1a15132c-c43f-4c8b-8b87-071f09750b75 tableID=0xc0005cd0a0 seatIndex=0xc0005cecf0
2025/11/08 14:46:50 INFO session removed token=1a15132c-c43f-4c8b-8b87-071f09750b75
2025/11/08 14:46:50 INFO session created token=a01173f5-416d-454c-8c17-ceafdede041d name=User_84_21
2025/11/08 14:46:50 INFO session updated token=a01173f5-416d-454c-8c17-ceafdede041d tableID=0xc0005cd0f0 seatIndex=0xc0005ced40
2025/11/08 14:46:50 INFO session removed token=a01173f5-416d-454c-8c17-ceafdede041d
2025/11/08 14:46:50 INFO session created token=29707d2b-c541-49e4-a04f-839be1efd7d6 name=User_84_22
2025/11/08 14:46:50 INFO session updated token=29707d2b-c541-49e4-a04f-839be1efd7d6 tableID=0xc0005cd140 seatIndex=0xc0005ced90
2025/11/08 14:46:50 INFO session removed token=29707d2b-c541-49e4-a04f-839be1efd7d6
2025/11/08 14:46:50 INFO session created token=51b177d5-6266-45d7-be0c-ec5e99f440f7 name=User_84_23
2025/11/08 14:46:50 INFO session updated token=51b177d5-6266-45d7-be0c-ec5e99f440f7 tableID=0xc0005cd190 seatIndex=0xc0005cede0
2025/11/08 14:46:50 INFO session removed token=51b177d5-6266-45d7-be0c-ec5e99f440f7
2025/11/08 14:46:50 INFO session created token=c15f0c0d-12b1-47ad-9377-5aa8d5076020 name=User_84_24
2025/11/08 14:46:50 INFO session updated token=1fc28eb0-7a05-49bb-980f-8d4da0f2b5c0 tableID=0xc0003e5a70 seatIndex=0xc0003eae60
2025/11/08 14:46:50 INFO session removed token=1fc28eb0-7a05-49bb-980f-8d4da0f2b5c0
2025/11/08 14:46:50 INFO session created token=e8b10d0f-5e26-44bc-99ed-4c2ea779c1e8 name=User_69_11
2025/11/08 14:46:50 INFO session updated token=e8b10d0f-5e26-44bc-99ed-4c2ea779c1e8 tableID=0xc0002e2360 seatIndex=0xc0002e4390
2025/11/08 14:46:50 INFO session removed token=e8b10d0f-5e26-44bc-99ed-4c2ea779c1e8
2025/11/08 14:46:50 INFO session created token=a4f63c6e-8041-4ce7-92f5-21245b7c4b4a name=User_69_12
2025/11/08 14:46:50 INFO session updated token=a4f63c6e-8041-4ce7-92f5-21245b7c4b4a tableID=0xc0002e23b0 seatIndex=0xc0002e43e0
2025/11/08 14:46:50 INFO session removed token=a4f63c6e-8041-4ce7-92f5-21245b7c4b4a
2025/11/08 14:46:50 INFO session created token=5f155ae0-8b63-490a-8bca-f0c57592e0b8 name=User_69_13
2025/11/08 14:46:50 INFO session updated token=5f155ae0-8b63-490a-8bca-f0c57592e0b8 tableID=0xc0002e2400 seatIndex=0xc0002e4430
2025/11/08 14:46:50 INFO session removed token=5f155ae0-8b63-490a-8bca-f0c57592e0b8
2025/11/08 14:46:50 INFO session created token=2d9cb98d-a360-4f00-a9aa-ac963e7fe573 name=User_69_14
2025/11/08 14:46:50 INFO session updated token=2d9cb98d-a360-4f00-a9aa-ac963e7fe573 tableID=0xc0002e2450 seatIndex=0xc0002e4480
2025/11/08 14:46:50 INFO session removed token=2d9cb98d-a360-4f00-a9aa-ac963e7fe573
2025/11/08 14:46:50 INFO session created token=508486f2-0c8b-4aae-862f-23e5d88cd18e name=User_69_15
2025/11/08 14:46:50 INFO session updated token=508486f2-0c8b-4aae-862f-23e5d88cd18e tableID=0xc0002e24a0 seatIndex=0xc0002e44d0
2025/11/08 14:46:50 INFO session removed token=508486f2-0c8b-4aae-862f-23e5d88cd18e
2025/11/08 14:46:50 INFO session created token=a844443f-292e-47fe-8548-06c42bb883fb name=User_69_16
2025/11/08 14:46:50 INFO session updated token=a844443f-292e-47fe-8548-06c42bb883fb tableID=0xc0002e24f0 seatIndex=0xc0002e4520
2025/11/08 14:46:50 INFO session removed token=a844443f-292e-47fe-8548-06c42bb883fb
2025/11/08 14:46:50 INFO session created token=b64461bf-f3e8-41fa-bde1-cd1e7e7feb3f name=User_69_17
2025/11/08 14:46:50 INFO session created token=c39f8263-def7-45c8-8f35-780c92cf2bfd name=User_72_10
2025/11/08 14:46:50 INFO session updated token=b64461bf-f3e8-41fa-bde1-cd1e7e7feb3f tableID=0xc0002e2540 seatIndex=0xc0002e4570
2025/11/08 14:46:50 INFO session removed token=b64461bf-f3e8-41fa-bde1-cd1e7e7feb3f
2025/11/08 14:46:50 INFO session removed token=476bb7be-a6d7-4b2f-862c-48e4994c7714
2025/11/08 14:46:50 INFO session removed token=9125353c-c5b5-45ad-8af7-3035500ae723
2025/11/08 14:46:50 INFO session removed token=569375b8-937b-4f93-9bb8-379604c8fde1
2025/11/08 14:46:50 INFO session updated token=39a79004-57d2-440f-a470-813502b49e66 tableID=0xc0003e5210 seatIndex=0xc0003ea5a0
2025/11/08 14:46:50 INFO session removed token=881fb426-eb01-4c45-bdbc-587b0875dbdd
2025/11/08 14:46:50 INFO session removed token=71b1f88c-4ccf-4852-abff-261948359a34
2025/11/08 14:46:50 INFO session removed token=48a87e35-c270-4736-98aa-3d7fdf7846eb
2025/11/08 14:46:50 INFO session removed token=33e2d365-74d0-4a01-abeb-891bce523600
2025/11/08 14:46:50 INFO session removed token=33b57b73-1ed0-4403-bdbd-4fb52a7fe913
2025/11/08 14:46:50 INFO session updated token=11469762-4cb2-4585-b95d-79b754e415ef tableID=0xc0002dbb20 seatIndex=0xc0002d9b98
2025/11/08 14:46:50 INFO session updated token=7e0b6886-98f8-452b-b1a8-55bf30616061 tableID=0xc000156680 seatIndex=0xc0001528a0
2025/11/08 14:46:50 INFO session updated token=c66c974f-9493-49f2-b813-fe2e9f9e73ee tableID=0xc0002dbb30 seatIndex=0xc0002d9ba8
2025/11/08 14:46:50 INFO session updated token=2cf866cf-aba5-49e7-9455-c943110baff3 tableID=0xc000156690 seatIndex=0xc0001528b0
2025/11/08 14:46:50 INFO session created token=2bcf5f6c-a362-45b4-bef7-7acb36f79f1f name=User_9_9
2025/11/08 14:46:50 INFO session updated token=4630051c-a0af-4ae8-9376-c97d6aad5dac tableID=0xc0002dbb40 seatIndex=0xc0002d9bb8
2025/11/08 14:46:50 INFO session created token=40a26613-89ea-477d-a545-19836abf695e name=User_90_15
2025/11/08 14:46:50 INFO session created token=255195bf-2f2d-4546-b542-e34b9b344f5c name=User_80_8
2025/11/08 14:46:50 INFO session removed token=e8bbba7f-947b-4ba1-a5c0-39abc69412f8
2025/11/08 14:46:50 INFO session created token=09a1d874-debf-47fd-b277-28078995bf68 name=User_64_8
2025/11/08 14:46:50 INFO session created token=d8fe898a-62c7-4986-bc4e-bb144fa39b9d name=User_87_8
2025/11/08 14:46:50 INFO session removed token=39a79004-57d2-440f-a470-813502b49e66
2025/11/08 14:46:50 INFO session updated token=09ee4ac5-9adb-4743-98c0-c48002c2e141 tableID=0xc0004dfb20 seatIndex=0xc0004e2e88
2025/11/08 14:46:50 INFO session updated token=e1d2e8ae-f630-4f24-b97b-95dbcff3fb68 tableID=0xc0001566c0 seatIndex=0xc0001528f0
2025/11/08 14:46:50 INFO session updated token=07dea973-5716-4df9-9409-353ef9f8e8db tableID=0xc0001566d0 seatIndex=0xc000152900
2025/11/08 14:46:50 INFO session updated token=3f0194b2-c447-49f9-9a25-9494c006dcdc tableID=0xc0001566e0 seatIndex=0xc000152910
2025/11/08 14:46:50 INFO session created token=2137f9f1-4632-4035-8d99-d72a69b5f86c name=User_58_21
2025/11/08 14:46:50 INFO session removed token=496b91c9-c67b-401b-ae1e-732b29ace803
2025/11/08 14:46:50 INFO session created token=79760077-2546-4a3d-9666-93489df4ba82 name=User_99_18
2025/11/08 14:46:50 INFO session removed token=fea6e727-c0e5-4122-a4ce-3fc46245a373
2025/11/08 14:46:50 INFO session updated token=490de194-f761-4770-a40c-3a5c2c40f1d6 tableID=0xc0002dbb80 seatIndex=0xc0002d9be8
2025/11/08 14:46:50 INFO session removed token=dd0fd642-702a-4179-a9e0-1bd75dabc997
2025/11/08 14:46:50 INFO session removed token=490de194-f761-4770-a40c-3a5c2c40f1d6
2025/11/08 14:46:50 INFO session created token=4ddd3796-21f9-45c1-b1b4-f989d886a76e name=User_35_10
2025/11/08 14:46:50 INFO session created token=1966fa3a-034b-45ac-944f-7ec69d4f28b1 name=User_14_9
2025/11/08 14:46:50 INFO session created token=45b8c685-2046-43a9-95f2-bac40ad5c771 name=User_60_11
2025/11/08 14:46:50 INFO session created token=deaa6504-6173-4140-af8b-979e4bc0c176 name=User_22_8
2025/11/08 14:46:50 INFO session updated token=4ddd3796-21f9-45c1-b1b4-f989d886a76e tableID=0xc00054d870 seatIndex=0xc00054f348
2025/11/08 14:46:50 INFO session created token=316d13e1-9e83-4486-ae69-6ac11d461d33 name=User_70_26
2025/11/08 14:46:50 INFO session created token=129c7785-1e10-4ee4-b8c1-13bc14a3ddb2 name=User_20_8
2025/11/08 14:46:50 INFO session created token=c9bbcb05-6fc7-4ff0-862d-eed0fb759faf name=User_24_19
2025/11/08 14:46:50 INFO session created token=ff503430-2de7-4d15-a6ac-5ec28795f1ed name=User_27_9
2025/11/08 14:46:50 INFO session updated token=be30d4a8-67b8-47cd-be00-306e7ab54ad9 tableID=0xc0004dfb50 seatIndex=0xc0004e2e98
2025/11/08 14:46:50 INFO session updated token=730f2df3-dca5-4d6e-89f2-4fd617da3178 tableID=0xc0002dbbc0 seatIndex=0xc0002d9c48
2025/11/08 14:46:50 INFO session updated token=cef5880f-18b7-46b5-ad4b-a44ab1a5b457 tableID=0xc0002dbbd0 seatIndex=0xc0002d9c58
2025/11/08 14:46:50 INFO session updated token=4f7594f6-853d-4f9c-9da5-02904a8defc6 tableID=0xc0003e53c0 seatIndex=0xc0003ea730
2025/11/08 14:46:50 INFO session removed token=4f7594f6-853d-4f9c-9da5-02904a8defc6
2025/11/08 14:46:50 INFO session created token=e3bdbb4e-6084-442c-86bb-7f421ed819ef name=User_57_18
2025/11/08 14:46:50 INFO session removed token=be30d4a8-67b8-47cd-be00-306e7ab54ad9
2025/11/08 14:46:50 INFO session created token=93d9cbc5-333f-46d8-aa4d-d685d4223b27 name=User_48_10
2025/11/08 14:46:50 INFO session created token=e9de9b63-090f-40d6-aa87-232eb16fe813 name=User_93_29
2025/11/08 14:46:50 INFO session created token=973857ce-22bf-4909-b909-b10bcc4d72f8 name=User_89_12
2025/11/08 14:46:50 INFO session created token=24bffccb-7c67-4042-9f29-d70cb4341bca name=User_79_15
2025/11/08 14:46:50 INFO session created token=c32b76ac-2ee4-4636-a1d3-c93e99cf37aa name=User_15_9
2025/11/08 14:46:50 INFO session updated token=973857ce-22bf-4909-b909-b10bcc4d72f8 tableID=0xc0001568d0 seatIndex=0xc000152a80
2025/11/08 14:46:50 INFO session removed token=973857ce-22bf-4909-b909-b10bcc4d72f8
2025/11/08 14:46:50 INFO session created token=4c1dbd4d-90ca-4f0e-83e6-adb462efa6d9 name=User_89_13
2025/11/08 14:46:50 INFO session updated token=4c1dbd4d-90ca-4f0e-83e6-adb462efa6d9 tableID=0xc000156950 seatIndex=0xc000152b00
2025/11/08 14:46:50 INFO session removed token=4c1dbd4d-90ca-4f0e-83e6-adb462efa6d9
2025/11/08 14:46:50 INFO session created token=41eaf670-d821-46bd-8046-21da971f1f33 name=User_89_14
2025/11/08 14:46:50 INFO session updated token=41eaf670-d821-46bd-8046-21da971f1f33 tableID=0xc0001569a0 seatIndex=0xc000152b50
2025/11/08 14:46:50 INFO session removed token=41eaf670-d821-46bd-8046-21da971f1f33
2025/11/08 14:46:50 INFO session created token=5c13c56a-e6a0-47ee-b7d3-cdd598a5c1b7 name=User_89_15
2025/11/08 14:46:50 INFO session updated token=5c13c56a-e6a0-47ee-b7d3-cdd598a5c1b7 tableID=0xc0001569f0 seatIndex=0xc000152ba0
2025/11/08 14:46:50 INFO session removed token=5c13c56a-e6a0-47ee-b7d3-cdd598a5c1b7
2025/11/08 14:46:50 INFO session created token=f9c38b59-aa62-43f5-a9c0-bf0b99b2ff83 name=User_89_16
2025/11/08 14:46:50 INFO session updated token=f9c38b59-aa62-43f5-a9c0-bf0b99b2ff83 tableID=0xc000156a40 seatIndex=0xc000152bf0
2025/11/08 14:46:50 INFO session removed token=f9c38b59-aa62-43f5-a9c0-bf0b99b2ff83
2025/11/08 14:46:50 INFO session created token=a7de6cbd-11cd-4785-9d6e-76151a7d11cf name=User_89_17
2025/11/08 14:46:50 INFO session updated token=a7de6cbd-11cd-4785-9d6e-76151a7d11cf tableID=0xc000156a90 seatIndex=0xc000152c40
2025/11/08 14:46:50 INFO session removed token=a7de6cbd-11cd-4785-9d6e-76151a7d11cf
2025/11/08 14:46:50 INFO session created token=302570bf-f64b-42eb-868d-b9531e819e75 name=User_89_18
2025/11/08 14:46:50 INFO session updated token=302570bf-f64b-42eb-868d-b9531e819e75 tableID=0xc000156ae0 seatIndex=0xc000152c90
2025/11/08 14:46:50 INFO session removed token=302570bf-f64b-42eb-868d-b9531e819e75
2025/11/08 14:46:50 INFO session created token=cc3cf268-dc43-4b0a-9436-d5b0d1a5befc name=User_89_19
2025/11/08 14:46:50 INFO session updated token=cc3cf268-dc43-4b0a-9436-d5b0d1a5befc tableID=0xc000156b30 seatIndex=0xc000152ce0
2025/11/08 14:46:50 INFO session removed token=cc3cf268-dc43-4b0a-9436-d5b0d1a5befc
2025/11/08 14:46:50 INFO session created token=f64d2611-1853-4421-b899-fb4fe40afdd1 name=User_89_20
2025/11/08 14:46:50 INFO session updated token=f64d2611-1853-4421-b899-fb4fe40afdd1 tableID=0xc000156b80 seatIndex=0xc000152d30
2025/11/08 14:46:50 INFO session removed token=f64d2611-1853-4421-b899-fb4fe40afdd1
2025/11/08 14:46:50 INFO session created token=73bc5708-398f-40d6-8b88-5850762dd479 name=User_89_21
2025/11/08 14:46:50 INFO session updated token=73bc5708-398f-40d6-8b88-5850762dd479 tableID=0xc000156bd0 seatIndex=0xc000152d80
2025/11/08 14:46:50 INFO session removed token=73bc5708-398f-40d6-8b88-5850762dd479
2025/11/08 14:46:50 INFO session created token=f4a731c3-453f-46ef-9d36-0b6b34a07582 name=User_89_22
2025/11/08 14:46:50 INFO session updated token=f4a731c3-453f-46ef-9d36-0b6b34a07582 tableID=0xc000156c20 seatIndex=0xc000152dd0
2025/11/08 14:46:50 INFO session removed token=f4a731c3-453f-46ef-9d36-0b6b34a07582
2025/11/08 14:46:50 INFO session created token=a0f1d939-1c14-42c3-aed6-9ae38e450569 name=User_89_23
2025/11/08 14:46:50 INFO session updated token=a0f1d939-1c14-42c3-aed6-9ae38e450569 tableID=0xc000156c70 seatIndex=0xc000152e20
2025/11/08 14:46:50 INFO session removed token=a0f1d939-1c14-42c3-aed6-9ae38e450569
2025/11/08 14:46:50 INFO session created token=21cf8099-1149-4d0a-b7df-72a3faff5126 name=User_89_24
2025/11/08 14:46:50 INFO session updated token=21cf8099-1149-4d0a-b7df-72a3faff5126 tableID=0xc000156cc0 seatIndex=0xc000152e70
2025/11/08 14:46:50 INFO session removed token=21cf8099-1149-4d0a-b7df-72a3faff5126
2025/11/08 14:46:50 INFO session created token=bd8ded6d-d4fa-4a3a-8dd2-7c1177621687 name=User_89_25
2025/11/08 14:46:50 INFO session updated token=bd8ded6d-d4fa-4a3a-8dd2-7c1177621687 tableID=0xc000156d10 seatIndex=0xc000152ec0
2025/11/08 14:46:50 INFO session removed token=bd8ded6d-d4fa-4a3a-8dd2-7c1177621687
2025/11/08 14:46:50 INFO session created token=40eab773-d22d-4d11-b46d-1ec7531c3532 name=User_89_26
2025/11/08 14:46:50 INFO session updated token=40eab773-d22d-4d11-b46d-1ec7531c3532 tableID=0xc000156d60 seatIndex=0xc000152f10
2025/11/08 14:46:50 INFO session removed token=40eab773-d22d-4d11-b46d-1ec7531c3532
2025/11/08 14:46:50 INFO session created token=77fb2c14-0dd6-4917-b3f9-80302aa0c3b4 name=User_89_27
2025/11/08 14:46:50 INFO session updated token=77fb2c14-0dd6-4917-b3f9-80302aa0c3b4 tableID=0xc000156db0 seatIndex=0xc000152f60
2025/11/08 14:46:50 INFO session removed token=77fb2c14-0dd6-4917-b3f9-80302aa0c3b4
2025/11/08 14:46:50 INFO session created token=709c9c49-f65d-4edc-b419-eccdad68dd6d name=User_89_28
2025/11/08 14:46:50 INFO session updated token=709c9c49-f65d-4edc-b419-eccdad68dd6d tableID=0xc000156e00 seatIndex=0xc000152fb0
2025/11/08 14:46:50 INFO session removed token=709c9c49-f65d-4edc-b419-eccdad68dd6d
2025/11/08 14:46:50 INFO session created token=ffce7673-fa4f-4b03-9185-95c3d3667d83 name=User_89_29
2025/11/08 14:46:50 INFO session updated token=ffce7673-fa4f-4b03-9185-95c3d3667d83 tableID=0xc000156e50 seatIndex=0xc000153000
2025/11/08 14:46:50 INFO session removed token=ffce7673-fa4f-4b03-9185-95c3d3667d83
2025/11/08 14:46:50 INFO session created token=0679eaf7-be5d-40e6-89ee-382b7cda1bba name=User_89_30
2025/11/08 14:46:50 INFO session updated token=0679eaf7-be5d-40e6-89ee-382b7cda1bba tableID=0xc000156ea0 seatIndex=0xc000153050
2025/11/08 14:46:50 INFO session removed token=0679eaf7-be5d-40e6-89ee-382b7cda1bba
2025/11/08 14:46:50 INFO session created token=41dbc290-9383-4205-8110-d4782c69b874 name=User_89_31
2025/11/08 14:46:50 INFO session updated token=41dbc290-9383-4205-8110-d4782c69b874 tableID=0xc000156ef0 seatIndex=0xc0001530a0
2025/11/08 14:46:50 INFO session removed token=41dbc290-9383-4205-8110-d4782c69b874
2025/11/08 14:46:50 INFO session created token=02f15894-8a15-490a-b776-9e9d1f21dfe9 name=User_89_32
2025/11/08 14:46:50 INFO session updated token=02f15894-8a15-490a-b776-9e9d1f21dfe9 tableID=0xc000156f40 seatIndex=0xc0001530f0
2025/11/08 14:46:50 INFO session removed token=02f15894-8a15-490a-b776-9e9d1f21dfe9
2025/11/08 14:46:50 INFO session created token=a44fa30a-b685-493f-948d-667690b281c6 name=User_89_33
2025/11/08 14:46:50 INFO session updated token=a44fa30a-b685-493f-948d-667690b281c6 tableID=0xc000156f90 seatIndex=0xc000153140
2025/11/08 14:46:50 INFO session removed token=a44fa30a-b685-493f-948d-667690b281c6
2025/11/08 14:46:50 INFO session created token=d8e569f6-4bed-4a74-aead-7ff29e176d56 name=User_89_34
2025/11/08 14:46:50 INFO session updated token=d8e569f6-4bed-4a74-aead-7ff29e176d56 tableID=0xc000156fe0 seatIndex=0xc000153190
2025/11/08 14:46:50 INFO session removed token=d8e569f6-4bed-4a74-aead-7ff29e176d56
2025/11/08 14:46:50 INFO session created token=9ccd6d9a-cbc0-43ca-8721-91d29da3089d name=User_89_35
2025/11/08 14:46:50 INFO session updated token=9ccd6d9a-cbc0-43ca-8721-91d29da3089d tableID=0xc000157030 seatIndex=0xc0001531e0
2025/11/08 14:46:50 INFO session removed token=9ccd6d9a-cbc0-43ca-8721-91d29da3089d
2025/11/08 14:46:50 INFO session created token=b5f22bab-d5de-419c-8299-427d55c6cf1d name=User_89_36
2025/11/08 14:46:50 INFO session updated token=b5f22bab-d5de-419c-8299-427d55c6cf1d tableID=0xc000157080 seatIndex=0xc000153230
2025/11/08 14:46:50 INFO session removed token=b5f22bab-d5de-419c-8299-427d55c6cf1d
2025/11/08 14:46:50 INFO session created token=0134fc8f-e024-464e-8475-356defdbe75c name=User_89_37
2025/11/08 14:46:50 INFO session updated token=0134fc8f-e024-464e-8475-356defdbe75c tableID=0xc0001570d0 seatIndex=0xc000153280
2025/11/08 14:46:50 INFO session removed token=0134fc8f-e024-464e-8475-356defdbe75c
2025/11/08 14:46:50 INFO session created token=91a54043-ae31-44cf-b12c-c41be609be83 name=User_89_38
2025/11/08 14:46:50 INFO session updated token=91a54043-ae31-44cf-b12c-c41be609be83 tableID=0xc000157120 seatIndex=0xc0001532d0
2025/11/08 14:46:50 INFO session removed token=91a54043-ae31-44cf-b12c-c41be609be83
2025/11/08 14:46:50 INFO session created token=ce9f46ae-3ced-44bf-be3f-0bbaee66426c name=User_89_39
2025/11/08 14:46:50 INFO session updated token=ce9f46ae-3ced-44bf-be3f-0bbaee66426c tableID=0xc000157170 seatIndex=0xc000153320
2025/11/08 14:46:50 INFO session removed token=ce9f46ae-3ced-44bf-be3f-0bbaee66426c
2025/11/08 14:46:50 INFO session created token=638d3233-e9a1-409c-8649-7f6f3e1fa2c8 name=User_89_40
2025/11/08 14:46:50 INFO session updated token=638d3233-e9a1-409c-8649-7f6f3e1fa2c8 tableID=0xc0001571c0 seatIndex=0xc000153370
2025/11/08 14:46:50 INFO session removed token=638d3233-e9a1-409c-8649-7f6f3e1fa2c8
2025/11/08 14:46:50 INFO session created token=1e931d90-2b26-47b3-b98e-137a7e70d2e7 name=User_89_41
2025/11/08 14:46:50 INFO session updated token=1e931d90-2b26-47b3-b98e-137a7e70d2e7 tableID=0xc000157210 seatIndex=0xc0001533c0
2025/11/08 14:46:50 INFO session removed token=1e931d90-2b26-47b3-b98e-137a7e70d2e7
2025/11/08 14:46:50 INFO session created token=74683103-1f60-4f83-a954-fd929677838b name=User_89_42
2025/11/08 14:46:50 INFO session updated token=74683103-1f60-4f83-a954-fd929677838b tableID=0xc000157260 seatIndex=0xc000153410
2025/11/08 14:46:50 INFO session removed token=74683103-1f60-4f83-a954-fd929677838b
2025/11/08 14:46:50 INFO session created token=de80fa56-cd77-45d2-b313-3f6eb5b9963f name=User_89_43
2025/11/08 14:46:50 INFO session updated token=de80fa56-cd77-45d2-b313-3f6eb5b9963f tableID=0xc0001572b0 seatIndex=0xc000153460
2025/11/08 14:46:50 INFO session removed token=de80fa56-cd77-45d2-b313-3f6eb5b9963f
2025/11/08 14:46:50 INFO session created token=8ec3af25-9091-4856-aee1-8a6ab2d70425 name=User_89_44
2025/11/08 14:46:50 INFO session updated token=8ec3af25-9091-4856-aee1-8a6ab2d70425 tableID=0xc000157300 seatIndex=0xc0001534b0
2025/11/08 14:46:50 INFO session removed token=8ec3af25-9091-4856-aee1-8a6ab2d70425
2025/11/08 14:46:50 INFO session created token=efb3c6db-248b-48ce-acbc-ba0cdcf054d2 name=User_89_45
2025/11/08 14:46:50 INFO session updated token=efb3c6db-248b-48ce-acbc-ba0cdcf054d2 tableID=0xc000157350 seatIndex=0xc000153500
2025/11/08 14:46:50 INFO session removed token=efb3c6db-248b-48ce-acbc-ba0cdcf054d2
2025/11/08 14:46:50 INFO session created token=1965d8f4-1498-4c0e-87c3-99feb2d288ac name=User_89_46
2025/11/08 14:46:50 INFO session updated token=1965d8f4-1498-4c0e-87c3-99feb2d288ac tableID=0xc0001573a0 seatIndex=0xc000153550
2025/11/08 14:46:50 INFO session removed token=1965d8f4-1498-4c0e-87c3-99feb2d288ac
2025/11/08 14:46:50 INFO session created token=f19e8df6-7c5f-4667-a4b6-b0d0a49f6781 name=User_89_47
2025/11/08 14:46:50 INFO session updated token=f19e8df6-7c5f-4667-a4b6-b0d0a49f6781 tableID=0xc0001573f0 seatIndex=0xc0001535a0
2025/11/08 14:46:50 INFO session removed token=f19e8df6-7c5f-4667-a4b6-b0d0a49f6781
2025/11/08 14:46:50 INFO session created token=109c8a41-905f-42fc-85d8-d353da513717 name=User_89_48
2025/11/08 14:46:50 INFO session updated token=109c8a41-905f-42fc-85d8-d353da513717 tableID=0xc000157440 seatIndex=0xc0001535f0
2025/11/08 14:46:50 INFO session removed token=109c8a41-905f-42fc-85d8-d353da513717
2025/11/08 14:46:50 INFO session created token=f091f00a-c9fc-4c72-b56f-58913917423e name=User_89_49
2025/11/08 14:46:50 INFO session updated token=f091f00a-c9fc-4c72-b56f-58913917423e tableID=0xc000157490 seatIndex=0xc000153640
2025/11/08 14:46:50 INFO session removed token=f091f00a-c9fc-4c72-b56f-58913917423e
2025/11/08 14:46:50 INFO session created token=17839333-36b7-4fe4-8275-95351a84f59c name=User_89_50
2025/11/08 14:46:50 INFO session updated token=17839333-36b7-4fe4-8275-95351a84f59c tableID=0xc0001574e0 seatIndex=0xc000153690
2025/11/08 14:46:50 INFO session removed token=17839333-36b7-4fe4-8275-95351a84f59c
2025/11/08 14:46:50 INFO session created token=f4c23819-52c7-48a4-909b-1736635c402e name=User_89_51
2025/11/08 14:46:50 INFO session updated token=f4c23819-52c7-48a4-909b-1736635c402e tableID=0xc000157530 seatIndex=0xc0001536e0
2025/11/08 14:46:50 INFO session removed token=f4c23819-52c7-48a4-909b-1736635c402e
2025/11/08 14:46:50 INFO session created token=3cdcaaf0-58d3-4084-8d10-c06d345ac3c9 name=User_89_52
2025/11/08 14:46:50 INFO session updated token=3cdcaaf0-58d3-4084-8d10-c06d345ac3c9 tableID=0xc000157580 seatIndex=0xc000153730
2025/11/08 14:46:50 INFO session removed token=3cdcaaf0-58d3-4084-8d10-c06d345ac3c9
2025/11/08 14:46:50 INFO session created token=c2662b23-b2a1-4fee-9b3f-bbb520cc2b94 name=User_89_53
2025/11/08 14:46:50 INFO session updated token=c2662b23-b2a1-4fee-9b3f-bbb520cc2b94 tableID=0xc0001575d0 seatIndex=0xc000153780
2025/11/08 14:46:50 INFO session removed token=c2662b23-b2a1-4fee-9b3f-bbb520cc2b94
2025/11/08 14:46:50 INFO session created token=979ebc82-e934-40fc-b899-904e919a47c4 name=User_89_54
2025/11/08 14:46:50 INFO session updated token=979ebc82-e934-40fc-b899-904e919a47c4 tableID=0xc000157620 seatIndex=0xc0001537d0
2025/11/08 14:46:50 INFO session removed token=979ebc82-e934-40fc-b899-904e919a47c4
2025/11/08 14:46:50 INFO session created token=93db3457-93ec-4303-878c-3cdf520d90b2 name=User_89_55
2025/11/08 14:46:50 INFO session updated token=93db3457-93ec-4303-878c-3cdf520d90b2 tableID=0xc000157670 seatIndex=0xc000153820
2025/11/08 14:46:50 INFO session removed token=93db3457-93ec-4303-878c-3cdf520d90b2
2025/11/08 14:46:50 INFO session created token=d1da44d5-ad73-406c-a9fc-c0987a1bc0dd name=User_89_56
2025/11/08 14:46:50 INFO session updated token=d1da44d5-ad73-406c-a9fc-c0987a1bc0dd tableID=0xc0001576c0 seatIndex=0xc000153870
2025/11/08 14:46:50 INFO session removed token=d1da44d5-ad73-406c-a9fc-c0987a1bc0dd
2025/11/08 14:46:50 INFO session created token=ccb11950-adf3-4d39-ad37-9e4728c54dce name=User_89_57
2025/11/08 14:46:50 INFO session updated token=ccb11950-adf3-4d39-ad37-9e4728c54dce tableID=0xc000157710 seatIndex=0xc0001538c0
2025/11/08 14:46:50 INFO session removed token=ccb11950-adf3-4d39-ad37-9e4728c54dce
2025/11/08 14:46:50 INFO session created token=f92eac0d-7e3a-4677-a804-0d108583b834 name=User_89_58
2025/11/08 14:46:50 INFO session updated token=f92eac0d-7e3a-4677-a804-0d108583b834 tableID=0xc000157760 seatIndex=0xc000153910
2025/11/08 14:46:50 INFO session removed token=f92eac0d-7e3a-4677-a804-0d108583b834
2025/11/08 14:46:50 INFO session created token=8c0d5c2b-55f3-4182-8d03-3cd3e7596de3 name=User_89_59
2025/11/08 14:46:50 INFO session updated token=8c0d5c2b-55f3-4182-8d03-3cd3e7596de3 tableID=0xc0001577b0 seatIndex=0xc000153960
2025/11/08 14:46:50 INFO session removed token=8c0d5c2b-55f3-4182-8d03-3cd3e7596de3
2025/11/08 14:46:50 INFO session created token=c272db4d-2900-42c7-8399-438414fc33e4 name=User_89_60
2025/11/08 14:46:50 INFO session updated token=c272db4d-2900-42c7-8399-438414fc33e4 tableID=0xc000157800 seatIndex=0xc0001539b0
2025/11/08 14:46:50 INFO session removed token=c272db4d-2900-42c7-8399-438414fc33e4
2025/11/08 14:46:50 INFO session created token=c328b47c-b3cd-4a39-93b9-84387ce3593a name=User_89_61
2025/11/08 14:46:50 INFO session updated token=c328b47c-b3cd-4a39-93b9-84387ce3593a tableID=0xc000157850 seatIndex=0xc000153a00
2025/11/08 14:46:50 INFO session removed token=c328b47c-b3cd-4a39-93b9-84387ce3593a
2025/11/08 14:46:50 INFO session created token=abe4be71-4f4e-46cd-aa02-bb68aba6a755 name=User_89_62
2025/11/08 14:46:50 INFO session updated token=abe4be71-4f4e-46cd-aa02-bb68aba6a755 tableID=0xc0001578a0 seatIndex=0xc000153a50
2025/11/08 14:46:50 INFO session removed token=abe4be71-4f4e-46cd-aa02-bb68aba6a755
2025/11/08 14:46:50 INFO session created token=4066e9c6-cd28-47b2-8c72-2fd64c3f7526 name=User_89_63
2025/11/08 14:46:50 INFO session updated token=4066e9c6-cd28-47b2-8c72-2fd64c3f7526 tableID=0xc0001578f0 seatIndex=0xc000153aa0
2025/11/08 14:46:50 INFO session removed token=4066e9c6-cd28-47b2-8c72-2fd64c3f7526
2025/11/08 14:46:50 INFO session created token=b0844041-2561-445b-b55a-ccc0e84e02ac name=User_89_64
2025/11/08 14:46:50 INFO session updated token=b0844041-2561-445b-b55a-ccc0e84e02ac tableID=0xc000157940 seatIndex=0xc000153af0
2025/11/08 14:46:50 INFO session removed token=b0844041-2561-445b-b55a-ccc0e84e02ac
2025/11/08 14:46:50 INFO session created token=450964f7-94bd-40ad-9ff4-b78649ac7e09 name=User_89_65
2025/11/08 14:46:50 INFO session updated token=450964f7-94bd-40ad-9ff4-b78649ac7e09 tableID=0xc000157990 seatIndex=0xc000153b40
2025/11/08 14:46:50 INFO session removed token=450964f7-94bd-40ad-9ff4-b78649ac7e09
2025/11/08 14:46:50 INFO session created token=aeae325c-2d26-4268-b7e5-7002e998c888 name=User_89_66
2025/11/08 14:46:50 INFO session updated token=aeae325c-2d26-4268-b7e5-7002e998c888 tableID=0xc0001579e0 seatIndex=0xc000153b90
2025/11/08 14:46:50 INFO session removed token=aeae325c-2d26-4268-b7e5-7002e998c888
2025/11/08 14:46:50 INFO session created token=c2291dd3-3e43-457b-9832-d226cf002d44 name=User_89_67
2025/11/08 14:46:50 INFO session updated token=c2291dd3-3e43-457b-9832-d226cf002d44 tableID=0xc000157a30 seatIndex=0xc000153be0
2025/11/08 14:46:50 INFO session removed token=c2291dd3-3e43-457b-9832-d226cf002d44
2025/11/08 14:46:50 INFO session created token=40c5c9ac-95a1-4796-9b62-f544ea36bdc5 name=User_89_68
2025/11/08 14:46:50 INFO session updated token=40c5c9ac-95a1-4796-9b62-f544ea36bdc5 tableID=0xc000157a80 seatIndex=0xc000153c30
2025/11/08 14:46:50 INFO session removed token=40c5c9ac-95a1-4796-9b62-f544ea36bdc5
2025/11/08 14:46:50 INFO session created token=276d5c4e-99ae-483b-a122-6e7bf6034d74 name=User_89_69
2025/11/08 14:46:50 INFO session updated token=276d5c4e-99ae-483b-a122-6e7bf6034d74 tableID=0xc000157ad0 seatIndex=0xc000153c80
2025/11/08 14:46:50 INFO session removed token=276d5c4e-99ae-483b-a122-6e7bf6034d74
2025/11/08 14:46:50 INFO session created token=34585e4b-4a61-4373-b673-177594664ffc name=User_89_70
2025/11/08 14:46:50 INFO session updated token=34585e4b-4a61-4373-b673-177594664ffc tableID=0xc000157b20 seatIndex=0xc000153cd0
2025/11/08 14:46:50 INFO session removed token=34585e4b-4a61-4373-b673-177594664ffc
2025/11/08 14:46:50 INFO session created token=27fd126a-2798-4a2d-bd9c-e5cd43aaf3f2 name=User_89_71
2025/11/08 14:46:50 INFO session updated token=27fd126a-2798-4a2d-bd9c-e5cd43aaf3f2 tableID=0xc000157b70 seatIndex=0xc000153d20
2025/11/08 14:46:50 INFO session removed token=27fd126a-2798-4a2d-bd9c-e5cd43aaf3f2
2025/11/08 14:46:50 INFO session created token=14565022-99e3-423a-b02e-1bd68c124aeb name=User_89_72
2025/11/08 14:46:50 INFO session updated token=14565022-99e3-423a-b02e-1bd68c124aeb tableID=0xc000157bc0 seatIndex=0xc000153d70
2025/11/08 14:46:50 INFO session removed token=14565022-99e3-423a-b02e-1bd68c124aeb
2025/11/08 14:46:50 INFO session created token=2fb9716b-32e7-49d5-a083-2cd1f22b8e82 name=User_89_73
2025/11/08 14:46:50 INFO session updated token=2fb9716b-32e7-49d5-a083-2cd1f22b8e82 tableID=0xc000157c10 seatIndex=0xc000153dc0
2025/11/08 14:46:50 INFO session removed token=2fb9716b-32e7-49d5-a083-2cd1f22b8e82
2025/11/08 14:46:50 INFO session created token=f57b1a9f-4015-4f64-93a4-e4a570589aac name=User_89_74
2025/11/08 14:46:50 INFO session updated token=f57b1a9f-4015-4f64-93a4-e4a570589aac tableID=0xc000157c60 seatIndex=0xc000153e10
2025/11/08 14:46:50 INFO session removed token=f57b1a9f-4015-4f64-93a4-e4a570589aac
2025/11/08 14:46:50 INFO session created token=d6cf5e22-e1e6-45ba-ad20-bae39dcc628b name=User_89_75
2025/11/08 14:46:50 INFO session updated token=d6cf5e22-e1e6-45ba-ad20-bae39dcc628b tableID=0xc000157cb0 seatIndex=0xc000153e60
2025/11/08 14:46:50 INFO session removed token=d6cf5e22-e1e6-45ba-ad20-bae39dcc628b
2025/11/08 14:46:50 INFO session created token=879ea666-45ad-4800-ac1b-3f0dcf066e00 name=User_89_76
2025/11/08 14:46:50 INFO session updated token=879ea666-45ad-4800-ac1b-3f0dcf066e00 tableID=0xc000157d00 seatIndex=0xc000153eb0
2025/11/08 14:46:50 INFO session removed token=879ea666-45ad-4800-ac1b-3f0dcf066e00
2025/11/08 14:46:50 INFO session created token=606477b6-e380-4a02-b5e4-3ed1e3b88305 name=User_89_77
2025/11/08 14:46:50 INFO session updated token=606477b6-e380-4a02-b5e4-3ed1e3b88305 tableID=0xc000157d50 seatIndex=0xc000153f00
2025/11/08 14:46:50 INFO session removed token=606477b6-e380-4a02-b5e4-3ed1e3b88305
2025/11/08 14:46:50 INFO session created token=ecf11976-1ea2-442d-94c2-80cacc2366f1 name=User_89_78
2025/11/08 14:46:50 INFO session updated token=ecf11976-1ea2-442d-94c2-80cacc2366f1 tableID=0xc000157da0 seatIndex=0xc000153f50
2025/11/08 14:46:50 INFO session removed token=ecf11976-1ea2-442d-94c2-80cacc2366f1
2025/11/08 14:46:50 INFO session created token=4a1a9640-eb65-41a4-8409-54e501f8fcbb name=User_89_79
2025/11/08 14:46:50 INFO session updated token=4a1a9640-eb65-41a4-8409-54e501f8fcbb tableID=0xc000157df0 seatIndex=0xc000153fa0
2025/11/08 14:46:50 INFO session removed token=4a1a9640-eb65-41a4-8409-54e501f8fcbb
2025/11/08 14:46:50 INFO session created token=a7e0407d-f8a4-49c1-900c-398bbbadebc6 name=User_89_80
2025/11/08 14:46:50 INFO session updated token=a7e0407d-f8a4-49c1-900c-398bbbadebc6 tableID=0xc000157e40 seatIndex=0xc000153ff0
2025/11/08 14:46:50 INFO session removed token=a7e0407d-f8a4-49c1-900c-398bbbadebc6
2025/11/08 14:46:50 INFO session created token=e4636ee3-9923-4822-b273-d00a08c293bd name=User_89_81
2025/11/08 14:46:50 INFO session updated token=e4636ee3-9923-4822-b273-d00a08c293bd tableID=0xc000157e90 seatIndex=0xc00015e040
2025/11/08 14:46:50 INFO session removed token=e4636ee3-9923-4822-b273-d00a08c293bd
2025/11/08 14:46:50 INFO session created token=a3427faf-7110-4264-9660-b89c4f3e9003 name=User_89_82
2025/11/08 14:46:50 INFO session updated token=a3427faf-7110-4264-9660-b89c4f3e9003 tableID=0xc000157ee0 seatIndex=0xc00015e090
2025/11/08 14:46:50 INFO session removed token=a3427faf-7110-4264-9660-b89c4f3e9003
2025/11/08 14:46:50 INFO session created token=21c5d3c6-08ff-438b-9351-094fef6562a0 name=User_89_83
2025/11/08 14:46:50 INFO session updated token=21c5d3c6-08ff-438b-9351-094fef6562a0 tableID=0xc000157f30 seatIndex=0xc00015e0e0
2025/11/08 14:46:50 INFO session removed token=21c5d3c6-08ff-438b-9351-094fef6562a0
2025/11/08 14:46:50 INFO session created token=6eab0842-c23e-49d3-b27c-c744d5df4b6e name=User_89_84
2025/11/08 14:46:50 INFO session updated token=6eab0842-c23e-49d3-b27c-c744d5df4b6e tableID=0xc000160000 seatIndex=0xc00015e130
2025/11/08 14:46:50 INFO session removed token=6eab0842-c23e-49d3-b27c-c744d5df4b6e
2025/11/08 14:46:50 INFO session created token=c44c72a3-c4eb-4655-ac6c-6a2c3975425a name=User_89_85
2025/11/08 14:46:50 INFO session updated token=c44c72a3-c4eb-4655-ac6c-6a2c3975425a tableID=0xc000160050 seatIndex=0xc00015e180
2025/11/08 14:46:50 INFO session removed token=c44c72a3-c4eb-4655-ac6c-6a2c3975425a
2025/11/08 14:46:50 INFO session created token=44d61d85-6e69-4c1a-b875-561fbdfc50fb name=User_89_86
2025/11/08 14:46:50 INFO session updated token=44d61d85-6e69-4c1a-b875-561fbdfc50fb tableID=0xc0001600a0 seatIndex=0xc00015e1d0
2025/11/08 14:46:50 INFO session removed token=44d61d85-6e69-4c1a-b875-561fbdfc50fb
2025/11/08 14:46:50 INFO session created token=ea2a47bc-1c09-4b30-84b0-9d998c60e026 name=User_89_87
2025/11/08 14:46:50 INFO session updated token=ea2a47bc-1c09-4b30-84b0-9d998c60e026 tableID=0xc0001600f0 seatIndex=0xc00015e220
2025/11/08 14:46:50 INFO session removed token=ea2a47bc-1c09-4b30-84b0-9d998c60e026
2025/11/08 14:46:50 INFO session created token=e06dc2cf-7227-4b48-b9db-e425ef311318 name=User_89_88
2025/11/08 14:46:50 INFO session updated token=e06dc2cf-7227-4b48-b9db-e425ef311318 tableID=0xc000160140 seatIndex=0xc00015e270
2025/11/08 14:46:50 INFO session removed token=e06dc2cf-7227-4b48-b9db-e425ef311318
2025/11/08 14:46:50 INFO session created token=388108ef-efd1-4f4d-94f2-0b002d41e19e name=User_89_89
2025/11/08 14:46:50 INFO session updated token=388108ef-efd1-4f4d-94f2-0b002d41e19e tableID=0xc000160190 seatIndex=0xc00015e2c0
2025/11/08 14:46:50 INFO session removed token=388108ef-efd1-4f4d-94f2-0b002d41e19e
2025/11/08 14:46:50 INFO session created token=0bccc093-abdb-4b72-8715-a8220b8a6bf6 name=User_89_90
2025/11/08 14:46:50 INFO session updated token=0bccc093-abdb-4b72-8715-a8220b8a6bf6 tableID=0xc0001601e0 seatIndex=0xc00015e310
2025/11/08 14:46:50 INFO session removed token=0bccc093-abdb-4b72-8715-a8220b8a6bf6
2025/11/08 14:46:50 INFO session created token=fc3ed316-86d6-469c-bf00-d7f8bd39eea4 name=User_89_91
2025/11/08 14:46:50 INFO session updated token=fc3ed316-86d6-469c-bf00-d7f8bd39eea4 tableID=0xc000160230 seatIndex=0xc00015e360
2025/11/08 14:46:50 INFO session removed token=fc3ed316-86d6-469c-bf00-d7f8bd39eea4
2025/11/08 14:46:50 INFO session created token=a5437db9-1bf8-4d4c-8d2e-098f41ea5b7d name=User_89_92
2025/11/08 14:46:50 INFO session updated token=a5437db9-1bf8-4d4c-8d2e-098f41ea5b7d tableID=0xc000160280 seatIndex=0xc00015e3b0
2025/11/08 14:46:50 INFO session removed token=a5437db9-1bf8-4d4c-8d2e-098f41ea5b7d
2025/11/08 14:46:50 INFO session created token=bbca93ce-c33a-4e67-95dc-ffeaf927381d name=User_89_93
2025/11/08 14:46:50 INFO session updated token=bbca93ce-c33a-4e67-95dc-ffeaf927381d tableID=0xc0001602d0 seatIndex=0xc00015e400
2025/11/08 14:46:50 INFO session removed token=bbca93ce-c33a-4e67-95dc-ffeaf927381d
2025/11/08 14:46:50 INFO session created token=c7d6642e-4036-40cb-ab79-d628dda04b97 name=User_89_94
2025/11/08 14:46:50 INFO session updated token=c7d6642e-4036-40cb-ab79-d628dda04b97 tableID=0xc000160320 seatIndex=0xc00015e450
2025/11/08 14:46:50 INFO session removed token=c7d6642e-4036-40cb-ab79-d628dda04b97
2025/11/08 14:46:50 INFO session created token=ea09f56f-8d98-45a6-a725-3a8c682aaca2 name=User_89_95
2025/11/08 14:46:50 INFO session updated token=ea09f56f-8d98-45a6-a725-3a8c682aaca2 tableID=0xc000160370 seatIndex=0xc00015e4a0
2025/11/08 14:46:50 INFO session removed token=ea09f56f-8d98-45a6-a725-3a8c682aaca2
2025/11/08 14:46:50 INFO session created token=cf1efe2f-672d-4076-a5f7-cc18b02bd7b0 name=User_89_96
2025/11/08 14:46:50 INFO session updated token=cf1efe2f-672d-4076-a5f7-cc18b02bd7b0 tableID=0xc0001603c0 seatIndex=0xc00015e4f0
2025/11/08 14:46:50 INFO session removed token=cf1efe2f-672d-4076-a5f7-cc18b02bd7b0
2025/11/08 14:46:50 INFO session created token=396ad503-33ff-4e6b-bd10-dc9c43c96af2 name=User_89_97
2025/11/08 14:46:50 INFO session updated token=396ad503-33ff-4e6b-bd10-dc9c43c96af2 tableID=0xc000160410 seatIndex=0xc00015e540
2025/11/08 14:46:50 INFO session removed token=396ad503-33ff-4e6b-bd10-dc9c43c96af2
2025/11/08 14:46:50 INFO session created token=2079d381-ad5e-434f-9a86-4b4d2db82919 name=User_89_98
2025/11/08 14:46:50 INFO session updated token=2079d381-ad5e-434f-9a86-4b4d2db82919 tableID=0xc000160460 seatIndex=0xc00015e590
2025/11/08 14:46:50 INFO session removed token=2079d381-ad5e-434f-9a86-4b4d2db82919
2025/11/08 14:46:50 INFO session created token=7bec2f8b-2799-4ce0-bfd3-d0a9f1a51f96 name=User_89_99
2025/11/08 14:46:50 INFO session updated token=7bec2f8b-2799-4ce0-bfd3-d0a9f1a51f96 tableID=0xc0001604b0 seatIndex=0xc00015e5e0
2025/11/08 14:46:50 INFO session removed token=7bec2f8b-2799-4ce0-bfd3-d0a9f1a51f96
2025/11/08 14:46:50 INFO session removed token=cef5880f-18b7-46b5-ad4b-a44ab1a5b457
2025/11/08 14:46:50 INFO session created token=e738b632-ee25-458a-b79e-e9a5ec835055 name=User_25_18
2025/11/08 14:46:50 INFO session updated token=e738b632-ee25-458a-b79e-e9a5ec835055 tableID=0xc000160510 seatIndex=0xc00015e630
2025/11/08 14:46:50 INFO session removed token=e738b632-ee25-458a-b79e-e9a5ec835055
2025/11/08 14:46:50 INFO session created token=9aa09ea4-f016-4dab-a05d-5940af008313 name=User_25_19
2025/11/08 14:46:50 INFO session updated token=9aa09ea4-f016-4dab-a05d-5940af008313 tableID=0xc000160560 seatIndex=0xc00015e680
2025/11/08 14:46:50 INFO session removed token=9aa09ea4-f016-4dab-a05d-5940af008313
2025/11/08 14:46:50 INFO session created token=009277d3-0cfd-4d4e-8cd5-f7fe2cd9226e name=User_25_20
2025/11/08 14:46:50 INFO session updated token=009277d3-0cfd-4d4e-8cd5-f7fe2cd9226e tableID=0xc0001605b0 seatIndex=0xc00015e6d0
2025/11/08 14:46:50 INFO session removed token=009277d3-0cfd-4d4e-8cd5-f7fe2cd9226e
2025/11/08 14:46:50 INFO session created token=78520670-9698-4090-8a33-ea112320332a name=User_25_21
2025/11/08 14:46:50 INFO session updated token=78520670-9698-4090-8a33-ea112320332a tableID=0xc000160600 seatIndex=0xc00015e720
2025/11/08 14:46:50 INFO session removed token=78520670-9698-4090-8a33-ea112320332a
2025/11/08 14:46:50 INFO session created token=35defb4d-387a-4f8c-946f-c1b8562f394e name=User_25_22
2025/11/08 14:46:50 INFO session updated token=35defb4d-387a-4f8c-946f-c1b8562f394e tableID=0xc000160650 seatIndex=0xc00015e770
2025/11/08 14:46:50 INFO session removed token=35defb4d-387a-4f8c-946f-c1b8562f394e
2025/11/08 14:46:50 INFO session created token=d8d368d1-4e97-4b0f-b6c8-cbb8219d6fa3 name=User_25_23
2025/11/08 14:46:50 INFO session updated token=d8d368d1-4e97-4b0f-b6c8-cbb8219d6fa3 tableID=0xc0001606a0 seatIndex=0xc00015e7c0
2025/11/08 14:46:50 INFO session removed token=d8d368d1-4e97-4b0f-b6c8-cbb8219d6fa3
2025/11/08 14:46:50 INFO session created token=c225b6f0-1cd0-40f1-91a6-243c69685e42 name=User_25_24
2025/11/08 14:46:50 INFO session updated token=c225b6f0-1cd0-40f1-91a6-243c69685e42 tableID=0xc0001606f0 seatIndex=0xc00015e810
2025/11/08 14:46:50 INFO session removed token=c225b6f0-1cd0-40f1-91a6-243c69685e42
2025/11/08 14:46:50 INFO session created token=c42e5d99-cd4c-4ed5-90b1-7d71430bd025 name=User_25_25
2025/11/08 14:46:50 INFO session updated token=c42e5d99-cd4c-4ed5-90b1-7d71430bd025 tableID=0xc000160740 seatIndex=0xc00015e860
2025/11/08 14:46:50 INFO session removed token=c42e5d99-cd4c-4ed5-90b1-7d71430bd025
2025/11/08 14:46:50 INFO session created token=ff0f5fa8-ab6c-43d6-a7da-667d118c840e name=User_25_26
2025/11/08 14:46:50 INFO session updated token=ff0f5fa8-ab6c-43d6-a7da-667d118c840e tableID=0xc000160790 seatIndex=0xc00015e8b0
2025/11/08 14:46:50 INFO session removed token=ff0f5fa8-ab6c-43d6-a7da-667d118c840e
2025/11/08 14:46:50 INFO session created token=8615b040-71aa-4fa0-8b59-1925481c3c46 name=User_25_27
2025/11/08 14:46:50 INFO session updated token=8615b040-71aa-4fa0-8b59-1925481c3c46 tableID=0xc0001607e0 seatIndex=0xc00015e900
2025/11/08 14:46:50 INFO session removed token=8615b040-71aa-4fa0-8b59-1925481c3c46
2025/11/08 14:46:50 INFO session created token=20eb25b9-39f4-488e-bdc9-52c3d4654fc4 name=User_25_28
2025/11/08 14:46:50 INFO session updated token=20eb25b9-39f4-488e-bdc9-52c3d4654fc4 tableID=0xc000160830 seatIndex=0xc00015e950
2025/11/08 14:46:50 INFO session removed token=20eb25b9-39f4-488e-bdc9-52c3d4654fc4
2025/11/08 14:46:50 INFO session created token=106a6d01-ec7b-4578-ba07-13b0eaab7a3c name=User_25_29
2025/11/08 14:46:50 INFO session updated token=106a6d01-ec7b-4578-ba07-13b0eaab7a3c tableID=0xc000160880 seatIndex=0xc00015e9a0
2025/11/08 14:46:50 INFO session removed token=106a6d01-ec7b-4578-ba07-13b0eaab7a3c
2025/11/08 14:46:50 INFO session created token=d6ee6349-5e19-4e22-83f5-75545264d2c1 name=User_25_30
2025/11/08 14:46:50 INFO session updated token=d6ee6349-5e19-4e22-83f5-75545264d2c1 tableID=0xc0001608d0 seatIndex=0xc00015e9f0
2025/11/08 14:46:50 INFO session removed token=d6ee6349-5e19-4e22-83f5-75545264d2c1
2025/11/08 14:46:50 INFO session created token=cdcb3d73-d5b1-4ded-b976-9b29943a489f name=User_25_31
2025/11/08 14:46:50 INFO session updated token=cdcb3d73-d5b1-4ded-b976-9b29943a489f tableID=0xc000160920 seatIndex=0xc00015ea40
2025/11/08 14:46:50 INFO session removed token=cdcb3d73-d5b1-4ded-b976-9b29943a489f
2025/11/08 14:46:50 INFO session created token=5152a478-7d34-4a5c-a6b9-acc4a8d9c2b3 name=User_25_32
2025/11/08 14:46:50 INFO session updated token=5152a478-7d34-4a5c-a6b9-acc4a8d9c2b3 tableID=0xc000160970 seatIndex=0xc00015ea90
2025/11/08 14:46:50 INFO session removed token=5152a478-7d34-4a5c-a6b9-acc4a8d9c2b3
2025/11/08 14:46:50 INFO session created token=760a2501-1137-4041-9f93-fb6f900e2beb name=User_25_33
2025/11/08 14:46:50 INFO session updated token=760a2501-1137-4041-9f93-fb6f900e2beb tableID=0xc0001609c0 seatIndex=0xc00015eae0
2025/11/08 14:46:50 INFO session removed token=760a2501-1137-4041-9f93-fb6f900e2beb
2025/11/08 14:46:50 INFO session created token=c4105601-1a6e-4b0b-b2c6-6aa586e96743 name=User_25_34
2025/11/08 14:46:50 INFO session updated token=c4105601-1a6e-4b0b-b2c6-6aa586e96743 tableID=0xc000160a10 seatIndex=0xc00015eb30
2025/11/08 14:46:50 INFO session removed token=c4105601-1a6e-4b0b-b2c6-6aa586e96743
2025/11/08 14:46:50 INFO session created token=6544b6be-0415-41ad-8e7a-c5f67ef1fe72 name=User_25_35
2025/11/08 14:46:50 INFO session updated token=6544b6be-0415-41ad-8e7a-c5f67ef1fe72 tableID=0xc000160a60 seatIndex=0xc00015eb80
2025/11/08 14:46:50 INFO session removed token=6544b6be-0415-41ad-8e7a-c5f67ef1fe72
2025/11/08 14:46:50 INFO session created token=3d23f597-2212-4221-9e2e-07f8372b9ae5 name=User_25_36
2025/11/08 14:46:50 INFO session updated token=3d23f597-2212-4221-9e2e-07f8372b9ae5 tableID=0xc000160ab0 seatIndex=0xc00015ebd0
2025/11/08 14:46:50 INFO session removed token=3d23f597-2212-4221-9e2e-07f8372b9ae5
2025/11/08 14:46:50 INFO session created token=0ccaf1ce-3437-436a-8056-72c8d0be53db name=User_25_37
2025/11/08 14:46:50 INFO session updated token=0ccaf1ce-3437-436a-8056-72c8d0be53db tableID=0xc000160b00 seatIndex=0xc00015ec20
2025/11/08 14:46:50 INFO session removed token=0ccaf1ce-3437-436a-8056-72c8d0be53db
2025/11/08 14:46:50 INFO session created token=cbdcbea6-fd7f-4dcd-8a6f-bba4eea0e9f3 name=User_25_38
2025/11/08 14:46:50 INFO session updated token=cbdcbea6-fd7f-4dcd-8a6f-bba4eea0e9f3 tableID=0xc000160b50 seatIndex=0xc00015ec70
2025/11/08 14:46:50 INFO session removed token=cbdcbea6-fd7f-4dcd-8a6f-bba4eea0e9f3
2025/11/08 14:46:50 INFO session created token=85d870fb-85ee-419a-a006-57d35fce4547 name=User_25_39
2025/11/08 14:46:50 INFO session updated token=85d870fb-85ee-419a-a006-57d35fce4547 tableID=0xc000160ba0 seatIndex=0xc00015ecc0
2025/11/08 14:46:50 INFO session removed token=85d870fb-85ee-419a-a006-57d35fce4547
2025/11/08 14:46:50 INFO session created token=4a5172b8-fdd7-4168-ac8d-185621209993 name=User_25_40
2025/11/08 14:46:50 INFO session updated token=4a5172b8-fdd7-4168-ac8d-185621209993 tableID=0xc000160bf0 seatIndex=0xc00015ed10
2025/11/08 14:46:50 INFO session removed token=4a5172b8-fdd7-4168-ac8d-185621209993
2025/11/08 14:46:50 INFO session created token=383e7655-adb1-4693-af1a-51bfb1e31bcd name=User_25_41
2025/11/08 14:46:50 INFO session updated token=383e7655-adb1-4693-af1a-51bfb1e31bcd tableID=0xc000160c40 seatIndex=0xc00015ed60
2025/11/08 14:46:50 INFO session removed token=383e7655-adb1-4693-af1a-51bfb1e31bcd
2025/11/08 14:46:50 INFO session created token=c6f3bd37-c26a-43d2-a30a-5050f9da67a8 name=User_25_42
2025/11/08 14:46:50 INFO session updated token=c6f3bd37-c26a-43d2-a30a-5050f9da67a8 tableID=0xc000160c90 seatIndex=0xc00015edb0
2025/11/08 14:46:50 INFO session removed token=c6f3bd37-c26a-43d2-a30a-5050f9da67a8
2025/11/08 14:46:50 INFO session created token=9b25058e-56fc-47fb-961f-90348608aa04 name=User_25_43
2025/11/08 14:46:50 INFO session updated token=9b25058e-56fc-47fb-961f-90348608aa04 tableID=0xc000160ce0 seatIndex=0xc00015ee00
2025/11/08 14:46:50 INFO session removed token=9b25058e-56fc-47fb-961f-90348608aa04
2025/11/08 14:46:50 INFO session created token=f95dbe4e-3934-4889-a21b-9aafd4195316 name=User_25_44
2025/11/08 14:46:50 INFO session updated token=f95dbe4e-3934-4889-a21b-9aafd4195316 tableID=0xc000160d30 seatIndex=0xc00015ee50
2025/11/08 14:46:50 INFO session removed token=f95dbe4e-3934-4889-a21b-9aafd4195316
2025/11/08 14:46:50 INFO session created token=ff16f3f8-887b-4109-a5e3-e54e4fbdc9d7 name=User_25_45
2025/11/08 14:46:50 INFO session updated token=ff16f3f8-887b-4109-a5e3-e54e4fbdc9d7 tableID=0xc000160d80 seatIndex=0xc00015eea0
2025/11/08 14:46:50 INFO session removed token=ff16f3f8-887b-4109-a5e3-e54e4fbdc9d7
2025/11/08 14:46:50 INFO session created token=b1d833e5-cc18-4bd2-bb8a-1b5459852717 name=User_25_46
2025/11/08 14:46:50 INFO session updated token=b1d833e5-cc18-4bd2-bb8a-1b5459852717 tableID=0xc000160dd0 seatIndex=0xc00015eef0
2025/11/08 14:46:50 INFO session removed token=b1d833e5-cc18-4bd2-bb8a-1b5459852717
2025/11/08 14:46:50 INFO session created token=928ddca7-f91e-4068-8d7f-cd0174475f12 name=User_25_47
2025/11/08 14:46:50 INFO session updated token=928ddca7-f91e-4068-8d7f-cd0174475f12 tableID=0xc000160e20 seatIndex=0xc00015ef40
2025/11/08 14:46:50 INFO session removed token=928ddca7-f91e-4068-8d7f-cd0174475f12
2025/11/08 14:46:50 INFO session created token=28d23ff4-6451-4000-8c68-e8ba12886b1e name=User_25_48
2025/11/08 14:46:50 INFO session updated token=28d23ff4-6451-4000-8c68-e8ba12886b1e tableID=0xc000160e70 seatIndex=0xc00015ef90
2025/11/08 14:46:50 INFO session removed token=28d23ff4-6451-4000-8c68-e8ba12886b1e
2025/11/08 14:46:50 INFO session created token=7d9337c4-f446-4847-aaa1-ab74b2e73cd6 name=User_25_49
2025/11/08 14:46:50 INFO session updated token=7d9337c4-f446-4847-aaa1-ab74b2e73cd6 tableID=0xc000160ec0 seatIndex=0xc00015efe0
2025/11/08 14:46:50 INFO session removed token=7d9337c4-f446-4847-aaa1-ab74b2e73cd6
2025/11/08 14:46:50 INFO session created token=c10c55fd-3ab1-40f6-be9e-3622ec557f60 name=User_25_50
2025/11/08 14:46:50 INFO session updated token=c10c55fd-3ab1-40f6-be9e-3622ec557f60 tableID=0xc000160f10 seatIndex=0xc00015f030
2025/11/08 14:46:50 INFO session removed token=c10c55fd-3ab1-40f6-be9e-3622ec557f60
2025/11/08 14:46:50 INFO session created token=d9c194d9-2943-47f0-9d14-5c47fc019eec name=User_25_51
2025/11/08 14:46:50 INFO session updated token=d9c194d9-2943-47f0-9d14-5c47fc019eec tableID=0xc000160f60 seatIndex=0xc00015f080
2025/11/08 14:46:50 INFO session removed token=d9c194d9-2943-47f0-9d14-5c47fc019eec
2025/11/08 14:46:50 INFO session created token=56aa74a8-b219-49b3-87b6-7610a1d24828 name=User_25_52
2025/11/08 14:46:50 INFO session updated token=56aa74a8-b219-49b3-87b6-7610a1d24828 tableID=0xc000160fb0 seatIndex=0xc00015f0d0
2025/11/08 14:46:50 INFO session removed token=56aa74a8-b219-49b3-87b6-7610a1d24828
2025/11/08 14:46:50 INFO session created token=f05c8103-0431-4418-94ce-e2854d9b8a7c name=User_25_53
2025/11/08 14:46:50 INFO session updated token=f05c8103-0431-4418-94ce-e2854d9b8a7c tableID=0xc000161000 seatIndex=0xc00015f120
2025/11/08 14:46:50 INFO session removed token=f05c8103-0431-4418-94ce-e2854d9b8a7c
2025/11/08 14:46:50 INFO session created token=0c41a0c1-cbe0-4aba-b9c0-76e79bce01be name=User_25_54
2025/11/08 14:46:50 INFO session updated token=0c41a0c1-cbe0-4aba-b9c0-76e79bce01be tableID=0xc000161050 seatIndex=0xc00015f170
2025/11/08 14:46:50 INFO session removed token=0c41a0c1-cbe0-4aba-b9c0-76e79bce01be
2025/11/08 14:46:50 INFO session created token=456d7caf-3846-4094-9035-aee5ec5f3777 name=User_25_55
2025/11/08 14:46:50 INFO session updated token=456d7caf-3846-4094-9035-aee5ec5f3777 tableID=0xc0001610a0 seatIndex=0xc00015f1c0
2025/11/08 14:46:50 INFO session removed token=456d7caf-3846-4094-9035-aee5ec5f3777
2025/11/08 14:46:50 INFO session created token=76fd1564-60a0-495d-9789-8d5f05b6c7e4 name=User_25_56
2025/11/08 14:46:50 INFO session updated token=76fd1564-60a0-495d-9789-8d5f05b6c7e4 tableID=0xc0001610f0 seatIndex=0xc00015f210
2025/11/08 14:46:50 INFO session removed token=76fd1564-60a0-495d-9789-8d5f05b6c7e4
2025/11/08 14:46:50 INFO session created token=4a948798-fe00-4851-951f-b76cce4e41ba name=User_25_57
2025/11/08 14:46:50 INFO session updated token=4a948798-fe00-4851-951f-b76cce4e41ba tableID=0xc000161140 seatIndex=0xc00015f260
2025/11/08 14:46:50 INFO session removed token=4a948798-fe00-4851-951f-b76cce4e41ba
2025/11/08 14:46:50 INFO session created token=862c812a-468b-4417-b3d8-5d97dbdbb728 name=User_25_58
2025/11/08 14:46:50 INFO session updated token=862c812a-468b-4417-b3d8-5d97dbdbb728 tableID=0xc000161190 seatIndex=0xc00015f2b0
2025/11/08 14:46:50 INFO session removed token=862c812a-468b-4417-b3d8-5d97dbdbb728
2025/11/08 14:46:50 INFO session created token=ba317e10-83cf-42b2-b418-19f7a0797b09 name=User_25_59
2025/11/08 14:46:50 INFO session updated token=ba317e10-83cf-42b2-b418-19f7a0797b09 tableID=0xc0001611e0 seatIndex=0xc00015f300
2025/11/08 14:46:50 INFO session removed token=ba317e10-83cf-42b2-b418-19f7a0797b09
2025/11/08 14:46:50 INFO session created token=0ddffa16-f2fc-4e7a-a38c-aee599c13901 name=User_25_60
2025/11/08 14:46:50 INFO session updated token=0ddffa16-f2fc-4e7a-a38c-aee599c13901 tableID=0xc000161230 seatIndex=0xc00015f350
2025/11/08 14:46:50 INFO session removed token=0ddffa16-f2fc-4e7a-a38c-aee599c13901
2025/11/08 14:46:50 INFO session created token=66bc7f27-caf5-4486-ae68-343af8ec4ebb name=User_25_61
2025/11/08 14:46:50 INFO session updated token=66bc7f27-caf5-4486-ae68-343af8ec4ebb tableID=0xc000161280 seatIndex=0xc00015f3a0
2025/11/08 14:46:50 INFO session removed token=66bc7f27-caf5-4486-ae68-343af8ec4ebb
2025/11/08 14:46:50 INFO session created token=9d21436f-16d7-491b-852d-738e07a1371e name=User_25_62
2025/11/08 14:46:50 INFO session updated token=9d21436f-16d7-491b-852d-738e07a1371e tableID=0xc0001612d0 seatIndex=0xc00015f3f0
2025/11/08 14:46:50 INFO session removed token=9d21436f-16d7-491b-852d-738e07a1371e
2025/11/08 14:46:50 INFO session created token=9ac146b2-2158-4840-838b-31a03954f7f6 name=User_25_63
2025/11/08 14:46:50 INFO session updated token=9ac146b2-2158-4840-838b-31a03954f7f6 tableID=0xc000161320 seatIndex=0xc00015f440
2025/11/08 14:46:50 INFO session removed token=9ac146b2-2158-4840-838b-31a03954f7f6
2025/11/08 14:46:50 INFO session created token=a77141ee-144d-4501-ae1b-cb83763de9a5 name=User_25_64
2025/11/08 14:46:50 INFO session updated token=a77141ee-144d-4501-ae1b-cb83763de9a5 tableID=0xc000161370 seatIndex=0xc00015f490
2025/11/08 14:46:50 INFO session removed token=a77141ee-144d-4501-ae1b-cb83763de9a5
2025/11/08 14:46:50 INFO session created token=85eb7f84-df75-48a2-8431-b5a802eb9c40 name=User_25_65
2025/11/08 14:46:50 INFO session updated token=85eb7f84-df75-48a2-8431-b5a802eb9c40 tableID=0xc0001613c0 seatIndex=0xc00015f4e0
2025/11/08 14:46:50 INFO session removed token=85eb7f84-df75-48a2-8431-b5a802eb9c40
2025/11/08 14:46:50 INFO session created token=2aa00207-7e7d-457c-8f1f-f530aa988956 name=User_25_66
2025/11/08 14:46:50 INFO session updated token=2aa00207-7e7d-457c-8f1f-f530aa988956 tableID=0xc000161410 seatIndex=0xc00015f530
2025/11/08 14:46:50 INFO session removed token=2aa00207-7e7d-457c-8f1f-f530aa988956
2025/11/08 14:46:50 INFO session created token=ebe001b4-f043-4fd3-af41-2c4b0d0ebc45 name=User_25_67
2025/11/08 14:46:50 INFO session updated token=ebe001b4-f043-4fd3-af41-2c4b0d0ebc45 tableID=0xc000161460 seatIndex=0xc00015f580
2025/11/08 14:46:50 INFO session removed token=ebe001b4-f043-4fd3-af41-2c4b0d0ebc45
2025/11/08 14:46:50 INFO session created token=e58ba68b-6abb-466a-b918-ae7caa43eb7d name=User_25_68
2025/11/08 14:46:50 INFO session updated token=e58ba68b-6abb-466a-b918-ae7caa43eb7d tableID=0xc0001614b0 seatIndex=0xc00015f5d0
2025/11/08 14:46:50 INFO session removed token=e58ba68b-6abb-466a-b918-ae7caa43eb7d
2025/11/08 14:46:50 INFO session created token=00f1c31e-9782-4152-a100-3bb525155655 name=User_25_69
2025/11/08 14:46:50 INFO session updated token=00f1c31e-9782-4152-a100-3bb525155655 tableID=0xc000161500 seatIndex=0xc00015f620
2025/11/08 14:46:50 INFO session removed token=00f1c31e-9782-4152-a100-3bb525155655
2025/11/08 14:46:50 INFO session created token=74a3ab0f-0f35-49e2-b9bd-668cd7a9399d name=User_25_70
2025/11/08 14:46:50 INFO session updated token=74a3ab0f-0f35-49e2-b9bd-668cd7a9399d tableID=0xc000161550 seatIndex=0xc00015f670
2025/11/08 14:46:50 INFO session removed token=74a3ab0f-0f35-49e2-b9bd-668cd7a9399d
2025/11/08 14:46:50 INFO session created token=d524c082-ff92-4ec9-97cc-bff6900d68e4 name=User_25_71
2025/11/08 14:46:50 INFO session updated token=d524c082-ff92-4ec9-97cc-bff6900d68e4 tableID=0xc0001615a0 seatIndex=0xc00015f6c0
2025/11/08 14:46:50 INFO session removed token=d524c082-ff92-4ec9-97cc-bff6900d68e4
2025/11/08 14:46:50 INFO session created token=58cc63fa-a22b-4069-8fda-bfbd58601803 name=User_25_72
2025/11/08 14:46:50 INFO session updated token=58cc63fa-a22b-4069-8fda-bfbd58601803 tableID=0xc0001615f0 seatIndex=0xc00015f710
2025/11/08 14:46:50 INFO session removed token=58cc63fa-a22b-4069-8fda-bfbd58601803
2025/11/08 14:46:50 INFO session created token=3ac317cf-c6d8-42be-9e62-24f5daf6e81d name=User_25_73
2025/11/08 14:46:50 INFO session updated token=3ac317cf-c6d8-42be-9e62-24f5daf6e81d tableID=0xc000161640 seatIndex=0xc00015f760
2025/11/08 14:46:50 INFO session removed token=3ac317cf-c6d8-42be-9e62-24f5daf6e81d
2025/11/08 14:46:50 INFO session created token=70db459b-89b0-4ccc-aa88-079cf6560039 name=User_25_74
2025/11/08 14:46:50 INFO session updated token=70db459b-89b0-4ccc-aa88-079cf6560039 tableID=0xc000161690 seatIndex=0xc00015f7b0
2025/11/08 14:46:50 INFO session removed token=70db459b-89b0-4ccc-aa88-079cf6560039
2025/11/08 14:46:50 INFO session created token=fefc538b-dfab-4abe-89c1-c082666e0610 name=User_25_75
2025/11/08 14:46:50 INFO session updated token=fefc538b-dfab-4abe-89c1-c082666e0610 tableID=0xc0001616e0 seatIndex=0xc00015f800
2025/11/08 14:46:50 INFO session removed token=fefc538b-dfab-4abe-89c1-c082666e0610
2025/11/08 14:46:50 INFO session created token=110698a4-fae6-4ada-a9ca-782cc4b17547 name=User_25_76
2025/11/08 14:46:50 INFO session updated token=110698a4-fae6-4ada-a9ca-782cc4b17547 tableID=0xc000161730 seatIndex=0xc00015f850
2025/11/08 14:46:50 INFO session removed token=110698a4-fae6-4ada-a9ca-782cc4b17547
2025/11/08 14:46:50 INFO session created token=f12265e1-30b9-4ebe-b67b-025fad21738e name=User_25_77
2025/11/08 14:46:50 INFO session updated token=f12265e1-30b9-4ebe-b67b-025fad21738e tableID=0xc000161780 seatIndex=0xc00015f8a0
2025/11/08 14:46:50 INFO session removed token=f12265e1-30b9-4ebe-b67b-025fad21738e
2025/11/08 14:46:50 INFO session created token=7ccaf7f9-0aa4-4d05-94b8-c91cd2f9ded4 name=User_25_78
2025/11/08 14:46:50 INFO session updated token=7ccaf7f9-0aa4-4d05-94b8-c91cd2f9ded4 tableID=0xc0001617d0 seatIndex=0xc00015f8f0
2025/11/08 14:46:50 INFO session removed token=7ccaf7f9-0aa4-4d05-94b8-c91cd2f9ded4
2025/11/08 14:46:50 INFO session created token=4d6be1da-c4c0-4470-ae6b-8887395e0515 name=User_25_79
2025/11/08 14:46:50 INFO session updated token=4d6be1da-c4c0-4470-ae6b-8887395e0515 tableID=0xc000161820 seatIndex=0xc00015f940
2025/11/08 14:46:50 INFO session removed token=4d6be1da-c4c0-4470-ae6b-8887395e0515
2025/11/08 14:46:50 INFO session created token=85e597f0-7264-4d03-89f9-a378bba9c153 name=User_25_80
2025/11/08 14:46:50 INFO session updated token=85e597f0-7264-4d03-89f9-a378bba9c153 tableID=0xc000161870 seatIndex=0xc00015f990
2025/11/08 14:46:50 INFO session removed token=85e597f0-7264-4d03-89f9-a378bba9c153
2025/11/08 14:46:50 INFO session created token=0d14d468-b503-4ebe-abd2-085b75dc8c6b name=User_25_81
2025/11/08 14:46:50 INFO session updated token=0d14d468-b503-4ebe-abd2-085b75dc8c6b tableID=0xc0001618c0 seatIndex=0xc00015f9e0
2025/11/08 14:46:50 INFO session removed token=0d14d468-b503-4ebe-abd2-085b75dc8c6b
2025/11/08 14:46:50 INFO session created token=4121bfce-cde2-4417-8aec-33da6055adbf name=User_25_82
2025/11/08 14:46:50 INFO session updated token=4121bfce-cde2-4417-8aec-33da6055adbf tableID=0xc000161910 seatIndex=0xc00015fa30
2025/11/08 14:46:50 INFO session removed token=4121bfce-cde2-4417-8aec-33da6055adbf
2025/11/08 14:46:50 INFO session created token=37d3de87-dce7-4c71-adbe-529800e77fa2 name=User_25_83
2025/11/08 14:46:50 INFO session updated token=37d3de87-dce7-4c71-adbe-529800e77fa2 tableID=0xc000161960 seatIndex=0xc00015fa80
2025/11/08 14:46:50 INFO session removed token=37d3de87-dce7-4c71-adbe-529800e77fa2
2025/11/08 14:46:50 INFO session created token=2582e132-65f4-46a0-86e2-d560ac2072dc name=User_25_84
2025/11/08 14:46:50 INFO session updated token=2582e132-65f4-46a0-86e2-d560ac2072dc tableID=0xc0001619b0 seatIndex=0xc00015fad0
2025/11/08 14:46:50 INFO session removed token=2582e132-65f4-46a0-86e2-d560ac2072dc
2025/11/08 14:46:50 INFO session created token=04908be1-4e64-45f0-9790-0fcbd4e0af02 name=User_25_85
2025/11/08 14:46:50 INFO session updated token=04908be1-4e64-45f0-9790-0fcbd4e0af02 tableID=0xc000161a00 seatIndex=0xc00015fb20
2025/11/08 14:46:50 INFO session removed token=04908be1-4e64-45f0-9790-0fcbd4e0af02
2025/11/08 14:46:50 INFO session created token=e0372974-1ecc-4927-aca1-29164f49122c name=User_25_86
2025/11/08 14:46:50 INFO session updated token=e0372974-1ecc-4927-aca1-29164f49122c tableID=0xc000161a50 seatIndex=0xc00015fb70
2025/11/08 14:46:50 INFO session removed token=e0372974-1ecc-4927-aca1-29164f49122c
2025/11/08 14:46:50 INFO session created token=1f8536a5-c750-45ff-a1e8-3d20b8f58e3e name=User_25_87
2025/11/08 14:46:50 INFO session updated token=1f8536a5-c750-45ff-a1e8-3d20b8f58e3e tableID=0xc000161aa0 seatIndex=0xc00015fbc0
2025/11/08 14:46:50 INFO session removed token=1f8536a5-c750-45ff-a1e8-3d20b8f58e3e
2025/11/08 14:46:50 INFO session created token=42ce6ab0-4020-4ba0-b53c-f588bc2ad85b name=User_25_88
2025/11/08 14:46:50 INFO session updated token=42ce6ab0-4020-4ba0-b53c-f588bc2ad85b tableID=0xc000161af0 seatIndex=0xc00015fc10
2025/11/08 14:46:50 INFO session removed token=42ce6ab0-4020-4ba0-b53c-f588bc2ad85b
2025/11/08 14:46:50 INFO session created token=f60f9eca-eb50-493d-8c97-07a84b404a1e name=User_25_89
2025/11/08 14:46:50 INFO session updated token=f60f9eca-eb50-493d-8c97-07a84b404a1e tableID=0xc000161b40 seatIndex=0xc00015fc60
2025/11/08 14:46:50 INFO session removed token=f60f9eca-eb50-493d-8c97-07a84b404a1e
2025/11/08 14:46:50 INFO session created token=5d99c749-c626-4439-8273-215f55178c9f name=User_25_90
2025/11/08 14:46:50 INFO session updated token=5d99c749-c626-4439-8273-215f55178c9f tableID=0xc000161b90 seatIndex=0xc00015fcb0
2025/11/08 14:46:50 INFO session removed token=5d99c749-c626-4439-8273-215f55178c9f
2025/11/08 14:46:50 INFO session created token=77e0017e-5e0e-4594-861a-7e401ab4e1b2 name=User_25_91
2025/11/08 14:46:50 INFO session updated token=77e0017e-5e0e-4594-861a-7e401ab4e1b2 tableID=0xc000161be0 seatIndex=0xc00015fd00
2025/11/08 14:46:50 INFO session removed token=77e0017e-5e0e-4594-861a-7e401ab4e1b2
2025/11/08 14:46:50 INFO session created token=c5129bcf-e059-4fc1-987d-9329fbb94fb7 name=User_25_92
2025/11/08 14:46:50 INFO session updated token=c5129bcf-e059-4fc1-987d-9329fbb94fb7 tableID=0xc000161c30 seatIndex=0xc00015fd50
2025/11/08 14:46:50 INFO session removed token=c5129bcf-e059-4fc1-987d-9329fbb94fb7
2025/11/08 14:46:50 INFO session created token=c3af0d8f-3664-4e13-a07d-bbed028bf70b name=User_25_93
2025/11/08 14:46:50 INFO session updated token=c3af0d8f-3664-4e13-a07d-bbed028bf70b tableID=0xc000161c80 seatIndex=0xc00015fda0
2025/11/08 14:46:50 INFO session removed token=c3af0d8f-3664-4e13-a07d-bbed028bf70b
2025/11/08 14:46:50 INFO session created token=dff69654-8ba1-4742-86c0-ed197275166c name=User_25_94
2025/11/08 14:46:50 INFO session updated token=dff69654-8ba1-4742-86c0-ed197275166c tableID=0xc000161cd0 seatIndex=0xc00015fdf0
2025/11/08 14:46:50 INFO session removed token=dff69654-8ba1-4742-86c0-ed197275166c
2025/11/08 14:46:50 INFO session created token=8ade4480-ea9a-4038-8dc5-1d2fe3d1bf6a name=User_25_95
2025/11/08 14:46:50 INFO session updated token=8ade4480-ea9a-4038-8dc5-1d2fe3d1bf6a tableID=0xc000161d20 seatIndex=0xc00015fe40
2025/11/08 14:46:50 INFO session removed token=8ade4480-ea9a-4038-8dc5-1d2fe3d1bf6a
2025/11/08 14:46:50 INFO session created token=c5c5fb08-9843-48dc-b8e1-4ec68da5e4fc name=User_25_96
2025/11/08 14:46:50 INFO session updated token=c5c5fb08-9843-48dc-b8e1-4ec68da5e4fc tableID=0xc000161d70 seatIndex=0xc00015fe90
2025/11/08 14:46:50 INFO session removed token=c5c5fb08-9843-48dc-b8e1-4ec68da5e4fc
2025/11/08 14:46:50 INFO session created token=c3113015-597a-4638-9e1b-5bd6d1505cf1 name=User_25_97
2025/11/08 14:46:50 INFO session updated token=c3113015-597a-4638-9e1b-5bd6d1505cf1 tableID=0xc000161dc0 seatIndex=0xc00015fee0
2025/11/08 14:46:50 INFO session removed token=c3113015-597a-4638-9e1b-5bd6d1505cf1
2025/11/08 14:46:50 INFO session created token=05f9aff6-99b4-463a-abf7-a1965512a732 name=User_25_98
2025/11/08 14:46:50 INFO session updated token=05f9aff6-99b4-463a-abf7-a1965512a732 tableID=0xc000161e10 seatIndex=0xc00015ff30
2025/11/08 14:46:50 INFO session removed token=05f9aff6-99b4-463a-abf7-a1965512a732
2025/11/08 14:46:50 INFO session created token=4c5093a8-2b93-43df-a5bd-0b09ecc17164 name=User_25_99
2025/11/08 14:46:50 INFO session updated token=4c5093a8-2b93-43df-a5bd-0b09ecc17164 tableID=0xc000161e60 seatIndex=0xc00015ff80
2025/11/08 14:46:50 INFO session removed token=4c5093a8-2b93-43df-a5bd-0b09ecc17164
2025/11/08 14:46:50 INFO session updated token=e3bdbb4e-6084-442c-86bb-7f421ed819ef tableID=0xc0001568e0 seatIndex=0xc000152a90
2025/11/08 14:46:50 INFO session removed token=e3bdbb4e-6084-442c-86bb-7f421ed819ef
2025/11/08 14:46:50 INFO session created token=f7c41738-5b36-4cdb-b9d1-8f3bcb12c268 name=User_57_19
2025/11/08 14:46:50 INFO session updated token=f7c41738-5b36-4cdb-b9d1-8f3bcb12c268 tableID=0xc000161ed0 seatIndex=0xc00015fff0
2025/11/08 14:46:50 INFO session removed token=f7c41738-5b36-4cdb-b9d1-8f3bcb12c268
2025/11/08 14:46:50 INFO session created token=10459944-c956-401b-8211-b55abe026ea9 name=User_57_20
2025/11/08 14:46:50 INFO session updated token=10459944-c956-401b-8211-b55abe026ea9 tableID=0xc000161f20 seatIndex=0xc000164040
2025/11/08 14:46:50 INFO session removed token=10459944-c956-401b-8211-b55abe026ea9
2025/11/08 14:46:50 INFO session created token=fda2c54f-727a-4410-ab9b-108d6900b372 name=User_57_21
2025/11/08 14:46:50 INFO session updated token=fda2c54f-727a-4410-ab9b-108d6900b372 tableID=0xc000161f70 seatIndex=0xc000164090
2025/11/08 14:46:50 INFO session removed token=fda2c54f-727a-4410-ab9b-108d6900b372
2025/11/08 14:46:50 INFO session created token=77faeeff-7522-4ee2-b9ec-b76097f28bba name=User_57_22
2025/11/08 14:46:50 INFO session updated token=77faeeff-7522-4ee2-b9ec-b76097f28bba tableID=0xc000166040 seatIndex=0xc0001640e0
2025/11/08 14:46:50 INFO session removed token=77faeeff-7522-4ee2-b9ec-b76097f28bba
2025/11/08 14:46:50 INFO session created token=aabf6045-42f3-4da3-95bc-720ff75aa49b name=User_57_23
2025/11/08 14:46:50 INFO session updated token=aabf6045-42f3-4da3-95bc-720ff75aa49b tableID=0xc000166090 seatIndex=0xc000164130
2025/11/08 14:46:50 INFO session removed token=aabf6045-42f3-4da3-95bc-720ff75aa49b
2025/11/08 14:46:50 INFO session created token=e5f2ebd0-5f97-4e20-be53-42828cd4b111 name=User_57_24
2025/11/08 14:46:50 INFO session updated token=e5f2ebd0-5f97-4e20-be53-42828cd4b111 tableID=0xc0001660e0 seatIndex=0xc000164180
2025/11/08 14:46:50 INFO session removed token=e5f2ebd0-5f97-4e20-be53-42828cd4b111
2025/11/08 14:46:50 INFO session created token=afcfa1bf-5261-487c-bd1e-c9b26c9178b9 name=User_57_25
2025/11/08 14:46:50 INFO session updated token=afcfa1bf-5261-487c-bd1e-c9b26c9178b9 tableID=0xc000166130 seatIndex=0xc0001641d0
2025/11/08 14:46:50 INFO session removed token=afcfa1bf-5261-487c-bd1e-c9b26c9178b9
2025/11/08 14:46:50 INFO session created token=d77641df-1587-4aaf-90a8-e5b916369bf9 name=User_57_26
2025/11/08 14:46:50 INFO session updated token=d77641df-1587-4aaf-90a8-e5b916369bf9 tableID=0xc000166180 seatIndex=0xc000164220
2025/11/08 14:46:50 INFO session removed token=d77641df-1587-4aaf-90a8-e5b916369bf9
2025/11/08 14:46:50 INFO session created token=417a4ba5-a72c-4f14-895c-15c337418114 name=User_57_27
2025/11/08 14:46:50 INFO session updated token=417a4ba5-a72c-4f14-895c-15c337418114 tableID=0xc0001661d0 seatIndex=0xc000164270
2025/11/08 14:46:50 INFO session removed token=417a4ba5-a72c-4f14-895c-15c337418114
2025/11/08 14:46:50 INFO session created token=b6c5f01b-b6dc-446a-a892-bc7b432e6190 name=User_57_28
2025/11/08 14:46:50 INFO session updated token=b6c5f01b-b6dc-446a-a892-bc7b432e6190 tableID=0xc000166220 seatIndex=0xc0001642c0
2025/11/08 14:46:50 INFO session removed token=b6c5f01b-b6dc-446a-a892-bc7b432e6190
2025/11/08 14:46:50 INFO session created token=b4f5ff49-c2ea-4267-a2a2-01fe3f2fcda6 name=User_57_29
2025/11/08 14:46:50 INFO session updated token=b4f5ff49-c2ea-4267-a2a2-01fe3f2fcda6 tableID=0xc000166270 seatIndex=0xc000164310
2025/11/08 14:46:50 INFO session removed token=b4f5ff49-c2ea-4267-a2a2-01fe3f2fcda6
2025/11/08 14:46:50 INFO session created token=73440397-12eb-4106-810c-ead56f1c04d6 name=User_57_30
2025/11/08 14:46:50 INFO session updated token=73440397-12eb-4106-810c-ead56f1c04d6 tableID=0xc0001662c0 seatIndex=0xc000164360
2025/11/08 14:46:50 INFO session removed token=73440397-12eb-4106-810c-ead56f1c04d6
2025/11/08 14:46:50 INFO session created token=01a12b55-286a-4e5f-9718-9e7fb11d794a name=User_57_31
2025/11/08 14:46:50 INFO session updated token=01a12b55-286a-4e5f-9718-9e7fb11d794a tableID=0xc000166310 seatIndex=0xc0001643b0
2025/11/08 14:46:50 INFO session removed token=01a12b55-286a-4e5f-9718-9e7fb11d794a
2025/11/08 14:46:50 INFO session created token=6332787e-e7ff-4de5-a468-b2471fec91ea name=User_57_32
2025/11/08 14:46:50 INFO session updated token=6332787e-e7ff-4de5-a468-b2471fec91ea tableID=0xc000166360 seatIndex=0xc000164400
2025/11/08 14:46:50 INFO session removed token=6332787e-e7ff-4de5-a468-b2471fec91ea
2025/11/08 14:46:50 INFO session created token=9db8e55d-c5da-4482-ad4a-6e9e4a8aff27 name=User_57_33
2025/11/08 14:46:50 INFO session updated token=9db8e55d-c5da-4482-ad4a-6e9e4a8aff27 tableID=0xc0001663b0 seatIndex=0xc000164450
2025/11/08 14:46:50 INFO session removed token=9db8e55d-c5da-4482-ad4a-6e9e4a8aff27
2025/11/08 14:46:50 INFO session created token=a6f7df53-0f24-43de-ab95-c27124902051 name=User_57_34
2025/11/08 14:46:50 INFO session updated token=a6f7df53-0f24-43de-ab95-c27124902051 tableID=0xc000166400 seatIndex=0xc0001644a0
2025/11/08 14:46:50 INFO session removed token=a6f7df53-0f24-43de-ab95-c27124902051
2025/11/08 14:46:50 INFO session created token=905ee826-94e7-4798-81ff-0f0641ebef8d name=User_57_35
2025/11/08 14:46:50 INFO session updated token=905ee826-94e7-4798-81ff-0f0641ebef8d tableID=0xc000166450 seatIndex=0xc0001644f0
2025/11/08 14:46:50 INFO session removed token=905ee826-94e7-4798-81ff-0f0641ebef8d
2025/11/08 14:46:50 INFO session created token=25c0de7b-9e89-445e-b5f4-10b3bc9c8251 name=User_57_36
2025/11/08 14:46:50 INFO session updated token=25c0de7b-9e89-445e-b5f4-10b3bc9c8251 tableID=0xc0001664a0 seatIndex=0xc000164540
2025/11/08 14:46:50 INFO session removed token=25c0de7b-9e89-445e-b5f4-10b3bc9c8251
2025/11/08 14:46:50 INFO session created token=383c2f8a-46fc-4b29-aff6-d3532f759630 name=User_57_37
2025/11/08 14:46:50 INFO session updated token=383c2f8a-46fc-4b29-aff6-d3532f759630 tableID=0xc0001664f0 seatIndex=0xc000164590
2025/11/08 14:46:50 INFO session removed token=383c2f8a-46fc-4b29-aff6-d3532f759630
2025/11/08 14:46:50 INFO session created token=ff49c44f-2538-465d-b56a-9e1d2ab921ae name=User_57_38
2025/11/08 14:46:50 INFO session updated token=ff49c44f-2538-465d-b56a-9e1d2ab921ae tableID=0xc000166540 seatIndex=0xc0001645e0
2025/11/08 14:46:50 INFO session removed token=ff49c44f-2538-465d-b56a-9e1d2ab921ae
2025/11/08 14:46:50 INFO session created token=0bea1bf0-abf0-4027-a241-99337201dc42 name=User_57_39
2025/11/08 14:46:50 INFO session updated token=0bea1bf0-abf0-4027-a241-99337201dc42 tableID=0xc000166590 seatIndex=0xc000164630
2025/11/08 14:46:50 INFO session removed token=0bea1bf0-abf0-4027-a241-99337201dc42
2025/11/08 14:46:50 INFO session created token=71bd1fc3-ba46-41fd-9735-14bcbb5cdf2c name=User_57_40
2025/11/08 14:46:50 INFO session updated token=71bd1fc3-ba46-41fd-9735-14bcbb5cdf2c tableID=0xc0001665e0 seatIndex=0xc000164680
2025/11/08 14:46:50 INFO session removed token=71bd1fc3-ba46-41fd-9735-14bcbb5cdf2c
2025/11/08 14:46:50 INFO session created token=f2d474dc-7f3a-4e9e-8bc8-44c5d84b3906 name=User_57_41
2025/11/08 14:46:50 INFO session updated token=f2d474dc-7f3a-4e9e-8bc8-44c5d84b3906 tableID=0xc000166630 seatIndex=0xc0001646d0
2025/11/08 14:46:50 INFO session removed token=f2d474dc-7f3a-4e9e-8bc8-44c5d84b3906
2025/11/08 14:46:50 INFO session created token=14071777-ab0f-4bb6-845e-05473b6aadb1 name=User_57_42
2025/11/08 14:46:50 INFO session updated token=14071777-ab0f-4bb6-845e-05473b6aadb1 tableID=0xc000166680 seatIndex=0xc000164720
2025/11/08 14:46:50 INFO session removed token=14071777-ab0f-4bb6-845e-05473b6aadb1
2025/11/08 14:46:50 INFO session created token=ae5160c6-3f91-45ca-8112-59d9e9aaa9d3 name=User_57_43
2025/11/08 14:46:50 INFO session updated token=ae5160c6-3f91-45ca-8112-59d9e9aaa9d3 tableID=0xc0001666d0 seatIndex=0xc000164770
2025/11/08 14:46:50 INFO session removed token=ae5160c6-3f91-45ca-8112-59d9e9aaa9d3
2025/11/08 14:46:50 INFO session created token=b74241d4-f0b0-4f85-97b8-8a320b4eda5c name=User_57_44
2025/11/08 14:46:50 INFO session updated token=b74241d4-f0b0-4f85-97b8-8a320b4eda5c tableID=0xc000166720 seatIndex=0xc0001647c0
2025/11/08 14:46:50 INFO session removed token=b74241d4-f0b0-4f85-97b8-8a320b4eda5c
2025/11/08 14:46:50 INFO session created token=ddfcbc72-60f8-43c1-9259-d9a0a1de6fa2 name=User_57_45
2025/11/08 14:46:50 INFO session updated token=ddfcbc72-60f8-43c1-9259-d9a0a1de6fa2 tableID=0xc000166770 seatIndex=0xc000164810
2025/11/08 14:46:50 INFO session removed token=ddfcbc72-60f8-43c1-9259-d9a0a1de6fa2
2025/11/08 14:46:50 INFO session created token=3e3d8a09-ffd2-4325-80e4-fa6f0b8c867d name=User_57_46
2025/11/08 14:46:50 INFO session updated token=3e3d8a09-ffd2-4325-80e4-fa6f0b8c867d tableID=0xc0001667c0 seatIndex=0xc000164860
2025/11/08 14:46:50 INFO session removed token=3e3d8a09-ffd2-4325-80e4-fa6f0b8c867d
2025/11/08 14:46:50 INFO session created token=7f677764-5c23-405c-9c48-be093582a167 name=User_57_47
2025/11/08 14:46:50 INFO session updated token=7f677764-5c23-405c-9c48-be093582a167 tableID=0xc000166810 seatIndex=0xc0001648b0
2025/11/08 14:46:50 INFO session removed token=7f677764-5c23-405c-9c48-be093582a167
2025/11/08 14:46:50 INFO session created token=14e83eba-a5a0-4fb3-ba71-f97bae3b682c name=User_57_48
2025/11/08 14:46:50 INFO session updated token=14e83eba-a5a0-4fb3-ba71-f97bae3b682c tableID=0xc000166860 seatIndex=0xc000164900
2025/11/08 14:46:50 INFO session removed token=14e83eba-a5a0-4fb3-ba71-f97bae3b682c
2025/11/08 14:46:50 INFO session created token=d9fe3b93-ba9a-4554-9d5e-f378421e6659 name=User_57_49
2025/11/08 14:46:50 INFO session updated token=d9fe3b93-ba9a-4554-9d5e-f378421e6659 tableID=0xc0001668b0 seatIndex=0xc000164950
2025/11/08 14:46:50 INFO session removed token=d9fe3b93-ba9a-4554-9d5e-f378421e6659
2025/11/08 14:46:50 INFO session created token=0f4353c2-3c44-4726-921c-5b46c940a4cf name=User_57_50
2025/11/08 14:46:50 INFO session updated token=0f4353c2-3c44-4726-921c-5b46c940a4cf tableID=0xc000166900 seatIndex=0xc0001649a0
2025/11/08 14:46:50 INFO session removed token=0f4353c2-3c44-4726-921c-5b46c940a4cf
2025/11/08 14:46:50 INFO session created token=d3ec40b0-69a4-4356-b3f3-d4708b79b316 name=User_57_51
2025/11/08 14:46:50 INFO session updated token=d3ec40b0-69a4-4356-b3f3-d4708b79b316 tableID=0xc000166950 seatIndex=0xc0001649f0
2025/11/08 14:46:50 INFO session removed token=d3ec40b0-69a4-4356-b3f3-d4708b79b316
2025/11/08 14:46:50 INFO session created token=75ba681e-52bd-4eb3-8307-60b74b7fdcea name=User_57_52
2025/11/08 14:46:50 INFO session updated token=75ba681e-52bd-4eb3-8307-60b74b7fdcea tableID=0xc0001669a0 seatIndex=0xc000164a40
2025/11/08 14:46:50 INFO session removed token=75ba681e-52bd-4eb3-8307-60b74b7fdcea
2025/11/08 14:46:50 INFO session created token=d7c94f93-479c-455e-b4c8-dae92b9f522d name=User_57_53
2025/11/08 14:46:50 INFO session updated token=d7c94f93-479c-455e-b4c8-dae92b9f522d tableID=0xc0001669f0 seatIndex=0xc000164a90
2025/11/08 14:46:50 INFO session removed token=d7c94f93-479c-455e-b4c8-dae92b9f522d
2025/11/08 14:46:50 INFO session created token=0699a78c-58b0-4d08-a3dd-ce9cdb152792 name=User_57_54
2025/11/08 14:46:50 INFO session updated token=0699a78c-58b0-4d08-a3dd-ce9cdb152792 tableID=0xc000166a40 seatIndex=0xc000164ae0
2025/11/08 14:46:50 INFO session removed token=0699a78c-58b0-4d08-a3dd-ce9cdb152792
2025/11/08 14:46:50 INFO session created token=3144a2c9-c7a0-4e17-9f9f-8d740546e9e9 name=User_57_55
2025/11/08 14:46:50 INFO session updated token=3144a2c9-c7a0-4e17-9f9f-8d740546e9e9 tableID=0xc000166a90 seatIndex=0xc000164b30
2025/11/08 14:46:50 INFO session removed token=3144a2c9-c7a0-4e17-9f9f-8d740546e9e9
2025/11/08 14:46:50 INFO session created token=e466f68c-29e4-4c93-8041-4504090cd149 name=User_57_56
2025/11/08 14:46:50 INFO session updated token=e466f68c-29e4-4c93-8041-4504090cd149 tableID=0xc000166ae0 seatIndex=0xc000164b80
2025/11/08 14:46:50 INFO session removed token=e466f68c-29e4-4c93-8041-4504090cd149
2025/11/08 14:46:50 INFO session created token=c20446ab-f78f-4b01-a280-cfc49ea69942 name=User_57_57
2025/11/08 14:46:50 INFO session updated token=c20446ab-f78f-4b01-a280-cfc49ea69942 tableID=0xc000166b30 seatIndex=0xc000164bd0
2025/11/08 14:46:50 INFO session removed token=c20446ab-f78f-4b01-a280-cfc49ea69942
2025/11/08 14:46:50 INFO session created token=3c8cf08b-a92c-430a-af45-4820707106cc name=User_57_58
2025/11/08 14:46:50 INFO session updated token=3c8cf08b-a92c-430a-af45-4820707106cc tableID=0xc000166b80 seatIndex=0xc000164c20
2025/11/08 14:46:50 INFO session removed token=3c8cf08b-a92c-430a-af45-4820707106cc
2025/11/08 14:46:50 INFO session created token=df8f9b4a-814e-4122-a45f-d4c8418027ab name=User_57_59
2025/11/08 14:46:50 INFO session updated token=df8f9b4a-814e-4122-a45f-d4c8418027ab tableID=0xc000166bd0 seatIndex=0xc000164c70
2025/11/08 14:46:50 INFO session removed token=df8f9b4a-814e-4122-a45f-d4c8418027ab
2025/11/08 14:46:50 INFO session created token=59dd2aac-e34f-4a1f-9c2f-8cdb2316036e name=User_57_60
2025/11/08 14:46:50 INFO session updated token=59dd2aac-e34f-4a1f-9c2f-8cdb2316036e tableID=0xc000166c20 seatIndex=0xc000164cc0
2025/11/08 14:46:50 INFO session removed token=59dd2aac-e34f-4a1f-9c2f-8cdb2316036e
2025/11/08 14:46:50 INFO session created token=0b54f45d-79cd-4f95-ac52-7b207420d9e0 name=User_57_61
2025/11/08 14:46:50 INFO session updated token=0b54f45d-79cd-4f95-ac52-7b207420d9e0 tableID=0xc000166c70 seatIndex=0xc000164d10
2025/11/08 14:46:50 INFO session removed token=0b54f45d-79cd-4f95-ac52-7b207420d9e0
2025/11/08 14:46:50 INFO session created token=e9326aa0-5563-42e4-b9ac-b8440d09efbb name=User_57_62
2025/11/08 14:46:50 INFO session updated token=e9326aa0-5563-42e4-b9ac-b8440d09efbb tableID=0xc000166cc0 seatIndex=0xc000164d60
2025/11/08 14:46:50 INFO session removed token=e9326aa0-5563-42e4-b9ac-b8440d09efbb
2025/11/08 14:46:50 INFO session created token=b8251b47-3ecb-495a-83a5-d2078f8de216 name=User_57_63
2025/11/08 14:46:50 INFO session updated token=b8251b47-3ecb-495a-83a5-d2078f8de216 tableID=0xc000166d10 seatIndex=0xc000164db0
2025/11/08 14:46:50 INFO session removed token=b8251b47-3ecb-495a-83a5-d2078f8de216
2025/11/08 14:46:50 INFO session created token=8a546f44-3213-4fcd-b520-3cd9319adca4 name=User_57_64
2025/11/08 14:46:50 INFO session updated token=8a546f44-3213-4fcd-b520-3cd9319adca4 tableID=0xc000166d60 seatIndex=0xc000164e00
2025/11/08 14:46:50 INFO session removed token=8a546f44-3213-4fcd-b520-3cd9319adca4
2025/11/08 14:46:50 INFO session created token=3cbe9669-cb6b-455a-b28c-b5b97bce70ed name=User_57_65
2025/11/08 14:46:50 INFO session updated token=3cbe9669-cb6b-455a-b28c-b5b97bce70ed tableID=0xc000166db0 seatIndex=0xc000164e50
2025/11/08 14:46:50 INFO session removed token=3cbe9669-cb6b-455a-b28c-b5b97bce70ed
2025/11/08 14:46:50 INFO session created token=32c3c12d-f76f-46c7-84f1-e477b8fde0c7 name=User_57_66
2025/11/08 14:46:50 INFO session updated token=32c3c12d-f76f-46c7-84f1-e477b8fde0c7 tableID=0xc000166e00 seatIndex=0xc000164ea0
2025/11/08 14:46:50 INFO session removed token=32c3c12d-f76f-46c7-84f1-e477b8fde0c7
2025/11/08 14:46:50 INFO session created token=f9d55ca4-c348-4960-a042-4133264e2a4b name=User_57_67
2025/11/08 14:46:50 INFO session updated token=f9d55ca4-c348-4960-a042-4133264e2a4b tableID=0xc000166e50 seatIndex=0xc000164ef0
2025/11/08 14:46:50 INFO session removed token=f9d55ca4-c348-4960-a042-4133264e2a4b
2025/11/08 14:46:50 INFO session created token=b55141ec-6c4a-43d3-8a10-34cf26a6832d name=User_57_68
2025/11/08 14:46:50 INFO session updated token=b55141ec-6c4a-43d3-8a10-34cf26a6832d tableID=0xc000166ea0 seatIndex=0xc000164f40
2025/11/08 14:46:50 INFO session removed token=b55141ec-6c4a-43d3-8a10-34cf26a6832d
2025/11/08 14:46:50 INFO session created token=83efa911-f551-48ba-a742-5b6ea99d7986 name=User_57_69
2025/11/08 14:46:50 INFO session updated token=83efa911-f551-48ba-a742-5b6ea99d7986 tableID=0xc000166ef0 seatIndex=0xc000164f90
2025/11/08 14:46:50 INFO session removed token=83efa911-f551-48ba-a742-5b6ea99d7986
2025/11/08 14:46:50 INFO session created token=adc09370-8365-4285-b6d6-f5f0d9005a7d name=User_57_70
2025/11/08 14:46:50 INFO session updated token=adc09370-8365-4285-b6d6-f5f0d9005a7d tableID=0xc000166f40 seatIndex=0xc000164fe0
2025/11/08 14:46:50 INFO session removed token=adc09370-8365-4285-b6d6-f5f0d9005a7d
2025/11/08 14:46:50 INFO session created token=f9f3d8d2-9f0e-4025-93f8-2ee40d8e4ee9 name=User_57_71
2025/11/08 14:46:50 INFO session updated token=f9f3d8d2-9f0e-4025-93f8-2ee40d8e4ee9 tableID=0xc000166f90 seatIndex=0xc000165030
2025/11/08 14:46:50 INFO session removed token=f9f3d8d2-9f0e-4025-93f8-2ee40d8e4ee9
2025/11/08 14:46:50 INFO session created token=f295b4bd-0aa4-4c75-996d-952fe8778f63 name=User_57_72
2025/11/08 14:46:50 INFO session updated token=f295b4bd-0aa4-4c75-996d-952fe8778f63 tableID=0xc000166fe0 seatIndex=0xc000165080
2025/11/08 14:46:50 INFO session removed token=f295b4bd-0aa4-4c75-996d-952fe8778f63
2025/11/08 14:46:50 INFO session created token=5cda1939-49eb-4164-b716-f5cf2287207c name=User_57_73
2025/11/08 14:46:50 INFO session updated token=5cda1939-49eb-4164-b716-f5cf2287207c tableID=0xc000167030 seatIndex=0xc0001650d0
2025/11/08 14:46:50 INFO session removed token=5cda1939-49eb-4164-b716-f5cf2287207c
2025/11/08 14:46:50 INFO session updated token=93d9cbc5-333f-46d8-aa4d-d685d4223b27 tableID=0xc0005cd3f0 seatIndex=0xc0005cf068
2025/11/08 14:46:50 INFO session removed token=93d9cbc5-333f-46d8-aa4d-d685d4223b27
2025/11/08 14:46:50 INFO session created token=b7e7a50e-34f9-4d5c-987f-c0dbd9f2572a name=User_48_11
2025/11/08 14:46:50 INFO session updated token=b7e7a50e-34f9-4d5c-987f-c0dbd9f2572a tableID=0xc00054d8f0 seatIndex=0xc00054f3b8
2025/11/08 14:46:50 INFO session removed token=b7e7a50e-34f9-4d5c-987f-c0dbd9f2572a
2025/11/08 14:46:50 INFO session created token=03ca0628-924d-4098-a2db-9eb280190a88 name=User_48_12
2025/11/08 14:46:50 INFO session updated token=03ca0628-924d-4098-a2db-9eb280190a88 tableID=0xc00054d940 seatIndex=0xc00054f408
2025/11/08 14:46:50 INFO session removed token=03ca0628-924d-4098-a2db-9eb280190a88
2025/11/08 14:46:50 INFO session created token=ebb7f901-f831-427c-ac11-8ed746b4d88a name=User_48_13
2025/11/08 14:46:50 INFO session updated token=ebb7f901-f831-427c-ac11-8ed746b4d88a tableID=0xc00054d990 seatIndex=0xc00054f458
2025/11/08 14:46:50 INFO session removed token=ebb7f901-f831-427c-ac11-8ed746b4d88a
2025/11/08 14:46:50 INFO session created token=7271e9e6-6be6-445f-b463-006f0d041d92 name=User_48_14
2025/11/08 14:46:50 INFO session updated token=7271e9e6-6be6-445f-b463-006f0d041d92 tableID=0xc00054d9e0 seatIndex=0xc00054f4a8
2025/11/08 14:46:50 INFO session removed token=7271e9e6-6be6-445f-b463-006f0d041d92
2025/11/08 14:46:50 INFO session created token=6dae68dd-fb33-4087-b642-c88b8f48751e name=User_48_15
2025/11/08 14:46:50 INFO session updated token=6dae68dd-fb33-4087-b642-c88b8f48751e tableID=0xc00054da30 seatIndex=0xc00054f4f8
2025/11/08 14:46:50 INFO session removed token=6dae68dd-fb33-4087-b642-c88b8f48751e
2025/11/08 14:46:50 INFO session created token=3993171e-7e4f-472f-b221-f8863ba0e514 name=User_48_16
2025/11/08 14:46:50 INFO session updated token=3993171e-7e4f-472f-b221-f8863ba0e514 tableID=0xc00054da80 seatIndex=0xc00054f548
2025/11/08 14:46:50 INFO session removed token=3993171e-7e4f-472f-b221-f8863ba0e514
2025/11/08 14:46:50 INFO session created token=663666d2-7019-4eec-85c4-5aeaa1cd7491 name=User_48_17
2025/11/08 14:46:50 INFO session updated token=663666d2-7019-4eec-85c4-5aeaa1cd7491 tableID=0xc00054dad0 seatIndex=0xc00054f598
2025/11/08 14:46:50 INFO session removed token=663666d2-7019-4eec-85c4-5aeaa1cd7491
2025/11/08 14:46:50 INFO session created token=f78d0002-691c-4f95-ab40-9aee6f436751 name=User_48_18
2025/11/08 14:46:50 INFO session updated token=f78d0002-691c-4f95-ab40-9aee6f436751 tableID=0xc00054db20 seatIndex=0xc00054f5e8
2025/11/08 14:46:50 INFO session removed token=f78d0002-691c-4f95-ab40-9aee6f436751
2025/11/08 14:46:50 INFO session created token=147fda1a-de92-48e9-92ff-db7937abc053 name=User_48_19
2025/11/08 14:46:50 INFO session updated token=147fda1a-de92-48e9-92ff-db7937abc053 tableID=0xc00054db70 seatIndex=0xc00054f638
2025/11/08 14:46:50 INFO session removed token=147fda1a-de92-48e9-92ff-db7937abc053
2025/11/08 14:46:50 INFO session created token=60578382-1040-406a-86b0-c190ca9327e2 name=User_48_20
2025/11/08 14:46:50 INFO session updated token=60578382-1040-406a-86b0-c190ca9327e2 tableID=0xc00054dbc0 seatIndex=0xc00054f688
2025/11/08 14:46:50 INFO session removed token=60578382-1040-406a-86b0-c190ca9327e2
2025/11/08 14:46:50 INFO session created token=6267ef37-1e7e-4155-9ca8-48628f0ac0b5 name=User_48_21
2025/11/08 14:46:50 INFO session updated token=6267ef37-1e7e-4155-9ca8-48628f0ac0b5 tableID=0xc00054dc10 seatIndex=0xc00054f6d8
2025/11/08 14:46:50 INFO session removed token=6267ef37-1e7e-4155-9ca8-48628f0ac0b5
2025/11/08 14:46:50 INFO session created token=d9d0733f-3f2d-406e-849f-a1ed2d9fd469 name=User_48_22
2025/11/08 14:46:50 INFO session updated token=d9d0733f-3f2d-406e-849f-a1ed2d9fd469 tableID=0xc00054dc60 seatIndex=0xc00054f728
2025/11/08 14:46:50 INFO session removed token=d9d0733f-3f2d-406e-849f-a1ed2d9fd469
2025/11/08 14:46:50 INFO session created token=cd40e380-b890-4fb2-a257-a9243a6ca9de name=User_62_8
2025/11/08 14:46:50 INFO session created token=4afbcf8d-c213-449d-8ea4-307cd1293728 name=User_48_23
2025/11/08 14:46:50 INFO session updated token=4afbcf8d-c213-449d-8ea4-307cd1293728 tableID=0xc00054dcb0 seatIndex=0xc00054f778
2025/11/08 14:46:50 INFO session removed token=4afbcf8d-c213-449d-8ea4-307cd1293728
2025/11/08 14:46:50 INFO session created token=88898899-1927-418d-8e3f-e17412c83b13 name=User_48_24
2025/11/08 14:46:50 INFO session updated token=88898899-1927-418d-8e3f-e17412c83b13 tableID=0xc00054dd00 seatIndex=0xc00054f7c8
2025/11/08 14:46:50 INFO session removed token=88898899-1927-418d-8e3f-e17412c83b13
2025/11/08 14:46:50 INFO session created token=54c9be7b-9d30-48b7-bbf9-3704ffdb8d92 name=User_48_25
2025/11/08 14:46:50 INFO session updated token=54c9be7b-9d30-48b7-bbf9-3704ffdb8d92 tableID=0xc00054dd50 seatIndex=0xc00054f818
2025/11/08 14:46:50 INFO session removed token=54c9be7b-9d30-48b7-bbf9-3704ffdb8d92
2025/11/08 14:46:50 INFO session created token=304ca948-4555-42d8-a9c5-1d1e3113d030 name=User_48_26
2025/11/08 14:46:50 INFO session updated token=304ca948-4555-42d8-a9c5-1d1e3113d030 tableID=0xc00054dda0 seatIndex=0xc00054f868
2025/11/08 14:46:50 INFO session removed token=304ca948-4555-42d8-a9c5-1d1e3113d030
2025/11/08 14:46:50 INFO session created token=70f99b68-4847-42ea-8f82-41a19be51690 name=User_48_27
2025/11/08 14:46:50 INFO session updated token=70f99b68-4847-42ea-8f82-41a19be51690 tableID=0xc00054ddf0 seatIndex=0xc00054f8b8
2025/11/08 14:46:50 INFO session removed token=70f99b68-4847-42ea-8f82-41a19be51690
2025/11/08 14:46:50 INFO session created token=7f3bda2a-a967-48d1-8ab6-52a12427d57c name=User_48_28
2025/11/08 14:46:50 INFO session updated token=7f3bda2a-a967-48d1-8ab6-52a12427d57c tableID=0xc00054de40 seatIndex=0xc00054f908
2025/11/08 14:46:50 INFO session removed token=7f3bda2a-a967-48d1-8ab6-52a12427d57c
2025/11/08 14:46:50 INFO session created token=83c20ba6-ba67-42f2-8b5d-9836639a56a7 name=User_48_29
2025/11/08 14:46:50 INFO session updated token=83c20ba6-ba67-42f2-8b5d-9836639a56a7 tableID=0xc00054de90 seatIndex=0xc00054f958
2025/11/08 14:46:50 INFO session removed token=83c20ba6-ba67-42f2-8b5d-9836639a56a7
2025/11/08 14:46:50 INFO session created token=a656d8d5-8326-4d16-8299-b25026ba7266 name=User_48_30
2025/11/08 14:46:50 INFO session updated token=a656d8d5-8326-4d16-8299-b25026ba7266 tableID=0xc00054dee0 seatIndex=0xc00054f9a8
2025/11/08 14:46:50 INFO session removed token=a656d8d5-8326-4d16-8299-b25026ba7266
2025/11/08 14:46:50 INFO session created token=292a9593-d065-4f83-8f6a-01782413f655 name=User_48_31
2025/11/08 14:46:50 INFO session updated token=292a9593-d065-4f83-8f6a-01782413f655 tableID=0xc00054df30 seatIndex=0xc00054f9f8
2025/11/08 14:46:50 INFO session removed token=292a9593-d065-4f83-8f6a-01782413f655
2025/11/08 14:46:50 INFO session created token=758e46f9-4b5d-4bcd-b622-3ae233d3e22c name=User_48_32
2025/11/08 14:46:50 INFO session updated token=758e46f9-4b5d-4bcd-b622-3ae233d3e22c tableID=0xc000552000 seatIndex=0xc00054fa48
2025/11/08 14:46:50 INFO session removed token=758e46f9-4b5d-4bcd-b622-3ae233d3e22c
2025/11/08 14:46:50 INFO session created token=c9de7820-b469-4ff9-9f97-0e01e5a3d1e0 name=User_48_33
2025/11/08 14:46:50 INFO session updated token=c9de7820-b469-4ff9-9f97-0e01e5a3d1e0 tableID=0xc000552050 seatIndex=0xc00054fa98
2025/11/08 14:46:50 INFO session removed token=c9de7820-b469-4ff9-9f97-0e01e5a3d1e0
2025/11/08 14:46:50 INFO session created token=88e70240-0e7b-47e7-ad11-ffd9035ffbd6 name=User_48_34
2025/11/08 14:46:50 INFO session updated token=88e70240-0e7b-47e7-ad11-ffd9035ffbd6 tableID=0xc0005520a0 seatIndex=0xc00054fae8
2025/11/08 14:46:50 INFO session removed token=88e70240-0e7b-47e7-ad11-ffd9035ffbd6
2025/11/08 14:46:50 INFO session created token=d7191273-d9a0-49e4-8f3a-a7ed72b80298 name=User_48_35
2025/11/08 14:46:50 INFO session updated token=d7191273-d9a0-49e4-8f3a-a7ed72b80298 tableID=0xc0005520f0 seatIndex=0xc00054fb38
2025/11/08 14:46:50 INFO session removed token=d7191273-d9a0-49e4-8f3a-a7ed72b80298
2025/11/08 14:46:50 INFO session created token=2e3e486f-531a-4542-a968-8599b8594b35 name=User_48_36
2025/11/08 14:46:50 INFO session updated token=2e3e486f-531a-4542-a968-8599b8594b35 tableID=0xc000552140 seatIndex=0xc00054fb88
2025/11/08 14:46:50 INFO session removed token=2e3e486f-531a-4542-a968-8599b8594b35
2025/11/08 14:46:50 INFO session created token=c3393b6a-9425-46b4-aa35-9d0aeb15f216 name=User_48_37
2025/11/08 14:46:50 INFO session updated token=c3393b6a-9425-46b4-aa35-9d0aeb15f216 tableID=0xc000552190 seatIndex=0xc00054fbd8
2025/11/08 14:46:50 INFO session removed token=c3393b6a-9425-46b4-aa35-9d0aeb15f216
2025/11/08 14:46:50 INFO session created token=0e8c07b6-65b1-43ea-90dd-baa0a8baddfa name=User_48_38
2025/11/08 14:46:50 INFO session updated token=0e8c07b6-65b1-43ea-90dd-baa0a8baddfa tableID=0xc0005521e0 seatIndex=0xc00054fc28
2025/11/08 14:46:50 INFO session removed token=0e8c07b6-65b1-43ea-90dd-baa0a8baddfa
2025/11/08 14:46:50 INFO session created token=c1e0cb80-6ccc-446c-a492-16594577a921 name=User_48_39
2025/11/08 14:46:50 INFO session updated token=cd40e380-b890-4fb2-a257-a9243a6ca9de tableID=0xc0005cd470 seatIndex=0xc0005cf088
2025/11/08 14:46:50 INFO session removed token=cd40e380-b890-4fb2-a257-a9243a6ca9de
2025/11/08 14:46:50 INFO session removed token=53b1e2ba-2591-4c12-a419-e08dd1505fee
2025/11/08 14:46:50 INFO session updated token=013d8288-0459-460f-bcab-5c40ee9d518a tableID=0xc0003e5410 seatIndex=0xc0003ea780
2025/11/08 14:46:50 INFO session removed token=458a1a08-41ab-44f5-9504-0bd5073e7a15
2025/11/08 14:46:50 INFO session removed token=7a4e5419-4311-497d-a5b9-527268206b04
2025/11/08 14:46:50 INFO session removed token=94582b7f-af73-4b92-9c74-833156c5ffab
2025/11/08 14:46:50 INFO session updated token=549b3edb-3bd4-4ba9-a6a8-a0407cbb88c3 tableID=0xc0003e5470 seatIndex=0xc0003ea7f0
2025/11/08 14:46:50 INFO session removed token=38382793-d488-4fc9-bc23-60e280729d23
2025/11/08 14:46:50 INFO session removed token=5992aa9f-626c-4f59-9bf4-ed52e7082b41
2025/11/08 14:46:50 INFO session removed token=de83e425-6462-4d7c-8e23-42ebaf5b18ff
2025/11/08 14:46:50 INFO session created token=268d48a1-380e-41bb-b790-691ea153cccc name=User_38_8
2025/11/08 14:46:50 INFO session updated token=6126587f-7ab6-4181-a694-8c0994c21002 tableID=0xc0003e54b0 seatIndex=0xc0003ea860
2025/11/08 14:46:50 INFO session removed token=0f4fb664-84a7-44bb-885a-034411a20ebb
2025/11/08 14:46:50 INFO session created token=1e32c616-3bad-49c2-b6d1-13ef2823abc4 name=User_47_11
2025/11/08 14:46:50 INFO session removed token=fe590ffd-2695-4768-9e29-c49c114bb5a6
2025/11/08 14:46:50 INFO session created token=0c0e6337-6a8b-4d62-998f-93a373ab59f0 name=User_3_9
2025/11/08 14:46:50 INFO session created token=ca3471f2-0495-49dc-85e9-ed187c83c123 name=User_41_22
2025/11/08 14:46:50 INFO session created token=167680ee-e7c7-4c15-b138-f452a6448cd1 name=User_61_32
2025/11/08 14:46:50 INFO session updated token=a3c8dd11-9e8c-438e-b5df-c9f94d8f8305 tableID=0xc0003e5510 seatIndex=0xc0003ea8b0
2025/11/08 14:46:50 INFO session updated token=51885db1-e5a2-49a6-bb91-d38be9e5ac4a tableID=0xc0003e5520 seatIndex=0xc0003ea8c0
2025/11/08 14:46:50 INFO session removed token=3691a8bd-dd79-4423-9744-cb5cf14a596a
2025/11/08 14:46:50 INFO session updated token=dcdc5318-71da-4a2d-b842-a0e8792428f1 tableID=0xc0004dfba0 seatIndex=0xc0004e2ea8
2025/11/08 14:46:50 INFO session updated token=f62696f7-90b3-44c1-a34d-77e41e4f5f3a tableID=0xc0003e5540 seatIndex=0xc0003ea8f0
2025/11/08 14:46:50 INFO session removed token=94b17583-6608-494c-adc5-8b47a4a8850c
2025/11/08 14:46:50 INFO session updated token=ee59f970-28bd-4463-b88d-2259ff78c1ff tableID=0xc0003e5560 seatIndex=0xc0003ea920
2025/11/08 14:46:50 INFO session removed token=97fc7c8b-f6f1-4506-9f9e-9c6d6cacbdbd
2025/11/08 14:46:50 INFO session removed token=5275c423-89ed-4fff-85cb-90dbd8ec43eb
2025/11/08 14:46:50 INFO session updated token=2c01da10-e23c-4b8a-ab9d-2b007d7a727b tableID=0xc0003e5590 seatIndex=0xc0003ea970
2025/11/08 14:46:50 INFO session updated token=57df7e26-0834-42d4-82e8-90c7026287b3 tableID=0xc0003e55f0 seatIndex=0xc0003ea9e0
2025/11/08 14:46:50 INFO session created token=8c9f09ce-6c41-4fa1-a2e0-503f690fe8cf name=User_56_17
2025/11/08 14:46:50 INFO session updated token=2011100a-72e3-472f-85c6-b80666a31eb6 tableID=0xc0003e5600 seatIndex=0xc0003ea9f0
2025/11/08 14:46:50 INFO session updated token=0672fb07-5bdf-4064-a197-831d7d6a98bf tableID=0xc0003e5930 seatIndex=0xc0003ead20
2025/11/08 14:46:50 INFO session updated token=86f5abe5-5c09-4ee4-ac89-cbb6642a569a tableID=0xc0003e5950 seatIndex=0xc0003ead30
2025/11/08 14:46:50 INFO session removed token=ae2fcd73-5c61-4b01-ad7c-1bccfc2f0633
2025/11/08 14:46:50 INFO session updated token=5204ff93-2c41-4fed-b2f0-2326eaba7640 tableID=0xc0004dff40 seatIndex=0xc0004e3218
2025/11/08 14:46:50 INFO session updated token=020bc9d8-1fd7-4f85-8945-d073a866cab1 tableID=0xc0005cce90 seatIndex=0xc0005cead0
2025/11/08 14:46:50 INFO session updated token=ad1bb497-606b-4f37-9473-33edd9a7926d tableID=0xc0005ccea0 seatIndex=0xc0005ceae0
2025/11/08 14:46:50 INFO session removed token=6cffae17-0a48-4561-914b-3995b1036010
2025/11/08 14:46:50 INFO session updated token=52050c35-8bb9-46be-9736-bccc89081f2f tableID=0xc0005ccec0 seatIndex=0xc0005ceb10
2025/11/08 14:46:50 INFO session updated token=53c61033-932b-4fe8-b72f-b56c90ff9cb9 tableID=0xc0003e5aa0 seatIndex=0xc0003eae70
2025/11/08 14:46:50 INFO session updated token=c15f0c0d-12b1-47ad-9377-5aa8d5076020 tableID=0xc0002e2320 seatIndex=0xc0002e4360
2025/11/08 14:46:50 INFO session updated token=c39f8263-def7-45c8-8f35-780c92cf2bfd tableID=0xc0002e2560 seatIndex=0xc0002e45a0
2025/11/08 14:46:50 INFO session created token=a51dffeb-a95b-43f3-b52c-d592c5f9c77a name=User_49_20
2025/11/08 14:46:50 INFO session updated token=40a26613-89ea-477d-a545-19836abf695e tableID=0xc0003e5af0 seatIndex=0xc0003eaec0
2025/11/08 14:46:50 INFO session created token=1bec755a-bc37-404c-9aa9-63d36d18b96a name=User_69_18
2025/11/08 14:46:50 INFO session created token=fcda25bd-0190-42f0-9be6-fbf639e49906 name=User_37_26
2025/11/08 14:46:50 INFO session removed token=7e0b6886-98f8-452b-b1a8-55bf30616061
2025/11/08 14:46:50 INFO session created token=cf79a9ef-5eb4-45a2-be65-2a18f9cfbce3 name=User_10_7
2025/11/08 14:46:50 INFO session created token=709e7076-b66b-45c5-978f-63d14086e037 name=User_42_8
2025/11/08 14:46:50 INFO session removed token=c66c974f-9493-49f2-b813-fe2e9f9e73ee
2025/11/08 14:46:50 INFO session created token=4b7d1021-9f75-4438-b4b9-f9ed9609000d name=User_8_9
2025/11/08 14:46:50 INFO session removed token=2cf866cf-aba5-49e7-9455-c943110baff3
2025/11/08 14:46:50 INFO session created token=1b50c572-612c-4205-821d-21bb8105fa9c name=User_40_12
2025/11/08 14:46:50 INFO session removed token=4630051c-a0af-4ae8-9376-c97d6aad5dac
2025/11/08 14:46:50 INFO session updated token=3f14844f-5ffb-4b52-8b8b-d8867a5fb315 tableID=0xc0001566a0 seatIndex=0xc0001528c0
2025/11/08 14:46:50 INFO session created token=ed3f7d57-b112-4eae-ab26-c619ee0dab43 name=User_75_8
2025/11/08 14:46:50 INFO session removed token=11469762-4cb2-4585-b95d-79b754e415ef
2025/11/08 14:46:50 INFO session created token=11e74abd-babf-4e78-a06d-f5d5f9b8773f name=User_53_10
2025/11/08 14:46:50 INFO session created token=4cb85508-6189-4d4e-8222-cfeec9348deb name=User_66_10
2025/11/08 14:46:50 INFO session updated token=2bcf5f6c-a362-45b4-bef7-7acb36f79f1f tableID=0xc0003e5b10 seatIndex=0xc0003eaef0
2025/11/08 14:46:50 INFO session created token=02cde768-3772-464a-9453-97b1545255f7 name=User_92_16
2025/11/08 14:46:50 INFO session updated token=255195bf-2f2d-4546-b542-e34b9b344f5c tableID=0xc000156850 seatIndex=0xc000152a50
2025/11/08 14:46:50 INFO session updated token=09a1d874-debf-47fd-b277-28078995bf68 tableID=0xc0005cd230 seatIndex=0xc0005ceea8
2025/11/08 14:46:50 INFO session updated token=d8fe898a-62c7-4986-bc4e-bb144fa39b9d tableID=0xc0005cd240 seatIndex=0xc0005ceeb8
2025/11/08 14:46:50 INFO session removed token=09ee4ac5-9adb-4743-98c0-c48002c2e141
2025/11/08 14:46:50 INFO session removed token=07dea973-5716-4df9-9409-353ef9f8e8db
2025/11/08 14:46:50 INFO session removed token=e1d2e8ae-f630-4f24-b97b-95dbcff3fb68
2025/11/08 14:46:50 INFO session removed token=3f0194b2-c447-49f9-9a25-9494c006dcdc
2025/11/08 14:46:50 INFO session updated token=2137f9f1-4632-4035-8d99-d72a69b5f86c tableID=0xc00054d7e0 seatIndex=0xc00054f308
2025/11/08 14:46:50 INFO session updated token=79760077-2546-4a3d-9666-93489df4ba82 tableID=0xc00054d800 seatIndex=0xc00054f318
2025/11/08 14:46:50 INFO session updated token=316d13e1-9e83-4486-ae69-6ac11d461d33 tableID=0xc0002e26b0 seatIndex=0xc0002e4730
2025/11/08 14:46:50 INFO session created token=dc03ac39-f5d1-435c-87a3-4263107b03be name=User_2_73
2025/11/08 14:46:50 INFO session updated token=129c7785-1e10-4ee4-b8c1-13bc14a3ddb2 tableID=0xc0002e26c0 seatIndex=0xc0002e4740
2025/11/08 14:46:50 INFO session created token=f2f31aca-b049-4a94-87e1-769f5b3979de name=User_67_12
2025/11/08 14:46:50 INFO session created token=69246083-7922-406e-ab31-db5ba8fbfee0 name=User_52_9
2025/11/08 14:46:50 INFO session updated token=45b8c685-2046-43a9-95f2-bac40ad5c771 tableID=0xc0002e26d0 seatIndex=0xc0002e4750
2025/11/08 14:46:50 INFO session updated token=c9bbcb05-6fc7-4ff0-862d-eed0fb759faf tableID=0xc0005cd320 seatIndex=0xc0005cef88
2025/11/08 14:46:50 INFO session removed token=4ddd3796-21f9-45c1-b1b4-f989d886a76e
2025/11/08 14:46:50 INFO session updated token=1966fa3a-034b-45ac-944f-7ec69d4f28b1 tableID=0xc0005cd340 seatIndex=0xc0005cefb8
2025/11/08 14:46:50 INFO session updated token=deaa6504-6173-4140-af8b-979e4bc0c176 tableID=0xc0005cd350 seatIndex=0xc0005cefc8
2025/11/08 14:46:50 INFO session updated token=ff503430-2de7-4d15-a6ac-5ec28795f1ed tableID=0xc0005cd360 seatIndex=0xc0005cefd8
2025/11/08 14:46:50 INFO session removed token=730f2df3-dca5-4d6e-89f2-4fd617da3178
2025/11/08 14:46:50 INFO session updated token=e9de9b63-090f-40d6-aa87-232eb16fe813 tableID=0xc0005cd420 seatIndex=0xc0005cf078
2025/11/08 14:46:50 INFO session updated token=24bffccb-7c67-4042-9f29-d70cb4341bca tableID=0xc000156900 seatIndex=0xc000152ac0
2025/11/08 14:46:50 INFO session created token=a8c13959-3334-4265-9a37-85d7d4bec047 name=User_46_25
2025/11/08 14:46:50 INFO session updated token=c32b76ac-2ee4-4636-a1d3-c93e99cf37aa tableID=0xc000156910 seatIndex=0xc000152ad0
2025/11/08 14:46:50 INFO session created token=43fd74ac-bf56-43bb-b80e-9d22affb1014 name=User_57_74
2025/11/08 14:46:50 INFO session updated token=43fd74ac-bf56-43bb-b80e-9d22affb1014 tableID=0xc000167510 seatIndex=0xc000165680
2025/11/08 14:46:50 INFO session removed token=43fd74ac-bf56-43bb-b80e-9d22affb1014
2025/11/08 14:46:50 INFO session created token=dd8429ef-b46a-442c-b19b-e70830195d8c name=User_57_75
2025/11/08 14:46:50 INFO session updated token=dd8429ef-b46a-442c-b19b-e70830195d8c tableID=0xc000167560 seatIndex=0xc0001656d0
2025/11/08 14:46:50 INFO session removed token=dd8429ef-b46a-442c-b19b-e70830195d8c
2025/11/08 14:46:50 INFO session created token=2fd1cf3a-14ec-4d40-a8b5-af3d42ac77f2 name=User_57_76
2025/11/08 14:46:50 INFO session updated token=2fd1cf3a-14ec-4d40-a8b5-af3d42ac77f2 tableID=0xc0001675b0 seatIndex=0xc000165720
2025/11/08 14:46:50 INFO session removed token=2fd1cf3a-14ec-4d40-a8b5-af3d42ac77f2
2025/11/08 14:46:50 INFO session created token=e0fa0c00-742a-4140-ae61-a8aca7fa26e1 name=User_57_77
2025/11/08 14:46:50 INFO session updated token=e0fa0c00-742a-4140-ae61-a8aca7fa26e1 tableID=0xc000167600 seatIndex=0xc000165770
2025/11/08 14:46:50 INFO session removed token=e0fa0c00-742a-4140-ae61-a8aca7fa26e1
2025/11/08 14:46:50 INFO session removed token=c32b76ac-2ee4-4636-a1d3-c93e99cf37aa
2025/11/08 14:46:50 INFO session created token=48e7cd52-ee53-486c-b672-18e8bc50d5a9 name=User_15_10
2025/11/08 14:46:50 INFO session updated token=48e7cd52-ee53-486c-b672-18e8bc50d5a9 tableID=0xc0005cd530 seatIndex=0xc0005cf150
2025/11/08 14:46:50 INFO session removed token=48e7cd52-ee53-486c-b672-18e8bc50d5a9
2025/11/08 14:46:50 INFO session created token=e4d60751-e168-4a1f-94ab-34c0c109d466 name=User_15_11
2025/11/08 14:46:50 INFO session updated token=e4d60751-e168-4a1f-94ab-34c0c109d466 tableID=0xc0005cd580 seatIndex=0xc0005cf1a0
2025/11/08 14:46:50 INFO session removed token=e4d60751-e168-4a1f-94ab-34c0c109d466
2025/11/08 14:46:50 INFO session created token=e46c6c0f-ab56-4ce0-83a3-96edf8a57104 name=User_15_12
2025/11/08 14:46:50 INFO session updated token=e46c6c0f-ab56-4ce0-83a3-96edf8a57104 tableID=0xc0005cd5d0 seatIndex=0xc0005cf1f0
2025/11/08 14:46:50 INFO session removed token=e46c6c0f-ab56-4ce0-83a3-96edf8a57104
2025/11/08 14:46:50 INFO session created token=26335e92-2bd2-445a-bdd9-d765d8a5ff65 name=User_15_13
2025/11/08 14:46:50 INFO session updated token=26335e92-2bd2-445a-bdd9-d765d8a5ff65 tableID=0xc0005cd620 seatIndex=0xc0005cf240
2025/11/08 14:46:50 INFO session removed token=26335e92-2bd2-445a-bdd9-d765d8a5ff65
2025/11/08 14:46:50 INFO session created token=50a89114-0a96-46c9-a8bb-553238630508 name=User_15_14
2025/11/08 14:46:50 INFO session updated token=50a89114-0a96-46c9-a8bb-553238630508 tableID=0xc0005cd670 seatIndex=0xc0005cf290
2025/11/08 14:46:50 INFO session removed token=50a89114-0a96-46c9-a8bb-553238630508
2025/11/08 14:46:50 INFO session created token=9f58550b-206d-4faf-abb4-7988cec12416 name=User_15_15
2025/11/08 14:46:50 INFO session updated token=9f58550b-206d-4faf-abb4-7988cec12416 tableID=0xc0005cd6c0 seatIndex=0xc0005cf2e0
2025/11/08 14:46:50 INFO session removed token=9f58550b-206d-4faf-abb4-7988cec12416
2025/11/08 14:46:50 INFO session created token=803403ee-0b30-4546-b04a-c1bdd07a503c name=User_15_16
2025/11/08 14:46:50 INFO session updated token=803403ee-0b30-4546-b04a-c1bdd07a503c tableID=0xc0005cd710 seatIndex=0xc0005cf330
2025/11/08 14:46:50 INFO session removed token=803403ee-0b30-4546-b04a-c1bdd07a503c
2025/11/08 14:46:50 INFO session created token=85fc3fbf-3bb2-475c-af2d-df0898c8a0c4 name=User_57_78
2025/11/08 14:46:50 INFO session created token=bf071c6a-4f8e-42a4-bf95-a756bb8788ce name=User_15_17
2025/11/08 14:46:50 INFO session updated token=85fc3fbf-3bb2-475c-af2d-df0898c8a0c4 tableID=0xc000167650 seatIndex=0xc0001657c0
2025/11/08 14:46:50 INFO session removed token=85fc3fbf-3bb2-475c-af2d-df0898c8a0c4
2025/11/08 14:46:50 INFO session created token=981e47da-07e7-463c-926c-96459125bae8 name=User_57_79
2025/11/08 14:46:50 INFO session updated token=981e47da-07e7-463c-926c-96459125bae8 tableID=0xc0001676b0 seatIndex=0xc000165820
2025/11/08 14:46:50 INFO session removed token=981e47da-07e7-463c-926c-96459125bae8
2025/11/08 14:46:50 INFO session created token=e0c95c6f-c114-4325-a997-3ccdd386590a name=User_57_80
2025/11/08 14:46:50 INFO session updated token=e0c95c6f-c114-4325-a997-3ccdd386590a tableID=0xc000167700 seatIndex=0xc000165870
2025/11/08 14:46:50 INFO session removed token=e0c95c6f-c114-4325-a997-3ccdd386590a
2025/11/08 14:46:50 INFO session created token=6310c1f2-af98-4e96-bf06-0f12fc7507cb name=User_57_81
2025/11/08 14:46:50 INFO session updated token=6310c1f2-af98-4e96-bf06-0f12fc7507cb tableID=0xc000167750 seatIndex=0xc0001658c0
2025/11/08 14:46:50 INFO session removed token=6310c1f2-af98-4e96-bf06-0f12fc7507cb
2025/11/08 14:46:50 INFO session created token=d02f90f1-d68d-440a-a143-44a1bc0e4d49 name=User_57_82
2025/11/08 14:46:50 INFO session updated token=d02f90f1-d68d-440a-a143-44a1bc0e4d49 tableID=0xc0001677a0 seatIndex=0xc000165910
2025/11/08 14:46:50 INFO session removed token=d02f90f1-d68d-440a-a143-44a1bc0e4d49
2025/11/08 14:46:50 INFO session created token=d885bbc2-6331-47fb-8824-da52a4b68e69 name=User_57_83
2025/11/08 14:46:50 INFO session updated token=d885bbc2-6331-47fb-8824-da52a4b68e69 tableID=0xc0001677f0 seatIndex=0xc000165960
2025/11/08 14:46:50 INFO session removed token=d885bbc2-6331-47fb-8824-da52a4b68e69
2025/11/08 14:46:50 INFO session updated token=c1e0cb80-6ccc-446c-a492-16594577a921 tableID=0xc000167070 seatIndex=0xc000165140
2025/11/08 14:46:50 INFO session removed token=c1e0cb80-6ccc-446c-a492-16594577a921
2025/11/08 14:46:50 INFO session created token=c63fa973-c09b-467c-a5ed-65beb17c32e6 name=User_48_40
2025/11/08 14:46:50 INFO session updated token=c63fa973-c09b-467c-a5ed-65beb17c32e6 tableID=0xc0005cd7a0 seatIndex=0xc0005cf3c0
2025/11/08 14:46:50 INFO session removed token=c63fa973-c09b-467c-a5ed-65beb17c32e6
2025/11/08 14:46:50 INFO session created token=89de410a-4cde-4f9f-8064-4d785ff502af name=User_48_41
2025/11/08 14:46:50 INFO session updated token=89de410a-4cde-4f9f-8064-4d785ff502af tableID=0xc0005cd7f0 seatIndex=0xc0005cf410
2025/11/08 14:46:50 INFO session removed token=89de410a-4cde-4f9f-8064-4d785ff502af
2025/11/08 14:46:50 INFO session created token=8c51601f-7da7-4248-889a-6e46e80de483 name=User_48_42
2025/11/08 14:46:50 INFO session updated token=8c51601f-7da7-4248-889a-6e46e80de483 tableID=0xc0005cd840 seatIndex=0xc0005cf460
2025/11/08 14:46:50 INFO session removed token=8c51601f-7da7-4248-889a-6e46e80de483
2025/11/08 14:46:50 INFO session created token=3527b4db-9590-40b5-aacb-26c8d5cec966 name=User_48_43
2025/11/08 14:46:50 INFO session updated token=3527b4db-9590-40b5-aacb-26c8d5cec966 tableID=0xc0005cd890 seatIndex=0xc0005cf4b0
2025/11/08 14:46:50 INFO session removed token=3527b4db-9590-40b5-aacb-26c8d5cec966
2025/11/08 14:46:50 INFO session created token=833fdd8e-1864-48b2-8acf-1e8b09a52c97 name=User_48_44
2025/11/08 14:46:50 INFO session updated token=833fdd8e-1864-48b2-8acf-1e8b09a52c97 tableID=0xc0005cd8e0 seatIndex=0xc0005cf500
2025/11/08 14:46:50 INFO session removed token=833fdd8e-1864-48b2-8acf-1e8b09a52c97
2025/11/08 14:46:50 INFO session created token=0dd10193-5cb3-456a-aa47-1a5256463ce5 name=User_48_45
2025/11/08 14:46:50 INFO session updated token=0dd10193-5cb3-456a-aa47-1a5256463ce5 tableID=0xc0005cd930 seatIndex=0xc0005cf550
2025/11/08 14:46:50 INFO session removed token=0dd10193-5cb3-456a-aa47-1a5256463ce5
2025/11/08 14:46:50 INFO session created token=1bed1a1d-ed94-4bec-ba35-44a7156fef52 name=User_48_46
2025/11/08 14:46:50 INFO session updated token=1bed1a1d-ed94-4bec-ba35-44a7156fef52 tableID=0xc0005cd980 seatIndex=0xc0005cf5a0
2025/11/08 14:46:50 INFO session created token=5a3d6203-955d-4785-a782-e36705d671fd name=User_30_9
2025/11/08 14:46:50 INFO session removed token=1bed1a1d-ed94-4bec-ba35-44a7156fef52
2025/11/08 14:46:50 INFO session removed token=013d8288-0459-460f-bcab-5c40ee9d518a
2025/11/08 14:46:50 INFO session created token=b424a399-22c5-4dce-a061-832393572a05 name=User_4_9
2025/11/08 14:46:50 INFO session updated token=b424a399-22c5-4dce-a061-832393572a05 tableID=0xc0005cd9f0 seatIndex=0xc0005cf618
2025/11/08 14:46:50 INFO session removed token=b424a399-22c5-4dce-a061-832393572a05
2025/11/08 14:46:50 INFO session created token=cba606fa-938b-4537-b3fb-94e59d592076 name=User_4_10
2025/11/08 14:46:50 INFO session updated token=cba606fa-938b-4537-b3fb-94e59d592076 tableID=0xc0005cda40 seatIndex=0xc0005cf660
2025/11/08 14:46:50 INFO session removed token=cba606fa-938b-4537-b3fb-94e59d592076
2025/11/08 14:46:50 INFO session created token=ac181b4f-8efc-427e-a28b-23dc7d629e6d name=User_4_11
2025/11/08 14:46:50 INFO session created token=43b5807f-1c17-4b15-9525-355a6775c40c name=User_19_9
2025/11/08 14:46:50 INFO session updated token=ac181b4f-8efc-427e-a28b-23dc7d629e6d tableID=0xc0005cda90 seatIndex=0xc0005cf6b0
2025/11/08 14:46:50 INFO session removed token=ac181b4f-8efc-427e-a28b-23dc7d629e6d
2025/11/08 14:46:50 INFO session created token=9fbfa848-cd92-4f45-b4f0-a1d6df2d06cd name=User_4_12
2025/11/08 14:46:50 INFO session updated token=9fbfa848-cd92-4f45-b4f0-a1d6df2d06cd tableID=0xc0005cdaf0 seatIndex=0xc0005cf710
2025/11/08 14:46:50 INFO session removed token=9fbfa848-cd92-4f45-b4f0-a1d6df2d06cd
2025/11/08 14:46:50 INFO session created token=43d43200-af00-4b84-9803-de2adec90e47 name=User_4_13
2025/11/08 14:46:50 INFO session updated token=43d43200-af00-4b84-9803-de2adec90e47 tableID=0xc0005cdb40 seatIndex=0xc0005cf760
2025/11/08 14:46:50 INFO session removed token=43d43200-af00-4b84-9803-de2adec90e47
2025/11/08 14:46:50 INFO session created token=50b53c7c-af46-44c0-9530-6f0de5ac2d31 name=User_4_14
2025/11/08 14:46:50 INFO session updated token=50b53c7c-af46-44c0-9530-6f0de5ac2d31 tableID=0xc0005cdb90 seatIndex=0xc0005cf7b0
2025/11/08 14:46:50 INFO session removed token=50b53c7c-af46-44c0-9530-6f0de5ac2d31
2025/11/08 14:46:50 INFO session created token=bb9a30d0-ffe4-4113-a704-197c5b185197 name=User_4_15
2025/11/08 14:46:50 INFO session updated token=bb9a30d0-ffe4-4113-a704-197c5b185197 tableID=0xc0005cdbe0 seatIndex=0xc0005cf800
2025/11/08 14:46:50 INFO session removed token=bb9a30d0-ffe4-4113-a704-197c5b185197
2025/11/08 14:46:50 INFO session created token=0403771c-3880-41f0-a5cf-4ea8062c4bd7 name=User_4_16
2025/11/08 14:46:50 INFO session updated token=0403771c-3880-41f0-a5cf-4ea8062c4bd7 tableID=0xc0005cdc30 seatIndex=0xc0005cf850
2025/11/08 14:46:50 INFO session removed token=0403771c-3880-41f0-a5cf-4ea8062c4bd7
2025/11/08 14:46:50 INFO session created token=87817472-e944-4068-a207-e617a271c756 name=User_4_17
2025/11/08 14:46:50 INFO session updated token=87817472-e944-4068-a207-e617a271c756 tableID=0xc0005cdc80 seatIndex=0xc0005cf8a0
2025/11/08 14:46:50 INFO session removed token=87817472-e944-4068-a207-e617a271c756
2025/11/08 14:46:50 INFO session created token=562189b0-e899-489f-a068-0a92319f89c7 name=User_4_18
2025/11/08 14:46:50 INFO session updated token=562189b0-e899-489f-a068-0a92319f89c7 tableID=0xc0005cdcd0 seatIndex=0xc0005cf8f0
2025/11/08 14:46:50 INFO session removed token=562189b0-e899-489f-a068-0a92319f89c7
2025/11/08 14:46:50 INFO session created token=92919f00-5f81-42a0-9d62-cb757658d9b8 name=User_4_19
2025/11/08 14:46:50 INFO session updated token=92919f00-5f81-42a0-9d62-cb757658d9b8 tableID=0xc0005cdd20 seatIndex=0xc0005cf940
2025/11/08 14:46:50 INFO session removed token=92919f00-5f81-42a0-9d62-cb757658d9b8
2025/11/08 14:46:50 INFO session created token=d1e72c01-cec4-43a9-a8ee-15d39c2b27d1 name=User_4_20
2025/11/08 14:46:50 INFO session updated token=d1e72c01-cec4-43a9-a8ee-15d39c2b27d1 tableID=0xc0005cdd70 seatIndex=0xc0005cf990
2025/11/08 14:46:50 INFO session removed token=d1e72c01-cec4-43a9-a8ee-15d39c2b27d1
2025/11/08 14:46:50 INFO session created token=e317162f-8529-45c8-894a-5f23dc006d4d name=User_4_21
2025/11/08 14:46:50 INFO session updated token=e317162f-8529-45c8-894a-5f23dc006d4d tableID=0xc0005cddc0 seatIndex=0xc0005cf9e0
2025/11/08 14:46:50 INFO session removed token=e317162f-8529-45c8-894a-5f23dc006d4d
2025/11/08 14:46:50 INFO session created token=76d2e820-dbce-4b6f-9567-9893dd2f32f9 name=User_4_22
2025/11/08 14:46:50 INFO session updated token=76d2e820-dbce-4b6f-9567-9893dd2f32f9 tableID=0xc0005cde10 seatIndex=0xc0005cfa30
2025/11/08 14:46:50 INFO session removed token=76d2e820-dbce-4b6f-9567-9893dd2f32f9
2025/11/08 14:46:50 INFO session created token=412c4f52-fdc6-4da4-8691-36cf5ee85335 name=User_4_23
2025/11/08 14:46:50 INFO session created token=65aa9c67-c7f6-436e-a3b3-a4e1c43a53ce name=User_17_8
2025/11/08 14:46:50 INFO session updated token=412c4f52-fdc6-4da4-8691-36cf5ee85335 tableID=0xc0005cde60 seatIndex=0xc0005cfa80
2025/11/08 14:46:50 INFO session removed token=412c4f52-fdc6-4da4-8691-36cf5ee85335
2025/11/08 14:46:50 INFO session created token=7b76c521-6653-43e8-aa18-41f53aea099e name=User_4_24
2025/11/08 14:46:50 INFO session updated token=7b76c521-6653-43e8-aa18-41f53aea099e tableID=0xc0002e29c0 seatIndex=0xc0002e49c0
2025/11/08 14:46:50 INFO session removed token=7b76c521-6653-43e8-aa18-41f53aea099e
2025/11/08 14:46:50 INFO session created token=01f4d03a-00b9-4b52-b94e-45d6ddff9926 name=User_4_25
2025/11/08 14:46:50 INFO session updated token=01f4d03a-00b9-4b52-b94e-45d6ddff9926 tableID=0xc0002e2a10 seatIndex=0xc0002e4a10
2025/11/08 14:46:50 INFO session removed token=01f4d03a-00b9-4b52-b94e-45d6ddff9926
2025/11/08 14:46:50 INFO session created token=b68d42a0-0477-4e5f-8160-fb32cecf5766 name=User_4_26
2025/11/08 14:46:50 INFO session updated token=b68d42a0-0477-4e5f-8160-fb32cecf5766 tableID=0xc0002e2a60 seatIndex=0xc0002e4a60
2025/11/08 14:46:50 INFO session removed token=b68d42a0-0477-4e5f-8160-fb32cecf5766
2025/11/08 14:46:50 INFO session created token=5abf01e5-704f-4482-a0d1-4b20e287a81b name=User_4_27
2025/11/08 14:46:50 INFO session updated token=5abf01e5-704f-4482-a0d1-4b20e287a81b tableID=0xc0002e2ab0 seatIndex=0xc0002e4ab0
2025/11/08 14:46:50 INFO session removed token=5abf01e5-704f-4482-a0d1-4b20e287a81b
2025/11/08 14:46:50 INFO session created token=6379afce-23b2-409a-b930-2df3bc11ae7a name=User_4_28
2025/11/08 14:46:50 INFO session updated token=6379afce-23b2-409a-b930-2df3bc11ae7a tableID=0xc0002e2b00 seatIndex=0xc0002e4b00
2025/11/08 14:46:50 INFO session removed token=6379afce-23b2-409a-b930-2df3bc11ae7a
2025/11/08 14:46:50 INFO session created token=d9e27c32-ee69-4ad7-88e6-2db207324939 name=User_4_29
2025/11/08 14:46:50 INFO session created token=8e35e6c6-499b-4533-b0a3-2eb4481ecc2e name=User_33_10
2025/11/08 14:46:50 INFO session created token=196ef33f-9dbe-4ba6-834a-3de0ae7b4b38 name=User_62_9
2025/11/08 14:46:50 INFO session updated token=d9e27c32-ee69-4ad7-88e6-2db207324939 tableID=0xc0002e2b50 seatIndex=0xc0002e4b50
2025/11/08 14:46:50 INFO session removed token=d9e27c32-ee69-4ad7-88e6-2db207324939
2025/11/08 14:46:50 INFO session created token=698def7f-d30c-4ab9-842c-e28d38d08ced name=User_4_30
2025/11/08 14:46:50 INFO session updated token=698def7f-d30c-4ab9-842c-e28d38d08ced tableID=0xc0001678f0 seatIndex=0xc0001659f0
2025/11/08 14:46:50 INFO session removed token=698def7f-d30c-4ab9-842c-e28d38d08ced
2025/11/08 14:46:50 INFO session created token=e6afeea6-3ad8-4241-9c1b-8a9c7ab7e279 name=User_4_31
2025/11/08 14:46:50 INFO session updated token=e6afeea6-3ad8-4241-9c1b-8a9c7ab7e279 tableID=0xc000167940 seatIndex=0xc000165a40
2025/11/08 14:46:50 INFO session removed token=e6afeea6-3ad8-4241-9c1b-8a9c7ab7e279
2025/11/08 14:46:50 INFO session created token=4a3b6eda-9850-4cec-a74e-34708424e746 name=User_4_32
2025/11/08 14:46:50 INFO session updated token=4a3b6eda-9850-4cec-a74e-34708424e746 tableID=0xc000167990 seatIndex=0xc000165a90
2025/11/08 14:46:50 INFO session removed token=4a3b6eda-9850-4cec-a74e-34708424e746
2025/11/08 14:46:50 INFO session created token=4a742c8c-c19b-4542-b4f9-813e50258769 name=User_4_33
2025/11/08 14:46:50 INFO session updated token=4a742c8c-c19b-4542-b4f9-813e50258769 tableID=0xc0001679e0 seatIndex=0xc000165ae0
2025/11/08 14:46:50 INFO session removed token=4a742c8c-c19b-4542-b4f9-813e50258769
2025/11/08 14:46:50 INFO session created token=3a599af9-cc7d-45c7-ad56-cefe8aa1620f name=User_4_34
2025/11/08 14:46:50 INFO session updated token=3a599af9-cc7d-45c7-ad56-cefe8aa1620f tableID=0xc000167a30 seatIndex=0xc000165b30
2025/11/08 14:46:50 INFO session removed token=3a599af9-cc7d-45c7-ad56-cefe8aa1620f
2025/11/08 14:46:50 INFO session created token=859a0d74-e00d-4233-86a3-eca9ee936c5b name=User_4_35
2025/11/08 14:46:50 INFO session updated token=859a0d74-e00d-4233-86a3-eca9ee936c5b tableID=0xc000167a80 seatIndex=0xc000165b80
2025/11/08 14:46:50 INFO session removed token=859a0d74-e00d-4233-86a3-eca9ee936c5b
2025/11/08 14:46:50 INFO session created token=902b91bc-73e5-4d32-a849-195ceee09304 name=User_4_36
2025/11/08 14:46:50 INFO session updated token=902b91bc-73e5-4d32-a849-195ceee09304 tableID=0xc000167ad0 seatIndex=0xc000165bd0
2025/11/08 14:46:50 INFO session removed token=902b91bc-73e5-4d32-a849-195ceee09304
2025/11/08 14:46:50 INFO session created token=d00ae428-356d-4346-a8bd-49b70a088f18 name=User_4_37
2025/11/08 14:46:50 INFO session updated token=d00ae428-356d-4346-a8bd-49b70a088f18 tableID=0xc000167b20 seatIndex=0xc000165c20
2025/11/08 14:46:50 INFO session removed token=d00ae428-356d-4346-a8bd-49b70a088f18
2025/11/08 14:46:50 INFO session created token=93ae0638-01cd-40ef-8606-aa7a4d8f50f2 name=User_4_38
2025/11/08 14:46:50 INFO session updated token=93ae0638-01cd-40ef-8606-aa7a4d8f50f2 tableID=0xc000167b70 seatIndex=0xc000165c70
2025/11/08 14:46:50 INFO session removed token=93ae0638-01cd-40ef-8606-aa7a4d8f50f2
2025/11/08 14:46:50 INFO session created token=0443d980-30c9-46fb-a83b-46aeb27795b3 name=User_4_39
2025/11/08 14:46:50 INFO session updated token=0443d980-30c9-46fb-a83b-46aeb27795b3 tableID=0xc000167bc0 seatIndex=0xc000165cc0
2025/11/08 14:46:50 INFO session removed token=0443d980-30c9-46fb-a83b-46aeb27795b3
2025/11/08 14:46:50 INFO session created token=d9503e8c-823c-4967-9f43-7e265947d925 name=User_4_40
2025/11/08 14:46:50 INFO session created token=4d84cc03-4e68-49cd-8278-f1db984c7bbb name=User_45_9
2025/11/08 14:46:50 INFO session updated token=d9503e8c-823c-4967-9f43-7e265947d925 tableID=0xc000167c10 seatIndex=0xc000165d10
2025/11/08 14:46:50 INFO session removed token=d9503e8c-823c-4967-9f43-7e265947d925
2025/11/08 14:46:50 INFO session created token=48b13a7a-24e8-4554-a7f0-b14806dc97a4 name=User_4_41
2025/11/08 14:46:50 INFO session updated token=48b13a7a-24e8-4554-a7f0-b14806dc97a4 tableID=0xc000167c70 seatIndex=0xc000165d70
2025/11/08 14:46:50 INFO session removed token=48b13a7a-24e8-4554-a7f0-b14806dc97a4
2025/11/08 14:46:50 INFO session created token=3fcbc656-8758-482b-aeef-05611810b688 name=User_4_42
2025/11/08 14:46:50 INFO session created token=190b3e99-dc72-4eb9-9094-3df756effa5d name=User_0_33
2025/11/08 14:46:50 INFO session updated token=3fcbc656-8758-482b-aeef-05611810b688 tableID=0xc000167cc0 seatIndex=0xc000165dc0
2025/11/08 14:46:50 INFO session removed token=3fcbc656-8758-482b-aeef-05611810b688
2025/11/08 14:46:50 INFO session removed token=549b3edb-3bd4-4ba9-a6a8-a0407cbb88c3
2025/11/08 14:46:50 INFO session removed token=6126587f-7ab6-4181-a694-8c0994c21002
2025/11/08 14:46:50 INFO session updated token=268d48a1-380e-41bb-b790-691ea153cccc tableID=0xc0005cd4a0 seatIndex=0xc0005cf0f8
2025/11/08 14:46:50 INFO session updated token=1e32c616-3bad-49c2-b6d1-13ef2823abc4 tableID=0xc0005cd4d0 seatIndex=0xc0005cf108
2025/11/08 14:46:50 INFO session updated token=0c0e6337-6a8b-4d62-998f-93a373ab59f0 tableID=0xc0002e2720 seatIndex=0xc0002e4760
2025/11/08 14:46:50 INFO session created token=14649697-dcb2-4e7c-a8b6-a278b3514f76 name=User_23_8
2025/11/08 14:46:50 INFO session updated token=ca3471f2-0495-49dc-85e9-ed187c83c123 tableID=0xc0002e2740 seatIndex=0xc0002e4790
2025/11/08 14:46:50 INFO session created token=6be6c17b-3d33-465a-9d58-e1e697d474fb name=User_74_10
2025/11/08 14:46:50 INFO session updated token=167680ee-e7c7-4c15-b138-f452a6448cd1 tableID=0xc0002e2750 seatIndex=0xc0002e47a0
2025/11/08 14:46:50 INFO session removed token=dcdc5318-71da-4a2d-b842-a0e8792428f1
2025/11/08 14:46:50 INFO session removed token=a3c8dd11-9e8c-438e-b5df-c9f94d8f8305
2025/11/08 14:46:50 INFO session removed token=51885db1-e5a2-49a6-bb91-d38be9e5ac4a
2025/11/08 14:46:50 INFO session removed token=ee59f970-28bd-4463-b88d-2259ff78c1ff
2025/11/08 14:46:50 INFO session removed token=f62696f7-90b3-44c1-a34d-77e41e4f5f3a
2025/11/08 14:46:50 INFO session created token=5f6d069a-c3cf-41f7-89cb-9930969cfa24 name=User_59_14
2025/11/08 14:46:50 INFO session created token=c84b99f8-f01a-444f-8d90-e34cd6b16fb9 name=User_97_36
2025/11/08 14:46:50 INFO session removed token=2c01da10-e23c-4b8a-ab9d-2b007d7a727b
2025/11/08 14:46:50 INFO session created token=2e4c8722-5bc6-4612-b755-d5ec4dcbc966 name=User_55_10
2025/11/08 14:46:50 INFO session created token=b4614dea-c81b-4306-8a72-b7be0c72d778 name=User_54_9
2025/11/08 14:46:50 INFO session removed token=57df7e26-0834-42d4-82e8-90c7026287b3
2025/11/08 14:46:50 INFO session updated token=8c9f09ce-6c41-4fa1-a2e0-503f690fe8cf tableID=0xc000167150 seatIndex=0xc000165230
2025/11/08 14:46:50 INFO session removed token=86f5abe5-5c09-4ee4-ac89-cbb6642a569a
2025/11/08 14:46:50 INFO session removed token=2011100a-72e3-472f-85c6-b80666a31eb6
2025/11/08 14:46:50 INFO session removed token=0672fb07-5bdf-4064-a197-831d7d6a98bf
2025/11/08 14:46:50 INFO session removed token=5204ff93-2c41-4fed-b2f0-2326eaba7640
2025/11/08 14:46:50 INFO session removed token=020bc9d8-1fd7-4f85-8945-d073a866cab1
2025/11/08 14:46:50 INFO session created token=68a1b46e-de9e-401b-a533-8c7eb8fcb25f name=User_12_8
2025/11/08 14:46:50 INFO session removed token=ad1bb497-606b-4f37-9473-33edd9a7926d
2025/11/08 14:46:50 INFO session removed token=52050c35-8bb9-46be-9736-bccc89081f2f
2025/11/08 14:46:50 INFO session removed token=53c61033-932b-4fe8-b72f-b56c90ff9cb9
2025/11/08 14:46:50 INFO session removed token=c15f0c0d-12b1-47ad-9377-5aa8d5076020
2025/11/08 14:46:50 INFO session removed token=c39f8263-def7-45c8-8f35-780c92cf2bfd
2025/11/08 14:46:50 INFO session updated token=1bec755a-bc37-404c-9aa9-63d36d18b96a tableID=0xc000167240 seatIndex=0xc000165380
2025/11/08 14:46:50 INFO session created token=74254aa3-c5b2-40e6-90ac-e99b1231bce3 name=User_36_9
2025/11/08 14:46:50 INFO session updated token=cf79a9ef-5eb4-45a2-be65-2a18f9cfbce3 tableID=0xc0002e2870 seatIndex=0xc0002e48b0
2025/11/08 14:46:50 INFO session updated token=a51dffeb-a95b-43f3-b52c-d592c5f9c77a tableID=0xc000167260 seatIndex=0xc000165390
2025/11/08 14:46:50 INFO session removed token=40a26613-89ea-477d-a545-19836abf695e
2025/11/08 14:46:50 INFO session updated token=fcda25bd-0190-42f0-9be6-fbf639e49906 tableID=0xc000167270 seatIndex=0xc0001653a0
2025/11/08 14:46:50 INFO session updated token=4b7d1021-9f75-4438-b4b9-f9ed9609000d tableID=0xc0002e28c0 seatIndex=0xc0002e48c0
2025/11/08 14:46:50 INFO session updated token=1b50c572-612c-4205-821d-21bb8105fa9c tableID=0xc0001672b0 seatIndex=0xc0001653d0
2025/11/08 14:46:50 INFO session updated token=709e7076-b66b-45c5-978f-63d14086e037 tableID=0xc0001672d0 seatIndex=0xc0001653e0
2025/11/08 14:46:50 INFO session created token=6305859e-335b-4dd2-9aca-ed3bffb6d3b5 name=User_11_28
2025/11/08 14:46:50 INFO session removed token=4b7d1021-9f75-4438-b4b9-f9ed9609000d
2025/11/08 14:46:50 INFO session created token=fcc1f1b6-650d-44ce-85d3-d54373c645fb name=User_44_9
2025/11/08 14:46:50 INFO session created token=96cb12b8-5a20-48bb-b99b-debd7cc5aeca name=User_28_14
2025/11/08 14:46:50 INFO session created token=d1bb2249-7a44-4bfd-88bb-aab98188c0bb name=User_34_10
2025/11/08 14:46:50 INFO session removed token=709e7076-b66b-45c5-978f-63d14086e037
2025/11/08 14:46:50 INFO session removed token=1b50c572-612c-4205-821d-21bb8105fa9c
2025/11/08 14:46:50 INFO session created token=9ffaf8ad-8731-4cf2-ab65-fc2c49063777 name=User_40_13
2025/11/08 14:46:50 INFO session updated token=9ffaf8ad-8731-4cf2-ab65-fc2c49063777 tableID=0xc0003e5b60 seatIndex=0xc0003eaf30
2025/11/08 14:46:50 INFO session removed token=9ffaf8ad-8731-4cf2-ab65-fc2c49063777
2025/11/08 14:46:50 INFO session created token=778c93e8-a782-4639-90d8-5f8654627987 name=User_40_14
2025/11/08 14:46:50 INFO session updated token=778c93e8-a782-4639-90d8-5f8654627987 tableID=0xc0003e5bb0 seatIndex=0xc0003eaf80
2025/11/08 14:46:50 INFO session removed token=778c93e8-a782-4639-90d8-5f8654627987
2025/11/08 14:46:50 INFO session created token=b43463b1-7812-4616-9547-976aee83a06d name=User_40_15
2025/11/08 14:46:50 INFO session updated token=b43463b1-7812-4616-9547-976aee83a06d tableID=0xc0003e5c00 seatIndex=0xc0003eafd0
2025/11/08 14:46:50 INFO session removed token=b43463b1-7812-4616-9547-976aee83a06d
2025/11/08 14:46:50 INFO session created token=2487ecd6-defa-446f-ad4a-62e765c56bde name=User_40_16
2025/11/08 14:46:50 INFO session updated token=2487ecd6-defa-446f-ad4a-62e765c56bde tableID=0xc0003e5c50 seatIndex=0xc0003eb020
2025/11/08 14:46:50 INFO session removed token=2487ecd6-defa-446f-ad4a-62e765c56bde
2025/11/08 14:46:50 INFO session created token=04222e0f-abc3-4a88-aa36-e409932a8b75 name=User_40_17
2025/11/08 14:46:50 INFO session updated token=04222e0f-abc3-4a88-aa36-e409932a8b75 tableID=0xc0003e5ca0 seatIndex=0xc0003eb070
2025/11/08 14:46:50 INFO session removed token=04222e0f-abc3-4a88-aa36-e409932a8b75
2025/11/08 14:46:50 INFO session created token=ae608049-f433-4b2b-8681-d38df7ee4c3e name=User_40_18
2025/11/08 14:46:50 INFO session updated token=fcc1f1b6-650d-44ce-85d3-d54373c645fb tableID=0xc0002e2c80 seatIndex=0xc0002e4ca0
2025/11/08 14:46:50 INFO session removed token=fcc1f1b6-650d-44ce-85d3-d54373c645fb
2025/11/08 14:46:50 INFO session updated token=4cb85508-6189-4d4e-8222-cfeec9348deb tableID=0xc0004e4070 seatIndex=0xc0004e32c8
2025/11/08 14:46:50 INFO session created token=0b580ed7-7ebe-40e0-b9a7-bce3c6771ac8 name=User_86_12
2025/11/08 14:46:50 INFO session updated token=ed3f7d57-b112-4eae-ab26-c619ee0dab43 tableID=0xc000167340 seatIndex=0xc000165440
2025/11/08 14:46:50 INFO session removed token=2bcf5f6c-a362-45b4-bef7-7acb36f79f1f
2025/11/08 14:46:50 INFO session updated token=02cde768-3772-464a-9453-97b1545255f7 tableID=0xc000167360 seatIndex=0xc000165470
2025/11/08 14:46:50 INFO session removed token=255195bf-2f2d-4546-b542-e34b9b344f5c
2025/11/08 14:46:50 INFO session created token=56b02b36-9b92-47e8-bc32-71e38272d81e name=User_96_9
2025/11/08 14:46:50 INFO session removed token=09a1d874-debf-47fd-b277-28078995bf68
2025/11/08 14:46:50 INFO session removed token=d8fe898a-62c7-4986-bc4e-bb144fa39b9d
2025/11/08 14:46:50 INFO session removed token=79760077-2546-4a3d-9666-93489df4ba82
2025/11/08 14:46:50 INFO session created token=406b05d3-31b3-4bca-8cf3-b5d72fa355d6 name=User_50_12
2025/11/08 14:46:50 INFO session removed token=2137f9f1-4632-4035-8d99-d72a69b5f86c
2025/11/08 14:46:50 INFO session created token=b474ed98-80b1-41b5-b90a-93d844e0e8e2 name=User_65_19
2025/11/08 14:46:50 INFO session created token=a7fd25fd-c3cb-4d7b-a31f-a77bf13a8450 name=User_6_10
2025/11/08 14:46:50 INFO session removed token=316d13e1-9e83-4486-ae69-6ac11d461d33
2025/11/08 14:46:50 INFO session updated token=dc03ac39-f5d1-435c-87a3-4263107b03be tableID=0xc000167410 seatIndex=0xc000165540
2025/11/08 14:46:50 INFO session removed token=129c7785-1e10-4ee4-b8c1-13bc14a3ddb2
2025/11/08 14:46:50 INFO session updated token=f2f31aca-b049-4a94-87e1-769f5b3979de tableID=0xc000167430 seatIndex=0xc000165570
2025/11/08 14:46:50 INFO session updated token=69246083-7922-406e-ab31-db5ba8fbfee0 tableID=0xc000167440 seatIndex=0xc000165580
2025/11/08 14:46:50 INFO session removed token=c9bbcb05-6fc7-4ff0-862d-eed0fb759faf
2025/11/08 14:46:50 INFO session removed token=45b8c685-2046-43a9-95f2-bac40ad5c771
2025/11/08 14:46:50 INFO session removed token=1966fa3a-034b-45ac-944f-7ec69d4f28b1
2025/11/08 14:46:50 INFO session removed token=deaa6504-6173-4140-af8b-979e4bc0c176
2025/11/08 14:46:50 INFO session removed token=ff503430-2de7-4d15-a6ac-5ec28795f1ed
2025/11/08 14:46:50 INFO session removed token=e9de9b63-090f-40d6-aa87-232eb16fe813
2025/11/08 14:46:50 INFO session removed token=24bffccb-7c67-4042-9f29-d70cb4341bca
2025/11/08 14:46:50 INFO session updated token=a8c13959-3334-4265-9a37-85d7d4bec047 tableID=0xc0001674e0 seatIndex=0xc000165670
2025/11/08 14:46:50 INFO session updated token=dc533590-9fd2-4776-95b0-2087b9848a69 tableID=0xc0005ccd70 seatIndex=0xc0005ceaa0
2025/11/08 14:46:50 INFO session updated token=bf071c6a-4f8e-42a4-bf95-a756bb8788ce tableID=0xc000167670 seatIndex=0xc0001657f0
2025/11/08 14:46:50 INFO session created token=e194999b-05f6-4fe3-838b-415fd14bc82f name=User_57_84
2025/11/08 14:46:50 INFO session updated token=e194999b-05f6-4fe3-838b-415fd14bc82f tableID=0xc000552570 seatIndex=0xc000554028
2025/11/08 14:46:50 INFO session removed token=f2f31aca-b049-4a94-87e1-769f5b3979de
2025/11/08 14:46:50 INFO session created token=0d895aa2-f271-4ead-a4af-b1603bb8d3b9 name=User_35_11
2025/11/08 14:46:50 INFO session removed token=a8c13959-3334-4265-9a37-85d7d4bec047
2025/11/08 14:46:50 INFO session created token=63a4a7b1-5b3f-41e9-a2b2-3b41adbba3cb name=User_1_9
2025/11/08 14:46:50 INFO session created token=dd79ba40-5663-497f-adae-ccc5715bf1a5 name=User_14_10
2025/11/08 14:46:50 INFO session updated token=63a4a7b1-5b3f-41e9-a2b2-3b41adbba3cb tableID=0xc000167e60 seatIndex=0xc000165f10
2025/11/08 14:46:50 INFO session removed token=63a4a7b1-5b3f-41e9-a2b2-3b41adbba3cb
2025/11/08 14:46:50 INFO session created token=1cebf198-3531-4b62-acb7-1e5283904288 name=User_1_10
2025/11/08 14:46:50 INFO session updated token=1cebf198-3531-4b62-acb7-1e5283904288 tableID=0xc000167ec0 seatIndex=0xc000165f70
2025/11/08 14:46:50 INFO session removed token=1cebf198-3531-4b62-acb7-1e5283904288
2025/11/08 14:46:50 INFO session created token=28ade660-a58b-406b-a536-9c32af3839ba name=User_1_11
2025/11/08 14:46:50 INFO session updated token=28ade660-a58b-406b-a536-9c32af3839ba tableID=0xc000167f10 seatIndex=0xc000165fc0
2025/11/08 14:46:50 INFO session removed token=28ade660-a58b-406b-a536-9c32af3839ba
2025/11/08 14:46:50 INFO session created token=eb7d35c2-8415-44f2-b443-f213d3782e69 name=User_1_12
2025/11/08 14:46:50 INFO session updated token=eb7d35c2-8415-44f2-b443-f213d3782e69 tableID=0xc000167f60 seatIndex=0xc00016c010
2025/11/08 14:46:50 INFO session removed token=eb7d35c2-8415-44f2-b443-f213d3782e69
2025/11/08 14:46:50 INFO session created token=50cac570-80ee-41fc-b5a8-3dcc88e6dc08 name=User_1_13
2025/11/08 14:46:50 INFO session updated token=50cac570-80ee-41fc-b5a8-3dcc88e6dc08 tableID=0xc00016e030 seatIndex=0xc00016c060
2025/11/08 14:46:50 INFO session removed token=50cac570-80ee-41fc-b5a8-3dcc88e6dc08
2025/11/08 14:46:50 INFO session created token=9314a377-a9ef-42da-8e77-c62a33d2ae6b name=User_1_14
2025/11/08 14:46:50 INFO session updated token=9314a377-a9ef-42da-8e77-c62a33d2ae6b tableID=0xc00016e080 seatIndex=0xc00016c0b0
2025/11/08 14:46:50 INFO session removed token=9314a377-a9ef-42da-8e77-c62a33d2ae6b
2025/11/08 14:46:50 INFO session created token=07d7a390-0001-4df7-bbfd-218c58c49974 name=User_1_15
2025/11/08 14:46:50 INFO session updated token=07d7a390-0001-4df7-bbfd-218c58c49974 tableID=0xc00016e0d0 seatIndex=0xc00016c100
2025/11/08 14:46:50 INFO session removed token=07d7a390-0001-4df7-bbfd-218c58c49974
2025/11/08 14:46:50 INFO session created token=afdcbcbe-9d8b-47cd-bddc-8450670d4b4d name=User_1_16
2025/11/08 14:46:50 INFO session updated token=afdcbcbe-9d8b-47cd-bddc-8450670d4b4d tableID=0xc00016e120 seatIndex=0xc00016c150
2025/11/08 14:46:50 INFO session removed token=afdcbcbe-9d8b-47cd-bddc-8450670d4b4d
2025/11/08 14:46:50 INFO session created token=f01ea39e-2957-43cf-80db-a1583e84b0bb name=User_1_17
2025/11/08 14:46:50 INFO session updated token=f01ea39e-2957-43cf-80db-a1583e84b0bb tableID=0xc00016e170 seatIndex=0xc00016c1a0
2025/11/08 14:46:50 INFO session removed token=f01ea39e-2957-43cf-80db-a1583e84b0bb
2025/11/08 14:46:50 INFO session created token=a594c488-2f6d-4b98-b9c8-bdbbcd5dc2c8 name=User_1_18
2025/11/08 14:46:50 INFO session created token=5efedcad-a87c-4dd4-8491-cc62acbabf89 name=User_22_9
2025/11/08 14:46:50 INFO session updated token=a594c488-2f6d-4b98-b9c8-bdbbcd5dc2c8 tableID=0xc00016e1c0 seatIndex=0xc00016c1f0
2025/11/08 14:46:50 INFO session removed token=a594c488-2f6d-4b98-b9c8-bdbbcd5dc2c8
2025/11/08 14:46:50 INFO session created token=91159864-7dd2-4a2c-9325-389c7d7cba2a name=User_1_19
2025/11/08 14:46:50 INFO session updated token=91159864-7dd2-4a2c-9325-389c7d7cba2a tableID=0xc00016e220 seatIndex=0xc00016c250
2025/11/08 14:46:50 INFO session removed token=91159864-7dd2-4a2c-9325-389c7d7cba2a
2025/11/08 14:46:50 INFO session created token=9f43c314-1700-4572-8029-31c5aeedc82f name=User_1_20
2025/11/08 14:46:50 INFO session updated token=9f43c314-1700-4572-8029-31c5aeedc82f tableID=0xc00016e270 seatIndex=0xc00016c2a0
2025/11/08 14:46:50 INFO session removed token=9f43c314-1700-4572-8029-31c5aeedc82f
2025/11/08 14:46:50 INFO session created token=244366db-a150-4907-a27e-076592cb3bef name=User_1_21
2025/11/08 14:46:50 INFO session updated token=244366db-a150-4907-a27e-076592cb3bef tableID=0xc00016e2c0 seatIndex=0xc00016c2f0
2025/11/08 14:46:50 INFO session removed token=244366db-a150-4907-a27e-076592cb3bef
2025/11/08 14:46:50 INFO session created token=c8371316-e0e6-41dc-9107-1f9dbdcec7bd name=User_1_22
2025/11/08 14:46:50 INFO session updated token=c8371316-e0e6-41dc-9107-1f9dbdcec7bd tableID=0xc00016e310 seatIndex=0xc00016c340
2025/11/08 14:46:50 INFO session removed token=c8371316-e0e6-41dc-9107-1f9dbdcec7bd
2025/11/08 14:46:50 INFO session created token=279fad83-8e5a-4901-89cc-9e6549761e67 name=User_1_23
2025/11/08 14:46:50 INFO session updated token=279fad83-8e5a-4901-89cc-9e6549761e67 tableID=0xc00016e360 seatIndex=0xc00016c390
2025/11/08 14:46:50 INFO session removed token=279fad83-8e5a-4901-89cc-9e6549761e67
2025/11/08 14:46:50 INFO session created token=d5d70577-e421-41da-a188-c60813144623 name=User_1_24
2025/11/08 14:46:50 INFO session updated token=d5d70577-e421-41da-a188-c60813144623 tableID=0xc00016e3b0 seatIndex=0xc00016c3e0
2025/11/08 14:46:50 INFO session removed token=d5d70577-e421-41da-a188-c60813144623
2025/11/08 14:46:50 INFO session created token=ffefe808-9b4a-48a0-9d90-94b6c7824980 name=User_1_25
2025/11/08 14:46:50 INFO session updated token=ffefe808-9b4a-48a0-9d90-94b6c7824980 tableID=0xc00016e400 seatIndex=0xc00016c430
2025/11/08 14:46:50 INFO session removed token=ffefe808-9b4a-48a0-9d90-94b6c7824980
2025/11/08 14:46:50 INFO session created token=78199a41-75a3-4d3f-b963-d6ca56b784af name=User_1_26
2025/11/08 14:46:50 INFO session updated token=78199a41-75a3-4d3f-b963-d6ca56b784af tableID=0xc00016e450 seatIndex=0xc00016c480
2025/11/08 14:46:50 INFO session removed token=78199a41-75a3-4d3f-b963-d6ca56b784af
2025/11/08 14:46:50 INFO session created token=c9ce21d0-1f03-4d5e-ae37-da040634bcee name=User_1_27
2025/11/08 14:46:50 INFO session updated token=c9ce21d0-1f03-4d5e-ae37-da040634bcee tableID=0xc00016e4a0 seatIndex=0xc00016c4d0
2025/11/08 14:46:50 INFO session removed token=c9ce21d0-1f03-4d5e-ae37-da040634bcee
2025/11/08 14:46:50 INFO session created token=81344410-d72c-4a4e-93d9-bd1cf2cfdd20 name=User_1_28
2025/11/08 14:46:50 INFO session updated token=81344410-d72c-4a4e-93d9-bd1cf2cfdd20 tableID=0xc00016e4f0 seatIndex=0xc00016c520
2025/11/08 14:46:50 INFO session removed token=81344410-d72c-4a4e-93d9-bd1cf2cfdd20
2025/11/08 14:46:50 INFO session created token=59e566ac-4f02-4247-bd6e-65de5a28eaa7 name=User_1_29
2025/11/08 14:46:50 INFO session updated token=59e566ac-4f02-4247-bd6e-65de5a28eaa7 tableID=0xc00016e540 seatIndex=0xc00016c570
2025/11/08 14:46:50 INFO session removed token=59e566ac-4f02-4247-bd6e-65de5a28eaa7
2025/11/08 14:46:50 INFO session created token=8f63cdd4-aa68-4366-9f75-878174970d86 name=User_67_13
2025/11/08 14:46:50 INFO session created token=d1780288-f144-44ab-bf90-8558e395e0f2 name=User_1_30
2025/11/08 14:46:50 INFO session removed token=e194999b-05f6-4fe3-838b-415fd14bc82f
2025/11/08 14:46:50 INFO session updated token=8f63cdd4-aa68-4366-9f75-878174970d86 tableID=0xc0005525c0 seatIndex=0xc000554078
2025/11/08 14:46:50 INFO session removed token=8f63cdd4-aa68-4366-9f75-878174970d86
2025/11/08 14:46:50 INFO session created token=ae35441f-45f1-472e-b0c2-10aed85d048b name=User_67_14
2025/11/08 14:46:50 INFO session updated token=ae35441f-45f1-472e-b0c2-10aed85d048b tableID=0xc0004e41e0 seatIndex=0xc0004e34f0
2025/11/08 14:46:50 INFO session removed token=ae35441f-45f1-472e-b0c2-10aed85d048b
2025/11/08 14:46:50 INFO session created token=02ef0930-99e7-4b91-bf8c-ab0a58821dc8 name=User_67_15
2025/11/08 14:46:50 INFO session updated token=02ef0930-99e7-4b91-bf8c-ab0a58821dc8 tableID=0xc0004e4230 seatIndex=0xc0004e3540
2025/11/08 14:46:50 INFO session removed token=02ef0930-99e7-4b91-bf8c-ab0a58821dc8
2025/11/08 14:46:50 INFO session created token=2c93798f-ffa7-43f9-82eb-a645d68e911e name=User_67_16
2025/11/08 14:46:50 INFO session updated token=2c93798f-ffa7-43f9-82eb-a645d68e911e tableID=0xc0004e4280 seatIndex=0xc0004e3590
2025/11/08 14:46:50 INFO session removed token=2c93798f-ffa7-43f9-82eb-a645d68e911e
2025/11/08 14:46:50 INFO session created token=b7803645-a7df-4dc9-820f-035ce7dc3a39 name=User_67_17
2025/11/08 14:46:50 INFO session updated token=b7803645-a7df-4dc9-820f-035ce7dc3a39 tableID=0xc0004e42d0 seatIndex=0xc0004e35e0
2025/11/08 14:46:50 INFO session removed token=b7803645-a7df-4dc9-820f-035ce7dc3a39
2025/11/08 14:46:50 INFO session created token=b56e9a51-975d-4840-b113-f33489318061 name=User_67_18
2025/11/08 14:46:50 INFO session updated token=b56e9a51-975d-4840-b113-f33489318061 tableID=0xc0004e4320 seatIndex=0xc0004e3630
2025/11/08 14:46:50 INFO session removed token=b56e9a51-975d-4840-b113-f33489318061
2025/11/08 14:46:50 INFO session created token=abe25c5a-e8ed-4a97-80f5-da81ada8bd25 name=User_67_19
2025/11/08 14:46:50 INFO session updated token=abe25c5a-e8ed-4a97-80f5-da81ada8bd25 tableID=0xc0004e4370 seatIndex=0xc0004e3680
2025/11/08 14:46:50 INFO session removed token=abe25c5a-e8ed-4a97-80f5-da81ada8bd25
2025/11/08 14:46:50 INFO session created token=82124de5-1a5c-4fa6-87c6-e5fe23e52c4b name=User_67_20
2025/11/08 14:46:50 INFO session updated token=82124de5-1a5c-4fa6-87c6-e5fe23e52c4b tableID=0xc0004e43c0 seatIndex=0xc0004e36d0
2025/11/08 14:46:50 INFO session removed token=82124de5-1a5c-4fa6-87c6-e5fe23e52c4b
2025/11/08 14:46:50 INFO session created token=94f056f2-ca98-4997-a6d8-7126666298da name=User_67_21
2025/11/08 14:46:50 INFO session updated token=94f056f2-ca98-4997-a6d8-7126666298da tableID=0xc0004e4410 seatIndex=0xc0004e3720
2025/11/08 14:46:50 INFO session removed token=94f056f2-ca98-4997-a6d8-7126666298da
2025/11/08 14:46:50 INFO session created token=084c1bba-3994-4fef-a159-377a88e9e6e6 name=User_67_22
2025/11/08 14:46:50 INFO session updated token=084c1bba-3994-4fef-a159-377a88e9e6e6 tableID=0xc0004e4460 seatIndex=0xc0004e3770
2025/11/08 14:46:50 INFO session removed token=084c1bba-3994-4fef-a159-377a88e9e6e6
2025/11/08 14:46:50 INFO session created token=1f49bb2d-eb2c-497e-aee5-895ccd1858ba name=User_67_23
2025/11/08 14:46:50 INFO session updated token=1f49bb2d-eb2c-497e-aee5-895ccd1858ba tableID=0xc0004e44b0 seatIndex=0xc0004e37c0
2025/11/08 14:46:50 INFO session removed token=1f49bb2d-eb2c-497e-aee5-895ccd1858ba
2025/11/08 14:46:50 INFO session updated token=5a3d6203-955d-4785-a782-e36705d671fd tableID=0xc0005cd9b0 seatIndex=0xc0005cf5f0
2025/11/08 14:46:50 INFO session removed token=5a3d6203-955d-4785-a782-e36705d671fd
2025/11/08 14:46:50 INFO session created token=be658fec-48ae-4ded-8f92-425d47c7d1d0 name=User_30_10
2025/11/08 14:46:50 INFO session updated token=be658fec-48ae-4ded-8f92-425d47c7d1d0 tableID=0xc000552610 seatIndex=0xc0005540c8
2025/11/08 14:46:50 INFO session removed token=be658fec-48ae-4ded-8f92-425d47c7d1d0
2025/11/08 14:46:50 INFO session created token=52c9d7ea-37e9-42e9-98b3-99615270fc25 name=User_30_11
2025/11/08 14:46:50 INFO session updated token=52c9d7ea-37e9-42e9-98b3-99615270fc25 tableID=0xc000552660 seatIndex=0xc000554118
2025/11/08 14:46:50 INFO session removed token=52c9d7ea-37e9-42e9-98b3-99615270fc25
2025/11/08 14:46:50 INFO session created token=5a4776ff-3804-43a1-9db9-95fa7f9037ab name=User_30_12
2025/11/08 14:46:50 INFO session updated token=5a4776ff-3804-43a1-9db9-95fa7f9037ab tableID=0xc0005526b0 seatIndex=0xc000554168
2025/11/08 14:46:50 INFO session removed token=5a4776ff-3804-43a1-9db9-95fa7f9037ab
2025/11/08 14:46:50 INFO session created token=19ab6b73-f6da-4d29-bc25-c76ef087ed5e name=User_30_13
2025/11/08 14:46:50 INFO session updated token=19ab6b73-f6da-4d29-bc25-c76ef087ed5e tableID=0xc000552700 seatIndex=0xc0005541b8
2025/11/08 14:46:50 INFO session removed token=19ab6b73-f6da-4d29-bc25-c76ef087ed5e
2025/11/08 14:46:50 INFO session created token=a76bf884-ebb2-4d8e-99f1-6c06e0fdb034 name=User_30_14
2025/11/08 14:46:50 INFO session updated token=a76bf884-ebb2-4d8e-99f1-6c06e0fdb034 tableID=0xc000552750 seatIndex=0xc000554208
2025/11/08 14:46:50 INFO session removed token=a76bf884-ebb2-4d8e-99f1-6c06e0fdb034
2025/11/08 14:46:50 INFO session updated token=43b5807f-1c17-4b15-9525-355a6775c40c tableID=0xc0005cdab0 seatIndex=0xc0005cf6e0
2025/11/08 14:46:50 INFO session removed token=43b5807f-1c17-4b15-9525-355a6775c40c
2025/11/08 14:46:50 INFO session created token=dd09a846-476d-4e9e-b2ee-a55d088fca1f name=User_19_10
2025/11/08 14:46:50 INFO session updated token=dd09a846-476d-4e9e-b2ee-a55d088fca1f tableID=0xc0004e4520 seatIndex=0xc0004e3850
2025/11/08 14:46:50 INFO session removed token=dd09a846-476d-4e9e-b2ee-a55d088fca1f
2025/11/08 14:46:50 INFO session created token=e9e94ac1-bbb3-4b26-bd43-56f308c38b2f name=User_19_11
2025/11/08 14:46:50 INFO session updated token=e9e94ac1-bbb3-4b26-bd43-56f308c38b2f tableID=0xc0004e4570 seatIndex=0xc0004e38a0
2025/11/08 14:46:50 INFO session removed token=e9e94ac1-bbb3-4b26-bd43-56f308c38b2f
2025/11/08 14:46:50 INFO session created token=40bfa84a-7761-4d8a-90de-dd156f8bc93f name=User_19_12
2025/11/08 14:46:50 INFO session updated token=40bfa84a-7761-4d8a-90de-dd156f8bc93f tableID=0xc0004e45c0 seatIndex=0xc0004e38f0
2025/11/08 14:46:50 INFO session removed token=40bfa84a-7761-4d8a-90de-dd156f8bc93f
2025/11/08 14:46:50 INFO session created token=fecda3e0-f269-4cfc-99fb-9a76de9375d1 name=User_19_13
2025/11/08 14:46:50 INFO session updated token=fecda3e0-f269-4cfc-99fb-9a76de9375d1 tableID=0xc0004e4610 seatIndex=0xc0004e3940
2025/11/08 14:46:50 INFO session removed token=fecda3e0-f269-4cfc-99fb-9a76de9375d1
2025/11/08 14:46:50 INFO session created token=3cc9b468-865c-4696-b4f6-eb7f98b57097 name=User_19_14
2025/11/08 14:46:50 INFO session updated token=3cc9b468-865c-4696-b4f6-eb7f98b57097 tableID=0xc0004e4660 seatIndex=0xc0004e3990
2025/11/08 14:46:50 INFO session removed token=3cc9b468-865c-4696-b4f6-eb7f98b57097
2025/11/08 14:46:50 INFO session created token=9548d0bd-5bca-449c-8457-8313e3d06cc1 name=User_19_15
2025/11/08 14:46:50 INFO session updated token=9548d0bd-5bca-449c-8457-8313e3d06cc1 tableID=0xc0004e46b0 seatIndex=0xc0004e39e0
2025/11/08 14:46:50 INFO session removed token=9548d0bd-5bca-449c-8457-8313e3d06cc1
2025/11/08 14:46:50 INFO session created token=232fa9f7-1803-424c-bb4a-ec81fc6eb86e name=User_19_16
2025/11/08 14:46:50 INFO session updated token=232fa9f7-1803-424c-bb4a-ec81fc6eb86e tableID=0xc0004e4700 seatIndex=0xc0004e3a30
2025/11/08 14:46:50 INFO session removed token=232fa9f7-1803-424c-bb4a-ec81fc6eb86e
2025/11/08 14:46:50 INFO session updated token=65aa9c67-c7f6-436e-a3b3-a4e1c43a53ce tableID=0xc0002e2980 seatIndex=0xc0002e4990
2025/11/08 14:46:50 INFO session removed token=65aa9c67-c7f6-436e-a3b3-a4e1c43a53ce
2025/11/08 14:46:50 INFO session created token=daa1ee5b-cf3c-4cb2-bc23-d879faf15881 name=User_17_9
2025/11/08 14:46:50 INFO session updated token=daa1ee5b-cf3c-4cb2-bc23-d879faf15881 tableID=0xc0002e2da0 seatIndex=0xc0002e4e40
2025/11/08 14:46:50 INFO session removed token=daa1ee5b-cf3c-4cb2-bc23-d879faf15881
2025/11/08 14:46:50 INFO session created token=52900df8-2de6-4a17-9fd3-eace7e1a21e6 name=User_17_10
2025/11/08 14:46:50 INFO session updated token=52900df8-2de6-4a17-9fd3-eace7e1a21e6 tableID=0xc0002e2df0 seatIndex=0xc0002e4e90
2025/11/08 14:46:50 INFO session removed token=52900df8-2de6-4a17-9fd3-eace7e1a21e6
2025/11/08 14:46:50 INFO session created token=310f20db-eafb-4ebf-adc3-faabbecdcff8 name=User_17_11
2025/11/08 14:46:50 INFO session updated token=310f20db-eafb-4ebf-adc3-faabbecdcff8 tableID=0xc0002e2e40 seatIndex=0xc0002e4ee0
2025/11/08 14:46:50 INFO session removed token=310f20db-eafb-4ebf-adc3-faabbecdcff8
2025/11/08 14:46:50 INFO session created token=997c4dab-54cd-4e73-b9ad-db34fcad8828 name=User_17_12
2025/11/08 14:46:50 INFO session updated token=997c4dab-54cd-4e73-b9ad-db34fcad8828 tableID=0xc0002e2e90 seatIndex=0xc0002e4f30
2025/11/08 14:46:50 INFO session removed token=997c4dab-54cd-4e73-b9ad-db34fcad8828
2025/11/08 14:46:50 INFO session created token=b6779f4d-fd90-4e19-95d2-374c12f3e23d name=User_17_13
2025/11/08 14:46:50 INFO session updated token=b6779f4d-fd90-4e19-95d2-374c12f3e23d tableID=0xc0002e2ee0 seatIndex=0xc0002e4f80
2025/11/08 14:46:50 INFO session removed token=b6779f4d-fd90-4e19-95d2-374c12f3e23d
2025/11/08 14:46:50 INFO session created token=81faf609-af15-4141-af63-05a7b02360fb name=User_17_14
2025/11/08 14:46:50 INFO session updated token=81faf609-af15-4141-af63-05a7b02360fb tableID=0xc0002e2f30 seatIndex=0xc0002e4fd0
2025/11/08 14:46:50 INFO session removed token=81faf609-af15-4141-af63-05a7b02360fb
2025/11/08 14:46:50 INFO session updated token=196ef33f-9dbe-4ba6-834a-3de0ae7b4b38 tableID=0xc0001678a0 seatIndex=0xc0001659b0
2025/11/08 14:46:50 INFO session removed token=196ef33f-9dbe-4ba6-834a-3de0ae7b4b38
2025/11/08 14:46:50 INFO session created token=b82f4eb2-8bb5-4d40-8544-af7316ce8599 name=User_62_10
2025/11/08 14:46:50 INFO session updated token=b82f4eb2-8bb5-4d40-8544-af7316ce8599 tableID=0xc0004e4770 seatIndex=0xc0004e3ac0
2025/11/08 14:46:50 INFO session removed token=b82f4eb2-8bb5-4d40-8544-af7316ce8599
2025/11/08 14:46:50 INFO session created token=ff53b971-da9f-4b23-8d62-db042a07e163 name=User_62_11
2025/11/08 14:46:50 INFO session updated token=ff53b971-da9f-4b23-8d62-db042a07e163 tableID=0xc0004e47c0 seatIndex=0xc0004e3b10
2025/11/08 14:46:50 INFO session removed token=ff53b971-da9f-4b23-8d62-db042a07e163
2025/11/08 14:46:50 INFO session created token=f9379709-f976-4a96-8ada-48850d82546d name=User_62_12
2025/11/08 14:46:50 INFO session updated token=f9379709-f976-4a96-8ada-48850d82546d tableID=0xc0004e4810 seatIndex=0xc0004e3b60
2025/11/08 14:46:50 INFO session removed token=f9379709-f976-4a96-8ada-48850d82546d
2025/11/08 14:46:50 INFO session created token=d93e96b2-4b21-48da-8628-1adbf61c1afe name=User_62_13
2025/11/08 14:46:50 INFO session updated token=d93e96b2-4b21-48da-8628-1adbf61c1afe tableID=0xc0004e4860 seatIndex=0xc0004e3bb0
2025/11/08 14:46:50 INFO session removed token=d93e96b2-4b21-48da-8628-1adbf61c1afe
2025/11/08 14:46:50 INFO session created token=91c9124f-192d-4072-9eef-d956a0854187 name=User_62_14
2025/11/08 14:46:50 INFO session updated token=91c9124f-192d-4072-9eef-d956a0854187 tableID=0xc0004e48b0 seatIndex=0xc0004e3c00
2025/11/08 14:46:50 INFO session removed token=91c9124f-192d-4072-9eef-d956a0854187
2025/11/08 14:46:50 INFO session created token=161129c8-bb9a-4e89-8b89-f9821ce4907e name=User_62_15
2025/11/08 14:46:50 INFO session updated token=8e35e6c6-499b-4533-b0a3-2eb4481ecc2e tableID=0xc0001678b0 seatIndex=0xc0001659c0
2025/11/08 14:46:50 INFO session removed token=8e35e6c6-499b-4533-b0a3-2eb4481ecc2e
2025/11/08 14:46:50 INFO session created token=be161b04-a2cc-4d84-89b7-edf0c701094d name=User_33_11
2025/11/08 14:46:50 INFO session updated token=be161b04-a2cc-4d84-89b7-edf0c701094d tableID=0xc0002e2fa0 seatIndex=0xc0002e5060
2025/11/08 14:46:50 INFO session removed token=be161b04-a2cc-4d84-89b7-edf0c701094d
2025/11/08 14:46:50 INFO session created token=a4977cf3-ff6b-46d0-ad6a-c97e5eb56175 name=User_33_12
2025/11/08 14:46:50 INFO session updated token=a4977cf3-ff6b-46d0-ad6a-c97e5eb56175 tableID=0xc0002e2ff0 seatIndex=0xc0002e50b0
2025/11/08 14:46:50 INFO session removed token=a4977cf3-ff6b-46d0-ad6a-c97e5eb56175
2025/11/08 14:46:50 INFO session created token=3343a497-57dc-431d-b7e8-ec53f81f102f name=User_33_13
2025/11/08 14:46:50 INFO session updated token=3343a497-57dc-431d-b7e8-ec53f81f102f tableID=0xc0002e3040 seatIndex=0xc0002e5100
2025/11/08 14:46:50 INFO session removed token=3343a497-57dc-431d-b7e8-ec53f81f102f
2025/11/08 14:46:50 INFO session created token=d589a5f9-78a8-4381-bd14-6c0d3dc9de12 name=User_33_14
2025/11/08 14:46:50 INFO session updated token=d589a5f9-78a8-4381-bd14-6c0d3dc9de12 tableID=0xc0002e3090 seatIndex=0xc0002e5150
2025/11/08 14:46:50 INFO session removed token=d589a5f9-78a8-4381-bd14-6c0d3dc9de12
2025/11/08 14:46:50 INFO session created token=b14ae3ec-e3b0-4ea6-b68a-bd311c5d3ad5 name=User_33_15
2025/11/08 14:46:50 INFO session updated token=b14ae3ec-e3b0-4ea6-b68a-bd311c5d3ad5 tableID=0xc0002e30e0 seatIndex=0xc0002e51a0
2025/11/08 14:46:50 INFO session removed token=b14ae3ec-e3b0-4ea6-b68a-bd311c5d3ad5
2025/11/08 14:46:50 INFO session created token=83c5099e-ef01-4c68-bce9-37a8f907ae58 name=User_33_16
2025/11/08 14:46:50 INFO session updated token=83c5099e-ef01-4c68-bce9-37a8f907ae58 tableID=0xc0002e3130 seatIndex=0xc0002e51f0
2025/11/08 14:46:50 INFO session removed token=83c5099e-ef01-4c68-bce9-37a8f907ae58
2025/11/08 14:46:50 INFO session created token=9b787c27-7105-4bb1-9227-a2552066eb1c name=User_33_17
2025/11/08 14:46:50 INFO session updated token=9b787c27-7105-4bb1-9227-a2552066eb1c tableID=0xc0002e3180 seatIndex=0xc0002e5240
2025/11/08 14:46:50 INFO session removed token=9b787c27-7105-4bb1-9227-a2552066eb1c
2025/11/08 14:46:50 INFO session updated token=4d84cc03-4e68-49cd-8278-f1db984c7bbb tableID=0xc000167c30 seatIndex=0xc000165d40
2025/11/08 14:46:50 INFO session removed token=4d84cc03-4e68-49cd-8278-f1db984c7bbb
2025/11/08 14:46:50 INFO session created token=dcc00a12-2a1a-4976-8154-e99ac8692e72 name=User_45_10
2025/11/08 14:46:50 INFO session updated token=dcc00a12-2a1a-4976-8154-e99ac8692e72 tableID=0xc0004e4950 seatIndex=0xc0004e3ca0
2025/11/08 14:46:50 INFO session removed token=dcc00a12-2a1a-4976-8154-e99ac8692e72
2025/11/08 14:46:50 INFO session created token=da635b5d-0f18-42c2-93fa-7eab6bf9b535 name=User_45_11
2025/11/08 14:46:50 INFO session updated token=da635b5d-0f18-42c2-93fa-7eab6bf9b535 tableID=0xc0004e49a0 seatIndex=0xc0004e3cf0
2025/11/08 14:46:50 INFO session removed token=da635b5d-0f18-42c2-93fa-7eab6bf9b535
2025/11/08 14:46:50 INFO session created token=207e642f-85f4-454f-a62c-61853cd07ee3 name=User_45_12
2025/11/08 14:46:50 INFO session updated token=207e642f-85f4-454f-a62c-61853cd07ee3 tableID=0xc0004e49f0 seatIndex=0xc0004e3d40
2025/11/08 14:46:50 INFO session removed token=207e642f-85f4-454f-a62c-61853cd07ee3
2025/11/08 14:46:50 INFO session created token=778eb179-1e67-4c11-ad33-ebf79bddc35a name=User_45_13
2025/11/08 14:46:50 INFO session updated token=778eb179-1e67-4c11-ad33-ebf79bddc35a tableID=0xc0004e4a40 seatIndex=0xc0004e3d90
2025/11/08 14:46:50 INFO session removed token=778eb179-1e67-4c11-ad33-ebf79bddc35a
2025/11/08 14:46:50 INFO session updated token=190b3e99-dc72-4eb9-9094-3df756effa5d tableID=0xc000167ce0 seatIndex=0xc000165df0
2025/11/08 14:46:50 INFO session removed token=190b3e99-dc72-4eb9-9094-3df756effa5d
2025/11/08 14:46:50 INFO session created token=ee737793-4ed2-4f66-bc7c-92a95ec7836e name=User_0_34
2025/11/08 14:46:50 INFO session created token=340534a8-fb31-4185-ae54-8330235ad2a6 name=User_4_43
2025/11/08 14:46:50 INFO session created token=4667c77b-cb36-461f-8140-471952d0a99d name=User_39_8
2025/11/08 14:46:50 INFO session created token=17a5b68c-e439-4fcb-84f4-6d8ec840f776 name=User_16_10
2025/11/08 14:46:50 INFO session removed token=268d48a1-380e-41bb-b790-691ea153cccc
2025/11/08 14:46:50 INFO session updated token=340534a8-fb31-4185-ae54-8330235ad2a6 tableID=0xc000552780 seatIndex=0xc000554258
2025/11/08 14:46:50 INFO session removed token=340534a8-fb31-4185-ae54-8330235ad2a6
2025/11/08 14:46:50 INFO session updated token=ee737793-4ed2-4f66-bc7c-92a95ec7836e tableID=0xc000552790 seatIndex=0xc000554268
2025/11/08 14:46:50 INFO session removed token=ee737793-4ed2-4f66-bc7c-92a95ec7836e
2025/11/08 14:46:50 INFO session created token=c081024d-b139-41df-a91d-9742cc72e77e name=User_0_35
2025/11/08 14:46:50 INFO session updated token=c081024d-b139-41df-a91d-9742cc72e77e tableID=0xc0004e4b30 seatIndex=0xc0004e3e30
2025/11/08 14:46:50 INFO session removed token=c081024d-b139-41df-a91d-9742cc72e77e
2025/11/08 14:46:50 INFO session created token=4766d8ca-43dc-465f-9d83-0131051e2952 name=User_0_36
2025/11/08 14:46:50 INFO session updated token=4766d8ca-43dc-465f-9d83-0131051e2952 tableID=0xc0004e4b80 seatIndex=0xc0004e3e80
2025/11/08 14:46:50 INFO session removed token=4766d8ca-43dc-465f-9d83-0131051e2952
2025/11/08 14:46:50 INFO session created token=073ac4cd-0447-4e07-922e-d090b3ba6532 name=User_0_37
2025/11/08 14:46:50 INFO session updated token=073ac4cd-0447-4e07-922e-d090b3ba6532 tableID=0xc0004e4bd0 seatIndex=0xc0004e3ed0
2025/11/08 14:46:50 INFO session removed token=073ac4cd-0447-4e07-922e-d090b3ba6532
2025/11/08 14:46:50 INFO session created token=ad15ec3d-42d4-46ce-a1df-1cfb6f455e53 name=User_0_38
2025/11/08 14:46:50 INFO session updated token=ad15ec3d-42d4-46ce-a1df-1cfb6f455e53 tableID=0xc0004e4c20 seatIndex=0xc0004e3f20
2025/11/08 14:46:50 INFO session removed token=ad15ec3d-42d4-46ce-a1df-1cfb6f455e53
2025/11/08 14:46:50 INFO session created token=ed6ccd40-83d9-467a-b6eb-5d426073102e name=User_0_39
2025/11/08 14:46:50 INFO session updated token=ed6ccd40-83d9-467a-b6eb-5d426073102e tableID=0xc0004e4c70 seatIndex=0xc0004e3f70
2025/11/08 14:46:50 INFO session removed token=ed6ccd40-83d9-467a-b6eb-5d426073102e
2025/11/08 14:46:50 INFO session created token=c7ea34d4-d068-447b-83cf-4be744f5ab0c name=User_0_40
2025/11/08 14:46:50 INFO session updated token=c7ea34d4-d068-447b-83cf-4be744f5ab0c tableID=0xc0004e4cc0 seatIndex=0xc0004e3fc0
2025/11/08 14:46:50 INFO session removed token=c7ea34d4-d068-447b-83cf-4be744f5ab0c
2025/11/08 14:46:50 INFO session removed token=0c0e6337-6a8b-4d62-998f-93a373ab59f0
2025/11/08 14:46:50 INFO session created token=fddf5adf-402b-4b86-8be3-5e0b62b83a65 name=User_3_10
2025/11/08 14:46:50 INFO session created token=0d43887e-9b66-4467-b8f5-8bcf5cde75cb name=User_0_41
2025/11/08 14:46:50 INFO session updated token=fddf5adf-402b-4b86-8be3-5e0b62b83a65 tableID=0xc0002e3250 seatIndex=0xc0002e5360
2025/11/08 14:46:50 INFO session removed token=fddf5adf-402b-4b86-8be3-5e0b62b83a65
2025/11/08 14:46:50 INFO session updated token=14649697-dcb2-4e7c-a8b6-a278b3514f76 tableID=0xc000167d60 seatIndex=0xc000165e80
2025/11/08 14:46:50 INFO session removed token=ca3471f2-0495-49dc-85e9-ed187c83c123
2025/11/08 14:46:50 INFO session updated token=6be6c17b-3d33-465a-9d58-e1e697d474fb tableID=0xc000167d80 seatIndex=0xc000165eb0
2025/11/08 14:46:50 INFO session removed token=167680ee-e7c7-4c15-b138-f452a6448cd1
2025/11/08 14:46:50 INFO session updated token=5f6d069a-c3cf-41f7-89cb-9930969cfa24 tableID=0xc0002e2bb0 seatIndex=0xc0002e4b80
2025/11/08 14:46:50 INFO session updated token=2e4c8722-5bc6-4612-b755-d5ec4dcbc966 tableID=0xc000167e20 seatIndex=0xc000165ec0
2025/11/08 14:46:50 INFO session updated token=b4614dea-c81b-4306-8a72-b7be0c72d778 tableID=0xc0004e4100 seatIndex=0xc0004e33b8
2025/11/08 14:46:50 INFO session created token=ce0ae1f7-68cf-4b0a-a4ce-5440421499f3 name=User_98_9
2025/11/08 14:46:50 INFO session updated token=c84b99f8-f01a-444f-8d90-e34cd6b16fb9 tableID=0xc0002e2bd0 seatIndex=0xc0002e4b90
2025/11/08 14:46:50 INFO session created token=7dc2b79f-bfa5-4070-92b2-abc45ac93208 name=User_21_13
2025/11/08 14:46:50 INFO session created token=d49e0b2b-af58-4dc7-8901-83e47ead0de2 name=User_41_23
2025/11/08 14:46:50 INFO session removed token=c84b99f8-f01a-444f-8d90-e34cd6b16fb9
2025/11/08 14:46:50 INFO session created token=1b2427d3-317a-4c90-bdd3-f6443930a655 name=User_76_8
2025/11/08 14:46:50 INFO session created token=7d5a2377-ccc2-4222-9383-4e82c2e5c06f name=User_95_8
2025/11/08 14:46:50 INFO session created token=7cea8a94-76cd-4cb7-be53-b66d185f1c6d name=User_88_13
2025/11/08 14:46:50 INFO session created token=96c2314e-c472-4916-8bc9-414af410cd13 name=User_13_9
2025/11/08 14:46:50 INFO session removed token=8c9f09ce-6c41-4fa1-a2e0-503f690fe8cf
2025/11/08 14:46:50 INFO session created token=a9f9702d-0887-4064-98da-f8f37bde5177 name=User_83_22
2025/11/08 14:46:50 INFO session updated token=68a1b46e-de9e-401b-a533-8c7eb8fcb25f tableID=0xc000552250 seatIndex=0xc00054fdb8
2025/11/08 14:46:50 INFO session removed token=1bec755a-bc37-404c-9aa9-63d36d18b96a
2025/11/08 14:46:50 INFO session created token=db622cae-fec4-47d2-b6c1-b4b8269145b6 name=User_18_20
2025/11/08 14:46:50 INFO session created token=ba561010-6edd-4f69-9464-1a9a4eb4ebb4 name=User_73_11
2025/11/08 14:46:50 INFO session created token=4c65f074-9fa3-4413-a08c-377cb57b59ab name=User_77_11
2025/11/08 14:46:50 INFO session created token=a1e9be58-8e8f-4c12-8f96-df748120834e name=User_81_95
2025/11/08 14:46:50 INFO session created token=a913750e-0f39-4310-adb7-b0c6976ac309 name=User_63_19
2025/11/08 14:46:50 INFO session created token=e899f2e6-8a83-4fc3-89e8-37559c813432 name=User_51_9
2025/11/08 14:46:50 INFO session created token=984e3f95-e861-45d7-b89b-4a03d20a6c17 name=User_72_11
2025/11/08 14:46:50 INFO session created token=4fa7369c-3436-4530-877a-99ff2f385cb1 name=User_82_33
2025/11/08 14:46:50 INFO session created token=65f45cf8-86c3-4001-9dc3-afc12dbb8ee7 name=User_84_25
2025/11/08 14:46:50 INFO session created token=f2aede0c-faf1-4a1c-84fb-1fd669309e1a name=User_94_28
2025/11/08 14:46:50 INFO session updated token=74254aa3-c5b2-40e6-90ac-e99b1231bce3 tableID=0xc0005522c0 seatIndex=0xc00054fe08
2025/11/08 14:46:50 INFO session removed token=cf79a9ef-5eb4-45a2-be65-2a18f9cfbce3
2025/11/08 14:46:50 INFO session created token=cf0da64f-9dca-492a-8a50-0b07efea590f name=User_90_16
2025/11/08 14:46:50 INFO session removed token=a51dffeb-a95b-43f3-b52c-d592c5f9c77a
2025/11/08 14:46:50 INFO session removed token=fcda25bd-0190-42f0-9be6-fbf639e49906
2025/11/08 14:46:50 INFO session removed token=3f14844f-5ffb-4b52-8b8b-d8867a5fb315
2025/11/08 14:46:50 INFO session updated token=11e74abd-babf-4e78-a06d-f5d5f9b8773f tableID=0xc000167320 seatIndex=0xc000165410
2025/11/08 14:46:50 INFO session updated token=6305859e-335b-4dd2-9aca-ed3bffb6d3b5 tableID=0xc0003e5b20 seatIndex=0xc0003eaf00
2025/11/08 14:46:50 INFO session updated token=96cb12b8-5a20-48bb-b99b-debd7cc5aeca tableID=0xc000552370 seatIndex=0xc00054feb8
2025/11/08 14:46:50 INFO session updated token=d1bb2249-7a44-4bfd-88bb-aab98188c0bb tableID=0xc0002e2ca0 seatIndex=0xc0002e4cd0
2025/11/08 14:46:50 INFO session updated token=ae608049-f433-4b2b-8681-d38df7ee4c3e tableID=0xc000552380 seatIndex=0xc00054fec8
2025/11/08 14:46:50 INFO session updated token=0b580ed7-7ebe-40e0-b9a7-bce3c6771ac8 tableID=0xc0002e2ce0 seatIndex=0xc0002e4d20
2025/11/08 14:46:50 INFO session created token=6d4a4822-44fa-485b-bcfe-efd22a6befbc name=User_42_9
2025/11/08 14:46:50 INFO session created token=95957604-4110-4183-9b55-b995ee124c77 name=User_8_10
2025/11/08 14:46:50 INFO session removed token=4cb85508-6189-4d4e-8222-cfeec9348deb
2025/11/08 14:46:50 INFO session created token=3993c805-47a3-4ef1-90c2-1ef7481113fe name=User_44_10
2025/11/08 14:46:50 INFO session removed token=ed3f7d57-b112-4eae-ab26-c619ee0dab43
2025/11/08 14:46:50 INFO session removed token=02cde768-3772-464a-9453-97b1545255f7
2025/11/08 14:46:50 INFO session updated token=56b02b36-9b92-47e8-bc32-71e38272d81e tableID=0xc0003e5d10 seatIndex=0xc0003eb0c0
2025/11/08 14:46:50 INFO session updated token=406b05d3-31b3-4bca-8cf3-b5d72fa355d6 tableID=0xc000552430 seatIndex=0xc00054ff38
2025/11/08 14:46:50 INFO session updated token=b474ed98-80b1-41b5-b90a-93d844e0e8e2 tableID=0xc000552450 seatIndex=0xc00054ff48
2025/11/08 14:46:50 INFO session updated token=a7fd25fd-c3cb-4d7b-a31f-a77bf13a8450 tableID=0xc000552460 seatIndex=0xc00054ff58
2025/11/08 14:46:50 INFO session removed token=dc03ac39-f5d1-435c-87a3-4263107b03be
2025/11/08 14:46:50 INFO session removed token=dc533590-9fd2-4776-95b0-2087b9848a69
2025/11/08 14:46:50 INFO session removed token=bf071c6a-4f8e-42a4-bf95-a756bb8788ce
2025/11/08 14:46:50 INFO session updated token=0d895aa2-f271-4ead-a4af-b1603bb8d3b9 tableID=0xc0002e2d30 seatIndex=0xc0002e4df0
2025/11/08 14:46:50 INFO session removed token=69246083-7922-406e-ab31-db5ba8fbfee0
2025/11/08 14:46:50 INFO session created token=5b59d4fe-4838-42e7-be82-849ac6381c09 name=User_9_10
2025/11/08 14:46:50 INFO session updated token=dd79ba40-5663-497f-adae-ccc5715bf1a5 tableID=0xc000167e80 seatIndex=0xc000165f40
2025/11/08 14:46:50 INFO session created token=c8d549e0-f8a3-49a1-99f9-55c65f61e294 name=User_70_27
2025/11/08 14:46:50 INFO session created token=701e302b-efc2-496e-858b-6ef147f13068 name=User_64_9
2025/11/08 14:46:50 INFO session updated token=5efedcad-a87c-4dd4-8491-cc62acbabf89 tableID=0xc00016e1e0 seatIndex=0xc00016c220
2025/11/08 14:46:50 INFO session created token=5169bfb1-e446-40ef-93ad-ffd1f36fe760 name=User_87_9
2025/11/08 14:46:50 INFO session created token=2084619a-138c-4d84-99c0-3e1d31b983a3 name=User_99_19
2025/11/08 14:46:50 INFO session created token=cf1d4331-e0f3-4fe4-9f10-b1fb834f6d23 name=User_20_9
2025/11/08 14:46:50 INFO session created token=0240022a-99a5-4041-b758-5334e44aaf62 name=User_93_30
2025/11/08 14:46:50 INFO session created token=8dfe0e01-8e72-4694-8598-b4ccfe748425 name=User_58_22
2025/11/08 14:46:50 INFO session created token=544aa67b-97a5-4a1f-9758-b42da2489bfa name=User_57_85
2025/11/08 14:46:50 INFO session created token=ae1c99a9-fe58-47fc-a9c1-8d363b00a046 name=User_46_26
2025/11/08 14:46:50 INFO session updated token=d1780288-f144-44ab-bf90-8558e395e0f2 tableID=0xc0004e4190 seatIndex=0xc0004e34a0
2025/11/08 14:46:50 INFO session created token=f1a3562a-7af7-4b3d-a660-b14ccc3979c2 name=User_27_10
2025/11/08 14:46:50 INFO session created token=b44381b5-b359-4700-a5df-a43ed450deb7 name=User_80_9
2025/11/08 14:46:50 INFO session created token=372aa91e-de1c-460b-a23d-be80f67c8b0e name=User_79_16
2025/11/08 14:46:50 INFO session created token=13a83842-e540-468a-be35-2a9325b4adb2 name=User_24_20
2025/11/08 14:46:50 INFO session created token=1cded12b-4595-4627-86bb-cf1828460971 name=User_60_12
2025/11/08 14:46:50 INFO session created token=1358e36f-4b4a-48ba-8ad6-d1212874e72a name=User_67_24
2025/11/08 14:46:50 INFO session created token=82baffb0-5d3c-4634-8514-ebf99c694ead name=User_48_47
2025/11/08 14:46:50 INFO session updated token=161129c8-bb9a-4e89-8b89-f9821ce4907e tableID=0xc0004e4900 seatIndex=0xc0004e3c50
2025/11/08 14:46:50 INFO session created token=82380c36-9457-4e6f-a278-f63fdfaddbc8 name=User_30_15
2025/11/08 14:46:50 INFO session created token=831c3fa5-7197-4f41-b15e-52218e5c1ecd name=User_19_17
2025/11/08 14:46:50 INFO session created token=46e7bba9-9e5d-4ae2-8208-8a40e4f17c3c name=User_33_18
2025/11/08 14:46:50 INFO session created token=b52872d3-d9bb-4b4f-b229-68750ffc7d41 name=User_17_15
2025/11/08 14:46:50 INFO session created token=dbb8529f-de52-4c07-90c2-783502685eb6 name=User_38_9
2025/11/08 14:46:50 INFO session created token=94d71da1-4d39-46fd-af00-4dae41de4b1e name=User_45_14
2025/11/08 14:46:50 INFO session updated token=46e7bba9-9e5d-4ae2-8208-8a40e4f17c3c tableID=0xc00016e8d0 seatIndex=0xc00016c790
2025/11/08 14:46:50 INFO session removed token=46e7bba9-9e5d-4ae2-8208-8a40e4f17c3c
2025/11/08 14:46:50 INFO session removed token=1e32c616-3bad-49c2-b6d1-13ef2823abc4
2025/11/08 14:46:50 INFO session updated token=17a5b68c-e439-4fcb-84f4-6d8ec840f776 tableID=0xc0002e31f0 seatIndex=0xc0002e52f0
2025/11/08 14:46:50 INFO session removed token=17a5b68c-e439-4fcb-84f4-6d8ec840f776
2025/11/08 14:46:50 INFO session created token=6653fa94-afcd-49dd-8036-27d2727760d5 name=User_33_19
2025/11/08 14:46:50 INFO session created token=fef33b60-7724-4a62-b137-fff008213d25 name=User_16_11
2025/11/08 14:46:50 INFO session created token=3d478e42-a2fb-4a7d-a13c-270ea288f0a2 name=User_47_12
2025/11/08 14:46:50 INFO session updated token=6653fa94-afcd-49dd-8036-27d2727760d5 tableID=0xc000552880 seatIndex=0xc000554308
2025/11/08 14:46:50 INFO session removed token=6653fa94-afcd-49dd-8036-27d2727760d5
2025/11/08 14:46:50 INFO session created token=f3337be8-6455-411a-aef7-7544c2037063 name=User_33_20
2025/11/08 14:46:50 INFO session updated token=f3337be8-6455-411a-aef7-7544c2037063 tableID=0xc0005528f0 seatIndex=0xc000554378
2025/11/08 14:46:50 INFO session removed token=f3337be8-6455-411a-aef7-7544c2037063
2025/11/08 14:46:50 INFO session created token=beb334b1-e59a-449d-86bb-2b42596322b9 name=User_33_21
2025/11/08 14:46:50 INFO session updated token=beb334b1-e59a-449d-86bb-2b42596322b9 tableID=0xc000552940 seatIndex=0xc0005543c8
2025/11/08 14:46:50 INFO session removed token=beb334b1-e59a-449d-86bb-2b42596322b9
2025/11/08 14:46:50 INFO session created token=2d37fce5-ccff-4369-a5de-9d984fbbda2e name=User_33_22
2025/11/08 14:46:50 INFO session updated token=2d37fce5-ccff-4369-a5de-9d984fbbda2e tableID=0xc000552990 seatIndex=0xc000554418
2025/11/08 14:46:50 INFO session removed token=2d37fce5-ccff-4369-a5de-9d984fbbda2e
2025/11/08 14:46:50 INFO session created token=350c8faa-b56c-49d3-a7d7-29bd9e532d44 name=User_33_23
2025/11/08 14:46:50 INFO session updated token=350c8faa-b56c-49d3-a7d7-29bd9e532d44 tableID=0xc0005529e0 seatIndex=0xc000554468
2025/11/08 14:46:50 INFO session removed token=350c8faa-b56c-49d3-a7d7-29bd9e532d44
2025/11/08 14:46:50 INFO session created token=c4296ab6-a173-4fe1-a3cf-082f4c6768a4 name=User_33_24
2025/11/08 14:46:50 INFO session updated token=c4296ab6-a173-4fe1-a3cf-082f4c6768a4 tableID=0xc000552a30 seatIndex=0xc0005544b8
2025/11/08 14:46:50 INFO session removed token=c4296ab6-a173-4fe1-a3cf-082f4c6768a4
2025/11/08 14:46:50 INFO session created token=75c1f73c-03f8-4fb0-8af5-3800fa5a2b7a name=User_33_25
2025/11/08 14:46:50 INFO session updated token=75c1f73c-03f8-4fb0-8af5-3800fa5a2b7a tableID=0xc000552a80 seatIndex=0xc000554508
2025/11/08 14:46:50 INFO session removed token=75c1f73c-03f8-4fb0-8af5-3800fa5a2b7a
2025/11/08 14:46:50 INFO session created token=8629a765-268c-4325-866e-a94d0ca46182 name=User_33_26
2025/11/08 14:46:50 INFO session updated token=8629a765-268c-4325-866e-a94d0ca46182 tableID=0xc000552ad0 seatIndex=0xc000554558
2025/11/08 14:46:50 INFO session removed token=8629a765-268c-4325-866e-a94d0ca46182
2025/11/08 14:46:50 INFO session updated token=4667c77b-cb36-461f-8140-471952d0a99d tableID=0xc0004e4ae0 seatIndex=0xc0004e3de0
2025/11/08 14:46:50 INFO session removed token=4667c77b-cb36-461f-8140-471952d0a99d
2025/11/08 14:46:50 INFO session created token=f6b8e28c-4609-4d20-a59d-602ad551e448 name=User_39_9
2025/11/08 14:46:50 INFO session updated token=f6b8e28c-4609-4d20-a59d-602ad551e448 tableID=0xc0003ec1b0 seatIndex=0xc0003eb480
2025/11/08 14:46:50 INFO session removed token=f6b8e28c-4609-4d20-a59d-602ad551e448
2025/11/08 14:46:50 INFO session created token=0a862f54-9d8a-43d6-a93f-f03e68d6f456 name=User_39_10
2025/11/08 14:46:50 INFO session updated token=0a862f54-9d8a-43d6-a93f-f03e68d6f456 tableID=0xc0003ec200 seatIndex=0xc0003eb4d0
2025/11/08 14:46:50 INFO session removed token=0a862f54-9d8a-43d6-a93f-f03e68d6f456
2025/11/08 14:46:50 INFO session created token=30e89604-9a4c-43d0-82f7-0f126292dc99 name=User_39_11
2025/11/08 14:46:50 INFO session updated token=30e89604-9a4c-43d0-82f7-0f126292dc99 tableID=0xc0003ec250 seatIndex=0xc0003eb520
2025/11/08 14:46:50 INFO session removed token=30e89604-9a4c-43d0-82f7-0f126292dc99
2025/11/08 14:46:50 INFO session created token=166e07c9-19c8-439c-9562-7ca267ba71c8 name=User_39_12
2025/11/08 14:46:50 INFO session updated token=166e07c9-19c8-439c-9562-7ca267ba71c8 tableID=0xc0003ec2a0 seatIndex=0xc0003eb570
2025/11/08 14:46:50 INFO session removed token=166e07c9-19c8-439c-9562-7ca267ba71c8
2025/11/08 14:46:50 INFO session created token=13d684c4-f24f-4c4d-a6b6-f3c21296580e name=User_39_13
2025/11/08 14:46:50 INFO session updated token=13d684c4-f24f-4c4d-a6b6-f3c21296580e tableID=0xc0003ec2f0 seatIndex=0xc0003eb5c0
2025/11/08 14:46:50 INFO session created token=6fbbef6a-4db9-4f9d-8265-c72a90ebad6b name=User_4_44
2025/11/08 14:46:50 INFO session removed token=13d684c4-f24f-4c4d-a6b6-f3c21296580e
2025/11/08 14:46:50 INFO session created token=71bb30b4-dd41-43f2-9bad-7c1397c03626 name=User_39_14
2025/11/08 14:46:50 INFO session updated token=71bb30b4-dd41-43f2-9bad-7c1397c03626 tableID=0xc0003ec350 seatIndex=0xc0003eb620
2025/11/08 14:46:50 INFO session removed token=71bb30b4-dd41-43f2-9bad-7c1397c03626
2025/11/08 14:46:50 INFO session created token=2c85f4a5-fd31-4efc-9597-0a0c4e97d6ca name=User_39_15
2025/11/08 14:46:50 INFO session updated token=2c85f4a5-fd31-4efc-9597-0a0c4e97d6ca tableID=0xc0003ec3a0 seatIndex=0xc0003eb670
2025/11/08 14:46:50 INFO session removed token=2c85f4a5-fd31-4efc-9597-0a0c4e97d6ca
2025/11/08 14:46:50 INFO session created token=486bdb72-fceb-46ed-906c-dc886a79e8a5 name=User_39_16
2025/11/08 14:46:50 INFO session updated token=486bdb72-fceb-46ed-906c-dc886a79e8a5 tableID=0xc0003ec3f0 seatIndex=0xc0003eb6c0
2025/11/08 14:46:50 INFO session removed token=486bdb72-fceb-46ed-906c-dc886a79e8a5
2025/11/08 14:46:50 INFO session created token=51a7924a-68de-40ca-8c44-4b0debdac806 name=User_39_17
2025/11/08 14:46:50 INFO session updated token=51a7924a-68de-40ca-8c44-4b0debdac806 tableID=0xc0003ec440 seatIndex=0xc0003eb710
2025/11/08 14:46:50 INFO session removed token=51a7924a-68de-40ca-8c44-4b0debdac806
2025/11/08 14:46:50 INFO session created token=8d8dfe4c-2012-4cd3-8b8e-57b3474537cd name=User_39_18
2025/11/08 14:46:50 INFO session updated token=8d8dfe4c-2012-4cd3-8b8e-57b3474537cd tableID=0xc0003ec490 seatIndex=0xc0003eb760
2025/11/08 14:46:50 INFO session removed token=8d8dfe4c-2012-4cd3-8b8e-57b3474537cd
2025/11/08 14:46:50 INFO session created token=48381b0a-5071-4ec9-89d2-69b3f267f225 name=User_39_19
2025/11/08 14:46:50 INFO session updated token=48381b0a-5071-4ec9-89d2-69b3f267f225 tableID=0xc0003ec4e0 seatIndex=0xc0003eb7b0
2025/11/08 14:46:50 INFO session removed token=48381b0a-5071-4ec9-89d2-69b3f267f225
2025/11/08 14:46:50 INFO session created token=ed2bc1d1-bebb-45aa-932a-cddec1a03dc9 name=User_39_20
2025/11/08 14:46:50 INFO session updated token=ed2bc1d1-bebb-45aa-932a-cddec1a03dc9 tableID=0xc0003ec530 seatIndex=0xc0003eb800
2025/11/08 14:46:50 INFO session removed token=ed2bc1d1-bebb-45aa-932a-cddec1a03dc9
2025/11/08 14:46:50 INFO session created token=09adfcbc-e6b3-4b12-a1cb-2f7866dd93ff name=User_39_21
2025/11/08 14:46:50 INFO session updated token=09adfcbc-e6b3-4b12-a1cb-2f7866dd93ff tableID=0xc0003ec580 seatIndex=0xc0003eb850
2025/11/08 14:46:50 INFO session removed token=09adfcbc-e6b3-4b12-a1cb-2f7866dd93ff
2025/11/08 14:46:50 INFO session created token=5c1d4dc1-8f6d-4c76-b98b-910c9684b2d9 name=User_39_22
2025/11/08 14:46:50 INFO session updated token=5c1d4dc1-8f6d-4c76-b98b-910c9684b2d9 tableID=0xc0003ec5d0 seatIndex=0xc0003eb8a0
2025/11/08 14:46:50 INFO session removed token=5c1d4dc1-8f6d-4c76-b98b-910c9684b2d9
2025/11/08 14:46:50 INFO session created token=0b47e2aa-2ddf-4de6-8bb2-485d5fcbcea1 name=User_39_23
2025/11/08 14:46:50 INFO session updated token=0b47e2aa-2ddf-4de6-8bb2-485d5fcbcea1 tableID=0xc0003ec620 seatIndex=0xc0003eb8f0
2025/11/08 14:46:50 INFO session removed token=0b47e2aa-2ddf-4de6-8bb2-485d5fcbcea1
2025/11/08 14:46:50 INFO session created token=d3dae50d-61fd-4191-b693-5ba63ab9a6b9 name=User_39_24
2025/11/08 14:46:50 INFO session updated token=d3dae50d-61fd-4191-b693-5ba63ab9a6b9 tableID=0xc0003ec670 seatIndex=0xc0003eb940
2025/11/08 14:46:50 INFO session removed token=d3dae50d-61fd-4191-b693-5ba63ab9a6b9
2025/11/08 14:46:50 INFO session updated token=0d43887e-9b66-4467-b8f5-8bcf5cde75cb tableID=0xc0002e3270 seatIndex=0xc0002e5390
2025/11/08 14:46:50 INFO session removed token=0d43887e-9b66-4467-b8f5-8bcf5cde75cb
2025/11/08 14:46:50 INFO session created token=46fadd2b-3cc8-490b-a62f-e4afac0f9242 name=User_0_42
2025/11/08 14:46:50 INFO session updated token=46fadd2b-3cc8-490b-a62f-e4afac0f9242 tableID=0xc0004e4e30 seatIndex=0xc0004e80f0
2025/11/08 14:46:50 INFO session removed token=46fadd2b-3cc8-490b-a62f-e4afac0f9242
2025/11/08 14:46:50 INFO session created token=f68ae316-8737-41ea-bf78-5dc1281280d0 name=User_0_43
2025/11/08 14:46:50 INFO session updated token=f68ae316-8737-41ea-bf78-5dc1281280d0 tableID=0xc0004e4e80 seatIndex=0xc0004e8140
2025/11/08 14:46:50 INFO session removed token=f68ae316-8737-41ea-bf78-5dc1281280d0
2025/11/08 14:46:50 INFO session created token=43fa091b-6bf0-4e06-934f-17b9e8618b74 name=User_0_44
2025/11/08 14:46:50 INFO session updated token=43fa091b-6bf0-4e06-934f-17b9e8618b74 tableID=0xc0004e4ed0 seatIndex=0xc0004e8190
2025/11/08 14:46:50 INFO session removed token=43fa091b-6bf0-4e06-934f-17b9e8618b74
2025/11/08 14:46:50 INFO session created token=614f577d-6fea-41a3-a829-e26ecf37eeaf name=User_0_45
2025/11/08 14:46:50 INFO session updated token=614f577d-6fea-41a3-a829-e26ecf37eeaf tableID=0xc0004e4f20 seatIndex=0xc0004e81e0
2025/11/08 14:46:50 INFO session removed token=614f577d-6fea-41a3-a829-e26ecf37eeaf
2025/11/08 14:46:50 INFO session created token=7e36d40e-bcad-4a14-9f83-275fc49dac2e name=User_0_46
2025/11/08 14:46:50 INFO session updated token=7e36d40e-bcad-4a14-9f83-275fc49dac2e tableID=0xc0004e4f70 seatIndex=0xc0004e8230
2025/11/08 14:46:50 INFO session removed token=7e36d40e-bcad-4a14-9f83-275fc49dac2e
2025/11/08 14:46:50 INFO session created token=af031acb-4fd0-4bce-a23d-ecbd6bdc1977 name=User_0_47
2025/11/08 14:46:50 INFO session updated token=af031acb-4fd0-4bce-a23d-ecbd6bdc1977 tableID=0xc0004e4fc0 seatIndex=0xc0004e8280
2025/11/08 14:46:50 INFO session removed token=af031acb-4fd0-4bce-a23d-ecbd6bdc1977
2025/11/08 14:46:50 INFO session created token=2a77176b-6992-4961-a430-a825f1faaeff name=User_0_48
2025/11/08 14:46:50 INFO session updated token=2a77176b-6992-4961-a430-a825f1faaeff tableID=0xc0004e5010 seatIndex=0xc0004e82d0
2025/11/08 14:46:50 INFO session removed token=2a77176b-6992-4961-a430-a825f1faaeff
2025/11/08 14:46:50 INFO session created token=7cecc103-8e70-4fb6-a558-f2d131c90b24 name=User_0_49
2025/11/08 14:46:50 INFO session updated token=7cecc103-8e70-4fb6-a558-f2d131c90b24 tableID=0xc0004e5060 seatIndex=0xc0004e8320
2025/11/08 14:46:50 INFO session removed token=7cecc103-8e70-4fb6-a558-f2d131c90b24
2025/11/08 14:46:50 INFO session created token=f1bc0914-8e55-475b-a3a1-f468fff1cdf0 name=User_0_50
2025/11/08 14:46:50 INFO session updated token=f1bc0914-8e55-475b-a3a1-f468fff1cdf0 tableID=0xc0004e50b0 seatIndex=0xc0004e8370
2025/11/08 14:46:50 INFO session removed token=f1bc0914-8e55-475b-a3a1-f468fff1cdf0
2025/11/08 14:46:50 INFO session created token=bda45ddf-2111-494d-ad21-ffe5e3fd8451 name=User_0_51
2025/11/08 14:46:50 INFO session updated token=bda45ddf-2111-494d-ad21-ffe5e3fd8451 tableID=0xc0004e5100 seatIndex=0xc0004e83c0
2025/11/08 14:46:50 INFO session removed token=bda45ddf-2111-494d-ad21-ffe5e3fd8451
2025/11/08 14:46:50 INFO session created token=77f83405-bd72-4f90-bace-ace337ba2351 name=User_0_52
2025/11/08 14:46:50 INFO session created token=aa5057b3-dd0b-4681-9794-da61299bd0d0 name=User_3_11
2025/11/08 14:46:50 INFO session updated token=77f83405-bd72-4f90-bace-ace337ba2351 tableID=0xc0004e5150 seatIndex=0xc0004e8410
2025/11/08 14:46:50 INFO session removed token=77f83405-bd72-4f90-bace-ace337ba2351
2025/11/08 14:46:50 INFO session created token=5305dea5-4765-4235-a1d2-7ba8ba0eb271 name=User_61_33
2025/11/08 14:46:50 INFO session created token=3bdb6a45-0223-4473-971d-33db301372c8 name=User_0_53
2025/11/08 14:46:50 INFO session updated token=5305dea5-4765-4235-a1d2-7ba8ba0eb271 tableID=0xc0003ec6e0 seatIndex=0xc0003eb990
2025/11/08 14:46:50 INFO session removed token=5305dea5-4765-4235-a1d2-7ba8ba0eb271
2025/11/08 14:46:50 INFO session removed token=14649697-dcb2-4e7c-a8b6-a278b3514f76
2025/11/08 14:46:50 INFO session created token=bfe073bc-d417-467b-b00b-b901ea03b159 name=User_23_9
2025/11/08 14:46:50 INFO session removed token=b4614dea-c81b-4306-8a72-b7be0c72d778
2025/11/08 14:46:50 INFO session updated token=bfe073bc-d417-467b-b00b-b901ea03b159 tableID=0xc0004e51e0 seatIndex=0xc0004e8490
2025/11/08 14:46:50 INFO session removed token=bfe073bc-d417-467b-b00b-b901ea03b159
2025/11/08 14:46:50 INFO session created token=a0eccacd-a5ca-49fe-898c-b41046e3a898 name=User_23_10
2025/11/08 14:46:50 INFO session updated token=a0eccacd-a5ca-49fe-898c-b41046e3a898 tableID=0xc0004e5230 seatIndex=0xc0004e84e0
2025/11/08 14:46:50 INFO session removed token=a0eccacd-a5ca-49fe-898c-b41046e3a898
2025/11/08 14:46:50 INFO session created token=cb2ed37e-5e6b-4f4e-a8bf-f4e1e27d0673 name=User_23_11
2025/11/08 14:46:50 INFO session updated token=cb2ed37e-5e6b-4f4e-a8bf-f4e1e27d0673 tableID=0xc0004e5280 seatIndex=0xc0004e8530
2025/11/08 14:46:50 INFO session removed token=cb2ed37e-5e6b-4f4e-a8bf-f4e1e27d0673
2025/11/08 14:46:50 INFO session created token=779725ff-ffbb-49fb-90d1-6110643dc39f name=User_23_12
2025/11/08 14:46:50 INFO session created token=3183dc33-42e6-4454-aa2b-f54e3042c29f name=User_61_34
2025/11/08 14:46:50 INFO session updated token=779725ff-ffbb-49fb-90d1-6110643dc39f tableID=0xc0004e52d0 seatIndex=0xc0004e8580
2025/11/08 14:46:50 INFO session removed token=779725ff-ffbb-49fb-90d1-6110643dc39f
2025/11/08 14:46:50 INFO session created token=9b7afce8-5c0e-4036-8abc-10c6f0a8103b name=User_23_13
2025/11/08 14:46:50 INFO session updated token=9b7afce8-5c0e-4036-8abc-10c6f0a8103b tableID=0xc0004e5330 seatIndex=0xc0004e85e0
2025/11/08 14:46:50 INFO session removed token=9b7afce8-5c0e-4036-8abc-10c6f0a8103b
2025/11/08 14:46:50 INFO session created token=cb38b9ff-18a5-4246-b68c-898ebf2b8cff name=User_23_14
2025/11/08 14:46:50 INFO session updated token=cb38b9ff-18a5-4246-b68c-898ebf2b8cff tableID=0xc0004e5380 seatIndex=0xc0004e8630
2025/11/08 14:46:50 INFO session removed token=cb38b9ff-18a5-4246-b68c-898ebf2b8cff
2025/11/08 14:46:50 INFO session created token=1776834f-0137-4cf8-b82e-2f07994c01ca name=User_23_15
2025/11/08 14:46:50 INFO session updated token=1776834f-0137-4cf8-b82e-2f07994c01ca tableID=0xc0004e53d0 seatIndex=0xc0004e8680
2025/11/08 14:46:50 INFO session removed token=1776834f-0137-4cf8-b82e-2f07994c01ca
2025/11/08 14:46:50 INFO session created token=d285afb4-9b4b-464c-ae24-9ffdc66b48cd name=User_23_16
2025/11/08 14:46:50 INFO session updated token=d285afb4-9b4b-464c-ae24-9ffdc66b48cd tableID=0xc0004e5420 seatIndex=0xc0004e86d0
2025/11/08 14:46:50 INFO session removed token=d285afb4-9b4b-464c-ae24-9ffdc66b48cd
2025/11/08 14:46:50 INFO session created token=efc56c14-3b4e-45fe-b4d5-2a129d00ad63 name=User_54_10
2025/11/08 14:46:50 INFO session created token=d9854ca3-9c43-4223-8ac9-ab07d4a9afd1 name=User_23_17
2025/11/08 14:46:50 INFO session updated token=efc56c14-3b4e-45fe-b4d5-2a129d00ad63 tableID=0xc0005d2080 seatIndex=0xc0005cfc00
2025/11/08 14:46:50 INFO session removed token=efc56c14-3b4e-45fe-b4d5-2a129d00ad63
2025/11/08 14:46:50 INFO session created token=1f20ac8b-2692-49bf-8c47-807a96ab170d name=User_54_11
2025/11/08 14:46:50 INFO session updated token=1f20ac8b-2692-49bf-8c47-807a96ab170d tableID=0xc0005d20e0 seatIndex=0xc0005cfc60
2025/11/08 14:46:50 INFO session removed token=1f20ac8b-2692-49bf-8c47-807a96ab170d
2025/11/08 14:46:50 INFO session created token=94ad3e0a-e312-4d89-bc65-6bd04105ceb2 name=User_54_12
2025/11/08 14:46:50 INFO session updated token=94ad3e0a-e312-4d89-bc65-6bd04105ceb2 tableID=0xc0005d2130 seatIndex=0xc0005cfcb0
2025/11/08 14:46:50 INFO session removed token=94ad3e0a-e312-4d89-bc65-6bd04105ceb2
2025/11/08 14:46:50 INFO session created token=6eee3eb2-2ca9-4c57-a8a7-17a09bc854e6 name=User_54_13
2025/11/08 14:46:50 INFO session updated token=3183dc33-42e6-4454-aa2b-f54e3042c29f tableID=0xc0004e52f0 seatIndex=0xc0004e85b0
2025/11/08 14:46:50 INFO session removed token=3183dc33-42e6-4454-aa2b-f54e3042c29f
2025/11/08 14:46:50 INFO session created token=a0ca3105-20cb-4894-905a-f10e917fa721 name=User_61_35
2025/11/08 14:46:50 INFO session updated token=a0ca3105-20cb-4894-905a-f10e917fa721 tableID=0xc0003ec7a0 seatIndex=0xc0003eba60
2025/11/08 14:46:50 INFO session removed token=a0ca3105-20cb-4894-905a-f10e917fa721
2025/11/08 14:46:50 INFO session created token=74721051-abd7-45c7-bd61-62deabd86b1d name=User_61_36
2025/11/08 14:46:50 INFO session updated token=74721051-abd7-45c7-bd61-62deabd86b1d tableID=0xc0003ec7f0 seatIndex=0xc0003ebab0
2025/11/08 14:46:50 INFO session removed token=74721051-abd7-45c7-bd61-62deabd86b1d
2025/11/08 14:46:50 INFO session created token=557cb9b2-11b8-44ae-abf2-0e1c845966f5 name=User_61_37
2025/11/08 14:46:50 INFO session updated token=557cb9b2-11b8-44ae-abf2-0e1c845966f5 tableID=0xc0003ec840 seatIndex=0xc0003ebb00
2025/11/08 14:46:50 INFO session removed token=557cb9b2-11b8-44ae-abf2-0e1c845966f5
2025/11/08 14:46:50 INFO session created token=059cfa94-1ad5-43e9-8f2f-8f17a8a6dead name=User_61_38
2025/11/08 14:46:50 INFO session updated token=059cfa94-1ad5-43e9-8f2f-8f17a8a6dead tableID=0xc0003ec890 seatIndex=0xc0003ebb50
2025/11/08 14:46:50 INFO session removed token=059cfa94-1ad5-43e9-8f2f-8f17a8a6dead
2025/11/08 14:46:50 INFO session created token=165d9dae-5ae3-48fb-ba80-b8ba5cf28056 name=User_61_39
2025/11/08 14:46:50 INFO session updated token=165d9dae-5ae3-48fb-ba80-b8ba5cf28056 tableID=0xc0003ec8e0 seatIndex=0xc0003ebba0
2025/11/08 14:46:50 INFO session removed token=165d9dae-5ae3-48fb-ba80-b8ba5cf28056
2025/11/08 14:46:50 INFO session created token=755e7919-7497-4e37-b48d-ecfe5f60ce52 name=User_61_40
2025/11/08 14:46:50 INFO session updated token=755e7919-7497-4e37-b48d-ecfe5f60ce52 tableID=0xc0003ec930 seatIndex=0xc0003ebbf0
2025/11/08 14:46:50 INFO session removed token=755e7919-7497-4e37-b48d-ecfe5f60ce52
2025/11/08 14:46:50 INFO session updated token=d9854ca3-9c43-4223-8ac9-ab07d4a9afd1 tableID=0xc0005d20a0 seatIndex=0xc0005cfc30
2025/11/08 14:46:50 INFO session removed token=d9854ca3-9c43-4223-8ac9-ab07d4a9afd1
2025/11/08 14:46:50 INFO session created token=6e9420c9-37d6-4b9b-934a-b59688e2c3c8 name=User_23_18
2025/11/08 14:46:50 INFO session updated token=6e9420c9-37d6-4b9b-934a-b59688e2c3c8 tableID=0xc0004e54b0 seatIndex=0xc0004e8760
2025/11/08 14:46:50 INFO session removed token=6e9420c9-37d6-4b9b-934a-b59688e2c3c8
2025/11/08 14:46:50 INFO session created token=8bf99e8c-f3bf-4f0b-bec2-32b31639dbbe name=User_23_19
2025/11/08 14:46:50 INFO session updated token=8bf99e8c-f3bf-4f0b-bec2-32b31639dbbe tableID=0xc0004e5500 seatIndex=0xc0004e87b0
2025/11/08 14:46:50 INFO session removed token=8bf99e8c-f3bf-4f0b-bec2-32b31639dbbe
2025/11/08 14:46:50 INFO session created token=c7d4adfe-a9be-46a9-9f12-8043901f196f name=User_23_20
2025/11/08 14:46:50 INFO session updated token=c7d4adfe-a9be-46a9-9f12-8043901f196f tableID=0xc0004e5550 seatIndex=0xc0004e8800
2025/11/08 14:46:50 INFO session removed token=c7d4adfe-a9be-46a9-9f12-8043901f196f
2025/11/08 14:46:50 INFO session created token=59de5a72-9818-4d69-9f8b-475d74c45166 name=User_23_21
2025/11/08 14:46:50 INFO session updated token=59de5a72-9818-4d69-9f8b-475d74c45166 tableID=0xc0004e55a0 seatIndex=0xc0004e8850
2025/11/08 14:46:50 INFO session removed token=59de5a72-9818-4d69-9f8b-475d74c45166
2025/11/08 14:46:50 INFO session created token=9db30a66-63d2-47c3-a8ae-5035feed2717 name=User_23_22
2025/11/08 14:46:50 INFO session removed token=5f6d069a-c3cf-41f7-89cb-9930969cfa24
2025/11/08 14:46:50 INFO session created token=c1baf3cf-4467-4020-b90b-2911218b736f name=User_59_15
2025/11/08 14:46:50 INFO session updated token=9db30a66-63d2-47c3-a8ae-5035feed2717 tableID=0xc0004e55f0 seatIndex=0xc0004e88a0
2025/11/08 14:46:50 INFO session removed token=9db30a66-63d2-47c3-a8ae-5035feed2717
2025/11/08 14:46:50 INFO session created token=efffd58b-be3a-443b-97b6-d029e47a8f8f name=User_23_23
2025/11/08 14:46:50 INFO session updated token=efffd58b-be3a-443b-97b6-d029e47a8f8f tableID=0xc0004e5650 seatIndex=0xc0004e8900
2025/11/08 14:46:50 INFO session removed token=efffd58b-be3a-443b-97b6-d029e47a8f8f
2025/11/08 14:46:50 INFO session created token=f013c676-c8de-41e8-bc35-43b0383f9ad2 name=User_23_24
2025/11/08 14:46:50 INFO session updated token=f013c676-c8de-41e8-bc35-43b0383f9ad2 tableID=0xc0004e56a0 seatIndex=0xc0004e8950
2025/11/08 14:46:50 INFO session removed token=f013c676-c8de-41e8-bc35-43b0383f9ad2
2025/11/08 14:46:50 INFO session created token=e083a0bd-aaa5-408f-9909-9681dd392411 name=User_23_25
2025/11/08 14:46:50 INFO session updated token=c1baf3cf-4467-4020-b90b-2911218b736f tableID=0xc0004e5610 seatIndex=0xc0004e88d0
2025/11/08 14:46:50 INFO session removed token=c1baf3cf-4467-4020-b90b-2911218b736f
2025/11/08 14:46:50 INFO session updated token=1b2427d3-317a-4c90-bdd3-f6443930a655 tableID=0xc0002e3350 seatIndex=0xc0002e5460
2025/11/08 14:46:50 INFO session removed token=2e4c8722-5bc6-4612-b755-d5ec4dcbc966
2025/11/08 14:46:50 INFO session updated token=d49e0b2b-af58-4dc7-8901-83e47ead0de2 tableID=0xc0004e4d30 seatIndex=0xc0004e8070
2025/11/08 14:46:50 INFO session updated token=7d5a2377-ccc2-4222-9383-4e82c2e5c06f tableID=0xc00016e5f0 seatIndex=0xc00016c5f0
2025/11/08 14:46:50 INFO session created token=1091195e-96f4-4816-ad6f-b4e2080c56ae name=User_97_37
2025/11/08 14:46:50 INFO session updated token=7cea8a94-76cd-4cb7-be53-b66d185f1c6d tableID=0xc0005527c0 seatIndex=0xc000554278
2025/11/08 14:46:50 INFO session updated token=ce0ae1f7-68cf-4b0a-a4ce-5440421499f3 tableID=0xc0005527d0 seatIndex=0xc000554288
2025/11/08 14:46:50 INFO session updated token=96c2314e-c472-4916-8bc9-414af410cd13 tableID=0xc0003e5d60 seatIndex=0xc0003eb130
2025/11/08 14:46:50 INFO session updated token=a9f9702d-0887-4064-98da-f8f37bde5177 tableID=0xc000552810 seatIndex=0xc000554298
2025/11/08 14:46:50 INFO session removed token=68a1b46e-de9e-401b-a533-8c7eb8fcb25f
2025/11/08 14:46:50 INFO session updated token=db622cae-fec4-47d2-b6c1-b4b8269145b6 tableID=0xc0003e5da0 seatIndex=0xc0003eb180
2025/11/08 14:46:50 INFO session updated token=984e3f95-e861-45d7-b89b-4a03d20a6c17 tableID=0xc0003e5db0 seatIndex=0xc0003eb190
2025/11/08 14:46:50 INFO session updated token=4fa7369c-3436-4530-877a-99ff2f385cb1 tableID=0xc0003e5dc0 seatIndex=0xc0003eb1a0
2025/11/08 14:46:50 INFO session updated token=65f45cf8-86c3-4001-9dc3-afc12dbb8ee7 tableID=0xc0003e5dd0 seatIndex=0xc0003eb1b0
2025/11/08 14:46:50 INFO session updated token=e899f2e6-8a83-4fc3-89e8-37559c813432 tableID=0xc00016e600 seatIndex=0xc00016c600
2025/11/08 14:46:50 INFO session updated token=ba561010-6edd-4f69-9464-1a9a4eb4ebb4 tableID=0xc00016e610 seatIndex=0xc00016c610
2025/11/08 14:46:50 INFO session updated token=4c65f074-9fa3-4413-a08c-377cb57b59ab tableID=0xc00016e620 seatIndex=0xc00016c620
2025/11/08 14:46:50 INFO session updated token=a1e9be58-8e8f-4c12-8f96-df748120834e tableID=0xc00016e630 seatIndex=0xc00016c630
2025/11/08 14:46:50 INFO session updated token=a913750e-0f39-4310-adb7-b0c6976ac309 tableID=0xc00016e640 seatIndex=0xc00016c640
2025/11/08 14:46:50 INFO session removed token=74254aa3-c5b2-40e6-90ac-e99b1231bce3
2025/11/08 14:46:50 INFO session created token=6ad9f851-d91a-4ca3-b981-098f157a3984 name=User_56_18
2025/11/08 14:46:50 INFO session updated token=cf0da64f-9dca-492a-8a50-0b07efea590f tableID=0xc0005cdf20 seatIndex=0xc0005cfb10
2025/11/08 14:46:50 INFO session created token=b309338c-5907-4a81-b906-5914c388a225 name=User_10_8
2025/11/08 14:46:50 INFO session created token=a8b6954c-c84b-4125-9178-ec7387a2f8ec name=User_69_19
2025/11/08 14:46:50 INFO session created token=9dcc1087-188f-4d1b-b0b9-d53a5a724bda name=User_49_21
2025/11/08 14:46:50 INFO session updated token=f2aede0c-faf1-4a1c-84fb-1fd669309e1a tableID=0xc0003e5de0 seatIndex=0xc0003eb1c0
2025/11/08 14:46:50 INFO session removed token=11e74abd-babf-4e78-a06d-f5d5f9b8773f
2025/11/08 14:46:50 INFO session removed token=96cb12b8-5a20-48bb-b99b-debd7cc5aeca
2025/11/08 14:46:50 INFO session removed token=d1bb2249-7a44-4bfd-88bb-aab98188c0bb
2025/11/08 14:46:50 INFO session removed token=ae608049-f433-4b2b-8681-d38df7ee4c3e
2025/11/08 14:46:50 INFO session removed token=0b580ed7-7ebe-40e0-b9a7-bce3c6771ac8
2025/11/08 14:46:50 INFO session removed token=6305859e-335b-4dd2-9aca-ed3bffb6d3b5
2025/11/08 14:46:50 INFO session updated token=6d4a4822-44fa-485b-bcfe-efd22a6befbc tableID=0xc0004e4dc0 seatIndex=0xc0004e80a0
2025/11/08 14:46:50 INFO session updated token=95957604-4110-4183-9b55-b995ee124c77 tableID=0xc0003e5df0 seatIndex=0xc0003eb1d0
2025/11/08 14:46:50 INFO session updated token=3993c805-47a3-4ef1-90c2-1ef7481113fe tableID=0xc0003e5e10 seatIndex=0xc0003eb1e0
2025/11/08 14:46:50 INFO session removed token=a7fd25fd-c3cb-4d7b-a31f-a77bf13a8450
2025/11/08 14:46:50 INFO session removed token=56b02b36-9b92-47e8-bc32-71e38272d81e
2025/11/08 14:46:50 INFO session created token=3d4895f3-a7ca-4b8d-b8d7-57a74cc3134f name=User_5_10
2025/11/08 14:46:50 INFO session updated token=c8d549e0-f8a3-49a1-99f9-55c65f61e294 tableID=0xc0003e5ef0 seatIndex=0xc0003eb2b0
2025/11/08 14:46:50 INFO session created token=666012fb-d1b1-4b84-ad97-3f08a41d8c0e name=User_37_27
2025/11/08 14:46:50 INFO session created token=ade98ad0-c833-4f8b-a2f7-b4b35d1aa957 name=User_66_11
2025/11/08 14:46:50 INFO session created token=0c3ae882-8a11-4617-9cac-cf4a339ef942 name=User_75_9
2025/11/08 14:46:50 INFO session created token=8503b8b3-2a71-475f-893b-bce0ba656f3a name=User_92_17
2025/11/08 14:46:50 INFO session updated token=5169bfb1-e446-40ef-93ad-ffd1f36fe760 tableID=0xc00016e710 seatIndex=0xc00016c6f0
2025/11/08 14:46:50 INFO session updated token=2084619a-138c-4d84-99c0-3e1d31b983a3 tableID=0xc00016e740 seatIndex=0xc00016c700
2025/11/08 14:46:50 INFO session created token=1706df94-dec4-4382-a5fd-b72e7a47e3c2 name=User_2_74
2025/11/08 14:46:50 INFO session removed token=406b05d3-31b3-4bca-8cf3-b5d72fa355d6
2025/11/08 14:46:50 INFO session removed token=b474ed98-80b1-41b5-b90a-93d844e0e8e2
2025/11/08 14:46:50 INFO session updated token=cf1d4331-e0f3-4fe4-9f10-b1fb834f6d23 tableID=0xc00016e770 seatIndex=0xc00016c710
2025/11/08 14:46:50 INFO session updated token=0240022a-99a5-4041-b758-5334e44aaf62 tableID=0xc0003e5f50 seatIndex=0xc0003eb300
2025/11/08 14:46:50 INFO session updated token=8dfe0e01-8e72-4694-8598-b4ccfe748425 tableID=0xc0003e5f60 seatIndex=0xc0003eb310
2025/11/08 14:46:50 INFO session removed token=0d895aa2-f271-4ead-a4af-b1603bb8d3b9
2025/11/08 14:46:50 INFO session updated token=f1a3562a-7af7-4b3d-a660-b14ccc3979c2 tableID=0xc00016e7e0 seatIndex=0xc00016c720
2025/11/08 14:46:50 INFO session updated token=5b59d4fe-4838-42e7-be82-849ac6381c09 tableID=0xc0003ec000 seatIndex=0xc0003eb360
2025/11/08 14:46:50 INFO session removed token=dd79ba40-5663-497f-adae-ccc5715bf1a5
2025/11/08 14:46:50 INFO session updated token=b44381b5-b359-4700-a5df-a43ed450deb7 tableID=0xc0003ec010 seatIndex=0xc0003eb370
2025/11/08 14:46:50 INFO session updated token=372aa91e-de1c-460b-a23d-be80f67c8b0e tableID=0xc0003ec020 seatIndex=0xc0003eb380
2025/11/08 14:46:50 INFO session updated token=701e302b-efc2-496e-858b-6ef147f13068 tableID=0xc0003ec030 seatIndex=0xc0003eb390
2025/11/08 14:46:50 INFO session removed token=5efedcad-a87c-4dd4-8491-cc62acbabf89
2025/11/08 14:46:50 INFO session updated token=13a83842-e540-468a-be35-2a9325b4adb2 tableID=0xc0003ec040 seatIndex=0xc0003eb3a0
2025/11/08 14:46:50 INFO session updated token=1cded12b-4595-4627-86bb-cf1828460971 tableID=0xc00016e850 seatIndex=0xc00016c770
2025/11/08 14:46:50 INFO session updated token=1358e36f-4b4a-48ba-8ad6-d1212874e72a tableID=0xc0003ec070 seatIndex=0xc0003eb3b0
2025/11/08 14:46:50 INFO session updated token=ae1c99a9-fe58-47fc-a9c1-8d363b00a046 tableID=0xc0003ec080 seatIndex=0xc0003eb3c0
2025/11/08 14:46:50 INFO session updated token=544aa67b-97a5-4a1f-9758-b42da2489bfa tableID=0xc0003ec090 seatIndex=0xc0003eb3d0
2025/11/08 14:46:50 INFO session removed token=d1780288-f144-44ab-bf90-8558e395e0f2
2025/11/08 14:46:50 INFO session created token=870f3ca4-1923-47d6-8428-067180a6784f name=User_52_10
2025/11/08 14:46:50 INFO session updated token=82380c36-9457-4e6f-a278-f63fdfaddbc8 tableID=0xc00016e8a0 seatIndex=0xc00016c780
2025/11/08 14:46:50 INFO session created token=21a82dac-f6bd-4b70-997d-81c9c2f462c5 name=User_32_14
2025/11/08 14:46:50 INFO session created token=6e592ccb-f8c7-45ae-8648-58086ff37e08 name=User_15_18
2025/11/08 14:46:50 INFO session updated token=831c3fa5-7197-4f41-b15e-52218e5c1ecd tableID=0xc0003ec0d0 seatIndex=0xc0003eb400
2025/11/08 14:46:50 INFO session updated token=b52872d3-d9bb-4b4f-b229-68750ffc7d41 tableID=0xc0003ec100 seatIndex=0xc0003eb410
2025/11/08 14:46:50 INFO session removed token=161129c8-bb9a-4e89-8b89-f9821ce4907e
2025/11/08 14:46:50 INFO session updated token=82baffb0-5d3c-4634-8514-ebf99c694ead tableID=0xc00016e8e0 seatIndex=0xc00016c7a0
2025/11/08 14:46:50 INFO session updated token=dbb8529f-de52-4c07-90c2-783502685eb6 tableID=0xc00016e900 seatIndex=0xc00016c7d0
2025/11/08 14:46:50 INFO session updated token=94d71da1-4d39-46fd-af00-4dae41de4b1e tableID=0xc00016e910 seatIndex=0xc00016c7e0
2025/11/08 14:46:50 INFO session updated token=3d478e42-a2fb-4a7d-a13c-270ea288f0a2 tableID=0xc0005528a0 seatIndex=0xc000554338
2025/11/08 14:46:50 INFO session updated token=fef33b60-7724-4a62-b137-fff008213d25 tableID=0xc0005528b0 seatIndex=0xc000554348
2025/11/08 14:46:50 INFO session updated token=6fbbef6a-4db9-4f9d-8265-c72a90ebad6b tableID=0xc0003ec320 seatIndex=0xc0003eb610
2025/11/08 14:46:50 INFO session created token=4e3f6266-a3a3-460c-a89d-b5efb08d285e name=User_33_27
2025/11/08 14:46:50 INFO session updated token=aa5057b3-dd0b-4681-9794-da61299bd0d0 tableID=0xc0004e5170 seatIndex=0xc0004e8440
2025/11/08 14:46:50 INFO session created token=c0d18107-fe8f-4586-84c5-105f05df1faa name=User_39_25
2025/11/08 14:46:50 INFO session removed token=aa5057b3-dd0b-4681-9794-da61299bd0d0
2025/11/08 14:46:50 INFO session created token=2306e6b5-e750-440c-b442-4fac47e9dcad name=User_3_12
2025/11/08 14:46:50 INFO session updated token=2306e6b5-e750-440c-b442-4fac47e9dcad tableID=0xc0003ecc10 seatIndex=0xc0003ee040
2025/11/08 14:46:50 INFO session removed token=2306e6b5-e750-440c-b442-4fac47e9dcad
2025/11/08 14:46:50 INFO session created token=cfb4012a-5678-4d4a-bec7-92c0b8be7036 name=User_3_13
2025/11/08 14:46:50 INFO session updated token=cfb4012a-5678-4d4a-bec7-92c0b8be7036 tableID=0xc0003ecc60 seatIndex=0xc0003ee090
2025/11/08 14:46:50 INFO session removed token=cfb4012a-5678-4d4a-bec7-92c0b8be7036
2025/11/08 14:46:50 INFO session created token=0e8f0aed-2f1d-49ca-9833-0003f97ab6e9 name=User_3_14
2025/11/08 14:46:50 INFO session updated token=0e8f0aed-2f1d-49ca-9833-0003f97ab6e9 tableID=0xc0003eccb0 seatIndex=0xc0003ee0e0
2025/11/08 14:46:50 INFO session removed token=0e8f0aed-2f1d-49ca-9833-0003f97ab6e9
2025/11/08 14:46:50 INFO session created token=fcbf1aba-d530-485f-9fb4-3ab391d4d166 name=User_3_15
2025/11/08 14:46:50 INFO session updated token=fcbf1aba-d530-485f-9fb4-3ab391d4d166 tableID=0xc0003ecd00 seatIndex=0xc0003ee130
2025/11/08 14:46:50 INFO session removed token=fcbf1aba-d530-485f-9fb4-3ab391d4d166
2025/11/08 14:46:50 INFO session created token=7e9bf884-1e01-4fe5-9b7f-128fd8ff0ab3 name=User_3_16
2025/11/08 14:46:50 INFO session updated token=7e9bf884-1e01-4fe5-9b7f-128fd8ff0ab3 tableID=0xc0003ecd50 seatIndex=0xc0003ee180
2025/11/08 14:46:50 INFO session removed token=7e9bf884-1e01-4fe5-9b7f-128fd8ff0ab3
2025/11/08 14:46:50 INFO session created token=eb31473d-0483-4aab-8874-dc942ce5f322 name=User_3_17
2025/11/08 14:46:50 INFO session updated token=eb31473d-0483-4aab-8874-dc942ce5f322 tableID=0xc0003ecda0 seatIndex=0xc0003ee1d0
2025/11/08 14:46:50 INFO session removed token=eb31473d-0483-4aab-8874-dc942ce5f322
2025/11/08 14:46:50 INFO session created token=c206ed29-9dea-4e14-9bc9-5c644a434ed3 name=User_3_18
2025/11/08 14:46:50 INFO session updated token=c206ed29-9dea-4e14-9bc9-5c644a434ed3 tableID=0xc0003ecdf0 seatIndex=0xc0003ee220
2025/11/08 14:46:50 INFO session removed token=c206ed29-9dea-4e14-9bc9-5c644a434ed3
2025/11/08 14:46:50 INFO session updated token=3bdb6a45-0223-4473-971d-33db301372c8 tableID=0xc0003ec700 seatIndex=0xc0003eb9c0
2025/11/08 14:46:50 INFO session removed token=3bdb6a45-0223-4473-971d-33db301372c8
2025/11/08 14:46:50 INFO session created token=2b1041ff-9f5a-458b-a431-3939edd51c5c name=User_0_54
2025/11/08 14:46:50 INFO session updated token=2b1041ff-9f5a-458b-a431-3939edd51c5c tableID=0xc0002e3440 seatIndex=0xc0002e54b0
2025/11/08 14:46:50 INFO session removed token=2b1041ff-9f5a-458b-a431-3939edd51c5c
2025/11/08 14:46:50 INFO session created token=7de44e20-e57d-4902-b173-5779fd5ce017 name=User_0_55
2025/11/08 14:46:50 INFO session updated token=7de44e20-e57d-4902-b173-5779fd5ce017 tableID=0xc0002e3490 seatIndex=0xc0002e5500
2025/11/08 14:46:50 INFO session removed token=7de44e20-e57d-4902-b173-5779fd5ce017
2025/11/08 14:46:50 INFO session created token=ffeea47e-2b98-4f2c-8fda-2d3306f5cd0d name=User_0_56
2025/11/08 14:46:50 INFO session updated token=ffeea47e-2b98-4f2c-8fda-2d3306f5cd0d tableID=0xc0002e34e0 seatIndex=0xc0002e5550
2025/11/08 14:46:50 INFO session removed token=ffeea47e-2b98-4f2c-8fda-2d3306f5cd0d
2025/11/08 14:46:50 INFO session created token=e63f6824-d755-4273-99f0-b6ed80f9249e name=User_0_57
2025/11/08 14:46:50 INFO session updated token=e63f6824-d755-4273-99f0-b6ed80f9249e tableID=0xc0002e3530 seatIndex=0xc0002e55a0
2025/11/08 14:46:50 INFO session removed token=e63f6824-d755-4273-99f0-b6ed80f9249e
2025/11/08 14:46:50 INFO session updated token=7dc2b79f-bfa5-4070-92b2-abc45ac93208 tableID=0xc00016e5d0 seatIndex=0xc00016c5c0
2025/11/08 14:46:50 INFO session removed token=7dc2b79f-bfa5-4070-92b2-abc45ac93208
2025/11/08 14:46:50 INFO session created token=102fec4c-cdec-4f8f-b695-6cf0ac6044f8 name=User_21_14
2025/11/08 14:46:50 INFO session updated token=102fec4c-cdec-4f8f-b695-6cf0ac6044f8 tableID=0xc0004e57e0 seatIndex=0xc0004e8ad0
2025/11/08 14:46:50 INFO session removed token=102fec4c-cdec-4f8f-b695-6cf0ac6044f8
2025/11/08 14:46:50 INFO session created token=94517051-bcc3-4cc4-b142-9f01fb394b1c name=User_21_15
2025/11/08 14:46:50 INFO session updated token=94517051-bcc3-4cc4-b142-9f01fb394b1c tableID=0xc0004e5830 seatIndex=0xc0004e8b20
2025/11/08 14:46:50 INFO session removed token=94517051-bcc3-4cc4-b142-9f01fb394b1c
2025/11/08 14:46:50 INFO session created token=d4479699-b569-4688-a885-92d5ba7a32de name=User_21_16
2025/11/08 14:46:50 INFO session updated token=d4479699-b569-4688-a885-92d5ba7a32de tableID=0xc0004e5880 seatIndex=0xc0004e8b70
2025/11/08 14:46:50 INFO session removed token=d4479699-b569-4688-a885-92d5ba7a32de
2025/11/08 14:46:50 INFO session created token=9baf2d32-fd21-433e-86e3-86a80fab0564 name=User_21_17
2025/11/08 14:46:50 INFO session updated token=9baf2d32-fd21-433e-86e3-86a80fab0564 tableID=0xc0004e58d0 seatIndex=0xc0004e8bc0
2025/11/08 14:46:50 INFO session removed token=9baf2d32-fd21-433e-86e3-86a80fab0564
2025/11/08 14:46:50 INFO session created token=ccdbb0c3-bc1d-4878-941a-a9e9f9ff66ea name=User_21_18
2025/11/08 14:46:50 INFO session updated token=ccdbb0c3-bc1d-4878-941a-a9e9f9ff66ea tableID=0xc0004e5920 seatIndex=0xc0004e8c10
2025/11/08 14:46:50 INFO session removed token=ccdbb0c3-bc1d-4878-941a-a9e9f9ff66ea
2025/11/08 14:46:50 INFO session updated token=6eee3eb2-2ca9-4c57-a8a7-17a09bc854e6 tableID=0xc0003ec760 seatIndex=0xc0003eba30
2025/11/08 14:46:50 INFO session removed token=6eee3eb2-2ca9-4c57-a8a7-17a09bc854e6
2025/11/08 14:46:50 INFO session created token=83703182-861d-4274-aa29-ba012e018eca name=User_54_14
2025/11/08 14:46:50 INFO session updated token=83703182-861d-4274-aa29-ba012e018eca tableID=0xc0002e35a0 seatIndex=0xc0002e5630
2025/11/08 14:46:50 INFO session removed token=83703182-861d-4274-aa29-ba012e018eca
2025/11/08 14:46:50 INFO session created token=7e16385c-9569-4024-95db-a77e23eda542 name=User_54_15
2025/11/08 14:46:50 INFO session updated token=7e16385c-9569-4024-95db-a77e23eda542 tableID=0xc0002e35f0 seatIndex=0xc0002e5680
2025/11/08 14:46:50 INFO session removed token=7e16385c-9569-4024-95db-a77e23eda542
2025/11/08 14:46:50 INFO session created token=5c478f4c-ce36-4c70-8768-19dadfb38a87 name=User_54_16
2025/11/08 14:46:50 INFO session updated token=5c478f4c-ce36-4c70-8768-19dadfb38a87 tableID=0xc0002e3640 seatIndex=0xc0002e56d0
2025/11/08 14:46:50 INFO session removed token=5c478f4c-ce36-4c70-8768-19dadfb38a87
2025/11/08 14:46:50 INFO session created token=a8751bcf-c99e-4b48-8637-9801217fb056 name=User_61_41
2025/11/08 14:46:50 INFO session created token=3f50c950-a60c-4146-ba27-515379350d97 name=User_54_17
2025/11/08 14:46:50 INFO session updated token=a8751bcf-c99e-4b48-8637-9801217fb056 tableID=0xc0004e5970 seatIndex=0xc0004e8c60
2025/11/08 14:46:50 INFO session removed token=a8751bcf-c99e-4b48-8637-9801217fb056
2025/11/08 14:46:50 INFO session created token=2b52dda7-9ffd-4c8a-b1df-f3707b6db5b4 name=User_61_42
2025/11/08 14:46:50 INFO session updated token=2b52dda7-9ffd-4c8a-b1df-f3707b6db5b4 tableID=0xc0004e59d0 seatIndex=0xc0004e8cc0
2025/11/08 14:46:50 INFO session removed token=2b52dda7-9ffd-4c8a-b1df-f3707b6db5b4
2025/11/08 14:46:50 INFO session created token=d1be0463-ea91-4b75-9113-cee186cec49d name=User_61_43
2025/11/08 14:46:50 INFO session updated token=d1be0463-ea91-4b75-9113-cee186cec49d tableID=0xc0004e5a20 seatIndex=0xc0004e8d10
2025/11/08 14:46:50 INFO session removed token=d1be0463-ea91-4b75-9113-cee186cec49d
2025/11/08 14:46:50 INFO session created token=697bc743-8d36-4a71-9b71-df9389097744 name=User_61_44
2025/11/08 14:46:50 INFO session updated token=697bc743-8d36-4a71-9b71-df9389097744 tableID=0xc0004e5a70 seatIndex=0xc0004e8d60
2025/11/08 14:46:50 INFO session removed token=697bc743-8d36-4a71-9b71-df9389097744
2025/11/08 14:46:50 INFO session removed token=6be6c17b-3d33-465a-9d58-e1e697d474fb
2025/11/08 14:46:50 INFO session created token=69c16b22-1d87-409b-8557-b868bfcd1489 name=User_74_11
2025/11/08 14:46:50 INFO session updated token=69c16b22-1d87-409b-8557-b868bfcd1489 tableID=0xc0003ece50 seatIndex=0xc0003ee290
2025/11/08 14:46:50 INFO session removed token=69c16b22-1d87-409b-8557-b868bfcd1489
2025/11/08 14:46:50 INFO session created token=3ad39681-27b5-42b5-b7e5-3528ac172fb2 name=User_74_12
2025/11/08 14:46:50 INFO session updated token=3ad39681-27b5-42b5-b7e5-3528ac172fb2 tableID=0xc0003ecea0 seatIndex=0xc0003ee2e0
2025/11/08 14:46:50 INFO session removed token=3ad39681-27b5-42b5-b7e5-3528ac172fb2
2025/11/08 14:46:50 INFO session created token=57054927-9eac-4cbb-95b8-30184bb512ea name=User_74_13
2025/11/08 14:46:50 INFO session updated token=57054927-9eac-4cbb-95b8-30184bb512ea tableID=0xc0003ecef0 seatIndex=0xc0003ee330
2025/11/08 14:46:50 INFO session removed token=57054927-9eac-4cbb-95b8-30184bb512ea
2025/11/08 14:46:50 INFO session created token=aedf5e15-89c7-4bfa-99d8-497def22b243 name=User_74_14
2025/11/08 14:46:50 INFO session updated token=aedf5e15-89c7-4bfa-99d8-497def22b243 tableID=0xc0003ecf40 seatIndex=0xc0003ee380
2025/11/08 14:46:50 INFO session removed token=aedf5e15-89c7-4bfa-99d8-497def22b243
2025/11/08 14:46:50 INFO session created token=c8a923fe-2cf9-4539-bf79-6766091c8209 name=User_74_15
2025/11/08 14:46:50 INFO session updated token=3f50c950-a60c-4146-ba27-515379350d97 tableID=0xc0004e5990 seatIndex=0xc0004e8c90
2025/11/08 14:46:50 INFO session removed token=3f50c950-a60c-4146-ba27-515379350d97
2025/11/08 14:46:50 INFO session created token=cc5431f2-b9b6-45db-ae51-7e7d109fe89f name=User_54_18
2025/11/08 14:46:50 INFO session updated token=cc5431f2-b9b6-45db-ae51-7e7d109fe89f tableID=0xc0002e36e0 seatIndex=0xc0002e5770
2025/11/08 14:46:50 INFO session removed token=cc5431f2-b9b6-45db-ae51-7e7d109fe89f
2025/11/08 14:46:50 INFO session created token=7e5d10b0-a687-4fc5-bc9b-1a02a255fa76 name=User_54_19
2025/11/08 14:46:50 INFO session updated token=7e5d10b0-a687-4fc5-bc9b-1a02a255fa76 tableID=0xc0002e3730 seatIndex=0xc0002e57c0
2025/11/08 14:46:50 INFO session removed token=7e5d10b0-a687-4fc5-bc9b-1a02a255fa76
2025/11/08 14:46:50 INFO session created token=c25adef1-c8c9-4ba9-88c3-4f3cb6e9fdb3 name=User_54_20
2025/11/08 14:46:50 INFO session updated token=c25adef1-c8c9-4ba9-88c3-4f3cb6e9fdb3 tableID=0xc0002e3780 seatIndex=0xc0002e5810
2025/11/08 14:46:50 INFO session removed token=c25adef1-c8c9-4ba9-88c3-4f3cb6e9fdb3
2025/11/08 14:46:50 INFO session created token=91b92252-66f0-48cc-a48f-475f4894d249 name=User_54_21
2025/11/08 14:46:50 INFO session updated token=91b92252-66f0-48cc-a48f-475f4894d249 tableID=0xc0002e37d0 seatIndex=0xc0002e5860
2025/11/08 14:46:50 INFO session removed token=91b92252-66f0-48cc-a48f-475f4894d249
2025/11/08 14:46:50 INFO session created token=7709433e-0acd-4110-bd0f-aee1196ebb32 name=User_54_22
2025/11/08 14:46:50 INFO session updated token=7709433e-0acd-4110-bd0f-aee1196ebb32 tableID=0xc0002e3820 seatIndex=0xc0002e58b0
2025/11/08 14:46:50 INFO session removed token=7709433e-0acd-4110-bd0f-aee1196ebb32
2025/11/08 14:46:50 INFO session created token=032475d9-2594-41bb-a18a-1305dc88cbf6 name=User_54_23
2025/11/08 14:46:50 INFO session updated token=032475d9-2594-41bb-a18a-1305dc88cbf6 tableID=0xc0002e3870 seatIndex=0xc0002e5900
2025/11/08 14:46:50 INFO session removed token=032475d9-2594-41bb-a18a-1305dc88cbf6
2025/11/08 14:46:50 INFO session updated token=e083a0bd-aaa5-408f-9909-9681dd392411 tableID=0xc0005d2180 seatIndex=0xc0005cfd00
2025/11/08 14:46:50 INFO session removed token=e083a0bd-aaa5-408f-9909-9681dd392411
2025/11/08 14:46:50 INFO session created token=c6a73e12-42bd-4572-83e2-a23214ac3e49 name=User_23_26
2025/11/08 14:46:50 INFO session updated token=c6a73e12-42bd-4572-83e2-a23214ac3e49 tableID=0xc0003ecfd0 seatIndex=0xc0003ee410
2025/11/08 14:46:50 INFO session removed token=c6a73e12-42bd-4572-83e2-a23214ac3e49
2025/11/08 14:46:50 INFO session created token=41471878-c530-498a-889c-6967d8ebc834 name=User_23_27
2025/11/08 14:46:50 INFO session updated token=41471878-c530-498a-889c-6967d8ebc834 tableID=0xc0003ed020 seatIndex=0xc0003ee460
2025/11/08 14:46:50 INFO session removed token=41471878-c530-498a-889c-6967d8ebc834
2025/11/08 14:46:50 INFO session created token=0a28a677-f956-49ea-8e4e-5c1744e3111c name=User_23_28
2025/11/08 14:46:50 INFO session updated token=0a28a677-f956-49ea-8e4e-5c1744e3111c tableID=0xc0003ed070 seatIndex=0xc0003ee4b0
2025/11/08 14:46:50 INFO session removed token=0a28a677-f956-49ea-8e4e-5c1744e3111c
2025/11/08 14:46:50 INFO session created token=81aab6ac-1370-40c3-bb5f-25ff52765d91 name=User_23_29
2025/11/08 14:46:50 INFO session updated token=81aab6ac-1370-40c3-bb5f-25ff52765d91 tableID=0xc0003ed0c0 seatIndex=0xc0003ee500
2025/11/08 14:46:50 INFO session removed token=81aab6ac-1370-40c3-bb5f-25ff52765d91
2025/11/08 14:46:50 INFO session created token=a8264091-9db9-4842-85d0-edeb8d67dcfd name=User_23_30
2025/11/08 14:46:50 INFO session updated token=a8264091-9db9-4842-85d0-edeb8d67dcfd tableID=0xc0003ed110 seatIndex=0xc0003ee550
2025/11/08 14:46:50 INFO session removed token=a8264091-9db9-4842-85d0-edeb8d67dcfd
2025/11/08 14:46:50 INFO session created token=c0333401-d67a-4afd-be5a-ce1d18860c0f name=User_23_31
2025/11/08 14:46:50 INFO session updated token=c0333401-d67a-4afd-be5a-ce1d18860c0f tableID=0xc0003ed160 seatIndex=0xc0003ee5a0
2025/11/08 14:46:50 INFO session removed token=c0333401-d67a-4afd-be5a-ce1d18860c0f
2025/11/08 14:46:50 INFO session created token=34e4be54-2d77-4873-bad6-30b763896061 name=User_23_32
2025/11/08 14:46:50 INFO session updated token=34e4be54-2d77-4873-bad6-30b763896061 tableID=0xc0003ed1b0 seatIndex=0xc0003ee5f0
2025/11/08 14:46:50 INFO session removed token=34e4be54-2d77-4873-bad6-30b763896061
2025/11/08 14:46:50 INFO session created token=a02cef04-a53a-45fb-bb19-3155e877c3ef name=User_23_33
2025/11/08 14:46:50 INFO session updated token=a02cef04-a53a-45fb-bb19-3155e877c3ef tableID=0xc0003ed200 seatIndex=0xc0003ee640
2025/11/08 14:46:50 INFO session removed token=a02cef04-a53a-45fb-bb19-3155e877c3ef
2025/11/08 14:46:50 INFO session created token=c40cedb5-97db-40e1-829f-7b355c80e5ad name=User_23_34
2025/11/08 14:46:50 INFO session updated token=c40cedb5-97db-40e1-829f-7b355c80e5ad tableID=0xc0003ed250 seatIndex=0xc0003ee690
2025/11/08 14:46:50 INFO session removed token=c40cedb5-97db-40e1-829f-7b355c80e5ad
2025/11/08 14:46:50 INFO session created token=2d1e93a8-0a29-483f-84ad-cc0e8736e62d name=User_23_35
2025/11/08 14:46:50 INFO session updated token=2d1e93a8-0a29-483f-84ad-cc0e8736e62d tableID=0xc0003ed2a0 seatIndex=0xc0003ee6e0
2025/11/08 14:46:50 INFO session removed token=2d1e93a8-0a29-483f-84ad-cc0e8736e62d
2025/11/08 14:46:50 INFO session created token=3de17b3f-249a-4c5e-93b9-cfd3fd09a5e4 name=User_23_36
2025/11/08 14:46:50 INFO session updated token=3de17b3f-249a-4c5e-93b9-cfd3fd09a5e4 tableID=0xc0003ed2f0 seatIndex=0xc0003ee730
2025/11/08 14:46:50 INFO session removed token=3de17b3f-249a-4c5e-93b9-cfd3fd09a5e4
2025/11/08 14:46:50 INFO session created token=5cbcd007-a4e0-4bc1-a89a-8341d42762fd name=User_23_37
2025/11/08 14:46:50 INFO session updated token=5cbcd007-a4e0-4bc1-a89a-8341d42762fd tableID=0xc0003ed340 seatIndex=0xc0003ee780
2025/11/08 14:46:50 INFO session removed token=5cbcd007-a4e0-4bc1-a89a-8341d42762fd
2025/11/08 14:46:50 INFO session created token=7d148ffe-9917-4756-82b9-d65721de5e80 name=User_23_38
2025/11/08 14:46:50 INFO session updated token=7d148ffe-9917-4756-82b9-d65721de5e80 tableID=0xc0003ed390 seatIndex=0xc0003ee7d0
2025/11/08 14:46:50 INFO session removed token=7d148ffe-9917-4756-82b9-d65721de5e80
2025/11/08 14:46:50 INFO session created token=8008a529-21e6-4909-bb0a-2b90038eb4da name=User_23_39
2025/11/08 14:46:50 INFO session updated token=8008a529-21e6-4909-bb0a-2b90038eb4da tableID=0xc0003ed3e0 seatIndex=0xc0003ee820
2025/11/08 14:46:50 INFO session removed token=8008a529-21e6-4909-bb0a-2b90038eb4da
2025/11/08 14:46:50 INFO session created token=2eef5de8-9946-4836-a154-6a58f6a953fb name=User_23_40
2025/11/08 14:46:50 INFO session updated token=2eef5de8-9946-4836-a154-6a58f6a953fb tableID=0xc0003ed430 seatIndex=0xc0003ee870
2025/11/08 14:46:50 INFO session removed token=2eef5de8-9946-4836-a154-6a58f6a953fb
2025/11/08 14:46:50 INFO session created token=c64739df-2eb8-43c7-b3dc-09349a758526 name=User_23_41
2025/11/08 14:46:50 INFO session updated token=c64739df-2eb8-43c7-b3dc-09349a758526 tableID=0xc0003ed480 seatIndex=0xc0003ee8c0
2025/11/08 14:46:50 INFO session removed token=c64739df-2eb8-43c7-b3dc-09349a758526
2025/11/08 14:46:50 INFO session created token=ca7365f7-cbd7-42a9-bc32-483983bbfedb name=User_23_42
2025/11/08 14:46:50 INFO session updated token=ca7365f7-cbd7-42a9-bc32-483983bbfedb tableID=0xc0003ed4d0 seatIndex=0xc0003ee910
2025/11/08 14:46:50 INFO session removed token=ca7365f7-cbd7-42a9-bc32-483983bbfedb
2025/11/08 14:46:50 INFO session created token=2b537f03-a2eb-4a32-8c50-265d8caf588b name=User_23_43
2025/11/08 14:46:50 INFO session updated token=2b537f03-a2eb-4a32-8c50-265d8caf588b tableID=0xc0003ed520 seatIndex=0xc0003ee960
2025/11/08 14:46:50 INFO session removed token=2b537f03-a2eb-4a32-8c50-265d8caf588b
2025/11/08 14:46:50 INFO session created token=4ef671e5-3384-42a7-bac3-4c6ae96a3b40 name=User_23_44
2025/11/08 14:46:50 INFO session updated token=4ef671e5-3384-42a7-bac3-4c6ae96a3b40 tableID=0xc0003ed570 seatIndex=0xc0003ee9b0
2025/11/08 14:46:50 INFO session removed token=4ef671e5-3384-42a7-bac3-4c6ae96a3b40
2025/11/08 14:46:50 INFO session created token=886cf06a-f518-47dd-98ad-7e249a36ad35 name=User_23_45
2025/11/08 14:46:50 INFO session updated token=886cf06a-f518-47dd-98ad-7e249a36ad35 tableID=0xc0003ed5c0 seatIndex=0xc0003eea00
2025/11/08 14:46:50 INFO session removed token=886cf06a-f518-47dd-98ad-7e249a36ad35
2025/11/08 14:46:50 INFO session created token=7063e8d4-f8fd-4ad9-97fb-d5bd69c457a4 name=User_23_46
2025/11/08 14:46:50 INFO session updated token=7063e8d4-f8fd-4ad9-97fb-d5bd69c457a4 tableID=0xc0003ed610 seatIndex=0xc0003eea50
2025/11/08 14:46:50 INFO session removed token=7063e8d4-f8fd-4ad9-97fb-d5bd69c457a4
2025/11/08 14:46:50 INFO session created token=7655cb99-e9d9-4172-b081-bcc834c35c00 name=User_23_47
2025/11/08 14:46:50 INFO session updated token=7655cb99-e9d9-4172-b081-bcc834c35c00 tableID=0xc0003ed660 seatIndex=0xc0003eeaa0
2025/11/08 14:46:50 INFO session removed token=7655cb99-e9d9-4172-b081-bcc834c35c00
2025/11/08 14:46:50 INFO session created token=08bd37cb-20e8-4d34-ac89-7d26829e713b name=User_23_48
2025/11/08 14:46:50 INFO session updated token=08bd37cb-20e8-4d34-ac89-7d26829e713b tableID=0xc0003ed6b0 seatIndex=0xc0003eeaf0
2025/11/08 14:46:50 INFO session removed token=08bd37cb-20e8-4d34-ac89-7d26829e713b
2025/11/08 14:46:50 INFO session created token=b678bd84-3b80-48c9-84c9-b552161919e0 name=User_23_49
2025/11/08 14:46:50 INFO session updated token=b678bd84-3b80-48c9-84c9-b552161919e0 tableID=0xc0003ed700 seatIndex=0xc0003eeb40
2025/11/08 14:46:50 INFO session removed token=b678bd84-3b80-48c9-84c9-b552161919e0
2025/11/08 14:46:50 INFO session created token=5e4df159-1983-40a0-b06f-2636f477048e name=User_23_50
2025/11/08 14:46:50 INFO session updated token=5e4df159-1983-40a0-b06f-2636f477048e tableID=0xc0003ed750 seatIndex=0xc0003eeb90
2025/11/08 14:46:50 INFO session removed token=5e4df159-1983-40a0-b06f-2636f477048e
2025/11/08 14:46:50 INFO session created token=c82fc401-a0ab-4a58-b12f-f9bcc4c101f7 name=User_23_51
2025/11/08 14:46:50 INFO session updated token=c82fc401-a0ab-4a58-b12f-f9bcc4c101f7 tableID=0xc0003ed7a0 seatIndex=0xc0003eebe0
2025/11/08 14:46:50 INFO session removed token=c82fc401-a0ab-4a58-b12f-f9bcc4c101f7
2025/11/08 14:46:50 INFO session created token=ff601807-7616-4532-a9e1-1dbf47fbab14 name=User_23_52
2025/11/08 14:46:50 INFO session updated token=ff601807-7616-4532-a9e1-1dbf47fbab14 tableID=0xc0003ed7f0 seatIndex=0xc0003eec30
2025/11/08 14:46:50 INFO session removed token=ff601807-7616-4532-a9e1-1dbf47fbab14
2025/11/08 14:46:50 INFO session created token=12dc400a-51e6-4df2-b7c5-f4dd887b5547 name=User_23_53
2025/11/08 14:46:50 INFO session updated token=12dc400a-51e6-4df2-b7c5-f4dd887b5547 tableID=0xc0003ed840 seatIndex=0xc0003eec80
2025/11/08 14:46:50 INFO session removed token=12dc400a-51e6-4df2-b7c5-f4dd887b5547
2025/11/08 14:46:50 INFO session created token=f70501a4-3900-4bc3-9b2a-1154cdedb2a2 name=User_23_54
2025/11/08 14:46:50 INFO session updated token=f70501a4-3900-4bc3-9b2a-1154cdedb2a2 tableID=0xc0003ed890 seatIndex=0xc0003eecd0
2025/11/08 14:46:50 INFO session removed token=f70501a4-3900-4bc3-9b2a-1154cdedb2a2
2025/11/08 14:46:50 INFO session created token=00c7cd97-488f-4bb5-b192-fc1b90087483 name=User_23_55
2025/11/08 14:46:50 INFO session updated token=00c7cd97-488f-4bb5-b192-fc1b90087483 tableID=0xc0003ed8e0 seatIndex=0xc0003eed20
2025/11/08 14:46:50 INFO session removed token=00c7cd97-488f-4bb5-b192-fc1b90087483
2025/11/08 14:46:50 INFO session created token=911e70d0-e165-49b9-a847-73fc5a1ce097 name=User_23_56
2025/11/08 14:46:50 INFO session updated token=911e70d0-e165-49b9-a847-73fc5a1ce097 tableID=0xc0003ed930 seatIndex=0xc0003eed70
2025/11/08 14:46:50 INFO session removed token=911e70d0-e165-49b9-a847-73fc5a1ce097
2025/11/08 14:46:50 INFO session created token=d7e2326a-271b-4f71-8c88-a40b69f386c5 name=User_23_57
2025/11/08 14:46:50 INFO session updated token=d7e2326a-271b-4f71-8c88-a40b69f386c5 tableID=0xc0003ed980 seatIndex=0xc0003eedc0
2025/11/08 14:46:50 INFO session removed token=d7e2326a-271b-4f71-8c88-a40b69f386c5
2025/11/08 14:46:50 INFO session created token=6ebdcb4a-20ae-4863-a244-db652aa3d12a name=User_23_58
2025/11/08 14:46:50 INFO session updated token=6ebdcb4a-20ae-4863-a244-db652aa3d12a tableID=0xc0003ed9d0 seatIndex=0xc0003eee10
2025/11/08 14:46:50 INFO session removed token=6ebdcb4a-20ae-4863-a244-db652aa3d12a
2025/11/08 14:46:50 INFO session created token=b9e3cfa4-f7a3-4b28-a34c-219f3de5c148 name=User_23_59
2025/11/08 14:46:50 INFO session updated token=b9e3cfa4-f7a3-4b28-a34c-219f3de5c148 tableID=0xc0003eda20 seatIndex=0xc0003eee60
2025/11/08 14:46:50 INFO session removed token=b9e3cfa4-f7a3-4b28-a34c-219f3de5c148
2025/11/08 14:46:50 INFO session created token=1e3200f5-4748-4090-8aea-f3703d88ed73 name=User_23_60
2025/11/08 14:46:50 INFO session updated token=1e3200f5-4748-4090-8aea-f3703d88ed73 tableID=0xc0003eda70 seatIndex=0xc0003eeeb0
2025/11/08 14:46:50 INFO session removed token=1e3200f5-4748-4090-8aea-f3703d88ed73
2025/11/08 14:46:50 INFO session created token=21ada5bf-7b5d-4ada-9dc6-bd9d07dd977c name=User_23_61
2025/11/08 14:46:50 INFO session updated token=21ada5bf-7b5d-4ada-9dc6-bd9d07dd977c tableID=0xc0003edac0 seatIndex=0xc0003eef00
2025/11/08 14:46:50 INFO session removed token=21ada5bf-7b5d-4ada-9dc6-bd9d07dd977c
2025/11/08 14:46:50 INFO session created token=db624bb4-29af-4528-a739-6d94ebb2d3d1 name=User_23_62
2025/11/08 14:46:50 INFO session updated token=db624bb4-29af-4528-a739-6d94ebb2d3d1 tableID=0xc0003edb10 seatIndex=0xc0003eef50
2025/11/08 14:46:50 INFO session removed token=db624bb4-29af-4528-a739-6d94ebb2d3d1
2025/11/08 14:46:50 INFO session created token=aefabce8-6844-4a36-ad9d-f38d332568be name=User_23_63
2025/11/08 14:46:50 INFO session updated token=aefabce8-6844-4a36-ad9d-f38d332568be tableID=0xc0003edb60 seatIndex=0xc0003eefa0
2025/11/08 14:46:50 INFO session removed token=aefabce8-6844-4a36-ad9d-f38d332568be
2025/11/08 14:46:50 INFO session created token=e35d15be-a36a-4d64-ae24-5074f4153751 name=User_23_64
2025/11/08 14:46:50 INFO session updated token=e35d15be-a36a-4d64-ae24-5074f4153751 tableID=0xc0003edbb0 seatIndex=0xc0003eeff0
2025/11/08 14:46:50 INFO session removed token=e35d15be-a36a-4d64-ae24-5074f4153751
2025/11/08 14:46:50 INFO session created token=3edaefad-f49e-41a2-b18a-15dec32b5231 name=User_23_65
2025/11/08 14:46:50 INFO session updated token=3edaefad-f49e-41a2-b18a-15dec32b5231 tableID=0xc0003edc00 seatIndex=0xc0003ef040
2025/11/08 14:46:50 INFO session removed token=3edaefad-f49e-41a2-b18a-15dec32b5231
2025/11/08 14:46:50 INFO session created token=55564412-0332-430f-88a6-7f0d69c0c351 name=User_23_66
2025/11/08 14:46:50 INFO session updated token=55564412-0332-430f-88a6-7f0d69c0c351 tableID=0xc0003edc50 seatIndex=0xc0003ef090
2025/11/08 14:46:50 INFO session removed token=55564412-0332-430f-88a6-7f0d69c0c351
2025/11/08 14:46:50 INFO session created token=cd94d249-c938-4fb2-bcaa-b61f26361952 name=User_23_67
2025/11/08 14:46:50 INFO session updated token=cd94d249-c938-4fb2-bcaa-b61f26361952 tableID=0xc0003edca0 seatIndex=0xc0003ef0e0
2025/11/08 14:46:50 INFO session removed token=cd94d249-c938-4fb2-bcaa-b61f26361952
2025/11/08 14:46:50 INFO session created token=5e6a5c9d-1ec3-4d7c-892b-985221e0680c name=User_23_68
2025/11/08 14:46:50 INFO session updated token=5e6a5c9d-1ec3-4d7c-892b-985221e0680c tableID=0xc0003edcf0 seatIndex=0xc0003ef130
2025/11/08 14:46:50 INFO session removed token=5e6a5c9d-1ec3-4d7c-892b-985221e0680c
2025/11/08 14:46:50 INFO session created token=4b92228e-bb65-4658-ae9a-e7e000643bbd name=User_23_69
2025/11/08 14:46:50 INFO session updated token=4b92228e-bb65-4658-ae9a-e7e000643bbd tableID=0xc0003edd40 seatIndex=0xc0003ef180
2025/11/08 14:46:50 INFO session removed token=4b92228e-bb65-4658-ae9a-e7e000643bbd
2025/11/08 14:46:50 INFO session created token=d43f8736-da57-4f54-8f18-67c5a638d825 name=User_23_70
2025/11/08 14:46:50 INFO session updated token=d43f8736-da57-4f54-8f18-67c5a638d825 tableID=0xc0003edd90 seatIndex=0xc0003ef1d0
2025/11/08 14:46:50 INFO session removed token=d43f8736-da57-4f54-8f18-67c5a638d825
2025/11/08 14:46:50 INFO session created token=4e9534f0-3ad1-4914-9b9e-e7e0bcea3cfa name=User_23_71
2025/11/08 14:46:50 INFO session updated token=4e9534f0-3ad1-4914-9b9e-e7e0bcea3cfa tableID=0xc0003edde0 seatIndex=0xc0003ef220
2025/11/08 14:46:50 INFO session removed token=4e9534f0-3ad1-4914-9b9e-e7e0bcea3cfa
2025/11/08 14:46:50 INFO session created token=87683452-f4ef-4f33-9880-4109827ff25d name=User_23_72
2025/11/08 14:46:50 INFO session updated token=87683452-f4ef-4f33-9880-4109827ff25d tableID=0xc0003ede30 seatIndex=0xc0003ef270
2025/11/08 14:46:50 INFO session removed token=87683452-f4ef-4f33-9880-4109827ff25d
2025/11/08 14:46:50 INFO session created token=4b669e94-9e05-4715-8313-b5e94ce95f8c name=User_23_73
2025/11/08 14:46:50 INFO session updated token=4b669e94-9e05-4715-8313-b5e94ce95f8c tableID=0xc0003ede80 seatIndex=0xc0003ef2c0
2025/11/08 14:46:50 INFO session removed token=4b669e94-9e05-4715-8313-b5e94ce95f8c
2025/11/08 14:46:50 INFO session created token=f90b7a3c-5d53-42cb-beb5-1754351ccd10 name=User_23_74
2025/11/08 14:46:50 INFO session updated token=f90b7a3c-5d53-42cb-beb5-1754351ccd10 tableID=0xc0003eded0 seatIndex=0xc0003ef310
2025/11/08 14:46:50 INFO session removed token=f90b7a3c-5d53-42cb-beb5-1754351ccd10
2025/11/08 14:46:50 INFO session created token=5b886240-7f6d-4619-a9d7-3a3259554c61 name=User_23_75
2025/11/08 14:46:50 INFO session updated token=5b886240-7f6d-4619-a9d7-3a3259554c61 tableID=0xc0003edf20 seatIndex=0xc0003ef360
2025/11/08 14:46:50 INFO session removed token=5b886240-7f6d-4619-a9d7-3a3259554c61
2025/11/08 14:46:50 INFO session created token=7fc99b3b-8250-4ef9-9959-6f6655811383 name=User_23_76
2025/11/08 14:46:50 INFO session updated token=7fc99b3b-8250-4ef9-9959-6f6655811383 tableID=0xc0003edf70 seatIndex=0xc0003ef3b0
2025/11/08 14:46:50 INFO session removed token=1b2427d3-317a-4c90-bdd3-f6443930a655
2025/11/08 14:46:50 INFO session removed token=d49e0b2b-af58-4dc7-8901-83e47ead0de2
2025/11/08 14:46:50 INFO session removed token=7d5a2377-ccc2-4222-9383-4e82c2e5c06f
2025/11/08 14:46:50 INFO session removed token=7cea8a94-76cd-4cb7-be53-b66d185f1c6d
2025/11/08 14:46:50 INFO session updated token=1091195e-96f4-4816-ad6f-b4e2080c56ae tableID=0xc0003ec990 seatIndex=0xc0003ebc60
2025/11/08 14:46:50 INFO session created token=ed33de75-b8ad-4692-8c3a-b5208743d53c name=User_59_16
2025/11/08 14:46:50 INFO session removed token=db622cae-fec4-47d2-b6c1-b4b8269145b6
2025/11/08 14:46:50 INFO session removed token=ce0ae1f7-68cf-4b0a-a4ce-5440421499f3
2025/11/08 14:46:50 INFO session removed token=96c2314e-c472-4916-8bc9-414af410cd13
2025/11/08 14:46:50 INFO session removed token=a9f9702d-0887-4064-98da-f8f37bde5177
2025/11/08 14:46:50 INFO session created token=7ffb8279-6dfd-4a75-8665-871ef004b645 name=User_55_11
2025/11/08 14:46:50 INFO session removed token=e899f2e6-8a83-4fc3-89e8-37559c813432
2025/11/08 14:46:50 INFO session removed token=984e3f95-e861-45d7-b89b-4a03d20a6c17
2025/11/08 14:46:50 INFO session removed token=4fa7369c-3436-4530-877a-99ff2f385cb1
2025/11/08 14:46:50 INFO session removed token=65f45cf8-86c3-4001-9dc3-afc12dbb8ee7
2025/11/08 14:46:50 INFO session removed token=a913750e-0f39-4310-adb7-b0c6976ac309
2025/11/08 14:46:50 INFO session removed token=ba561010-6edd-4f69-9464-1a9a4eb4ebb4
2025/11/08 14:46:50 INFO session removed token=4c65f074-9fa3-4413-a08c-377cb57b59ab
2025/11/08 14:46:50 INFO session removed token=a1e9be58-8e8f-4c12-8f96-df748120834e
2025/11/08 14:46:50 INFO session updated token=6ad9f851-d91a-4ca3-b981-098f157a3984 tableID=0xc0005d2210 seatIndex=0xc0005cfdb0
2025/11/08 14:46:50 INFO session removed token=cf0da64f-9dca-492a-8a50-0b07efea590f
2025/11/08 14:46:50 INFO session updated token=9dcc1087-188f-4d1b-b0b9-d53a5a724bda tableID=0xc0005d2230 seatIndex=0xc0005cfde0
2025/11/08 14:46:50 INFO session removed token=f2aede0c-faf1-4a1c-84fb-1fd669309e1a
2025/11/08 14:46:50 INFO session updated token=a8b6954c-c84b-4125-9178-ec7387a2f8ec tableID=0xc0004e5730 seatIndex=0xc0004e89e0
2025/11/08 14:46:50 INFO session updated token=b309338c-5907-4a81-b906-5914c388a225 tableID=0xc0005d2240 seatIndex=0xc0005cfdf0
2025/11/08 14:46:50 INFO session removed token=3993c805-47a3-4ef1-90c2-1ef7481113fe
2025/11/08 14:46:50 INFO session removed token=6d4a4822-44fa-485b-bcfe-efd22a6befbc
2025/11/08 14:46:50 INFO session removed token=95957604-4110-4183-9b55-b995ee124c77
2025/11/08 14:46:50 INFO session updated token=666012fb-d1b1-4b84-ad97-3f08a41d8c0e tableID=0xc000552b50 seatIndex=0xc000554628
2025/11/08 14:46:50 INFO session removed token=c8d549e0-f8a3-49a1-99f9-55c65f61e294
2025/11/08 14:46:50 INFO session created token=070914d8-e3f1-4162-b3c1-7bf52b6782fc name=User_86_13
2025/11/08 14:46:50 INFO session created token=450b7493-5f7c-469f-95d0-196dae14384f name=User_12_9
2025/11/08 14:46:50 INFO session created token=e1389200-b63e-487b-869b-d795399ecaea name=User_36_10
2025/11/08 14:46:50 INFO session updated token=ade98ad0-c833-4f8b-a2f7-b4b35d1aa957 tableID=0xc000552b70 seatIndex=0xc000554658
2025/11/08 14:46:50 INFO session created token=c3ca72ef-3919-4c26-aa36-3d4ec5a3fbc4 name=User_6_11
2025/11/08 14:46:50 INFO session created token=49a47e14-e962-4241-af6c-d9224c359236 name=User_28_15
2025/11/08 14:46:50 INFO session created token=5a42f82c-499d-4d4a-b3dc-68b004a7f1ae name=User_96_10
2025/11/08 14:46:50 INFO session created token=e154608f-5e81-42be-b8a1-c3b21d9275ab name=User_42_10
2025/11/08 14:46:50 INFO session created token=7566ffed-dedd-44b8-9dcd-26b5684b17e4 name=User_40_19
2025/11/08 14:46:50 INFO session created token=257e2b63-ead1-4ea9-acda-641956132bf1 name=User_53_11
2025/11/08 14:46:50 INFO session created token=2cb25915-cc0b-48d3-8853-8dfaf0de4679 name=User_94_29
2025/11/08 14:46:50 INFO session removed token=a8b6954c-c84b-4125-9178-ec7387a2f8ec
2025/11/08 14:46:50 INFO session created token=1128bab6-f3df-45ae-99cf-60b2dd820ca7 name=User_34_11
2025/11/08 14:46:50 INFO session created token=39a2d68c-5d25-4b9c-a1a7-68002425e6c3 name=User_11_29
2025/11/08 14:46:50 INFO session created token=f1e61e37-d739-4eb2-b6df-932957d13dc6 name=User_69_20
2025/11/08 14:46:50 INFO session updated token=f1e61e37-d739-4eb2-b6df-932957d13dc6 tableID=0xc0005d25c0 seatIndex=0xc0005d4010
2025/11/08 14:46:50 INFO session removed token=f1e61e37-d739-4eb2-b6df-932957d13dc6
2025/11/08 14:46:50 INFO session created token=b9932e4c-7c74-4467-b12d-e8e87113b3a4 name=User_69_21
2025/11/08 14:46:50 INFO session updated token=b9932e4c-7c74-4467-b12d-e8e87113b3a4 tableID=0xc0005d2620 seatIndex=0xc0005d4070
2025/11/08 14:46:50 INFO session removed token=b9932e4c-7c74-4467-b12d-e8e87113b3a4
2025/11/08 14:46:50 INFO session created token=d24100ed-d500-44e6-bd08-92c646aee61c name=User_69_22
2025/11/08 14:46:50 INFO session updated token=d24100ed-d500-44e6-bd08-92c646aee61c tableID=0xc0005d2670 seatIndex=0xc0005d40c0
2025/11/08 14:46:50 INFO session removed token=d24100ed-d500-44e6-bd08-92c646aee61c
2025/11/08 14:46:50 INFO session created token=858ae77a-110f-41b7-9fe6-58f93ce83627 name=User_69_23
2025/11/08 14:46:50 INFO session updated token=858ae77a-110f-41b7-9fe6-58f93ce83627 tableID=0xc0005d26c0 seatIndex=0xc0005d4110
2025/11/08 14:46:50 INFO session removed token=858ae77a-110f-41b7-9fe6-58f93ce83627
2025/11/08 14:46:50 INFO session created token=d557349a-9b7e-45af-9a8f-5ae611274188 name=User_69_24
2025/11/08 14:46:50 INFO session updated token=d557349a-9b7e-45af-9a8f-5ae611274188 tableID=0xc0005d2710 seatIndex=0xc0005d4160
2025/11/08 14:46:50 INFO session removed token=d557349a-9b7e-45af-9a8f-5ae611274188
2025/11/08 14:46:50 INFO session created token=f315f3de-0265-4eeb-a923-62f9086c5176 name=User_69_25
2025/11/08 14:46:50 INFO session updated token=f315f3de-0265-4eeb-a923-62f9086c5176 tableID=0xc0005d2760 seatIndex=0xc0005d41b0
2025/11/08 14:46:50 INFO session removed token=f315f3de-0265-4eeb-a923-62f9086c5176
2025/11/08 14:46:50 INFO session created token=cca84bc3-be95-4d5a-bfdc-c986cd7a43eb name=User_69_26
2025/11/08 14:46:50 INFO session updated token=cca84bc3-be95-4d5a-bfdc-c986cd7a43eb tableID=0xc0005d27b0 seatIndex=0xc0005d4200
2025/11/08 14:46:50 INFO session removed token=cca84bc3-be95-4d5a-bfdc-c986cd7a43eb
2025/11/08 14:46:50 INFO session created token=47c70c8c-f336-4b33-86ca-412942b65f12 name=User_69_27
2025/11/08 14:46:50 INFO session updated token=47c70c8c-f336-4b33-86ca-412942b65f12 tableID=0xc0005d2800 seatIndex=0xc0005d4250
2025/11/08 14:46:50 INFO session removed token=47c70c8c-f336-4b33-86ca-412942b65f12
2025/11/08 14:46:50 INFO session created token=58dd96fd-8f9d-48d6-a090-44be91fcbbb9 name=User_69_28
2025/11/08 14:46:50 INFO session updated token=58dd96fd-8f9d-48d6-a090-44be91fcbbb9 tableID=0xc0005d2850 seatIndex=0xc0005d42a0
2025/11/08 14:46:50 INFO session removed token=58dd96fd-8f9d-48d6-a090-44be91fcbbb9
2025/11/08 14:46:50 INFO session updated token=49a47e14-e962-4241-af6c-d9224c359236 tableID=0xc0004e5b00 seatIndex=0xc0004e8f50
2025/11/08 14:46:50 INFO session created token=b4c73abb-8f73-48aa-8b22-8059b729b2f5 name=User_69_29
2025/11/08 14:46:50 INFO session removed token=49a47e14-e962-4241-af6c-d9224c359236
2025/11/08 14:46:50 INFO session created token=8f276d95-fb18-4681-9a97-968fc9a41c24 name=User_28_16
2025/11/08 14:46:50 INFO session updated token=8f276d95-fb18-4681-9a97-968fc9a41c24 tableID=0xc0003f4160 seatIndex=0xc0003ef4f0
2025/11/08 14:46:50 INFO session removed token=8f276d95-fb18-4681-9a97-968fc9a41c24
2025/11/08 14:46:50 INFO session created token=57c8c10b-e149-4f49-9327-ad24f6d9499b name=User_28_17
2025/11/08 14:46:50 INFO session updated token=57c8c10b-e149-4f49-9327-ad24f6d9499b tableID=0xc0003f41b0 seatIndex=0xc0003ef540
2025/11/08 14:46:50 INFO session removed token=57c8c10b-e149-4f49-9327-ad24f6d9499b
2025/11/08 14:46:50 INFO session created token=8d926c4f-f02a-4511-a35f-3f5524ee5a9e name=User_28_18
2025/11/08 14:46:50 INFO session updated token=8d926c4f-f02a-4511-a35f-3f5524ee5a9e tableID=0xc0003f4200 seatIndex=0xc0003ef590
2025/11/08 14:46:50 INFO session removed token=8d926c4f-f02a-4511-a35f-3f5524ee5a9e
2025/11/08 14:46:50 INFO session created token=7c7c6a4a-128f-4c90-8e17-94c651fc6dbb name=User_28_19
2025/11/08 14:46:50 INFO session updated token=7c7c6a4a-128f-4c90-8e17-94c651fc6dbb tableID=0xc0003f4250 seatIndex=0xc0003ef5e0
2025/11/08 14:46:50 INFO session removed token=7c7c6a4a-128f-4c90-8e17-94c651fc6dbb
2025/11/08 14:46:50 INFO session created token=82b877d1-b87a-4cd6-860b-273256069e71 name=User_28_20
2025/11/08 14:46:50 INFO session updated token=82b877d1-b87a-4cd6-860b-273256069e71 tableID=0xc0003f42a0 seatIndex=0xc0003ef630
2025/11/08 14:46:50 INFO session removed token=82b877d1-b87a-4cd6-860b-273256069e71
2025/11/08 14:46:50 INFO session created token=f53c2661-ea2a-47c1-a88c-67745f84a5a5 name=User_28_21
2025/11/08 14:46:50 INFO session updated token=f53c2661-ea2a-47c1-a88c-67745f84a5a5 tableID=0xc0003f42f0 seatIndex=0xc0003ef680
2025/11/08 14:46:50 INFO session removed token=f53c2661-ea2a-47c1-a88c-67745f84a5a5
2025/11/08 14:46:50 INFO session created token=c15dad37-0e87-4e68-9cbf-69159cb5cac7 name=User_28_22
2025/11/08 14:46:50 INFO session updated token=8503b8b3-2a71-475f-893b-bce0ba656f3a tableID=0xc000552ba0 seatIndex=0xc000554688
2025/11/08 14:46:50 INFO session removed token=8503b8b3-2a71-475f-893b-bce0ba656f3a
2025/11/08 14:46:50 INFO session created token=6111aca2-df79-4341-a658-1c2f0bc76eb8 name=User_92_18
2025/11/08 14:46:50 INFO session updated token=6111aca2-df79-4341-a658-1c2f0bc76eb8 tableID=0xc0005d28e0 seatIndex=0xc0005d4330
2025/11/08 14:46:50 INFO session removed token=6111aca2-df79-4341-a658-1c2f0bc76eb8
2025/11/08 14:46:50 INFO session created token=a25a4357-78a3-4536-aeeb-98d51b3d3d72 name=User_92_19
2025/11/08 14:46:50 INFO session updated token=a25a4357-78a3-4536-aeeb-98d51b3d3d72 tableID=0xc0005d2930 seatIndex=0xc0005d4380
2025/11/08 14:46:50 INFO session removed token=a25a4357-78a3-4536-aeeb-98d51b3d3d72
2025/11/08 14:46:50 INFO session created token=630ab5b4-1e1e-476c-af04-0f16e130bb63 name=User_92_20
2025/11/08 14:46:50 INFO session updated token=630ab5b4-1e1e-476c-af04-0f16e130bb63 tableID=0xc0005d2980 seatIndex=0xc0005d43d0
2025/11/08 14:46:50 INFO session removed token=630ab5b4-1e1e-476c-af04-0f16e130bb63
2025/11/08 14:46:50 INFO session created token=0ebcb884-0069-4126-ac0a-edba210f0733 name=User_92_21
2025/11/08 14:46:50 INFO session updated token=0ebcb884-0069-4126-ac0a-edba210f0733 tableID=0xc0005d29d0 seatIndex=0xc0005d4420
2025/11/08 14:46:50 INFO session removed token=0ebcb884-0069-4126-ac0a-edba210f0733
2025/11/08 14:46:50 INFO session created token=69b60dfd-7e8e-4c8b-a23d-bc165b94c970 name=User_92_22
2025/11/08 14:46:50 INFO session updated token=69b60dfd-7e8e-4c8b-a23d-bc165b94c970 tableID=0xc0005d2a20 seatIndex=0xc0005d4470
2025/11/08 14:46:50 INFO session removed token=69b60dfd-7e8e-4c8b-a23d-bc165b94c970
2025/11/08 14:46:50 INFO session created token=01836e6c-11fe-4390-b9bb-e7a1fb476085 name=User_92_23
2025/11/08 14:46:50 INFO session updated token=01836e6c-11fe-4390-b9bb-e7a1fb476085 tableID=0xc0005d2a70 seatIndex=0xc0005d44c0
2025/11/08 14:46:50 INFO session removed token=01836e6c-11fe-4390-b9bb-e7a1fb476085
2025/11/08 14:46:50 INFO session created token=cb321f5f-07d4-48a9-9126-bbf729faeaa1 name=User_92_24
2025/11/08 14:46:50 INFO session updated token=cb321f5f-07d4-48a9-9126-bbf729faeaa1 tableID=0xc0005d2ac0 seatIndex=0xc0005d4510
2025/11/08 14:46:50 INFO session removed token=cb321f5f-07d4-48a9-9126-bbf729faeaa1
2025/11/08 14:46:50 INFO session created token=ea26e05b-66e0-4662-b128-a382dc137b63 name=User_92_25
2025/11/08 14:46:50 INFO session updated token=ea26e05b-66e0-4662-b128-a382dc137b63 tableID=0xc0005d2b10 seatIndex=0xc0005d4560
2025/11/08 14:46:50 INFO session removed token=ea26e05b-66e0-4662-b128-a382dc137b63
2025/11/08 14:46:50 INFO session created token=2de6d205-9073-45e5-b65d-976460eae97f name=User_92_26
2025/11/08 14:46:50 INFO session updated token=2de6d205-9073-45e5-b65d-976460eae97f tableID=0xc0005d2b60 seatIndex=0xc0005d45b0
2025/11/08 14:46:50 INFO session removed token=2de6d205-9073-45e5-b65d-976460eae97f
2025/11/08 14:46:50 INFO session created token=079a1374-e152-4e94-9e29-6aaeebc711df name=User_92_27
2025/11/08 14:46:50 INFO session updated token=079a1374-e152-4e94-9e29-6aaeebc711df tableID=0xc0005d2bb0 seatIndex=0xc0005d4600
2025/11/08 14:46:50 INFO session removed token=079a1374-e152-4e94-9e29-6aaeebc711df
2025/11/08 14:46:50 INFO session created token=d936155e-d779-4440-9df7-17ebba07b22d name=User_92_28
2025/11/08 14:46:50 INFO session updated token=d936155e-d779-4440-9df7-17ebba07b22d tableID=0xc0005d2c00 seatIndex=0xc0005d4650
2025/11/08 14:46:50 INFO session removed token=d936155e-d779-4440-9df7-17ebba07b22d
2025/11/08 14:46:50 INFO session created token=85200de6-a2bf-4247-a22a-10069bd1facb name=User_92_29
2025/11/08 14:46:50 INFO session updated token=85200de6-a2bf-4247-a22a-10069bd1facb tableID=0xc0005d2c50 seatIndex=0xc0005d46a0
2025/11/08 14:46:50 INFO session removed token=85200de6-a2bf-4247-a22a-10069bd1facb
2025/11/08 14:46:50 INFO session created token=ca65cec2-b5bf-442f-b4eb-072a0b2a36ec name=User_92_30
2025/11/08 14:46:50 INFO session updated token=ca65cec2-b5bf-442f-b4eb-072a0b2a36ec tableID=0xc0005d2ca0 seatIndex=0xc0005d46f0
2025/11/08 14:46:50 INFO session removed token=ca65cec2-b5bf-442f-b4eb-072a0b2a36ec
2025/11/08 14:46:50 INFO session created token=07cf39e1-9822-49fe-ae78-6b3f61393d42 name=User_92_31
2025/11/08 14:46:50 INFO session updated token=07cf39e1-9822-49fe-ae78-6b3f61393d42 tableID=0xc0005d2cf0 seatIndex=0xc0005d4740
2025/11/08 14:46:50 INFO session removed token=07cf39e1-9822-49fe-ae78-6b3f61393d42
2025/11/08 14:46:50 INFO session created token=74f5109d-1e5b-4d79-9014-7c83cfd5f5a5 name=User_92_32
2025/11/08 14:46:50 INFO session updated token=74f5109d-1e5b-4d79-9014-7c83cfd5f5a5 tableID=0xc0005d2d40 seatIndex=0xc0005d4790
2025/11/08 14:46:50 INFO session removed token=74f5109d-1e5b-4d79-9014-7c83cfd5f5a5
2025/11/08 14:46:50 INFO session created token=8b1efbf6-d9c4-4072-a2ea-7024f2d56bc8 name=User_92_33
2025/11/08 14:46:50 INFO session updated token=8b1efbf6-d9c4-4072-a2ea-7024f2d56bc8 tableID=0xc0005d2d90 seatIndex=0xc0005d47e0
2025/11/08 14:46:50 INFO session removed token=8b1efbf6-d9c4-4072-a2ea-7024f2d56bc8
2025/11/08 14:46:50 INFO session created token=d559a574-3fdf-44d2-8343-e571ede58294 name=User_92_34
2025/11/08 14:46:50 INFO session updated token=d559a574-3fdf-44d2-8343-e571ede58294 tableID=0xc0005d2de0 seatIndex=0xc0005d4830
2025/11/08 14:46:50 INFO session removed token=d559a574-3fdf-44d2-8343-e571ede58294
2025/11/08 14:46:50 INFO session created token=ac87abe4-0a53-4e4d-a853-28553b9e405a name=User_92_35
2025/11/08 14:46:50 INFO session updated token=ac87abe4-0a53-4e4d-a853-28553b9e405a tableID=0xc0005d2e30 seatIndex=0xc0005d4880
2025/11/08 14:46:50 INFO session removed token=ac87abe4-0a53-4e4d-a853-28553b9e405a
2025/11/08 14:46:50 INFO session created token=5416b5df-0c10-4f29-a310-06cebef29540 name=User_92_36
2025/11/08 14:46:50 INFO session updated token=5416b5df-0c10-4f29-a310-06cebef29540 tableID=0xc0005d2e80 seatIndex=0xc0005d48d0
2025/11/08 14:46:50 INFO session removed token=5416b5df-0c10-4f29-a310-06cebef29540
2025/11/08 14:46:50 INFO session created token=3e30c8c7-42b2-4821-8807-4ffc5f50d5b7 name=User_92_37
2025/11/08 14:46:50 INFO session updated token=3e30c8c7-42b2-4821-8807-4ffc5f50d5b7 tableID=0xc0005d2ed0 seatIndex=0xc0005d4920
2025/11/08 14:46:50 INFO session removed token=3e30c8c7-42b2-4821-8807-4ffc5f50d5b7
2025/11/08 14:46:50 INFO session created token=b9641aea-a0dc-44a3-bb6b-a35459d2fde7 name=User_92_38
2025/11/08 14:46:50 INFO session updated token=b9641aea-a0dc-44a3-bb6b-a35459d2fde7 tableID=0xc0005d2f20 seatIndex=0xc0005d4970
2025/11/08 14:46:50 INFO session removed token=b9641aea-a0dc-44a3-bb6b-a35459d2fde7
2025/11/08 14:46:50 INFO session created token=1a495836-3c00-4feb-a771-309b9509588c name=User_92_39
2025/11/08 14:46:50 INFO session updated token=1a495836-3c00-4feb-a771-309b9509588c tableID=0xc0005d2f70 seatIndex=0xc0005d49c0
2025/11/08 14:46:50 INFO session removed token=1a495836-3c00-4feb-a771-309b9509588c
2025/11/08 14:46:50 INFO session created token=1b1c5010-6d28-4f00-ada4-f6537d0d9c8f name=User_92_40
2025/11/08 14:46:50 INFO session updated token=1b1c5010-6d28-4f00-ada4-f6537d0d9c8f tableID=0xc0005d2fc0 seatIndex=0xc0005d4a10
2025/11/08 14:46:50 INFO session removed token=1b1c5010-6d28-4f00-ada4-f6537d0d9c8f
2025/11/08 14:46:50 INFO session created token=f5ef5161-b3c2-4d7a-950c-d7f8b1a32482 name=User_92_41
2025/11/08 14:46:50 INFO session updated token=f5ef5161-b3c2-4d7a-950c-d7f8b1a32482 tableID=0xc0005d3010 seatIndex=0xc0005d4a60
2025/11/08 14:46:50 INFO session removed token=f5ef5161-b3c2-4d7a-950c-d7f8b1a32482
2025/11/08 14:46:50 INFO session created token=d616c998-4cb2-4536-99bd-37dad53e6101 name=User_92_42
2025/11/08 14:46:50 INFO session updated token=d616c998-4cb2-4536-99bd-37dad53e6101 tableID=0xc0005d3060 seatIndex=0xc0005d4ab0
2025/11/08 14:46:50 INFO session removed token=d616c998-4cb2-4536-99bd-37dad53e6101
2025/11/08 14:46:50 INFO session created token=74e0e4b2-b85d-4452-82d6-e604393f7272 name=User_92_43
2025/11/08 14:46:50 INFO session updated token=74e0e4b2-b85d-4452-82d6-e604393f7272 tableID=0xc0005d30b0 seatIndex=0xc0005d4b00
2025/11/08 14:46:50 INFO session removed token=74e0e4b2-b85d-4452-82d6-e604393f7272
2025/11/08 14:46:50 INFO session created token=20903bca-4e89-46e2-94ec-b9f75d3544d7 name=User_92_44
2025/11/08 14:46:50 INFO session updated token=20903bca-4e89-46e2-94ec-b9f75d3544d7 tableID=0xc0005d3100 seatIndex=0xc0005d4b50
2025/11/08 14:46:50 INFO session removed token=20903bca-4e89-46e2-94ec-b9f75d3544d7
2025/11/08 14:46:50 INFO session created token=71383824-bbb8-4a38-9f07-834e91420d9e name=User_92_45
2025/11/08 14:46:50 INFO session updated token=71383824-bbb8-4a38-9f07-834e91420d9e tableID=0xc0005d3150 seatIndex=0xc0005d4ba0
2025/11/08 14:46:50 INFO session removed token=71383824-bbb8-4a38-9f07-834e91420d9e
2025/11/08 14:46:50 INFO session created token=c2ff6c27-6a77-4dc3-8a8c-a99008bd1862 name=User_92_46
2025/11/08 14:46:50 INFO session updated token=c2ff6c27-6a77-4dc3-8a8c-a99008bd1862 tableID=0xc0005d31a0 seatIndex=0xc0005d4bf0
2025/11/08 14:46:50 INFO session removed token=c2ff6c27-6a77-4dc3-8a8c-a99008bd1862
2025/11/08 14:46:50 INFO session created token=196722c7-53d8-4781-b0e6-816d4beb151e name=User_92_47
2025/11/08 14:46:50 INFO session updated token=196722c7-53d8-4781-b0e6-816d4beb151e tableID=0xc0005d31f0 seatIndex=0xc0005d4c40
2025/11/08 14:46:50 INFO session removed token=196722c7-53d8-4781-b0e6-816d4beb151e
2025/11/08 14:46:50 INFO session created token=6ed80533-6790-4239-8481-8b5b19caabfe name=User_92_48
2025/11/08 14:46:50 INFO session updated token=6ed80533-6790-4239-8481-8b5b19caabfe tableID=0xc0005d3240 seatIndex=0xc0005d4c90
2025/11/08 14:46:50 INFO session removed token=6ed80533-6790-4239-8481-8b5b19caabfe
2025/11/08 14:46:50 INFO session created token=30661e31-e5e6-4ed8-bf15-9b2ba3fcecec name=User_92_49
2025/11/08 14:46:50 INFO session updated token=30661e31-e5e6-4ed8-bf15-9b2ba3fcecec tableID=0xc0005d3290 seatIndex=0xc0005d4ce0
2025/11/08 14:46:50 INFO session removed token=30661e31-e5e6-4ed8-bf15-9b2ba3fcecec
2025/11/08 14:46:50 INFO session created token=d660a208-d617-426b-82b4-5fbe962b1e17 name=User_92_50
2025/11/08 14:46:50 INFO session updated token=d660a208-d617-426b-82b4-5fbe962b1e17 tableID=0xc0005d32e0 seatIndex=0xc0005d4d30
2025/11/08 14:46:50 INFO session removed token=d660a208-d617-426b-82b4-5fbe962b1e17
2025/11/08 14:46:50 INFO session created token=98dbdaef-287d-4f39-ba48-8bb81d6f989e name=User_92_51
2025/11/08 14:46:50 INFO session updated token=98dbdaef-287d-4f39-ba48-8bb81d6f989e tableID=0xc0005d3330 seatIndex=0xc0005d4d80
2025/11/08 14:46:50 INFO session removed token=98dbdaef-287d-4f39-ba48-8bb81d6f989e
2025/11/08 14:46:50 INFO session created token=85392273-fa01-40ec-973e-abb1bd992126 name=User_92_52
2025/11/08 14:46:50 INFO session updated token=85392273-fa01-40ec-973e-abb1bd992126 tableID=0xc0005d3380 seatIndex=0xc0005d4dd0
2025/11/08 14:46:50 INFO session removed token=85392273-fa01-40ec-973e-abb1bd992126
2025/11/08 14:46:50 INFO session created token=3c265114-bfaa-4e07-a317-297be8829c7e name=User_92_53
2025/11/08 14:46:50 INFO session updated token=3c265114-bfaa-4e07-a317-297be8829c7e tableID=0xc0005d33d0 seatIndex=0xc0005d4e20
2025/11/08 14:46:50 INFO session removed token=3c265114-bfaa-4e07-a317-297be8829c7e
2025/11/08 14:46:50 INFO session created token=f99f20d5-f7de-4a30-9480-cfcdcee97eec name=User_92_54
2025/11/08 14:46:50 INFO session updated token=f99f20d5-f7de-4a30-9480-cfcdcee97eec tableID=0xc0005d3420 seatIndex=0xc0005d4e70
2025/11/08 14:46:50 INFO session removed token=f99f20d5-f7de-4a30-9480-cfcdcee97eec
2025/11/08 14:46:50 INFO session created token=3509e779-febd-49a7-9027-f7e0a6f05155 name=User_92_55
2025/11/08 14:46:50 INFO session updated token=3509e779-febd-49a7-9027-f7e0a6f05155 tableID=0xc0005d3470 seatIndex=0xc0005d4ec0
2025/11/08 14:46:50 INFO session removed token=3509e779-febd-49a7-9027-f7e0a6f05155
2025/11/08 14:46:50 INFO session created token=8f2e9e76-84ad-42dd-9558-63faca0b28f8 name=User_92_56
2025/11/08 14:46:50 INFO session updated token=8f2e9e76-84ad-42dd-9558-63faca0b28f8 tableID=0xc0005d34c0 seatIndex=0xc0005d4f10
2025/11/08 14:46:50 INFO session removed token=8f2e9e76-84ad-42dd-9558-63faca0b28f8
2025/11/08 14:46:50 INFO session created token=d8163b19-5844-4d0f-b520-e8a27334f305 name=User_92_57
2025/11/08 14:46:50 INFO session updated token=d8163b19-5844-4d0f-b520-e8a27334f305 tableID=0xc0005d3510 seatIndex=0xc0005d4f60
2025/11/08 14:46:50 INFO session removed token=d8163b19-5844-4d0f-b520-e8a27334f305
2025/11/08 14:46:50 INFO session created token=8bf0bac2-4511-4c85-a1e1-773f6059e0f5 name=User_92_58
2025/11/08 14:46:50 INFO session updated token=8bf0bac2-4511-4c85-a1e1-773f6059e0f5 tableID=0xc0005d3560 seatIndex=0xc0005d4fb0
2025/11/08 14:46:50 INFO session removed token=8bf0bac2-4511-4c85-a1e1-773f6059e0f5
2025/11/08 14:46:50 INFO session created token=b114494c-2510-4d25-b53e-81f4d7f4154c name=User_92_59
2025/11/08 14:46:50 INFO session updated token=b114494c-2510-4d25-b53e-81f4d7f4154c tableID=0xc0005d35b0 seatIndex=0xc0005d5000
2025/11/08 14:46:50 INFO session removed token=b114494c-2510-4d25-b53e-81f4d7f4154c
2025/11/08 14:46:50 INFO session created token=bc867198-fd11-4c5d-a14b-54a77a49c3d0 name=User_92_60
2025/11/08 14:46:50 INFO session updated token=bc867198-fd11-4c5d-a14b-54a77a49c3d0 tableID=0xc0005d3600 seatIndex=0xc0005d5050
2025/11/08 14:46:50 INFO session removed token=bc867198-fd11-4c5d-a14b-54a77a49c3d0
2025/11/08 14:46:50 INFO session created token=4cc4d41c-44da-4aea-b956-7125d7daca04 name=User_92_61
2025/11/08 14:46:50 INFO session updated token=4cc4d41c-44da-4aea-b956-7125d7daca04 tableID=0xc0005d3650 seatIndex=0xc0005d50a0
2025/11/08 14:46:50 INFO session removed token=4cc4d41c-44da-4aea-b956-7125d7daca04
2025/11/08 14:46:50 INFO session created token=bd766a64-5909-44f7-9806-d9f56d4cb474 name=User_92_62
2025/11/08 14:46:50 INFO session updated token=bd766a64-5909-44f7-9806-d9f56d4cb474 tableID=0xc0005d36a0 seatIndex=0xc0005d50f0
2025/11/08 14:46:50 INFO session removed token=bd766a64-5909-44f7-9806-d9f56d4cb474
2025/11/08 14:46:50 INFO session created token=ede79e4d-0547-4982-9754-0e94c4b70905 name=User_92_63
2025/11/08 14:46:50 INFO session updated token=ede79e4d-0547-4982-9754-0e94c4b70905 tableID=0xc0005d36f0 seatIndex=0xc0005d5140
2025/11/08 14:46:50 INFO session removed token=ede79e4d-0547-4982-9754-0e94c4b70905
2025/11/08 14:46:50 INFO session created token=18c1736c-4ff2-47e9-a5ce-e48e7e22c57c name=User_92_64
2025/11/08 14:46:50 INFO session updated token=18c1736c-4ff2-47e9-a5ce-e48e7e22c57c tableID=0xc0005d3740 seatIndex=0xc0005d5190
2025/11/08 14:46:50 INFO session removed token=18c1736c-4ff2-47e9-a5ce-e48e7e22c57c
2025/11/08 14:46:50 INFO session created token=ed3152a8-0a0e-4d51-9279-6200a5a808a7 name=User_92_65
2025/11/08 14:46:50 INFO session updated token=ed3152a8-0a0e-4d51-9279-6200a5a808a7 tableID=0xc0005d3790 seatIndex=0xc0005d51e0
2025/11/08 14:46:50 INFO session removed token=ed3152a8-0a0e-4d51-9279-6200a5a808a7
2025/11/08 14:46:50 INFO session created token=e6b55537-3c2d-4fc7-9638-b4dfae2489fd name=User_92_66
2025/11/08 14:46:50 INFO session updated token=e6b55537-3c2d-4fc7-9638-b4dfae2489fd tableID=0xc0005d37e0 seatIndex=0xc0005d5230
2025/11/08 14:46:50 INFO session removed token=e6b55537-3c2d-4fc7-9638-b4dfae2489fd
2025/11/08 14:46:50 INFO session created token=d3150ce3-e9ad-4b0c-a456-ec958f5dcc02 name=User_92_67
2025/11/08 14:46:50 INFO session updated token=d3150ce3-e9ad-4b0c-a456-ec958f5dcc02 tableID=0xc0005d3830 seatIndex=0xc0005d5280
2025/11/08 14:46:50 INFO session removed token=d3150ce3-e9ad-4b0c-a456-ec958f5dcc02
2025/11/08 14:46:50 INFO session created token=eb35b040-ceeb-47a4-934e-8b09dc9558f6 name=User_92_68
2025/11/08 14:46:50 INFO session updated token=eb35b040-ceeb-47a4-934e-8b09dc9558f6 tableID=0xc0005d3880 seatIndex=0xc0005d52d0
2025/11/08 14:46:50 INFO session removed token=eb35b040-ceeb-47a4-934e-8b09dc9558f6
2025/11/08 14:46:50 INFO session created token=8d5b2cc3-1ccc-4823-9476-52df1b99cf9a name=User_92_69
2025/11/08 14:46:50 INFO session updated token=8d5b2cc3-1ccc-4823-9476-52df1b99cf9a tableID=0xc0005d38d0 seatIndex=0xc0005d5320
2025/11/08 14:46:50 INFO session removed token=8d5b2cc3-1ccc-4823-9476-52df1b99cf9a
2025/11/08 14:46:50 INFO session created token=be5b3bb6-7891-4ae6-9bc8-7597295e91fb name=User_92_70
2025/11/08 14:46:50 INFO session updated token=be5b3bb6-7891-4ae6-9bc8-7597295e91fb tableID=0xc0005d3920 seatIndex=0xc0005d5370
2025/11/08 14:46:50 INFO session removed token=be5b3bb6-7891-4ae6-9bc8-7597295e91fb
2025/11/08 14:46:50 INFO session created token=7a047d69-f5e2-4d9a-8e7c-ad1d58aa80c8 name=User_92_71
2025/11/08 14:46:50 INFO session updated token=7a047d69-f5e2-4d9a-8e7c-ad1d58aa80c8 tableID=0xc0005d3970 seatIndex=0xc0005d53c0
2025/11/08 14:46:50 INFO session removed token=7a047d69-f5e2-4d9a-8e7c-ad1d58aa80c8
2025/11/08 14:46:50 INFO session created token=c16d18e3-2cbf-4877-8c9f-1ed92c4cfba5 name=User_92_72
2025/11/08 14:46:50 INFO session updated token=c16d18e3-2cbf-4877-8c9f-1ed92c4cfba5 tableID=0xc0005d39c0 seatIndex=0xc0005d5410
2025/11/08 14:46:50 INFO session removed token=c16d18e3-2cbf-4877-8c9f-1ed92c4cfba5
2025/11/08 14:46:50 INFO session created token=15f940ad-26ef-4320-ac14-5ddc5fa8bc9a name=User_92_73
2025/11/08 14:46:50 INFO session updated token=15f940ad-26ef-4320-ac14-5ddc5fa8bc9a tableID=0xc0005d3a10 seatIndex=0xc0005d5460
2025/11/08 14:46:50 INFO session removed token=15f940ad-26ef-4320-ac14-5ddc5fa8bc9a
2025/11/08 14:46:50 INFO session created token=28ea2d2f-1c16-4702-8dea-724153d69185 name=User_92_74
2025/11/08 14:46:50 INFO session updated token=28ea2d2f-1c16-4702-8dea-724153d69185 tableID=0xc0005d3a60 seatIndex=0xc0005d54b0
2025/11/08 14:46:50 INFO session removed token=28ea2d2f-1c16-4702-8dea-724153d69185
2025/11/08 14:46:50 INFO session created token=91d4d09b-eeba-407d-bccf-c2cb05ef91d5 name=User_92_75
2025/11/08 14:46:50 INFO session updated token=91d4d09b-eeba-407d-bccf-c2cb05ef91d5 tableID=0xc0005d3ab0 seatIndex=0xc0005d5500
2025/11/08 14:46:50 INFO session removed token=91d4d09b-eeba-407d-bccf-c2cb05ef91d5
2025/11/08 14:46:50 INFO session created token=981eddae-77d7-40ee-a022-09005e578330 name=User_92_76
2025/11/08 14:46:50 INFO session updated token=981eddae-77d7-40ee-a022-09005e578330 tableID=0xc0005d3b00 seatIndex=0xc0005d5550
2025/11/08 14:46:50 INFO session removed token=981eddae-77d7-40ee-a022-09005e578330
2025/11/08 14:46:50 INFO session created token=e0625cff-4cdf-4d97-85d2-2120d1c4f2c3 name=User_92_77
2025/11/08 14:46:50 INFO session updated token=e0625cff-4cdf-4d97-85d2-2120d1c4f2c3 tableID=0xc0005d3b50 seatIndex=0xc0005d55a0
2025/11/08 14:46:50 INFO session removed token=e0625cff-4cdf-4d97-85d2-2120d1c4f2c3
2025/11/08 14:46:50 INFO session created token=4695c5ca-fc2e-4b2b-88d5-136128949afb name=User_92_78
2025/11/08 14:46:50 INFO session updated token=4695c5ca-fc2e-4b2b-88d5-136128949afb tableID=0xc0005d3ba0 seatIndex=0xc0005d55f0
2025/11/08 14:46:50 INFO session removed token=4695c5ca-fc2e-4b2b-88d5-136128949afb
2025/11/08 14:46:50 INFO session created token=4ba811ba-8f3d-4cd1-8fd3-b61aa2b915af name=User_92_79
2025/11/08 14:46:50 INFO session updated token=4ba811ba-8f3d-4cd1-8fd3-b61aa2b915af tableID=0xc0005d3bf0 seatIndex=0xc0005d5640
2025/11/08 14:46:50 INFO session removed token=4ba811ba-8f3d-4cd1-8fd3-b61aa2b915af
2025/11/08 14:46:50 INFO session created token=a9118fbd-f66f-42e1-9947-646c81437b2e name=User_92_80
2025/11/08 14:46:50 INFO session updated token=a9118fbd-f66f-42e1-9947-646c81437b2e tableID=0xc0005d3c40 seatIndex=0xc0005d5690
2025/11/08 14:46:50 INFO session removed token=a9118fbd-f66f-42e1-9947-646c81437b2e
2025/11/08 14:46:50 INFO session created token=17a79362-b79b-428b-9a99-bc04b670cdfe name=User_92_81
2025/11/08 14:46:50 INFO session updated token=17a79362-b79b-428b-9a99-bc04b670cdfe tableID=0xc0005d3c90 seatIndex=0xc0005d56e0
2025/11/08 14:46:50 INFO session removed token=17a79362-b79b-428b-9a99-bc04b670cdfe
2025/11/08 14:46:50 INFO session created token=f820f5b1-c8cd-43e8-976f-92727358ccdc name=User_92_82
2025/11/08 14:46:50 INFO session updated token=f820f5b1-c8cd-43e8-976f-92727358ccdc tableID=0xc0005d3ce0 seatIndex=0xc0005d5730
2025/11/08 14:46:50 INFO session removed token=f820f5b1-c8cd-43e8-976f-92727358ccdc
2025/11/08 14:46:50 INFO session created token=6b3aad5f-b22f-476f-ba94-b635122fcee0 name=User_92_83
2025/11/08 14:46:50 INFO session updated token=6b3aad5f-b22f-476f-ba94-b635122fcee0 tableID=0xc0005d3d30 seatIndex=0xc0005d5780
2025/11/08 14:46:50 INFO session removed token=6b3aad5f-b22f-476f-ba94-b635122fcee0
2025/11/08 14:46:50 INFO session created token=4cecb863-a445-485b-a69c-7a1c25e5fb02 name=User_92_84
2025/11/08 14:46:50 INFO session updated token=4cecb863-a445-485b-a69c-7a1c25e5fb02 tableID=0xc0005d3d80 seatIndex=0xc0005d57d0
2025/11/08 14:46:50 INFO session removed token=4cecb863-a445-485b-a69c-7a1c25e5fb02
2025/11/08 14:46:50 INFO session created token=3a86fb81-63ec-4780-95b9-64a1efab919a name=User_92_85
2025/11/08 14:46:50 INFO session updated token=3a86fb81-63ec-4780-95b9-64a1efab919a tableID=0xc0005d3dd0 seatIndex=0xc0005d5820
2025/11/08 14:46:50 INFO session removed token=3a86fb81-63ec-4780-95b9-64a1efab919a
2025/11/08 14:46:50 INFO session created token=ccd456ea-e867-441b-9f68-c14eb432966f name=User_92_86
2025/11/08 14:46:50 INFO session updated token=ccd456ea-e867-441b-9f68-c14eb432966f tableID=0xc0005d3e20 seatIndex=0xc0005d5870
2025/11/08 14:46:50 INFO session removed token=ccd456ea-e867-441b-9f68-c14eb432966f
2025/11/08 14:46:50 INFO session created token=4f339997-1e7f-4c3f-936c-2c3664d6387c name=User_92_87
2025/11/08 14:46:50 INFO session updated token=4f339997-1e7f-4c3f-936c-2c3664d6387c tableID=0xc0005d3e70 seatIndex=0xc0005d58c0
2025/11/08 14:46:50 INFO session removed token=4f339997-1e7f-4c3f-936c-2c3664d6387c
2025/11/08 14:46:50 INFO session created token=e86bddbf-9bdc-4244-bf63-c5929636a769 name=User_92_88
2025/11/08 14:46:50 INFO session updated token=e86bddbf-9bdc-4244-bf63-c5929636a769 tableID=0xc0005d3ec0 seatIndex=0xc0005d5910
2025/11/08 14:46:50 INFO session removed token=e86bddbf-9bdc-4244-bf63-c5929636a769
2025/11/08 14:46:50 INFO session created token=bd673265-5329-409a-b239-a322dd8ad31a name=User_92_89
2025/11/08 14:46:50 INFO session updated token=bd673265-5329-409a-b239-a322dd8ad31a tableID=0xc0005d3f10 seatIndex=0xc0005d5960
2025/11/08 14:46:50 INFO session removed token=bd673265-5329-409a-b239-a322dd8ad31a
2025/11/08 14:46:50 INFO session created token=316e93c6-03f7-420a-a372-48ece1a33f65 name=User_92_90
2025/11/08 14:46:50 INFO session updated token=316e93c6-03f7-420a-a372-48ece1a33f65 tableID=0xc0005d3f60 seatIndex=0xc0005d59b0
2025/11/08 14:46:50 INFO session removed token=316e93c6-03f7-420a-a372-48ece1a33f65
2025/11/08 14:46:50 INFO session created token=60bb630e-94c8-41a5-93d8-2c04df43db96 name=User_92_91
2025/11/08 14:46:50 INFO session updated token=60bb630e-94c8-41a5-93d8-2c04df43db96 tableID=0xc0005da030 seatIndex=0xc0005d5a00
2025/11/08 14:46:50 INFO session removed token=60bb630e-94c8-41a5-93d8-2c04df43db96
2025/11/08 14:46:50 INFO session created token=2e02e92b-30c5-4abc-90f4-bb7ebad0f7e3 name=User_92_92
2025/11/08 14:46:50 INFO session updated token=2e02e92b-30c5-4abc-90f4-bb7ebad0f7e3 tableID=0xc0005da080 seatIndex=0xc0005d5a50
2025/11/08 14:46:50 INFO session removed token=2e02e92b-30c5-4abc-90f4-bb7ebad0f7e3
2025/11/08 14:46:50 INFO session created token=da6b4766-9791-46d1-84b3-e57d6827ea99 name=User_92_93
2025/11/08 14:46:50 INFO session updated token=da6b4766-9791-46d1-84b3-e57d6827ea99 tableID=0xc0005da0d0 seatIndex=0xc0005d5aa0
2025/11/08 14:46:50 INFO session removed token=da6b4766-9791-46d1-84b3-e57d6827ea99
2025/11/08 14:46:50 INFO session created token=6d1a7aae-950b-4a50-bdc2-f9d65aa35722 name=User_92_94
2025/11/08 14:46:50 INFO session updated token=6d1a7aae-950b-4a50-bdc2-f9d65aa35722 tableID=0xc0005da120 seatIndex=0xc0005d5af0
2025/11/08 14:46:50 INFO session removed token=6d1a7aae-950b-4a50-bdc2-f9d65aa35722
2025/11/08 14:46:50 INFO session created token=b2968131-3460-418f-9292-7f3113586a6d name=User_92_95
2025/11/08 14:46:50 INFO session updated token=b2968131-3460-418f-9292-7f3113586a6d tableID=0xc0005da170 seatIndex=0xc0005d5b40
2025/11/08 14:46:50 INFO session removed token=b2968131-3460-418f-9292-7f3113586a6d
2025/11/08 14:46:50 INFO session created token=e8ad1bdf-bad9-4a28-b3fb-7776c71530ee name=User_92_96
2025/11/08 14:46:50 INFO session updated token=e8ad1bdf-bad9-4a28-b3fb-7776c71530ee tableID=0xc0005da1c0 seatIndex=0xc0005d5b90
2025/11/08 14:46:50 INFO session removed token=e8ad1bdf-bad9-4a28-b3fb-7776c71530ee
2025/11/08 14:46:50 INFO session created token=6f114112-f2d0-4cc0-ac6b-42a9f7dca773 name=User_92_97
2025/11/08 14:46:50 INFO session updated token=6f114112-f2d0-4cc0-ac6b-42a9f7dca773 tableID=0xc0005da210 seatIndex=0xc0005d5be0
2025/11/08 14:46:50 INFO session removed token=6f114112-f2d0-4cc0-ac6b-42a9f7dca773
2025/11/08 14:46:50 INFO session created token=0537a35e-be3d-4883-b3bc-d1df36febc33 name=User_92_98
2025/11/08 14:46:50 INFO session updated token=0537a35e-be3d-4883-b3bc-d1df36febc33 tableID=0xc0005da260 seatIndex=0xc0005d5c30
2025/11/08 14:46:50 INFO session removed token=0537a35e-be3d-4883-b3bc-d1df36febc33
2025/11/08 14:46:50 INFO session created token=0c513c1f-32ad-4f84-b129-4baeafd06053 name=User_92_99
2025/11/08 14:46:50 INFO session updated token=0c513c1f-32ad-4f84-b129-4baeafd06053 tableID=0xc0005da2b0 seatIndex=0xc0005d5c80
2025/11/08 14:46:50 INFO session removed token=0c513c1f-32ad-4f84-b129-4baeafd06053
2025/11/08 14:46:50 INFO session updated token=b4c73abb-8f73-48aa-8b22-8059b729b2f5 tableID=0xc0003f4130 seatIndex=0xc0003ef4e0
2025/11/08 14:46:50 INFO session removed token=b4c73abb-8f73-48aa-8b22-8059b729b2f5
2025/11/08 14:46:50 INFO session created token=0271b49e-687c-4593-9fea-7cd27be3a286 name=User_69_30
2025/11/08 14:46:50 INFO session updated token=0271b49e-687c-4593-9fea-7cd27be3a286 tableID=0xc0005da320 seatIndex=0xc0005d5cf0
2025/11/08 14:46:50 INFO session removed token=0271b49e-687c-4593-9fea-7cd27be3a286
2025/11/08 14:46:50 INFO session created token=364e30f5-38b9-49b1-85b5-6573d1ba3c1d name=User_69_31
2025/11/08 14:46:50 INFO session updated token=364e30f5-38b9-49b1-85b5-6573d1ba3c1d tableID=0xc0005da370 seatIndex=0xc0005d5d40
2025/11/08 14:46:50 INFO session removed token=364e30f5-38b9-49b1-85b5-6573d1ba3c1d
2025/11/08 14:46:50 INFO session created token=cecd8f45-36cb-491b-b0bb-88b915312a79 name=User_69_32
2025/11/08 14:46:50 INFO session updated token=cecd8f45-36cb-491b-b0bb-88b915312a79 tableID=0xc0005da3c0 seatIndex=0xc0005d5d90
2025/11/08 14:46:50 INFO session removed token=cecd8f45-36cb-491b-b0bb-88b915312a79
2025/11/08 14:46:50 INFO session created token=53b1350e-c4d3-4a07-8d41-bdab554dbe51 name=User_69_33
2025/11/08 14:46:50 INFO session updated token=53b1350e-c4d3-4a07-8d41-bdab554dbe51 tableID=0xc0005da410 seatIndex=0xc0005d5de0
2025/11/08 14:46:50 INFO session removed token=53b1350e-c4d3-4a07-8d41-bdab554dbe51
2025/11/08 14:46:50 INFO session created token=66aa95ff-011a-454a-aa28-29ba6bc1736b name=User_69_34
2025/11/08 14:46:50 INFO session updated token=66aa95ff-011a-454a-aa28-29ba6bc1736b tableID=0xc0005da460 seatIndex=0xc0005d5e30
2025/11/08 14:46:50 INFO session removed token=66aa95ff-011a-454a-aa28-29ba6bc1736b
2025/11/08 14:46:50 INFO session created token=75102338-fa2b-43d3-8cde-2bc912381517 name=User_69_35
2025/11/08 14:46:50 INFO session updated token=75102338-fa2b-43d3-8cde-2bc912381517 tableID=0xc0005da4b0 seatIndex=0xc0005d5e80
2025/11/08 14:46:50 INFO session removed token=75102338-fa2b-43d3-8cde-2bc912381517
2025/11/08 14:46:50 INFO session created token=fa2b4603-aca7-4cbd-9601-39c4387f6ec3 name=User_69_36
2025/11/08 14:46:50 INFO session updated token=fa2b4603-aca7-4cbd-9601-39c4387f6ec3 tableID=0xc0005da500 seatIndex=0xc0005d5ed0
2025/11/08 14:46:50 INFO session removed token=fa2b4603-aca7-4cbd-9601-39c4387f6ec3
2025/11/08 14:46:50 INFO session created token=90866070-511f-4cd5-bd6c-690685f16880 name=User_69_37
2025/11/08 14:46:50 INFO session updated token=90866070-511f-4cd5-bd6c-690685f16880 tableID=0xc0005da550 seatIndex=0xc0005d5f20
2025/11/08 14:46:50 INFO session removed token=90866070-511f-4cd5-bd6c-690685f16880
2025/11/08 14:46:50 INFO session created token=46f43288-cfdf-4c2f-bb01-8465505dc4d4 name=User_69_38
2025/11/08 14:46:50 INFO session updated token=46f43288-cfdf-4c2f-bb01-8465505dc4d4 tableID=0xc0005da5a0 seatIndex=0xc0005d5f70
2025/11/08 14:46:50 INFO session removed token=46f43288-cfdf-4c2f-bb01-8465505dc4d4
2025/11/08 14:46:50 INFO session created token=37534639-c1f8-482b-a91b-b787fc395ebd name=User_69_39
2025/11/08 14:46:50 INFO session updated token=37534639-c1f8-482b-a91b-b787fc395ebd tableID=0xc0005da5f0 seatIndex=0xc0005d5fc0
2025/11/08 14:46:50 INFO session removed token=37534639-c1f8-482b-a91b-b787fc395ebd
2025/11/08 14:46:50 INFO session created token=3f622c7f-ba21-4c39-ae41-f1666232e34f name=User_69_40
2025/11/08 14:46:50 INFO session updated token=3f622c7f-ba21-4c39-ae41-f1666232e34f tableID=0xc0005da640 seatIndex=0xc0005dc010
2025/11/08 14:46:50 INFO session removed token=3f622c7f-ba21-4c39-ae41-f1666232e34f
2025/11/08 14:46:50 INFO session created token=785f4438-9571-4378-98bf-eabb12fe478f name=User_69_41
2025/11/08 14:46:50 INFO session updated token=785f4438-9571-4378-98bf-eabb12fe478f tableID=0xc0005da690 seatIndex=0xc0005dc060
2025/11/08 14:46:50 INFO session removed token=785f4438-9571-4378-98bf-eabb12fe478f
2025/11/08 14:46:50 INFO session created token=85e0406d-262a-43f8-92bd-8e93e848f1d1 name=User_69_42
2025/11/08 14:46:50 INFO session updated token=85e0406d-262a-43f8-92bd-8e93e848f1d1 tableID=0xc0005da6e0 seatIndex=0xc0005dc0b0
2025/11/08 14:46:50 INFO session removed token=85e0406d-262a-43f8-92bd-8e93e848f1d1
2025/11/08 14:46:50 INFO session created token=a9faeea2-8a47-4754-b9d7-93f46b191ac9 name=User_69_43
2025/11/08 14:46:50 INFO session updated token=a9faeea2-8a47-4754-b9d7-93f46b191ac9 tableID=0xc0005da730 seatIndex=0xc0005dc100
2025/11/08 14:46:50 INFO session removed token=a9faeea2-8a47-4754-b9d7-93f46b191ac9
2025/11/08 14:46:50 INFO session created token=089a58fc-a526-4770-b922-f0a30edea604 name=User_69_44
2025/11/08 14:46:50 INFO session updated token=089a58fc-a526-4770-b922-f0a30edea604 tableID=0xc0005da780 seatIndex=0xc0005dc150
2025/11/08 14:46:50 INFO session removed token=089a58fc-a526-4770-b922-f0a30edea604
2025/11/08 14:46:50 INFO session created token=1c0fef84-e56f-4b84-afff-b78b32eda8ea name=User_69_45
2025/11/08 14:46:50 INFO session updated token=1c0fef84-e56f-4b84-afff-b78b32eda8ea tableID=0xc0005da7d0 seatIndex=0xc0005dc1a0
2025/11/08 14:46:50 INFO session removed token=1c0fef84-e56f-4b84-afff-b78b32eda8ea
2025/11/08 14:46:50 INFO session created token=b1e2cc7d-8df4-41fa-a467-619131b95834 name=User_69_46
2025/11/08 14:46:50 INFO session updated token=b1e2cc7d-8df4-41fa-a467-619131b95834 tableID=0xc0005da820 seatIndex=0xc0005dc1f0
2025/11/08 14:46:50 INFO session removed token=b1e2cc7d-8df4-41fa-a467-619131b95834
2025/11/08 14:46:50 INFO session created token=bc4f26ef-5692-47a3-84e9-752c36dcda6e name=User_69_47
2025/11/08 14:46:50 INFO session updated token=bc4f26ef-5692-47a3-84e9-752c36dcda6e tableID=0xc0005da870 seatIndex=0xc0005dc240
2025/11/08 14:46:50 INFO session removed token=bc4f26ef-5692-47a3-84e9-752c36dcda6e
2025/11/08 14:46:50 INFO session created token=a594f4d1-a6c1-4e2a-bb89-151227dc90ad name=User_69_48
2025/11/08 14:46:50 INFO session updated token=a594f4d1-a6c1-4e2a-bb89-151227dc90ad tableID=0xc0005da8c0 seatIndex=0xc0005dc290
2025/11/08 14:46:50 INFO session removed token=a594f4d1-a6c1-4e2a-bb89-151227dc90ad
2025/11/08 14:46:50 INFO session created token=16f66633-9358-4c25-9032-97604e9081c2 name=User_69_49
2025/11/08 14:46:50 INFO session updated token=16f66633-9358-4c25-9032-97604e9081c2 tableID=0xc0005da910 seatIndex=0xc0005dc2e0
2025/11/08 14:46:50 INFO session removed token=16f66633-9358-4c25-9032-97604e9081c2
2025/11/08 14:46:50 INFO session created token=641aacec-f70a-4219-b22f-db25cb25566e name=User_69_50
2025/11/08 14:46:50 INFO session updated token=641aacec-f70a-4219-b22f-db25cb25566e tableID=0xc0005da960 seatIndex=0xc0005dc330
2025/11/08 14:46:50 INFO session removed token=641aacec-f70a-4219-b22f-db25cb25566e
2025/11/08 14:46:50 INFO session created token=1d8d8e86-358d-4e58-b9ed-feeb982d1311 name=User_69_51
2025/11/08 14:46:50 INFO session updated token=1d8d8e86-358d-4e58-b9ed-feeb982d1311 tableID=0xc0005da9b0 seatIndex=0xc0005dc380
2025/11/08 14:46:50 INFO session removed token=1d8d8e86-358d-4e58-b9ed-feeb982d1311
2025/11/08 14:46:50 INFO session created token=670bf8ee-fd5c-4b87-9f22-0ba30cdbb3d5 name=User_69_52
2025/11/08 14:46:50 INFO session updated token=670bf8ee-fd5c-4b87-9f22-0ba30cdbb3d5 tableID=0xc0005daa00 seatIndex=0xc0005dc3d0
2025/11/08 14:46:50 INFO session removed token=670bf8ee-fd5c-4b87-9f22-0ba30cdbb3d5
2025/11/08 14:46:50 INFO session created token=9c960e2c-fe86-49a3-806c-81316afb2ae5 name=User_69_53
2025/11/08 14:46:50 INFO session updated token=9c960e2c-fe86-49a3-806c-81316afb2ae5 tableID=0xc0005daa50 seatIndex=0xc0005dc420
2025/11/08 14:46:50 INFO session removed token=9c960e2c-fe86-49a3-806c-81316afb2ae5
2025/11/08 14:46:50 INFO session created token=26614b04-5e46-4300-8b30-3bc5b3c49da8 name=User_69_54
2025/11/08 14:46:50 INFO session updated token=26614b04-5e46-4300-8b30-3bc5b3c49da8 tableID=0xc0005daaa0 seatIndex=0xc0005dc470
2025/11/08 14:46:50 INFO session removed token=26614b04-5e46-4300-8b30-3bc5b3c49da8
2025/11/08 14:46:50 INFO session created token=eb5b7f14-6154-4adb-9bd8-e6d42297cbf0 name=User_69_55
2025/11/08 14:46:50 INFO session updated token=eb5b7f14-6154-4adb-9bd8-e6d42297cbf0 tableID=0xc0005daaf0 seatIndex=0xc0005dc4c0
2025/11/08 14:46:50 INFO session removed token=eb5b7f14-6154-4adb-9bd8-e6d42297cbf0
2025/11/08 14:46:50 INFO session created token=e55615ff-be40-468e-a37c-99c08bb9cd18 name=User_69_56
2025/11/08 14:46:50 INFO session updated token=e55615ff-be40-468e-a37c-99c08bb9cd18 tableID=0xc0005dab40 seatIndex=0xc0005dc510
2025/11/08 14:46:50 INFO session removed token=e55615ff-be40-468e-a37c-99c08bb9cd18
2025/11/08 14:46:50 INFO session created token=6bfb9b0a-f112-4512-9404-55bf652f097f name=User_69_57
2025/11/08 14:46:50 INFO session updated token=6bfb9b0a-f112-4512-9404-55bf652f097f tableID=0xc0005dab90 seatIndex=0xc0005dc560
2025/11/08 14:46:50 INFO session removed token=6bfb9b0a-f112-4512-9404-55bf652f097f
2025/11/08 14:46:50 INFO session created token=e47e567c-9b58-4288-a128-4ff3e0238b64 name=User_69_58
2025/11/08 14:46:50 INFO session updated token=e47e567c-9b58-4288-a128-4ff3e0238b64 tableID=0xc0005dabe0 seatIndex=0xc0005dc5b0
2025/11/08 14:46:50 INFO session removed token=e47e567c-9b58-4288-a128-4ff3e0238b64
2025/11/08 14:46:50 INFO session created token=eae7e170-bd82-45d3-b9fa-52002ee91063 name=User_69_59
2025/11/08 14:46:50 INFO session updated token=eae7e170-bd82-45d3-b9fa-52002ee91063 tableID=0xc0005dac30 seatIndex=0xc0005dc600
2025/11/08 14:46:50 INFO session removed token=eae7e170-bd82-45d3-b9fa-52002ee91063
2025/11/08 14:46:50 INFO session created token=6b4d9060-b0b1-4e7d-9b0c-ddc2986c4dca name=User_69_60
2025/11/08 14:46:50 INFO session updated token=6b4d9060-b0b1-4e7d-9b0c-ddc2986c4dca tableID=0xc0005dac80 seatIndex=0xc0005dc650
2025/11/08 14:46:50 INFO session removed token=6b4d9060-b0b1-4e7d-9b0c-ddc2986c4dca
2025/11/08 14:46:50 INFO session created token=005b23bd-44cc-4dfa-83d0-abaa72ca91c9 name=User_69_61
2025/11/08 14:46:50 INFO session updated token=005b23bd-44cc-4dfa-83d0-abaa72ca91c9 tableID=0xc0005dacd0 seatIndex=0xc0005dc6a0
2025/11/08 14:46:50 INFO session removed token=005b23bd-44cc-4dfa-83d0-abaa72ca91c9
2025/11/08 14:46:50 INFO session created token=1e62ac68-8429-4d26-ad8c-418eacfc4825 name=User_69_62
2025/11/08 14:46:50 INFO session updated token=1e62ac68-8429-4d26-ad8c-418eacfc4825 tableID=0xc0005dad20 seatIndex=0xc0005dc6f0
2025/11/08 14:46:50 INFO session removed token=1e62ac68-8429-4d26-ad8c-418eacfc4825
2025/11/08 14:46:50 INFO session created token=de810f7b-a703-4d43-80c3-e8e429be7275 name=User_69_63
2025/11/08 14:46:50 INFO session updated token=de810f7b-a703-4d43-80c3-e8e429be7275 tableID=0xc0005dad70 seatIndex=0xc0005dc740
2025/11/08 14:46:50 INFO session removed token=de810f7b-a703-4d43-80c3-e8e429be7275
2025/11/08 14:46:50 INFO session created token=183c8554-70a3-4ed6-a79e-20a83d8a5aab name=User_69_64
2025/11/08 14:46:50 INFO session updated token=183c8554-70a3-4ed6-a79e-20a83d8a5aab tableID=0xc0005dadc0 seatIndex=0xc0005dc790
2025/11/08 14:46:50 INFO session removed token=183c8554-70a3-4ed6-a79e-20a83d8a5aab
2025/11/08 14:46:50 INFO session created token=edff345d-0130-4556-aaa7-f2878b168b86 name=User_69_65
2025/11/08 14:46:50 INFO session updated token=edff345d-0130-4556-aaa7-f2878b168b86 tableID=0xc0005dae10 seatIndex=0xc0005dc7e0
2025/11/08 14:46:50 INFO session removed token=edff345d-0130-4556-aaa7-f2878b168b86
2025/11/08 14:46:50 INFO session created token=507a6d5c-cb3b-49e7-a1c2-dc3e24bd5bc7 name=User_69_66
2025/11/08 14:46:50 INFO session updated token=507a6d5c-cb3b-49e7-a1c2-dc3e24bd5bc7 tableID=0xc0005dae60 seatIndex=0xc0005dc830
2025/11/08 14:46:50 INFO session removed token=507a6d5c-cb3b-49e7-a1c2-dc3e24bd5bc7
2025/11/08 14:46:50 INFO session created token=dc4ba25c-1c1a-4154-ab7d-99c357f1c388 name=User_69_67
2025/11/08 14:46:50 INFO session updated token=dc4ba25c-1c1a-4154-ab7d-99c357f1c388 tableID=0xc0005daeb0 seatIndex=0xc0005dc880
2025/11/08 14:46:50 INFO session removed token=dc4ba25c-1c1a-4154-ab7d-99c357f1c388
2025/11/08 14:46:50 INFO session created token=f8f7784e-59ee-425b-a25c-ea6439e23084 name=User_69_68
2025/11/08 14:46:50 INFO session updated token=f8f7784e-59ee-425b-a25c-ea6439e23084 tableID=0xc0005daf00 seatIndex=0xc0005dc8d0
2025/11/08 14:46:50 INFO session removed token=f8f7784e-59ee-425b-a25c-ea6439e23084
2025/11/08 14:46:50 INFO session created token=02633265-e25d-4449-800d-c114ce060995 name=User_69_69
2025/11/08 14:46:50 INFO session updated token=02633265-e25d-4449-800d-c114ce060995 tableID=0xc0005daf50 seatIndex=0xc0005dc920
2025/11/08 14:46:50 INFO session removed token=02633265-e25d-4449-800d-c114ce060995
2025/11/08 14:46:50 INFO session created token=0caeb4ba-00bc-4ccf-a6e3-08fd741a9f8e name=User_69_70
2025/11/08 14:46:50 INFO session updated token=0caeb4ba-00bc-4ccf-a6e3-08fd741a9f8e tableID=0xc0005dafa0 seatIndex=0xc0005dc970
2025/11/08 14:46:50 INFO session removed token=0caeb4ba-00bc-4ccf-a6e3-08fd741a9f8e
2025/11/08 14:46:50 INFO session created token=b208e352-3081-4447-86c3-cc37299458dd name=User_69_71
2025/11/08 14:46:50 INFO session updated token=b208e352-3081-4447-86c3-cc37299458dd tableID=0xc0005daff0 seatIndex=0xc0005dc9c0
2025/11/08 14:46:50 INFO session removed token=b208e352-3081-4447-86c3-cc37299458dd
2025/11/08 14:46:50 INFO session created token=74344d82-3934-466a-ba10-0ef3be1d9043 name=User_69_72
2025/11/08 14:46:50 INFO session updated token=74344d82-3934-466a-ba10-0ef3be1d9043 tableID=0xc0005db040 seatIndex=0xc0005dca10
2025/11/08 14:46:50 INFO session removed token=74344d82-3934-466a-ba10-0ef3be1d9043
2025/11/08 14:46:50 INFO session created token=6c343305-97a8-4829-81c8-d524375f7e68 name=User_69_73
2025/11/08 14:46:50 INFO session updated token=6c343305-97a8-4829-81c8-d524375f7e68 tableID=0xc0005db090 seatIndex=0xc0005dca60
2025/11/08 14:46:50 INFO session removed token=6c343305-97a8-4829-81c8-d524375f7e68
2025/11/08 14:46:50 INFO session created token=09e03416-14ad-4d8e-b48e-e931c17eeff7 name=User_69_74
2025/11/08 14:46:50 INFO session updated token=09e03416-14ad-4d8e-b48e-e931c17eeff7 tableID=0xc0005db0e0 seatIndex=0xc0005dcab0
2025/11/08 14:46:50 INFO session removed token=09e03416-14ad-4d8e-b48e-e931c17eeff7
2025/11/08 14:46:50 INFO session created token=cb1091eb-8d30-48e1-a135-295cef052866 name=User_69_75
2025/11/08 14:46:50 INFO session updated token=cb1091eb-8d30-48e1-a135-295cef052866 tableID=0xc0005db130 seatIndex=0xc0005dcb00
2025/11/08 14:46:50 INFO session removed token=cb1091eb-8d30-48e1-a135-295cef052866
2025/11/08 14:46:50 INFO session created token=13de8d57-9289-416c-bdb9-90ad0ff96d08 name=User_69_76
2025/11/08 14:46:50 INFO session updated token=13de8d57-9289-416c-bdb9-90ad0ff96d08 tableID=0xc0005db180 seatIndex=0xc0005dcb50
2025/11/08 14:46:50 INFO session removed token=13de8d57-9289-416c-bdb9-90ad0ff96d08
2025/11/08 14:46:50 INFO session created token=47d966ae-7599-4087-9df6-dd1ff227ba85 name=User_69_77
2025/11/08 14:46:50 INFO session updated token=47d966ae-7599-4087-9df6-dd1ff227ba85 tableID=0xc0005db1d0 seatIndex=0xc0005dcba0
2025/11/08 14:46:50 INFO session removed token=47d966ae-7599-4087-9df6-dd1ff227ba85
2025/11/08 14:46:50 INFO session created token=a605b033-d356-4c43-a568-fcf225ace485 name=User_69_78
2025/11/08 14:46:50 INFO session updated token=a605b033-d356-4c43-a568-fcf225ace485 tableID=0xc0005db220 seatIndex=0xc0005dcbf0
2025/11/08 14:46:50 INFO session removed token=a605b033-d356-4c43-a568-fcf225ace485
2025/11/08 14:46:50 INFO session created token=dc35f666-18d2-49dd-a358-48c41038928b name=User_69_79
2025/11/08 14:46:50 INFO session updated token=dc35f666-18d2-49dd-a358-48c41038928b tableID=0xc0005db270 seatIndex=0xc0005dcc40
2025/11/08 14:46:50 INFO session removed token=dc35f666-18d2-49dd-a358-48c41038928b
2025/11/08 14:46:50 INFO session created token=1a417cd7-5298-461c-b7ce-aeb67e8e8d1f name=User_69_80
2025/11/08 14:46:50 INFO session updated token=1a417cd7-5298-461c-b7ce-aeb67e8e8d1f tableID=0xc0005db2c0 seatIndex=0xc0005dcc90
2025/11/08 14:46:50 INFO session removed token=1a417cd7-5298-461c-b7ce-aeb67e8e8d1f
2025/11/08 14:46:50 INFO session created token=7b360b75-44b1-4959-bb7a-2c6e1b11595f name=User_69_81
2025/11/08 14:46:50 INFO session updated token=7b360b75-44b1-4959-bb7a-2c6e1b11595f tableID=0xc0005db310 seatIndex=0xc0005dcce0
2025/11/08 14:46:50 INFO session removed token=7b360b75-44b1-4959-bb7a-2c6e1b11595f
2025/11/08 14:46:50 INFO session created token=cc26d880-8215-49a7-bc44-ba4de4d46f88 name=User_69_82
2025/11/08 14:46:50 INFO session updated token=cc26d880-8215-49a7-bc44-ba4de4d46f88 tableID=0xc0005db360 seatIndex=0xc0005dcd30
2025/11/08 14:46:50 INFO session removed token=cc26d880-8215-49a7-bc44-ba4de4d46f88
2025/11/08 14:46:50 INFO session created token=a3f09423-07db-4d38-abdb-feafedc97907 name=User_69_83
2025/11/08 14:46:50 INFO session updated token=a3f09423-07db-4d38-abdb-feafedc97907 tableID=0xc0005db3b0 seatIndex=0xc0005dcd80
2025/11/08 14:46:50 INFO session removed token=a3f09423-07db-4d38-abdb-feafedc97907
2025/11/08 14:46:50 INFO session created token=e9edd248-7a08-44eb-a090-817c1ef94519 name=User_69_84
2025/11/08 14:46:50 INFO session updated token=e9edd248-7a08-44eb-a090-817c1ef94519 tableID=0xc0005db400 seatIndex=0xc0005dcdd0
2025/11/08 14:46:50 INFO session removed token=e9edd248-7a08-44eb-a090-817c1ef94519
2025/11/08 14:46:50 INFO session created token=d1dd6de6-683e-4d2f-9de5-2d729248104b name=User_69_85
2025/11/08 14:46:50 INFO session updated token=d1dd6de6-683e-4d2f-9de5-2d729248104b tableID=0xc0005db450 seatIndex=0xc0005dce20
2025/11/08 14:46:50 INFO session removed token=d1dd6de6-683e-4d2f-9de5-2d729248104b
2025/11/08 14:46:50 INFO session created token=c6e1da0b-dcc5-43b4-933b-3d43eac0bd47 name=User_69_86
2025/11/08 14:46:50 INFO session updated token=c6e1da0b-dcc5-43b4-933b-3d43eac0bd47 tableID=0xc0005db4a0 seatIndex=0xc0005dce70
2025/11/08 14:46:50 INFO session removed token=c6e1da0b-dcc5-43b4-933b-3d43eac0bd47
2025/11/08 14:46:50 INFO session created token=c5c8a239-ab35-4c60-a318-247779cd4932 name=User_69_87
2025/11/08 14:46:50 INFO session updated token=c5c8a239-ab35-4c60-a318-247779cd4932 tableID=0xc0005db4f0 seatIndex=0xc0005dcec0
2025/11/08 14:46:50 INFO session removed token=c5c8a239-ab35-4c60-a318-247779cd4932
2025/11/08 14:46:50 INFO session created token=b20eb277-18da-49ec-aa57-56042a5c234c name=User_69_88
2025/11/08 14:46:50 INFO session updated token=b20eb277-18da-49ec-aa57-56042a5c234c tableID=0xc0005db540 seatIndex=0xc0005dcf10
2025/11/08 14:46:50 INFO session removed token=b20eb277-18da-49ec-aa57-56042a5c234c
2025/11/08 14:46:50 INFO session created token=c5872ea7-2861-4657-83b5-f2c5acdc1085 name=User_69_89
2025/11/08 14:46:50 INFO session updated token=c5872ea7-2861-4657-83b5-f2c5acdc1085 tableID=0xc0005db590 seatIndex=0xc0005dcf60
2025/11/08 14:46:50 INFO session removed token=c5872ea7-2861-4657-83b5-f2c5acdc1085
2025/11/08 14:46:50 INFO session created token=002b636a-e1a3-486b-bc0c-657f6ec9502a name=User_69_90
2025/11/08 14:46:50 INFO session updated token=002b636a-e1a3-486b-bc0c-657f6ec9502a tableID=0xc0005db5e0 seatIndex=0xc0005dcfb0
2025/11/08 14:46:50 INFO session removed token=002b636a-e1a3-486b-bc0c-657f6ec9502a
2025/11/08 14:46:50 INFO session created token=49444a5c-aa12-4f7f-b773-aaa51d4e0e56 name=User_69_91
2025/11/08 14:46:50 INFO session updated token=49444a5c-aa12-4f7f-b773-aaa51d4e0e56 tableID=0xc0005db630 seatIndex=0xc0005dd000
2025/11/08 14:46:50 INFO session removed token=49444a5c-aa12-4f7f-b773-aaa51d4e0e56
2025/11/08 14:46:50 INFO session created token=771af701-17e7-4f0f-8393-48ce07f85dba name=User_69_92
2025/11/08 14:46:50 INFO session updated token=771af701-17e7-4f0f-8393-48ce07f85dba tableID=0xc0005db680 seatIndex=0xc0005dd050
2025/11/08 14:46:50 INFO session removed token=771af701-17e7-4f0f-8393-48ce07f85dba
2025/11/08 14:46:50 INFO session created token=ba39d2b4-f8e8-44c1-87b1-e055ac238f80 name=User_69_93
2025/11/08 14:46:50 INFO session updated token=ba39d2b4-f8e8-44c1-87b1-e055ac238f80 tableID=0xc0005db6d0 seatIndex=0xc0005dd0a0
2025/11/08 14:46:50 INFO session removed token=ba39d2b4-f8e8-44c1-87b1-e055ac238f80
2025/11/08 14:46:50 INFO session created token=4bfde2b7-e015-454d-9b41-254ea0d75b58 name=User_69_94
2025/11/08 14:46:50 INFO session updated token=4bfde2b7-e015-454d-9b41-254ea0d75b58 tableID=0xc0005db720 seatIndex=0xc0005dd0f0
2025/11/08 14:46:50 INFO session removed token=4bfde2b7-e015-454d-9b41-254ea0d75b58
2025/11/08 14:46:50 INFO session created token=7927e5b0-de1b-42ca-be3e-514af234f777 name=User_69_95
2025/11/08 14:46:50 INFO session updated token=7927e5b0-de1b-42ca-be3e-514af234f777 tableID=0xc0005db770 seatIndex=0xc0005dd140
2025/11/08 14:46:50 INFO session removed token=7927e5b0-de1b-42ca-be3e-514af234f777
2025/11/08 14:46:50 INFO session created token=ae115fe4-7ab2-40c4-91e5-59608d981d7c name=User_69_96
2025/11/08 14:46:50 INFO session updated token=ae115fe4-7ab2-40c4-91e5-59608d981d7c tableID=0xc0005db7c0 seatIndex=0xc0005dd190
2025/11/08 14:46:50 INFO session removed token=ae115fe4-7ab2-40c4-91e5-59608d981d7c
2025/11/08 14:46:50 INFO session created token=3aa54738-1363-4af5-874e-277932a8f271 name=User_69_97
2025/11/08 14:46:50 INFO session updated token=3aa54738-1363-4af5-874e-277932a8f271 tableID=0xc0005db810 seatIndex=0xc0005dd1e0
2025/11/08 14:46:50 INFO session removed token=3aa54738-1363-4af5-874e-277932a8f271
2025/11/08 14:46:50 INFO session created token=a5a8c524-af89-4e94-bfcc-2ce4ecd13c04 name=User_69_98
2025/11/08 14:46:50 INFO session updated token=a5a8c524-af89-4e94-bfcc-2ce4ecd13c04 tableID=0xc0005db860 seatIndex=0xc0005dd230
2025/11/08 14:46:50 INFO session removed token=a5a8c524-af89-4e94-bfcc-2ce4ecd13c04
2025/11/08 14:46:50 INFO session created token=12d16680-c05d-44c7-a12b-0af4e3d746b4 name=User_69_99
2025/11/08 14:46:50 INFO session updated token=12d16680-c05d-44c7-a12b-0af4e3d746b4 tableID=0xc0005db8b0 seatIndex=0xc0005dd280
2025/11/08 14:46:50 INFO session removed token=12d16680-c05d-44c7-a12b-0af4e3d746b4
2025/11/08 14:46:50 INFO session removed token=5169bfb1-e446-40ef-93ad-ffd1f36fe760
2025/11/08 14:46:50 INFO session created token=10b0414b-0b5e-4c18-a57d-c8378737fda1 name=User_87_10
2025/11/08 14:46:50 INFO session updated token=10b0414b-0b5e-4c18-a57d-c8378737fda1 tableID=0xc0005db910 seatIndex=0xc0005dd2d0
2025/11/08 14:46:50 INFO session removed token=10b0414b-0b5e-4c18-a57d-c8378737fda1
2025/11/08 14:46:50 INFO session created token=ddd09606-5400-4d21-b528-01815350c3cc name=User_87_11
2025/11/08 14:46:50 INFO session updated token=ddd09606-5400-4d21-b528-01815350c3cc tableID=0xc0005db960 seatIndex=0xc0005dd320
2025/11/08 14:46:50 INFO session removed token=ddd09606-5400-4d21-b528-01815350c3cc
2025/11/08 14:46:50 INFO session created token=021eb465-8dc3-4681-9040-038f0a31e4db name=User_87_12
2025/11/08 14:46:50 INFO session updated token=021eb465-8dc3-4681-9040-038f0a31e4db tableID=0xc0005db9b0 seatIndex=0xc0005dd370
2025/11/08 14:46:50 INFO session removed token=021eb465-8dc3-4681-9040-038f0a31e4db
2025/11/08 14:46:50 INFO session created token=bd397cff-d243-4419-9011-b6f810f8276c name=User_87_13
2025/11/08 14:46:50 INFO session updated token=bd397cff-d243-4419-9011-b6f810f8276c tableID=0xc0005dba00 seatIndex=0xc0005dd3c0
2025/11/08 14:46:50 INFO session removed token=bd397cff-d243-4419-9011-b6f810f8276c
2025/11/08 14:46:50 INFO session created token=c055c9c8-b5fe-4d30-9034-4e45c9c79fd3 name=User_87_14
2025/11/08 14:46:50 INFO session updated token=c055c9c8-b5fe-4d30-9034-4e45c9c79fd3 tableID=0xc0005dba50 seatIndex=0xc0005dd410
2025/11/08 14:46:50 INFO session removed token=c055c9c8-b5fe-4d30-9034-4e45c9c79fd3
2025/11/08 14:46:50 INFO session created token=92c12200-7fb3-4aa6-8d22-04b57178cd5a name=User_87_15
2025/11/08 14:46:50 INFO session updated token=92c12200-7fb3-4aa6-8d22-04b57178cd5a tableID=0xc0005dbaa0 seatIndex=0xc0005dd460
2025/11/08 14:46:50 INFO session removed token=92c12200-7fb3-4aa6-8d22-04b57178cd5a
2025/11/08 14:46:50 INFO session created token=609a850f-7efa-4e37-b565-cce415463539 name=User_87_16
2025/11/08 14:46:50 INFO session updated token=609a850f-7efa-4e37-b565-cce415463539 tableID=0xc0005dbaf0 seatIndex=0xc0005dd4b0
2025/11/08 14:46:50 INFO session removed token=609a850f-7efa-4e37-b565-cce415463539
2025/11/08 14:46:50 INFO session created token=5198c526-639c-4990-8e5f-a0a483c9a92d name=User_87_17
2025/11/08 14:46:50 INFO session updated token=5198c526-639c-4990-8e5f-a0a483c9a92d tableID=0xc0005dbb40 seatIndex=0xc0005dd500
2025/11/08 14:46:50 INFO session removed token=5198c526-639c-4990-8e5f-a0a483c9a92d
2025/11/08 14:46:50 INFO session created token=7c368ae2-3600-4674-ab72-599e480ea937 name=User_87_18
2025/11/08 14:46:50 INFO session updated token=7c368ae2-3600-4674-ab72-599e480ea937 tableID=0xc0005dbb90 seatIndex=0xc0005dd550
2025/11/08 14:46:50 INFO session removed token=7c368ae2-3600-4674-ab72-599e480ea937
2025/11/08 14:46:50 INFO session created token=57f84281-b740-410c-9809-5de7d317336f name=User_87_19
2025/11/08 14:46:50 INFO session updated token=57f84281-b740-410c-9809-5de7d317336f tableID=0xc0005dbbe0 seatIndex=0xc0005dd5a0
2025/11/08 14:46:50 INFO session removed token=57f84281-b740-410c-9809-5de7d317336f
2025/11/08 14:46:50 INFO session created token=aa354c41-b0f3-484a-b4bd-1c0fb8344860 name=User_87_20
2025/11/08 14:46:50 INFO session updated token=aa354c41-b0f3-484a-b4bd-1c0fb8344860 tableID=0xc0005dbc30 seatIndex=0xc0005dd5f0
2025/11/08 14:46:50 INFO session removed token=aa354c41-b0f3-484a-b4bd-1c0fb8344860
2025/11/08 14:46:50 INFO session created token=ee564e16-62fb-47ca-a3e0-d029dff04c4c name=User_87_21
2025/11/08 14:46:50 INFO session updated token=ee564e16-62fb-47ca-a3e0-d029dff04c4c tableID=0xc0005dbc80 seatIndex=0xc0005dd640
2025/11/08 14:46:50 INFO session removed token=ee564e16-62fb-47ca-a3e0-d029dff04c4c
2025/11/08 14:46:50 INFO session created token=528c9b84-813d-43a1-a454-481d9b0fecd4 name=User_87_22
2025/11/08 14:46:50 INFO session updated token=528c9b84-813d-43a1-a454-481d9b0fecd4 tableID=0xc0005dbcd0 seatIndex=0xc0005dd690
2025/11/08 14:46:50 INFO session removed token=528c9b84-813d-43a1-a454-481d9b0fecd4
2025/11/08 14:46:50 INFO session created token=047273da-ac62-4263-95f7-cb9565862957 name=User_87_23
2025/11/08 14:46:50 INFO session updated token=047273da-ac62-4263-95f7-cb9565862957 tableID=0xc0005dbd20 seatIndex=0xc0005dd6e0
2025/11/08 14:46:50 INFO session removed token=047273da-ac62-4263-95f7-cb9565862957
2025/11/08 14:46:50 INFO session created token=b3a5de42-c873-403b-8c4d-2336e7f55713 name=User_87_24
2025/11/08 14:46:50 INFO session updated token=b3a5de42-c873-403b-8c4d-2336e7f55713 tableID=0xc0005dbd70 seatIndex=0xc0005dd730
2025/11/08 14:46:50 INFO session removed token=b3a5de42-c873-403b-8c4d-2336e7f55713
2025/11/08 14:46:50 INFO session created token=4a12b199-d159-4980-bd6a-97fddbfbc29a name=User_87_25
2025/11/08 14:46:50 INFO session updated token=4a12b199-d159-4980-bd6a-97fddbfbc29a tableID=0xc0005dbdc0 seatIndex=0xc0005dd780
2025/11/08 14:46:50 INFO session removed token=4a12b199-d159-4980-bd6a-97fddbfbc29a
2025/11/08 14:46:50 INFO session created token=de76945c-b190-41df-be7d-08bb4ce84c26 name=User_87_26
2025/11/08 14:46:50 INFO session updated token=de76945c-b190-41df-be7d-08bb4ce84c26 tableID=0xc0005dbe10 seatIndex=0xc0005dd7d0
2025/11/08 14:46:50 INFO session removed token=de76945c-b190-41df-be7d-08bb4ce84c26
2025/11/08 14:46:50 INFO session created token=7b5695b7-0ed1-489e-b599-0cb79daa1c46 name=User_87_27
2025/11/08 14:46:50 INFO session updated token=7b5695b7-0ed1-489e-b599-0cb79daa1c46 tableID=0xc0005dbe60 seatIndex=0xc0005dd820
2025/11/08 14:46:50 INFO session removed token=7b5695b7-0ed1-489e-b599-0cb79daa1c46
2025/11/08 14:46:50 INFO session created token=996b8a22-22db-4911-9b2c-3bca9f80cbf4 name=User_87_28
2025/11/08 14:46:50 INFO session updated token=996b8a22-22db-4911-9b2c-3bca9f80cbf4 tableID=0xc0005dbeb0 seatIndex=0xc0005dd870
2025/11/08 14:46:50 INFO session removed token=996b8a22-22db-4911-9b2c-3bca9f80cbf4
2025/11/08 14:46:50 INFO session created token=ae86b584-42c1-42be-8da6-9257924f4a2e name=User_87_29
2025/11/08 14:46:50 INFO session updated token=ae86b584-42c1-42be-8da6-9257924f4a2e tableID=0xc0005dbf00 seatIndex=0xc0005dd8c0
2025/11/08 14:46:50 INFO session removed token=ae86b584-42c1-42be-8da6-9257924f4a2e
2025/11/08 14:46:50 INFO session created token=01431fd9-18d3-420e-b7b8-ac36f8d6633d name=User_87_30
2025/11/08 14:46:50 INFO session updated token=01431fd9-18d3-420e-b7b8-ac36f8d6633d tableID=0xc0005dbf50 seatIndex=0xc0005dd910
2025/11/08 14:46:50 INFO session removed token=01431fd9-18d3-420e-b7b8-ac36f8d6633d
2025/11/08 14:46:50 INFO session created token=0465fa9f-6322-45a0-ba19-42da87905631 name=User_87_31
2025/11/08 14:46:50 INFO session updated token=0465fa9f-6322-45a0-ba19-42da87905631 tableID=0xc0005e0020 seatIndex=0xc0005dd960
2025/11/08 14:46:50 INFO session removed token=0465fa9f-6322-45a0-ba19-42da87905631
2025/11/08 14:46:50 INFO session created token=e24a44d4-64d2-49cb-83a2-f6fafb190692 name=User_87_32
2025/11/08 14:46:50 INFO session updated token=e24a44d4-64d2-49cb-83a2-f6fafb190692 tableID=0xc0005e0070 seatIndex=0xc0005dd9b0
2025/11/08 14:46:50 INFO session removed token=e24a44d4-64d2-49cb-83a2-f6fafb190692
2025/11/08 14:46:50 INFO session created token=0f20ec90-99cb-4df7-8606-8fb52a45f2f5 name=User_87_33
2025/11/08 14:46:50 INFO session updated token=0f20ec90-99cb-4df7-8606-8fb52a45f2f5 tableID=0xc0005e00c0 seatIndex=0xc0005dda00
2025/11/08 14:46:50 INFO session removed token=0f20ec90-99cb-4df7-8606-8fb52a45f2f5
2025/11/08 14:46:50 INFO session created token=437a76e3-1252-44a4-9803-c3262a734f46 name=User_87_34
2025/11/08 14:46:50 INFO session updated token=437a76e3-1252-44a4-9803-c3262a734f46 tableID=0xc0005e0110 seatIndex=0xc0005dda50
2025/11/08 14:46:50 INFO session removed token=437a76e3-1252-44a4-9803-c3262a734f46
2025/11/08 14:46:50 INFO session created token=02c3e359-51dc-4ee4-a115-d279b98b6ddf name=User_87_35
2025/11/08 14:46:50 INFO session updated token=02c3e359-51dc-4ee4-a115-d279b98b6ddf tableID=0xc0005e0160 seatIndex=0xc0005ddaa0
2025/11/08 14:46:50 INFO session removed token=02c3e359-51dc-4ee4-a115-d279b98b6ddf
2025/11/08 14:46:50 INFO session created token=1f3dcf32-a4dc-46de-b9e8-f7e98354c8c8 name=User_87_36
2025/11/08 14:46:50 INFO session updated token=1f3dcf32-a4dc-46de-b9e8-f7e98354c8c8 tableID=0xc0005e01b0 seatIndex=0xc0005ddaf0
2025/11/08 14:46:50 INFO session removed token=1f3dcf32-a4dc-46de-b9e8-f7e98354c8c8
2025/11/08 14:46:50 INFO session created token=9f05880a-3a1a-4415-b26a-a3feb0476b8f name=User_87_37
2025/11/08 14:46:50 INFO session updated token=9f05880a-3a1a-4415-b26a-a3feb0476b8f tableID=0xc0005e0200 seatIndex=0xc0005ddb40
2025/11/08 14:46:50 INFO session removed token=9f05880a-3a1a-4415-b26a-a3feb0476b8f
2025/11/08 14:46:50 INFO session created token=5c8c05ee-4e38-42c0-94b6-4f5db59d1723 name=User_87_38
2025/11/08 14:46:50 INFO session updated token=5c8c05ee-4e38-42c0-94b6-4f5db59d1723 tableID=0xc0005e0250 seatIndex=0xc0005ddb90
2025/11/08 14:46:50 INFO session removed token=5c8c05ee-4e38-42c0-94b6-4f5db59d1723
2025/11/08 14:46:50 INFO session created token=a2310b52-75d0-488a-a244-eaafc2d79b1f name=User_87_39
2025/11/08 14:46:50 INFO session updated token=a2310b52-75d0-488a-a244-eaafc2d79b1f tableID=0xc0005e02a0 seatIndex=0xc0005ddbe0
2025/11/08 14:46:50 INFO session removed token=a2310b52-75d0-488a-a244-eaafc2d79b1f
2025/11/08 14:46:50 INFO session created token=c1e36500-5d90-46c9-ad4f-54228e7ed75e name=User_87_40
2025/11/08 14:46:50 INFO session updated token=c1e36500-5d90-46c9-ad4f-54228e7ed75e tableID=0xc0005e02f0 seatIndex=0xc0005ddc30
2025/11/08 14:46:50 INFO session removed token=c1e36500-5d90-46c9-ad4f-54228e7ed75e
2025/11/08 14:46:50 INFO session created token=7487138a-a235-4eb3-b4f8-d6b316363dc8 name=User_87_41
2025/11/08 14:46:50 INFO session updated token=7487138a-a235-4eb3-b4f8-d6b316363dc8 tableID=0xc0005e0340 seatIndex=0xc0005ddc80
2025/11/08 14:46:50 INFO session removed token=7487138a-a235-4eb3-b4f8-d6b316363dc8
2025/11/08 14:46:50 INFO session created token=c3165457-c47d-4e56-95d1-0bf3aba0be56 name=User_87_42
2025/11/08 14:46:50 INFO session updated token=c3165457-c47d-4e56-95d1-0bf3aba0be56 tableID=0xc0005e0390 seatIndex=0xc0005ddcd0
2025/11/08 14:46:50 INFO session removed token=c3165457-c47d-4e56-95d1-0bf3aba0be56
2025/11/08 14:46:50 INFO session created token=b17e96ed-74e2-4be8-a451-cc377f5d02c1 name=User_87_43
2025/11/08 14:46:50 INFO session updated token=b17e96ed-74e2-4be8-a451-cc377f5d02c1 tableID=0xc0005e03e0 seatIndex=0xc0005ddd20
2025/11/08 14:46:50 INFO session removed token=b17e96ed-74e2-4be8-a451-cc377f5d02c1
2025/11/08 14:46:50 INFO session created token=556b0b5c-811f-44b8-ae56-afc4c13f311f name=User_87_44
2025/11/08 14:46:50 INFO session updated token=556b0b5c-811f-44b8-ae56-afc4c13f311f tableID=0xc0005e0430 seatIndex=0xc0005ddd70
2025/11/08 14:46:50 INFO session removed token=556b0b5c-811f-44b8-ae56-afc4c13f311f
2025/11/08 14:46:50 INFO session created token=88476d08-8372-4fe5-8b60-ab8322bed622 name=User_87_45
2025/11/08 14:46:50 INFO session updated token=88476d08-8372-4fe5-8b60-ab8322bed622 tableID=0xc0005e0480 seatIndex=0xc0005dddc0
2025/11/08 14:46:50 INFO session removed token=88476d08-8372-4fe5-8b60-ab8322bed622
2025/11/08 14:46:50 INFO session created token=6191c17d-fbf9-4143-aed5-fea0aa3bb3e2 name=User_87_46
2025/11/08 14:46:50 INFO session updated token=6191c17d-fbf9-4143-aed5-fea0aa3bb3e2 tableID=0xc0005e04d0 seatIndex=0xc0005dde10
2025/11/08 14:46:50 INFO session removed token=6191c17d-fbf9-4143-aed5-fea0aa3bb3e2
2025/11/08 14:46:50 INFO session created token=225499da-f4f5-4430-a1ef-356e5a72c96b name=User_87_47
2025/11/08 14:46:50 INFO session updated token=225499da-f4f5-4430-a1ef-356e5a72c96b tableID=0xc0005e0520 seatIndex=0xc0005dde60
2025/11/08 14:46:50 INFO session removed token=225499da-f4f5-4430-a1ef-356e5a72c96b
2025/11/08 14:46:50 INFO session created token=5ce5886d-fd42-4e6e-9fd9-cd8bc307a863 name=User_87_48
2025/11/08 14:46:50 INFO session updated token=5ce5886d-fd42-4e6e-9fd9-cd8bc307a863 tableID=0xc0005e0570 seatIndex=0xc0005ddeb0
2025/11/08 14:46:50 INFO session removed token=5ce5886d-fd42-4e6e-9fd9-cd8bc307a863
2025/11/08 14:46:50 INFO session created token=e34ce1f5-4856-4568-b721-fe002decf227 name=User_87_49
2025/11/08 14:46:50 INFO session updated token=e34ce1f5-4856-4568-b721-fe002decf227 tableID=0xc0005e05c0 seatIndex=0xc0005ddf00
2025/11/08 14:46:50 INFO session removed token=e34ce1f5-4856-4568-b721-fe002decf227
2025/11/08 14:46:50 INFO session created token=7c6742ff-657f-4cfe-860c-9065e12732d8 name=User_87_50
2025/11/08 14:46:50 INFO session updated token=7c6742ff-657f-4cfe-860c-9065e12732d8 tableID=0xc0005e0610 seatIndex=0xc0005ddf50
2025/11/08 14:46:50 INFO session removed token=7c6742ff-657f-4cfe-860c-9065e12732d8
2025/11/08 14:46:50 INFO session created token=dac6e99c-acd7-4077-b8eb-62fa56ca6503 name=User_87_51
2025/11/08 14:46:50 INFO session updated token=dac6e99c-acd7-4077-b8eb-62fa56ca6503 tableID=0xc0005e0660 seatIndex=0xc0005ddfa0
2025/11/08 14:46:50 INFO session removed token=dac6e99c-acd7-4077-b8eb-62fa56ca6503
2025/11/08 14:46:50 INFO session created token=22f341ff-4b6e-4a95-9634-33e61a559d27 name=User_87_52
2025/11/08 14:46:50 INFO session updated token=22f341ff-4b6e-4a95-9634-33e61a559d27 tableID=0xc0005e06b0 seatIndex=0xc0005ddff0
2025/11/08 14:46:50 INFO session removed token=22f341ff-4b6e-4a95-9634-33e61a559d27
2025/11/08 14:46:50 INFO session created token=9f6ea248-2292-412d-8127-b86dec342329 name=User_87_53
2025/11/08 14:46:50 INFO session updated token=9f6ea248-2292-412d-8127-b86dec342329 tableID=0xc0005e0700 seatIndex=0xc0005e2040
2025/11/08 14:46:50 INFO session removed token=9f6ea248-2292-412d-8127-b86dec342329
2025/11/08 14:46:50 INFO session created token=e2d18e39-a28b-46f2-b24b-a4da807c95b5 name=User_87_54
2025/11/08 14:46:50 INFO session updated token=e2d18e39-a28b-46f2-b24b-a4da807c95b5 tableID=0xc0005e0750 seatIndex=0xc0005e2090
2025/11/08 14:46:50 INFO session removed token=e2d18e39-a28b-46f2-b24b-a4da807c95b5
2025/11/08 14:46:50 INFO session created token=933feb79-4e9f-4ca1-b97b-11aec2a76053 name=User_87_55
2025/11/08 14:46:50 INFO session updated token=933feb79-4e9f-4ca1-b97b-11aec2a76053 tableID=0xc0005e07a0 seatIndex=0xc0005e20e0
2025/11/08 14:46:50 INFO session removed token=933feb79-4e9f-4ca1-b97b-11aec2a76053
2025/11/08 14:46:50 INFO session created token=2069c75e-4c8d-4140-be58-a9e1f37e7bf5 name=User_87_56
2025/11/08 14:46:50 INFO session updated token=2069c75e-4c8d-4140-be58-a9e1f37e7bf5 tableID=0xc0005e07f0 seatIndex=0xc0005e2130
2025/11/08 14:46:50 INFO session removed token=2069c75e-4c8d-4140-be58-a9e1f37e7bf5
2025/11/08 14:46:50 INFO session created token=3df3fbfd-672f-4c48-98b9-927398b7a148 name=User_87_57
2025/11/08 14:46:50 INFO session updated token=3df3fbfd-672f-4c48-98b9-927398b7a148 tableID=0xc0005e0840 seatIndex=0xc0005e2180
2025/11/08 14:46:50 INFO session removed token=3df3fbfd-672f-4c48-98b9-927398b7a148
2025/11/08 14:46:50 INFO session created token=a6a9d5ff-cbef-4a91-97a2-21203eb4aba1 name=User_87_58
2025/11/08 14:46:50 INFO session updated token=a6a9d5ff-cbef-4a91-97a2-21203eb4aba1 tableID=0xc0005e0890 seatIndex=0xc0005e21d0
2025/11/08 14:46:50 INFO session removed token=a6a9d5ff-cbef-4a91-97a2-21203eb4aba1
2025/11/08 14:46:50 INFO session created token=b7eb55c8-3b1c-4334-b8ae-85ab21f0a63d name=User_87_59
2025/11/08 14:46:50 INFO session updated token=b7eb55c8-3b1c-4334-b8ae-85ab21f0a63d tableID=0xc0005e08e0 seatIndex=0xc0005e2220
2025/11/08 14:46:50 INFO session removed token=b7eb55c8-3b1c-4334-b8ae-85ab21f0a63d
2025/11/08 14:46:50 INFO session created token=2cc2f7e3-dc48-4165-bbcc-0915635802d8 name=User_87_60
2025/11/08 14:46:50 INFO session updated token=2cc2f7e3-dc48-4165-bbcc-0915635802d8 tableID=0xc0005e0930 seatIndex=0xc0005e2270
2025/11/08 14:46:50 INFO session removed token=2cc2f7e3-dc48-4165-bbcc-0915635802d8
2025/11/08 14:46:50 INFO session created token=816d5217-ce53-42f4-92cc-1a0f0ec28ff7 name=User_87_61
2025/11/08 14:46:50 INFO session updated token=816d5217-ce53-42f4-92cc-1a0f0ec28ff7 tableID=0xc0005e0980 seatIndex=0xc0005e22c0
2025/11/08 14:46:50 INFO session removed token=816d5217-ce53-42f4-92cc-1a0f0ec28ff7
2025/11/08 14:46:50 INFO session created token=c8cd3f71-9eda-41bf-bf10-b1423a7b3560 name=User_87_62
2025/11/08 14:46:50 INFO session updated token=c8cd3f71-9eda-41bf-bf10-b1423a7b3560 tableID=0xc0005e09d0 seatIndex=0xc0005e2310
2025/11/08 14:46:50 INFO session removed token=c8cd3f71-9eda-41bf-bf10-b1423a7b3560
2025/11/08 14:46:50 INFO session created token=781e25f5-eff1-490c-ae10-0f1395d9bec5 name=User_87_63
2025/11/08 14:46:50 INFO session updated token=781e25f5-eff1-490c-ae10-0f1395d9bec5 tableID=0xc0005e0a20 seatIndex=0xc0005e2360
2025/11/08 14:46:50 INFO session removed token=781e25f5-eff1-490c-ae10-0f1395d9bec5
2025/11/08 14:46:50 INFO session created token=f782799c-8776-4d32-bd2f-e3db51a69267 name=User_87_64
2025/11/08 14:46:50 INFO session updated token=f782799c-8776-4d32-bd2f-e3db51a69267 tableID=0xc0005e0a70 seatIndex=0xc0005e23b0
2025/11/08 14:46:50 INFO session removed token=f782799c-8776-4d32-bd2f-e3db51a69267
2025/11/08 14:46:50 INFO session created token=c3cc38a6-ca1f-4487-8615-bcf3d07ba5d6 name=User_87_65
2025/11/08 14:46:50 INFO session updated token=c3cc38a6-ca1f-4487-8615-bcf3d07ba5d6 tableID=0xc0005e0ac0 seatIndex=0xc0005e2400
2025/11/08 14:46:50 INFO session removed token=c3cc38a6-ca1f-4487-8615-bcf3d07ba5d6
2025/11/08 14:46:50 INFO session created token=50cdff03-e4a0-47ef-a3a9-1ee68ab44456 name=User_87_66
2025/11/08 14:46:50 INFO session updated token=50cdff03-e4a0-47ef-a3a9-1ee68ab44456 tableID=0xc0005e0b10 seatIndex=0xc0005e2450
2025/11/08 14:46:50 INFO session removed token=50cdff03-e4a0-47ef-a3a9-1ee68ab44456
2025/11/08 14:46:50 INFO session created token=32ac7802-8724-4b3e-b53d-1686047023bf name=User_87_67
2025/11/08 14:46:50 INFO session updated token=32ac7802-8724-4b3e-b53d-1686047023bf tableID=0xc0005e0b60 seatIndex=0xc0005e24a0
2025/11/08 14:46:50 INFO session removed token=32ac7802-8724-4b3e-b53d-1686047023bf
2025/11/08 14:46:50 INFO session created token=786dc03e-f4d4-4528-9116-ffaf956d9d75 name=User_87_68
2025/11/08 14:46:50 INFO session updated token=786dc03e-f4d4-4528-9116-ffaf956d9d75 tableID=0xc0005e0bb0 seatIndex=0xc0005e24f0
2025/11/08 14:46:50 INFO session removed token=786dc03e-f4d4-4528-9116-ffaf956d9d75
2025/11/08 14:46:50 INFO session created token=fbce056f-665c-4494-a44f-acacb813f606 name=User_87_69
2025/11/08 14:46:50 INFO session updated token=fbce056f-665c-4494-a44f-acacb813f606 tableID=0xc0005e0c00 seatIndex=0xc0005e2540
2025/11/08 14:46:50 INFO session removed token=fbce056f-665c-4494-a44f-acacb813f606
2025/11/08 14:46:50 INFO session created token=bee62905-1201-4e4a-b77e-775c21a0bf00 name=User_87_70
2025/11/08 14:46:50 INFO session updated token=bee62905-1201-4e4a-b77e-775c21a0bf00 tableID=0xc0005e0c50 seatIndex=0xc0005e2590
2025/11/08 14:46:50 INFO session removed token=bee62905-1201-4e4a-b77e-775c21a0bf00
2025/11/08 14:46:50 INFO session created token=248b2f38-ed51-4fdf-9254-f12fa65ee66c name=User_87_71
2025/11/08 14:46:50 INFO session updated token=248b2f38-ed51-4fdf-9254-f12fa65ee66c tableID=0xc0005e0ca0 seatIndex=0xc0005e25e0
2025/11/08 14:46:50 INFO session removed token=248b2f38-ed51-4fdf-9254-f12fa65ee66c
2025/11/08 14:46:50 INFO session created token=b4df41e5-3272-45a5-8f9f-106f3f1e95af name=User_87_72
2025/11/08 14:46:50 INFO session updated token=b4df41e5-3272-45a5-8f9f-106f3f1e95af tableID=0xc0005e0cf0 seatIndex=0xc0005e2630
2025/11/08 14:46:50 INFO session removed token=b4df41e5-3272-45a5-8f9f-106f3f1e95af
2025/11/08 14:46:50 INFO session created token=f0c19e7b-726b-4e24-8195-f7c9a770b564 name=User_87_73
2025/11/08 14:46:50 INFO session updated token=f0c19e7b-726b-4e24-8195-f7c9a770b564 tableID=0xc0005e0d40 seatIndex=0xc0005e2680
2025/11/08 14:46:50 INFO session removed token=f0c19e7b-726b-4e24-8195-f7c9a770b564
2025/11/08 14:46:50 INFO session created token=c01adb12-fc6b-41ff-9881-ab222d4a3ef5 name=User_87_74
2025/11/08 14:46:50 INFO session updated token=c01adb12-fc6b-41ff-9881-ab222d4a3ef5 tableID=0xc0005e0d90 seatIndex=0xc0005e26d0
2025/11/08 14:46:50 INFO session removed token=c01adb12-fc6b-41ff-9881-ab222d4a3ef5
2025/11/08 14:46:50 INFO session created token=5bf71053-c9f7-4e87-a4a7-f2b8a190b775 name=User_87_75
2025/11/08 14:46:50 INFO session updated token=5bf71053-c9f7-4e87-a4a7-f2b8a190b775 tableID=0xc0005e0de0 seatIndex=0xc0005e2720
2025/11/08 14:46:50 INFO session removed token=5bf71053-c9f7-4e87-a4a7-f2b8a190b775
2025/11/08 14:46:50 INFO session created token=00446d7d-6644-4798-9c06-36e45223f432 name=User_87_76
2025/11/08 14:46:50 INFO session updated token=00446d7d-6644-4798-9c06-36e45223f432 tableID=0xc0005e0e30 seatIndex=0xc0005e2770
2025/11/08 14:46:50 INFO session removed token=00446d7d-6644-4798-9c06-36e45223f432
2025/11/08 14:46:50 INFO session created token=eaf0a43d-ffe9-4007-b314-ffb0d67ddcb5 name=User_87_77
2025/11/08 14:46:50 INFO session updated token=eaf0a43d-ffe9-4007-b314-ffb0d67ddcb5 tableID=0xc0005e0e80 seatIndex=0xc0005e27c0
2025/11/08 14:46:50 INFO session removed token=eaf0a43d-ffe9-4007-b314-ffb0d67ddcb5
2025/11/08 14:46:50 INFO session created token=0042c9df-9796-4b8a-b85b-472448025a65 name=User_87_78
2025/11/08 14:46:50 INFO session updated token=0042c9df-9796-4b8a-b85b-472448025a65 tableID=0xc0005e0ed0 seatIndex=0xc0005e2810
2025/11/08 14:46:50 INFO session removed token=0042c9df-9796-4b8a-b85b-472448025a65
2025/11/08 14:46:50 INFO session created token=68e1f0f5-50eb-4f22-8101-15abeab0c9e2 name=User_87_79
2025/11/08 14:46:50 INFO session updated token=68e1f0f5-50eb-4f22-8101-15abeab0c9e2 tableID=0xc0005e0f20 seatIndex=0xc0005e2860
2025/11/08 14:46:50 INFO session removed token=68e1f0f5-50eb-4f22-8101-15abeab0c9e2
2025/11/08 14:46:50 INFO session created token=b9f3d8b9-5ae9-485c-b1e1-5fbc560d8eab name=User_87_80
2025/11/08 14:46:50 INFO session updated token=b9f3d8b9-5ae9-485c-b1e1-5fbc560d8eab tableID=0xc0005e0f70 seatIndex=0xc0005e28b0
2025/11/08 14:46:50 INFO session removed token=b9f3d8b9-5ae9-485c-b1e1-5fbc560d8eab
2025/11/08 14:46:50 INFO session created token=8eb144c6-51db-49d1-8040-4258dbf583af name=User_87_81
2025/11/08 14:46:50 INFO session updated token=8eb144c6-51db-49d1-8040-4258dbf583af tableID=0xc0005e0fc0 seatIndex=0xc0005e2900
2025/11/08 14:46:50 INFO session removed token=8eb144c6-51db-49d1-8040-4258dbf583af
2025/11/08 14:46:50 INFO session created token=6e6e02bb-bcc3-4d2e-9bd6-222a48df8b0c name=User_87_82
2025/11/08 14:46:50 INFO session updated token=6e6e02bb-bcc3-4d2e-9bd6-222a48df8b0c tableID=0xc0005e1010 seatIndex=0xc0005e2950
2025/11/08 14:46:50 INFO session removed token=6e6e02bb-bcc3-4d2e-9bd6-222a48df8b0c
2025/11/08 14:46:50 INFO session created token=36f7ee9c-3afa-4012-98f5-1717f4da9256 name=User_87_83
2025/11/08 14:46:50 INFO session updated token=36f7ee9c-3afa-4012-98f5-1717f4da9256 tableID=0xc0005e1060 seatIndex=0xc0005e29a0
2025/11/08 14:46:50 INFO session removed token=36f7ee9c-3afa-4012-98f5-1717f4da9256
2025/11/08 14:46:50 INFO session created token=09abe4c2-09ee-4fb6-89c5-2994f15ebc9b name=User_87_84
2025/11/08 14:46:50 INFO session updated token=09abe4c2-09ee-4fb6-89c5-2994f15ebc9b tableID=0xc0005e10b0 seatIndex=0xc0005e29f0
2025/11/08 14:46:50 INFO session removed token=09abe4c2-09ee-4fb6-89c5-2994f15ebc9b
2025/11/08 14:46:50 INFO session created token=89ea1118-b2d3-4d80-867f-45a2870580cf name=User_87_85
2025/11/08 14:46:50 INFO session updated token=89ea1118-b2d3-4d80-867f-45a2870580cf tableID=0xc0005e1100 seatIndex=0xc0005e2a40
2025/11/08 14:46:50 INFO session removed token=89ea1118-b2d3-4d80-867f-45a2870580cf
2025/11/08 14:46:50 INFO session created token=649814f5-02d4-4d6c-8845-7320a613f4e3 name=User_87_86
2025/11/08 14:46:50 INFO session updated token=649814f5-02d4-4d6c-8845-7320a613f4e3 tableID=0xc0005e1150 seatIndex=0xc0005e2a90
2025/11/08 14:46:50 INFO session removed token=649814f5-02d4-4d6c-8845-7320a613f4e3
2025/11/08 14:46:50 INFO session created token=fe903215-f5d7-4422-8ca3-71e85f1be929 name=User_87_87
2025/11/08 14:46:50 INFO session updated token=fe903215-f5d7-4422-8ca3-71e85f1be929 tableID=0xc0005e11a0 seatIndex=0xc0005e2ae0
2025/11/08 14:46:50 INFO session removed token=fe903215-f5d7-4422-8ca3-71e85f1be929
2025/11/08 14:46:50 INFO session created token=8ac64d7c-9fc6-4ffc-a8e3-93b3ea567ea4 name=User_87_88
2025/11/08 14:46:50 INFO session updated token=8ac64d7c-9fc6-4ffc-a8e3-93b3ea567ea4 tableID=0xc0005e11f0 seatIndex=0xc0005e2b30
2025/11/08 14:46:50 INFO session removed token=8ac64d7c-9fc6-4ffc-a8e3-93b3ea567ea4
2025/11/08 14:46:50 INFO session created token=c8c695f8-3f7e-4ff6-8c82-4f0a05a6ebc3 name=User_87_89
2025/11/08 14:46:50 INFO session updated token=c8c695f8-3f7e-4ff6-8c82-4f0a05a6ebc3 tableID=0xc0005e1240 seatIndex=0xc0005e2b80
2025/11/08 14:46:50 INFO session removed token=c8c695f8-3f7e-4ff6-8c82-4f0a05a6ebc3
2025/11/08 14:46:50 INFO session created token=dea3a1dc-84bc-4dc9-a019-d9eab9267bd5 name=User_87_90
2025/11/08 14:46:50 INFO session updated token=dea3a1dc-84bc-4dc9-a019-d9eab9267bd5 tableID=0xc0005e1290 seatIndex=0xc0005e2bd0
2025/11/08 14:46:50 INFO session removed token=dea3a1dc-84bc-4dc9-a019-d9eab9267bd5
2025/11/08 14:46:50 INFO session created token=b9022203-5268-4de8-9cf1-99f907c2770b name=User_87_91
2025/11/08 14:46:50 INFO session updated token=b9022203-5268-4de8-9cf1-99f907c2770b tableID=0xc0005e12e0 seatIndex=0xc0005e2c20
2025/11/08 14:46:50 INFO session removed token=b9022203-5268-4de8-9cf1-99f907c2770b
2025/11/08 14:46:50 INFO session created token=80cb9213-b225-46b9-878b-60b1de705412 name=User_87_92
2025/11/08 14:46:50 INFO session updated token=80cb9213-b225-46b9-878b-60b1de705412 tableID=0xc0005e1330 seatIndex=0xc0005e2c70
2025/11/08 14:46:50 INFO session removed token=80cb9213-b225-46b9-878b-60b1de705412
2025/11/08 14:46:50 INFO session created token=216c9deb-65ec-4685-a36e-57aa3e5694d1 name=User_87_93
2025/11/08 14:46:50 INFO session updated token=216c9deb-65ec-4685-a36e-57aa3e5694d1 tableID=0xc0005e1380 seatIndex=0xc0005e2cc0
2025/11/08 14:46:50 INFO session removed token=216c9deb-65ec-4685-a36e-57aa3e5694d1
2025/11/08 14:46:50 INFO session created token=6054cf60-f157-4782-a1d9-e8747dd55d1e name=User_87_94
2025/11/08 14:46:50 INFO session updated token=6054cf60-f157-4782-a1d9-e8747dd55d1e tableID=0xc0005e13d0 seatIndex=0xc0005e2d10
2025/11/08 14:46:50 INFO session removed token=6054cf60-f157-4782-a1d9-e8747dd55d1e
2025/11/08 14:46:50 INFO session created token=6f93a925-e155-4779-9286-3517965132c4 name=User_87_95
2025/11/08 14:46:50 INFO session updated token=6f93a925-e155-4779-9286-3517965132c4 tableID=0xc0005e1420 seatIndex=0xc0005e2d60
2025/11/08 14:46:50 INFO session removed token=6f93a925-e155-4779-9286-3517965132c4
2025/11/08 14:46:50 INFO session created token=fa4f8e4b-fc9e-4c9c-ab25-1ead884125c4 name=User_87_96
2025/11/08 14:46:50 INFO session updated token=fa4f8e4b-fc9e-4c9c-ab25-1ead884125c4 tableID=0xc0005e1470 seatIndex=0xc0005e2db0
2025/11/08 14:46:50 INFO session removed token=fa4f8e4b-fc9e-4c9c-ab25-1ead884125c4
2025/11/08 14:46:50 INFO session created token=ddabe1d8-dc56-44f5-8d56-3ad6d90b4695 name=User_87_97
2025/11/08 14:46:50 INFO session updated token=ddabe1d8-dc56-44f5-8d56-3ad6d90b4695 tableID=0xc0005e14c0 seatIndex=0xc0005e2e00
2025/11/08 14:46:50 INFO session removed token=ddabe1d8-dc56-44f5-8d56-3ad6d90b4695
2025/11/08 14:46:50 INFO session created token=6cfa667a-d221-4ac0-bea2-7a5c303261da name=User_87_98
2025/11/08 14:46:50 INFO session updated token=6cfa667a-d221-4ac0-bea2-7a5c303261da tableID=0xc0005e1510 seatIndex=0xc0005e2e50
2025/11/08 14:46:50 INFO session removed token=6cfa667a-d221-4ac0-bea2-7a5c303261da
2025/11/08 14:46:50 INFO session created token=3c4651b2-e304-4083-86e8-584f4d88dd05 name=User_87_99
2025/11/08 14:46:50 INFO session updated token=3c4651b2-e304-4083-86e8-584f4d88dd05 tableID=0xc0005e1560 seatIndex=0xc0005e2ea0
2025/11/08 14:46:50 INFO session removed token=3c4651b2-e304-4083-86e8-584f4d88dd05
2025/11/08 14:46:50 INFO session removed token=2084619a-138c-4d84-99c0-3e1d31b983a3
2025/11/08 14:46:50 INFO session created token=f85a305f-917a-4e75-8f84-19b1a8159e74 name=User_99_20
2025/11/08 14:46:50 INFO session updated token=f85a305f-917a-4e75-8f84-19b1a8159e74 tableID=0xc000660980 seatIndex=0xc0006626f8
2025/11/08 14:46:50 INFO session removed token=f85a305f-917a-4e75-8f84-19b1a8159e74
2025/11/08 14:46:50 INFO session created token=4ffce909-5f6b-4967-879a-f89c7423b59f name=User_99_21
2025/11/08 14:46:50 INFO session updated token=4ffce909-5f6b-4967-879a-f89c7423b59f tableID=0xc0006609d0 seatIndex=0xc000662748
2025/11/08 14:46:50 INFO session removed token=4ffce909-5f6b-4967-879a-f89c7423b59f
2025/11/08 14:46:50 INFO session created token=97e39fc6-7076-4f21-acef-1581a4275e7f name=User_99_22
2025/11/08 14:46:50 INFO session updated token=97e39fc6-7076-4f21-acef-1581a4275e7f tableID=0xc000660a20 seatIndex=0xc000662798
2025/11/08 14:46:50 INFO session removed token=97e39fc6-7076-4f21-acef-1581a4275e7f
2025/11/08 14:46:50 INFO session created token=fba7b71c-09b7-4e9a-ad64-d0b8edd6e76b name=User_99_23
2025/11/08 14:46:50 INFO session updated token=fba7b71c-09b7-4e9a-ad64-d0b8edd6e76b tableID=0xc000660a70 seatIndex=0xc0006627e8
2025/11/08 14:46:50 INFO session removed token=fba7b71c-09b7-4e9a-ad64-d0b8edd6e76b
2025/11/08 14:46:50 INFO session created token=0ed082c9-40af-48ee-8003-4c041cbc1d37 name=User_99_24
2025/11/08 14:46:50 INFO session updated token=0ed082c9-40af-48ee-8003-4c041cbc1d37 tableID=0xc000660ac0 seatIndex=0xc000662838
2025/11/08 14:46:50 INFO session removed token=0ed082c9-40af-48ee-8003-4c041cbc1d37
2025/11/08 14:46:50 INFO session updated token=1706df94-dec4-4382-a5fd-b72e7a47e3c2 tableID=0xc000552bd0 seatIndex=0xc0005546b8
2025/11/08 14:46:50 INFO session removed token=1706df94-dec4-4382-a5fd-b72e7a47e3c2
2025/11/08 14:46:50 INFO session created token=331ff67e-7b0d-4dbb-995a-b85a0b8af1cd name=User_2_75
2025/11/08 14:46:50 INFO session updated token=331ff67e-7b0d-4dbb-995a-b85a0b8af1cd tableID=0xc0003f4390 seatIndex=0xc0003ef720
2025/11/08 14:46:50 INFO session removed token=331ff67e-7b0d-4dbb-995a-b85a0b8af1cd
2025/11/08 14:46:50 INFO session created token=91289428-c780-4bad-bcd8-01219f35e826 name=User_2_76
2025/11/08 14:46:50 INFO session updated token=91289428-c780-4bad-bcd8-01219f35e826 tableID=0xc0003f43e0 seatIndex=0xc0003ef770
2025/11/08 14:46:50 INFO session removed token=91289428-c780-4bad-bcd8-01219f35e826
2025/11/08 14:46:50 INFO session created token=59fe1515-c054-4dae-a06e-d1bd9e50204f name=User_2_77
2025/11/08 14:46:50 INFO session updated token=59fe1515-c054-4dae-a06e-d1bd9e50204f tableID=0xc0003f4430 seatIndex=0xc0003ef7c0
2025/11/08 14:46:50 INFO session removed token=59fe1515-c054-4dae-a06e-d1bd9e50204f
2025/11/08 14:46:50 INFO session created token=ba7f3596-8848-46a7-8bb9-793a2d629316 name=User_2_78
2025/11/08 14:46:50 INFO session updated token=ba7f3596-8848-46a7-8bb9-793a2d629316 tableID=0xc0003f4480 seatIndex=0xc0003ef810
2025/11/08 14:46:50 INFO session removed token=ba7f3596-8848-46a7-8bb9-793a2d629316
2025/11/08 14:46:50 INFO session created token=9f1184bb-2201-4da4-b53a-bbd55925d4ad name=User_2_79
2025/11/08 14:46:50 INFO session updated token=9f1184bb-2201-4da4-b53a-bbd55925d4ad tableID=0xc0003f44d0 seatIndex=0xc0003ef860
2025/11/08 14:46:50 INFO session removed token=9f1184bb-2201-4da4-b53a-bbd55925d4ad
2025/11/08 14:46:50 INFO session created token=673a2f09-2f11-46ec-9302-cc2e096e6ab1 name=User_2_80
2025/11/08 14:46:50 INFO session updated token=673a2f09-2f11-46ec-9302-cc2e096e6ab1 tableID=0xc0003f4520 seatIndex=0xc0003ef8b0
2025/11/08 14:46:50 INFO session removed token=673a2f09-2f11-46ec-9302-cc2e096e6ab1
2025/11/08 14:46:50 INFO session created token=19f697c4-5295-426f-97d1-eb2108a1e273 name=User_2_81
2025/11/08 14:46:50 INFO session updated token=19f697c4-5295-426f-97d1-eb2108a1e273 tableID=0xc0003f4570 seatIndex=0xc0003ef900
2025/11/08 14:46:50 INFO session removed token=19f697c4-5295-426f-97d1-eb2108a1e273
2025/11/08 14:46:50 INFO session created token=75972ed6-5bf1-4864-8b49-e71d7959fee0 name=User_2_82
2025/11/08 14:46:50 INFO session updated token=75972ed6-5bf1-4864-8b49-e71d7959fee0 tableID=0xc0003f45c0 seatIndex=0xc0003ef950
2025/11/08 14:46:50 INFO session removed token=75972ed6-5bf1-4864-8b49-e71d7959fee0
2025/11/08 14:46:50 INFO session created token=20c02ee4-98a7-4ee1-962a-406672236b4d name=User_2_83
2025/11/08 14:46:50 INFO session updated token=20c02ee4-98a7-4ee1-962a-406672236b4d tableID=0xc0003f4610 seatIndex=0xc0003ef9a0
2025/11/08 14:46:50 INFO session removed token=20c02ee4-98a7-4ee1-962a-406672236b4d
2025/11/08 14:46:50 INFO session created token=5172e68e-652e-4f1d-8e4d-e79952b1ac3f name=User_2_84
2025/11/08 14:46:50 INFO session updated token=5172e68e-652e-4f1d-8e4d-e79952b1ac3f tableID=0xc0003f4660 seatIndex=0xc0003ef9f0
2025/11/08 14:46:50 INFO session removed token=5172e68e-652e-4f1d-8e4d-e79952b1ac3f
2025/11/08 14:46:50 INFO session created token=7b4fc5f2-b35c-40ba-973b-c215f7b5dd58 name=User_2_85
2025/11/08 14:46:50 INFO session updated token=7b4fc5f2-b35c-40ba-973b-c215f7b5dd58 tableID=0xc0003f46b0 seatIndex=0xc0003efa40
2025/11/08 14:46:50 INFO session removed token=7b4fc5f2-b35c-40ba-973b-c215f7b5dd58
2025/11/08 14:46:50 INFO session created token=064bb77b-15ac-419f-af9c-d50739245e3c name=User_2_86
2025/11/08 14:46:50 INFO session updated token=064bb77b-15ac-419f-af9c-d50739245e3c tableID=0xc0003f4700 seatIndex=0xc0003efa90
2025/11/08 14:46:50 INFO session removed token=064bb77b-15ac-419f-af9c-d50739245e3c
2025/11/08 14:46:50 INFO session created token=42856fbe-d477-4a25-b518-9bdb0089960a name=User_2_87
2025/11/08 14:46:50 INFO session updated token=42856fbe-d477-4a25-b518-9bdb0089960a tableID=0xc0003f4750 seatIndex=0xc0003efae0
2025/11/08 14:46:50 INFO session removed token=42856fbe-d477-4a25-b518-9bdb0089960a
2025/11/08 14:46:50 INFO session created token=6934e426-5493-4a6b-822e-afad1978019c name=User_2_88
2025/11/08 14:46:50 INFO session updated token=6934e426-5493-4a6b-822e-afad1978019c tableID=0xc0003f47a0 seatIndex=0xc0003efb30
2025/11/08 14:46:50 INFO session removed token=6934e426-5493-4a6b-822e-afad1978019c
2025/11/08 14:46:50 INFO session created token=dafb40a4-c14c-4783-8d48-960f0199983c name=User_2_89
2025/11/08 14:46:50 INFO session updated token=dafb40a4-c14c-4783-8d48-960f0199983c tableID=0xc0003f47f0 seatIndex=0xc0003efb80
2025/11/08 14:46:50 INFO session removed token=dafb40a4-c14c-4783-8d48-960f0199983c
2025/11/08 14:46:50 INFO session created token=2f1ed2d2-0d6b-43b2-9e59-ea5c4406cb3a name=User_2_90
2025/11/08 14:46:50 INFO session updated token=2f1ed2d2-0d6b-43b2-9e59-ea5c4406cb3a tableID=0xc0003f4840 seatIndex=0xc0003efbd0
2025/11/08 14:46:50 INFO session removed token=2f1ed2d2-0d6b-43b2-9e59-ea5c4406cb3a
2025/11/08 14:46:50 INFO session created token=68656a7d-684f-4d5e-933a-2cef1eded7c0 name=User_2_91
2025/11/08 14:46:50 INFO session updated token=68656a7d-684f-4d5e-933a-2cef1eded7c0 tableID=0xc0003f4890 seatIndex=0xc0003efc20
2025/11/08 14:46:50 INFO session removed token=68656a7d-684f-4d5e-933a-2cef1eded7c0
2025/11/08 14:46:50 INFO session created token=8cbec1bc-0239-45c1-8b84-1ca8e4737411 name=User_2_92
2025/11/08 14:46:50 INFO session updated token=8cbec1bc-0239-45c1-8b84-1ca8e4737411 tableID=0xc0003f48e0 seatIndex=0xc0003efc70
2025/11/08 14:46:50 INFO session removed token=8cbec1bc-0239-45c1-8b84-1ca8e4737411
2025/11/08 14:46:50 INFO session created token=3dbdb00e-73c0-40a9-b746-4cf5bcfde95a name=User_2_93
2025/11/08 14:46:50 INFO session updated token=3dbdb00e-73c0-40a9-b746-4cf5bcfde95a tableID=0xc0003f4930 seatIndex=0xc0003efcc0
2025/11/08 14:46:50 INFO session removed token=3dbdb00e-73c0-40a9-b746-4cf5bcfde95a
2025/11/08 14:46:50 INFO session created token=0748b6d5-e4a9-4395-8440-a6995a2f48e8 name=User_2_94
2025/11/08 14:46:50 INFO session updated token=0748b6d5-e4a9-4395-8440-a6995a2f48e8 tableID=0xc0003f4980 seatIndex=0xc0003efd10
2025/11/08 14:46:50 INFO session removed token=0748b6d5-e4a9-4395-8440-a6995a2f48e8
2025/11/08 14:46:50 INFO session created token=6a0a999b-d52c-4340-bf42-460af4bd4586 name=User_2_95
2025/11/08 14:46:50 INFO session updated token=6a0a999b-d52c-4340-bf42-460af4bd4586 tableID=0xc0003f49d0 seatIndex=0xc0003efd60
2025/11/08 14:46:50 INFO session removed token=6a0a999b-d52c-4340-bf42-460af4bd4586
2025/11/08 14:46:50 INFO session created token=b5985e89-d3af-465a-ab4d-a25e11a06c90 name=User_2_96
2025/11/08 14:46:50 INFO session updated token=b5985e89-d3af-465a-ab4d-a25e11a06c90 tableID=0xc0003f4a20 seatIndex=0xc0003efdb0
2025/11/08 14:46:50 INFO session removed token=b5985e89-d3af-465a-ab4d-a25e11a06c90
2025/11/08 14:46:50 INFO session created token=3e514339-a473-4216-ab90-549e7e4e6f01 name=User_2_97
2025/11/08 14:46:50 INFO session updated token=3e514339-a473-4216-ab90-549e7e4e6f01 tableID=0xc0003f4a70 seatIndex=0xc0003efe00
2025/11/08 14:46:50 INFO session removed token=3e514339-a473-4216-ab90-549e7e4e6f01
2025/11/08 14:46:50 INFO session created token=a4cef367-8c3a-487b-b36d-8712608c54ac name=User_2_98
2025/11/08 14:46:50 INFO session updated token=a4cef367-8c3a-487b-b36d-8712608c54ac tableID=0xc0003f4ac0 seatIndex=0xc0003efe50
2025/11/08 14:46:50 INFO session removed token=a4cef367-8c3a-487b-b36d-8712608c54ac
2025/11/08 14:46:50 INFO session created token=ffb8ca99-c493-49e2-a8ff-78814c6db652 name=User_2_99
2025/11/08 14:46:50 INFO session updated token=ffb8ca99-c493-49e2-a8ff-78814c6db652 tableID=0xc0003f4b10 seatIndex=0xc0003efea0
2025/11/08 14:46:50 INFO session removed token=ffb8ca99-c493-49e2-a8ff-78814c6db652
2025/11/08 14:46:50 INFO session created token=c1bdf42c-7bd7-41ef-900c-449d3ef46fc0 name=User_50_13
2025/11/08 14:46:50 INFO session updated token=c1bdf42c-7bd7-41ef-900c-449d3ef46fc0 tableID=0xc0003f4b60 seatIndex=0xc0003efed0
2025/11/08 14:46:50 INFO session removed token=c1bdf42c-7bd7-41ef-900c-449d3ef46fc0
2025/11/08 14:46:50 INFO session created token=a436f5cc-c265-40af-89ca-746f33969804 name=User_50_14
2025/11/08 14:46:50 INFO session updated token=a436f5cc-c265-40af-89ca-746f33969804 tableID=0xc0003f4bb0 seatIndex=0xc0003eff20
2025/11/08 14:46:50 INFO session removed token=a436f5cc-c265-40af-89ca-746f33969804
2025/11/08 14:46:50 INFO session created token=11a7493a-f450-42ba-b035-74f111c012c4 name=User_50_15
2025/11/08 14:46:50 INFO session updated token=11a7493a-f450-42ba-b035-74f111c012c4 tableID=0xc0003f4c00 seatIndex=0xc0003eff70
2025/11/08 14:46:50 INFO session removed token=11a7493a-f450-42ba-b035-74f111c012c4
2025/11/08 14:46:50 INFO session created token=27886811-c01b-49f4-b82a-1eec32322775 name=User_50_16
2025/11/08 14:46:50 INFO session updated token=27886811-c01b-49f4-b82a-1eec32322775 tableID=0xc0003f4c50 seatIndex=0xc0003effc0
2025/11/08 14:46:50 INFO session removed token=27886811-c01b-49f4-b82a-1eec32322775
2025/11/08 14:46:50 INFO session created token=08c2dbef-d42c-4388-8033-886e0c78b544 name=User_50_17
2025/11/08 14:46:50 INFO session updated token=08c2dbef-d42c-4388-8033-886e0c78b544 tableID=0xc0003f4ca0 seatIndex=0xc0003f8010
2025/11/08 14:46:50 INFO session removed token=08c2dbef-d42c-4388-8033-886e0c78b544
2025/11/08 14:46:50 INFO session created token=7aaa35f6-d6a3-4098-a05f-35e524891d7f name=User_50_18
2025/11/08 14:46:50 INFO session updated token=7aaa35f6-d6a3-4098-a05f-35e524891d7f tableID=0xc0003f4cf0 seatIndex=0xc0003f8060
2025/11/08 14:46:50 INFO session removed token=7aaa35f6-d6a3-4098-a05f-35e524891d7f
2025/11/08 14:46:50 INFO session created token=7211e5ea-cec7-4cb9-9c31-72436623ba99 name=User_50_19
2025/11/08 14:46:50 INFO session updated token=7211e5ea-cec7-4cb9-9c31-72436623ba99 tableID=0xc0003f4d40 seatIndex=0xc0003f80b0
2025/11/08 14:46:50 INFO session removed token=7211e5ea-cec7-4cb9-9c31-72436623ba99
2025/11/08 14:46:50 INFO session created token=f7580624-e6d7-48e5-82a0-a96d3da2d53b name=User_50_20
2025/11/08 14:46:50 INFO session updated token=f7580624-e6d7-48e5-82a0-a96d3da2d53b tableID=0xc0003f4d90 seatIndex=0xc0003f8100
2025/11/08 14:46:50 INFO session removed token=f7580624-e6d7-48e5-82a0-a96d3da2d53b
2025/11/08 14:46:50 INFO session created token=92adee69-a673-4a7b-a693-f2792f310ff8 name=User_50_21
2025/11/08 14:46:50 INFO session updated token=92adee69-a673-4a7b-a693-f2792f310ff8 tableID=0xc0003f4de0 seatIndex=0xc0003f8150
2025/11/08 14:46:50 INFO session removed token=92adee69-a673-4a7b-a693-f2792f310ff8
2025/11/08 14:46:50 INFO session created token=62370c50-ba8c-4fea-9df9-2f8e6c9e35b3 name=User_50_22
2025/11/08 14:46:50 INFO session updated token=62370c50-ba8c-4fea-9df9-2f8e6c9e35b3 tableID=0xc0003f4e30 seatIndex=0xc0003f81a0
2025/11/08 14:46:50 INFO session removed token=62370c50-ba8c-4fea-9df9-2f8e6c9e35b3
2025/11/08 14:46:50 INFO session created token=c309e493-6912-4833-b9a4-e3cab4f9f8de name=User_50_23
2025/11/08 14:46:50 INFO session updated token=c309e493-6912-4833-b9a4-e3cab4f9f8de tableID=0xc0003f4e80 seatIndex=0xc0003f81f0
2025/11/08 14:46:50 INFO session removed token=c309e493-6912-4833-b9a4-e3cab4f9f8de
2025/11/08 14:46:50 INFO session created token=078fbc26-94e3-41d1-adc2-73686488948d name=User_50_24
2025/11/08 14:46:50 INFO session updated token=078fbc26-94e3-41d1-adc2-73686488948d tableID=0xc0003f4ed0 seatIndex=0xc0003f8240
2025/11/08 14:46:50 INFO session removed token=078fbc26-94e3-41d1-adc2-73686488948d
2025/11/08 14:46:50 INFO session created token=1dc9729b-6acb-47d5-b119-2f8b4f45e8a9 name=User_50_25
2025/11/08 14:46:50 INFO session updated token=1dc9729b-6acb-47d5-b119-2f8b4f45e8a9 tableID=0xc0003f4f20 seatIndex=0xc0003f8290
2025/11/08 14:46:50 INFO session removed token=1dc9729b-6acb-47d5-b119-2f8b4f45e8a9
2025/11/08 14:46:50 INFO session created token=2ccd4fad-4454-431d-98e9-deb1c52851ec name=User_50_26
2025/11/08 14:46:50 INFO session updated token=2ccd4fad-4454-431d-98e9-deb1c52851ec tableID=0xc0003f4f70 seatIndex=0xc0003f82e0
2025/11/08 14:46:50 INFO session removed token=2ccd4fad-4454-431d-98e9-deb1c52851ec
2025/11/08 14:46:50 INFO session created token=9c15ce02-9d06-4a2c-9878-abba381c77f3 name=User_50_27
2025/11/08 14:46:50 INFO session updated token=9c15ce02-9d06-4a2c-9878-abba381c77f3 tableID=0xc0003f4fc0 seatIndex=0xc0003f8330
2025/11/08 14:46:50 INFO session removed token=9c15ce02-9d06-4a2c-9878-abba381c77f3
2025/11/08 14:46:50 INFO session created token=64ef41c5-7efe-4602-afd2-76f8789189a3 name=User_50_28
2025/11/08 14:46:50 INFO session updated token=64ef41c5-7efe-4602-afd2-76f8789189a3 tableID=0xc0003f5010 seatIndex=0xc0003f8380
2025/11/08 14:46:50 INFO session removed token=64ef41c5-7efe-4602-afd2-76f8789189a3
2025/11/08 14:46:50 INFO session created token=cd35724a-2832-4a69-bf69-cc389c6b6a6e name=User_50_29
2025/11/08 14:46:50 INFO session updated token=cd35724a-2832-4a69-bf69-cc389c6b6a6e tableID=0xc0003f5060 seatIndex=0xc0003f83d0
2025/11/08 14:46:50 INFO session removed token=cd35724a-2832-4a69-bf69-cc389c6b6a6e
2025/11/08 14:46:50 INFO session created token=6b675153-ae2f-489a-afc8-3e188565f9e5 name=User_50_30
2025/11/08 14:46:50 INFO session updated token=6b675153-ae2f-489a-afc8-3e188565f9e5 tableID=0xc0003f50b0 seatIndex=0xc0003f8420
2025/11/08 14:46:50 INFO session removed token=6b675153-ae2f-489a-afc8-3e188565f9e5
2025/11/08 14:46:50 INFO session created token=e5baa0e3-8b29-45ea-9e8e-8d025f93c687 name=User_50_31
2025/11/08 14:46:50 INFO session updated token=e5baa0e3-8b29-45ea-9e8e-8d025f93c687 tableID=0xc0003f5100 seatIndex=0xc0003f8470
2025/11/08 14:46:50 INFO session removed token=e5baa0e3-8b29-45ea-9e8e-8d025f93c687
2025/11/08 14:46:50 INFO session created token=6d1f5b13-c203-4ae0-9e5f-b745f0cafdd1 name=User_50_32
2025/11/08 14:46:50 INFO session updated token=6d1f5b13-c203-4ae0-9e5f-b745f0cafdd1 tableID=0xc0003f5150 seatIndex=0xc0003f84c0
2025/11/08 14:46:50 INFO session removed token=6d1f5b13-c203-4ae0-9e5f-b745f0cafdd1
2025/11/08 14:46:50 INFO session created token=d8d4a004-cc0c-4ce6-ac1e-ffce318fc32d name=User_50_33
2025/11/08 14:46:50 INFO session updated token=d8d4a004-cc0c-4ce6-ac1e-ffce318fc32d tableID=0xc0003f51a0 seatIndex=0xc0003f8510
2025/11/08 14:46:50 INFO session removed token=d8d4a004-cc0c-4ce6-ac1e-ffce318fc32d
2025/11/08 14:46:50 INFO session created token=8162b3a0-fac1-40a5-8e50-94a491d09f19 name=User_50_34
2025/11/08 14:46:50 INFO session updated token=8162b3a0-fac1-40a5-8e50-94a491d09f19 tableID=0xc0003f51f0 seatIndex=0xc0003f8560
2025/11/08 14:46:50 INFO session removed token=8162b3a0-fac1-40a5-8e50-94a491d09f19
2025/11/08 14:46:50 INFO session created token=9bdc03a2-7ff5-4069-8bc8-62f31a840039 name=User_50_35
2025/11/08 14:46:50 INFO session updated token=9bdc03a2-7ff5-4069-8bc8-62f31a840039 tableID=0xc0003f5240 seatIndex=0xc0003f85b0
2025/11/08 14:46:50 INFO session removed token=9bdc03a2-7ff5-4069-8bc8-62f31a840039
2025/11/08 14:46:50 INFO session created token=4de4eb09-6f5a-4d0d-98be-cd0e068db8de name=User_50_36
2025/11/08 14:46:50 INFO session updated token=4de4eb09-6f5a-4d0d-98be-cd0e068db8de tableID=0xc0003f5290 seatIndex=0xc0003f8600
2025/11/08 14:46:50 INFO session removed token=4de4eb09-6f5a-4d0d-98be-cd0e068db8de
2025/11/08 14:46:50 INFO session created token=77cd4937-d5d3-4338-940d-68a6abb7f0bc name=User_50_37
2025/11/08 14:46:50 INFO session updated token=77cd4937-d5d3-4338-940d-68a6abb7f0bc tableID=0xc0003f52e0 seatIndex=0xc0003f8650
2025/11/08 14:46:50 INFO session removed token=77cd4937-d5d3-4338-940d-68a6abb7f0bc
2025/11/08 14:46:50 INFO session created token=01541aa2-89f3-4c8e-901b-c364009ca792 name=User_50_38
2025/11/08 14:46:50 INFO session updated token=01541aa2-89f3-4c8e-901b-c364009ca792 tableID=0xc0003f5330 seatIndex=0xc0003f86a0
2025/11/08 14:46:50 INFO session removed token=01541aa2-89f3-4c8e-901b-c364009ca792
2025/11/08 14:46:50 INFO session created token=93fe0d8d-da18-46e8-b250-2ad9f16c5ebc name=User_50_39
2025/11/08 14:46:50 INFO session updated token=93fe0d8d-da18-46e8-b250-2ad9f16c5ebc tableID=0xc0003f5380 seatIndex=0xc0003f86f0
2025/11/08 14:46:50 INFO session removed token=93fe0d8d-da18-46e8-b250-2ad9f16c5ebc
2025/11/08 14:46:50 INFO session created token=09ab83f8-235b-4ad0-b288-9101d0b8e6d1 name=User_50_40
2025/11/08 14:46:50 INFO session updated token=09ab83f8-235b-4ad0-b288-9101d0b8e6d1 tableID=0xc0003f53d0 seatIndex=0xc0003f8740
2025/11/08 14:46:50 INFO session removed token=09ab83f8-235b-4ad0-b288-9101d0b8e6d1
2025/11/08 14:46:50 INFO session created token=20ac512f-8de8-4349-8e27-7674c9a7804f name=User_50_41
2025/11/08 14:46:50 INFO session updated token=20ac512f-8de8-4349-8e27-7674c9a7804f tableID=0xc0003f5420 seatIndex=0xc0003f8790
2025/11/08 14:46:50 INFO session removed token=20ac512f-8de8-4349-8e27-7674c9a7804f
2025/11/08 14:46:50 INFO session created token=2a0ec1f1-0e12-4285-8c7d-5ede604e81f6 name=User_50_42
2025/11/08 14:46:50 INFO session updated token=2a0ec1f1-0e12-4285-8c7d-5ede604e81f6 tableID=0xc0003f5470 seatIndex=0xc0003f87e0
2025/11/08 14:46:50 INFO session removed token=2a0ec1f1-0e12-4285-8c7d-5ede604e81f6
2025/11/08 14:46:50 INFO session created token=c19d0fd7-aa7a-4737-8648-4c24eb0c7785 name=User_50_43
2025/11/08 14:46:50 INFO session updated token=c19d0fd7-aa7a-4737-8648-4c24eb0c7785 tableID=0xc0003f54c0 seatIndex=0xc0003f8830
2025/11/08 14:46:50 INFO session removed token=c19d0fd7-aa7a-4737-8648-4c24eb0c7785
2025/11/08 14:46:50 INFO session created token=e4bd3fe1-c6ba-42a6-8544-81ca541eae1a name=User_50_44
2025/11/08 14:46:50 INFO session updated token=e4bd3fe1-c6ba-42a6-8544-81ca541eae1a tableID=0xc0003f5510 seatIndex=0xc0003f8880
2025/11/08 14:46:50 INFO session removed token=e4bd3fe1-c6ba-42a6-8544-81ca541eae1a
2025/11/08 14:46:50 INFO session created token=8eade72e-6994-443c-9368-f6abf5e728e0 name=User_50_45
2025/11/08 14:46:50 INFO session updated token=8eade72e-6994-443c-9368-f6abf5e728e0 tableID=0xc0003f5560 seatIndex=0xc0003f88d0
2025/11/08 14:46:50 INFO session removed token=8eade72e-6994-443c-9368-f6abf5e728e0
2025/11/08 14:46:50 INFO session created token=8c03e8f4-aa67-4d4f-a2c1-08f70028280a name=User_50_46
2025/11/08 14:46:50 INFO session updated token=8c03e8f4-aa67-4d4f-a2c1-08f70028280a tableID=0xc0003f55b0 seatIndex=0xc0003f8920
2025/11/08 14:46:50 INFO session removed token=8c03e8f4-aa67-4d4f-a2c1-08f70028280a
2025/11/08 14:46:50 INFO session created token=210639cc-05c7-445b-897d-c63dcc9cafba name=User_50_47
2025/11/08 14:46:50 INFO session updated token=210639cc-05c7-445b-897d-c63dcc9cafba tableID=0xc0003f5600 seatIndex=0xc0003f8970
2025/11/08 14:46:50 INFO session removed token=210639cc-05c7-445b-897d-c63dcc9cafba
2025/11/08 14:46:50 INFO session created token=ba02ca52-4beb-43ff-a1f4-d7e92e32c688 name=User_50_48
2025/11/08 14:46:50 INFO session updated token=ba02ca52-4beb-43ff-a1f4-d7e92e32c688 tableID=0xc0003f5650 seatIndex=0xc0003f89c0
2025/11/08 14:46:50 INFO session removed token=ba02ca52-4beb-43ff-a1f4-d7e92e32c688
2025/11/08 14:46:50 INFO session created token=ce214b5d-989f-4313-b79f-cdc3cd7a4e75 name=User_50_49
2025/11/08 14:46:50 INFO session updated token=ce214b5d-989f-4313-b79f-cdc3cd7a4e75 tableID=0xc0003f56a0 seatIndex=0xc0003f8a10
2025/11/08 14:46:50 INFO session removed token=ce214b5d-989f-4313-b79f-cdc3cd7a4e75
2025/11/08 14:46:50 INFO session created token=5ead14c8-d271-46c5-8f7f-4771e1b69ce5 name=User_50_50
2025/11/08 14:46:50 INFO session updated token=5ead14c8-d271-46c5-8f7f-4771e1b69ce5 tableID=0xc0003f56f0 seatIndex=0xc0003f8a60
2025/11/08 14:46:50 INFO session removed token=5ead14c8-d271-46c5-8f7f-4771e1b69ce5
2025/11/08 14:46:50 INFO session created token=dc469edf-dfce-4dc0-bb7c-ecc0b93c1af6 name=User_50_51
2025/11/08 14:46:50 INFO session updated token=dc469edf-dfce-4dc0-bb7c-ecc0b93c1af6 tableID=0xc0003f5740 seatIndex=0xc0003f8ab0
2025/11/08 14:46:50 INFO session removed token=dc469edf-dfce-4dc0-bb7c-ecc0b93c1af6
2025/11/08 14:46:50 INFO session created token=4d73cd14-2962-488f-8bad-c2dd5f0017e6 name=User_50_52
2025/11/08 14:46:50 INFO session updated token=4d73cd14-2962-488f-8bad-c2dd5f0017e6 tableID=0xc0003f5790 seatIndex=0xc0003f8b00
2025/11/08 14:46:50 INFO session removed token=4d73cd14-2962-488f-8bad-c2dd5f0017e6
2025/11/08 14:46:50 INFO session created token=6a5ae58e-f6df-4f35-bf84-b6bcb3d5056c name=User_50_53
2025/11/08 14:46:50 INFO session updated token=6a5ae58e-f6df-4f35-bf84-b6bcb3d5056c tableID=0xc0003f57e0 seatIndex=0xc0003f8b50
2025/11/08 14:46:50 INFO session removed token=6a5ae58e-f6df-4f35-bf84-b6bcb3d5056c
2025/11/08 14:46:50 INFO session created token=3b55dec7-4c43-4bc3-afda-8cd25215f420 name=User_50_54
2025/11/08 14:46:50 INFO session updated token=3b55dec7-4c43-4bc3-afda-8cd25215f420 tableID=0xc0003f5830 seatIndex=0xc0003f8ba0
2025/11/08 14:46:50 INFO session removed token=3b55dec7-4c43-4bc3-afda-8cd25215f420
2025/11/08 14:46:50 INFO session created token=bdc8c89d-da4b-418b-bd27-96ef7cf87e43 name=User_50_55
2025/11/08 14:46:50 INFO session updated token=bdc8c89d-da4b-418b-bd27-96ef7cf87e43 tableID=0xc0003f5880 seatIndex=0xc0003f8bf0
2025/11/08 14:46:50 INFO session removed token=bdc8c89d-da4b-418b-bd27-96ef7cf87e43
2025/11/08 14:46:50 INFO session created token=840f164c-f20f-4ce4-ad37-242a5484b9a4 name=User_50_56
2025/11/08 14:46:50 INFO session updated token=840f164c-f20f-4ce4-ad37-242a5484b9a4 tableID=0xc0003f58d0 seatIndex=0xc0003f8c40
2025/11/08 14:46:50 INFO session removed token=840f164c-f20f-4ce4-ad37-242a5484b9a4
2025/11/08 14:46:50 INFO session created token=3043cf94-318c-48a8-ba12-7f0d52fffb13 name=User_50_57
2025/11/08 14:46:50 INFO session updated token=3043cf94-318c-48a8-ba12-7f0d52fffb13 tableID=0xc0003f5920 seatIndex=0xc0003f8c90
2025/11/08 14:46:50 INFO session removed token=3043cf94-318c-48a8-ba12-7f0d52fffb13
2025/11/08 14:46:50 INFO session created token=71dc6849-3d0e-48ef-a56e-79d05b5d9178 name=User_50_58
2025/11/08 14:46:50 INFO session updated token=71dc6849-3d0e-48ef-a56e-79d05b5d9178 tableID=0xc0003f5970 seatIndex=0xc0003f8ce0
2025/11/08 14:46:50 INFO session removed token=71dc6849-3d0e-48ef-a56e-79d05b5d9178
2025/11/08 14:46:50 INFO session created token=389c249d-0d32-4ec1-92aa-df1e4f8886d9 name=User_50_59
2025/11/08 14:46:50 INFO session updated token=389c249d-0d32-4ec1-92aa-df1e4f8886d9 tableID=0xc0003f59c0 seatIndex=0xc0003f8d30
2025/11/08 14:46:50 INFO session removed token=389c249d-0d32-4ec1-92aa-df1e4f8886d9
2025/11/08 14:46:50 INFO session created token=9f88e4a2-fa26-46e2-9f21-dccfa0607b1b name=User_50_60
2025/11/08 14:46:50 INFO session updated token=9f88e4a2-fa26-46e2-9f21-dccfa0607b1b tableID=0xc0003f5a10 seatIndex=0xc0003f8d80
2025/11/08 14:46:50 INFO session removed token=9f88e4a2-fa26-46e2-9f21-dccfa0607b1b
2025/11/08 14:46:50 INFO session created token=aa3a879c-9806-4e6c-93ff-3126911de168 name=User_50_61
2025/11/08 14:46:50 INFO session updated token=aa3a879c-9806-4e6c-93ff-3126911de168 tableID=0xc0003f5a60 seatIndex=0xc0003f8dd0
2025/11/08 14:46:50 INFO session removed token=aa3a879c-9806-4e6c-93ff-3126911de168
2025/11/08 14:46:50 INFO session created token=d2b00e73-e2de-4747-9b9c-efed22cd0026 name=User_50_62
2025/11/08 14:46:50 INFO session updated token=d2b00e73-e2de-4747-9b9c-efed22cd0026 tableID=0xc0003f5ab0 seatIndex=0xc0003f8e20
2025/11/08 14:46:50 INFO session removed token=d2b00e73-e2de-4747-9b9c-efed22cd0026
2025/11/08 14:46:50 INFO session created token=4fdb3fe6-cc41-4d9c-ae4a-0f9bf8e54f0c name=User_50_63
2025/11/08 14:46:50 INFO session updated token=4fdb3fe6-cc41-4d9c-ae4a-0f9bf8e54f0c tableID=0xc0003f5b00 seatIndex=0xc0003f8e70
2025/11/08 14:46:50 INFO session removed token=4fdb3fe6-cc41-4d9c-ae4a-0f9bf8e54f0c
2025/11/08 14:46:50 INFO session created token=681d1f1b-41d8-459e-b28f-8f75d4d516c8 name=User_50_64
2025/11/08 14:46:50 INFO session updated token=681d1f1b-41d8-459e-b28f-8f75d4d516c8 tableID=0xc0003f5b50 seatIndex=0xc0003f8ec0
2025/11/08 14:46:50 INFO session removed token=681d1f1b-41d8-459e-b28f-8f75d4d516c8
2025/11/08 14:46:50 INFO session created token=1e495af0-5f0d-48f5-b645-d235ac902958 name=User_50_65
2025/11/08 14:46:50 INFO session updated token=1e495af0-5f0d-48f5-b645-d235ac902958 tableID=0xc0003f5ba0 seatIndex=0xc0003f8f10
2025/11/08 14:46:50 INFO session removed token=1e495af0-5f0d-48f5-b645-d235ac902958
2025/11/08 14:46:50 INFO session created token=0d886edf-e730-4653-9d79-b650b329b92e name=User_50_66
2025/11/08 14:46:50 INFO session updated token=0d886edf-e730-4653-9d79-b650b329b92e tableID=0xc0003f5bf0 seatIndex=0xc0003f8f60
2025/11/08 14:46:50 INFO session removed token=0d886edf-e730-4653-9d79-b650b329b92e
2025/11/08 14:46:50 INFO session created token=e75f8580-f824-48ac-9126-55f3a226b859 name=User_50_67
2025/11/08 14:46:50 INFO session updated token=e75f8580-f824-48ac-9126-55f3a226b859 tableID=0xc0003f5c40 seatIndex=0xc0003f8fb0
2025/11/08 14:46:50 INFO session removed token=e75f8580-f824-48ac-9126-55f3a226b859
2025/11/08 14:46:50 INFO session created token=9987c5cd-7154-4a6f-bfc5-13c0811f2cef name=User_50_68
2025/11/08 14:46:50 INFO session updated token=9987c5cd-7154-4a6f-bfc5-13c0811f2cef tableID=0xc0003f5c90 seatIndex=0xc0003f9000
2025/11/08 14:46:50 INFO session removed token=9987c5cd-7154-4a6f-bfc5-13c0811f2cef
2025/11/08 14:46:50 INFO session created token=b8f93664-083a-4480-9634-a12b2e86a613 name=User_50_69
2025/11/08 14:46:50 INFO session updated token=b8f93664-083a-4480-9634-a12b2e86a613 tableID=0xc0003f5ce0 seatIndex=0xc0003f9050
2025/11/08 14:46:50 INFO session removed token=b8f93664-083a-4480-9634-a12b2e86a613
2025/11/08 14:46:50 INFO session created token=cab630fc-39d2-46d1-9826-9cf32e26acac name=User_50_70
2025/11/08 14:46:50 INFO session updated token=cab630fc-39d2-46d1-9826-9cf32e26acac tableID=0xc0003f5d30 seatIndex=0xc0003f90a0
2025/11/08 14:46:50 INFO session removed token=cab630fc-39d2-46d1-9826-9cf32e26acac
2025/11/08 14:46:50 INFO session created token=c4d36f9d-08c2-496a-b96a-ace1ee687d8b name=User_50_71
2025/11/08 14:46:50 INFO session updated token=c4d36f9d-08c2-496a-b96a-ace1ee687d8b tableID=0xc0003f5d80 seatIndex=0xc0003f90f0
2025/11/08 14:46:50 INFO session removed token=c4d36f9d-08c2-496a-b96a-ace1ee687d8b
2025/11/08 14:46:50 INFO session created token=f1d2a40e-8a5d-46c8-9e66-6ff70362f163 name=User_50_72
2025/11/08 14:46:50 INFO session updated token=f1d2a40e-8a5d-46c8-9e66-6ff70362f163 tableID=0xc0003f5dd0 seatIndex=0xc0003f9140
2025/11/08 14:46:50 INFO session removed token=f1d2a40e-8a5d-46c8-9e66-6ff70362f163
2025/11/08 14:46:50 INFO session created token=75d2bd7f-4c6c-49e7-9299-e17b3e7310f7 name=User_50_73
2025/11/08 14:46:50 INFO session updated token=75d2bd7f-4c6c-49e7-9299-e17b3e7310f7 tableID=0xc0003f5e20 seatIndex=0xc0003f9190
2025/11/08 14:46:50 INFO session removed token=75d2bd7f-4c6c-49e7-9299-e17b3e7310f7
2025/11/08 14:46:50 INFO session created token=8d6d2093-a9a2-4674-9a99-08ae946fc2c9 name=User_50_74
2025/11/08 14:46:50 INFO session updated token=8d6d2093-a9a2-4674-9a99-08ae946fc2c9 tableID=0xc0003f5e70 seatIndex=0xc0003f91e0
2025/11/08 14:46:50 INFO session removed token=8d6d2093-a9a2-4674-9a99-08ae946fc2c9
2025/11/08 14:46:50 INFO session created token=fe464f5e-cfe5-474c-9fcd-f175410221af name=User_50_75
2025/11/08 14:46:50 INFO session updated token=fe464f5e-cfe5-474c-9fcd-f175410221af tableID=0xc0003f5ec0 seatIndex=0xc0003f9230
2025/11/08 14:46:50 INFO session removed token=fe464f5e-cfe5-474c-9fcd-f175410221af
2025/11/08 14:46:50 INFO session created token=538ed992-4764-4e8a-8e37-7e8ab60ed9f9 name=User_50_76
2025/11/08 14:46:50 INFO session updated token=538ed992-4764-4e8a-8e37-7e8ab60ed9f9 tableID=0xc0003f5f10 seatIndex=0xc0003f9280
2025/11/08 14:46:50 INFO session removed token=538ed992-4764-4e8a-8e37-7e8ab60ed9f9
2025/11/08 14:46:50 INFO session created token=680c87c9-2fe9-41f1-b189-4162b4fc1d25 name=User_50_77
2025/11/08 14:46:50 INFO session updated token=680c87c9-2fe9-41f1-b189-4162b4fc1d25 tableID=0xc0003f5f60 seatIndex=0xc0003f92d0
2025/11/08 14:46:50 INFO session removed token=680c87c9-2fe9-41f1-b189-4162b4fc1d25
2025/11/08 14:46:50 INFO session created token=1bb4982c-b444-4741-8dcb-fad5a97c5b31 name=User_50_78
2025/11/08 14:46:50 INFO session updated token=1bb4982c-b444-4741-8dcb-fad5a97c5b31 tableID=0xc0003fa030 seatIndex=0xc0003f9320
2025/11/08 14:46:50 INFO session removed token=1bb4982c-b444-4741-8dcb-fad5a97c5b31
2025/11/08 14:46:50 INFO session created token=98659107-ef3b-47d3-bb93-7a82c5c000c4 name=User_50_79
2025/11/08 14:46:50 INFO session updated token=98659107-ef3b-47d3-bb93-7a82c5c000c4 tableID=0xc0003fa080 seatIndex=0xc0003f9370
2025/11/08 14:46:50 INFO session removed token=98659107-ef3b-47d3-bb93-7a82c5c000c4
2025/11/08 14:46:50 INFO session created token=2a597587-c385-4f29-93bd-e72984863435 name=User_50_80
2025/11/08 14:46:50 INFO session updated token=2a597587-c385-4f29-93bd-e72984863435 tableID=0xc0003fa0d0 seatIndex=0xc0003f93c0
2025/11/08 14:46:50 INFO session removed token=2a597587-c385-4f29-93bd-e72984863435
2025/11/08 14:46:50 INFO session created token=e61af51c-c830-4436-8539-895c65058769 name=User_50_81
2025/11/08 14:46:50 INFO session updated token=e61af51c-c830-4436-8539-895c65058769 tableID=0xc0003fa120 seatIndex=0xc0003f9410
2025/11/08 14:46:50 INFO session removed token=e61af51c-c830-4436-8539-895c65058769
2025/11/08 14:46:50 INFO session created token=7733e932-d2e8-440e-9694-9115b90c0e39 name=User_50_82
2025/11/08 14:46:50 INFO session updated token=7733e932-d2e8-440e-9694-9115b90c0e39 tableID=0xc0003fa170 seatIndex=0xc0003f9460
2025/11/08 14:46:50 INFO session removed token=7733e932-d2e8-440e-9694-9115b90c0e39
2025/11/08 14:46:50 INFO session created token=f9192581-d866-42ed-920f-9b24cb8717ac name=User_50_83
2025/11/08 14:46:50 INFO session updated token=f9192581-d866-42ed-920f-9b24cb8717ac tableID=0xc0003fa1c0 seatIndex=0xc0003f94b0
2025/11/08 14:46:50 INFO session removed token=f9192581-d866-42ed-920f-9b24cb8717ac
2025/11/08 14:46:50 INFO session created token=f1cac5dc-3548-4db8-b2a4-fc900bdb0204 name=User_50_84
2025/11/08 14:46:50 INFO session updated token=f1cac5dc-3548-4db8-b2a4-fc900bdb0204 tableID=0xc0003fa210 seatIndex=0xc0003f9500
2025/11/08 14:46:50 INFO session removed token=f1cac5dc-3548-4db8-b2a4-fc900bdb0204
2025/11/08 14:46:50 INFO session created token=13b8eb15-7fd0-4364-ae99-d0f7df4754b6 name=User_50_85
2025/11/08 14:46:50 INFO session updated token=13b8eb15-7fd0-4364-ae99-d0f7df4754b6 tableID=0xc0003fa260 seatIndex=0xc0003f9550
2025/11/08 14:46:50 INFO session removed token=13b8eb15-7fd0-4364-ae99-d0f7df4754b6
2025/11/08 14:46:50 INFO session created token=f7ccb583-73e8-4d35-bd9a-9e7c60fb0f58 name=User_50_86
2025/11/08 14:46:50 INFO session updated token=f7ccb583-73e8-4d35-bd9a-9e7c60fb0f58 tableID=0xc0003fa2b0 seatIndex=0xc0003f95a0
2025/11/08 14:46:50 INFO session removed token=f7ccb583-73e8-4d35-bd9a-9e7c60fb0f58
2025/11/08 14:46:50 INFO session created token=7fe4bdb0-3b02-417f-8049-d106dd74abd1 name=User_50_87
2025/11/08 14:46:50 INFO session updated token=7fe4bdb0-3b02-417f-8049-d106dd74abd1 tableID=0xc0003fa300 seatIndex=0xc0003f95f0
2025/11/08 14:46:50 INFO session removed token=7fe4bdb0-3b02-417f-8049-d106dd74abd1
2025/11/08 14:46:50 INFO session created token=9c9cc7c8-e619-43e8-9a20-e29491f3d3e2 name=User_50_88
2025/11/08 14:46:50 INFO session updated token=9c9cc7c8-e619-43e8-9a20-e29491f3d3e2 tableID=0xc0003fa350 seatIndex=0xc0003f9640
2025/11/08 14:46:50 INFO session removed token=9c9cc7c8-e619-43e8-9a20-e29491f3d3e2
2025/11/08 14:46:50 INFO session created token=04d32137-e578-43c2-abdc-833c13a22ec9 name=User_50_89
2025/11/08 14:46:50 INFO session updated token=04d32137-e578-43c2-abdc-833c13a22ec9 tableID=0xc0003fa3a0 seatIndex=0xc0003f9690
2025/11/08 14:46:50 INFO session removed token=04d32137-e578-43c2-abdc-833c13a22ec9
2025/11/08 14:46:50 INFO session created token=d8ad55c1-a6ea-4662-9c86-5470c142b090 name=User_50_90
2025/11/08 14:46:50 INFO session updated token=d8ad55c1-a6ea-4662-9c86-5470c142b090 tableID=0xc0003fa3f0 seatIndex=0xc0003f96e0
2025/11/08 14:46:50 INFO session removed token=d8ad55c1-a6ea-4662-9c86-5470c142b090
2025/11/08 14:46:50 INFO session created token=24e929cd-70fa-48a4-8ce5-277188b2ae80 name=User_50_91
2025/11/08 14:46:50 INFO session updated token=24e929cd-70fa-48a4-8ce5-277188b2ae80 tableID=0xc0003fa440 seatIndex=0xc0003f9730
2025/11/08 14:46:50 INFO session removed token=24e929cd-70fa-48a4-8ce5-277188b2ae80
2025/11/08 14:46:50 INFO session created token=903df46b-2ef4-42ad-81e4-228224fee86b name=User_50_92
2025/11/08 14:46:50 INFO session updated token=903df46b-2ef4-42ad-81e4-228224fee86b tableID=0xc0003fa490 seatIndex=0xc0003f9780
2025/11/08 14:46:50 INFO session removed token=903df46b-2ef4-42ad-81e4-228224fee86b
2025/11/08 14:46:50 INFO session created token=c8ed1472-a2db-4825-ae09-72a0a3c58ece name=User_50_93
2025/11/08 14:46:50 INFO session updated token=c8ed1472-a2db-4825-ae09-72a0a3c58ece tableID=0xc0003fa4e0 seatIndex=0xc0003f97d0
2025/11/08 14:46:50 INFO session removed token=c8ed1472-a2db-4825-ae09-72a0a3c58ece
2025/11/08 14:46:50 INFO session created token=6e1ec6d6-56f1-426f-bcba-b37c55aa1cac name=User_50_94
2025/11/08 14:46:50 INFO session updated token=6e1ec6d6-56f1-426f-bcba-b37c55aa1cac tableID=0xc0003fa530 seatIndex=0xc0003f9820
2025/11/08 14:46:50 INFO session removed token=6e1ec6d6-56f1-426f-bcba-b37c55aa1cac
2025/11/08 14:46:50 INFO session created token=4c7a07a7-e0fd-435e-92e3-740e1383a53c name=User_50_95
2025/11/08 14:46:50 INFO session updated token=4c7a07a7-e0fd-435e-92e3-740e1383a53c tableID=0xc0003fa580 seatIndex=0xc0003f9870
2025/11/08 14:46:50 INFO session removed token=4c7a07a7-e0fd-435e-92e3-740e1383a53c
2025/11/08 14:46:50 INFO session created token=6f413819-ab67-4017-bc6e-b16e542eb974 name=User_50_96
2025/11/08 14:46:50 INFO session updated token=6f413819-ab67-4017-bc6e-b16e542eb974 tableID=0xc0003fa5d0 seatIndex=0xc0003f98c0
2025/11/08 14:46:50 INFO session removed token=6f413819-ab67-4017-bc6e-b16e542eb974
2025/11/08 14:46:50 INFO session created token=3f50949f-7b72-4f55-91c7-4dbfeb8dac10 name=User_50_97
2025/11/08 14:46:50 INFO session updated token=3f50949f-7b72-4f55-91c7-4dbfeb8dac10 tableID=0xc0003fa620 seatIndex=0xc0003f9910
2025/11/08 14:46:50 INFO session removed token=3f50949f-7b72-4f55-91c7-4dbfeb8dac10
2025/11/08 14:46:50 INFO session created token=53bbf483-3205-4e04-bda1-dd09226324a9 name=User_50_98
2025/11/08 14:46:50 INFO session updated token=53bbf483-3205-4e04-bda1-dd09226324a9 tableID=0xc0003fa670 seatIndex=0xc0003f9960
2025/11/08 14:46:50 INFO session removed token=53bbf483-3205-4e04-bda1-dd09226324a9
2025/11/08 14:46:50 INFO session created token=22764d12-b299-473c-b042-4ef51623a7f6 name=User_50_99
2025/11/08 14:46:50 INFO session updated token=22764d12-b299-473c-b042-4ef51623a7f6 tableID=0xc0003fa6c0 seatIndex=0xc0003f99b0
2025/11/08 14:46:50 INFO session removed token=22764d12-b299-473c-b042-4ef51623a7f6
2025/11/08 14:46:50 INFO session created token=ffa9659a-3af0-4ea3-96ae-9dd08340f5d2 name=User_65_20
2025/11/08 14:46:50 INFO session updated token=ffa9659a-3af0-4ea3-96ae-9dd08340f5d2 tableID=0xc0003fa710 seatIndex=0xc0003f99e0
2025/11/08 14:46:50 INFO session removed token=ffa9659a-3af0-4ea3-96ae-9dd08340f5d2
2025/11/08 14:46:50 INFO session created token=7e2cbb05-4be4-4588-bd9f-c7c45653b79a name=User_65_21
2025/11/08 14:46:50 INFO session updated token=7e2cbb05-4be4-4588-bd9f-c7c45653b79a tableID=0xc0003fa760 seatIndex=0xc0003f9a30
2025/11/08 14:46:50 INFO session removed token=7e2cbb05-4be4-4588-bd9f-c7c45653b79a
2025/11/08 14:46:50 INFO session created token=1a6c648f-5298-401c-80a6-b54a73bf367b name=User_65_22
2025/11/08 14:46:50 INFO session updated token=1a6c648f-5298-401c-80a6-b54a73bf367b tableID=0xc0003fa7b0 seatIndex=0xc0003f9a80
2025/11/08 14:46:50 INFO session removed token=1a6c648f-5298-401c-80a6-b54a73bf367b
2025/11/08 14:46:50 INFO session created token=bea26979-509b-4984-b9f0-ea7c711f4822 name=User_65_23
2025/11/08 14:46:50 INFO session updated token=bea26979-509b-4984-b9f0-ea7c711f4822 tableID=0xc0003fa800 seatIndex=0xc0003f9ad0
2025/11/08 14:46:50 INFO session removed token=bea26979-509b-4984-b9f0-ea7c711f4822
2025/11/08 14:46:50 INFO session created token=999ff6a9-ca46-40ad-b338-aaf205f149d1 name=User_65_24
2025/11/08 14:46:50 INFO session updated token=999ff6a9-ca46-40ad-b338-aaf205f149d1 tableID=0xc0003fa850 seatIndex=0xc0003f9b20
2025/11/08 14:46:50 INFO session removed token=999ff6a9-ca46-40ad-b338-aaf205f149d1
2025/11/08 14:46:50 INFO session created token=fa7911bb-6312-4fde-ad60-a03f53460a5b name=User_65_25
2025/11/08 14:46:50 INFO session updated token=fa7911bb-6312-4fde-ad60-a03f53460a5b tableID=0xc0003fa8a0 seatIndex=0xc0003f9b70
2025/11/08 14:46:50 INFO session removed token=fa7911bb-6312-4fde-ad60-a03f53460a5b
2025/11/08 14:46:50 INFO session created token=2c87a07e-bf40-44ee-91e1-f0c913424a21 name=User_65_26
2025/11/08 14:46:50 INFO session updated token=2c87a07e-bf40-44ee-91e1-f0c913424a21 tableID=0xc0003fa8f0 seatIndex=0xc0003f9bc0
2025/11/08 14:46:50 INFO session removed token=2c87a07e-bf40-44ee-91e1-f0c913424a21
2025/11/08 14:46:50 INFO session created token=872b3607-dbba-4eee-9ad0-d1117ac895b7 name=User_65_27
2025/11/08 14:46:50 INFO session updated token=872b3607-dbba-4eee-9ad0-d1117ac895b7 tableID=0xc0003fa940 seatIndex=0xc0003f9c10
2025/11/08 14:46:50 INFO session removed token=872b3607-dbba-4eee-9ad0-d1117ac895b7
2025/11/08 14:46:50 INFO session created token=9c113b2f-5f85-4a7b-9aad-8604260f978b name=User_65_28
2025/11/08 14:46:50 INFO session updated token=9c113b2f-5f85-4a7b-9aad-8604260f978b tableID=0xc0003fa990 seatIndex=0xc0003f9c60
2025/11/08 14:46:50 INFO session removed token=9c113b2f-5f85-4a7b-9aad-8604260f978b
2025/11/08 14:46:50 INFO session created token=c78b8daf-01a7-4e97-9fe8-e178b794970d name=User_65_29
2025/11/08 14:46:50 INFO session updated token=c78b8daf-01a7-4e97-9fe8-e178b794970d tableID=0xc0003fa9e0 seatIndex=0xc0003f9cb0
2025/11/08 14:46:50 INFO session removed token=c78b8daf-01a7-4e97-9fe8-e178b794970d
2025/11/08 14:46:50 INFO session created token=87d0506c-db1e-4ea6-ac55-6a9785ede518 name=User_65_30
2025/11/08 14:46:50 INFO session updated token=87d0506c-db1e-4ea6-ac55-6a9785ede518 tableID=0xc0003faa30 seatIndex=0xc0003f9d00
2025/11/08 14:46:50 INFO session removed token=87d0506c-db1e-4ea6-ac55-6a9785ede518
2025/11/08 14:46:50 INFO session created token=c3aceed8-5e62-4d2e-947d-4cccfa485fcd name=User_65_31
2025/11/08 14:46:50 INFO session updated token=c3aceed8-5e62-4d2e-947d-4cccfa485fcd tableID=0xc0003faa80 seatIndex=0xc0003f9d50
2025/11/08 14:46:50 INFO session removed token=c3aceed8-5e62-4d2e-947d-4cccfa485fcd
2025/11/08 14:46:50 INFO session created token=92ca7fd2-6765-496d-8ef4-3f9f9e70c2a8 name=User_65_32
2025/11/08 14:46:50 INFO session updated token=92ca7fd2-6765-496d-8ef4-3f9f9e70c2a8 tableID=0xc0003faad0 seatIndex=0xc0003f9da0
2025/11/08 14:46:50 INFO session removed token=92ca7fd2-6765-496d-8ef4-3f9f9e70c2a8
2025/11/08 14:46:50 INFO session created token=f9da1866-24db-4b90-baa1-63dede5bb3ba name=User_65_33
2025/11/08 14:46:50 INFO session updated token=f9da1866-24db-4b90-baa1-63dede5bb3ba tableID=0xc0003fab20 seatIndex=0xc0003f9df0
2025/11/08 14:46:50 INFO session removed token=f9da1866-24db-4b90-baa1-63dede5bb3ba
2025/11/08 14:46:50 INFO session created token=61c12fcb-224f-4756-a9dc-70590343f25f name=User_65_34
2025/11/08 14:46:50 INFO session updated token=61c12fcb-224f-4756-a9dc-70590343f25f tableID=0xc0003fab70 seatIndex=0xc0003f9e40
2025/11/08 14:46:50 INFO session removed token=61c12fcb-224f-4756-a9dc-70590343f25f
2025/11/08 14:46:50 INFO session created token=10aac3d6-2ad3-48e1-a719-98db8afeefbc name=User_65_35
2025/11/08 14:46:50 INFO session updated token=10aac3d6-2ad3-48e1-a719-98db8afeefbc tableID=0xc0003fabc0 seatIndex=0xc0003f9e90
2025/11/08 14:46:50 INFO session removed token=10aac3d6-2ad3-48e1-a719-98db8afeefbc
2025/11/08 14:46:50 INFO session created token=9fe721a2-2e82-4d12-8a12-4f5fb7a8e933 name=User_65_36
2025/11/08 14:46:50 INFO session updated token=9fe721a2-2e82-4d12-8a12-4f5fb7a8e933 tableID=0xc0003fac10 seatIndex=0xc0003f9ee0
2025/11/08 14:46:50 INFO session removed token=9fe721a2-2e82-4d12-8a12-4f5fb7a8e933
2025/11/08 14:46:50 INFO session created token=6e89e9a4-2633-4b6a-b11c-b86792b99270 name=User_65_37
2025/11/08 14:46:50 INFO session updated token=6e89e9a4-2633-4b6a-b11c-b86792b99270 tableID=0xc0003fac60 seatIndex=0xc0003f9f30
2025/11/08 14:46:50 INFO session removed token=6e89e9a4-2633-4b6a-b11c-b86792b99270
2025/11/08 14:46:50 INFO session created token=28eaf34a-c346-4240-b899-d541cabbfe73 name=User_65_38
2025/11/08 14:46:50 INFO session updated token=28eaf34a-c346-4240-b899-d541cabbfe73 tableID=0xc0003facb0 seatIndex=0xc0003f9f80
2025/11/08 14:46:50 INFO session removed token=28eaf34a-c346-4240-b899-d541cabbfe73
2025/11/08 14:46:50 INFO session created token=0c2373e7-b91c-460c-970d-cc3bb0dbe9c2 name=User_65_39
2025/11/08 14:46:50 INFO session updated token=0c2373e7-b91c-460c-970d-cc3bb0dbe9c2 tableID=0xc0003fad00 seatIndex=0xc0003f9fd0
2025/11/08 14:46:50 INFO session removed token=0c2373e7-b91c-460c-970d-cc3bb0dbe9c2
2025/11/08 14:46:50 INFO session created token=eb441d8a-288e-4d37-8fab-73240111f3f2 name=User_65_40
2025/11/08 14:46:50 INFO session updated token=eb441d8a-288e-4d37-8fab-73240111f3f2 tableID=0xc0003fad50 seatIndex=0xc00013e020
2025/11/08 14:46:50 INFO session removed token=eb441d8a-288e-4d37-8fab-73240111f3f2
2025/11/08 14:46:50 INFO session created token=9396fffe-ce87-4eb4-807f-f05f545001c4 name=User_65_41
2025/11/08 14:46:50 INFO session updated token=9396fffe-ce87-4eb4-807f-f05f545001c4 tableID=0xc0003fada0 seatIndex=0xc00013e070
2025/11/08 14:46:50 INFO session removed token=9396fffe-ce87-4eb4-807f-f05f545001c4
2025/11/08 14:46:50 INFO session created token=8ae0b7cb-e100-40e1-bdc9-f15e400b710d name=User_65_42
2025/11/08 14:46:50 INFO session updated token=8ae0b7cb-e100-40e1-bdc9-f15e400b710d tableID=0xc0003fadf0 seatIndex=0xc00013e0c0
2025/11/08 14:46:50 INFO session removed token=8ae0b7cb-e100-40e1-bdc9-f15e400b710d
2025/11/08 14:46:50 INFO session created token=ddf0f85d-1cd5-478c-a889-e43e893d16e8 name=User_65_43
2025/11/08 14:46:50 INFO session updated token=ddf0f85d-1cd5-478c-a889-e43e893d16e8 tableID=0xc0003fae40 seatIndex=0xc00013e110
2025/11/08 14:46:50 INFO session removed token=ddf0f85d-1cd5-478c-a889-e43e893d16e8
2025/11/08 14:46:50 INFO session created token=de3c6cc6-2f6c-45e1-93e6-acd8cc3203b5 name=User_65_44
2025/11/08 14:46:50 INFO session updated token=de3c6cc6-2f6c-45e1-93e6-acd8cc3203b5 tableID=0xc0003fae90 seatIndex=0xc00013e160
2025/11/08 14:46:50 INFO session removed token=de3c6cc6-2f6c-45e1-93e6-acd8cc3203b5
2025/11/08 14:46:50 INFO session created token=2b9e96ed-88e3-4e11-b7e6-a3c196ba3dbc name=User_65_45
2025/11/08 14:46:50 INFO session updated token=2b9e96ed-88e3-4e11-b7e6-a3c196ba3dbc tableID=0xc0003faee0 seatIndex=0xc00013e1b0
2025/11/08 14:46:50 INFO session removed token=2b9e96ed-88e3-4e11-b7e6-a3c196ba3dbc
2025/11/08 14:46:50 INFO session created token=c6b666c8-2630-4ec4-9cdd-5004472d2187 name=User_65_46
2025/11/08 14:46:50 INFO session updated token=c6b666c8-2630-4ec4-9cdd-5004472d2187 tableID=0xc0003faf30 seatIndex=0xc00013e200
2025/11/08 14:46:50 INFO session removed token=c6b666c8-2630-4ec4-9cdd-5004472d2187
2025/11/08 14:46:50 INFO session created token=2d78fd39-dbd6-45cf-b9e0-ee4d1afa145a name=User_65_47
2025/11/08 14:46:50 INFO session updated token=2d78fd39-dbd6-45cf-b9e0-ee4d1afa145a tableID=0xc0003faf80 seatIndex=0xc00013e250
2025/11/08 14:46:50 INFO session removed token=2d78fd39-dbd6-45cf-b9e0-ee4d1afa145a
2025/11/08 14:46:50 INFO session created token=e45875bc-b631-4c27-8a9e-7bf3bfb37338 name=User_65_48
2025/11/08 14:46:50 INFO session updated token=e45875bc-b631-4c27-8a9e-7bf3bfb37338 tableID=0xc0003fafd0 seatIndex=0xc00013e2a0
2025/11/08 14:46:50 INFO session removed token=e45875bc-b631-4c27-8a9e-7bf3bfb37338
2025/11/08 14:46:50 INFO session created token=44d326ee-5b30-4cd3-9b50-d36274dcc9b5 name=User_65_49
2025/11/08 14:46:50 INFO session updated token=44d326ee-5b30-4cd3-9b50-d36274dcc9b5 tableID=0xc0003fb020 seatIndex=0xc00013e2f0
2025/11/08 14:46:50 INFO session removed token=44d326ee-5b30-4cd3-9b50-d36274dcc9b5
2025/11/08 14:46:50 INFO session created token=41be0246-c714-4e44-a90c-5a007bf81638 name=User_65_50
2025/11/08 14:46:50 INFO session updated token=41be0246-c714-4e44-a90c-5a007bf81638 tableID=0xc0003fb070 seatIndex=0xc00013e340
2025/11/08 14:46:50 INFO session removed token=41be0246-c714-4e44-a90c-5a007bf81638
2025/11/08 14:46:50 INFO session created token=a7305f51-aefb-42f6-899e-2eb031bfec07 name=User_65_51
2025/11/08 14:46:50 INFO session updated token=a7305f51-aefb-42f6-899e-2eb031bfec07 tableID=0xc0003fb0c0 seatIndex=0xc00013e390
2025/11/08 14:46:50 INFO session removed token=a7305f51-aefb-42f6-899e-2eb031bfec07
2025/11/08 14:46:50 INFO session created token=fa17647a-38ec-415e-91f1-88559e620381 name=User_65_52
2025/11/08 14:46:50 INFO session updated token=fa17647a-38ec-415e-91f1-88559e620381 tableID=0xc0003fb110 seatIndex=0xc00013e3e0
2025/11/08 14:46:50 INFO session removed token=fa17647a-38ec-415e-91f1-88559e620381
2025/11/08 14:46:50 INFO session created token=fd5051b8-fae3-4014-9671-37334fee4a6d name=User_65_53
2025/11/08 14:46:50 INFO session updated token=fd5051b8-fae3-4014-9671-37334fee4a6d tableID=0xc0003fb160 seatIndex=0xc00013e430
2025/11/08 14:46:50 INFO session removed token=fd5051b8-fae3-4014-9671-37334fee4a6d
2025/11/08 14:46:50 INFO session created token=2766c845-64f8-40c2-84ae-d3f79521ae80 name=User_65_54
2025/11/08 14:46:50 INFO session updated token=2766c845-64f8-40c2-84ae-d3f79521ae80 tableID=0xc0003fb1b0 seatIndex=0xc00013e480
2025/11/08 14:46:50 INFO session removed token=2766c845-64f8-40c2-84ae-d3f79521ae80
2025/11/08 14:46:50 INFO session created token=48c33cd9-b0cc-4d02-994a-06c44551a111 name=User_65_55
2025/11/08 14:46:50 INFO session updated token=48c33cd9-b0cc-4d02-994a-06c44551a111 tableID=0xc0003fb200 seatIndex=0xc00013e4d0
2025/11/08 14:46:50 INFO session removed token=48c33cd9-b0cc-4d02-994a-06c44551a111
2025/11/08 14:46:50 INFO session created token=501ced7a-5b88-4116-9dd6-f49d5bc1de1c name=User_65_56
2025/11/08 14:46:50 INFO session updated token=501ced7a-5b88-4116-9dd6-f49d5bc1de1c tableID=0xc0003fb250 seatIndex=0xc00013e520
2025/11/08 14:46:50 INFO session removed token=501ced7a-5b88-4116-9dd6-f49d5bc1de1c
2025/11/08 14:46:50 INFO session created token=7370ce46-fcf9-4c3a-ab63-46a3ee1e04a7 name=User_65_57
2025/11/08 14:46:50 INFO session updated token=7370ce46-fcf9-4c3a-ab63-46a3ee1e04a7 tableID=0xc0003fb2a0 seatIndex=0xc00013e570
2025/11/08 14:46:50 INFO session removed token=7370ce46-fcf9-4c3a-ab63-46a3ee1e04a7
2025/11/08 14:46:50 INFO session created token=3eab3006-32bc-4f1b-8f41-9d0bce69a7dc name=User_65_58
2025/11/08 14:46:50 INFO session updated token=3eab3006-32bc-4f1b-8f41-9d0bce69a7dc tableID=0xc0003fb2f0 seatIndex=0xc00013e5c0
2025/11/08 14:46:50 INFO session removed token=3eab3006-32bc-4f1b-8f41-9d0bce69a7dc
2025/11/08 14:46:50 INFO session created token=e4ea95f6-5b3b-4b32-b233-23dd1083f3cc name=User_65_59
2025/11/08 14:46:50 INFO session updated token=e4ea95f6-5b3b-4b32-b233-23dd1083f3cc tableID=0xc0003fb340 seatIndex=0xc00013e610
2025/11/08 14:46:50 INFO session removed token=e4ea95f6-5b3b-4b32-b233-23dd1083f3cc
2025/11/08 14:46:50 INFO session created token=192f2215-502a-44da-ad61-a0034b1ea8d0 name=User_65_60
2025/11/08 14:46:50 INFO session updated token=192f2215-502a-44da-ad61-a0034b1ea8d0 tableID=0xc0003fb390 seatIndex=0xc00013e660
2025/11/08 14:46:50 INFO session removed token=192f2215-502a-44da-ad61-a0034b1ea8d0
2025/11/08 14:46:50 INFO session created token=e042b4b4-ebd0-43aa-a5c4-fb428fec8a5b name=User_65_61
2025/11/08 14:46:50 INFO session updated token=e042b4b4-ebd0-43aa-a5c4-fb428fec8a5b tableID=0xc0003fb3e0 seatIndex=0xc00013e6b0
2025/11/08 14:46:50 INFO session removed token=e042b4b4-ebd0-43aa-a5c4-fb428fec8a5b
2025/11/08 14:46:50 INFO session created token=7acbf6fe-15a8-40d4-86cd-254e2a4a8ca7 name=User_65_62
2025/11/08 14:46:50 INFO session updated token=7acbf6fe-15a8-40d4-86cd-254e2a4a8ca7 tableID=0xc0003fb430 seatIndex=0xc00013e700
2025/11/08 14:46:50 INFO session removed token=7acbf6fe-15a8-40d4-86cd-254e2a4a8ca7
2025/11/08 14:46:50 INFO session created token=61843751-8ec6-4636-9353-e8b8bc4991a4 name=User_65_63
2025/11/08 14:46:50 INFO session updated token=61843751-8ec6-4636-9353-e8b8bc4991a4 tableID=0xc0003fb480 seatIndex=0xc00013e750
2025/11/08 14:46:50 INFO session removed token=61843751-8ec6-4636-9353-e8b8bc4991a4
2025/11/08 14:46:50 INFO session created token=7f857c3f-e9d9-4af2-b6a6-9fce79ca7a2f name=User_65_64
2025/11/08 14:46:50 INFO session removed token=cf1d4331-e0f3-4fe4-9f10-b1fb834f6d23
2025/11/08 14:46:50 INFO session removed token=0240022a-99a5-4041-b758-5334e44aaf62
2025/11/08 14:46:50 INFO session removed token=8dfe0e01-8e72-4694-8598-b4ccfe748425
2025/11/08 14:46:50 INFO session removed token=372aa91e-de1c-460b-a23d-be80f67c8b0e
2025/11/08 14:46:50 INFO session removed token=5b59d4fe-4838-42e7-be82-849ac6381c09
2025/11/08 14:46:50 INFO session removed token=f1a3562a-7af7-4b3d-a660-b14ccc3979c2
2025/11/08 14:46:50 INFO session removed token=13a83842-e540-468a-be35-2a9325b4adb2
2025/11/08 14:46:50 INFO session removed token=b44381b5-b359-4700-a5df-a43ed450deb7
2025/11/08 14:46:50 INFO session removed token=1cded12b-4595-4627-86bb-cf1828460971
2025/11/08 14:46:50 INFO session removed token=544aa67b-97a5-4a1f-9758-b42da2489bfa
2025/11/08 14:46:50 INFO session removed token=1358e36f-4b4a-48ba-8ad6-d1212874e72a
2025/11/08 14:46:50 INFO session removed token=701e302b-efc2-496e-858b-6ef147f13068
2025/11/08 14:46:50 INFO session removed token=ae1c99a9-fe58-47fc-a9c1-8d363b00a046
2025/11/08 14:46:50 INFO session updated token=870f3ca4-1923-47d6-8428-067180a6784f tableID=0xc0003ecaf0 seatIndex=0xc0003ebeb0
2025/11/08 14:46:50 INFO session removed token=82380c36-9457-4e6f-a278-f63fdfaddbc8
2025/11/08 14:46:50 INFO session updated token=21a82dac-f6bd-4b70-997d-81c9c2f462c5 tableID=0xc0003ecb10 seatIndex=0xc0003ebee0
2025/11/08 14:46:50 INFO session created token=bd2127f9-615c-41a5-b352-4d17c1423e3e name=User_35_12
2025/11/08 14:46:50 INFO session updated token=6e592ccb-f8c7-45ae-8648-58086ff37e08 tableID=0xc0003ecb20 seatIndex=0xc0003ebef0
2025/11/08 14:46:50 INFO session created token=711f79d6-73b7-4bf1-9164-8f166eaebdbb name=User_1_31
2025/11/08 14:46:50 INFO session created token=10352f75-37df-487c-b35f-6a2e05661794 name=User_14_11
2025/11/08 14:46:50 INFO session removed token=831c3fa5-7197-4f41-b15e-52218e5c1ecd
2025/11/08 14:46:50 INFO session created token=7ef4b039-6574-4240-bc36-d5be52d74ff0 name=User_20_10
2025/11/08 14:46:50 INFO session created token=444f4032-337f-46de-9133-58256129b430 name=User_22_10
2025/11/08 14:46:50 INFO session removed token=b52872d3-d9bb-4b4f-b229-68750ffc7d41
2025/11/08 14:46:50 INFO session removed token=82baffb0-5d3c-4634-8514-ebf99c694ead
2025/11/08 14:46:50 INFO session created token=a14acd5d-5da7-4136-b917-676ff5d04d49 name=User_62_16
2025/11/08 14:46:50 INFO session removed token=dbb8529f-de52-4c07-90c2-783502685eb6
2025/11/08 14:46:50 INFO session removed token=94d71da1-4d39-46fd-af00-4dae41de4b1e
2025/11/08 14:46:50 INFO session removed token=3d478e42-a2fb-4a7d-a13c-270ea288f0a2
2025/11/08 14:46:50 INFO session removed token=fef33b60-7724-4a62-b137-fff008213d25
2025/11/08 14:46:50 INFO session removed token=6fbbef6a-4db9-4f9d-8265-c72a90ebad6b
2025/11/08 14:46:50 INFO session updated token=4e3f6266-a3a3-460c-a89d-b5efb08d285e tableID=0xc0003ecbc0 seatIndex=0xc0003ee000
2025/11/08 14:46:50 INFO session updated token=c0d18107-fe8f-4586-84c5-105f05df1faa tableID=0xc0003ecbe0 seatIndex=0xc0003ee030
2025/11/08 14:46:50 INFO session updated token=c8a923fe-2cf9-4539-bf79-6766091c8209 tableID=0xc0002e36a0 seatIndex=0xc0002e5740
2025/11/08 14:46:50 INFO session removed token=7fc99b3b-8250-4ef9-9959-6f6655811383
2025/11/08 14:46:50 INFO session removed token=1091195e-96f4-4816-ad6f-b4e2080c56ae
2025/11/08 14:46:50 INFO session updated token=ed33de75-b8ad-4692-8c3a-b5208743d53c tableID=0xc0003f4070 seatIndex=0xc0003ef400
2025/11/08 14:46:50 INFO session updated token=7ffb8279-6dfd-4a75-8665-871ef004b645 tableID=0xc0005d2390 seatIndex=0xc0005cfea0
2025/11/08 14:46:50 INFO session removed token=666012fb-d1b1-4b84-ad97-3f08a41d8c0e
2025/11/08 14:46:50 INFO session removed token=ade98ad0-c833-4f8b-a2f7-b4b35d1aa957
2025/11/08 14:46:50 INFO session updated token=3d4895f3-a7ca-4b8d-b8d7-57a74cc3134f tableID=0xc000552b80 seatIndex=0xc000554668
2025/11/08 14:46:50 INFO session removed token=6ad9f851-d91a-4ca3-b981-098f157a3984
2025/11/08 14:46:50 INFO session updated token=c3ca72ef-3919-4c26-aa36-3d4ec5a3fbc4 tableID=0xc0005d24f0 seatIndex=0xc0005cff90
2025/11/08 14:46:50 INFO session updated token=070914d8-e3f1-4162-b3c1-7bf52b6782fc tableID=0xc000552d30 seatIndex=0xc0005548c8
2025/11/08 14:46:50 INFO session removed token=b309338c-5907-4a81-b906-5914c388a225
2025/11/08 14:46:50 INFO session updated token=450b7493-5f7c-469f-95d0-196dae14384f tableID=0xc000552d40 seatIndex=0xc0005548d8
2025/11/08 14:46:50 INFO session removed token=9dcc1087-188f-4d1b-b0b9-d53a5a724bda
2025/11/08 14:46:50 INFO session updated token=5a42f82c-499d-4d4a-b3dc-68b004a7f1ae tableID=0xc0005d2520 seatIndex=0xc0005cffa0
2025/11/08 14:46:50 INFO session updated token=0c3ae882-8a11-4617-9cac-cf4a339ef942 tableID=0xc000552b90 seatIndex=0xc000554678
2025/11/08 14:46:50 INFO session updated token=e154608f-5e81-42be-b8a1-c3b21d9275ab tableID=0xc0005d2550 seatIndex=0xc0005cffb0
2025/11/08 14:46:50 INFO session updated token=e1389200-b63e-487b-869b-d795399ecaea tableID=0xc000552d70 seatIndex=0xc0005548e8
2025/11/08 14:46:50 INFO session updated token=7566ffed-dedd-44b8-9dcd-26b5684b17e4 tableID=0xc0005d2570 seatIndex=0xc0005cffe0
2025/11/08 14:46:50 INFO session updated token=257e2b63-ead1-4ea9-acda-641956132bf1 tableID=0xc0005d2580 seatIndex=0xc0005cfff0
2025/11/08 14:46:50 INFO session updated token=1128bab6-f3df-45ae-99cf-60b2dd820ca7 tableID=0xc0003f4100 seatIndex=0xc0003ef490
2025/11/08 14:46:50 INFO session updated token=2cb25915-cc0b-48d3-8853-8dfaf0de4679 tableID=0xc0005d2590 seatIndex=0xc0005d4000
2025/11/08 14:46:50 INFO session updated token=39a2d68c-5d25-4b9c-a1a7-68002425e6c3 tableID=0xc0005d25d0 seatIndex=0xc0005d4020
2025/11/08 14:46:50 INFO session updated token=c15dad37-0e87-4e68-9cbf-69159cb5cac7 tableID=0xc0003f4340 seatIndex=0xc0003ef6d0
2025/11/08 14:46:50 INFO session updated token=7f857c3f-e9d9-4af2-b6a6-9fce79ca7a2f tableID=0xc000660af0 seatIndex=0xc000662888
2025/11/08 14:46:50 INFO session removed token=7f857c3f-e9d9-4af2-b6a6-9fce79ca7a2f
2025/11/08 14:46:50 INFO session created token=13d0b5d0-eb21-4996-b9d1-0b049bf17d06 name=User_65_65
2025/11/08 14:46:50 INFO session updated token=13d0b5d0-eb21-4996-b9d1-0b049bf17d06 tableID=0xc000660ed0 seatIndex=0xc000662c78
2025/11/08 14:46:50 INFO session removed token=13d0b5d0-eb21-4996-b9d1-0b049bf17d06
2025/11/08 14:46:50 INFO session created token=049ae20e-9823-46f2-827f-16ffc9a9f960 name=User_65_66
2025/11/08 14:46:50 INFO session updated token=049ae20e-9823-46f2-827f-16ffc9a9f960 tableID=0xc000660f20 seatIndex=0xc000662cc8
2025/11/08 14:46:50 INFO session removed token=049ae20e-9823-46f2-827f-16ffc9a9f960
2025/11/08 14:46:50 INFO session created token=755b573b-8148-483e-91e4-887698ad6b73 name=User_65_67
2025/11/08 14:46:50 INFO session updated token=755b573b-8148-483e-91e4-887698ad6b73 tableID=0xc000660f70 seatIndex=0xc000662d18
2025/11/08 14:46:50 INFO session removed token=755b573b-8148-483e-91e4-887698ad6b73
2025/11/08 14:46:50 INFO session created token=043eb07b-9c59-4fbe-b344-fb44caebd97c name=User_65_68
2025/11/08 14:46:50 INFO session updated token=043eb07b-9c59-4fbe-b344-fb44caebd97c tableID=0xc000660fc0 seatIndex=0xc000662d68
2025/11/08 14:46:50 INFO session removed token=043eb07b-9c59-4fbe-b344-fb44caebd97c
2025/11/08 14:46:50 INFO session created token=d4d6af39-feeb-4119-9e49-8e852b5efb57 name=User_65_69
2025/11/08 14:46:50 INFO session updated token=d4d6af39-feeb-4119-9e49-8e852b5efb57 tableID=0xc000661010 seatIndex=0xc000662db8
2025/11/08 14:46:50 INFO session removed token=d4d6af39-feeb-4119-9e49-8e852b5efb57
2025/11/08 14:46:50 INFO session created token=8f93cc51-881a-4a56-8a47-7cdbc5dd687b name=User_65_70
2025/11/08 14:46:50 INFO session updated token=8f93cc51-881a-4a56-8a47-7cdbc5dd687b tableID=0xc000661060 seatIndex=0xc000662e08
2025/11/08 14:46:50 INFO session removed token=8f93cc51-881a-4a56-8a47-7cdbc5dd687b
2025/11/08 14:46:50 INFO session created token=2d0dd16b-bb6f-492a-aea8-7fc8792f6b83 name=User_65_71
2025/11/08 14:46:50 INFO session updated token=2d0dd16b-bb6f-492a-aea8-7fc8792f6b83 tableID=0xc0006610b0 seatIndex=0xc000662e58
2025/11/08 14:46:50 INFO session removed token=2d0dd16b-bb6f-492a-aea8-7fc8792f6b83
2025/11/08 14:46:50 INFO session created token=6d088fa9-8334-4e35-9743-1a8ad2342bfe name=User_65_72
2025/11/08 14:46:50 INFO session updated token=6d088fa9-8334-4e35-9743-1a8ad2342bfe tableID=0xc000661100 seatIndex=0xc000662ea8
2025/11/08 14:46:50 INFO session removed token=6d088fa9-8334-4e35-9743-1a8ad2342bfe
2025/11/08 14:46:50 INFO session created token=7fcf8009-94da-443a-a1d7-d5f435e3a0da name=User_65_73
2025/11/08 14:46:50 INFO session updated token=7fcf8009-94da-443a-a1d7-d5f435e3a0da tableID=0xc000661150 seatIndex=0xc000662ef8
2025/11/08 14:46:50 INFO session removed token=7fcf8009-94da-443a-a1d7-d5f435e3a0da
2025/11/08 14:46:50 INFO session created token=c1a8f4cf-e337-4c08-90de-a8f2b14a06a1 name=User_65_74
2025/11/08 14:46:50 INFO session updated token=c1a8f4cf-e337-4c08-90de-a8f2b14a06a1 tableID=0xc0006611a0 seatIndex=0xc000662f48
2025/11/08 14:46:50 INFO session removed token=c1a8f4cf-e337-4c08-90de-a8f2b14a06a1
2025/11/08 14:46:50 INFO session created token=5ca7f8c7-2cb5-44cc-9163-67a8b8115b15 name=User_65_75
2025/11/08 14:46:50 INFO session updated token=5ca7f8c7-2cb5-44cc-9163-67a8b8115b15 tableID=0xc0006611f0 seatIndex=0xc000662f98
2025/11/08 14:46:50 INFO session removed token=5ca7f8c7-2cb5-44cc-9163-67a8b8115b15
2025/11/08 14:46:50 INFO session created token=a2e4ed29-acee-4a27-b0fb-85e9b7872bb6 name=User_65_76
2025/11/08 14:46:50 INFO session updated token=a2e4ed29-acee-4a27-b0fb-85e9b7872bb6 tableID=0xc000661240 seatIndex=0xc000662fe8
2025/11/08 14:46:50 INFO session removed token=a2e4ed29-acee-4a27-b0fb-85e9b7872bb6
2025/11/08 14:46:50 INFO session created token=9aa0f2e6-9dd7-48d3-b7ba-14c947e0b5ba name=User_65_77
2025/11/08 14:46:50 INFO session updated token=9aa0f2e6-9dd7-48d3-b7ba-14c947e0b5ba tableID=0xc000661290 seatIndex=0xc000663038
2025/11/08 14:46:50 INFO session removed token=9aa0f2e6-9dd7-48d3-b7ba-14c947e0b5ba
2025/11/08 14:46:50 INFO session created token=2a1ef180-e2d1-462f-ad59-1dcb1c1b2421 name=User_65_78
2025/11/08 14:46:50 INFO session updated token=2a1ef180-e2d1-462f-ad59-1dcb1c1b2421 tableID=0xc0006612e0 seatIndex=0xc000663088
2025/11/08 14:46:50 INFO session removed token=2a1ef180-e2d1-462f-ad59-1dcb1c1b2421
2025/11/08 14:46:50 INFO session created token=67cdeac2-66e3-4e16-b6f4-31a4b989e509 name=User_65_79
2025/11/08 14:46:50 INFO session updated token=67cdeac2-66e3-4e16-b6f4-31a4b989e509 tableID=0xc000661330 seatIndex=0xc0006630d8
2025/11/08 14:46:50 INFO session removed token=67cdeac2-66e3-4e16-b6f4-31a4b989e509
2025/11/08 14:46:50 INFO session created token=bcc4e942-3901-4355-97fc-c13cb7002050 name=User_65_80
2025/11/08 14:46:50 INFO session updated token=bcc4e942-3901-4355-97fc-c13cb7002050 tableID=0xc000661380 seatIndex=0xc000663128
2025/11/08 14:46:50 INFO session removed token=bcc4e942-3901-4355-97fc-c13cb7002050
2025/11/08 14:46:50 INFO session created token=d8df79b8-c3f2-437d-9b04-527a494672a2 name=User_65_81
2025/11/08 14:46:50 INFO session updated token=d8df79b8-c3f2-437d-9b04-527a494672a2 tableID=0xc0006613d0 seatIndex=0xc000663178
2025/11/08 14:46:50 INFO session removed token=d8df79b8-c3f2-437d-9b04-527a494672a2
2025/11/08 14:46:50 INFO session created token=82620076-5b16-498b-bd2e-468236ff8a9e name=User_65_82
2025/11/08 14:46:50 INFO session updated token=82620076-5b16-498b-bd2e-468236ff8a9e tableID=0xc000661420 seatIndex=0xc0006631c8
2025/11/08 14:46:50 INFO session removed token=82620076-5b16-498b-bd2e-468236ff8a9e
2025/11/08 14:46:50 INFO session created token=f0528a51-22e2-4edd-97bf-35f079cbfc63 name=User_65_83
2025/11/08 14:46:50 INFO session updated token=f0528a51-22e2-4edd-97bf-35f079cbfc63 tableID=0xc000661470 seatIndex=0xc000663218
2025/11/08 14:46:50 INFO session removed token=f0528a51-22e2-4edd-97bf-35f079cbfc63
2025/11/08 14:46:50 INFO session created token=da296e41-1c7b-4d0a-9ca7-8040887ea630 name=User_65_84
2025/11/08 14:46:50 INFO session updated token=da296e41-1c7b-4d0a-9ca7-8040887ea630 tableID=0xc0006614c0 seatIndex=0xc000663268
2025/11/08 14:46:50 INFO session removed token=da296e41-1c7b-4d0a-9ca7-8040887ea630
2025/11/08 14:46:50 INFO session created token=3318fef0-15ad-405f-b5fa-34c94a1e876c name=User_65_85
2025/11/08 14:46:50 INFO session updated token=3318fef0-15ad-405f-b5fa-34c94a1e876c tableID=0xc000661510 seatIndex=0xc0006632b8
2025/11/08 14:46:50 INFO session removed token=3318fef0-15ad-405f-b5fa-34c94a1e876c
2025/11/08 14:46:50 INFO session created token=db3c586d-778b-4ba1-8aab-63e0b560f1ae name=User_65_86
2025/11/08 14:46:50 INFO session updated token=db3c586d-778b-4ba1-8aab-63e0b560f1ae tableID=0xc000661560 seatIndex=0xc000663308
2025/11/08 14:46:50 INFO session removed token=db3c586d-778b-4ba1-8aab-63e0b560f1ae
2025/11/08 14:46:50 INFO session created token=4e2feb9c-c0c8-4cf6-99ad-050bedd0b556 name=User_65_87
2025/11/08 14:46:50 INFO session updated token=4e2feb9c-c0c8-4cf6-99ad-050bedd0b556 tableID=0xc0006615b0 seatIndex=0xc000663358
2025/11/08 14:46:50 INFO session removed token=4e2feb9c-c0c8-4cf6-99ad-050bedd0b556
2025/11/08 14:46:50 INFO session created token=1e7c0686-ac1e-4b44-9d4d-89c76f0b9b5c name=User_65_88
2025/11/08 14:46:50 INFO session updated token=1e7c0686-ac1e-4b44-9d4d-89c76f0b9b5c tableID=0xc000661600 seatIndex=0xc0006633a8
2025/11/08 14:46:50 INFO session removed token=1e7c0686-ac1e-4b44-9d4d-89c76f0b9b5c
2025/11/08 14:46:50 INFO session created token=b68a0df7-9306-4580-9ab3-d1773fc818ab name=User_65_89
2025/11/08 14:46:50 INFO session updated token=b68a0df7-9306-4580-9ab3-d1773fc818ab tableID=0xc000661650 seatIndex=0xc0006633f8
2025/11/08 14:46:50 INFO session removed token=b68a0df7-9306-4580-9ab3-d1773fc818ab
2025/11/08 14:46:50 INFO session created token=f50997f7-2f8b-40fe-bb59-6ad534b05d28 name=User_65_90
2025/11/08 14:46:50 INFO session created token=4f4ba84e-2929-4324-9f21-b58d4ffc6f89 name=User_97_38
2025/11/08 14:46:50 INFO session created token=30deaf1f-ab59-415d-89e8-c568d6b16d8c name=User_95_9
2025/11/08 14:46:50 INFO session created token=e6e4ea37-2970-4cbb-8fec-19a29e87a15e name=User_61_45
2025/11/08 14:46:50 INFO session created token=b8fa002a-c8b9-4c3b-800f-b6405c65fc63 name=User_18_21
2025/11/08 14:46:50 INFO session created token=64ee3f66-34ed-424c-861c-235255032850 name=User_21_19
2025/11/08 14:46:50 INFO session created token=f6fd5148-272d-4a4b-8e2a-4c406321e526 name=User_0_58
2025/11/08 14:46:50 INFO session created token=8c94483a-d5d7-4c79-81dd-04c4c97dcd38 name=User_76_9
2025/11/08 14:46:50 INFO session created token=8aef8043-719a-4688-819f-8e6919ae2c65 name=User_99_25
2025/11/08 14:46:50 INFO session created token=6cd23f79-3260-4387-bfe5-825d73e04e76 name=User_54_24
2025/11/08 14:46:50 INFO session created token=982b9c01-8268-4ed5-b5bd-3692148b7d9a name=User_13_10
2025/11/08 14:46:50 INFO session created token=d6621fc6-727d-4e02-8eec-bd9b8c61cfe7 name=User_3_19
2025/11/08 14:46:50 INFO session created token=0ddd2161-dc48-4510-990d-80b99f0b042d name=User_70_28
2025/11/08 14:46:50 INFO session created token=616b2b36-4e14-4885-97ea-92f44b732737 name=User_88_14
2025/11/08 14:46:50 INFO session created token=9da702bc-a02e-4054-8347-11b955893eef name=User_90_17
2025/11/08 14:46:50 INFO session created token=eab4c580-8f24-4245-8da4-64be201fc365 name=User_51_10
2025/11/08 14:46:50 INFO session created token=e34f5587-e7c4-45ad-8806-bc03ea0c6749 name=User_84_26
2025/11/08 14:46:50 INFO session created token=0838fa73-1bbf-44a7-9938-356c0c695d87 name=User_72_12
2025/11/08 14:46:50 INFO session created token=d4378d10-de64-4a14-a9d5-7cefef1f5483 name=User_47_13
2025/11/08 14:46:50 INFO session created token=5201bf59-9904-4659-aea0-fd70fc74daca name=User_63_20
2025/11/08 14:46:50 INFO session created token=315ce2d5-1a8c-4021-905e-205e849884bd name=User_73_12
2025/11/08 14:46:50 INFO session created token=d295b36d-6609-47b1-ae48-7b631a9e604f name=User_44_11
2025/11/08 14:46:50 INFO session created token=fcd6a7ee-7f9c-4001-9183-98234fecb47f name=User_81_96
2025/11/08 14:46:50 INFO session removed token=450b7493-5f7c-469f-95d0-196dae14384f
2025/11/08 14:46:50 INFO session created token=a4c52979-35f3-484e-9d45-14e4995e93a9 name=User_8_11
2025/11/08 14:46:50 INFO session created token=5b390b0d-6146-4de5-9962-1caf28dfec4b name=User_41_24
2025/11/08 14:46:50 INFO session created token=b3013f3d-c9bb-4eb1-a22b-7cc391bc50fc name=User_98_10
2025/11/08 14:46:50 INFO session created token=5b780074-185e-4478-bf4b-d5e353f57286 name=User_77_12
2025/11/08 14:46:50 INFO session created token=f46cd87d-e80f-451a-b8b2-2f456abaf656 name=User_83_23
2025/11/08 14:46:50 INFO session created token=a4c40cdd-18ae-4f82-9edd-da250c52ac10 name=User_82_34
2025/11/08 14:46:50 INFO session created token=96c4db52-5db0-4e01-9cb3-b14af06438d5 name=User_12_10
2025/11/08 14:46:50 INFO session updated token=96c4db52-5db0-4e01-9cb3-b14af06438d5 tableID=0xc0004e5c60 seatIndex=0xc0004e9070
2025/11/08 14:46:50 INFO session updated token=a4c40cdd-18ae-4f82-9edd-da250c52ac10 tableID=0xc0002e3970 seatIndex=0xc0002e5a40
2025/11/08 14:46:50 INFO session removed token=a4c40cdd-18ae-4f82-9edd-da250c52ac10
2025/11/08 14:46:50 INFO session created token=dd86993c-bb7f-4220-b6f4-8ca0efa69ea7 name=User_82_35
2025/11/08 14:46:50 INFO session created token=bb0466e3-39cb-4b0c-8f71-1389574b964c name=User_23_77
2025/11/08 14:46:50 INFO session updated token=dd86993c-bb7f-4220-b6f4-8ca0efa69ea7 tableID=0xc0002e39c0 seatIndex=0xc0002e5a90
2025/11/08 14:46:50 INFO session removed token=dd86993c-bb7f-4220-b6f4-8ca0efa69ea7
2025/11/08 14:46:50 INFO session created token=fedbe61f-d485-45d8-af9b-0df871553728 name=User_82_36
2025/11/08 14:46:50 INFO session updated token=fedbe61f-d485-45d8-af9b-0df871553728 tableID=0xc0002e3a20 seatIndex=0xc0002e5af0
2025/11/08 14:46:50 INFO session removed token=fedbe61f-d485-45d8-af9b-0df871553728
2025/11/08 14:46:50 INFO session removed token=96c4db52-5db0-4e01-9cb3-b14af06438d5
2025/11/08 14:46:50 INFO session created token=bbccceb4-3181-4a32-9397-124d9f76dab2 name=User_82_37
2025/11/08 14:46:50 INFO session created token=9211486f-532e-49df-a80d-a9220e197501 name=User_12_11
2025/11/08 14:46:50 INFO session updated token=bbccceb4-3181-4a32-9397-124d9f76dab2 tableID=0xc0002e3a70 seatIndex=0xc0002e5b40
2025/11/08 14:46:50 INFO session removed token=bbccceb4-3181-4a32-9397-124d9f76dab2
2025/11/08 14:46:50 INFO session created token=18b87e1a-6689-4848-a543-d9c3f0cdc335 name=User_82_38
2025/11/08 14:46:50 INFO session updated token=18b87e1a-6689-4848-a543-d9c3f0cdc335 tableID=0xc00016eb10 seatIndex=0xc00016c930
2025/11/08 14:46:50 INFO session removed token=18b87e1a-6689-4848-a543-d9c3f0cdc335
2025/11/08 14:46:50 INFO session created token=2a574d30-0148-4744-8128-d981e7972c09 name=User_82_39
2025/11/08 14:46:50 INFO session updated token=2a574d30-0148-4744-8128-d981e7972c09 tableID=0xc00016eb60 seatIndex=0xc00016c980
2025/11/08 14:46:50 INFO session removed token=2a574d30-0148-4744-8128-d981e7972c09
2025/11/08 14:46:50 INFO session created token=2b1cbaf9-b2d1-4c11-8238-7e5ddba7c0e7 name=User_82_40
2025/11/08 14:46:50 INFO session updated token=2b1cbaf9-b2d1-4c11-8238-7e5ddba7c0e7 tableID=0xc00016ebb0 seatIndex=0xc00016c9d0
2025/11/08 14:46:50 INFO session removed token=2b1cbaf9-b2d1-4c11-8238-7e5ddba7c0e7
2025/11/08 14:46:50 INFO session created token=dea6a0b5-6cd9-48af-9208-3aa8644ce54c name=User_82_41
2025/11/08 14:46:50 INFO session updated token=dea6a0b5-6cd9-48af-9208-3aa8644ce54c tableID=0xc00016ec00 seatIndex=0xc00016ca20
2025/11/08 14:46:50 INFO session removed token=dea6a0b5-6cd9-48af-9208-3aa8644ce54c
2025/11/08 14:46:50 INFO session created token=38ea0749-e312-4e4b-a530-9e3fa52a0d42 name=User_82_42
2025/11/08 14:46:50 INFO session updated token=38ea0749-e312-4e4b-a530-9e3fa52a0d42 tableID=0xc00016ec50 seatIndex=0xc00016ca70
2025/11/08 14:46:50 INFO session removed token=38ea0749-e312-4e4b-a530-9e3fa52a0d42
2025/11/08 14:46:50 INFO session created token=d73e12f9-9fd0-4f7c-a262-dd77d19f54b8 name=User_82_43
2025/11/08 14:46:50 INFO session updated token=d73e12f9-9fd0-4f7c-a262-dd77d19f54b8 tableID=0xc00016eca0 seatIndex=0xc00016cac0
2025/11/08 14:46:50 INFO session removed token=d73e12f9-9fd0-4f7c-a262-dd77d19f54b8
2025/11/08 14:46:50 INFO session created token=b389b5dc-dd7b-4ee3-baad-d6d765cf17b3 name=User_82_44
2025/11/08 14:46:50 INFO session updated token=b389b5dc-dd7b-4ee3-baad-d6d765cf17b3 tableID=0xc00016ecf0 seatIndex=0xc00016cb10
2025/11/08 14:46:50 INFO session removed token=b389b5dc-dd7b-4ee3-baad-d6d765cf17b3
2025/11/08 14:46:50 INFO session created token=aa27c708-3f63-4084-bdc7-42cea5eb1b04 name=User_82_45
2025/11/08 14:46:50 INFO session updated token=aa27c708-3f63-4084-bdc7-42cea5eb1b04 tableID=0xc00016ed40 seatIndex=0xc00016cb60
2025/11/08 14:46:50 INFO session removed token=aa27c708-3f63-4084-bdc7-42cea5eb1b04
2025/11/08 14:46:50 INFO session created token=e327e5f8-ab94-4198-bce6-950260a47002 name=User_82_46
2025/11/08 14:46:50 INFO session updated token=e327e5f8-ab94-4198-bce6-950260a47002 tableID=0xc00016ed90 seatIndex=0xc00016cbb0
2025/11/08 14:46:50 INFO session removed token=e327e5f8-ab94-4198-bce6-950260a47002
2025/11/08 14:46:50 INFO session created token=c6d05c5c-c7dc-4686-bc72-46c8f9a9051c name=User_82_47
2025/11/08 14:46:50 INFO session updated token=c6d05c5c-c7dc-4686-bc72-46c8f9a9051c tableID=0xc00016ede0 seatIndex=0xc00016cc00
2025/11/08 14:46:50 INFO session removed token=c6d05c5c-c7dc-4686-bc72-46c8f9a9051c
2025/11/08 14:46:50 INFO session created token=8ccdf1a2-b7fc-4c43-97dd-b332c752b396 name=User_82_48
2025/11/08 14:46:50 INFO session updated token=8ccdf1a2-b7fc-4c43-97dd-b332c752b396 tableID=0xc00016ee30 seatIndex=0xc00016cc50
2025/11/08 14:46:50 INFO session removed token=8ccdf1a2-b7fc-4c43-97dd-b332c752b396
2025/11/08 14:46:50 INFO session created token=74dbfbec-8fcf-4877-904e-09149b470835 name=User_82_49
2025/11/08 14:46:50 INFO session updated token=74dbfbec-8fcf-4877-904e-09149b470835 tableID=0xc00016ee80 seatIndex=0xc00016cca0
2025/11/08 14:46:50 INFO session removed token=74dbfbec-8fcf-4877-904e-09149b470835
2025/11/08 14:46:50 INFO session created token=ed422b6d-8fb8-4da6-9104-278be3a33371 name=User_82_50
2025/11/08 14:46:50 INFO session updated token=ed422b6d-8fb8-4da6-9104-278be3a33371 tableID=0xc00016eed0 seatIndex=0xc00016ccf0
2025/11/08 14:46:50 INFO session removed token=ed422b6d-8fb8-4da6-9104-278be3a33371
2025/11/08 14:46:50 INFO session created token=4c9a14e8-1eae-432a-8a78-154918a5e0d6 name=User_82_51
2025/11/08 14:46:50 INFO session updated token=4c9a14e8-1eae-432a-8a78-154918a5e0d6 tableID=0xc00016ef20 seatIndex=0xc00016cd40
2025/11/08 14:46:50 INFO session removed token=4c9a14e8-1eae-432a-8a78-154918a5e0d6
2025/11/08 14:46:50 INFO session created token=99470f49-79f2-4e06-85d8-b1991b5b6a91 name=User_82_52
2025/11/08 14:46:50 INFO session updated token=99470f49-79f2-4e06-85d8-b1991b5b6a91 tableID=0xc00016ef70 seatIndex=0xc00016cd90
2025/11/08 14:46:50 INFO session removed token=99470f49-79f2-4e06-85d8-b1991b5b6a91
2025/11/08 14:46:50 INFO session created token=bdd95f33-3a0a-4fc3-9f2a-48e5ebb8910e name=User_82_53
2025/11/08 14:46:50 INFO session updated token=bdd95f33-3a0a-4fc3-9f2a-48e5ebb8910e tableID=0xc00016efc0 seatIndex=0xc00016cde0
2025/11/08 14:46:50 INFO session removed token=bdd95f33-3a0a-4fc3-9f2a-48e5ebb8910e
2025/11/08 14:46:50 INFO session created token=b4eba00d-e79e-4ef4-8356-fcdc0cb04dd3 name=User_82_54
2025/11/08 14:46:50 INFO session updated token=b4eba00d-e79e-4ef4-8356-fcdc0cb04dd3 tableID=0xc00016f010 seatIndex=0xc00016ce30
2025/11/08 14:46:50 INFO session removed token=b4eba00d-e79e-4ef4-8356-fcdc0cb04dd3
2025/11/08 14:46:50 INFO session created token=bb8af33a-1115-4876-8fd9-0a731cc797f1 name=User_82_55
2025/11/08 14:46:50 INFO session updated token=bb8af33a-1115-4876-8fd9-0a731cc797f1 tableID=0xc00016f060 seatIndex=0xc00016ce80
2025/11/08 14:46:50 INFO session removed token=bb8af33a-1115-4876-8fd9-0a731cc797f1
2025/11/08 14:46:50 INFO session created token=2028a9b8-6425-4902-a1ad-c8ddc105f02a name=User_82_56
2025/11/08 14:46:50 INFO session updated token=2028a9b8-6425-4902-a1ad-c8ddc105f02a tableID=0xc00016f0b0 seatIndex=0xc00016ced0
2025/11/08 14:46:50 INFO session removed token=2028a9b8-6425-4902-a1ad-c8ddc105f02a
2025/11/08 14:46:50 INFO session created token=6b85d8b7-c117-4fe0-9df1-4241dc4e399f name=User_82_57
2025/11/08 14:46:50 INFO session updated token=6b85d8b7-c117-4fe0-9df1-4241dc4e399f tableID=0xc00016f100 seatIndex=0xc00016cf20
2025/11/08 14:46:50 INFO session removed token=6b85d8b7-c117-4fe0-9df1-4241dc4e399f
2025/11/08 14:46:50 INFO session created token=656abb88-599f-4674-a883-9a4b6d9f953f name=User_82_58
2025/11/08 14:46:50 INFO session updated token=656abb88-599f-4674-a883-9a4b6d9f953f tableID=0xc00016f150 seatIndex=0xc00016cf70
2025/11/08 14:46:50 INFO session removed token=656abb88-599f-4674-a883-9a4b6d9f953f
2025/11/08 14:46:50 INFO session created token=402a3f39-ead1-4386-ad40-e6e7d3946f23 name=User_82_59
2025/11/08 14:46:50 INFO session updated token=402a3f39-ead1-4386-ad40-e6e7d3946f23 tableID=0xc00016f1a0 seatIndex=0xc00016cfc0
2025/11/08 14:46:50 INFO session removed token=402a3f39-ead1-4386-ad40-e6e7d3946f23
2025/11/08 14:46:50 INFO session created token=1f0a8ccc-e6b8-4df8-9e8e-574d7890b18a name=User_82_60
2025/11/08 14:46:50 INFO session updated token=1f0a8ccc-e6b8-4df8-9e8e-574d7890b18a tableID=0xc00016f1f0 seatIndex=0xc00016d010
2025/11/08 14:46:50 INFO session removed token=1f0a8ccc-e6b8-4df8-9e8e-574d7890b18a
2025/11/08 14:46:50 INFO session created token=974fc4ad-8db4-4679-8bfa-9c2de7e7e7db name=User_82_61
2025/11/08 14:46:50 INFO session updated token=974fc4ad-8db4-4679-8bfa-9c2de7e7e7db tableID=0xc00016f240 seatIndex=0xc00016d060
2025/11/08 14:46:50 INFO session removed token=974fc4ad-8db4-4679-8bfa-9c2de7e7e7db
2025/11/08 14:46:50 INFO session created token=eca5a663-e3df-4b5c-8b35-1e5a12888e98 name=User_82_62
2025/11/08 14:46:50 INFO session updated token=eca5a663-e3df-4b5c-8b35-1e5a12888e98 tableID=0xc00016f290 seatIndex=0xc00016d0b0
2025/11/08 14:46:50 INFO session removed token=eca5a663-e3df-4b5c-8b35-1e5a12888e98
2025/11/08 14:46:50 INFO session created token=e0e5deb9-c3e7-430f-9791-4ff2de132601 name=User_82_63
2025/11/08 14:46:50 INFO session updated token=e0e5deb9-c3e7-430f-9791-4ff2de132601 tableID=0xc00016f2e0 seatIndex=0xc00016d100
2025/11/08 14:46:50 INFO session removed token=e0e5deb9-c3e7-430f-9791-4ff2de132601
2025/11/08 14:46:50 INFO session created token=5c2d8bcc-d882-429b-9744-14747178e35a name=User_82_64
2025/11/08 14:46:50 INFO session updated token=5c2d8bcc-d882-429b-9744-14747178e35a tableID=0xc00016f330 seatIndex=0xc00016d150
2025/11/08 14:46:50 INFO session removed token=5c2d8bcc-d882-429b-9744-14747178e35a
2025/11/08 14:46:50 INFO session created token=8f165ff9-8455-48c0-8783-80559487ea14 name=User_82_65
2025/11/08 14:46:50 INFO session updated token=8f165ff9-8455-48c0-8783-80559487ea14 tableID=0xc00016f380 seatIndex=0xc00016d1a0
2025/11/08 14:46:50 INFO session removed token=8f165ff9-8455-48c0-8783-80559487ea14
2025/11/08 14:46:50 INFO session created token=ae00a0e6-04bc-4574-9915-840ee2e89bba name=User_82_66
2025/11/08 14:46:50 INFO session updated token=ae00a0e6-04bc-4574-9915-840ee2e89bba tableID=0xc00016f3d0 seatIndex=0xc00016d1f0
2025/11/08 14:46:50 INFO session removed token=ae00a0e6-04bc-4574-9915-840ee2e89bba
2025/11/08 14:46:50 INFO session created token=61440bb7-6dae-4eaf-8021-e7112294bf65 name=User_82_67
2025/11/08 14:46:50 INFO session updated token=61440bb7-6dae-4eaf-8021-e7112294bf65 tableID=0xc00016f420 seatIndex=0xc00016d240
2025/11/08 14:46:50 INFO session removed token=61440bb7-6dae-4eaf-8021-e7112294bf65
2025/11/08 14:46:50 INFO session created token=7ade4517-61ed-4bfc-b32b-b07757b96700 name=User_82_68
2025/11/08 14:46:50 INFO session updated token=7ade4517-61ed-4bfc-b32b-b07757b96700 tableID=0xc00016f470 seatIndex=0xc00016d290
2025/11/08 14:46:50 INFO session removed token=7ade4517-61ed-4bfc-b32b-b07757b96700
2025/11/08 14:46:50 INFO session created token=effa189c-d44f-4e4d-a568-ca62a8450746 name=User_82_69
2025/11/08 14:46:50 INFO session updated token=effa189c-d44f-4e4d-a568-ca62a8450746 tableID=0xc00016f4c0 seatIndex=0xc00016d2e0
2025/11/08 14:46:50 INFO session removed token=effa189c-d44f-4e4d-a568-ca62a8450746
2025/11/08 14:46:50 INFO session created token=bf2403c2-b8b5-483a-b3ee-729f7eed550a name=User_82_70
2025/11/08 14:46:50 INFO session updated token=bf2403c2-b8b5-483a-b3ee-729f7eed550a tableID=0xc00016f510 seatIndex=0xc00016d330
2025/11/08 14:46:50 INFO session removed token=bf2403c2-b8b5-483a-b3ee-729f7eed550a
2025/11/08 14:46:50 INFO session created token=1accc227-6ec0-4c19-950b-bfdf5ebe1233 name=User_82_71
2025/11/08 14:46:50 INFO session updated token=1accc227-6ec0-4c19-950b-bfdf5ebe1233 tableID=0xc00016f560 seatIndex=0xc00016d380
2025/11/08 14:46:50 INFO session removed token=1accc227-6ec0-4c19-950b-bfdf5ebe1233
2025/11/08 14:46:50 INFO session created token=cd03504b-9eef-498d-99ac-5386ff4a17cf name=User_82_72
2025/11/08 14:46:50 INFO session updated token=cd03504b-9eef-498d-99ac-5386ff4a17cf tableID=0xc00016f5b0 seatIndex=0xc00016d3d0
2025/11/08 14:46:50 INFO session removed token=cd03504b-9eef-498d-99ac-5386ff4a17cf
2025/11/08 14:46:50 INFO session created token=6686a206-5ba8-4c5c-97ee-0ba163633570 name=User_82_73
2025/11/08 14:46:50 INFO session updated token=6686a206-5ba8-4c5c-97ee-0ba163633570 tableID=0xc00016f600 seatIndex=0xc00016d420
2025/11/08 14:46:50 INFO session removed token=6686a206-5ba8-4c5c-97ee-0ba163633570
2025/11/08 14:46:50 INFO session created token=522b6fab-f8c5-4cde-bfdd-3b378e0c1f19 name=User_82_74
2025/11/08 14:46:50 INFO session updated token=522b6fab-f8c5-4cde-bfdd-3b378e0c1f19 tableID=0xc00016f650 seatIndex=0xc00016d470
2025/11/08 14:46:50 INFO session removed token=522b6fab-f8c5-4cde-bfdd-3b378e0c1f19
2025/11/08 14:46:50 INFO session created token=a87b812a-5545-46e1-8df0-0dd8c112a423 name=User_82_75
2025/11/08 14:46:50 INFO session updated token=a87b812a-5545-46e1-8df0-0dd8c112a423 tableID=0xc00016f6a0 seatIndex=0xc00016d4c0
2025/11/08 14:46:50 INFO session removed token=a87b812a-5545-46e1-8df0-0dd8c112a423
2025/11/08 14:46:50 INFO session created token=10dc072b-d080-4ad7-940c-cff361f02f1c name=User_82_76
2025/11/08 14:46:50 INFO session updated token=10dc072b-d080-4ad7-940c-cff361f02f1c tableID=0xc00016f6f0 seatIndex=0xc00016d510
2025/11/08 14:46:50 INFO session removed token=10dc072b-d080-4ad7-940c-cff361f02f1c
2025/11/08 14:46:50 INFO session created token=715416be-6c72-47bd-a65b-4b118a642607 name=User_82_77
2025/11/08 14:46:50 INFO session updated token=715416be-6c72-47bd-a65b-4b118a642607 tableID=0xc00016f740 seatIndex=0xc00016d560
2025/11/08 14:46:50 INFO session removed token=715416be-6c72-47bd-a65b-4b118a642607
2025/11/08 14:46:50 INFO session created token=e7225687-2b18-49d7-acec-b5d38a90e174 name=User_82_78
2025/11/08 14:46:50 INFO session updated token=e7225687-2b18-49d7-acec-b5d38a90e174 tableID=0xc00016f790 seatIndex=0xc00016d5b0
2025/11/08 14:46:50 INFO session removed token=e7225687-2b18-49d7-acec-b5d38a90e174
2025/11/08 14:46:50 INFO session created token=092d80c5-bc6a-4899-8038-acb3ff2fa234 name=User_82_79
2025/11/08 14:46:50 INFO session updated token=092d80c5-bc6a-4899-8038-acb3ff2fa234 tableID=0xc00016f7e0 seatIndex=0xc00016d600
2025/11/08 14:46:50 INFO session removed token=092d80c5-bc6a-4899-8038-acb3ff2fa234
2025/11/08 14:46:50 INFO session created token=9b1c06d7-d429-4492-8ee5-7822ee91086e name=User_82_80
2025/11/08 14:46:50 INFO session updated token=9b1c06d7-d429-4492-8ee5-7822ee91086e tableID=0xc00016f830 seatIndex=0xc00016d650
2025/11/08 14:46:50 INFO session removed token=9b1c06d7-d429-4492-8ee5-7822ee91086e
2025/11/08 14:46:50 INFO session created token=8845ba9c-f701-4c98-b450-bb69354eaf25 name=User_82_81
2025/11/08 14:46:50 INFO session updated token=8845ba9c-f701-4c98-b450-bb69354eaf25 tableID=0xc00016f880 seatIndex=0xc00016d6a0
2025/11/08 14:46:50 INFO session removed token=8845ba9c-f701-4c98-b450-bb69354eaf25
2025/11/08 14:46:50 INFO session created token=299fc3c3-d531-4211-b41f-ceaa464ac740 name=User_82_82
2025/11/08 14:46:50 INFO session updated token=299fc3c3-d531-4211-b41f-ceaa464ac740 tableID=0xc00016f8d0 seatIndex=0xc00016d6f0
2025/11/08 14:46:50 INFO session removed token=299fc3c3-d531-4211-b41f-ceaa464ac740
2025/11/08 14:46:50 INFO session created token=065df9ea-e140-4e9c-b873-8b941d1c0383 name=User_82_83
2025/11/08 14:46:50 INFO session updated token=065df9ea-e140-4e9c-b873-8b941d1c0383 tableID=0xc00016f920 seatIndex=0xc00016d740
2025/11/08 14:46:50 INFO session removed token=065df9ea-e140-4e9c-b873-8b941d1c0383
2025/11/08 14:46:50 INFO session created token=b4952c94-061f-4aed-9e3f-4091d768be39 name=User_82_84
2025/11/08 14:46:50 INFO session updated token=b4952c94-061f-4aed-9e3f-4091d768be39 tableID=0xc00016f970 seatIndex=0xc00016d790
2025/11/08 14:46:50 INFO session removed token=b4952c94-061f-4aed-9e3f-4091d768be39
2025/11/08 14:46:50 INFO session created token=b840aec6-1ab7-4af2-99d5-15aef07a23de name=User_82_85
2025/11/08 14:46:50 INFO session updated token=b840aec6-1ab7-4af2-99d5-15aef07a23de tableID=0xc00016f9c0 seatIndex=0xc00016d7e0
2025/11/08 14:46:50 INFO session removed token=b840aec6-1ab7-4af2-99d5-15aef07a23de
2025/11/08 14:46:50 INFO session created token=64aa5b75-0c98-4fe4-90b3-be070c994023 name=User_82_86
2025/11/08 14:46:50 INFO session updated token=64aa5b75-0c98-4fe4-90b3-be070c994023 tableID=0xc00016fa10 seatIndex=0xc00016d830
2025/11/08 14:46:50 INFO session removed token=64aa5b75-0c98-4fe4-90b3-be070c994023
2025/11/08 14:46:50 INFO session created token=76cdb381-e58f-467f-97db-1ce94b6581df name=User_82_87
2025/11/08 14:46:50 INFO session updated token=76cdb381-e58f-467f-97db-1ce94b6581df tableID=0xc00016fa60 seatIndex=0xc00016d880
2025/11/08 14:46:50 INFO session removed token=76cdb381-e58f-467f-97db-1ce94b6581df
2025/11/08 14:46:50 INFO session created token=19e788ef-52fe-426a-8536-be34080cfd9e name=User_82_88
2025/11/08 14:46:50 INFO session updated token=19e788ef-52fe-426a-8536-be34080cfd9e tableID=0xc00016fab0 seatIndex=0xc00016d8d0
2025/11/08 14:46:50 INFO session removed token=19e788ef-52fe-426a-8536-be34080cfd9e
2025/11/08 14:46:50 INFO session created token=63298008-d32e-4b21-b90a-81c02fc4ba2e name=User_82_89
2025/11/08 14:46:50 INFO session updated token=63298008-d32e-4b21-b90a-81c02fc4ba2e tableID=0xc00016fb00 seatIndex=0xc00016d920
2025/11/08 14:46:50 INFO session removed token=63298008-d32e-4b21-b90a-81c02fc4ba2e
2025/11/08 14:46:50 INFO session created token=cbdbe878-8112-47c9-9e87-b341a3a1bf33 name=User_82_90
2025/11/08 14:46:50 INFO session updated token=cbdbe878-8112-47c9-9e87-b341a3a1bf33 tableID=0xc00016fb50 seatIndex=0xc00016d970
2025/11/08 14:46:50 INFO session removed token=cbdbe878-8112-47c9-9e87-b341a3a1bf33
2025/11/08 14:46:50 INFO session created token=3955ab2a-a83c-444d-9865-90100ab3f4b5 name=User_82_91
2025/11/08 14:46:50 INFO session updated token=3955ab2a-a83c-444d-9865-90100ab3f4b5 tableID=0xc00016fba0 seatIndex=0xc00016d9c0
2025/11/08 14:46:50 INFO session removed token=3955ab2a-a83c-444d-9865-90100ab3f4b5
2025/11/08 14:46:50 INFO session created token=6d44f66a-2988-420c-b0c7-88f2ec4a5548 name=User_82_92
2025/11/08 14:46:50 INFO session updated token=6d44f66a-2988-420c-b0c7-88f2ec4a5548 tableID=0xc00016fbf0 seatIndex=0xc00016da10
2025/11/08 14:46:50 INFO session removed token=6d44f66a-2988-420c-b0c7-88f2ec4a5548
2025/11/08 14:46:50 INFO session created token=5a3c4f51-6431-49e1-9667-77bd1d8b3f0e name=User_82_93
2025/11/08 14:46:50 INFO session updated token=5a3c4f51-6431-49e1-9667-77bd1d8b3f0e tableID=0xc00016fc40 seatIndex=0xc00016da60
2025/11/08 14:46:50 INFO session removed token=5a3c4f51-6431-49e1-9667-77bd1d8b3f0e
2025/11/08 14:46:50 INFO session created token=e2342c74-1ef3-476a-9f94-b2e77a59db94 name=User_82_94
2025/11/08 14:46:50 INFO session updated token=e2342c74-1ef3-476a-9f94-b2e77a59db94 tableID=0xc00016fc90 seatIndex=0xc00016dab0
2025/11/08 14:46:50 INFO session removed token=e2342c74-1ef3-476a-9f94-b2e77a59db94
2025/11/08 14:46:50 INFO session created token=768546ed-dd4b-4c7d-b550-05d9dbde06f8 name=User_82_95
2025/11/08 14:46:50 INFO session updated token=768546ed-dd4b-4c7d-b550-05d9dbde06f8 tableID=0xc00016fce0 seatIndex=0xc00016db00
2025/11/08 14:46:50 INFO session removed token=768546ed-dd4b-4c7d-b550-05d9dbde06f8
2025/11/08 14:46:50 INFO session created token=f011f812-35c7-46f4-88bb-b4887bd61bf7 name=User_82_96
2025/11/08 14:46:50 INFO session updated token=f011f812-35c7-46f4-88bb-b4887bd61bf7 tableID=0xc00016fd30 seatIndex=0xc00016db50
2025/11/08 14:46:50 INFO session removed token=f011f812-35c7-46f4-88bb-b4887bd61bf7
2025/11/08 14:46:50 INFO session created token=6676f8c9-6042-4b1b-933c-a7f98b2f30bc name=User_82_97
2025/11/08 14:46:50 INFO session updated token=6676f8c9-6042-4b1b-933c-a7f98b2f30bc tableID=0xc00016fd80 seatIndex=0xc00016dba0
2025/11/08 14:46:50 INFO session removed token=6676f8c9-6042-4b1b-933c-a7f98b2f30bc
2025/11/08 14:46:50 INFO session created token=093723c0-6981-4aa5-92e4-8b8d583097dc name=User_82_98
2025/11/08 14:46:50 INFO session updated token=093723c0-6981-4aa5-92e4-8b8d583097dc tableID=0xc00016fdd0 seatIndex=0xc00016dbf0
2025/11/08 14:46:50 INFO session removed token=093723c0-6981-4aa5-92e4-8b8d583097dc
2025/11/08 14:46:50 INFO session created token=8d61f0e5-cb8c-4a06-a5f7-010bf004db56 name=User_82_99
2025/11/08 14:46:50 INFO session updated token=8d61f0e5-cb8c-4a06-a5f7-010bf004db56 tableID=0xc00016fe20 seatIndex=0xc00016dc40
2025/11/08 14:46:50 INFO session removed token=8d61f0e5-cb8c-4a06-a5f7-010bf004db56
2025/11/08 14:46:50 INFO session created token=4cc21466-bcfd-4178-9abe-d5ec46c61c83 name=User_80_10
2025/11/08 14:46:50 INFO session updated token=4cc21466-bcfd-4178-9abe-d5ec46c61c83 tableID=0xc00016fe70 seatIndex=0xc00016dc70
2025/11/08 14:46:50 INFO session removed token=4cc21466-bcfd-4178-9abe-d5ec46c61c83
2025/11/08 14:46:50 INFO session created token=2a5de824-76a8-4a15-be16-cee32deed52e name=User_80_11
2025/11/08 14:46:50 INFO session updated token=2a5de824-76a8-4a15-be16-cee32deed52e tableID=0xc00016fec0 seatIndex=0xc00016dcc0
2025/11/08 14:46:50 INFO session removed token=2a5de824-76a8-4a15-be16-cee32deed52e
2025/11/08 14:46:50 INFO session created token=c59f17fb-941f-459a-8cce-201a09ceb5a9 name=User_80_12
2025/11/08 14:46:50 INFO session updated token=c59f17fb-941f-459a-8cce-201a09ceb5a9 tableID=0xc00016ff10 seatIndex=0xc00016dd10
2025/11/08 14:46:50 INFO session removed token=c59f17fb-941f-459a-8cce-201a09ceb5a9
2025/11/08 14:46:50 INFO session created token=7aa2d9d7-7b99-421e-9997-166dac775da5 name=User_80_13
2025/11/08 14:46:50 INFO session updated token=7aa2d9d7-7b99-421e-9997-166dac775da5 tableID=0xc00016ff60 seatIndex=0xc00016dd60
2025/11/08 14:46:50 INFO session removed token=7aa2d9d7-7b99-421e-9997-166dac775da5
2025/11/08 14:46:50 INFO session created token=5a55e754-eb85-440b-9cd4-a317ab4f7d18 name=User_80_14
2025/11/08 14:46:50 INFO session updated token=5a55e754-eb85-440b-9cd4-a317ab4f7d18 tableID=0xc000172030 seatIndex=0xc00016ddb0
2025/11/08 14:46:50 INFO session removed token=5a55e754-eb85-440b-9cd4-a317ab4f7d18
2025/11/08 14:46:50 INFO session created token=d39b6268-62b6-4856-854c-751c40b447c2 name=User_80_15
2025/11/08 14:46:50 INFO session created token=fce3dae7-7d47-4454-ab46-21e8790bc617 name=User_57_86
2025/11/08 14:46:50 INFO session created token=89a27c89-0637-4c25-8f25-f3e3073918cb name=User_60_13
2025/11/08 14:46:50 INFO session updated token=d39b6268-62b6-4856-854c-751c40b447c2 tableID=0xc000172080 seatIndex=0xc00016de00
2025/11/08 14:46:50 INFO session removed token=d39b6268-62b6-4856-854c-751c40b447c2
2025/11/08 14:46:50 INFO session created token=43db223b-c80a-4296-b7e8-c1f56cd136db name=User_67_25
2025/11/08 14:46:50 INFO session updated token=711f79d6-73b7-4bf1-9164-8f166eaebdbb tableID=0xc000660c40 seatIndex=0xc0006629b8
2025/11/08 14:46:50 INFO session created token=740f9492-06ac-4522-a618-1cf6a331150d name=User_46_27
2025/11/08 14:46:50 INFO session created token=8ed47a06-2dc7-41b2-a274-cd12dcccbd0d name=User_64_10
2025/11/08 14:46:50 INFO session removed token=6e592ccb-f8c7-45ae-8648-58086ff37e08
2025/11/08 14:46:50 INFO session created token=229a7b35-9f76-496b-b316-efd75fab4efe name=User_27_11
2025/11/08 14:46:50 INFO session created token=813a6412-c3d1-49f8-8139-364dd0067e3e name=User_9_11
2025/11/08 14:46:50 INFO session removed token=870f3ca4-1923-47d6-8428-067180a6784f
2025/11/08 14:46:50 INFO session created token=96e2bbda-08a3-4604-aa89-6bb012941df9 name=User_30_16
2025/11/08 14:46:50 INFO session updated token=7ef4b039-6574-4240-bc36-d5be52d74ff0 tableID=0xc0003fb510 seatIndex=0xc00013e880
2025/11/08 14:46:50 INFO session updated token=10352f75-37df-487c-b35f-6a2e05661794 tableID=0xc0003fb520 seatIndex=0xc00013e890
2025/11/08 14:46:50 INFO session removed token=21a82dac-f6bd-4b70-997d-81c9c2f462c5
2025/11/08 14:46:50 INFO session updated token=bd2127f9-615c-41a5-b352-4d17c1423e3e tableID=0xc0003fb540 seatIndex=0xc00013e8c0
2025/11/08 14:46:50 INFO session created token=9fceb986-895e-43ae-bcb8-17d83bc0f002 name=User_19_18
2025/11/08 14:46:50 INFO session updated token=444f4032-337f-46de-9133-58256129b430 tableID=0xc000660c80 seatIndex=0xc0006629c8
2025/11/08 14:46:50 INFO session updated token=a14acd5d-5da7-4136-b917-676ff5d04d49 tableID=0xc0003fb570 seatIndex=0xc00013e910
2025/11/08 14:46:50 INFO session created token=7f55d289-c53d-4e01-b52d-90c744af08a9 name=User_17_16
2025/11/08 14:46:50 INFO session removed token=ed33de75-b8ad-4692-8c3a-b5208743d53c
2025/11/08 14:46:50 INFO session created token=4a4f30ac-06ad-4d59-a963-6b5c4b6d0c20 name=User_48_48
2025/11/08 14:46:50 INFO session removed token=5a42f82c-499d-4d4a-b3dc-68b004a7f1ae
2025/11/08 14:46:50 INFO session created token=0c2aba4f-7c83-4fe9-9bcd-a90101a155b3 name=User_45_15
2025/11/08 14:46:50 INFO session created token=64e19f15-6b86-4ab1-a814-e728bf4b5abd name=User_38_10
2025/11/08 14:46:50 INFO session created token=d191bad9-3b4e-494d-afd3-daa8c6e7b6e5 name=User_93_31
2025/11/08 14:46:50 INFO session created token=60b74888-4a58-4868-b9e8-d7e89b71f1b7 name=User_49_22
2025/11/08 14:46:50 INFO session removed token=0c3ae882-8a11-4617-9cac-cf4a339ef942
2025/11/08 14:46:50 INFO session created token=b347d27c-4231-4bec-847d-5f9bcbc1293d name=User_16_12
2025/11/08 14:46:50 INFO session removed token=c8a923fe-2cf9-4539-bf79-6766091c8209
2025/11/08 14:46:50 INFO session removed token=e154608f-5e81-42be-b8a1-c3b21d9275ab
2025/11/08 14:46:50 INFO session removed token=e1389200-b63e-487b-869b-d795399ecaea
2025/11/08 14:46:50 INFO session removed token=7566ffed-dedd-44b8-9dcd-26b5684b17e4
2025/11/08 14:46:50 INFO session removed token=257e2b63-ead1-4ea9-acda-641956132bf1
2025/11/08 14:46:50 INFO session removed token=1128bab6-f3df-45ae-99cf-60b2dd820ca7
2025/11/08 14:46:50 INFO session removed token=2cb25915-cc0b-48d3-8853-8dfaf0de4679
2025/11/08 14:46:50 INFO session removed token=39a2d68c-5d25-4b9c-a1a7-68002425e6c3
2025/11/08 14:46:50 INFO session removed token=c15dad37-0e87-4e68-9cbf-69159cb5cac7
2025/11/08 14:46:50 INFO session removed token=3d4895f3-a7ca-4b8d-b8d7-57a74cc3134f
2025/11/08 14:46:50 INFO session removed token=4e3f6266-a3a3-460c-a89d-b5efb08d285e
2025/11/08 14:46:50 INFO session removed token=c0d18107-fe8f-4586-84c5-105f05df1faa
2025/11/08 14:46:50 INFO session removed token=c3ca72ef-3919-4c26-aa36-3d4ec5a3fbc4
2025/11/08 14:46:50 INFO session removed token=070914d8-e3f1-4162-b3c1-7bf52b6782fc
2025/11/08 14:46:50 INFO session created token=82977627-ba5d-416c-96b7-248177922c9c name=User_37_28
2025/11/08 14:46:50 INFO session removed token=7ffb8279-6dfd-4a75-8665-871ef004b645
2025/11/08 14:46:50 INFO session created token=55c54d1d-6e85-4f84-bd64-a780fac57e0c name=User_66_12
2025/11/08 14:46:50 INFO session created token=d6f5812d-5bd1-4a77-910d-8dcdf76cc193 name=User_24_21
2025/11/08 14:46:50 INFO session updated token=a4c52979-35f3-484e-9d45-14e4995e93a9 tableID=0xc0002e3920 seatIndex=0xc0002e59f0
2025/11/08 14:46:50 INFO session created token=4903134b-9169-451d-bcfd-30ad81afa8a1 name=User_4_45
2025/11/08 14:46:50 INFO session created token=0a74f35c-3c24-4945-845d-c96eadcfb80c name=User_10_9
2025/11/08 14:46:50 INFO session created token=ee0d67e4-6361-4286-93e4-9581d909743f name=User_56_19
2025/11/08 14:46:50 INFO session updated token=5b390b0d-6146-4de5-9962-1caf28dfec4b tableID=0xc0002e3930 seatIndex=0xc0002e5a00
2025/11/08 14:46:50 INFO session updated token=b3013f3d-c9bb-4eb1-a22b-7cc391bc50fc tableID=0xc0002e3940 seatIndex=0xc0002e5a10
2025/11/08 14:46:50 INFO session updated token=5b780074-185e-4478-bf4b-d5e353f57286 tableID=0xc0002e3950 seatIndex=0xc0002e5a20
2025/11/08 14:46:50 INFO session updated token=f46cd87d-e80f-451a-b8b2-2f456abaf656 tableID=0xc0002e3960 seatIndex=0xc0002e5a30
2025/11/08 14:46:50 INFO session updated token=d6621fc6-727d-4e02-8eec-bd9b8c61cfe7 tableID=0xc0004e5b30 seatIndex=0xc0004e8f60
2025/11/08 14:46:50 INFO session updated token=f50997f7-2f8b-40fe-bb59-6ad534b05d28 tableID=0xc0004e5b40 seatIndex=0xc0004e8f70
2025/11/08 14:46:50 INFO session updated token=4f4ba84e-2929-4324-9f21-b58d4ffc6f89 tableID=0xc0004e5b50 seatIndex=0xc0004e8f80
2025/11/08 14:46:50 INFO session updated token=30deaf1f-ab59-415d-89e8-c568d6b16d8c tableID=0xc0004e5b60 seatIndex=0xc0004e8f90
2025/11/08 14:46:50 INFO session updated token=e6e4ea37-2970-4cbb-8fec-19a29e87a15e tableID=0xc0004e5b70 seatIndex=0xc0004e8fa0
2025/11/08 14:46:50 INFO session updated token=b8fa002a-c8b9-4c3b-800f-b6405c65fc63 tableID=0xc0004e5b80 seatIndex=0xc0004e8fb0
2025/11/08 14:46:50 INFO session updated token=64ee3f66-34ed-424c-861c-235255032850 tableID=0xc0004e5b90 seatIndex=0xc0004e8fc0
2025/11/08 14:46:50 INFO session updated token=f6fd5148-272d-4a4b-8e2a-4c406321e526 tableID=0xc0004e5ba0 seatIndex=0xc0004e8fd0
2025/11/08 14:46:50 INFO session updated token=8c94483a-d5d7-4c79-81dd-04c4c97dcd38 tableID=0xc0004e5bb0 seatIndex=0xc0004e8fe0
2025/11/08 14:46:50 INFO session updated token=8aef8043-719a-4688-819f-8e6919ae2c65 tableID=0xc0004e5bc0 seatIndex=0xc0004e8ff0
2025/11/08 14:46:50 INFO session updated token=6cd23f79-3260-4387-bfe5-825d73e04e76 tableID=0xc0004e5bd0 seatIndex=0xc0004e9000
2025/11/08 14:46:50 INFO session updated token=982b9c01-8268-4ed5-b5bd-3692148b7d9a tableID=0xc0004e5be0 seatIndex=0xc0004e9010
2025/11/08 14:46:50 INFO session updated token=0838fa73-1bbf-44a7-9938-356c0c695d87 tableID=0xc0004e5bf0 seatIndex=0xc0004e9020
2025/11/08 14:46:50 INFO session updated token=0ddd2161-dc48-4510-990d-80b99f0b042d tableID=0xc0004e5c00 seatIndex=0xc0004e9030
2025/11/08 14:46:50 INFO session updated token=616b2b36-4e14-4885-97ea-92f44b732737 tableID=0xc0004e5c10 seatIndex=0xc0004e9040
2025/11/08 14:46:50 INFO session updated token=9da702bc-a02e-4054-8347-11b955893eef tableID=0xc0004e5c20 seatIndex=0xc0004e9050
2025/11/08 14:46:50 INFO session updated token=eab4c580-8f24-4245-8da4-64be201fc365 tableID=0xc0004e5c30 seatIndex=0xc0004e9060
2025/11/08 14:46:50 INFO session updated token=e34f5587-e7c4-45ad-8806-bc03ea0c6749 tableID=0xc0004e5c70 seatIndex=0xc0004e9080
2025/11/08 14:46:50 INFO session updated token=315ce2d5-1a8c-4021-905e-205e849884bd tableID=0xc0004e5c80 seatIndex=0xc0004e9090
2025/11/08 14:46:50 INFO session updated token=d4378d10-de64-4a14-a9d5-7cefef1f5483 tableID=0xc0004e5c90 seatIndex=0xc0004e90a0
2025/11/08 14:46:50 INFO session updated token=5201bf59-9904-4659-aea0-fd70fc74daca tableID=0xc0004e5ca0 seatIndex=0xc0004e90b0
2025/11/08 14:46:50 INFO session updated token=d295b36d-6609-47b1-ae48-7b631a9e604f tableID=0xc00016ea80 seatIndex=0xc00016c8b0
2025/11/08 14:46:50 INFO session updated token=fcd6a7ee-7f9c-4001-9183-98234fecb47f tableID=0xc0004e5cb0 seatIndex=0xc0004e90c0
2025/11/08 14:46:50 INFO session updated token=bb0466e3-39cb-4b0c-8f71-1389574b964c tableID=0xc0002e39e0 seatIndex=0xc0002e5ac0
2025/11/08 14:46:50 INFO session updated token=9211486f-532e-49df-a80d-a9220e197501 tableID=0xc00016ead0 seatIndex=0xc00016c900
2025/11/08 14:46:50 INFO session updated token=89a27c89-0637-4c25-8f25-f3e3073918cb tableID=0xc0001720a0 seatIndex=0xc00016de30
2025/11/08 14:46:50 INFO session removed token=89a27c89-0637-4c25-8f25-f3e3073918cb
2025/11/08 14:46:50 INFO session created token=eb828160-5353-4716-9010-3b212a744d57 name=User_60_14
2025/11/08 14:46:50 INFO session updated token=eb828160-5353-4716-9010-3b212a744d57 tableID=0xc0003fb890 seatIndex=0xc00013ee60
2025/11/08 14:46:50 INFO session removed token=eb828160-5353-4716-9010-3b212a744d57
2025/11/08 14:46:50 INFO session created token=4e9467eb-2876-43ca-a702-b7d657ea1167 name=User_60_15
2025/11/08 14:46:50 INFO session updated token=4e9467eb-2876-43ca-a702-b7d657ea1167 tableID=0xc0003fb8e0 seatIndex=0xc00013eeb0
2025/11/08 14:46:50 INFO session removed token=4e9467eb-2876-43ca-a702-b7d657ea1167
2025/11/08 14:46:50 INFO session created token=349f693e-7b28-4d84-af35-a6fc1e8ce90e name=User_60_16
2025/11/08 14:46:50 INFO session updated token=349f693e-7b28-4d84-af35-a6fc1e8ce90e tableID=0xc0003fb930 seatIndex=0xc00013ef00
2025/11/08 14:46:50 INFO session removed token=349f693e-7b28-4d84-af35-a6fc1e8ce90e
2025/11/08 14:46:50 INFO session created token=c01208d8-ed3b-4bff-b872-c4788e35ce73 name=User_60_17
2025/11/08 14:46:50 INFO session updated token=c01208d8-ed3b-4bff-b872-c4788e35ce73 tableID=0xc0003fb980 seatIndex=0xc00013ef50
2025/11/08 14:46:50 INFO session removed token=c01208d8-ed3b-4bff-b872-c4788e35ce73
2025/11/08 14:46:50 INFO session created token=8ba4bef9-0ccc-4fac-a4b8-ca82b5dadfa9 name=User_60_18
2025/11/08 14:46:50 INFO session updated token=8ba4bef9-0ccc-4fac-a4b8-ca82b5dadfa9 tableID=0xc0003fb9d0 seatIndex=0xc00013efa0
2025/11/08 14:46:50 INFO session removed token=8ba4bef9-0ccc-4fac-a4b8-ca82b5dadfa9
2025/11/08 14:46:50 INFO session created token=a9733318-0a49-4996-8d7d-0690703a977a name=User_60_19
2025/11/08 14:46:50 INFO session updated token=a9733318-0a49-4996-8d7d-0690703a977a tableID=0xc0003fba20 seatIndex=0xc00013eff0
2025/11/08 14:46:50 INFO session removed token=a9733318-0a49-4996-8d7d-0690703a977a
2025/11/08 14:46:50 INFO session created token=c2e7c686-5bab-4064-84a9-2d27c60caa02 name=User_60_20
2025/11/08 14:46:50 INFO session updated token=c2e7c686-5bab-4064-84a9-2d27c60caa02 tableID=0xc0003fba70 seatIndex=0xc00013f040
2025/11/08 14:46:50 INFO session removed token=c2e7c686-5bab-4064-84a9-2d27c60caa02
2025/11/08 14:46:50 INFO session created token=5292643f-d3ff-4e02-9e1e-df2e9493bb3c name=User_60_21
2025/11/08 14:46:50 INFO session updated token=5292643f-d3ff-4e02-9e1e-df2e9493bb3c tableID=0xc0003fbac0 seatIndex=0xc00013f090
2025/11/08 14:46:50 INFO session removed token=5292643f-d3ff-4e02-9e1e-df2e9493bb3c
2025/11/08 14:46:50 INFO session created token=1d169bba-d329-4860-814f-8ac3c56acc7f name=User_60_22
2025/11/08 14:46:50 INFO session updated token=1d169bba-d329-4860-814f-8ac3c56acc7f tableID=0xc0003fbb10 seatIndex=0xc00013f0e0
2025/11/08 14:46:50 INFO session removed token=1d169bba-d329-4860-814f-8ac3c56acc7f
2025/11/08 14:46:50 INFO session created token=24db90ef-5536-455a-b979-f58de07f382a name=User_60_23
2025/11/08 14:46:50 INFO session updated token=24db90ef-5536-455a-b979-f58de07f382a tableID=0xc0003fbb60 seatIndex=0xc00013f130
2025/11/08 14:46:50 INFO session removed token=24db90ef-5536-455a-b979-f58de07f382a
2025/11/08 14:46:50 INFO session created token=44b4662d-caaa-4231-a737-08cac7c18f03 name=User_60_24
2025/11/08 14:46:50 INFO session updated token=44b4662d-caaa-4231-a737-08cac7c18f03 tableID=0xc0003fbbb0 seatIndex=0xc00013f180
2025/11/08 14:46:50 INFO session removed token=44b4662d-caaa-4231-a737-08cac7c18f03
2025/11/08 14:46:50 INFO session created token=e03f4882-1b05-4b76-9c46-05a6b3041b4b name=User_60_25
2025/11/08 14:46:50 INFO session updated token=e03f4882-1b05-4b76-9c46-05a6b3041b4b tableID=0xc0003fbc00 seatIndex=0xc00013f1d0
2025/11/08 14:46:50 INFO session removed token=e03f4882-1b05-4b76-9c46-05a6b3041b4b
2025/11/08 14:46:50 INFO session created token=5db80ae1-48b8-47be-bff4-bc19f07c9b44 name=User_60_26
2025/11/08 14:46:50 INFO session updated token=5db80ae1-48b8-47be-bff4-bc19f07c9b44 tableID=0xc0003fbc50 seatIndex=0xc00013f220
2025/11/08 14:46:50 INFO session removed token=5db80ae1-48b8-47be-bff4-bc19f07c9b44
2025/11/08 14:46:50 INFO session created token=ac34bb86-5413-4150-9285-ddd7c36321c1 name=User_60_27
2025/11/08 14:46:50 INFO session updated token=ac34bb86-5413-4150-9285-ddd7c36321c1 tableID=0xc0003fbca0 seatIndex=0xc00013f270
2025/11/08 14:46:50 INFO session removed token=ac34bb86-5413-4150-9285-ddd7c36321c1
2025/11/08 14:46:50 INFO session created token=dc6544f4-4d5b-45f6-9934-cd7dc0b681df name=User_60_28
2025/11/08 14:46:50 INFO session updated token=dc6544f4-4d5b-45f6-9934-cd7dc0b681df tableID=0xc0003fbcf0 seatIndex=0xc00013f2c0
2025/11/08 14:46:50 INFO session removed token=dc6544f4-4d5b-45f6-9934-cd7dc0b681df
2025/11/08 14:46:50 INFO session created token=13b39677-067c-40c4-9638-edab359efb91 name=User_60_29
2025/11/08 14:46:50 INFO session updated token=13b39677-067c-40c4-9638-edab359efb91 tableID=0xc0003fbd40 seatIndex=0xc00013f310
2025/11/08 14:46:50 INFO session removed token=13b39677-067c-40c4-9638-edab359efb91
2025/11/08 14:46:50 INFO session created token=0c9b5892-0690-4b1d-a5ce-97eee310e7fb name=User_60_30
2025/11/08 14:46:50 INFO session updated token=0c9b5892-0690-4b1d-a5ce-97eee310e7fb tableID=0xc0003fbd90 seatIndex=0xc00013f360
2025/11/08 14:46:50 INFO session removed token=0c9b5892-0690-4b1d-a5ce-97eee310e7fb
2025/11/08 14:46:50 INFO session created token=afd3a198-47b1-4a49-abf0-36c0a81d8fe1 name=User_60_31
2025/11/08 14:46:50 INFO session updated token=afd3a198-47b1-4a49-abf0-36c0a81d8fe1 tableID=0xc0003fbde0 seatIndex=0xc00013f3b0
2025/11/08 14:46:50 INFO session removed token=afd3a198-47b1-4a49-abf0-36c0a81d8fe1
2025/11/08 14:46:50 INFO session created token=85a3b6a0-fa94-448a-9490-c0b8be359a9a name=User_60_32
2025/11/08 14:46:50 INFO session updated token=85a3b6a0-fa94-448a-9490-c0b8be359a9a tableID=0xc0003fbe30 seatIndex=0xc00013f400
2025/11/08 14:46:50 INFO session removed token=85a3b6a0-fa94-448a-9490-c0b8be359a9a
2025/11/08 14:46:50 INFO session created token=0dbdbdef-4ef1-4fa3-b3e3-21b6453faf5c name=User_60_33
2025/11/08 14:46:50 INFO session updated token=0dbdbdef-4ef1-4fa3-b3e3-21b6453faf5c tableID=0xc0003fbe80 seatIndex=0xc00013f450
2025/11/08 14:46:50 INFO session removed token=0dbdbdef-4ef1-4fa3-b3e3-21b6453faf5c
2025/11/08 14:46:50 INFO session created token=686d54dd-305c-4192-89de-108898985f37 name=User_60_34
2025/11/08 14:46:50 INFO session updated token=686d54dd-305c-4192-89de-108898985f37 tableID=0xc0003fbed0 seatIndex=0xc00013f4a0
2025/11/08 14:46:50 INFO session removed token=686d54dd-305c-4192-89de-108898985f37
2025/11/08 14:46:50 INFO session created token=b07eadf3-f3ad-4ff2-a604-f6c2b339a6d7 name=User_60_35
2025/11/08 14:46:50 INFO session updated token=b07eadf3-f3ad-4ff2-a604-f6c2b339a6d7 tableID=0xc0003fbf20 seatIndex=0xc00013f4f0
2025/11/08 14:46:50 INFO session removed token=b07eadf3-f3ad-4ff2-a604-f6c2b339a6d7
2025/11/08 14:46:50 INFO session created token=7a0565c2-b4eb-4fff-a1e1-b62f1ee595a2 name=User_60_36
2025/11/08 14:46:50 INFO session created token=0c5369ad-c107-4d95-8def-cfe3ca9ee52d name=User_58_23
2025/11/08 14:46:50 INFO session updated token=7a0565c2-b4eb-4fff-a1e1-b62f1ee595a2 tableID=0xc0003fbf70 seatIndex=0xc00013f540
2025/11/08 14:46:50 INFO session removed token=7a0565c2-b4eb-4fff-a1e1-b62f1ee595a2
2025/11/08 14:46:50 INFO session created token=bbb85691-daee-4fc2-9419-2617b63c1fc1 name=User_60_37
2025/11/08 14:46:50 INFO session updated token=bbb85691-daee-4fc2-9419-2617b63c1fc1 tableID=0xc0001400e0 seatIndex=0xc00013f5a0
2025/11/08 14:46:50 INFO session removed token=bbb85691-daee-4fc2-9419-2617b63c1fc1
2025/11/08 14:46:50 INFO session created token=08518290-865f-4675-bf7b-fbd063ae4237 name=User_60_38
2025/11/08 14:46:50 INFO session updated token=08518290-865f-4675-bf7b-fbd063ae4237 tableID=0xc000140130 seatIndex=0xc00013f5f0
2025/11/08 14:46:50 INFO session removed token=08518290-865f-4675-bf7b-fbd063ae4237
2025/11/08 14:46:50 INFO session removed token=0838fa73-1bbf-44a7-9938-356c0c695d87
2025/11/08 14:46:50 INFO session created token=ee2dbed8-2b77-4769-82ef-1aff27c05829 name=User_60_39
2025/11/08 14:46:50 INFO session updated token=740f9492-06ac-4522-a618-1cf6a331150d tableID=0xc000172120 seatIndex=0xc00016de70
2025/11/08 14:46:50 INFO session removed token=740f9492-06ac-4522-a618-1cf6a331150d
2025/11/08 14:46:50 INFO session created token=cd2609b1-cd09-43f2-924b-e3bf73497059 name=User_46_28
2025/11/08 14:46:50 INFO session updated token=cd2609b1-cd09-43f2-924b-e3bf73497059 tableID=0xc000140200 seatIndex=0xc00013f6b0
2025/11/08 14:46:50 INFO session removed token=cd2609b1-cd09-43f2-924b-e3bf73497059
2025/11/08 14:46:50 INFO session created token=9258d93f-2cee-4fc4-8c85-37aaaa79574c name=User_46_29
2025/11/08 14:46:50 INFO session updated token=9258d93f-2cee-4fc4-8c85-37aaaa79574c tableID=0xc000140250 seatIndex=0xc00013f700
2025/11/08 14:46:50 INFO session removed token=9258d93f-2cee-4fc4-8c85-37aaaa79574c
2025/11/08 14:46:50 INFO session created token=d1aab8ab-ae4f-4e56-8172-d6d935ca449f name=User_46_30
2025/11/08 14:46:50 INFO session created token=72ca1b83-2b19-446c-a351-ef4420a06334 name=User_72_13
2025/11/08 14:46:50 INFO session updated token=d1aab8ab-ae4f-4e56-8172-d6d935ca449f tableID=0xc0001402a0 seatIndex=0xc00013f750
2025/11/08 14:46:50 INFO session removed token=d1aab8ab-ae4f-4e56-8172-d6d935ca449f
2025/11/08 14:46:50 INFO session created token=bd011851-9270-4dbd-9445-098036c94eee name=User_46_31
2025/11/08 14:46:50 INFO session updated token=bd011851-9270-4dbd-9445-098036c94eee tableID=0xc000140300 seatIndex=0xc00013f7b0
2025/11/08 14:46:50 INFO session removed token=bd011851-9270-4dbd-9445-098036c94eee
2025/11/08 14:46:50 INFO session created token=cfa708bf-4eac-437e-bb9a-bd6e353c1229 name=User_46_32
2025/11/08 14:46:50 INFO session updated token=cfa708bf-4eac-437e-bb9a-bd6e353c1229 tableID=0xc000140350 seatIndex=0xc00013f800
2025/11/08 14:46:50 INFO session removed token=cfa708bf-4eac-437e-bb9a-bd6e353c1229
2025/11/08 14:46:50 INFO session created token=1a5745fd-d4f2-4fa4-9728-6fb2c369ab15 name=User_46_33
2025/11/08 14:46:50 INFO session created token=0de80a7f-662b-45e4-8e76-2a86e00cf18d name=User_79_17
2025/11/08 14:46:50 INFO session updated token=1a5745fd-d4f2-4fa4-9728-6fb2c369ab15 tableID=0xc0001403a0 seatIndex=0xc00013f850
2025/11/08 14:46:50 INFO session removed token=1a5745fd-d4f2-4fa4-9728-6fb2c369ab15
2025/11/08 14:46:50 INFO session created token=fb5d502d-4249-4544-a6e3-9621dac24fc3 name=User_46_34
2025/11/08 14:46:50 INFO session updated token=fb5d502d-4249-4544-a6e3-9621dac24fc3 tableID=0xc000552de0 seatIndex=0xc000554928
2025/11/08 14:46:50 INFO session removed token=fb5d502d-4249-4544-a6e3-9621dac24fc3
2025/11/08 14:46:50 INFO session created token=570e4d29-91fa-410e-b33a-6bde5f8b301f name=User_46_35
2025/11/08 14:46:50 INFO session updated token=570e4d29-91fa-410e-b33a-6bde5f8b301f tableID=0xc000552e30 seatIndex=0xc000554978
2025/11/08 14:46:50 INFO session removed token=570e4d29-91fa-410e-b33a-6bde5f8b301f
2025/11/08 14:46:50 INFO session created token=3cc8763d-cf8f-408f-946e-575c7e107787 name=User_46_36
2025/11/08 14:46:50 INFO session updated token=3cc8763d-cf8f-408f-946e-575c7e107787 tableID=0xc000552e80 seatIndex=0xc0005549c8
2025/11/08 14:46:50 INFO session removed token=3cc8763d-cf8f-408f-946e-575c7e107787
2025/11/08 14:46:50 INFO session created token=26317d52-8052-4081-bba0-c0c82de6cc29 name=User_46_37
2025/11/08 14:46:50 INFO session updated token=26317d52-8052-4081-bba0-c0c82de6cc29 tableID=0xc000552ed0 seatIndex=0xc000554a18
2025/11/08 14:46:50 INFO session removed token=26317d52-8052-4081-bba0-c0c82de6cc29
2025/11/08 14:46:50 INFO session updated token=72ca1b83-2b19-446c-a351-ef4420a06334 tableID=0xc0001402c0 seatIndex=0xc00013f780
2025/11/08 14:46:50 INFO session removed token=72ca1b83-2b19-446c-a351-ef4420a06334
2025/11/08 14:46:50 INFO session created token=582298af-1085-40f6-88c8-e70b626f73df name=User_72_14
2025/11/08 14:46:50 INFO session created token=04d45094-74ed-4bbc-863d-1d841bb80245 name=User_80_16
2025/11/08 14:46:50 INFO session updated token=582298af-1085-40f6-88c8-e70b626f73df tableID=0xc000552f40 seatIndex=0xc000554a88
2025/11/08 14:46:50 INFO session removed token=582298af-1085-40f6-88c8-e70b626f73df
2025/11/08 14:46:50 INFO session updated token=43db223b-c80a-4296-b7e8-c1f56cd136db tableID=0xc0002e3ab0 seatIndex=0xc0002e5b90
2025/11/08 14:46:50 INFO session removed token=711f79d6-73b7-4bf1-9164-8f166eaebdbb
2025/11/08 14:46:50 INFO session updated token=8ed47a06-2dc7-41b2-a274-cd12dcccbd0d tableID=0xc0002e3ac0 seatIndex=0xc0002e5ba0
2025/11/08 14:46:50 INFO session updated token=229a7b35-9f76-496b-b316-efd75fab4efe tableID=0xc000172180 seatIndex=0xc00016de80
2025/11/08 14:46:50 INFO session created token=9044ecc2-2cc5-4905-8adf-d5b3c3a9998e name=User_15_19
2025/11/08 14:46:50 INFO session updated token=813a6412-c3d1-49f8-8139-364dd0067e3e tableID=0xc000172190 seatIndex=0xc00016de90
2025/11/08 14:46:50 INFO session updated token=96e2bbda-08a3-4604-aa89-6bb012941df9 tableID=0xc0001721b0 seatIndex=0xc00016dec0
2025/11/08 14:46:50 INFO session removed token=7ef4b039-6574-4240-bc36-d5be52d74ff0
2025/11/08 14:46:50 INFO session created token=f928e98f-28d1-403f-bcde-6162aa59fb88 name=User_52_11
2025/11/08 14:46:50 INFO session removed token=10352f75-37df-487c-b35f-6a2e05661794
2025/11/08 14:46:50 INFO session removed token=bd2127f9-615c-41a5-b352-4d17c1423e3e
2025/11/08 14:46:50 INFO session created token=03d12a6d-5f2d-4c39-87cf-c6c64d1b066e name=User_32_15
2025/11/08 14:46:50 INFO session updated token=9fceb986-895e-43ae-bcb8-17d83bc0f002 tableID=0xc000172200 seatIndex=0xc00016df30
2025/11/08 14:46:50 INFO session removed token=444f4032-337f-46de-9133-58256129b430
2025/11/08 14:46:50 INFO session removed token=a14acd5d-5da7-4136-b917-676ff5d04d49
2025/11/08 14:46:50 INFO session updated token=7f55d289-c53d-4e01-b52d-90c744af08a9 tableID=0xc000661700 seatIndex=0xc000663488
2025/11/08 14:46:50 INFO session updated token=0c2aba4f-7c83-4fe9-9bcd-a90101a155b3 tableID=0xc0002e3b40 seatIndex=0xc0002e5c10
2025/11/08 14:46:50 INFO session updated token=b347d27c-4231-4bec-847d-5f9bcbc1293d tableID=0xc0004e5d60 seatIndex=0xc0004e90d0
2025/11/08 14:46:50 INFO session updated token=64e19f15-6b86-4ab1-a814-e728bf4b5abd tableID=0xc0002e3b60 seatIndex=0xc0002e5c20
2025/11/08 14:46:50 INFO session updated token=d191bad9-3b4e-494d-afd3-daa8c6e7b6e5 tableID=0xc0004e5d70 seatIndex=0xc0004e90e0
2025/11/08 14:46:50 INFO session updated token=60b74888-4a58-4868-b9e8-d7e89b71f1b7 tableID=0xc0002e3b70 seatIndex=0xc0002e5c30
2025/11/08 14:46:50 INFO session created token=08142547-fdb1-4198-8cb4-c569f2ffd912 name=User_96_11
2025/11/08 14:46:50 INFO session created token=76c244b4-f61e-4c07-b171-c4e7c0220114 name=User_59_17
2025/11/08 14:46:50 INFO session updated token=4a4f30ac-06ad-4d59-a963-6b5c4b6d0c20 tableID=0xc0004e5d80 seatIndex=0xc0004e90f0
2025/11/08 14:46:50 INFO session created token=1e4f1d4c-ed11-4e82-a1d0-9dd57f5c9a2b name=User_74_16
2025/11/08 14:46:50 INFO session updated token=55c54d1d-6e85-4f84-bd64-a780fac57e0c tableID=0xc0004e5ea0 seatIndex=0xc0004e9100
2025/11/08 14:46:50 INFO session created token=b2861c44-ef26-4e77-8a1c-a44281ec003d name=User_75_10
2025/11/08 14:46:50 INFO session created token=c889e4a9-d11c-42f9-a43f-94ddd333b37e name=User_34_12
2025/11/08 14:46:50 INFO session created token=70e3a311-e771-4e10-a9da-a2e21e8dc2f7 name=User_42_11
2025/11/08 14:46:50 INFO session updated token=b2861c44-ef26-4e77-8a1c-a44281ec003d tableID=0xc000140060 seatIndex=0xc00013e068
2025/11/08 14:46:50 INFO session removed token=b2861c44-ef26-4e77-8a1c-a44281ec003d
2025/11/08 14:46:50 INFO session updated token=82977627-ba5d-416c-96b7-248177922c9c tableID=0xc0002e3ba0 seatIndex=0xc0002e5c60
2025/11/08 14:46:50 INFO session created token=5a951dbb-e689-4d65-8a2c-d92241e2c467 name=User_36_11
2025/11/08 14:46:50 INFO session created token=9e0c3ea1-c31d-4808-af24-644cd7db4059 name=User_40_20
2025/11/08 14:46:50 INFO session created token=149ef5b2-2aa5-46cd-a00c-023f02c90965 name=User_11_30
2025/11/08 14:46:50 INFO session updated token=d6f5812d-5bd1-4a77-910d-8dcdf76cc193 tableID=0xc0003fb640 seatIndex=0xc00013ea40
2025/11/08 14:46:50 INFO session created token=5bb56212-2e11-4014-be6a-6f6b86751ded name=User_28_23
2025/11/08 14:46:50 INFO session created token=c8b50c1d-296b-40fa-9bc1-4a83aa54c56a name=User_5_11
2025/11/08 14:46:50 INFO session created token=c78bcfd0-f867-4816-8f07-51672b3f850c name=User_39_26
2025/11/08 14:46:50 INFO session created token=dde4b122-e731-46c9-8a2d-146de3ea38d3 name=User_55_12
2025/11/08 14:46:50 INFO session created token=739ccbaf-0ebc-4892-bc03-d8a4f9669b29 name=User_86_14
2025/11/08 14:46:50 INFO session created token=99934647-bec2-48bb-b6b9-c6b42eb86bd0 name=User_53_12
2025/11/08 14:46:50 INFO session created token=0c344ba6-7189-4e76-8853-e4a59b8ec39a name=User_6_12
2025/11/08 14:46:50 INFO session removed token=a4c52979-35f3-484e-9d45-14e4995e93a9
2025/11/08 14:46:50 INFO session created token=68b97628-1888-4fc6-8931-bab64d07c1c9 name=User_33_28
2025/11/08 14:46:50 INFO session updated token=4903134b-9169-451d-bcfd-30ad81afa8a1 tableID=0xc0003fb660 seatIndex=0xc00013ea70
2025/11/08 14:46:50 INFO session updated token=0a74f35c-3c24-4945-845d-c96eadcfb80c tableID=0xc0003fb670 seatIndex=0xc00013ea80
2025/11/08 14:46:50 INFO session updated token=ee0d67e4-6361-4286-93e4-9581d909743f tableID=0xc0003fb680 seatIndex=0xc00013ea90
2025/11/08 14:46:50 INFO session removed token=5b390b0d-6146-4de5-9962-1caf28dfec4b
2025/11/08 14:46:50 INFO session removed token=b3013f3d-c9bb-4eb1-a22b-7cc391bc50fc
2025/11/08 14:46:50 INFO session removed token=5b780074-185e-4478-bf4b-d5e353f57286
2025/11/08 14:46:50 INFO session removed token=64ee3f66-34ed-424c-861c-235255032850
2025/11/08 14:46:50 INFO session removed token=f6fd5148-272d-4a4b-8e2a-4c406321e526
2025/11/08 14:46:50 INFO session removed token=b8fa002a-c8b9-4c3b-800f-b6405c65fc63
2025/11/08 14:46:50 INFO session removed token=f46cd87d-e80f-451a-b8b2-2f456abaf656
2025/11/08 14:46:50 INFO session removed token=d6621fc6-727d-4e02-8eec-bd9b8c61cfe7
2025/11/08 14:46:50 INFO session removed token=f50997f7-2f8b-40fe-bb59-6ad534b05d28
2025/11/08 14:46:50 INFO session removed token=4f4ba84e-2929-4324-9f21-b58d4ffc6f89
2025/11/08 14:46:50 INFO session removed token=e6e4ea37-2970-4cbb-8fec-19a29e87a15e
2025/11/08 14:46:50 INFO session removed token=6cd23f79-3260-4387-bfe5-825d73e04e76
2025/11/08 14:46:50 INFO session removed token=30deaf1f-ab59-415d-89e8-c568d6b16d8c
2025/11/08 14:46:50 INFO session removed token=8aef8043-719a-4688-819f-8e6919ae2c65
2025/11/08 14:46:50 INFO session removed token=5201bf59-9904-4659-aea0-fd70fc74daca
2025/11/08 14:46:50 INFO session removed token=eab4c580-8f24-4245-8da4-64be201fc365
2025/11/08 14:46:50 INFO session removed token=0ddd2161-dc48-4510-990d-80b99f0b042d
2025/11/08 14:46:50 INFO session removed token=e34f5587-e7c4-45ad-8806-bc03ea0c6749
2025/11/08 14:46:50 INFO session removed token=616b2b36-4e14-4885-97ea-92f44b732737
2025/11/08 14:46:50 INFO session removed token=315ce2d5-1a8c-4021-905e-205e849884bd
2025/11/08 14:46:50 INFO session removed token=9da702bc-a02e-4054-8347-11b955893eef
2025/11/08 14:46:50 INFO session removed token=d4378d10-de64-4a14-a9d5-7cefef1f5483
2025/11/08 14:46:50 INFO session removed token=982b9c01-8268-4ed5-b5bd-3692148b7d9a
2025/11/08 14:46:50 INFO session removed token=fcd6a7ee-7f9c-4001-9183-98234fecb47f
2025/11/08 14:46:50 INFO session removed token=d295b36d-6609-47b1-ae48-7b631a9e604f
2025/11/08 14:46:50 INFO session removed token=bb0466e3-39cb-4b0c-8f71-1389574b964c
2025/11/08 14:46:50 INFO session removed token=9211486f-532e-49df-a80d-a9220e197501
2025/11/08 14:46:50 INFO session updated token=fce3dae7-7d47-4454-ab46-21e8790bc617 tableID=0xc0001720b0 seatIndex=0xc00016de40
2025/11/08 14:46:50 INFO session updated token=0c5369ad-c107-4d95-8def-cfe3ca9ee52d tableID=0xc0001400a0 seatIndex=0xc00013f570
2025/11/08 14:46:50 INFO session updated token=ee2dbed8-2b77-4769-82ef-1aff27c05829 tableID=0xc0001401c0 seatIndex=0xc00013f680
2025/11/08 14:46:50 INFO session updated token=0de80a7f-662b-45e4-8e76-2a86e00cf18d tableID=0xc000552da0 seatIndex=0xc0005548f8
2025/11/08 14:46:50 INFO session updated token=04d45094-74ed-4bbc-863d-1d841bb80245 tableID=0xc000552f60 seatIndex=0xc000554ab8
2025/11/08 14:46:50 INFO session created token=57303111-f104-460f-9d3f-5f991b27a73f name=User_46_38
2025/11/08 14:46:50 INFO session removed token=43db223b-c80a-4296-b7e8-c1f56cd136db
2025/11/08 14:46:50 INFO session removed token=8ed47a06-2dc7-41b2-a274-cd12dcccbd0d
2025/11/08 14:46:50 INFO session created token=7531e1d4-4054-40c3-b66b-8dd1bd26904b name=User_72_15
2025/11/08 14:46:50 INFO session created token=664960db-b437-448b-ae46-aa6b71529fcc name=User_1_32
2025/11/08 14:46:50 INFO session removed token=8c94483a-d5d7-4c79-81dd-04c4c97dcd38
2025/11/08 14:46:50 INFO session removed token=229a7b35-9f76-496b-b316-efd75fab4efe
2025/11/08 14:46:50 INFO session updated token=9044ecc2-2cc5-4905-8adf-d5b3c3a9998e tableID=0xc0004e5f40 seatIndex=0xc0004e9150
2025/11/08 14:46:50 INFO session removed token=813a6412-c3d1-49f8-8139-364dd0067e3e
2025/11/08 14:46:50 INFO session removed token=9044ecc2-2cc5-4905-8adf-d5b3c3a9998e
2025/11/08 14:46:50 INFO session created token=757613e2-dcbf-477c-b9c3-0f3af2c27b51 name=User_15_20
2025/11/08 14:46:50 INFO session updated token=757613e2-dcbf-477c-b9c3-0f3af2c27b51 tableID=0xc000552050 seatIndex=0xc000554088
2025/11/08 14:46:50 INFO session removed token=757613e2-dcbf-477c-b9c3-0f3af2c27b51
2025/11/08 14:46:50 INFO session created token=5ae2a86e-5ed1-440f-a70e-e65589000b7f name=User_15_21
2025/11/08 14:46:50 INFO session updated token=5ae2a86e-5ed1-440f-a70e-e65589000b7f tableID=0xc0005520a0 seatIndex=0xc0005540d8
2025/11/08 14:46:50 INFO session removed token=5ae2a86e-5ed1-440f-a70e-e65589000b7f
2025/11/08 14:46:50 INFO session created token=5846deca-3fe0-47a1-9605-aef538b49998 name=User_15_22
2025/11/08 14:46:50 INFO session updated token=5846deca-3fe0-47a1-9605-aef538b49998 tableID=0xc0005520f0 seatIndex=0xc000554128
2025/11/08 14:46:50 INFO session removed token=5846deca-3fe0-47a1-9605-aef538b49998
2025/11/08 14:46:50 INFO session created token=cf68724e-1d54-4a9f-9d38-45438257754a name=User_15_23
2025/11/08 14:46:50 INFO session updated token=cf68724e-1d54-4a9f-9d38-45438257754a tableID=0xc000552140 seatIndex=0xc000554178
2025/11/08 14:46:50 INFO session removed token=cf68724e-1d54-4a9f-9d38-45438257754a
2025/11/08 14:46:50 INFO session created token=14a616d6-9a2c-4523-9f8b-79e83a77cf32 name=User_15_24
2025/11/08 14:46:50 INFO session updated token=14a616d6-9a2c-4523-9f8b-79e83a77cf32 tableID=0xc000552190 seatIndex=0xc0005541c8
2025/11/08 14:46:50 INFO session removed token=14a616d6-9a2c-4523-9f8b-79e83a77cf32
2025/11/08 14:46:50 INFO session created token=f4ad0256-290d-4563-9b49-2ece7772761c name=User_15_25
2025/11/08 14:46:50 INFO session updated token=f4ad0256-290d-4563-9b49-2ece7772761c tableID=0xc0005521e0 seatIndex=0xc000554218
2025/11/08 14:46:50 INFO session removed token=f4ad0256-290d-4563-9b49-2ece7772761c
2025/11/08 14:46:50 INFO session removed token=96e2bbda-08a3-4604-aa89-6bb012941df9
2025/11/08 14:46:50 INFO session updated token=f928e98f-28d1-403f-bcde-6162aa59fb88 tableID=0xc000172020 seatIndex=0xc0002e4008
2025/11/08 14:46:50 INFO session updated token=03d12a6d-5f2d-4c39-87cf-c6c64d1b066e tableID=0xc000172050 seatIndex=0xc0002e4038
2025/11/08 14:46:50 INFO session created token=443886d3-cd23-4b00-ba7b-49ef0a660e02 name=User_20_11
2025/11/08 14:46:50 INFO session removed token=9fceb986-895e-43ae-bcb8-17d83bc0f002
2025/11/08 14:46:50 INFO session created token=419434fe-bcd3-49de-897f-49c1b2bec866 name=User_35_13
2025/11/08 14:46:50 INFO session created token=1e6882b7-1e51-409a-bd4d-399f7347105e name=User_14_12
2025/11/08 14:46:50 INFO session created token=90448e7f-61b3-44e7-ac3a-a1160a1c9674 name=User_22_11
2025/11/08 14:46:50 INFO session removed token=0c2aba4f-7c83-4fe9-9bcd-a90101a155b3
2025/11/08 14:46:50 INFO session created token=d4b2e4c0-7ad9-4e59-bb19-f555cae28ee3 name=User_62_17
2025/11/08 14:46:50 INFO session removed token=7f55d289-c53d-4e01-b52d-90c744af08a9
2025/11/08 14:46:50 INFO session removed token=64e19f15-6b86-4ab1-a814-e728bf4b5abd
2025/11/08 14:46:50 INFO session removed token=b347d27c-4231-4bec-847d-5f9bcbc1293d
2025/11/08 14:46:50 INFO session removed token=d191bad9-3b4e-494d-afd3-daa8c6e7b6e5
2025/11/08 14:46:50 INFO session removed token=60b74888-4a58-4868-b9e8-d7e89b71f1b7
2025/11/08 14:46:50 INFO session updated token=08142547-fdb1-4198-8cb4-c569f2ffd912 tableID=0xc000172100 seatIndex=0xc0002e4128
2025/11/08 14:46:50 INFO session updated token=76c244b4-f61e-4c07-b171-c4e7c0220114 tableID=0xc000172110 seatIndex=0xc0002e4138
2025/11/08 14:46:50 INFO session removed token=4a4f30ac-06ad-4d59-a963-6b5c4b6d0c20
2025/11/08 14:46:50 INFO session removed token=55c54d1d-6e85-4f84-bd64-a780fac57e0c
2025/11/08 14:46:50 INFO session updated token=1e4f1d4c-ed11-4e82-a1d0-9dd57f5c9a2b tableID=0xc000140070 seatIndex=0xc00013e078
2025/11/08 14:46:50 INFO session updated token=c889e4a9-d11c-42f9-a43f-94ddd333b37e tableID=0xc0001403c0 seatIndex=0xc00013e0a8
2025/11/08 14:46:50 INFO session updated token=70e3a311-e771-4e10-a9da-a2e21e8dc2f7 tableID=0xc0001403d0 seatIndex=0xc00013e0b8
2025/11/08 14:46:50 INFO session removed token=82977627-ba5d-416c-96b7-248177922c9c
2025/11/08 14:46:50 INFO session updated token=5bb56212-2e11-4014-be6a-6f6b86751ded tableID=0xc0001721a0 seatIndex=0xc0002e4168
2025/11/08 14:46:50 INFO session created token=fd558c66-3ccc-42be-a470-88ed1c69a8b7 name=User_94_30
2025/11/08 14:46:50 INFO session created token=de57899c-1664-4e52-9c80-7d153b591577 name=User_75_11
2025/11/08 14:46:50 INFO session updated token=c8b50c1d-296b-40fa-9bc1-4a83aa54c56a tableID=0xc0002e20a0 seatIndex=0xc0004e8028
2025/11/08 14:46:50 INFO session updated token=c78bcfd0-f867-4816-8f07-51672b3f850c tableID=0xc0004e40a0 seatIndex=0xc000270068
2025/11/08 14:46:50 INFO session removed token=d6f5812d-5bd1-4a77-910d-8dcdf76cc193
2025/11/08 14:46:50 INFO session updated token=9e0c3ea1-c31d-4808-af24-644cd7db4059 tableID=0xc0004e40c0 seatIndex=0xc000270078
2025/11/08 14:46:50 INFO session updated token=5a951dbb-e689-4d65-8a2c-d92241e2c467 tableID=0xc0004e40d0 seatIndex=0xc000270088
2025/11/08 14:46:50 INFO session updated token=99934647-bec2-48bb-b6b9-c6b42eb86bd0 tableID=0xc0004e40e0 seatIndex=0xc000270098
2025/11/08 14:46:50 INFO session updated token=0c344ba6-7189-4e76-8853-e4a59b8ec39a tableID=0xc0004e40f0 seatIndex=0xc0002700a8
2025/11/08 14:46:50 INFO session updated token=739ccbaf-0ebc-4892-bc03-d8a4f9669b29 tableID=0xc0005e0000 seatIndex=0xc00016c028
2025/11/08 14:46:50 INFO session updated token=149ef5b2-2aa5-46cd-a00c-023f02c90965 tableID=0xc0005e0010 seatIndex=0xc00016c038
2025/11/08 14:46:50 INFO session created token=79a9a012-adea-4f67-8539-ff8181c92545 name=User_8_12
2025/11/08 14:46:50 INFO session updated token=dde4b122-e731-46c9-8a2d-146de3ea38d3 tableID=0xc0004e4100 seatIndex=0xc0002700d8
2025/11/08 14:46:50 INFO session updated token=68b97628-1888-4fc6-8931-bab64d07c1c9 tableID=0xc0004e4120 seatIndex=0xc000270108
2025/11/08 14:46:50 INFO session removed token=ee0d67e4-6361-4286-93e4-9581d909743f
2025/11/08 14:46:50 INFO session removed token=4903134b-9169-451d-bcfd-30ad81afa8a1
2025/11/08 14:46:50 INFO session removed token=0a74f35c-3c24-4945-845d-c96eadcfb80c
2025/11/08 14:46:50 INFO session created token=bd6ca6d8-c38b-481f-92c5-7420d216a1f8 name=User_98_11
2025/11/08 14:46:50 INFO session created token=3df5952d-4a5e-47bf-b193-b42db30842ec name=User_41_25
2025/11/08 14:46:50 INFO session created token=4ace988e-9be7-4376-b81e-dda619f17c82 name=User_0_59
2025/11/08 14:46:50 INFO session created token=3307e17c-8592-4074-b8cb-dbf0ba33963d name=User_21_20
2025/11/08 14:46:50 INFO session created token=cba9a83f-8f52-4a9b-9d93-5369c38351f4 name=User_77_13
2025/11/08 14:46:50 INFO session created token=7799d719-3ea2-4dfb-a0f8-56c014cd353f name=User_83_24
2025/11/08 14:46:50 INFO session created token=8c14e1c5-055a-4a73-8aa9-f7906079f461 name=User_18_22
2025/11/08 14:46:50 INFO session created token=2e39e64c-c8b4-4651-aff1-dd6f472b3ef6 name=User_97_39
2025/11/08 14:46:50 INFO session created token=1128329d-d140-4cad-add1-6d5d35a6b9d4 name=User_3_20
2025/11/08 14:46:50 INFO session created token=12f9a389-0776-4788-80f3-5d1f301100d6 name=User_65_91
2025/11/08 14:46:50 INFO session created token=381840b8-fc93-4df3-9928-1fbbcd39ca09 name=User_51_11
2025/11/08 14:46:50 INFO session created token=5610726d-4448-43c2-87f8-b305543ad77e name=User_54_25
2025/11/08 14:46:50 INFO session created token=0b5cbee1-8241-4719-b0c1-04a9c71d8bb0 name=User_70_29
2025/11/08 14:46:50 INFO session created token=dece96d0-ff51-4848-935a-80c952170889 name=User_95_10
2025/11/08 14:46:50 INFO session created token=1e440361-63c3-4f00-9245-485e1a5df943 name=User_99_26
2025/11/08 14:46:50 INFO session created token=4c43ca1e-07cd-4bb7-a848-26ad3673c33e name=User_63_21
2025/11/08 14:46:50 INFO session created token=9979d8cf-9045-4e78-af7b-54826d078182 name=User_73_13
2025/11/08 14:46:50 INFO session created token=56021903-02bf-401e-814f-cb6ad7dec5f7 name=User_88_15
2025/11/08 14:46:50 INFO session created token=b27047d7-07a9-4ff8-aa72-986d914be3a3 name=User_61_46
2025/11/08 14:46:50 INFO session created token=ac7f78cc-e87d-44b6-85ae-e36f895d976a name=User_90_18
2025/11/08 14:46:50 INFO session created token=67caf2a8-40df-44ec-a2e7-d842d5115ebc name=User_47_14
2025/11/08 14:46:50 INFO session created token=c630b297-5cc0-43e9-a9cb-90c7c01e3186 name=User_13_11
2025/11/08 14:46:50 INFO session created token=6a59280b-a59a-4da7-b2bc-25790b4d5f72 name=User_84_27
2025/11/08 14:46:50 INFO session created token=de525ac7-4853-46d9-89f0-637b65ab65c0 name=User_81_97
2025/11/08 14:46:50 INFO session created token=05ae5069-c31b-416c-a25e-74f3d797b8e0 name=User_12_12
2025/11/08 14:46:50 INFO session updated token=6a59280b-a59a-4da7-b2bc-25790b4d5f72 tableID=0xc000552460 seatIndex=0xc0005543c8
2025/11/08 14:46:50 INFO session created token=30093239-18c6-4893-a019-b09ca2f9e181 name=User_44_12
2025/11/08 14:46:50 INFO session created token=57ad6c05-421c-421b-91c4-91e2b80b142c name=User_23_78
2025/11/08 14:46:50 INFO session removed token=6a59280b-a59a-4da7-b2bc-25790b4d5f72
2025/11/08 14:46:50 INFO session removed token=0c5369ad-c107-4d95-8def-cfe3ca9ee52d
2025/11/08 14:46:50 INFO session removed token=ee2dbed8-2b77-4769-82ef-1aff27c05829
2025/11/08 14:46:50 INFO session removed token=0de80a7f-662b-45e4-8e76-2a86e00cf18d
2025/11/08 14:46:50 INFO session removed token=04d45094-74ed-4bbc-863d-1d841bb80245
2025/11/08 14:46:50 INFO session updated token=57303111-f104-460f-9d3f-5f991b27a73f tableID=0xc0002e2110 seatIndex=0xc0004e81b8
2025/11/08 14:46:50 INFO session created token=a11172de-fbcb-4fe6-a0ff-4670510b0c46 name=User_67_26
2025/11/08 14:46:50 INFO session created token=300fa9b9-67b9-44df-a619-78da27e75654 name=User_64_11
2025/11/08 14:46:50 INFO session updated token=7531e1d4-4054-40c3-b66b-8dd1bd26904b tableID=0xc0004e4380 seatIndex=0xc0002701f8
2025/11/08 14:46:50 INFO session updated token=664960db-b437-448b-ae46-aa6b71529fcc tableID=0xc0004e4390 seatIndex=0xc000270208
2025/11/08 14:46:50 INFO session created token=b0300958-1fc8-47cf-91dd-c2c0315a8bed name=User_15_26
2025/11/08 14:46:50 INFO session created token=81f58c32-c435-4062-b3c9-a4d69b7ab8e8 name=User_76_10
2025/11/08 14:46:50 INFO session updated token=b0300958-1fc8-47cf-91dd-c2c0315a8bed tableID=0xc000140540 seatIndex=0xc00013e1b8
2025/11/08 14:46:50 INFO session removed token=b0300958-1fc8-47cf-91dd-c2c0315a8bed
2025/11/08 14:46:50 INFO session created token=1d1c4c65-1251-451d-bb18-c34d71369d86 name=User_27_12
2025/11/08 14:46:50 INFO session created token=b6efc957-6312-4ef0-8495-64223dd7caf1 name=User_9_12
2025/11/08 14:46:50 INFO session created token=302964f1-5afd-4359-84e4-7e0b7751a7ec name=User_15_27
2025/11/08 14:46:50 INFO session updated token=1d1c4c65-1251-451d-bb18-c34d71369d86 tableID=0xc0005524b0 seatIndex=0xc000554408
2025/11/08 14:46:50 INFO session removed token=1d1c4c65-1251-451d-bb18-c34d71369d86
2025/11/08 14:46:50 INFO session created token=51a72076-baed-4793-ac5b-621d8dff2839 name=User_27_13
2025/11/08 14:46:50 INFO session updated token=51a72076-baed-4793-ac5b-621d8dff2839 tableID=0xc000552510 seatIndex=0xc000554468
2025/11/08 14:46:50 INFO session removed token=51a72076-baed-4793-ac5b-621d8dff2839
2025/11/08 14:46:50 INFO session created token=ab0d731e-dcd3-4b18-83c1-039d15e308e1 name=User_27_14
2025/11/08 14:46:50 INFO session updated token=ab0d731e-dcd3-4b18-83c1-039d15e308e1 tableID=0xc000552560 seatIndex=0xc0005544b8
2025/11/08 14:46:50 INFO session removed token=ab0d731e-dcd3-4b18-83c1-039d15e308e1
2025/11/08 14:46:50 INFO session created token=a1d19d96-d164-4a2b-8b94-0e2fc50dd019 name=User_27_15
2025/11/08 14:46:50 INFO session updated token=a1d19d96-d164-4a2b-8b94-0e2fc50dd019 tableID=0xc0005525b0 seatIndex=0xc000554508
2025/11/08 14:46:50 INFO session removed token=a1d19d96-d164-4a2b-8b94-0e2fc50dd019
2025/11/08 14:46:50 INFO session created token=05a2efd1-7e9e-4b90-a71b-f760f2076b7b name=User_27_16
2025/11/08 14:46:50 INFO session removed token=f928e98f-28d1-403f-bcde-6162aa59fb88
2025/11/08 14:46:50 INFO session created token=7295f446-a111-4202-a5e6-07528a126257 name=User_52_12
2025/11/08 14:46:50 INFO session updated token=7295f446-a111-4202-a5e6-07528a126257 tableID=0xc000172400 seatIndex=0xc0002e4278
2025/11/08 14:46:50 INFO session removed token=7295f446-a111-4202-a5e6-07528a126257
2025/11/08 14:46:50 INFO session created token=dbe0c714-744a-46ed-a976-f23876acb039 name=User_52_13
2025/11/08 14:46:50 INFO session updated token=dbe0c714-744a-46ed-a976-f23876acb039 tableID=0xc000172450 seatIndex=0xc0002e42c8
2025/11/08 14:46:50 INFO session removed token=dbe0c714-744a-46ed-a976-f23876acb039
2025/11/08 14:46:50 INFO session created token=d62e3b36-65bb-40ea-be28-89653f424a99 name=User_52_14
2025/11/08 14:46:50 INFO session updated token=d62e3b36-65bb-40ea-be28-89653f424a99 tableID=0xc0001724a0 seatIndex=0xc0002e4318
2025/11/08 14:46:50 INFO session removed token=d62e3b36-65bb-40ea-be28-89653f424a99
2025/11/08 14:46:50 INFO session created token=81a817e3-c9d1-40d2-aa94-9c5dd4664fa1 name=User_52_15
2025/11/08 14:46:50 INFO session updated token=81a817e3-c9d1-40d2-aa94-9c5dd4664fa1 tableID=0xc0001724f0 seatIndex=0xc0002e4368
2025/11/08 14:46:50 INFO session removed token=81a817e3-c9d1-40d2-aa94-9c5dd4664fa1
2025/11/08 14:46:50 INFO session created token=b9346a61-6f07-4bec-b88a-a5504fc2b119 name=User_52_16
2025/11/08 14:46:50 INFO session updated token=81f58c32-c435-4062-b3c9-a4d69b7ab8e8 tableID=0xc000140560 seatIndex=0xc00013e1e8
2025/11/08 14:46:50 INFO session removed token=81f58c32-c435-4062-b3c9-a4d69b7ab8e8
2025/11/08 14:46:50 INFO session created token=452e4791-aa01-4b33-a262-1fc535215044 name=User_76_11
2025/11/08 14:46:50 INFO session updated token=452e4791-aa01-4b33-a262-1fc535215044 tableID=0xc0005e0150 seatIndex=0xc00016c398
2025/11/08 14:46:50 INFO session removed token=452e4791-aa01-4b33-a262-1fc535215044
2025/11/08 14:46:50 INFO session created token=3014414f-61a5-46a6-b300-ef1ee999bcd9 name=User_76_12
2025/11/08 14:46:50 INFO session updated token=3014414f-61a5-46a6-b300-ef1ee999bcd9 tableID=0xc0005e01a0 seatIndex=0xc00016c3e8
2025/11/08 14:46:50 INFO session removed token=3014414f-61a5-46a6-b300-ef1ee999bcd9
2025/11/08 14:46:50 INFO session created token=7f975936-0b91-486c-b5af-1ca1e5c30e13 name=User_76_13
2025/11/08 14:46:50 INFO session updated token=7f975936-0b91-486c-b5af-1ca1e5c30e13 tableID=0xc0005e01f0 seatIndex=0xc00016c438
2025/11/08 14:46:50 INFO session removed token=7f975936-0b91-486c-b5af-1ca1e5c30e13
2025/11/08 14:46:50 INFO session created token=00125f9c-7600-4da4-b7ad-dc7abd4fdea6 name=User_76_14
2025/11/08 14:46:50 INFO session updated token=00125f9c-7600-4da4-b7ad-dc7abd4fdea6 tableID=0xc0005e0240 seatIndex=0xc00016c488
2025/11/08 14:46:50 INFO session removed token=00125f9c-7600-4da4-b7ad-dc7abd4fdea6
2025/11/08 14:46:50 INFO session created token=f90e9389-8f84-42a8-809a-c69a2214ae97 name=User_76_15
2025/11/08 14:46:50 INFO session updated token=f90e9389-8f84-42a8-809a-c69a2214ae97 tableID=0xc0005e0290 seatIndex=0xc00016c4d8
2025/11/08 14:46:50 INFO session removed token=f90e9389-8f84-42a8-809a-c69a2214ae97
2025/11/08 14:46:50 INFO session created token=3018b114-c825-4fa2-82b0-a1f4f2164c54 name=User_76_16
2025/11/08 14:46:50 INFO session created token=52163c6a-4e19-4c5e-81fb-5c4ef13ec13e name=User_30_17
2025/11/08 14:46:50 INFO session updated token=3018b114-c825-4fa2-82b0-a1f4f2164c54 tableID=0xc0005e02e0 seatIndex=0xc00016c528
2025/11/08 14:46:50 INFO session removed token=3018b114-c825-4fa2-82b0-a1f4f2164c54
2025/11/08 14:46:50 INFO session removed token=03d12a6d-5f2d-4c39-87cf-c6c64d1b066e
2025/11/08 14:46:50 INFO session created token=acd12c6e-00c2-4ab9-a8af-178d9dab7133 name=User_76_17
2025/11/08 14:46:50 INFO session created token=c3685648-af7c-4d59-b940-d235742f98cb name=User_32_16
2025/11/08 14:46:50 INFO session updated token=acd12c6e-00c2-4ab9-a8af-178d9dab7133 tableID=0xc0005e0340 seatIndex=0xc00016c588
2025/11/08 14:46:50 INFO session removed token=acd12c6e-00c2-4ab9-a8af-178d9dab7133
2025/11/08 14:46:50 INFO session updated token=443886d3-cd23-4b00-ba7b-49ef0a660e02 tableID=0xc0002e2120 seatIndex=0xc0004e8208
2025/11/08 14:46:50 INFO session removed token=443886d3-cd23-4b00-ba7b-49ef0a660e02
2025/11/08 14:46:50 INFO session created token=8f675b39-14a7-490e-abf1-d03758107fd3 name=User_20_12
2025/11/08 14:46:50 INFO session updated token=8f675b39-14a7-490e-abf1-d03758107fd3 tableID=0xc0001725d0 seatIndex=0xc0002e4418
2025/11/08 14:46:50 INFO session removed token=8f675b39-14a7-490e-abf1-d03758107fd3
2025/11/08 14:46:50 INFO session created token=b6bfcd0c-3610-46b7-89f2-0c4cb5ad7846 name=User_20_13
2025/11/08 14:46:50 INFO session updated token=b6bfcd0c-3610-46b7-89f2-0c4cb5ad7846 tableID=0xc000172620 seatIndex=0xc0002e4468
2025/11/08 14:46:50 INFO session removed token=b6bfcd0c-3610-46b7-89f2-0c4cb5ad7846
2025/11/08 14:46:50 INFO session created token=8891ee87-4998-4db5-8591-5e18e1c8a3da name=User_20_14
2025/11/08 14:46:50 INFO session updated token=8891ee87-4998-4db5-8591-5e18e1c8a3da tableID=0xc000172670 seatIndex=0xc0002e44b8
2025/11/08 14:46:50 INFO session removed token=8891ee87-4998-4db5-8591-5e18e1c8a3da
2025/11/08 14:46:50 INFO session created token=86c1055d-a85e-4d94-99f0-bea952f6eee3 name=User_19_19
2025/11/08 14:46:50 INFO session created token=dbb27cb0-ca8e-48b1-80dd-0fe6da5f0d3a name=User_20_15
2025/11/08 14:46:50 INFO session updated token=86c1055d-a85e-4d94-99f0-bea952f6eee3 tableID=0xc0005e03a0 seatIndex=0xc00016c5e8
2025/11/08 14:46:50 INFO session removed token=86c1055d-a85e-4d94-99f0-bea952f6eee3
2025/11/08 14:46:50 INFO session created token=62e7b8eb-776d-4b0f-a1fb-0c84423c862d name=User_19_20
2025/11/08 14:46:50 INFO session updated token=419434fe-bcd3-49de-897f-49c1b2bec866 tableID=0xc0004e4410 seatIndex=0xc000270278
2025/11/08 14:46:50 INFO session removed token=419434fe-bcd3-49de-897f-49c1b2bec866
2025/11/08 14:46:50 INFO session created token=1ee4e96e-3fa3-46bb-a934-e00c43bffa13 name=User_35_14
2025/11/08 14:46:50 INFO session updated token=1ee4e96e-3fa3-46bb-a934-e00c43bffa13 tableID=0xc000172710 seatIndex=0xc0002e4558
2025/11/08 14:46:50 INFO session removed token=1ee4e96e-3fa3-46bb-a934-e00c43bffa13
2025/11/08 14:46:50 INFO session created token=38d20488-1b03-4008-95a2-07e741f956f7 name=User_35_15
2025/11/08 14:46:50 INFO session updated token=38d20488-1b03-4008-95a2-07e741f956f7 tableID=0xc000172760 seatIndex=0xc0002e45a8
2025/11/08 14:46:50 INFO session removed token=38d20488-1b03-4008-95a2-07e741f956f7
2025/11/08 14:46:50 INFO session created token=63be400e-dc70-42bf-9a24-6771d5f0a044 name=User_35_16
2025/11/08 14:46:50 INFO session updated token=63be400e-dc70-42bf-9a24-6771d5f0a044 tableID=0xc0001727b0 seatIndex=0xc0002e45f8
2025/11/08 14:46:50 INFO session removed token=63be400e-dc70-42bf-9a24-6771d5f0a044
2025/11/08 14:46:50 INFO session created token=261e9479-8230-4d56-a48e-abb82d55a95d name=User_35_17
2025/11/08 14:46:50 INFO session updated token=261e9479-8230-4d56-a48e-abb82d55a95d tableID=0xc000172800 seatIndex=0xc0002e4648
2025/11/08 14:46:50 INFO session removed token=261e9479-8230-4d56-a48e-abb82d55a95d
2025/11/08 14:46:50 INFO session updated token=dbb27cb0-ca8e-48b1-80dd-0fe6da5f0d3a tableID=0xc0005e03c0 seatIndex=0xc00016c618
2025/11/08 14:46:50 INFO session removed token=dbb27cb0-ca8e-48b1-80dd-0fe6da5f0d3a
2025/11/08 14:46:50 INFO session created token=8a89a54e-a81f-4089-9bba-6769fa442f61 name=User_20_16
2025/11/08 14:46:50 INFO session updated token=8a89a54e-a81f-4089-9bba-6769fa442f61 tableID=0xc0005e0440 seatIndex=0xc00016c688
2025/11/08 14:46:50 INFO session removed token=8a89a54e-a81f-4089-9bba-6769fa442f61
2025/11/08 14:46:50 INFO session created token=595a8295-7ad3-41ee-b217-10ef3d9d54e3 name=User_20_17
2025/11/08 14:46:50 INFO session updated token=595a8295-7ad3-41ee-b217-10ef3d9d54e3 tableID=0xc0005e0490 seatIndex=0xc00016c6d8
2025/11/08 14:46:50 INFO session removed token=595a8295-7ad3-41ee-b217-10ef3d9d54e3
2025/11/08 14:46:50 INFO session created token=b85e3fe2-0358-4513-85ac-9b44557fd5b8 name=User_20_18
2025/11/08 14:46:50 INFO session updated token=b85e3fe2-0358-4513-85ac-9b44557fd5b8 tableID=0xc0005e04e0 seatIndex=0xc00016c728
2025/11/08 14:46:50 INFO session removed token=b85e3fe2-0358-4513-85ac-9b44557fd5b8
2025/11/08 14:46:50 INFO session created token=dcef3e86-d4c2-4d81-86b7-48ce5b6e3df4 name=User_20_19
2025/11/08 14:46:50 INFO session updated token=dcef3e86-d4c2-4d81-86b7-48ce5b6e3df4 tableID=0xc0005e0530 seatIndex=0xc00016c778
2025/11/08 14:46:50 INFO session removed token=dcef3e86-d4c2-4d81-86b7-48ce5b6e3df4
2025/11/08 14:46:50 INFO session created token=8fc6a67b-1da5-4c6b-8719-ffcea08d3d0e name=User_20_20
2025/11/08 14:46:50 INFO session updated token=8fc6a67b-1da5-4c6b-8719-ffcea08d3d0e tableID=0xc0005e0580 seatIndex=0xc00016c7c8
2025/11/08 14:46:50 INFO session removed token=8fc6a67b-1da5-4c6b-8719-ffcea08d3d0e
2025/11/08 14:46:50 INFO session updated token=1e6882b7-1e51-409a-bd4d-399f7347105e tableID=0xc0004e4430 seatIndex=0xc000270288
2025/11/08 14:46:50 INFO session removed token=1e6882b7-1e51-409a-bd4d-399f7347105e
2025/11/08 14:46:50 INFO session created token=f4d4d578-52ba-4240-ba09-b9e779911648 name=User_14_13
2025/11/08 14:46:50 INFO session updated token=f4d4d578-52ba-4240-ba09-b9e779911648 tableID=0xc000172870 seatIndex=0xc0002e46d8
2025/11/08 14:46:50 INFO session removed token=f4d4d578-52ba-4240-ba09-b9e779911648
2025/11/08 14:46:50 INFO session created token=dc0561cd-9c6c-4bcc-9717-ddd359773427 name=User_14_14
2025/11/08 14:46:50 INFO session updated token=dc0561cd-9c6c-4bcc-9717-ddd359773427 tableID=0xc0001728c0 seatIndex=0xc0002e4728
2025/11/08 14:46:50 INFO session removed token=dc0561cd-9c6c-4bcc-9717-ddd359773427
2025/11/08 14:46:50 INFO session created token=69c87caa-4af2-4de3-b828-e6c46bcbf7f0 name=User_14_15
2025/11/08 14:46:50 INFO session updated token=69c87caa-4af2-4de3-b828-e6c46bcbf7f0 tableID=0xc000172910 seatIndex=0xc0002e4778
2025/11/08 14:46:50 INFO session removed token=69c87caa-4af2-4de3-b828-e6c46bcbf7f0
2025/11/08 14:46:50 INFO session created token=eebee32c-dbe4-4c8d-8e01-ca77a01367d4 name=User_14_16
2025/11/08 14:46:50 INFO session updated token=eebee32c-dbe4-4c8d-8e01-ca77a01367d4 tableID=0xc000172960 seatIndex=0xc0002e47c8
2025/11/08 14:46:50 INFO session removed token=eebee32c-dbe4-4c8d-8e01-ca77a01367d4
2025/11/08 14:46:50 INFO session created token=3cc8f311-12ac-4394-8c11-0d53d99723da name=User_14_17
2025/11/08 14:46:50 INFO session updated token=90448e7f-61b3-44e7-ac3a-a1160a1c9674 tableID=0xc000552270 seatIndex=0xc0005542a8
2025/11/08 14:46:50 INFO session removed token=90448e7f-61b3-44e7-ac3a-a1160a1c9674
2025/11/08 14:46:50 INFO session updated token=d4b2e4c0-7ad9-4e59-bb19-f555cae28ee3 tableID=0xc000552290 seatIndex=0xc0005542b8
2025/11/08 14:46:50 INFO session removed token=08142547-fdb1-4198-8cb4-c569f2ffd912
2025/11/08 14:46:50 INFO session created token=2415ab95-b9a9-4da5-8230-97ff44cc32af name=User_17_17
2025/11/08 14:46:50 INFO session removed token=76c244b4-f61e-4c07-b171-c4e7c0220114
2025/11/08 14:46:50 INFO session created token=b23f5bf4-b001-4b48-8dcd-c61af6382ac7 name=User_45_16
2025/11/08 14:46:50 INFO session created token=ecb0b5fd-2d40-473f-b945-25c619080760 name=User_49_23
2025/11/08 14:46:50 INFO session created token=6146913b-84fc-4fca-87bb-4708d7f97caf name=User_48_49
2025/11/08 14:46:50 INFO session created token=4653b9b6-def3-40b6-a935-f0e08601e0c0 name=User_16_13
2025/11/08 14:46:50 INFO session created token=85698773-e633-46e2-ae4f-fed56f86f018 name=User_93_32
2025/11/08 14:46:50 INFO session created token=0a3aabee-aed6-4e75-81e2-9ca5048e7ddd name=User_66_13
2025/11/08 14:46:50 INFO session removed token=1e4f1d4c-ed11-4e82-a1d0-9dd57f5c9a2b
2025/11/08 14:46:50 INFO session created token=3c155054-1cbd-46ac-b7ab-f3f54508aa74 name=User_38_11
2025/11/08 14:46:50 INFO session removed token=c889e4a9-d11c-42f9-a43f-94ddd333b37e
2025/11/08 14:46:50 INFO session removed token=70e3a311-e771-4e10-a9da-a2e21e8dc2f7
2025/11/08 14:46:50 INFO session removed token=5bb56212-2e11-4014-be6a-6f6b86751ded
2025/11/08 14:46:50 INFO session updated token=fd558c66-3ccc-42be-a470-88ed1c69a8b7 tableID=0xc0002e2150 seatIndex=0xc0004e82b8
2025/11/08 14:46:50 INFO session updated token=de57899c-1664-4e52-9c80-7d153b591577 tableID=0xc0002e2160 seatIndex=0xc0004e82c8
2025/11/08 14:46:50 INFO session removed token=c8b50c1d-296b-40fa-9bc1-4a83aa54c56a
2025/11/08 14:46:50 INFO session removed token=c78bcfd0-f867-4816-8f07-51672b3f850c
2025/11/08 14:46:50 INFO session created token=3e5211d6-ab85-46b6-ad64-0d4bc49deacd name=User_39_27
2025/11/08 14:46:50 INFO session updated token=3e5211d6-ab85-46b6-ad64-0d4bc49deacd tableID=0xc0004e4680 seatIndex=0xc0002703e8
2025/11/08 14:46:50 INFO session removed token=3e5211d6-ab85-46b6-ad64-0d4bc49deacd
2025/11/08 14:46:50 INFO session created token=aae0c33a-d189-43b9-831f-3d914ae8b8dc name=User_39_28
2025/11/08 14:46:50 INFO session updated token=aae0c33a-d189-43b9-831f-3d914ae8b8dc tableID=0xc0004e46d0 seatIndex=0xc000270438
2025/11/08 14:46:50 INFO session removed token=aae0c33a-d189-43b9-831f-3d914ae8b8dc
2025/11/08 14:46:50 INFO session created token=0afea811-89e1-40a2-a4da-bf7272d62c9d name=User_39_29
2025/11/08 14:46:50 INFO session updated token=0afea811-89e1-40a2-a4da-bf7272d62c9d tableID=0xc0004e4720 seatIndex=0xc000270488
2025/11/08 14:46:50 INFO session removed token=0afea811-89e1-40a2-a4da-bf7272d62c9d
2025/11/08 14:46:50 INFO session created token=4acf13eb-ed86-4511-a540-520e9de3976c name=User_39_30
2025/11/08 14:46:50 INFO session updated token=4acf13eb-ed86-4511-a540-520e9de3976c tableID=0xc0004e4770 seatIndex=0xc0002704d8
2025/11/08 14:46:50 INFO session removed token=4acf13eb-ed86-4511-a540-520e9de3976c
2025/11/08 14:46:50 INFO session created token=d455deca-482d-4dcc-9fab-6622b7f8523e name=User_39_31
2025/11/08 14:46:50 INFO session updated token=d455deca-482d-4dcc-9fab-6622b7f8523e tableID=0xc0004e47c0 seatIndex=0xc000270528
2025/11/08 14:46:50 INFO session removed token=d455deca-482d-4dcc-9fab-6622b7f8523e
2025/11/08 14:46:50 INFO session created token=799a3b70-1381-42de-9957-3efabf202dfd name=User_39_32
2025/11/08 14:46:50 INFO session updated token=799a3b70-1381-42de-9957-3efabf202dfd tableID=0xc0004e4810 seatIndex=0xc000270578
2025/11/08 14:46:50 INFO session removed token=799a3b70-1381-42de-9957-3efabf202dfd
2025/11/08 14:46:50 INFO session created token=2843f56b-c754-473f-a3ef-39995f53994f name=User_39_33
2025/11/08 14:46:50 INFO session updated token=2843f56b-c754-473f-a3ef-39995f53994f tableID=0xc0004e4860 seatIndex=0xc0002705c8
2025/11/08 14:46:50 INFO session removed token=2843f56b-c754-473f-a3ef-39995f53994f
2025/11/08 14:46:50 INFO session created token=2214a443-b33c-457a-b0e6-b3cd3c59badd name=User_39_34
2025/11/08 14:46:50 INFO session updated token=2214a443-b33c-457a-b0e6-b3cd3c59badd tableID=0xc0004e48b0 seatIndex=0xc000270618
2025/11/08 14:46:50 INFO session removed token=2214a443-b33c-457a-b0e6-b3cd3c59badd
2025/11/08 14:46:50 INFO session created token=ae652d0b-2caa-4ef6-be9a-0acbffce59eb name=User_39_35
2025/11/08 14:46:50 INFO session updated token=ae652d0b-2caa-4ef6-be9a-0acbffce59eb tableID=0xc0004e4900 seatIndex=0xc000270668
2025/11/08 14:46:50 INFO session removed token=ae652d0b-2caa-4ef6-be9a-0acbffce59eb
2025/11/08 14:46:50 INFO session created token=c5ff5abe-6870-4c51-9129-7fc0db157b92 name=User_39_36
2025/11/08 14:46:50 INFO session updated token=c5ff5abe-6870-4c51-9129-7fc0db157b92 tableID=0xc0004e4950 seatIndex=0xc0002706b8
2025/11/08 14:46:50 INFO session removed token=c5ff5abe-6870-4c51-9129-7fc0db157b92
2025/11/08 14:46:50 INFO session created token=862a6853-afd5-477c-bb78-c49ca1252d56 name=User_39_37
2025/11/08 14:46:50 INFO session updated token=862a6853-afd5-477c-bb78-c49ca1252d56 tableID=0xc0004e49a0 seatIndex=0xc000270708
2025/11/08 14:46:50 INFO session removed token=862a6853-afd5-477c-bb78-c49ca1252d56
2025/11/08 14:46:50 INFO session created token=75d7024c-8766-4375-958f-fb2d90181ac0 name=User_39_38
2025/11/08 14:46:50 INFO session updated token=75d7024c-8766-4375-958f-fb2d90181ac0 tableID=0xc0004e49f0 seatIndex=0xc000270758
2025/11/08 14:46:50 INFO session removed token=75d7024c-8766-4375-958f-fb2d90181ac0
2025/11/08 14:46:50 INFO session created token=b653d15a-5e7f-4617-ba6f-e9db1206c05c name=User_39_39
2025/11/08 14:46:50 INFO session updated token=b653d15a-5e7f-4617-ba6f-e9db1206c05c tableID=0xc0004e4a40 seatIndex=0xc0002707a8
2025/11/08 14:46:50 INFO session removed token=b653d15a-5e7f-4617-ba6f-e9db1206c05c
2025/11/08 14:46:50 INFO session created token=6b0d465a-c815-49b9-84ed-d504f03b17ed name=User_39_40
2025/11/08 14:46:50 INFO session updated token=6b0d465a-c815-49b9-84ed-d504f03b17ed tableID=0xc0004e4a90 seatIndex=0xc0002707f8
2025/11/08 14:46:50 INFO session removed token=6b0d465a-c815-49b9-84ed-d504f03b17ed
2025/11/08 14:46:50 INFO session created token=6b64dd94-e71c-424b-a217-d859c59ced59 name=User_39_41
2025/11/08 14:46:50 INFO session updated token=6b64dd94-e71c-424b-a217-d859c59ced59 tableID=0xc0004e4ae0 seatIndex=0xc000270848
2025/11/08 14:46:50 INFO session removed token=6b64dd94-e71c-424b-a217-d859c59ced59
2025/11/08 14:46:50 INFO session created token=38671aa1-217e-4f50-91d2-26add671c153 name=User_39_42
2025/11/08 14:46:50 INFO session updated token=38671aa1-217e-4f50-91d2-26add671c153 tableID=0xc0004e4b30 seatIndex=0xc000270898
2025/11/08 14:46:50 INFO session removed token=38671aa1-217e-4f50-91d2-26add671c153
2025/11/08 14:46:50 INFO session created token=2fe56d3c-c119-45a1-a03c-2b8f18a3150f name=User_39_43
2025/11/08 14:46:50 INFO session updated token=2fe56d3c-c119-45a1-a03c-2b8f18a3150f tableID=0xc0004e4b80 seatIndex=0xc0002708e8
2025/11/08 14:46:50 INFO session removed token=2fe56d3c-c119-45a1-a03c-2b8f18a3150f
2025/11/08 14:46:50 INFO session created token=a34df606-f04e-4bea-953b-34203761c5f3 name=User_39_44
2025/11/08 14:46:50 INFO session updated token=a34df606-f04e-4bea-953b-34203761c5f3 tableID=0xc0004e4bd0 seatIndex=0xc000270938
2025/11/08 14:46:50 INFO session removed token=a34df606-f04e-4bea-953b-34203761c5f3
2025/11/08 14:46:50 INFO session created token=02c62942-3b27-417f-9025-506bd9e059fc name=User_39_45
2025/11/08 14:46:50 INFO session updated token=02c62942-3b27-417f-9025-506bd9e059fc tableID=0xc0004e4c20 seatIndex=0xc000270988
2025/11/08 14:46:50 INFO session removed token=02c62942-3b27-417f-9025-506bd9e059fc
2025/11/08 14:46:50 INFO session created token=4a96cdc6-fa7b-4ac5-a8bd-861db3fe2458 name=User_39_46
2025/11/08 14:46:50 INFO session updated token=4a96cdc6-fa7b-4ac5-a8bd-861db3fe2458 tableID=0xc0004e4c70 seatIndex=0xc0002709d8
2025/11/08 14:46:50 INFO session removed token=4a96cdc6-fa7b-4ac5-a8bd-861db3fe2458
2025/11/08 14:46:50 INFO session created token=6a5dcae9-6b80-4d89-b46f-f6c71e053af4 name=User_39_47
2025/11/08 14:46:50 INFO session updated token=6a5dcae9-6b80-4d89-b46f-f6c71e053af4 tableID=0xc0004e4cc0 seatIndex=0xc000270a28
2025/11/08 14:46:50 INFO session removed token=6a5dcae9-6b80-4d89-b46f-f6c71e053af4
2025/11/08 14:46:50 INFO session created token=e19edc87-8004-4dd0-a567-2f3aaa44c8d8 name=User_39_48
2025/11/08 14:46:50 INFO session updated token=e19edc87-8004-4dd0-a567-2f3aaa44c8d8 tableID=0xc0004e4d10 seatIndex=0xc000270a78
2025/11/08 14:46:50 INFO session removed token=e19edc87-8004-4dd0-a567-2f3aaa44c8d8
2025/11/08 14:46:50 INFO session created token=9ff63fa4-1847-4697-811f-f45389530082 name=User_39_49
2025/11/08 14:46:50 INFO session updated token=9ff63fa4-1847-4697-811f-f45389530082 tableID=0xc0004e4d60 seatIndex=0xc000270ac8
2025/11/08 14:46:50 INFO session removed token=9ff63fa4-1847-4697-811f-f45389530082
2025/11/08 14:46:50 INFO session created token=4c9df530-692e-4d36-b060-ba0ccc17ea88 name=User_39_50
2025/11/08 14:46:50 INFO session updated token=4c9df530-692e-4d36-b060-ba0ccc17ea88 tableID=0xc0004e4db0 seatIndex=0xc000270b18
2025/11/08 14:46:50 INFO session removed token=4c9df530-692e-4d36-b060-ba0ccc17ea88
2025/11/08 14:46:50 INFO session created token=ef80b75e-4510-4223-bd41-55b3da32d0e9 name=User_39_51
2025/11/08 14:46:50 INFO session updated token=ef80b75e-4510-4223-bd41-55b3da32d0e9 tableID=0xc0004e4e00 seatIndex=0xc000270b68
2025/11/08 14:46:50 INFO session removed token=ef80b75e-4510-4223-bd41-55b3da32d0e9
2025/11/08 14:46:50 INFO session created token=8e7e68fe-b5fd-4ca5-810d-717a2f923ae6 name=User_39_52
2025/11/08 14:46:50 INFO session updated token=8e7e68fe-b5fd-4ca5-810d-717a2f923ae6 tableID=0xc0004e4e50 seatIndex=0xc000270bb8
2025/11/08 14:46:50 INFO session removed token=8e7e68fe-b5fd-4ca5-810d-717a2f923ae6
2025/11/08 14:46:50 INFO session created token=edbd050f-c8a4-4807-a411-aa4f7bcb30e2 name=User_39_53
2025/11/08 14:46:50 INFO session updated token=edbd050f-c8a4-4807-a411-aa4f7bcb30e2 tableID=0xc0004e4ea0 seatIndex=0xc000270c08
2025/11/08 14:46:50 INFO session removed token=edbd050f-c8a4-4807-a411-aa4f7bcb30e2
2025/11/08 14:46:50 INFO session created token=b128febb-23e2-454b-a2f7-555a08f0d574 name=User_39_54
2025/11/08 14:46:50 INFO session updated token=b128febb-23e2-454b-a2f7-555a08f0d574 tableID=0xc0004e4ef0 seatIndex=0xc000270c58
2025/11/08 14:46:50 INFO session removed token=b128febb-23e2-454b-a2f7-555a08f0d574
2025/11/08 14:46:50 INFO session created token=17c03509-6f5d-4206-8161-fcc4b133ba28 name=User_39_55
2025/11/08 14:46:50 INFO session updated token=17c03509-6f5d-4206-8161-fcc4b133ba28 tableID=0xc0004e4f40 seatIndex=0xc000270cc8
2025/11/08 14:46:50 INFO session removed token=17c03509-6f5d-4206-8161-fcc4b133ba28
2025/11/08 14:46:50 INFO session created token=c633ca73-0e19-4bbc-bbdc-c51b202054a2 name=User_39_56
2025/11/08 14:46:50 INFO session updated token=c633ca73-0e19-4bbc-bbdc-c51b202054a2 tableID=0xc0004e4f90 seatIndex=0xc000270d18
2025/11/08 14:46:50 INFO session removed token=c633ca73-0e19-4bbc-bbdc-c51b202054a2
2025/11/08 14:46:50 INFO session created token=076af764-f4c6-4a29-a782-cf1a4ad1f094 name=User_39_57
2025/11/08 14:46:50 INFO session updated token=076af764-f4c6-4a29-a782-cf1a4ad1f094 tableID=0xc0004e4fe0 seatIndex=0xc000270d68
2025/11/08 14:46:50 INFO session removed token=076af764-f4c6-4a29-a782-cf1a4ad1f094
2025/11/08 14:46:50 INFO session created token=eb526fee-5883-4a3a-9129-26ab0209234c name=User_39_58
2025/11/08 14:46:50 INFO session updated token=eb526fee-5883-4a3a-9129-26ab0209234c tableID=0xc0004e5030 seatIndex=0xc000270db8
2025/11/08 14:46:50 INFO session removed token=eb526fee-5883-4a3a-9129-26ab0209234c
2025/11/08 14:46:50 INFO session created token=d8cc2566-43e0-4152-93b1-b66b8fd7fd07 name=User_39_59
2025/11/08 14:46:50 INFO session updated token=d8cc2566-43e0-4152-93b1-b66b8fd7fd07 tableID=0xc0004e5080 seatIndex=0xc000270e08
2025/11/08 14:46:50 INFO session removed token=d8cc2566-43e0-4152-93b1-b66b8fd7fd07
2025/11/08 14:46:50 INFO session created token=8afadbee-e18f-4373-bf04-b183f6851178 name=User_39_60
2025/11/08 14:46:50 INFO session created token=3ff205f7-3b68-4cac-896c-1e5f18da7a94 name=User_37_29
2025/11/08 14:46:50 INFO session updated token=8afadbee-e18f-4373-bf04-b183f6851178 tableID=0xc0004e50d0 seatIndex=0xc000270e58
2025/11/08 14:46:50 INFO session removed token=8afadbee-e18f-4373-bf04-b183f6851178
2025/11/08 14:46:50 INFO session removed token=fd558c66-3ccc-42be-a470-88ed1c69a8b7
2025/11/08 14:46:50 INFO session created token=06ae62ce-65f7-48c3-8ec2-212e0e87706e name=User_94_31
2025/11/08 14:46:50 INFO session updated token=06ae62ce-65f7-48c3-8ec2-212e0e87706e tableID=0xc0005e06c0 seatIndex=0xc00016c968
2025/11/08 14:46:50 INFO session removed token=06ae62ce-65f7-48c3-8ec2-212e0e87706e
2025/11/08 14:46:50 INFO session created token=b9ac9e75-9661-40e0-836e-4c1b714001de name=User_94_32
2025/11/08 14:46:50 INFO session updated token=b9ac9e75-9661-40e0-836e-4c1b714001de tableID=0xc0005e0710 seatIndex=0xc00016c9b8
2025/11/08 14:46:50 INFO session removed token=b9ac9e75-9661-40e0-836e-4c1b714001de
2025/11/08 14:46:50 INFO session created token=1235bbe7-eebe-4ed8-a4a8-b2ca44074d8a name=User_94_33
2025/11/08 14:46:50 INFO session updated token=1235bbe7-eebe-4ed8-a4a8-b2ca44074d8a tableID=0xc0005e0760 seatIndex=0xc00016ca08
2025/11/08 14:46:50 INFO session removed token=1235bbe7-eebe-4ed8-a4a8-b2ca44074d8a
2025/11/08 14:46:50 INFO session created token=1f5dd1ca-f37d-438e-80c3-d835958a910e name=User_94_34
2025/11/08 14:46:50 INFO session updated token=1f5dd1ca-f37d-438e-80c3-d835958a910e tableID=0xc0005e07b0 seatIndex=0xc00016ca58
2025/11/08 14:46:50 INFO session removed token=1f5dd1ca-f37d-438e-80c3-d835958a910e
2025/11/08 14:46:50 INFO session updated token=3ff205f7-3b68-4cac-896c-1e5f18da7a94 tableID=0xc0004e50f0 seatIndex=0xc000270e88
2025/11/08 14:46:50 INFO session removed token=3ff205f7-3b68-4cac-896c-1e5f18da7a94
2025/11/08 14:46:50 INFO session created token=07d86279-d2e6-46d2-9b28-50dff357a0bb name=User_37_30
2025/11/08 14:46:50 INFO session updated token=07d86279-d2e6-46d2-9b28-50dff357a0bb tableID=0xc000140600 seatIndex=0xc00013e2b8
2025/11/08 14:46:50 INFO session removed token=07d86279-d2e6-46d2-9b28-50dff357a0bb
2025/11/08 14:46:50 INFO session created token=0a718be4-c9ec-4297-864a-fd70a98975a5 name=User_37_31
2025/11/08 14:46:50 INFO session updated token=0a718be4-c9ec-4297-864a-fd70a98975a5 tableID=0xc000140650 seatIndex=0xc00013e308
2025/11/08 14:46:50 INFO session removed token=0a718be4-c9ec-4297-864a-fd70a98975a5
2025/11/08 14:46:50 INFO session created token=1127683f-e7c7-402d-8b30-aafe68f9b08e name=User_37_32
2025/11/08 14:46:50 INFO session updated token=1127683f-e7c7-402d-8b30-aafe68f9b08e tableID=0xc0001406a0 seatIndex=0xc00013e358
2025/11/08 14:46:50 INFO session removed token=1127683f-e7c7-402d-8b30-aafe68f9b08e
2025/11/08 14:46:50 INFO session created token=0c74058e-6f47-4654-89b7-8215d459e33e name=User_37_33
2025/11/08 14:46:50 INFO session updated token=0c74058e-6f47-4654-89b7-8215d459e33e tableID=0xc0001406f0 seatIndex=0xc00013e3a8
2025/11/08 14:46:50 INFO session removed token=0c74058e-6f47-4654-89b7-8215d459e33e
2025/11/08 14:46:50 INFO session removed token=9e0c3ea1-c31d-4808-af24-644cd7db4059
2025/11/08 14:46:50 INFO session removed token=5a951dbb-e689-4d65-8a2c-d92241e2c467
2025/11/08 14:46:50 INFO session removed token=99934647-bec2-48bb-b6b9-c6b42eb86bd0
2025/11/08 14:46:50 INFO session removed token=739ccbaf-0ebc-4892-bc03-d8a4f9669b29
2025/11/08 14:46:50 INFO session removed token=0c344ba6-7189-4e76-8853-e4a59b8ec39a
2025/11/08 14:46:50 INFO session updated token=79a9a012-adea-4f67-8539-ff8181c92545 tableID=0xc000172270 seatIndex=0xc0002e4198
2025/11/08 14:46:50 INFO session removed token=149ef5b2-2aa5-46cd-a00c-023f02c90965
2025/11/08 14:46:50 INFO session removed token=dde4b122-e731-46c9-8a2d-146de3ea38d3
2025/11/08 14:46:50 INFO session removed token=68b97628-1888-4fc6-8931-bab64d07c1c9
2025/11/08 14:46:50 INFO session updated token=bd6ca6d8-c38b-481f-92c5-7420d216a1f8 tableID=0xc0005e0080 seatIndex=0xc00016c2c8
2025/11/08 14:46:50 INFO session updated token=4ace988e-9be7-4376-b81e-dda619f17c82 tableID=0xc0002e2260 seatIndex=0xc0004e83f8
2025/11/08 14:46:50 INFO session updated token=3df5952d-4a5e-47bf-b193-b42db30842ec tableID=0xc0001722a0 seatIndex=0xc0002e41c8
2025/11/08 14:46:50 INFO session updated token=3307e17c-8592-4074-b8cb-dbf0ba33963d tableID=0xc0002e2270 seatIndex=0xc0004e8408
2025/11/08 14:46:50 INFO session updated token=7799d719-3ea2-4dfb-a0f8-56c014cd353f tableID=0xc0001722d0 seatIndex=0xc0002e41d8
2025/11/08 14:46:50 INFO session created token=7924ce5c-7925-44ee-b38f-1a70e0be1dd8 name=User_56_20
2025/11/08 14:46:50 INFO session created token=33e49832-eb81-4aa8-a211-ee099cde0f48 name=User_10_10
2025/11/08 14:46:50 INFO session updated token=8c14e1c5-055a-4a73-8aa9-f7906079f461 tableID=0xc0005523e0 seatIndex=0xc0005543a8
2025/11/08 14:46:50 INFO session created token=ae29f4b5-9e28-48a5-a8f9-e05fb55c2af0 name=User_4_46
2025/11/08 14:46:50 INFO session updated token=2e39e64c-c8b4-4651-aff1-dd6f472b3ef6 tableID=0xc0004e4460 seatIndex=0xc0002702b8
2025/11/08 14:46:50 INFO session updated token=12f9a389-0776-4788-80f3-5d1f301100d6 tableID=0xc0002e22c0 seatIndex=0xc0004e8418
2025/11/08 14:46:50 INFO session updated token=381840b8-fc93-4df3-9928-1fbbcd39ca09 tableID=0xc000172300 seatIndex=0xc0002e41e8
2025/11/08 14:46:50 INFO session updated token=1128329d-d140-4cad-add1-6d5d35a6b9d4 tableID=0xc0002e22d0 seatIndex=0xc0004e8428
2025/11/08 14:46:50 INFO session updated token=5610726d-4448-43c2-87f8-b305543ad77e tableID=0xc0005e00d0 seatIndex=0xc00016c2d8
2025/11/08 14:46:50 INFO session updated token=cba9a83f-8f52-4a9b-9d93-5369c38351f4 tableID=0xc000172310 seatIndex=0xc0002e41f8
2025/11/08 14:46:50 INFO session updated token=dece96d0-ff51-4848-935a-80c952170889 tableID=0xc000552430 seatIndex=0xc0005543b8
2025/11/08 14:46:50 INFO session updated token=1e440361-63c3-4f00-9245-485e1a5df943 tableID=0xc0004e4490 seatIndex=0xc0002702c8
2025/11/08 14:46:50 INFO session updated token=0b5cbee1-8241-4719-b0c1-04a9c71d8bb0 tableID=0xc0004e44a0 seatIndex=0xc0002702d8
2025/11/08 14:46:50 INFO session updated token=56021903-02bf-401e-814f-cb6ad7dec5f7 tableID=0xc0002e2320 seatIndex=0xc0004e8438
2025/11/08 14:46:50 INFO session updated token=4c43ca1e-07cd-4bb7-a848-26ad3673c33e tableID=0xc0004e44b0 seatIndex=0xc0002702e8
2025/11/08 14:46:50 INFO session updated token=b27047d7-07a9-4ff8-aa72-986d914be3a3 tableID=0xc000172340 seatIndex=0xc0002e4208
2025/11/08 14:46:50 INFO session updated token=9979d8cf-9045-4e78-af7b-54826d078182 tableID=0xc000172350 seatIndex=0xc0002e4218
2025/11/08 14:46:50 INFO session updated token=67caf2a8-40df-44ec-a2e7-d842d5115ebc tableID=0xc0002e2350 seatIndex=0xc0004e8448
2025/11/08 14:46:50 INFO session updated token=ac7f78cc-e87d-44b6-85ae-e36f895d976a tableID=0xc000172360 seatIndex=0xc0002e4228
2025/11/08 14:46:50 INFO session updated token=c630b297-5cc0-43e9-a9cb-90c7c01e3186 tableID=0xc000172370 seatIndex=0xc0002e4238
2025/11/08 14:46:50 INFO session removed token=fce3dae7-7d47-4454-ab46-21e8790bc617
2025/11/08 14:46:50 INFO session updated token=de525ac7-4853-46d9-89f0-637b65ab65c0 tableID=0xc000552480 seatIndex=0xc0005543f8
2025/11/08 14:46:50 INFO session updated token=30093239-18c6-4893-a019-b09ca2f9e181 tableID=0xc000140450 seatIndex=0xc00013e108
2025/11/08 14:46:50 INFO session updated token=05ae5069-c31b-416c-a25e-74f3d797b8e0 tableID=0xc000140470 seatIndex=0xc00013e118
2025/11/08 14:46:50 INFO session updated token=57ad6c05-421c-421b-91c4-91e2b80b142c tableID=0xc000140480 seatIndex=0xc00013e128
2025/11/08 14:46:50 INFO session removed token=57303111-f104-460f-9d3f-5f991b27a73f
2025/11/08 14:46:50 INFO session updated token=a11172de-fbcb-4fe6-a0ff-4670510b0c46 tableID=0xc0001404f0 seatIndex=0xc00013e178
2025/11/08 14:46:50 INFO session updated token=300fa9b9-67b9-44df-a619-78da27e75654 tableID=0xc000140500 seatIndex=0xc00013e188
2025/11/08 14:46:50 INFO session removed token=7531e1d4-4054-40c3-b66b-8dd1bd26904b
2025/11/08 14:46:50 INFO session removed token=664960db-b437-448b-ae46-aa6b71529fcc
2025/11/08 14:46:50 INFO session created token=7d4502f9-1cb9-41e7-8b33-f721f74af986 name=User_58_24
2025/11/08 14:46:50 INFO session updated token=b6efc957-6312-4ef0-8495-64223dd7caf1 tableID=0xc0004e4560 seatIndex=0xc000270338
2025/11/08 14:46:50 INFO session created token=068b7c48-3ea1-4329-b7ab-8f88953ec209 name=User_79_18
2025/11/08 14:46:50 INFO session created token=e80fd590-5607-4d12-8c9c-5313ea52a69a name=User_84_28
2025/11/08 14:46:50 INFO session created token=cbef9fc0-d74f-42bf-90a1-7bdcad1d3843 name=User_80_17
2025/11/08 14:46:50 INFO session created token=a320ab8c-a6ce-47ec-ad0c-c90a22c085e4 name=User_60_40
2025/11/08 14:46:50 INFO session updated token=302964f1-5afd-4359-84e4-7e0b7751a7ec tableID=0xc0005524d0 seatIndex=0xc000554438
2025/11/08 14:46:50 INFO session updated token=05a2efd1-7e9e-4b90-a71b-f760f2076b7b tableID=0xc0001723d0 seatIndex=0xc0002e4268
2025/11/08 14:46:50 INFO session updated token=b9346a61-6f07-4bec-b88a-a5504fc2b119 tableID=0xc0005e0110 seatIndex=0xc00016c368
2025/11/08 14:46:50 INFO session updated token=52163c6a-4e19-4c5e-81fb-5c4ef13ec13e tableID=0xc0005e0300 seatIndex=0xc00016c558
2025/11/08 14:46:50 INFO session updated token=c3685648-af7c-4d59-b940-d235742f98cb tableID=0xc0005e0360 seatIndex=0xc00016c5b8
2025/11/08 14:46:50 INFO session updated token=62e7b8eb-776d-4b0f-a1fb-0c84423c862d tableID=0xc0001726d0 seatIndex=0xc0002e4528
2025/11/08 14:46:50 INFO session created token=1cd94934-ddb8-4661-aea3-eb34766bbd86 name=User_76_18
2025/11/08 14:46:50 INFO session created token=154c7ece-57b4-48ff-9d9c-501b62843ea1 name=User_35_18
2025/11/08 14:46:50 INFO session updated token=3cc8f311-12ac-4394-8c11-0d53d99723da tableID=0xc0005e05c0 seatIndex=0xc00016c848
2025/11/08 14:46:50 INFO session created token=a48245bc-e478-41b3-8fef-eacaa067a901 name=User_20_21
2025/11/08 14:46:50 INFO session removed token=d4b2e4c0-7ad9-4e59-bb19-f555cae28ee3
2025/11/08 14:46:50 INFO session updated token=b23f5bf4-b001-4b48-8dcd-c61af6382ac7 tableID=0xc0001729d0 seatIndex=0xc0002e4818
2025/11/08 14:46:50 INFO session updated token=ecb0b5fd-2d40-473f-b945-25c619080760 tableID=0xc0005e0630 seatIndex=0xc00016c8a8
2025/11/08 14:46:50 INFO session updated token=2415ab95-b9a9-4da5-8230-97ff44cc32af tableID=0xc0005e0640 seatIndex=0xc00016c8c8
2025/11/08 14:46:50 INFO session updated token=6146913b-84fc-4fca-87bb-4708d7f97caf tableID=0xc0004e45b0 seatIndex=0xc000270348
2025/11/08 14:46:50 INFO session updated token=4653b9b6-def3-40b6-a935-f0e08601e0c0 tableID=0xc0004e45c0 seatIndex=0xc000270358
2025/11/08 14:46:50 INFO session updated token=3c155054-1cbd-46ac-b7ab-f3f54508aa74 tableID=0xc0005e0680 seatIndex=0xc00016c918
2025/11/08 14:46:50 INFO session updated token=85698773-e633-46e2-ae4f-fed56f86f018 tableID=0xc0004e45d0 seatIndex=0xc000270368
2025/11/08 14:46:50 INFO session created token=1c4df214-ed7e-468e-88c5-0a4c457c5759 name=User_22_12
2025/11/08 14:46:50 INFO session updated token=0a3aabee-aed6-4e75-81e2-9ca5048e7ddd tableID=0xc0004e45f0 seatIndex=0xc000270378
2025/11/08 14:46:50 INFO session created token=d487a115-8249-4ca7-b18e-6c30d55201e1 name=User_59_18
2025/11/08 14:46:50 INFO session created token=37d7286b-0f7f-468e-8a36-d0ac37649e56 name=User_96_12
2025/11/08 14:46:50 INFO session created token=fd6577c4-b3e0-456c-be1a-7e3b54d3c21d name=User_34_13
2025/11/08 14:46:50 INFO session removed token=6146913b-84fc-4fca-87bb-4708d7f97caf
2025/11/08 14:46:50 INFO session created token=d8673c1a-4ec4-467d-814a-1bfe7254cc41 name=User_74_17
2025/11/08 14:46:50 INFO session removed token=0a3aabee-aed6-4e75-81e2-9ca5048e7ddd
2025/11/08 14:46:50 INFO session updated token=fd6577c4-b3e0-456c-be1a-7e3b54d3c21d tableID=0xc0002e2380 seatIndex=0xc0004e8458
2025/11/08 14:46:50 INFO session removed token=fd6577c4-b3e0-456c-be1a-7e3b54d3c21d
2025/11/08 14:46:50 INFO session created token=93fe7d0a-4bb0-4bf8-b9fa-4caa3d4dfe5a name=User_34_14
2025/11/08 14:46:50 INFO session updated token=93fe7d0a-4bb0-4bf8-b9fa-4caa3d4dfe5a tableID=0xc0002e23d0 seatIndex=0xc0004e84a8
2025/11/08 14:46:50 INFO session removed token=93fe7d0a-4bb0-4bf8-b9fa-4caa3d4dfe5a
2025/11/08 14:46:50 INFO session created token=f46a6f4b-1026-4bb4-ae2f-66e1f2a1405e name=User_34_15
2025/11/08 14:46:50 INFO session updated token=f46a6f4b-1026-4bb4-ae2f-66e1f2a1405e tableID=0xc0002e2420 seatIndex=0xc0004e84f8
2025/11/08 14:46:50 INFO session removed token=f46a6f4b-1026-4bb4-ae2f-66e1f2a1405e
2025/11/08 14:46:50 INFO session created token=5a19e73a-fe52-4246-87a6-076e92649021 name=User_34_16
2025/11/08 14:46:50 INFO session updated token=5a19e73a-fe52-4246-87a6-076e92649021 tableID=0xc0002e2470 seatIndex=0xc0004e8548
2025/11/08 14:46:50 INFO session removed token=5a19e73a-fe52-4246-87a6-076e92649021
2025/11/08 14:46:50 INFO session created token=c5d21178-4f3b-46da-824a-9199bc614a88 name=User_34_17
2025/11/08 14:46:50 INFO session updated token=c5d21178-4f3b-46da-824a-9199bc614a88 tableID=0xc0002e24c0 seatIndex=0xc0004e8598
2025/11/08 14:46:50 INFO session removed token=c5d21178-4f3b-46da-824a-9199bc614a88
2025/11/08 14:46:50 INFO session updated token=1c4df214-ed7e-468e-88c5-0a4c457c5759 tableID=0xc0005e0930 seatIndex=0xc00016cc38
2025/11/08 14:46:50 INFO session removed token=1c4df214-ed7e-468e-88c5-0a4c457c5759
2025/11/08 14:46:50 INFO session created token=3a2610b7-0e9d-41ae-ba9b-2a723b952700 name=User_66_14
2025/11/08 14:46:50 INFO session created token=ef55d3e6-de8c-476d-9781-f8b58ab90b3b name=User_22_13
2025/11/08 14:46:50 INFO session updated token=3a2610b7-0e9d-41ae-ba9b-2a723b952700 tableID=0xc0002e2510 seatIndex=0xc0004e85e8
2025/11/08 14:46:50 INFO session removed token=3a2610b7-0e9d-41ae-ba9b-2a723b952700
2025/11/08 14:46:50 INFO session created token=8952f465-96e0-42cd-98c1-959f8f275fd5 name=User_66_15
2025/11/08 14:46:50 INFO session updated token=8952f465-96e0-42cd-98c1-959f8f275fd5 tableID=0xc0002e2570 seatIndex=0xc0004e8648
2025/11/08 14:46:50 INFO session removed token=8952f465-96e0-42cd-98c1-959f8f275fd5
2025/11/08 14:46:50 INFO session created token=cdf4fcea-55a5-4b64-abfb-707d1ca7af60 name=User_66_16
2025/11/08 14:46:50 INFO session updated token=cdf4fcea-55a5-4b64-abfb-707d1ca7af60 tableID=0xc0002e25c0 seatIndex=0xc0004e8698
2025/11/08 14:46:50 INFO session removed token=cdf4fcea-55a5-4b64-abfb-707d1ca7af60
2025/11/08 14:46:50 INFO session created token=ffdb8898-31ba-4342-87b4-b7e7e8076e0f name=User_66_17
2025/11/08 14:46:50 INFO session updated token=ffdb8898-31ba-4342-87b4-b7e7e8076e0f tableID=0xc0002e2610 seatIndex=0xc0004e86e8
2025/11/08 14:46:50 INFO session removed token=ffdb8898-31ba-4342-87b4-b7e7e8076e0f
2025/11/08 14:46:50 INFO session created token=62efa878-0307-45c2-8670-f2a7dd533faa name=User_66_18
2025/11/08 14:46:50 INFO session updated token=62efa878-0307-45c2-8670-f2a7dd533faa tableID=0xc0002e2660 seatIndex=0xc0004e8738
2025/11/08 14:46:50 INFO session removed token=62efa878-0307-45c2-8670-f2a7dd533faa
2025/11/08 14:46:50 INFO session created token=df4b8307-fe10-49bc-8b4d-9b79c22b68b8 name=User_66_19
2025/11/08 14:46:50 INFO session created token=3f3f2d5b-6b49-462a-9a4e-806ae20460fc name=User_39_61
2025/11/08 14:46:50 INFO session created token=d8723697-2c8b-4817-a3ee-f90ea1530669 name=User_42_12
2025/11/08 14:46:50 INFO session updated token=ef55d3e6-de8c-476d-9781-f8b58ab90b3b tableID=0xc0002e2530 seatIndex=0xc0004e8618
2025/11/08 14:46:50 INFO session removed token=ef55d3e6-de8c-476d-9781-f8b58ab90b3b
2025/11/08 14:46:50 INFO session created token=236d7d4f-876b-4df1-97fb-b9a5a9caa3ee name=User_28_24
2025/11/08 14:46:50 INFO session updated token=236d7d4f-876b-4df1-97fb-b9a5a9caa3ee tableID=0xc0005e09f0 seatIndex=0xc00016ccd8
2025/11/08 14:46:50 INFO session removed token=236d7d4f-876b-4df1-97fb-b9a5a9caa3ee
2025/11/08 14:46:50 INFO session created token=32527f96-5f6c-4332-877a-18a319318c77 name=User_28_25
2025/11/08 14:46:50 INFO session updated token=32527f96-5f6c-4332-877a-18a319318c77 tableID=0xc0005e0a40 seatIndex=0xc00016cd28
2025/11/08 14:46:50 INFO session removed token=32527f96-5f6c-4332-877a-18a319318c77
2025/11/08 14:46:50 INFO session created token=0d14ed40-cc31-4b48-8fb5-8363e59a6a0d name=User_28_26
2025/11/08 14:46:50 INFO session updated token=0d14ed40-cc31-4b48-8fb5-8363e59a6a0d tableID=0xc0005e0a90 seatIndex=0xc00016cd78
2025/11/08 14:46:50 INFO session removed token=0d14ed40-cc31-4b48-8fb5-8363e59a6a0d
2025/11/08 14:46:50 INFO session created token=2208983a-e446-4d98-9c06-c7cfd3bd1e1d name=User_28_27
2025/11/08 14:46:50 INFO session updated token=2208983a-e446-4d98-9c06-c7cfd3bd1e1d tableID=0xc0005e0ae0 seatIndex=0xc00016cdc8
2025/11/08 14:46:50 INFO session created token=d9aeb966-79b7-421b-a925-78f69790ce4a name=User_24_22
2025/11/08 14:46:50 INFO session removed token=2208983a-e446-4d98-9c06-c7cfd3bd1e1d
2025/11/08 14:46:50 INFO session created token=eb8d8386-3d78-4493-a172-b6c765c54175 name=User_22_14
2025/11/08 14:46:50 INFO session created token=d6865bee-fa21-449a-8153-954c3493c84d name=User_94_35
2025/11/08 14:46:50 INFO session created token=ca6744bb-31b4-4c7c-a8bf-88a4db92fa09 name=User_28_28
2025/11/08 14:46:50 INFO session updated token=d6865bee-fa21-449a-8153-954c3493c84d tableID=0xc000172b10 seatIndex=0xc0002e4998
2025/11/08 14:46:50 INFO session created token=f8c549a7-839b-4f0b-91f5-be88d90fb4e5 name=User_40_21
2025/11/08 14:46:50 INFO session removed token=d6865bee-fa21-449a-8153-954c3493c84d
2025/11/08 14:46:50 INFO session created token=75e099b7-c5cb-40d9-8f3a-2a544fe9b5a4 name=User_94_36
2025/11/08 14:46:50 INFO session updated token=75e099b7-c5cb-40d9-8f3a-2a544fe9b5a4 tableID=0xc000140940 seatIndex=0xc00013e538
2025/11/08 14:46:50 INFO session removed token=75e099b7-c5cb-40d9-8f3a-2a544fe9b5a4
2025/11/08 14:46:50 INFO session created token=4fce3b2b-a6c6-45d6-a592-25c81c4bb7a6 name=User_94_37
2025/11/08 14:46:50 INFO session updated token=4fce3b2b-a6c6-45d6-a592-25c81c4bb7a6 tableID=0xc000140990 seatIndex=0xc00013e588
2025/11/08 14:46:50 INFO session removed token=4fce3b2b-a6c6-45d6-a592-25c81c4bb7a6
2025/11/08 14:46:50 INFO session created token=499fe06b-4537-4618-9cb6-16daf04f4efa name=User_94_38
2025/11/08 14:46:50 INFO session updated token=499fe06b-4537-4618-9cb6-16daf04f4efa tableID=0xc0001409e0 seatIndex=0xc00013e5d8
2025/11/08 14:46:50 INFO session removed token=499fe06b-4537-4618-9cb6-16daf04f4efa
2025/11/08 14:46:50 INFO session created token=5fdd5b39-b771-4732-96be-4ea4b3dcb690 name=User_94_39
2025/11/08 14:46:50 INFO session created token=b2be5dfc-195f-46eb-a5fa-48cddf1dcfa6 name=User_33_29
2025/11/08 14:46:50 INFO session updated token=5fdd5b39-b771-4732-96be-4ea4b3dcb690 tableID=0xc000140a30 seatIndex=0xc00013e628
2025/11/08 14:46:50 INFO session created token=33af4f50-e67e-40f7-9966-7a787d8548d3 name=User_53_13
2025/11/08 14:46:50 INFO session removed token=5fdd5b39-b771-4732-96be-4ea4b3dcb690
2025/11/08 14:46:50 INFO session created token=71d23f20-10b0-49ea-83cb-2fffc9d7f527 name=User_94_40
2025/11/08 14:46:50 INFO session updated token=71d23f20-10b0-49ea-83cb-2fffc9d7f527 tableID=0xc000140aa0 seatIndex=0xc00013e698
2025/11/08 14:46:50 INFO session removed token=71d23f20-10b0-49ea-83cb-2fffc9d7f527
2025/11/08 14:46:50 INFO session created token=127b3e5e-6d09-4b85-89e3-2c0146a3108a name=User_94_41
2025/11/08 14:46:50 INFO session updated token=127b3e5e-6d09-4b85-89e3-2c0146a3108a tableID=0xc000140af0 seatIndex=0xc00013e6e8
2025/11/08 14:46:50 INFO session removed token=127b3e5e-6d09-4b85-89e3-2c0146a3108a
2025/11/08 14:46:50 INFO session created token=95f6b6d1-ff95-423f-a339-068184b8d8c2 name=User_94_42
2025/11/08 14:46:50 INFO session updated token=95f6b6d1-ff95-423f-a339-068184b8d8c2 tableID=0xc000140b40 seatIndex=0xc00013e738
2025/11/08 14:46:50 INFO session removed token=95f6b6d1-ff95-423f-a339-068184b8d8c2
2025/11/08 14:46:50 INFO session created token=9c1d1109-8b1f-43e7-9605-f5bbf47e5595 name=User_94_43
2025/11/08 14:46:50 INFO session updated token=9c1d1109-8b1f-43e7-9605-f5bbf47e5595 tableID=0xc000140b90 seatIndex=0xc00013e798
2025/11/08 14:46:50 INFO session removed token=9c1d1109-8b1f-43e7-9605-f5bbf47e5595
2025/11/08 14:46:50 INFO session created token=857a84a9-3d43-4fb2-8bb3-2902209e0604 name=User_94_44
2025/11/08 14:46:50 INFO session updated token=857a84a9-3d43-4fb2-8bb3-2902209e0604 tableID=0xc000140be0 seatIndex=0xc00013e838
2025/11/08 14:46:50 INFO session removed token=857a84a9-3d43-4fb2-8bb3-2902209e0604
2025/11/08 14:46:50 INFO session created token=226023ed-5106-443f-b1ce-3c22a4b5e1bf name=User_94_45
2025/11/08 14:46:50 INFO session updated token=226023ed-5106-443f-b1ce-3c22a4b5e1bf tableID=0xc000140c30 seatIndex=0xc00013e908
2025/11/08 14:46:50 INFO session created token=08dde6f8-a1c4-49a2-a385-acb44512c61b name=User_86_15
2025/11/08 14:46:50 INFO session removed token=226023ed-5106-443f-b1ce-3c22a4b5e1bf
2025/11/08 14:46:50 INFO session created token=b37195a7-b9e9-44b8-affa-637ea5fcfd72 name=User_94_46
2025/11/08 14:46:50 INFO session updated token=b37195a7-b9e9-44b8-affa-637ea5fcfd72 tableID=0xc000140c90 seatIndex=0xc00013e9d8
2025/11/08 14:46:50 INFO session removed token=b37195a7-b9e9-44b8-affa-637ea5fcfd72
2025/11/08 14:46:50 INFO session created token=370c1505-e54d-46cb-bab5-2f625d0b4103 name=User_94_47
2025/11/08 14:46:50 INFO session updated token=370c1505-e54d-46cb-bab5-2f625d0b4103 tableID=0xc000140ce0 seatIndex=0xc00013ea68
2025/11/08 14:46:50 INFO session removed token=370c1505-e54d-46cb-bab5-2f625d0b4103
2025/11/08 14:46:50 INFO session created token=5ae05b95-f06c-4b03-b28a-5284c7693655 name=User_94_48
2025/11/08 14:46:50 INFO session updated token=5ae05b95-f06c-4b03-b28a-5284c7693655 tableID=0xc000140d30 seatIndex=0xc00013eae8
2025/11/08 14:46:50 INFO session removed token=5ae05b95-f06c-4b03-b28a-5284c7693655
2025/11/08 14:46:50 INFO session created token=6f658f73-d911-4174-8c86-5a02d27b28db name=User_94_49
2025/11/08 14:46:50 INFO session created token=9ced162b-2275-4147-afe5-b371fa862ade name=User_6_13
2025/11/08 14:46:50 INFO session updated token=6f658f73-d911-4174-8c86-5a02d27b28db tableID=0xc000140d80 seatIndex=0xc00013eb38
2025/11/08 14:46:50 INFO session removed token=6f658f73-d911-4174-8c86-5a02d27b28db
2025/11/08 14:46:50 INFO session created token=3bf4ca60-1cbd-42ed-aede-4809dfbdee78 name=User_94_50
2025/11/08 14:46:50 INFO session updated token=3bf4ca60-1cbd-42ed-aede-4809dfbdee78 tableID=0xc000140de0 seatIndex=0xc00013eb98
2025/11/08 14:46:50 INFO session removed token=3bf4ca60-1cbd-42ed-aede-4809dfbdee78
2025/11/08 14:46:50 INFO session created token=2589eb53-cad1-4cef-9e1c-78195c411ea4 name=User_94_51
2025/11/08 14:46:50 INFO session updated token=2589eb53-cad1-4cef-9e1c-78195c411ea4 tableID=0xc000140e30 seatIndex=0xc00013ebe8
2025/11/08 14:46:50 INFO session removed token=2589eb53-cad1-4cef-9e1c-78195c411ea4
2025/11/08 14:46:50 INFO session created token=b0117c48-2e50-404b-a892-c98e99d2d4ce name=User_94_52
2025/11/08 14:46:50 INFO session updated token=b0117c48-2e50-404b-a892-c98e99d2d4ce tableID=0xc000140e80 seatIndex=0xc00013ec38
2025/11/08 14:46:50 INFO session removed token=b0117c48-2e50-404b-a892-c98e99d2d4ce
2025/11/08 14:46:50 INFO session removed token=79a9a012-adea-4f67-8539-ff8181c92545
2025/11/08 14:46:50 INFO session created token=12c624e7-0449-45e2-b7fa-e5b3a8e0528c name=User_94_53
2025/11/08 14:46:50 INFO session created token=0efa4c46-effe-4b1c-a011-78b390cd9c55 name=User_8_13
2025/11/08 14:46:50 INFO session updated token=12c624e7-0449-45e2-b7fa-e5b3a8e0528c tableID=0xc000140ed0 seatIndex=0xc00013ec88
2025/11/08 14:46:50 INFO session removed token=12c624e7-0449-45e2-b7fa-e5b3a8e0528c
2025/11/08 14:46:50 INFO session created token=3aae5225-98d7-4756-a84a-1729ff1212f5 name=User_94_54
2025/11/08 14:46:50 INFO session updated token=3aae5225-98d7-4756-a84a-1729ff1212f5 tableID=0xc000140f30 seatIndex=0xc00013ece8
2025/11/08 14:46:50 INFO session removed token=3aae5225-98d7-4756-a84a-1729ff1212f5
2025/11/08 14:46:50 INFO session created token=1391a2de-180c-44cb-9d28-7f2008c30d6c name=User_94_55
2025/11/08 14:46:50 INFO session updated token=1391a2de-180c-44cb-9d28-7f2008c30d6c tableID=0xc000140f80 seatIndex=0xc00013ed38
2025/11/08 14:46:50 INFO session removed token=1391a2de-180c-44cb-9d28-7f2008c30d6c
2025/11/08 14:46:50 INFO session created token=1859d7a1-186f-4075-a24c-30c41237ff05 name=User_94_56
2025/11/08 14:46:50 INFO session updated token=1859d7a1-186f-4075-a24c-30c41237ff05 tableID=0xc000140fd0 seatIndex=0xc00013ed88
2025/11/08 14:46:50 INFO session removed token=1859d7a1-186f-4075-a24c-30c41237ff05
2025/11/08 14:46:50 INFO session created token=b3df85d7-d7da-4efd-82ae-108ba1ded5f8 name=User_94_57
2025/11/08 14:46:50 INFO session updated token=b3df85d7-d7da-4efd-82ae-108ba1ded5f8 tableID=0xc000141020 seatIndex=0xc00013edd8
2025/11/08 14:46:50 INFO session removed token=b3df85d7-d7da-4efd-82ae-108ba1ded5f8
2025/11/08 14:46:50 INFO session created token=1e68b2ec-8082-4688-8b69-526965e17a3e name=User_94_58
2025/11/08 14:46:50 INFO session updated token=1e68b2ec-8082-4688-8b69-526965e17a3e tableID=0xc000141070 seatIndex=0xc00013ee28
2025/11/08 14:46:50 INFO session removed token=1e68b2ec-8082-4688-8b69-526965e17a3e
2025/11/08 14:46:50 INFO session created token=fd00bde0-e664-4ff9-bb0e-f1f3be12bb65 name=User_94_59
2025/11/08 14:46:50 INFO session updated token=0efa4c46-effe-4b1c-a011-78b390cd9c55 tableID=0xc000140ef0 seatIndex=0xc00013ecb8
2025/11/08 14:46:50 INFO session removed token=0efa4c46-effe-4b1c-a011-78b390cd9c55
2025/11/08 14:46:50 INFO session removed token=bd6ca6d8-c38b-481f-92c5-7420d216a1f8
2025/11/08 14:46:50 INFO session removed token=3df5952d-4a5e-47bf-b193-b42db30842ec
2025/11/08 14:46:50 INFO session removed token=4ace988e-9be7-4376-b81e-dda619f17c82
2025/11/08 14:46:50 INFO session removed token=3307e17c-8592-4074-b8cb-dbf0ba33963d
2025/11/08 14:46:50 INFO session removed token=7799d719-3ea2-4dfb-a0f8-56c014cd353f
2025/11/08 14:46:50 INFO session removed token=8c14e1c5-055a-4a73-8aa9-f7906079f461
2025/11/08 14:46:50 INFO session updated token=33e49832-eb81-4aa8-a211-ee099cde0f48 tableID=0xc0005e07e0 seatIndex=0xc00016cac8
2025/11/08 14:46:50 INFO session updated token=ae29f4b5-9e28-48a5-a8f9-e05fb55c2af0 tableID=0xc0004e5150 seatIndex=0xc000270ef0
2025/11/08 14:46:50 INFO session updated token=7924ce5c-7925-44ee-b38f-1a70e0be1dd8 tableID=0xc0004e5170 seatIndex=0xc000270f20
2025/11/08 14:46:50 INFO session removed token=381840b8-fc93-4df3-9928-1fbbcd39ca09
2025/11/08 14:46:50 INFO session removed token=2e39e64c-c8b4-4651-aff1-dd6f472b3ef6
2025/11/08 14:46:50 INFO session removed token=12f9a389-0776-4788-80f3-5d1f301100d6
2025/11/08 14:46:50 INFO session created token=fd4ea669-84c7-4215-b561-aded8cf6a9ab name=User_55_13
2025/11/08 14:46:50 INFO session removed token=5610726d-4448-43c2-87f8-b305543ad77e
2025/11/08 14:46:50 INFO session removed token=1128329d-d140-4cad-add1-6d5d35a6b9d4
2025/11/08 14:46:50 INFO session removed token=dece96d0-ff51-4848-935a-80c952170889
2025/11/08 14:46:50 INFO session removed token=cba9a83f-8f52-4a9b-9d93-5369c38351f4
2025/11/08 14:46:50 INFO session removed token=1e440361-63c3-4f00-9245-485e1a5df943
2025/11/08 14:46:50 INFO session removed token=0b5cbee1-8241-4719-b0c1-04a9c71d8bb0
2025/11/08 14:46:50 INFO session removed token=56021903-02bf-401e-814f-cb6ad7dec5f7
2025/11/08 14:46:50 INFO session removed token=4c43ca1e-07cd-4bb7-a848-26ad3673c33e
2025/11/08 14:46:50 INFO session removed token=b27047d7-07a9-4ff8-aa72-986d914be3a3
2025/11/08 14:46:50 INFO session removed token=9979d8cf-9045-4e78-af7b-54826d078182
2025/11/08 14:46:50 INFO session removed token=67caf2a8-40df-44ec-a2e7-d842d5115ebc
2025/11/08 14:46:50 INFO session removed token=ac7f78cc-e87d-44b6-85ae-e36f895d976a
2025/11/08 14:46:50 INFO session removed token=c630b297-5cc0-43e9-a9cb-90c7c01e3186
2025/11/08 14:46:50 INFO session removed token=de525ac7-4853-46d9-89f0-637b65ab65c0
2025/11/08 14:46:50 INFO session removed token=a11172de-fbcb-4fe6-a0ff-4670510b0c46
2025/11/08 14:46:50 INFO session removed token=30093239-18c6-4893-a019-b09ca2f9e181
2025/11/08 14:46:50 INFO session removed token=05ae5069-c31b-416c-a25e-74f3d797b8e0
2025/11/08 14:46:50 INFO session removed token=57ad6c05-421c-421b-91c4-91e2b80b142c
2025/11/08 14:46:50 INFO session removed token=300fa9b9-67b9-44df-a619-78da27e75654
2025/11/08 14:46:50 INFO session updated token=068b7c48-3ea1-4329-b7ab-8f88953ec209 tableID=0xc000552660 seatIndex=0xc0005545b8
2025/11/08 14:46:50 INFO session removed token=b6efc957-6312-4ef0-8495-64223dd7caf1
2025/11/08 14:46:50 INFO session updated token=a320ab8c-a6ce-47ec-ad0c-c90a22c085e4 tableID=0xc000552680 seatIndex=0xc0005545e8
2025/11/08 14:46:50 INFO session created token=7dd7bcf3-e2a0-4f05-8da2-c126fe9ccadc name=User_57_87
2025/11/08 14:46:50 INFO session removed token=302964f1-5afd-4359-84e4-7e0b7751a7ec
2025/11/08 14:46:50 INFO session created token=95c98ac4-6171-4ade-8845-6af50654db27 name=User_46_39
2025/11/08 14:46:50 INFO session updated token=e80fd590-5607-4d12-8c9c-5313ea52a69a tableID=0xc000552690 seatIndex=0xc0005545f8
2025/11/08 14:46:50 INFO session created token=29914e6a-7f26-4294-b2c9-028b52b04a96 name=User_72_16
2025/11/08 14:46:50 INFO session updated token=cbef9fc0-d74f-42bf-90a1-7bdcad1d3843 tableID=0xc0005e0810 seatIndex=0xc00016cad8
2025/11/08 14:46:50 INFO session created token=2a055896-dd2a-4acb-93b9-a57a757648b8 name=User_1_33
2025/11/08 14:46:50 INFO session updated token=7d4502f9-1cb9-41e7-8b33-f721f74af986 tableID=0xc0005526a0 seatIndex=0xc000554608
2025/11/08 14:46:50 INFO session removed token=05a2efd1-7e9e-4b90-a71b-f760f2076b7b
2025/11/08 14:46:50 INFO session removed token=b9346a61-6f07-4bec-b88a-a5504fc2b119
2025/11/08 14:46:50 INFO session removed token=52163c6a-4e19-4c5e-81fb-5c4ef13ec13e
2025/11/08 14:46:50 INFO session removed token=c3685648-af7c-4d59-b940-d235742f98cb
2025/11/08 14:46:50 INFO session removed token=62e7b8eb-776d-4b0f-a1fb-0c84423c862d
2025/11/08 14:46:50 INFO session updated token=1cd94934-ddb8-4661-aea3-eb34766bbd86 tableID=0xc0005e0840 seatIndex=0xc00016cae8
2025/11/08 14:46:50 INFO session updated token=a48245bc-e478-41b3-8fef-eacaa067a901 tableID=0xc0005e0860 seatIndex=0xc00016cb18
2025/11/08 14:46:50 INFO session updated token=154c7ece-57b4-48ff-9d9c-501b62843ea1 tableID=0xc0005e0870 seatIndex=0xc00016cb28
2025/11/08 14:46:50 INFO session removed token=ecb0b5fd-2d40-473f-b945-25c619080760
2025/11/08 14:46:50 INFO session removed token=3cc8f311-12ac-4394-8c11-0d53d99723da
2025/11/08 14:46:50 INFO session removed token=b23f5bf4-b001-4b48-8dcd-c61af6382ac7
2025/11/08 14:46:50 INFO session removed token=4653b9b6-def3-40b6-a935-f0e08601e0c0
2025/11/08 14:46:50 INFO session removed token=2415ab95-b9a9-4da5-8230-97ff44cc32af
2025/11/08 14:46:50 INFO session removed token=3c155054-1cbd-46ac-b7ab-f3f54508aa74
2025/11/08 14:46:50 INFO session removed token=85698773-e633-46e2-ae4f-fed56f86f018
2025/11/08 14:46:50 INFO session updated token=d487a115-8249-4ca7-b18e-6c30d55201e1 tableID=0xc000140850 seatIndex=0xc00013e4b8
2025/11/08 14:46:50 INFO session updated token=d8673c1a-4ec4-467d-814a-1bfe7254cc41 tableID=0xc000140880 seatIndex=0xc00013e4c8
2025/11/08 14:46:50 INFO session removed token=de57899c-1664-4e52-9c80-7d153b591577
2025/11/08 14:46:50 INFO session updated token=37d7286b-0f7f-468e-8a36-d0ac37649e56 tableID=0xc0005e0940 seatIndex=0xc00016cc48
2025/11/08 14:46:50 INFO session updated token=df4b8307-fe10-49bc-8b4d-9b79c22b68b8 tableID=0xc0002e26b0 seatIndex=0xc0004e8788
2025/11/08 14:46:50 INFO session removed token=df4b8307-fe10-49bc-8b4d-9b79c22b68b8
2025/11/08 14:46:50 INFO session created token=5858c369-3559-4a18-b615-d0f956bb11cd name=User_66_20
2025/11/08 14:46:50 INFO session updated token=5858c369-3559-4a18-b615-d0f956bb11cd tableID=0xc0001412b0 seatIndex=0xc00013f228
2025/11/08 14:46:50 INFO session removed token=5858c369-3559-4a18-b615-d0f956bb11cd
2025/11/08 14:46:50 INFO session created token=0353d2b6-e2ca-4b89-bed6-9254fc1b67e2 name=User_66_21
2025/11/08 14:46:50 INFO session updated token=0353d2b6-e2ca-4b89-bed6-9254fc1b67e2 tableID=0xc000141300 seatIndex=0xc00013f278
2025/11/08 14:46:50 INFO session removed token=0353d2b6-e2ca-4b89-bed6-9254fc1b67e2
2025/11/08 14:46:50 INFO session created token=195d9baf-d286-4ecf-8ab8-ae98a94f50c0 name=User_66_22
2025/11/08 14:46:50 INFO session updated token=195d9baf-d286-4ecf-8ab8-ae98a94f50c0 tableID=0xc000141350 seatIndex=0xc00013f2c8
2025/11/08 14:46:50 INFO session removed token=195d9baf-d286-4ecf-8ab8-ae98a94f50c0
2025/11/08 14:46:50 INFO session created token=8111d529-0e23-475b-9d97-198e454b6e32 name=User_66_23
2025/11/08 14:46:50 INFO session updated token=8111d529-0e23-475b-9d97-198e454b6e32 tableID=0xc0001413a0 seatIndex=0xc00013f318
2025/11/08 14:46:50 INFO session removed token=8111d529-0e23-475b-9d97-198e454b6e32
2025/11/08 14:46:50 INFO session created token=559fcf6f-a3ee-40ca-82d7-5fbe5a259520 name=User_66_24
2025/11/08 14:46:50 INFO session updated token=559fcf6f-a3ee-40ca-82d7-5fbe5a259520 tableID=0xc0001413f0 seatIndex=0xc00013f368
2025/11/08 14:46:50 INFO session removed token=559fcf6f-a3ee-40ca-82d7-5fbe5a259520
2025/11/08 14:46:50 INFO session created token=32076108-bbe7-43cb-9a54-d9cef7b61155 name=User_66_25
2025/11/08 14:46:50 INFO session updated token=32076108-bbe7-43cb-9a54-d9cef7b61155 tableID=0xc000141440 seatIndex=0xc00013f3b8
2025/11/08 14:46:50 INFO session removed token=32076108-bbe7-43cb-9a54-d9cef7b61155
2025/11/08 14:46:50 INFO session created token=828940b9-064f-4e12-bde0-14345bd84c32 name=User_66_26
2025/11/08 14:46:50 INFO session updated token=828940b9-064f-4e12-bde0-14345bd84c32 tableID=0xc000141490 seatIndex=0xc00013f408
2025/11/08 14:46:50 INFO session removed token=828940b9-064f-4e12-bde0-14345bd84c32
2025/11/08 14:46:50 INFO session created token=193d9340-8004-45ea-a6c9-d9da12943835 name=User_66_27
2025/11/08 14:46:50 INFO session updated token=193d9340-8004-45ea-a6c9-d9da12943835 tableID=0xc0001414e0 seatIndex=0xc00013f458
2025/11/08 14:46:50 INFO session removed token=193d9340-8004-45ea-a6c9-d9da12943835
2025/11/08 14:46:50 INFO session created token=aee88aa9-e74b-41a7-9c6a-8530aa6474b0 name=User_66_28
2025/11/08 14:46:50 INFO session updated token=aee88aa9-e74b-41a7-9c6a-8530aa6474b0 tableID=0xc000141530 seatIndex=0xc00013f4a8
2025/11/08 14:46:50 INFO session removed token=aee88aa9-e74b-41a7-9c6a-8530aa6474b0
2025/11/08 14:46:50 INFO session created token=9d9e1c52-b693-4793-81f0-4ed1e322d834 name=User_66_29
2025/11/08 14:46:50 INFO session updated token=9d9e1c52-b693-4793-81f0-4ed1e322d834 tableID=0xc000141580 seatIndex=0xc00013f508
2025/11/08 14:46:50 INFO session removed token=9d9e1c52-b693-4793-81f0-4ed1e322d834
2025/11/08 14:46:50 INFO session created token=6d89c50d-971f-4ccf-9b80-b236e61ad70e name=User_66_30
2025/11/08 14:46:50 INFO session updated token=6d89c50d-971f-4ccf-9b80-b236e61ad70e tableID=0xc0001415d0 seatIndex=0xc00013f8c8
2025/11/08 14:46:50 INFO session removed token=6d89c50d-971f-4ccf-9b80-b236e61ad70e
2025/11/08 14:46:50 INFO session created token=db768cd5-8746-4867-935f-79f9c0e3ad77 name=User_66_31
2025/11/08 14:46:50 INFO session updated token=db768cd5-8746-4867-935f-79f9c0e3ad77 tableID=0xc000141620 seatIndex=0xc00013f918
2025/11/08 14:46:50 INFO session removed token=db768cd5-8746-4867-935f-79f9c0e3ad77
2025/11/08 14:46:50 INFO session created token=f62d0eaa-9007-4a62-ab35-9f03de245a77 name=User_66_32
2025/11/08 14:46:50 INFO session updated token=f62d0eaa-9007-4a62-ab35-9f03de245a77 tableID=0xc000141670 seatIndex=0xc00013f968
2025/11/08 14:46:50 INFO session removed token=f62d0eaa-9007-4a62-ab35-9f03de245a77
2025/11/08 14:46:50 INFO session created token=10089663-45da-445b-8cc7-88221fb7138d name=User_66_33
2025/11/08 14:46:50 INFO session updated token=10089663-45da-445b-8cc7-88221fb7138d tableID=0xc0001416c0 seatIndex=0xc00013f9b8
2025/11/08 14:46:50 INFO session removed token=10089663-45da-445b-8cc7-88221fb7138d
2025/11/08 14:46:50 INFO session created token=916fe3ca-75cc-4ea4-9ea0-45101929490a name=User_66_34
2025/11/08 14:46:50 INFO session updated token=916fe3ca-75cc-4ea4-9ea0-45101929490a tableID=0xc000141710 seatIndex=0xc00013fa08
2025/11/08 14:46:50 INFO session removed token=916fe3ca-75cc-4ea4-9ea0-45101929490a
2025/11/08 14:46:50 INFO session created token=9fad989d-8ddc-4879-8e89-27caaccaf58e name=User_66_35
2025/11/08 14:46:50 INFO session updated token=9fad989d-8ddc-4879-8e89-27caaccaf58e tableID=0xc000141760 seatIndex=0xc00013fa58
2025/11/08 14:46:50 INFO session removed token=9fad989d-8ddc-4879-8e89-27caaccaf58e
2025/11/08 14:46:50 INFO session created token=d50821c7-067f-4e94-a7ef-d50780c08d0f name=User_66_36
2025/11/08 14:46:50 INFO session updated token=d50821c7-067f-4e94-a7ef-d50780c08d0f tableID=0xc0001417b0 seatIndex=0xc00013faa8
2025/11/08 14:46:50 INFO session removed token=d50821c7-067f-4e94-a7ef-d50780c08d0f
2025/11/08 14:46:50 INFO session created token=ce77e699-5b6f-4e2d-9a95-e195bff8bbca name=User_66_37
2025/11/08 14:46:50 INFO session updated token=ce77e699-5b6f-4e2d-9a95-e195bff8bbca tableID=0xc000141800 seatIndex=0xc00013faf8
2025/11/08 14:46:50 INFO session removed token=ce77e699-5b6f-4e2d-9a95-e195bff8bbca
2025/11/08 14:46:50 INFO session created token=87bb6f8d-eed2-418a-8985-a1e22f874d19 name=User_66_38
2025/11/08 14:46:50 INFO session updated token=87bb6f8d-eed2-418a-8985-a1e22f874d19 tableID=0xc000141850 seatIndex=0xc00013fb48
2025/11/08 14:46:50 INFO session removed token=87bb6f8d-eed2-418a-8985-a1e22f874d19
2025/11/08 14:46:50 INFO session created token=1b31dc50-4bca-4f65-8203-63c7a99ad68d name=User_66_39
2025/11/08 14:46:50 INFO session updated token=1b31dc50-4bca-4f65-8203-63c7a99ad68d tableID=0xc0001418a0 seatIndex=0xc00013fb98
2025/11/08 14:46:50 INFO session removed token=1b31dc50-4bca-4f65-8203-63c7a99ad68d
2025/11/08 14:46:50 INFO session created token=d38750e1-47ce-494e-94fd-c865f2c06ddf name=User_66_40
2025/11/08 14:46:50 INFO session updated token=d38750e1-47ce-494e-94fd-c865f2c06ddf tableID=0xc0001418f0 seatIndex=0xc00013fbe8
2025/11/08 14:46:50 INFO session removed token=d38750e1-47ce-494e-94fd-c865f2c06ddf
2025/11/08 14:46:50 INFO session created token=2cd0ebf5-1d4c-4872-a3ba-075cc8ecb3fa name=User_66_41
2025/11/08 14:46:50 INFO session updated token=2cd0ebf5-1d4c-4872-a3ba-075cc8ecb3fa tableID=0xc000141940 seatIndex=0xc00013fc38
2025/11/08 14:46:50 INFO session removed token=2cd0ebf5-1d4c-4872-a3ba-075cc8ecb3fa
2025/11/08 14:46:50 INFO session created token=996bcde0-7a2c-4aa4-ba4d-2efdfac305ec name=User_66_42
2025/11/08 14:46:50 INFO session updated token=996bcde0-7a2c-4aa4-ba4d-2efdfac305ec tableID=0xc000141990 seatIndex=0xc00013fc88
2025/11/08 14:46:50 INFO session removed token=996bcde0-7a2c-4aa4-ba4d-2efdfac305ec
2025/11/08 14:46:50 INFO session created token=08cbbb1c-83f3-4883-b8cb-9ee3fc52a8f2 name=User_66_43
2025/11/08 14:46:50 INFO session updated token=08cbbb1c-83f3-4883-b8cb-9ee3fc52a8f2 tableID=0xc0001419e0 seatIndex=0xc00013fcd8
2025/11/08 14:46:50 INFO session removed token=08cbbb1c-83f3-4883-b8cb-9ee3fc52a8f2
2025/11/08 14:46:50 INFO session created token=614bdbaa-a6a9-4310-a1f8-8bb181ee0fe6 name=User_66_44
2025/11/08 14:46:50 INFO session updated token=614bdbaa-a6a9-4310-a1f8-8bb181ee0fe6 tableID=0xc000141a30 seatIndex=0xc00013fd28
2025/11/08 14:46:50 INFO session removed token=614bdbaa-a6a9-4310-a1f8-8bb181ee0fe6
2025/11/08 14:46:50 INFO session created token=605410ec-41b1-4d11-ad58-6fcd6e569214 name=User_66_45
2025/11/08 14:46:50 INFO session updated token=605410ec-41b1-4d11-ad58-6fcd6e569214 tableID=0xc000141a80 seatIndex=0xc00013fd78
2025/11/08 14:46:50 INFO session removed token=605410ec-41b1-4d11-ad58-6fcd6e569214
2025/11/08 14:46:50 INFO session created token=30f80622-fcf7-4f2c-b9eb-f756aa89e30c name=User_66_46
2025/11/08 14:46:50 INFO session updated token=30f80622-fcf7-4f2c-b9eb-f756aa89e30c tableID=0xc000141ad0 seatIndex=0xc00013fdc8
2025/11/08 14:46:50 INFO session removed token=30f80622-fcf7-4f2c-b9eb-f756aa89e30c
2025/11/08 14:46:50 INFO session created token=9fe2c902-1a7d-4f71-8205-f81a84aad254 name=User_66_47
2025/11/08 14:46:50 INFO session updated token=9fe2c902-1a7d-4f71-8205-f81a84aad254 tableID=0xc000141b20 seatIndex=0xc00013fe18
2025/11/08 14:46:50 INFO session removed token=9fe2c902-1a7d-4f71-8205-f81a84aad254
2025/11/08 14:46:50 INFO session created token=5f1b6e5e-fff2-45bf-b78b-48801f65a612 name=User_66_48
2025/11/08 14:46:50 INFO session updated token=5f1b6e5e-fff2-45bf-b78b-48801f65a612 tableID=0xc000141b70 seatIndex=0xc00013fe68
2025/11/08 14:46:50 INFO session removed token=5f1b6e5e-fff2-45bf-b78b-48801f65a612
2025/11/08 14:46:50 INFO session created token=1b8d10c5-b1aa-4ed8-a813-9d692cb65c8f name=User_66_49
2025/11/08 14:46:50 INFO session updated token=1b8d10c5-b1aa-4ed8-a813-9d692cb65c8f tableID=0xc000141bc0 seatIndex=0xc00013feb8
2025/11/08 14:46:50 INFO session removed token=1b8d10c5-b1aa-4ed8-a813-9d692cb65c8f
2025/11/08 14:46:50 INFO session created token=d568ad21-d871-4660-86ef-6f2499400068 name=User_66_50
2025/11/08 14:46:50 INFO session updated token=d568ad21-d871-4660-86ef-6f2499400068 tableID=0xc000141c10 seatIndex=0xc00013ff08
2025/11/08 14:46:50 INFO session removed token=d568ad21-d871-4660-86ef-6f2499400068
2025/11/08 14:46:50 INFO session created token=a8819560-e416-4965-8b47-73863e383851 name=User_66_51
2025/11/08 14:46:50 INFO session updated token=a8819560-e416-4965-8b47-73863e383851 tableID=0xc000141c60 seatIndex=0xc00013ff58
2025/11/08 14:46:50 INFO session removed token=a8819560-e416-4965-8b47-73863e383851
2025/11/08 14:46:50 INFO session created token=46e2bc89-e390-4fd5-828f-44919623658b name=User_66_52
2025/11/08 14:46:50 INFO session updated token=46e2bc89-e390-4fd5-828f-44919623658b tableID=0xc000141cb0 seatIndex=0xc00013ffa8
2025/11/08 14:46:50 INFO session removed token=46e2bc89-e390-4fd5-828f-44919623658b
2025/11/08 14:46:50 INFO session created token=c3e584a1-d8b2-4438-8d17-f35c41ef1d44 name=User_66_53
2025/11/08 14:46:50 INFO session updated token=c3e584a1-d8b2-4438-8d17-f35c41ef1d44 tableID=0xc000141d00 seatIndex=0xc00013fff8
2025/11/08 14:46:50 INFO session removed token=c3e584a1-d8b2-4438-8d17-f35c41ef1d44
2025/11/08 14:46:50 INFO session created token=b2cd1cfe-9e1e-4cf1-879e-7ecabbcf400d name=User_66_54
2025/11/08 14:46:50 INFO session updated token=b2cd1cfe-9e1e-4cf1-879e-7ecabbcf400d tableID=0xc000141d50 seatIndex=0xc0005e2048
2025/11/08 14:46:50 INFO session removed token=b2cd1cfe-9e1e-4cf1-879e-7ecabbcf400d
2025/11/08 14:46:50 INFO session created token=eaa5338d-c228-4e62-8318-38a8346ad92f name=User_66_55
2025/11/08 14:46:50 INFO session updated token=eaa5338d-c228-4e62-8318-38a8346ad92f tableID=0xc000141da0 seatIndex=0xc0005e2098
2025/11/08 14:46:50 INFO session removed token=eaa5338d-c228-4e62-8318-38a8346ad92f
2025/11/08 14:46:50 INFO session created token=469105d5-5a98-48c4-805c-6ba5eee2a508 name=User_66_56
2025/11/08 14:46:50 INFO session updated token=469105d5-5a98-48c4-805c-6ba5eee2a508 tableID=0xc000141df0 seatIndex=0xc0005e20e8
2025/11/08 14:46:50 INFO session removed token=469105d5-5a98-48c4-805c-6ba5eee2a508
2025/11/08 14:46:50 INFO session created token=6ebe2306-34a9-429b-bbbd-7d4fe58dbcd6 name=User_66_57
2025/11/08 14:46:50 INFO session updated token=6ebe2306-34a9-429b-bbbd-7d4fe58dbcd6 tableID=0xc000141e40 seatIndex=0xc0005e2138
2025/11/08 14:46:50 INFO session removed token=6ebe2306-34a9-429b-bbbd-7d4fe58dbcd6
2025/11/08 14:46:50 INFO session created token=ee2971f2-9cf5-43ed-9170-5bcae051ba1a name=User_66_58
2025/11/08 14:46:50 INFO session updated token=ee2971f2-9cf5-43ed-9170-5bcae051ba1a tableID=0xc000141e90 seatIndex=0xc0005e2188
2025/11/08 14:46:50 INFO session removed token=ee2971f2-9cf5-43ed-9170-5bcae051ba1a
2025/11/08 14:46:50 INFO session created token=d0105349-6a5b-45eb-aa04-b1e17851941e name=User_66_59
2025/11/08 14:46:50 INFO session updated token=d0105349-6a5b-45eb-aa04-b1e17851941e tableID=0xc000141ee0 seatIndex=0xc0005e21d8
2025/11/08 14:46:50 INFO session removed token=d0105349-6a5b-45eb-aa04-b1e17851941e
2025/11/08 14:46:50 INFO session created token=f62624f8-3e2f-41bd-906e-f170e4712316 name=User_66_60
2025/11/08 14:46:50 INFO session updated token=f62624f8-3e2f-41bd-906e-f170e4712316 tableID=0xc000141f30 seatIndex=0xc0005e2228
2025/11/08 14:46:50 INFO session removed token=f62624f8-3e2f-41bd-906e-f170e4712316
2025/11/08 14:46:50 INFO session created token=b2755feb-3520-4b15-8e82-99012f9b55b9 name=User_66_61
2025/11/08 14:46:50 INFO session updated token=b2755feb-3520-4b15-8e82-99012f9b55b9 tableID=0xc000660000 seatIndex=0xc0005e2278
2025/11/08 14:46:50 INFO session removed token=b2755feb-3520-4b15-8e82-99012f9b55b9
2025/11/08 14:46:50 INFO session created token=8c597b7d-a196-47f9-8382-9f32e0f9d36c name=User_66_62
2025/11/08 14:46:50 INFO session updated token=8c597b7d-a196-47f9-8382-9f32e0f9d36c tableID=0xc000660050 seatIndex=0xc0005e22c8
2025/11/08 14:46:50 INFO session removed token=8c597b7d-a196-47f9-8382-9f32e0f9d36c
2025/11/08 14:46:50 INFO session created token=37d15e12-e1ea-47bb-904b-bcdf716095d6 name=User_66_63
2025/11/08 14:46:50 INFO session updated token=37d15e12-e1ea-47bb-904b-bcdf716095d6 tableID=0xc0006600a0 seatIndex=0xc0005e2318
2025/11/08 14:46:50 INFO session removed token=37d15e12-e1ea-47bb-904b-bcdf716095d6
2025/11/08 14:46:50 INFO session created token=ff3f0247-1315-4a0b-ad2a-e1efcda1ee03 name=User_66_64
2025/11/08 14:46:50 INFO session updated token=ff3f0247-1315-4a0b-ad2a-e1efcda1ee03 tableID=0xc0006600f0 seatIndex=0xc0005e2368
2025/11/08 14:46:50 INFO session removed token=ff3f0247-1315-4a0b-ad2a-e1efcda1ee03
2025/11/08 14:46:50 INFO session created token=4e493359-d53d-4333-9ff3-5fa271a1e768 name=User_66_65
2025/11/08 14:46:50 INFO session updated token=4e493359-d53d-4333-9ff3-5fa271a1e768 tableID=0xc000660140 seatIndex=0xc0005e23b8
2025/11/08 14:46:50 INFO session removed token=4e493359-d53d-4333-9ff3-5fa271a1e768
2025/11/08 14:46:50 INFO session created token=92050252-b65a-4d7c-a2e0-bc2bf5f571c0 name=User_66_66
2025/11/08 14:46:50 INFO session updated token=92050252-b65a-4d7c-a2e0-bc2bf5f571c0 tableID=0xc000660190 seatIndex=0xc0005e2408
2025/11/08 14:46:50 INFO session removed token=92050252-b65a-4d7c-a2e0-bc2bf5f571c0
2025/11/08 14:46:50 INFO session created token=b58062d3-6b9d-4b38-a161-255e91c308dd name=User_66_67
2025/11/08 14:46:50 INFO session updated token=b58062d3-6b9d-4b38-a161-255e91c308dd tableID=0xc0006601e0 seatIndex=0xc0005e2458
2025/11/08 14:46:50 INFO session removed token=b58062d3-6b9d-4b38-a161-255e91c308dd
2025/11/08 14:46:50 INFO session created token=0c3d2654-49ad-431d-80aa-baa8b1f994df name=User_66_68
2025/11/08 14:46:50 INFO session updated token=0c3d2654-49ad-431d-80aa-baa8b1f994df tableID=0xc000660230 seatIndex=0xc0005e24a8
2025/11/08 14:46:50 INFO session removed token=0c3d2654-49ad-431d-80aa-baa8b1f994df
2025/11/08 14:46:50 INFO session created token=77639b76-7ebf-4db1-9b94-6d6c0ebfcae7 name=User_66_69
2025/11/08 14:46:50 INFO session updated token=77639b76-7ebf-4db1-9b94-6d6c0ebfcae7 tableID=0xc000660280 seatIndex=0xc0005e24f8
2025/11/08 14:46:50 INFO session removed token=77639b76-7ebf-4db1-9b94-6d6c0ebfcae7
2025/11/08 14:46:50 INFO session created token=7bf8c37b-5cd0-4b16-9c0c-a40e53493847 name=User_66_70
2025/11/08 14:46:50 INFO session updated token=7bf8c37b-5cd0-4b16-9c0c-a40e53493847 tableID=0xc0006602d0 seatIndex=0xc0005e2548
2025/11/08 14:46:50 INFO session removed token=7bf8c37b-5cd0-4b16-9c0c-a40e53493847
2025/11/08 14:46:50 INFO session created token=8d3b0c8c-c551-4e98-9955-615f25ee6750 name=User_66_71
2025/11/08 14:46:50 INFO session updated token=8d3b0c8c-c551-4e98-9955-615f25ee6750 tableID=0xc000660320 seatIndex=0xc0005e2598
2025/11/08 14:46:50 INFO session removed token=8d3b0c8c-c551-4e98-9955-615f25ee6750
2025/11/08 14:46:50 INFO session created token=6d5ec31a-431a-46df-b02f-c346b9bf942d name=User_66_72
2025/11/08 14:46:50 INFO session updated token=6d5ec31a-431a-46df-b02f-c346b9bf942d tableID=0xc000660370 seatIndex=0xc0005e25e8
2025/11/08 14:46:50 INFO session removed token=6d5ec31a-431a-46df-b02f-c346b9bf942d
2025/11/08 14:46:50 INFO session created token=001bf349-00bb-426e-bcac-b02ede56ec34 name=User_66_73
2025/11/08 14:46:50 INFO session updated token=001bf349-00bb-426e-bcac-b02ede56ec34 tableID=0xc0006603c0 seatIndex=0xc0005e2638
2025/11/08 14:46:50 INFO session removed token=001bf349-00bb-426e-bcac-b02ede56ec34
2025/11/08 14:46:50 INFO session created token=3ceea21c-fa83-427f-afee-266f82ae0a9e name=User_66_74
2025/11/08 14:46:50 INFO session updated token=3ceea21c-fa83-427f-afee-266f82ae0a9e tableID=0xc000660410 seatIndex=0xc0005e2688
2025/11/08 14:46:50 INFO session removed token=3ceea21c-fa83-427f-afee-266f82ae0a9e
2025/11/08 14:46:50 INFO session created token=2fa7dcd8-6899-406f-920b-0a8d2d3a5a6c name=User_66_75
2025/11/08 14:46:50 INFO session updated token=2fa7dcd8-6899-406f-920b-0a8d2d3a5a6c tableID=0xc000660460 seatIndex=0xc0005e26d8
2025/11/08 14:46:50 INFO session removed token=2fa7dcd8-6899-406f-920b-0a8d2d3a5a6c
2025/11/08 14:46:50 INFO session created token=a7e5c74a-3c13-4e27-a979-a50d8a2f97d6 name=User_66_76
2025/11/08 14:46:50 INFO session updated token=a7e5c74a-3c13-4e27-a979-a50d8a2f97d6 tableID=0xc0006604b0 seatIndex=0xc0005e2728
2025/11/08 14:46:50 INFO session removed token=a7e5c74a-3c13-4e27-a979-a50d8a2f97d6
2025/11/08 14:46:50 INFO session created token=8e9d1583-aaed-49df-81a4-a5b6f4953d64 name=User_66_77
2025/11/08 14:46:50 INFO session updated token=8e9d1583-aaed-49df-81a4-a5b6f4953d64 tableID=0xc000660500 seatIndex=0xc0005e2778
2025/11/08 14:46:50 INFO session removed token=8e9d1583-aaed-49df-81a4-a5b6f4953d64
2025/11/08 14:46:50 INFO session created token=837ba9f1-f79f-40a9-b2f2-947dc9509602 name=User_66_78
2025/11/08 14:46:50 INFO session updated token=837ba9f1-f79f-40a9-b2f2-947dc9509602 tableID=0xc000660550 seatIndex=0xc0005e27c8
2025/11/08 14:46:50 INFO session removed token=837ba9f1-f79f-40a9-b2f2-947dc9509602
2025/11/08 14:46:50 INFO session created token=0f15d372-a0a9-440f-a86d-ca58c364d1b2 name=User_66_79
2025/11/08 14:46:50 INFO session updated token=0f15d372-a0a9-440f-a86d-ca58c364d1b2 tableID=0xc0006605a0 seatIndex=0xc0005e2818
2025/11/08 14:46:50 INFO session removed token=0f15d372-a0a9-440f-a86d-ca58c364d1b2
2025/11/08 14:46:50 INFO session created token=ef999003-0055-4d94-ac19-d3aae6934f42 name=User_66_80
2025/11/08 14:46:50 INFO session updated token=ef999003-0055-4d94-ac19-d3aae6934f42 tableID=0xc0006605f0 seatIndex=0xc0005e2868
2025/11/08 14:46:50 INFO session removed token=ef999003-0055-4d94-ac19-d3aae6934f42
2025/11/08 14:46:50 INFO session created token=837cd78c-518e-4e05-9a75-bff3a5d265bc name=User_66_81
2025/11/08 14:46:50 INFO session updated token=837cd78c-518e-4e05-9a75-bff3a5d265bc tableID=0xc000660640 seatIndex=0xc0005e28b8
2025/11/08 14:46:50 INFO session removed token=837cd78c-518e-4e05-9a75-bff3a5d265bc
2025/11/08 14:46:50 INFO session created token=880449e4-ffd0-4b9a-b493-8694fdb3f31a name=User_66_82
2025/11/08 14:46:50 INFO session updated token=880449e4-ffd0-4b9a-b493-8694fdb3f31a tableID=0xc000660690 seatIndex=0xc0005e2908
2025/11/08 14:46:50 INFO session removed token=880449e4-ffd0-4b9a-b493-8694fdb3f31a
2025/11/08 14:46:50 INFO session created token=14ab75c5-229c-4bcc-a626-2a448a3a0441 name=User_66_83
2025/11/08 14:46:50 INFO session updated token=14ab75c5-229c-4bcc-a626-2a448a3a0441 tableID=0xc0006606e0 seatIndex=0xc0005e2958
2025/11/08 14:46:50 INFO session removed token=14ab75c5-229c-4bcc-a626-2a448a3a0441
2025/11/08 14:46:50 INFO session created token=33a515fc-23e0-473a-adbf-99f918a6396f name=User_66_84
2025/11/08 14:46:50 INFO session updated token=33a515fc-23e0-473a-adbf-99f918a6396f tableID=0xc000660730 seatIndex=0xc0005e29a8
2025/11/08 14:46:50 INFO session removed token=33a515fc-23e0-473a-adbf-99f918a6396f
2025/11/08 14:46:50 INFO session created token=b9ae3cb4-1881-4463-a6c4-e84cda7ae708 name=User_66_85
2025/11/08 14:46:50 INFO session updated token=b9ae3cb4-1881-4463-a6c4-e84cda7ae708 tableID=0xc000660780 seatIndex=0xc0005e29f8
2025/11/08 14:46:50 INFO session removed token=b9ae3cb4-1881-4463-a6c4-e84cda7ae708
2025/11/08 14:46:50 INFO session created token=75d41be6-d754-4982-aad4-ba267fa672d0 name=User_66_86
2025/11/08 14:46:50 INFO session updated token=75d41be6-d754-4982-aad4-ba267fa672d0 tableID=0xc0006607d0 seatIndex=0xc0005e2a48
2025/11/08 14:46:50 INFO session removed token=75d41be6-d754-4982-aad4-ba267fa672d0
2025/11/08 14:46:50 INFO session created token=779142ae-9027-46ea-9dc7-588889712637 name=User_66_87
2025/11/08 14:46:50 INFO session updated token=779142ae-9027-46ea-9dc7-588889712637 tableID=0xc000660820 seatIndex=0xc0005e2a98
2025/11/08 14:46:50 INFO session removed token=779142ae-9027-46ea-9dc7-588889712637
2025/11/08 14:46:50 INFO session created token=885af58b-9bad-4fec-b668-8912bcb5a765 name=User_66_88
2025/11/08 14:46:50 INFO session updated token=885af58b-9bad-4fec-b668-8912bcb5a765 tableID=0xc000660870 seatIndex=0xc0005e2ae8
2025/11/08 14:46:50 INFO session removed token=885af58b-9bad-4fec-b668-8912bcb5a765
2025/11/08 14:46:50 INFO session created token=92cc64e5-a7c9-488c-9a57-96f9cce93d5e name=User_66_89
2025/11/08 14:46:50 INFO session updated token=92cc64e5-a7c9-488c-9a57-96f9cce93d5e tableID=0xc0006608c0 seatIndex=0xc0005e2b38
2025/11/08 14:46:50 INFO session removed token=92cc64e5-a7c9-488c-9a57-96f9cce93d5e
2025/11/08 14:46:50 INFO session created token=180d4db1-7074-4f69-bf8b-e6c74fafefd7 name=User_66_90
2025/11/08 14:46:50 INFO session updated token=180d4db1-7074-4f69-bf8b-e6c74fafefd7 tableID=0xc000660910 seatIndex=0xc0005e2b88
2025/11/08 14:46:50 INFO session removed token=180d4db1-7074-4f69-bf8b-e6c74fafefd7
2025/11/08 14:46:50 INFO session created token=05110a4c-0a27-43da-8fd8-115f3281ffae name=User_66_91
2025/11/08 14:46:50 INFO session updated token=05110a4c-0a27-43da-8fd8-115f3281ffae tableID=0xc000660960 seatIndex=0xc0005e2bd8
2025/11/08 14:46:50 INFO session removed token=05110a4c-0a27-43da-8fd8-115f3281ffae
2025/11/08 14:46:50 INFO session created token=4b296792-f091-4615-8d67-8eeeb8e015b6 name=User_66_92
2025/11/08 14:46:50 INFO session updated token=4b296792-f091-4615-8d67-8eeeb8e015b6 tableID=0xc0006609b0 seatIndex=0xc0005e2c28
2025/11/08 14:46:50 INFO session removed token=4b296792-f091-4615-8d67-8eeeb8e015b6
2025/11/08 14:46:50 INFO session created token=8a2266d5-b8e9-4038-8bda-0bb8081a7afa name=User_66_93
2025/11/08 14:46:50 INFO session updated token=8a2266d5-b8e9-4038-8bda-0bb8081a7afa tableID=0xc000660a00 seatIndex=0xc0005e2c78
2025/11/08 14:46:50 INFO session removed token=8a2266d5-b8e9-4038-8bda-0bb8081a7afa
2025/11/08 14:46:50 INFO session created token=8a164b11-d994-4064-9d1e-4cd7a5c742f6 name=User_66_94
2025/11/08 14:46:50 INFO session updated token=8a164b11-d994-4064-9d1e-4cd7a5c742f6 tableID=0xc000660a50 seatIndex=0xc0005e2cc8
2025/11/08 14:46:50 INFO session removed token=8a164b11-d994-4064-9d1e-4cd7a5c742f6
2025/11/08 14:46:50 INFO session created token=88e2d376-4679-4a33-82b3-196ebbd5bff7 name=User_66_95
2025/11/08 14:46:50 INFO session updated token=88e2d376-4679-4a33-82b3-196ebbd5bff7 tableID=0xc000660aa0 seatIndex=0xc0005e2d18
2025/11/08 14:46:50 INFO session removed token=88e2d376-4679-4a33-82b3-196ebbd5bff7
2025/11/08 14:46:50 INFO session created token=67cc8160-1c0f-408a-bae3-9b7cdd0171f4 name=User_66_96
2025/11/08 14:46:50 INFO session updated token=67cc8160-1c0f-408a-bae3-9b7cdd0171f4 tableID=0xc000660af0 seatIndex=0xc0005e2d68
2025/11/08 14:46:50 INFO session removed token=67cc8160-1c0f-408a-bae3-9b7cdd0171f4
2025/11/08 14:46:50 INFO session created token=3d249902-9859-4488-84d2-92c90e190f9c name=User_66_97
2025/11/08 14:46:50 INFO session updated token=3d249902-9859-4488-84d2-92c90e190f9c tableID=0xc000660b40 seatIndex=0xc0005e2db8
2025/11/08 14:46:50 INFO session removed token=3d249902-9859-4488-84d2-92c90e190f9c
2025/11/08 14:46:50 INFO session created token=0a731654-0454-478b-8297-31cac24edb09 name=User_66_98
2025/11/08 14:46:50 INFO session updated token=0a731654-0454-478b-8297-31cac24edb09 tableID=0xc000660b90 seatIndex=0xc0005e2e08
2025/11/08 14:46:50 INFO session removed token=0a731654-0454-478b-8297-31cac24edb09
2025/11/08 14:46:50 INFO session created token=c9e049de-db61-4368-8d81-7fc51f964285 name=User_66_99
2025/11/08 14:46:50 INFO session updated token=c9e049de-db61-4368-8d81-7fc51f964285 tableID=0xc000660be0 seatIndex=0xc0005e2e58
2025/11/08 14:46:50 INFO session removed token=c9e049de-db61-4368-8d81-7fc51f964285
2025/11/08 14:46:50 INFO session created token=ba148e5b-a0b2-4884-84d0-ef208a9ebfca name=User_5_12
2025/11/08 14:46:50 INFO session updated token=ba148e5b-a0b2-4884-84d0-ef208a9ebfca tableID=0xc000660c30 seatIndex=0xc0005e2e88
2025/11/08 14:46:50 INFO session removed token=ba148e5b-a0b2-4884-84d0-ef208a9ebfca
2025/11/08 14:46:50 INFO session created token=764bdc1d-9664-4355-83ab-0eff5ccb4d14 name=User_5_13
2025/11/08 14:46:50 INFO session updated token=764bdc1d-9664-4355-83ab-0eff5ccb4d14 tableID=0xc000660ca0 seatIndex=0xc0005e2f00
2025/11/08 14:46:50 INFO session removed token=764bdc1d-9664-4355-83ab-0eff5ccb4d14
2025/11/08 14:46:50 INFO session created token=5db5eb7c-cc92-4384-a090-42b3713644d1 name=User_5_14
2025/11/08 14:46:50 INFO session updated token=5db5eb7c-cc92-4384-a090-42b3713644d1 tableID=0xc000660cf0 seatIndex=0xc0005e2f70
2025/11/08 14:46:50 INFO session removed token=5db5eb7c-cc92-4384-a090-42b3713644d1
2025/11/08 14:46:50 INFO session created token=04b3c1d0-a5cd-46ff-b998-70973d1889b6 name=User_5_15
2025/11/08 14:46:50 INFO session updated token=04b3c1d0-a5cd-46ff-b998-70973d1889b6 tableID=0xc000660d40 seatIndex=0xc0005e2fc0
2025/11/08 14:46:50 INFO session removed token=04b3c1d0-a5cd-46ff-b998-70973d1889b6
2025/11/08 14:46:50 INFO session created token=4c327265-86a6-4a04-b4fa-0b2dfd747a43 name=User_5_16
2025/11/08 14:46:50 INFO session updated token=4c327265-86a6-4a04-b4fa-0b2dfd747a43 tableID=0xc000660d90 seatIndex=0xc0005e3010
2025/11/08 14:46:50 INFO session removed token=4c327265-86a6-4a04-b4fa-0b2dfd747a43
2025/11/08 14:46:50 INFO session created token=1ca60b4a-95bb-43a8-b96e-9772f613165d name=User_5_17
2025/11/08 14:46:50 INFO session updated token=1ca60b4a-95bb-43a8-b96e-9772f613165d tableID=0xc000660de0 seatIndex=0xc0005e3060
2025/11/08 14:46:50 INFO session removed token=1ca60b4a-95bb-43a8-b96e-9772f613165d
2025/11/08 14:46:50 INFO session created token=21a9520e-33c5-49ee-8493-3c1a118e5b51 name=User_5_18
2025/11/08 14:46:50 INFO session updated token=21a9520e-33c5-49ee-8493-3c1a118e5b51 tableID=0xc000660e30 seatIndex=0xc0005e30b0
2025/11/08 14:46:50 INFO session removed token=21a9520e-33c5-49ee-8493-3c1a118e5b51
2025/11/08 14:46:50 INFO session created token=c52e2b32-70c1-401e-a58f-cdac3bf045ea name=User_5_19
2025/11/08 14:46:50 INFO session updated token=c52e2b32-70c1-401e-a58f-cdac3bf045ea tableID=0xc000660e80 seatIndex=0xc0005e3100
2025/11/08 14:46:50 INFO session removed token=c52e2b32-70c1-401e-a58f-cdac3bf045ea
2025/11/08 14:46:50 INFO session created token=d380f7be-0153-4ab1-a9ed-67840164113f name=User_5_20
2025/11/08 14:46:50 INFO session updated token=d380f7be-0153-4ab1-a9ed-67840164113f tableID=0xc000660ed0 seatIndex=0xc0005e3150
2025/11/08 14:46:50 INFO session removed token=d380f7be-0153-4ab1-a9ed-67840164113f
2025/11/08 14:46:50 INFO session created token=6afaf320-89dd-4b77-9574-909270f5dbb9 name=User_5_21
2025/11/08 14:46:50 INFO session updated token=6afaf320-89dd-4b77-9574-909270f5dbb9 tableID=0xc000660f20 seatIndex=0xc0005e31a0
2025/11/08 14:46:50 INFO session removed token=6afaf320-89dd-4b77-9574-909270f5dbb9
2025/11/08 14:46:50 INFO session created token=5883f17f-6e03-49ff-9b81-5a1435cf740a name=User_5_22
2025/11/08 14:46:50 INFO session updated token=5883f17f-6e03-49ff-9b81-5a1435cf740a tableID=0xc000660f70 seatIndex=0xc0005e31f0
2025/11/08 14:46:50 INFO session removed token=5883f17f-6e03-49ff-9b81-5a1435cf740a
2025/11/08 14:46:50 INFO session created token=6caaa81d-2473-4a3c-9c28-331792a28cda name=User_5_23
2025/11/08 14:46:50 INFO session updated token=6caaa81d-2473-4a3c-9c28-331792a28cda tableID=0xc000660fc0 seatIndex=0xc0005e3240
2025/11/08 14:46:50 INFO session removed token=6caaa81d-2473-4a3c-9c28-331792a28cda
2025/11/08 14:46:50 INFO session created token=109d596e-e389-43b9-9df4-8c57b237dcac name=User_5_24
2025/11/08 14:46:50 INFO session updated token=109d596e-e389-43b9-9df4-8c57b237dcac tableID=0xc000661010 seatIndex=0xc0005e3290
2025/11/08 14:46:50 INFO session removed token=109d596e-e389-43b9-9df4-8c57b237dcac
2025/11/08 14:46:50 INFO session created token=5c9085b4-103e-4791-bde5-50dd6ae7b840 name=User_5_25
2025/11/08 14:46:50 INFO session updated token=5c9085b4-103e-4791-bde5-50dd6ae7b840 tableID=0xc000661060 seatIndex=0xc0005e32e0
2025/11/08 14:46:50 INFO session removed token=5c9085b4-103e-4791-bde5-50dd6ae7b840
2025/11/08 14:46:50 INFO session created token=8f1d1e7a-7323-43fa-9826-858ae5ee6b59 name=User_5_26
2025/11/08 14:46:50 INFO session updated token=8f1d1e7a-7323-43fa-9826-858ae5ee6b59 tableID=0xc0006610b0 seatIndex=0xc0005e3330
2025/11/08 14:46:50 INFO session removed token=8f1d1e7a-7323-43fa-9826-858ae5ee6b59
2025/11/08 14:46:50 INFO session created token=bb677c14-8bd4-437d-8b02-677d7de81e03 name=User_5_27
2025/11/08 14:46:50 INFO session updated token=bb677c14-8bd4-437d-8b02-677d7de81e03 tableID=0xc000661100 seatIndex=0xc0005e3380
2025/11/08 14:46:50 INFO session removed token=bb677c14-8bd4-437d-8b02-677d7de81e03
2025/11/08 14:46:50 INFO session created token=e7823cf7-ae80-4bd7-a610-aec3b7eaf49d name=User_5_28
2025/11/08 14:46:50 INFO session updated token=e7823cf7-ae80-4bd7-a610-aec3b7eaf49d tableID=0xc000661150 seatIndex=0xc0005e33d0
2025/11/08 14:46:50 INFO session removed token=e7823cf7-ae80-4bd7-a610-aec3b7eaf49d
2025/11/08 14:46:50 INFO session created token=419038e6-2c82-4da9-beef-d53cad156f3b name=User_5_29
2025/11/08 14:46:50 INFO session updated token=419038e6-2c82-4da9-beef-d53cad156f3b tableID=0xc0006611a0 seatIndex=0xc0005e3420
2025/11/08 14:46:50 INFO session removed token=419038e6-2c82-4da9-beef-d53cad156f3b
2025/11/08 14:46:50 INFO session created token=ecf64b40-3318-49b5-b5e7-c03772734d7a name=User_5_30
2025/11/08 14:46:50 INFO session updated token=ecf64b40-3318-49b5-b5e7-c03772734d7a tableID=0xc0006611f0 seatIndex=0xc0005e3470
2025/11/08 14:46:50 INFO session removed token=ecf64b40-3318-49b5-b5e7-c03772734d7a
2025/11/08 14:46:50 INFO session created token=5e48bc89-de7d-494d-9c8a-704fa7e5c76d name=User_5_31
2025/11/08 14:46:50 INFO session updated token=5e48bc89-de7d-494d-9c8a-704fa7e5c76d tableID=0xc000661240 seatIndex=0xc0005e34c0
2025/11/08 14:46:50 INFO session removed token=5e48bc89-de7d-494d-9c8a-704fa7e5c76d
2025/11/08 14:46:50 INFO session created token=6aca11bf-931e-4131-ab76-56ce2baf6a07 name=User_5_32
2025/11/08 14:46:50 INFO session updated token=6aca11bf-931e-4131-ab76-56ce2baf6a07 tableID=0xc000661290 seatIndex=0xc0005e3510
2025/11/08 14:46:50 INFO session removed token=6aca11bf-931e-4131-ab76-56ce2baf6a07
2025/11/08 14:46:50 INFO session created token=78990d31-b605-4d86-a875-8699c518ebfe name=User_5_33
2025/11/08 14:46:50 INFO session updated token=78990d31-b605-4d86-a875-8699c518ebfe tableID=0xc0006612e0 seatIndex=0xc0005e3560
2025/11/08 14:46:50 INFO session removed token=78990d31-b605-4d86-a875-8699c518ebfe
2025/11/08 14:46:50 INFO session created token=3d75222d-cb09-45f4-81ec-d4d790a59b78 name=User_5_34
2025/11/08 14:46:50 INFO session updated token=3d75222d-cb09-45f4-81ec-d4d790a59b78 tableID=0xc000661330 seatIndex=0xc0005e35b0
2025/11/08 14:46:50 INFO session removed token=3d75222d-cb09-45f4-81ec-d4d790a59b78
2025/11/08 14:46:50 INFO session created token=f332e800-f4a8-46d6-b9de-45d847742f51 name=User_5_35
2025/11/08 14:46:50 INFO session updated token=f332e800-f4a8-46d6-b9de-45d847742f51 tableID=0xc000661380 seatIndex=0xc0005e3600
2025/11/08 14:46:50 INFO session removed token=f332e800-f4a8-46d6-b9de-45d847742f51
2025/11/08 14:46:50 INFO session created token=1d17f780-52db-45cc-8ae4-704ecdc5e0bd name=User_5_36
2025/11/08 14:46:50 INFO session updated token=1d17f780-52db-45cc-8ae4-704ecdc5e0bd tableID=0xc0006613d0 seatIndex=0xc0005e3650
2025/11/08 14:46:50 INFO session removed token=1d17f780-52db-45cc-8ae4-704ecdc5e0bd
2025/11/08 14:46:50 INFO session created token=f6277fb8-cd80-454f-b923-6de82c0fd662 name=User_5_37
2025/11/08 14:46:50 INFO session updated token=f6277fb8-cd80-454f-b923-6de82c0fd662 tableID=0xc000661420 seatIndex=0xc0005e36a0
2025/11/08 14:46:50 INFO session removed token=f6277fb8-cd80-454f-b923-6de82c0fd662
2025/11/08 14:46:50 INFO session created token=296c11a5-ce64-4d68-a76b-69ae5d44cbab name=User_5_38
2025/11/08 14:46:50 INFO session updated token=296c11a5-ce64-4d68-a76b-69ae5d44cbab tableID=0xc000661470 seatIndex=0xc0005e36f0
2025/11/08 14:46:50 INFO session removed token=296c11a5-ce64-4d68-a76b-69ae5d44cbab
2025/11/08 14:46:50 INFO session created token=f747f6ea-cf91-482f-a92a-7adda3145e99 name=User_5_39
2025/11/08 14:46:50 INFO session updated token=f747f6ea-cf91-482f-a92a-7adda3145e99 tableID=0xc0006614c0 seatIndex=0xc0005e3740
2025/11/08 14:46:50 INFO session removed token=f747f6ea-cf91-482f-a92a-7adda3145e99
2025/11/08 14:46:50 INFO session created token=467ab75e-5500-4f4a-8870-c49c3df8be5a name=User_5_40
2025/11/08 14:46:50 INFO session updated token=467ab75e-5500-4f4a-8870-c49c3df8be5a tableID=0xc000661510 seatIndex=0xc0005e3790
2025/11/08 14:46:50 INFO session removed token=467ab75e-5500-4f4a-8870-c49c3df8be5a
2025/11/08 14:46:50 INFO session created token=9dd26447-0a33-4752-87bd-586873e3e0b1 name=User_5_41
2025/11/08 14:46:50 INFO session updated token=9dd26447-0a33-4752-87bd-586873e3e0b1 tableID=0xc000661560 seatIndex=0xc0005e37e0
2025/11/08 14:46:50 INFO session removed token=9dd26447-0a33-4752-87bd-586873e3e0b1
2025/11/08 14:46:50 INFO session created token=49ddc1be-113e-4367-8c90-db67e7f00602 name=User_5_42
2025/11/08 14:46:50 INFO session updated token=49ddc1be-113e-4367-8c90-db67e7f00602 tableID=0xc0006615b0 seatIndex=0xc0005e3830
2025/11/08 14:46:50 INFO session removed token=49ddc1be-113e-4367-8c90-db67e7f00602
2025/11/08 14:46:50 INFO session created token=0dc07e85-4887-4f84-acbf-a046764a74b5 name=User_5_43
2025/11/08 14:46:50 INFO session updated token=0dc07e85-4887-4f84-acbf-a046764a74b5 tableID=0xc000661600 seatIndex=0xc0005e3880
2025/11/08 14:46:50 INFO session removed token=0dc07e85-4887-4f84-acbf-a046764a74b5
2025/11/08 14:46:50 INFO session created token=63e7e44f-c584-451e-948e-bb3b64c95760 name=User_5_44
2025/11/08 14:46:50 INFO session updated token=63e7e44f-c584-451e-948e-bb3b64c95760 tableID=0xc000661650 seatIndex=0xc0005e38d0
2025/11/08 14:46:50 INFO session removed token=63e7e44f-c584-451e-948e-bb3b64c95760
2025/11/08 14:46:50 INFO session created token=6fd2bec7-ca85-49d9-aed6-e625e08ee127 name=User_5_45
2025/11/08 14:46:50 INFO session updated token=6fd2bec7-ca85-49d9-aed6-e625e08ee127 tableID=0xc0006616a0 seatIndex=0xc0005e3920
2025/11/08 14:46:50 INFO session removed token=6fd2bec7-ca85-49d9-aed6-e625e08ee127
2025/11/08 14:46:50 INFO session created token=ff3b2e82-687f-441b-bf32-854ce5bc04f0 name=User_5_46
2025/11/08 14:46:50 INFO session updated token=ff3b2e82-687f-441b-bf32-854ce5bc04f0 tableID=0xc0006616f0 seatIndex=0xc0005e3970
2025/11/08 14:46:50 INFO session removed token=ff3b2e82-687f-441b-bf32-854ce5bc04f0
2025/11/08 14:46:50 INFO session created token=05b820d4-558f-4b82-9351-3125917d54cc name=User_5_47
2025/11/08 14:46:50 INFO session updated token=05b820d4-558f-4b82-9351-3125917d54cc tableID=0xc000661750 seatIndex=0xc0005e39c0
2025/11/08 14:46:50 INFO session removed token=05b820d4-558f-4b82-9351-3125917d54cc
2025/11/08 14:46:50 INFO session created token=e7d25122-56a3-46d9-be46-9391430e39dc name=User_5_48
2025/11/08 14:46:50 INFO session updated token=e7d25122-56a3-46d9-be46-9391430e39dc tableID=0xc0006617a0 seatIndex=0xc0005e3a10
2025/11/08 14:46:50 INFO session removed token=e7d25122-56a3-46d9-be46-9391430e39dc
2025/11/08 14:46:50 INFO session created token=010dcff6-26af-4367-8f74-39365333af69 name=User_5_49
2025/11/08 14:46:50 INFO session updated token=010dcff6-26af-4367-8f74-39365333af69 tableID=0xc0006617f0 seatIndex=0xc0005e3a60
2025/11/08 14:46:50 INFO session removed token=010dcff6-26af-4367-8f74-39365333af69
2025/11/08 14:46:50 INFO session created token=a8fd88ea-320f-4f0e-82ed-bac2c35e4cea name=User_5_50
2025/11/08 14:46:50 INFO session updated token=a8fd88ea-320f-4f0e-82ed-bac2c35e4cea tableID=0xc000661840 seatIndex=0xc0005e3ab0
2025/11/08 14:46:50 INFO session removed token=a8fd88ea-320f-4f0e-82ed-bac2c35e4cea
2025/11/08 14:46:50 INFO session created token=e0c7c100-344c-4b3a-adc5-365376c79861 name=User_5_51
2025/11/08 14:46:50 INFO session updated token=e0c7c100-344c-4b3a-adc5-365376c79861 tableID=0xc000661890 seatIndex=0xc0005e3b00
2025/11/08 14:46:50 INFO session removed token=e0c7c100-344c-4b3a-adc5-365376c79861
2025/11/08 14:46:50 INFO session created token=6e33629c-4555-4432-a770-b207d1c04c06 name=User_5_52
2025/11/08 14:46:50 INFO session updated token=6e33629c-4555-4432-a770-b207d1c04c06 tableID=0xc0006618e0 seatIndex=0xc0005e3b50
2025/11/08 14:46:50 INFO session removed token=6e33629c-4555-4432-a770-b207d1c04c06
2025/11/08 14:46:50 INFO session created token=bc92cf15-db3a-4545-8416-faf540fe0e68 name=User_5_53
2025/11/08 14:46:50 INFO session updated token=bc92cf15-db3a-4545-8416-faf540fe0e68 tableID=0xc000661930 seatIndex=0xc0005e3ba0
2025/11/08 14:46:50 INFO session removed token=bc92cf15-db3a-4545-8416-faf540fe0e68
2025/11/08 14:46:50 INFO session created token=aac89911-7105-49ba-b3a1-69ffbb3ff53c name=User_5_54
2025/11/08 14:46:50 INFO session updated token=aac89911-7105-49ba-b3a1-69ffbb3ff53c tableID=0xc000661980 seatIndex=0xc0005e3bf0
2025/11/08 14:46:50 INFO session removed token=aac89911-7105-49ba-b3a1-69ffbb3ff53c
2025/11/08 14:46:50 INFO session created token=f33610d4-b600-4850-ae25-cb50c2c2326c name=User_5_55
2025/11/08 14:46:50 INFO session updated token=f33610d4-b600-4850-ae25-cb50c2c2326c tableID=0xc0006619d0 seatIndex=0xc0005e3c40
2025/11/08 14:46:50 INFO session removed token=f33610d4-b600-4850-ae25-cb50c2c2326c
2025/11/08 14:46:50 INFO session created token=4a74be58-e617-47c5-a5ab-21e6e72c3d31 name=User_5_56
2025/11/08 14:46:50 INFO session updated token=4a74be58-e617-47c5-a5ab-21e6e72c3d31 tableID=0xc000661a20 seatIndex=0xc0005e3c90
2025/11/08 14:46:50 INFO session removed token=4a74be58-e617-47c5-a5ab-21e6e72c3d31
2025/11/08 14:46:50 INFO session created token=42dd5cca-5cac-4d27-815c-8167cec26c79 name=User_5_57
2025/11/08 14:46:50 INFO session updated token=42dd5cca-5cac-4d27-815c-8167cec26c79 tableID=0xc000661a70 seatIndex=0xc0005e3ce0
2025/11/08 14:46:50 INFO session removed token=42dd5cca-5cac-4d27-815c-8167cec26c79
2025/11/08 14:46:50 INFO session created token=aeba2804-efc4-4217-b211-cd033bce66d6 name=User_5_58
2025/11/08 14:46:50 INFO session updated token=aeba2804-efc4-4217-b211-cd033bce66d6 tableID=0xc000661ac0 seatIndex=0xc0005e3d30
2025/11/08 14:46:50 INFO session removed token=aeba2804-efc4-4217-b211-cd033bce66d6
2025/11/08 14:46:50 INFO session created token=0996e7a9-f636-4292-963a-be6262a7fa79 name=User_5_59
2025/11/08 14:46:50 INFO session updated token=0996e7a9-f636-4292-963a-be6262a7fa79 tableID=0xc000661b10 seatIndex=0xc0005e3d80
2025/11/08 14:46:50 INFO session removed token=0996e7a9-f636-4292-963a-be6262a7fa79
2025/11/08 14:46:50 INFO session created token=a6325549-63ed-4b33-ab72-c8311eab0eb6 name=User_5_60
2025/11/08 14:46:50 INFO session updated token=a6325549-63ed-4b33-ab72-c8311eab0eb6 tableID=0xc000661b60 seatIndex=0xc0005e3dd0
2025/11/08 14:46:50 INFO session removed token=a6325549-63ed-4b33-ab72-c8311eab0eb6
2025/11/08 14:46:50 INFO session created token=5e2df1a6-2f8d-4afd-8ddb-c3e97826174d name=User_5_61
2025/11/08 14:46:50 INFO session updated token=5e2df1a6-2f8d-4afd-8ddb-c3e97826174d tableID=0xc000661bb0 seatIndex=0xc0005e3e20
2025/11/08 14:46:50 INFO session removed token=5e2df1a6-2f8d-4afd-8ddb-c3e97826174d
2025/11/08 14:46:50 INFO session created token=1cc0ed49-58a6-4b9d-af1d-5d7f4bb40bd7 name=User_5_62
2025/11/08 14:46:50 INFO session updated token=1cc0ed49-58a6-4b9d-af1d-5d7f4bb40bd7 tableID=0xc000661c00 seatIndex=0xc0005e3e70
2025/11/08 14:46:50 INFO session removed token=1cc0ed49-58a6-4b9d-af1d-5d7f4bb40bd7
2025/11/08 14:46:50 INFO session created token=91def7ec-2091-4716-879d-e774a7213d49 name=User_5_63
2025/11/08 14:46:50 INFO session updated token=91def7ec-2091-4716-879d-e774a7213d49 tableID=0xc000661c50 seatIndex=0xc0005e3ec0
2025/11/08 14:46:50 INFO session removed token=91def7ec-2091-4716-879d-e774a7213d49
2025/11/08 14:46:50 INFO session created token=9fe85be5-c8dd-424c-9423-eac2194ecc71 name=User_5_64
2025/11/08 14:46:50 INFO session updated token=9fe85be5-c8dd-424c-9423-eac2194ecc71 tableID=0xc000661ca0 seatIndex=0xc0005e3f10
2025/11/08 14:46:50 INFO session removed token=9fe85be5-c8dd-424c-9423-eac2194ecc71
2025/11/08 14:46:50 INFO session created token=df7b2bca-52bf-4b41-bd3b-c6d7102ef924 name=User_5_65
2025/11/08 14:46:50 INFO session updated token=df7b2bca-52bf-4b41-bd3b-c6d7102ef924 tableID=0xc000661cf0 seatIndex=0xc0005e3f60
2025/11/08 14:46:50 INFO session removed token=df7b2bca-52bf-4b41-bd3b-c6d7102ef924
2025/11/08 14:46:50 INFO session created token=e29daf3b-5366-4e69-bf52-ba46c9e7c458 name=User_5_66
2025/11/08 14:46:50 INFO session updated token=e29daf3b-5366-4e69-bf52-ba46c9e7c458 tableID=0xc000661d40 seatIndex=0xc0005e3fb0
2025/11/08 14:46:50 INFO session removed token=e29daf3b-5366-4e69-bf52-ba46c9e7c458
2025/11/08 14:46:50 INFO session created token=a43867ac-d854-4e79-b150-20372ce0680b name=User_5_67
2025/11/08 14:46:50 INFO session updated token=a43867ac-d854-4e79-b150-20372ce0680b tableID=0xc000661d90 seatIndex=0xc000662000
2025/11/08 14:46:50 INFO session removed token=a43867ac-d854-4e79-b150-20372ce0680b
2025/11/08 14:46:50 INFO session created token=9914bb5f-b17a-4c32-9d40-9239252b8f39 name=User_5_68
2025/11/08 14:46:50 INFO session updated token=9914bb5f-b17a-4c32-9d40-9239252b8f39 tableID=0xc000661de0 seatIndex=0xc000662050
2025/11/08 14:46:50 INFO session removed token=9914bb5f-b17a-4c32-9d40-9239252b8f39
2025/11/08 14:46:50 INFO session created token=ff127a96-c656-47db-9577-e8ae06d84bcd name=User_5_69
2025/11/08 14:46:50 INFO session updated token=ff127a96-c656-47db-9577-e8ae06d84bcd tableID=0xc000661e30 seatIndex=0xc0006620a0
2025/11/08 14:46:50 INFO session removed token=ff127a96-c656-47db-9577-e8ae06d84bcd
2025/11/08 14:46:50 INFO session created token=d9eebc27-8c12-4479-b280-14d8620ca002 name=User_5_70
2025/11/08 14:46:50 INFO session updated token=d9eebc27-8c12-4479-b280-14d8620ca002 tableID=0xc000661e80 seatIndex=0xc0006620f0
2025/11/08 14:46:50 INFO session removed token=d9eebc27-8c12-4479-b280-14d8620ca002
2025/11/08 14:46:50 INFO session created token=d50cc807-7386-441f-bc20-2c3f955786ae name=User_5_71
2025/11/08 14:46:50 INFO session updated token=d50cc807-7386-441f-bc20-2c3f955786ae tableID=0xc000661ed0 seatIndex=0xc000662140
2025/11/08 14:46:50 INFO session removed token=d50cc807-7386-441f-bc20-2c3f955786ae
2025/11/08 14:46:50 INFO session created token=3ddef6b6-3428-4624-86fb-d77e226abf81 name=User_5_72
2025/11/08 14:46:50 INFO session updated token=3ddef6b6-3428-4624-86fb-d77e226abf81 tableID=0xc000661f20 seatIndex=0xc000662190
2025/11/08 14:46:50 INFO session removed token=3ddef6b6-3428-4624-86fb-d77e226abf81
2025/11/08 14:46:50 INFO session created token=daa22d1c-ed81-4993-b3e0-568ae0241919 name=User_5_73
2025/11/08 14:46:50 INFO session updated token=daa22d1c-ed81-4993-b3e0-568ae0241919 tableID=0xc000661f70 seatIndex=0xc0006621e0
2025/11/08 14:46:50 INFO session removed token=daa22d1c-ed81-4993-b3e0-568ae0241919
2025/11/08 14:46:50 INFO session created token=9e4708fd-a6fd-4668-8818-3d21dd3cbc35 name=User_5_74
2025/11/08 14:46:50 INFO session updated token=9e4708fd-a6fd-4668-8818-3d21dd3cbc35 tableID=0xc000182040 seatIndex=0xc000662230
2025/11/08 14:46:50 INFO session removed token=9e4708fd-a6fd-4668-8818-3d21dd3cbc35
2025/11/08 14:46:50 INFO session created token=4845c5eb-f6f9-44bc-ba1d-4556932300a4 name=User_5_75
2025/11/08 14:46:50 INFO session updated token=4845c5eb-f6f9-44bc-ba1d-4556932300a4 tableID=0xc000182090 seatIndex=0xc000662280
2025/11/08 14:46:50 INFO session removed token=4845c5eb-f6f9-44bc-ba1d-4556932300a4
2025/11/08 14:46:50 INFO session created token=b1e42dbe-b461-45da-980d-6f9dc7985161 name=User_5_76
2025/11/08 14:46:50 INFO session updated token=b1e42dbe-b461-45da-980d-6f9dc7985161 tableID=0xc0001820e0 seatIndex=0xc0006622d0
2025/11/08 14:46:50 INFO session removed token=b1e42dbe-b461-45da-980d-6f9dc7985161
2025/11/08 14:46:50 INFO session created token=cd22c3ae-a6e3-47c9-8ccd-0b012f5c0d59 name=User_5_77
2025/11/08 14:46:50 INFO session updated token=cd22c3ae-a6e3-47c9-8ccd-0b012f5c0d59 tableID=0xc000182130 seatIndex=0xc000662320
2025/11/08 14:46:50 INFO session removed token=cd22c3ae-a6e3-47c9-8ccd-0b012f5c0d59
2025/11/08 14:46:50 INFO session created token=1e767623-6a76-48c2-a358-af3ceb4701b1 name=User_5_78
2025/11/08 14:46:50 INFO session updated token=1e767623-6a76-48c2-a358-af3ceb4701b1 tableID=0xc000182180 seatIndex=0xc000662370
2025/11/08 14:46:50 INFO session removed token=1e767623-6a76-48c2-a358-af3ceb4701b1
2025/11/08 14:46:50 INFO session created token=7ad68c46-a183-40b6-8ff6-df0fe0207abc name=User_5_79
2025/11/08 14:46:50 INFO session updated token=7ad68c46-a183-40b6-8ff6-df0fe0207abc tableID=0xc0001821d0 seatIndex=0xc0006623c0
2025/11/08 14:46:50 INFO session removed token=7ad68c46-a183-40b6-8ff6-df0fe0207abc
2025/11/08 14:46:50 INFO session created token=960f4151-e3af-47e6-89ab-cd39e9dbc5d4 name=User_5_80
2025/11/08 14:46:50 INFO session updated token=960f4151-e3af-47e6-89ab-cd39e9dbc5d4 tableID=0xc000182220 seatIndex=0xc000662410
2025/11/08 14:46:50 INFO session removed token=960f4151-e3af-47e6-89ab-cd39e9dbc5d4
2025/11/08 14:46:50 INFO session created token=0ea1e402-66b2-443d-91b7-33770f0cfe30 name=User_5_81
2025/11/08 14:46:50 INFO session updated token=0ea1e402-66b2-443d-91b7-33770f0cfe30 tableID=0xc000182270 seatIndex=0xc000662460
2025/11/08 14:46:50 INFO session removed token=0ea1e402-66b2-443d-91b7-33770f0cfe30
2025/11/08 14:46:50 INFO session created token=0b6e1c2c-5580-4d4e-9102-0151c9fcb3eb name=User_5_82
2025/11/08 14:46:50 INFO session updated token=0b6e1c2c-5580-4d4e-9102-0151c9fcb3eb tableID=0xc0001822c0 seatIndex=0xc0006624b0
2025/11/08 14:46:50 INFO session removed token=0b6e1c2c-5580-4d4e-9102-0151c9fcb3eb
2025/11/08 14:46:50 INFO session created token=9befaf8b-8381-4084-ae83-deb9b979dd61 name=User_5_83
2025/11/08 14:46:50 INFO session updated token=9befaf8b-8381-4084-ae83-deb9b979dd61 tableID=0xc000182310 seatIndex=0xc000662500
2025/11/08 14:46:50 INFO session removed token=9befaf8b-8381-4084-ae83-deb9b979dd61
2025/11/08 14:46:50 INFO session created token=87d920e0-d308-4b7a-a3c4-5f63acc3355a name=User_5_84
2025/11/08 14:46:50 INFO session updated token=87d920e0-d308-4b7a-a3c4-5f63acc3355a tableID=0xc000182360 seatIndex=0xc000662550
2025/11/08 14:46:50 INFO session removed token=87d920e0-d308-4b7a-a3c4-5f63acc3355a
2025/11/08 14:46:50 INFO session created token=c712703c-eb9a-4f9b-a61e-d8799aacefd4 name=User_5_85
2025/11/08 14:46:50 INFO session updated token=c712703c-eb9a-4f9b-a61e-d8799aacefd4 tableID=0xc0001823b0 seatIndex=0xc0006625a0
2025/11/08 14:46:50 INFO session removed token=c712703c-eb9a-4f9b-a61e-d8799aacefd4
2025/11/08 14:46:50 INFO session created token=d0527f31-4522-4b9f-b412-fab0926031d0 name=User_5_86
2025/11/08 14:46:50 INFO session updated token=d0527f31-4522-4b9f-b412-fab0926031d0 tableID=0xc000182400 seatIndex=0xc0006625f0
2025/11/08 14:46:50 INFO session removed token=d0527f31-4522-4b9f-b412-fab0926031d0
2025/11/08 14:46:50 INFO session created token=932125ea-2eb7-4942-8bcb-f4069a891e2f name=User_5_87
2025/11/08 14:46:50 INFO session updated token=932125ea-2eb7-4942-8bcb-f4069a891e2f tableID=0xc000182450 seatIndex=0xc000662640
2025/11/08 14:46:50 INFO session removed token=932125ea-2eb7-4942-8bcb-f4069a891e2f
2025/11/08 14:46:50 INFO session created token=fabcf5ae-9536-4c83-b756-af92e5b3f1a9 name=User_5_88
2025/11/08 14:46:50 INFO session updated token=fabcf5ae-9536-4c83-b756-af92e5b3f1a9 tableID=0xc0001824a0 seatIndex=0xc000662690
2025/11/08 14:46:50 INFO session removed token=fabcf5ae-9536-4c83-b756-af92e5b3f1a9
2025/11/08 14:46:50 INFO session created token=c1c789d6-7ba8-4ebe-a444-689d8548c609 name=User_5_89
2025/11/08 14:46:50 INFO session updated token=c1c789d6-7ba8-4ebe-a444-689d8548c609 tableID=0xc0001824f0 seatIndex=0xc0006626e0
2025/11/08 14:46:50 INFO session removed token=c1c789d6-7ba8-4ebe-a444-689d8548c609
2025/11/08 14:46:50 INFO session created token=ccda1322-cefa-4e9f-9d2f-92590b9a6a76 name=User_5_90
2025/11/08 14:46:50 INFO session updated token=ccda1322-cefa-4e9f-9d2f-92590b9a6a76 tableID=0xc000182540 seatIndex=0xc000662730
2025/11/08 14:46:50 INFO session removed token=ccda1322-cefa-4e9f-9d2f-92590b9a6a76
2025/11/08 14:46:50 INFO session created token=95d5f9cf-bfa0-4515-b753-ac5562f50500 name=User_5_91
2025/11/08 14:46:50 INFO session updated token=95d5f9cf-bfa0-4515-b753-ac5562f50500 tableID=0xc000182590 seatIndex=0xc000662780
2025/11/08 14:46:50 INFO session removed token=95d5f9cf-bfa0-4515-b753-ac5562f50500
2025/11/08 14:46:50 INFO session created token=e6a30008-2c17-404e-9054-b5233e857c81 name=User_5_92
2025/11/08 14:46:50 INFO session updated token=e6a30008-2c17-404e-9054-b5233e857c81 tableID=0xc0001825e0 seatIndex=0xc0006627d0
2025/11/08 14:46:50 INFO session removed token=e6a30008-2c17-404e-9054-b5233e857c81
2025/11/08 14:46:50 INFO session created token=79d7c985-a0eb-4c34-bca2-d2895489828c name=User_5_93
2025/11/08 14:46:50 INFO session updated token=79d7c985-a0eb-4c34-bca2-d2895489828c tableID=0xc000182630 seatIndex=0xc000662820
2025/11/08 14:46:50 INFO session removed token=79d7c985-a0eb-4c34-bca2-d2895489828c
2025/11/08 14:46:50 INFO session created token=c66dc721-1227-49ca-a208-6e36c622ccb2 name=User_5_94
2025/11/08 14:46:50 INFO session updated token=c66dc721-1227-49ca-a208-6e36c622ccb2 tableID=0xc000182680 seatIndex=0xc000662880
2025/11/08 14:46:50 INFO session removed token=c66dc721-1227-49ca-a208-6e36c622ccb2
2025/11/08 14:46:50 INFO session created token=01048e27-64e6-434d-bf52-f33a1336a541 name=User_5_95
2025/11/08 14:46:50 INFO session updated token=01048e27-64e6-434d-bf52-f33a1336a541 tableID=0xc0001826d0 seatIndex=0xc0006628d0
2025/11/08 14:46:50 INFO session removed token=01048e27-64e6-434d-bf52-f33a1336a541
2025/11/08 14:46:50 INFO session created token=2b7b563d-4015-4a1e-98e0-c0ad7dfd895e name=User_5_96
2025/11/08 14:46:50 INFO session updated token=2b7b563d-4015-4a1e-98e0-c0ad7dfd895e tableID=0xc000182720 seatIndex=0xc000662920
2025/11/08 14:46:50 INFO session removed token=2b7b563d-4015-4a1e-98e0-c0ad7dfd895e
2025/11/08 14:46:50 INFO session created token=7d3ae997-f02d-4290-a8c7-a577834c0438 name=User_5_97
2025/11/08 14:46:50 INFO session updated token=7d3ae997-f02d-4290-a8c7-a577834c0438 tableID=0xc000182770 seatIndex=0xc0006629d0
2025/11/08 14:46:50 INFO session removed token=7d3ae997-f02d-4290-a8c7-a577834c0438
2025/11/08 14:46:50 INFO session created token=1f3b4777-7830-4255-9811-4c25ab47b353 name=User_5_98
2025/11/08 14:46:50 INFO session updated token=1f3b4777-7830-4255-9811-4c25ab47b353 tableID=0xc0001827c0 seatIndex=0xc000662a20
2025/11/08 14:46:50 INFO session removed token=1f3b4777-7830-4255-9811-4c25ab47b353
2025/11/08 14:46:50 INFO session created token=50265a20-a9b0-4116-bf20-d7d4255d9513 name=User_5_99
2025/11/08 14:46:50 INFO session updated token=50265a20-a9b0-4116-bf20-d7d4255d9513 tableID=0xc000182810 seatIndex=0xc000662a70
2025/11/08 14:46:50 INFO session removed token=50265a20-a9b0-4116-bf20-d7d4255d9513
2025/11/08 14:46:50 INFO session updated token=3f3f2d5b-6b49-462a-9a4e-806ae20460fc tableID=0xc0005e09a0 seatIndex=0xc00016ccb8
2025/11/08 14:46:50 INFO session removed token=3f3f2d5b-6b49-462a-9a4e-806ae20460fc
2025/11/08 14:46:50 INFO session created token=cd4a980a-72c9-4e78-928f-d780120512df name=User_39_62
2025/11/08 14:46:50 INFO session updated token=cd4a980a-72c9-4e78-928f-d780120512df tableID=0xc000182880 seatIndex=0xc000662ae0
2025/11/08 14:46:50 INFO session removed token=cd4a980a-72c9-4e78-928f-d780120512df
2025/11/08 14:46:50 INFO session created token=2688d28b-6cec-4c15-b921-cfe20090f310 name=User_39_63
2025/11/08 14:46:50 INFO session updated token=2688d28b-6cec-4c15-b921-cfe20090f310 tableID=0xc0001828d0 seatIndex=0xc000662b30
2025/11/08 14:46:50 INFO session removed token=2688d28b-6cec-4c15-b921-cfe20090f310
2025/11/08 14:46:50 INFO session created token=175b81e3-cbb2-476c-8c0e-15fcc5e71fd5 name=User_39_64
2025/11/08 14:46:50 INFO session updated token=175b81e3-cbb2-476c-8c0e-15fcc5e71fd5 tableID=0xc000182920 seatIndex=0xc000662b80
2025/11/08 14:46:50 INFO session removed token=175b81e3-cbb2-476c-8c0e-15fcc5e71fd5
2025/11/08 14:46:50 INFO session created token=1c03c496-3aca-4c93-b617-e9f85cd5f700 name=User_39_65
2025/11/08 14:46:50 INFO session updated token=1c03c496-3aca-4c93-b617-e9f85cd5f700 tableID=0xc000182970 seatIndex=0xc000662bd0
2025/11/08 14:46:50 INFO session removed token=1c03c496-3aca-4c93-b617-e9f85cd5f700
2025/11/08 14:46:50 INFO session created token=09305004-5469-426a-9958-36393ff3486d name=User_39_66
2025/11/08 14:46:50 INFO session updated token=09305004-5469-426a-9958-36393ff3486d tableID=0xc0001829c0 seatIndex=0xc000662c20
2025/11/08 14:46:50 INFO session removed token=09305004-5469-426a-9958-36393ff3486d
2025/11/08 14:46:50 INFO session created token=bd8e994c-fad2-40de-b62d-121c5ced5d61 name=User_39_67
2025/11/08 14:46:50 INFO session updated token=bd8e994c-fad2-40de-b62d-121c5ced5d61 tableID=0xc000182a10 seatIndex=0xc000662c70
2025/11/08 14:46:50 INFO session removed token=bd8e994c-fad2-40de-b62d-121c5ced5d61
2025/11/08 14:46:50 INFO session created token=08f31ab1-7aea-4af5-9c34-c64a0281f352 name=User_39_68
2025/11/08 14:46:50 INFO session updated token=08f31ab1-7aea-4af5-9c34-c64a0281f352 tableID=0xc000182a60 seatIndex=0xc000662cc0
2025/11/08 14:46:50 INFO session removed token=08f31ab1-7aea-4af5-9c34-c64a0281f352
2025/11/08 14:46:50 INFO session created token=bd876d7f-ada0-49b7-9e1b-c034ddf3c079 name=User_39_69
2025/11/08 14:46:50 INFO session updated token=bd876d7f-ada0-49b7-9e1b-c034ddf3c079 tableID=0xc000182ab0 seatIndex=0xc000662d10
2025/11/08 14:46:50 INFO session removed token=bd876d7f-ada0-49b7-9e1b-c034ddf3c079
2025/11/08 14:46:50 INFO session created token=5f84ea92-5325-4c1b-a746-2f717bdf9fbd name=User_39_70
2025/11/08 14:46:50 INFO session updated token=5f84ea92-5325-4c1b-a746-2f717bdf9fbd tableID=0xc000182b00 seatIndex=0xc000662d60
2025/11/08 14:46:50 INFO session removed token=5f84ea92-5325-4c1b-a746-2f717bdf9fbd
2025/11/08 14:46:50 INFO session created token=ff59449a-b373-48db-8351-e0c1af3e2c4c name=User_39_71
2025/11/08 14:46:50 INFO session updated token=ff59449a-b373-48db-8351-e0c1af3e2c4c tableID=0xc000182b50 seatIndex=0xc000662db0
2025/11/08 14:46:50 INFO session removed token=ff59449a-b373-48db-8351-e0c1af3e2c4c
2025/11/08 14:46:50 INFO session created token=a7ccbbb6-8768-49ab-a49f-6f6bf6ed2049 name=User_39_72
2025/11/08 14:46:50 INFO session updated token=a7ccbbb6-8768-49ab-a49f-6f6bf6ed2049 tableID=0xc000182ba0 seatIndex=0xc000662e00
2025/11/08 14:46:50 INFO session removed token=a7ccbbb6-8768-49ab-a49f-6f6bf6ed2049
2025/11/08 14:46:50 INFO session created token=4ef4ae97-fb58-4bf2-91a9-5a741e5fda13 name=User_39_73
2025/11/08 14:46:50 INFO session updated token=4ef4ae97-fb58-4bf2-91a9-5a741e5fda13 tableID=0xc000182bf0 seatIndex=0xc000662e50
2025/11/08 14:46:50 INFO session removed token=4ef4ae97-fb58-4bf2-91a9-5a741e5fda13
2025/11/08 14:46:50 INFO session created token=9dd72a65-13b3-418a-b357-d1c8d41ffa92 name=User_39_74
2025/11/08 14:46:50 INFO session updated token=9dd72a65-13b3-418a-b357-d1c8d41ffa92 tableID=0xc000182c40 seatIndex=0xc000662ea0
2025/11/08 14:46:50 INFO session removed token=9dd72a65-13b3-418a-b357-d1c8d41ffa92
2025/11/08 14:46:50 INFO session created token=a0cf9acf-9aa8-4be1-86c1-19137ca70f0a name=User_39_75
2025/11/08 14:46:50 INFO session updated token=a0cf9acf-9aa8-4be1-86c1-19137ca70f0a tableID=0xc000182c90 seatIndex=0xc000662ef0
2025/11/08 14:46:50 INFO session removed token=a0cf9acf-9aa8-4be1-86c1-19137ca70f0a
2025/11/08 14:46:50 INFO session created token=67d950cf-4863-4e3f-bb12-0b335a7b533f name=User_39_76
2025/11/08 14:46:50 INFO session updated token=67d950cf-4863-4e3f-bb12-0b335a7b533f tableID=0xc000182cf0 seatIndex=0xc000662f40
2025/11/08 14:46:50 INFO session removed token=67d950cf-4863-4e3f-bb12-0b335a7b533f
2025/11/08 14:46:50 INFO session created token=8cf960d7-a4b8-40f6-982f-fc62ea782e33 name=User_39_77
2025/11/08 14:46:50 INFO session updated token=8cf960d7-a4b8-40f6-982f-fc62ea782e33 tableID=0xc000182d40 seatIndex=0xc000662f90
2025/11/08 14:46:50 INFO session removed token=8cf960d7-a4b8-40f6-982f-fc62ea782e33
2025/11/08 14:46:50 INFO session created token=1efe44a5-3fa0-42fd-bdbe-5ce8c6e6fbdb name=User_39_78
2025/11/08 14:46:50 INFO session updated token=1efe44a5-3fa0-42fd-bdbe-5ce8c6e6fbdb tableID=0xc000182d90 seatIndex=0xc000662fe0
2025/11/08 14:46:50 INFO session removed token=1efe44a5-3fa0-42fd-bdbe-5ce8c6e6fbdb
2025/11/08 14:46:50 INFO session created token=06b26bd7-f89c-4451-962a-879e37e981ab name=User_39_79
2025/11/08 14:46:50 INFO session updated token=06b26bd7-f89c-4451-962a-879e37e981ab tableID=0xc000182de0 seatIndex=0xc000663030
2025/11/08 14:46:50 INFO session removed token=06b26bd7-f89c-4451-962a-879e37e981ab
2025/11/08 14:46:50 INFO session created token=fc2ad2fa-4f63-40a5-ba1b-d241691ffb39 name=User_39_80
2025/11/08 14:46:50 INFO session updated token=fc2ad2fa-4f63-40a5-ba1b-d241691ffb39 tableID=0xc000182e30 seatIndex=0xc000663080
2025/11/08 14:46:50 INFO session removed token=fc2ad2fa-4f63-40a5-ba1b-d241691ffb39
2025/11/08 14:46:50 INFO session created token=0c7ba976-0dcc-4090-919c-c2fc11d82f0e name=User_39_81
2025/11/08 14:46:50 INFO session updated token=0c7ba976-0dcc-4090-919c-c2fc11d82f0e tableID=0xc000182e80 seatIndex=0xc0006630d0
2025/11/08 14:46:50 INFO session removed token=0c7ba976-0dcc-4090-919c-c2fc11d82f0e
2025/11/08 14:46:50 INFO session created token=4be0a3c9-531d-4d72-999d-b3d08a670691 name=User_39_82
2025/11/08 14:46:50 INFO session updated token=4be0a3c9-531d-4d72-999d-b3d08a670691 tableID=0xc000182ed0 seatIndex=0xc000663120
2025/11/08 14:46:50 INFO session removed token=4be0a3c9-531d-4d72-999d-b3d08a670691
2025/11/08 14:46:50 INFO session created token=8815ce97-06c5-451e-b1e3-a79804f07acc name=User_39_83
2025/11/08 14:46:50 INFO session updated token=8815ce97-06c5-451e-b1e3-a79804f07acc tableID=0xc000182f20 seatIndex=0xc000663170
2025/11/08 14:46:50 INFO session removed token=8815ce97-06c5-451e-b1e3-a79804f07acc
2025/11/08 14:46:50 INFO session created token=30853148-0dd7-4c8a-bac8-ce89dff9bdc4 name=User_39_84
2025/11/08 14:46:50 INFO session updated token=30853148-0dd7-4c8a-bac8-ce89dff9bdc4 tableID=0xc000182f70 seatIndex=0xc0006631c0
2025/11/08 14:46:50 INFO session removed token=30853148-0dd7-4c8a-bac8-ce89dff9bdc4
2025/11/08 14:46:50 INFO session created token=f5235244-4ef1-43a2-abf3-fd4d61a2c5d0 name=User_39_85
2025/11/08 14:46:50 INFO session updated token=f5235244-4ef1-43a2-abf3-fd4d61a2c5d0 tableID=0xc000182fc0 seatIndex=0xc000663210
2025/11/08 14:46:50 INFO session removed token=f5235244-4ef1-43a2-abf3-fd4d61a2c5d0
2025/11/08 14:46:50 INFO session created token=52e25e1b-3627-4907-841f-7054ab026f1f name=User_39_86
2025/11/08 14:46:50 INFO session updated token=52e25e1b-3627-4907-841f-7054ab026f1f tableID=0xc000183010 seatIndex=0xc000663260
2025/11/08 14:46:50 INFO session removed token=52e25e1b-3627-4907-841f-7054ab026f1f
2025/11/08 14:46:50 INFO session created token=6ae156aa-5678-494b-86ad-12b47b2de539 name=User_39_87
2025/11/08 14:46:50 INFO session updated token=6ae156aa-5678-494b-86ad-12b47b2de539 tableID=0xc000183060 seatIndex=0xc0006632b0
2025/11/08 14:46:50 INFO session removed token=6ae156aa-5678-494b-86ad-12b47b2de539
2025/11/08 14:46:50 INFO session created token=5d8cae0c-8621-468b-bc07-355a368636d7 name=User_39_88
2025/11/08 14:46:50 INFO session updated token=5d8cae0c-8621-468b-bc07-355a368636d7 tableID=0xc0001830b0 seatIndex=0xc000663300
2025/11/08 14:46:50 INFO session removed token=5d8cae0c-8621-468b-bc07-355a368636d7
2025/11/08 14:46:50 INFO session created token=30f1847c-9bfd-49e8-ba66-2f0daaeaa15f name=User_39_89
2025/11/08 14:46:50 INFO session updated token=30f1847c-9bfd-49e8-ba66-2f0daaeaa15f tableID=0xc000183100 seatIndex=0xc000663350
2025/11/08 14:46:50 INFO session removed token=30f1847c-9bfd-49e8-ba66-2f0daaeaa15f
2025/11/08 14:46:50 INFO session created token=6024b04e-f608-4762-a04b-8c864c1978b4 name=User_39_90
2025/11/08 14:46:50 INFO session updated token=6024b04e-f608-4762-a04b-8c864c1978b4 tableID=0xc000183150 seatIndex=0xc0006633a0
2025/11/08 14:46:50 INFO session removed token=6024b04e-f608-4762-a04b-8c864c1978b4
2025/11/08 14:46:50 INFO session created token=575b21e9-25f7-4f85-9974-9bb02e8faa71 name=User_39_91
2025/11/08 14:46:50 INFO session updated token=575b21e9-25f7-4f85-9974-9bb02e8faa71 tableID=0xc0001831a0 seatIndex=0xc0006633f0
2025/11/08 14:46:50 INFO session removed token=575b21e9-25f7-4f85-9974-9bb02e8faa71
2025/11/08 14:46:50 INFO session created token=03973f2b-d6cf-4bba-ab45-86e07b0d8db9 name=User_39_92
2025/11/08 14:46:50 INFO session updated token=03973f2b-d6cf-4bba-ab45-86e07b0d8db9 tableID=0xc0001831f0 seatIndex=0xc000663470
2025/11/08 14:46:50 INFO session removed token=03973f2b-d6cf-4bba-ab45-86e07b0d8db9
2025/11/08 14:46:50 INFO session created token=dc7483f6-40d3-4000-b6e4-14ad44b8136d name=User_39_93
2025/11/08 14:46:50 INFO session updated token=dc7483f6-40d3-4000-b6e4-14ad44b8136d tableID=0xc000183240 seatIndex=0xc000663520
2025/11/08 14:46:50 INFO session removed token=dc7483f6-40d3-4000-b6e4-14ad44b8136d
2025/11/08 14:46:50 INFO session created token=8ef71a72-199a-498e-adb1-996b7780f7a0 name=User_39_94
2025/11/08 14:46:50 INFO session updated token=8ef71a72-199a-498e-adb1-996b7780f7a0 tableID=0xc000183290 seatIndex=0xc0006635a0
2025/11/08 14:46:50 INFO session removed token=8ef71a72-199a-498e-adb1-996b7780f7a0
2025/11/08 14:46:50 INFO session created token=0f9f8757-77fa-4314-8b13-24e7443f705e name=User_39_95
2025/11/08 14:46:50 INFO session updated token=0f9f8757-77fa-4314-8b13-24e7443f705e tableID=0xc0001832e0 seatIndex=0xc0006635f0
2025/11/08 14:46:50 INFO session removed token=0f9f8757-77fa-4314-8b13-24e7443f705e
2025/11/08 14:46:50 INFO session created token=5396ee8b-f2fe-4408-81ce-3511d448850f name=User_39_96
2025/11/08 14:46:50 INFO session updated token=5396ee8b-f2fe-4408-81ce-3511d448850f tableID=0xc000183330 seatIndex=0xc000663640
2025/11/08 14:46:50 INFO session removed token=5396ee8b-f2fe-4408-81ce-3511d448850f
2025/11/08 14:46:50 INFO session created token=e020f8e5-2000-4815-81fe-fe917ed00e02 name=User_39_97
2025/11/08 14:46:50 INFO session updated token=e020f8e5-2000-4815-81fe-fe917ed00e02 tableID=0xc000183380 seatIndex=0xc000663690
2025/11/08 14:46:50 INFO session removed token=e020f8e5-2000-4815-81fe-fe917ed00e02
2025/11/08 14:46:50 INFO session created token=c8c0e6cc-442b-4831-b095-1603b7148b47 name=User_39_98
2025/11/08 14:46:50 INFO session updated token=c8c0e6cc-442b-4831-b095-1603b7148b47 tableID=0xc000183440 seatIndex=0xc0006636e0
2025/11/08 14:46:50 INFO session removed token=c8c0e6cc-442b-4831-b095-1603b7148b47
2025/11/08 14:46:50 INFO session created token=a137615d-2fbb-4697-a452-3ef2c565eea4 name=User_39_99
2025/11/08 14:46:50 INFO session updated token=a137615d-2fbb-4697-a452-3ef2c565eea4 tableID=0xc000183490 seatIndex=0xc000663730
2025/11/08 14:46:50 INFO session removed token=a137615d-2fbb-4697-a452-3ef2c565eea4
2025/11/08 14:46:50 INFO session updated token=d8723697-2c8b-4817-a3ee-f90ea1530669 tableID=0xc0005e09b0 seatIndex=0xc00016ccc8
2025/11/08 14:46:50 INFO session removed token=d8723697-2c8b-4817-a3ee-f90ea1530669
2025/11/08 14:46:50 INFO session created token=69cc78f1-0651-4ded-9da2-9761d461d3e3 name=User_42_13
2025/11/08 14:46:50 INFO session updated token=69cc78f1-0651-4ded-9da2-9761d461d3e3 tableID=0xc000183500 seatIndex=0xc0006637a0
2025/11/08 14:46:50 INFO session removed token=69cc78f1-0651-4ded-9da2-9761d461d3e3
2025/11/08 14:46:50 INFO session created token=2d37aea6-4ded-4b48-80bc-df13c5693191 name=User_42_14
2025/11/08 14:46:50 INFO session updated token=2d37aea6-4ded-4b48-80bc-df13c5693191 tableID=0xc000183550 seatIndex=0xc0006637f0
2025/11/08 14:46:50 INFO session removed token=2d37aea6-4ded-4b48-80bc-df13c5693191
2025/11/08 14:46:50 INFO session created token=1368613f-290d-44df-8f3e-78686d305b1e name=User_42_15
2025/11/08 14:46:50 INFO session updated token=1368613f-290d-44df-8f3e-78686d305b1e tableID=0xc0001835a0 seatIndex=0xc000663840
2025/11/08 14:46:50 INFO session removed token=1368613f-290d-44df-8f3e-78686d305b1e
2025/11/08 14:46:50 INFO session created token=1dc91397-aaa3-49ad-93b6-e7f2d76537a4 name=User_42_16
2025/11/08 14:46:50 INFO session updated token=1dc91397-aaa3-49ad-93b6-e7f2d76537a4 tableID=0xc0001835f0 seatIndex=0xc000663890
2025/11/08 14:46:50 INFO session removed token=1dc91397-aaa3-49ad-93b6-e7f2d76537a4
2025/11/08 14:46:50 INFO session created token=ec5e7560-f6c0-460b-93ad-bb0e00fd1752 name=User_42_17
2025/11/08 14:46:50 INFO session updated token=ec5e7560-f6c0-460b-93ad-bb0e00fd1752 tableID=0xc000183640 seatIndex=0xc0006638e0
2025/11/08 14:46:50 INFO session removed token=ec5e7560-f6c0-460b-93ad-bb0e00fd1752
2025/11/08 14:46:50 INFO session created token=1aeeda26-74fe-46f1-8860-5bc08ee38cad name=User_42_18
2025/11/08 14:46:50 INFO session updated token=1aeeda26-74fe-46f1-8860-5bc08ee38cad tableID=0xc000183690 seatIndex=0xc000663930
2025/11/08 14:46:50 INFO session removed token=1aeeda26-74fe-46f1-8860-5bc08ee38cad
2025/11/08 14:46:50 INFO session created token=1e61ac83-04ab-4e26-9584-74779a969954 name=User_42_19
2025/11/08 14:46:50 INFO session updated token=1e61ac83-04ab-4e26-9584-74779a969954 tableID=0xc0001836e0 seatIndex=0xc000663980
2025/11/08 14:46:50 INFO session removed token=1e61ac83-04ab-4e26-9584-74779a969954
2025/11/08 14:46:50 INFO session created token=46cbad5c-1470-4e7f-97b0-d5ed1cbc28ea name=User_42_20
2025/11/08 14:46:50 INFO session updated token=46cbad5c-1470-4e7f-97b0-d5ed1cbc28ea tableID=0xc000183730 seatIndex=0xc0006639d0
2025/11/08 14:46:50 INFO session removed token=46cbad5c-1470-4e7f-97b0-d5ed1cbc28ea
2025/11/08 14:46:50 INFO session created token=c91278c5-bbba-404e-927e-5a68a8b2d3d9 name=User_42_21
2025/11/08 14:46:50 INFO session updated token=c91278c5-bbba-404e-927e-5a68a8b2d3d9 tableID=0xc000183780 seatIndex=0xc000663a20
2025/11/08 14:46:50 INFO session removed token=c91278c5-bbba-404e-927e-5a68a8b2d3d9
2025/11/08 14:46:50 INFO session created token=cbdd0bae-7ef5-42b8-91db-cdfa9c9de828 name=User_42_22
2025/11/08 14:46:50 INFO session updated token=cbdd0bae-7ef5-42b8-91db-cdfa9c9de828 tableID=0xc0001837d0 seatIndex=0xc000663a70
2025/11/08 14:46:50 INFO session removed token=cbdd0bae-7ef5-42b8-91db-cdfa9c9de828
2025/11/08 14:46:50 INFO session created token=71e9293a-6953-42f6-b1d2-489d7635c53c name=User_42_23
2025/11/08 14:46:50 INFO session updated token=71e9293a-6953-42f6-b1d2-489d7635c53c tableID=0xc000183820 seatIndex=0xc000663ac0
2025/11/08 14:46:50 INFO session removed token=71e9293a-6953-42f6-b1d2-489d7635c53c
2025/11/08 14:46:50 INFO session created token=5bd8a890-85f0-49dc-b823-3fea9d95b53b name=User_42_24
2025/11/08 14:46:50 INFO session updated token=5bd8a890-85f0-49dc-b823-3fea9d95b53b tableID=0xc000183870 seatIndex=0xc000663b10
2025/11/08 14:46:50 INFO session removed token=5bd8a890-85f0-49dc-b823-3fea9d95b53b
2025/11/08 14:46:50 INFO session created token=8d382d67-e53b-42e9-9027-e722c007b57e name=User_42_25
2025/11/08 14:46:50 INFO session updated token=8d382d67-e53b-42e9-9027-e722c007b57e tableID=0xc0001838c0 seatIndex=0xc000663b60
2025/11/08 14:46:50 INFO session removed token=8d382d67-e53b-42e9-9027-e722c007b57e
2025/11/08 14:46:50 INFO session created token=b2c43bd6-c044-43c5-9eb3-5ff16139fa66 name=User_42_26
2025/11/08 14:46:50 INFO session updated token=b2c43bd6-c044-43c5-9eb3-5ff16139fa66 tableID=0xc000183910 seatIndex=0xc000663bb0
2025/11/08 14:46:50 INFO session removed token=b2c43bd6-c044-43c5-9eb3-5ff16139fa66
2025/11/08 14:46:50 INFO session created token=520f5654-403d-4b1a-8a26-f8bfa14d38f5 name=User_42_27
2025/11/08 14:46:50 INFO session updated token=520f5654-403d-4b1a-8a26-f8bfa14d38f5 tableID=0xc000183960 seatIndex=0xc000663c00
2025/11/08 14:46:50 INFO session removed token=520f5654-403d-4b1a-8a26-f8bfa14d38f5
2025/11/08 14:46:50 INFO session created token=4ee22979-2c47-475c-8b9a-89c754a519f3 name=User_42_28
2025/11/08 14:46:50 INFO session updated token=4ee22979-2c47-475c-8b9a-89c754a519f3 tableID=0xc0001839b0 seatIndex=0xc000663c50
2025/11/08 14:46:50 INFO session removed token=4ee22979-2c47-475c-8b9a-89c754a519f3
2025/11/08 14:46:50 INFO session created token=c327783a-ed2d-4a7d-8ca2-fd930d8591b8 name=User_42_29
2025/11/08 14:46:50 INFO session updated token=c327783a-ed2d-4a7d-8ca2-fd930d8591b8 tableID=0xc000183a00 seatIndex=0xc000663ca0
2025/11/08 14:46:50 INFO session removed token=c327783a-ed2d-4a7d-8ca2-fd930d8591b8
2025/11/08 14:46:50 INFO session created token=69121693-7990-4526-8a1f-95ca87576ebe name=User_42_30
2025/11/08 14:46:50 INFO session updated token=69121693-7990-4526-8a1f-95ca87576ebe tableID=0xc000183a50 seatIndex=0xc000663cf0
2025/11/08 14:46:50 INFO session removed token=69121693-7990-4526-8a1f-95ca87576ebe
2025/11/08 14:46:50 INFO session created token=80446023-ef82-4c0c-82d8-9e1255b296d6 name=User_42_31
2025/11/08 14:46:50 INFO session updated token=80446023-ef82-4c0c-82d8-9e1255b296d6 tableID=0xc000183aa0 seatIndex=0xc000663d40
2025/11/08 14:46:50 INFO session removed token=80446023-ef82-4c0c-82d8-9e1255b296d6
2025/11/08 14:46:50 INFO session created token=7572a551-4d57-425c-9836-3d2f40aefcfc name=User_42_32
2025/11/08 14:46:50 INFO session updated token=7572a551-4d57-425c-9836-3d2f40aefcfc tableID=0xc000183af0 seatIndex=0xc000663d90
2025/11/08 14:46:50 INFO session removed token=7572a551-4d57-425c-9836-3d2f40aefcfc
2025/11/08 14:46:50 INFO session created token=b99bd1c6-fd52-4f84-bdef-253539c21ef0 name=User_42_33
2025/11/08 14:46:50 INFO session updated token=b99bd1c6-fd52-4f84-bdef-253539c21ef0 tableID=0xc000183b40 seatIndex=0xc000663de0
2025/11/08 14:46:50 INFO session removed token=b99bd1c6-fd52-4f84-bdef-253539c21ef0
2025/11/08 14:46:50 INFO session created token=c147b52c-f2a1-4768-a7f6-4024693a589a name=User_42_34
2025/11/08 14:46:50 INFO session updated token=c147b52c-f2a1-4768-a7f6-4024693a589a tableID=0xc000183b90 seatIndex=0xc000663e30
2025/11/08 14:46:50 INFO session removed token=c147b52c-f2a1-4768-a7f6-4024693a589a
2025/11/08 14:46:50 INFO session created token=fb9ca2b4-321c-48dd-bc05-4db5bb2d54de name=User_42_35
2025/11/08 14:46:50 INFO session updated token=fb9ca2b4-321c-48dd-bc05-4db5bb2d54de tableID=0xc000183be0 seatIndex=0xc000663e80
2025/11/08 14:46:50 INFO session removed token=fb9ca2b4-321c-48dd-bc05-4db5bb2d54de
2025/11/08 14:46:50 INFO session created token=00b4a271-db36-42d6-8f9f-f2c442e3f398 name=User_42_36
2025/11/08 14:46:50 INFO session updated token=00b4a271-db36-42d6-8f9f-f2c442e3f398 tableID=0xc000183c30 seatIndex=0xc000663ed0
2025/11/08 14:46:50 INFO session removed token=00b4a271-db36-42d6-8f9f-f2c442e3f398
2025/11/08 14:46:50 INFO session created token=cf381fdb-4da0-4860-b6a2-1c09504c7487 name=User_42_37
2025/11/08 14:46:50 INFO session updated token=cf381fdb-4da0-4860-b6a2-1c09504c7487 tableID=0xc000183c80 seatIndex=0xc000663f20
2025/11/08 14:46:50 INFO session removed token=cf381fdb-4da0-4860-b6a2-1c09504c7487
2025/11/08 14:46:50 INFO session created token=a36cf7ae-842b-4f0b-98fd-f71e9ab5949e name=User_42_38
2025/11/08 14:46:50 INFO session updated token=a36cf7ae-842b-4f0b-98fd-f71e9ab5949e tableID=0xc000183cd0 seatIndex=0xc000663f70
2025/11/08 14:46:50 INFO session removed token=a36cf7ae-842b-4f0b-98fd-f71e9ab5949e
2025/11/08 14:46:50 INFO session created token=f9583ed6-ab2e-41ab-8c3a-5eb1b5c4c69c name=User_42_39
2025/11/08 14:46:50 INFO session updated token=f9583ed6-ab2e-41ab-8c3a-5eb1b5c4c69c tableID=0xc000183d20 seatIndex=0xc000663fc0
2025/11/08 14:46:50 INFO session removed token=f9583ed6-ab2e-41ab-8c3a-5eb1b5c4c69c
2025/11/08 14:46:50 INFO session created token=8410584e-0720-44f7-bde5-6dc1481bef6d name=User_42_40
2025/11/08 14:46:50 INFO session updated token=8410584e-0720-44f7-bde5-6dc1481bef6d tableID=0xc000183d70 seatIndex=0xc000186010
2025/11/08 14:46:50 INFO session removed token=8410584e-0720-44f7-bde5-6dc1481bef6d
2025/11/08 14:46:50 INFO session created token=fb5a582e-e278-41e5-a259-4b49d78f8cce name=User_42_41
2025/11/08 14:46:50 INFO session updated token=fb5a582e-e278-41e5-a259-4b49d78f8cce tableID=0xc000183dc0 seatIndex=0xc000186060
2025/11/08 14:46:50 INFO session removed token=fb5a582e-e278-41e5-a259-4b49d78f8cce
2025/11/08 14:46:50 INFO session created token=9c72e129-238f-43a7-afb0-15be6f7bc899 name=User_42_42
2025/11/08 14:46:50 INFO session updated token=9c72e129-238f-43a7-afb0-15be6f7bc899 tableID=0xc000183e10 seatIndex=0xc0001860b0
2025/11/08 14:46:50 INFO session removed token=9c72e129-238f-43a7-afb0-15be6f7bc899
2025/11/08 14:46:50 INFO session created token=7e74bef8-1b39-4e64-822c-7823478daaac name=User_42_43
2025/11/08 14:46:50 INFO session updated token=7e74bef8-1b39-4e64-822c-7823478daaac tableID=0xc000183e60 seatIndex=0xc000186100
2025/11/08 14:46:50 INFO session removed token=7e74bef8-1b39-4e64-822c-7823478daaac
2025/11/08 14:46:50 INFO session created token=2a022206-315d-40e8-96fe-4bc675ddf314 name=User_42_44
2025/11/08 14:46:50 INFO session updated token=2a022206-315d-40e8-96fe-4bc675ddf314 tableID=0xc000183eb0 seatIndex=0xc000186150
2025/11/08 14:46:50 INFO session removed token=2a022206-315d-40e8-96fe-4bc675ddf314
2025/11/08 14:46:50 INFO session created token=c481713c-aca0-4d2f-891a-1fc8b5843091 name=User_42_45
2025/11/08 14:46:50 INFO session updated token=c481713c-aca0-4d2f-891a-1fc8b5843091 tableID=0xc000183f00 seatIndex=0xc0001861a0
2025/11/08 14:46:50 INFO session removed token=c481713c-aca0-4d2f-891a-1fc8b5843091
2025/11/08 14:46:50 INFO session created token=4ce4204a-87de-4d4d-b201-4a4211b9d5d4 name=User_42_46
2025/11/08 14:46:50 INFO session updated token=4ce4204a-87de-4d4d-b201-4a4211b9d5d4 tableID=0xc000183f50 seatIndex=0xc0001861f0
2025/11/08 14:46:50 INFO session removed token=4ce4204a-87de-4d4d-b201-4a4211b9d5d4
2025/11/08 14:46:50 INFO session created token=ba482738-d470-45e7-911c-af4cd531bb89 name=User_42_47
2025/11/08 14:46:50 INFO session created token=16ca5eff-b3ed-4d23-a56a-23016673b061 name=User_75_12
2025/11/08 14:46:50 INFO session removed token=d487a115-8249-4ca7-b18e-6c30d55201e1
2025/11/08 14:46:50 INFO session created token=89afe3fe-13d9-4c45-9870-3cd693878729 name=User_48_50
2025/11/08 14:46:50 INFO session created token=573b1106-97dc-4168-b349-f7ab10da27c2 name=User_59_19
2025/11/08 14:46:50 INFO session created token=0307dddf-36b6-405b-bbc0-bfd1e81efd7e name=User_62_18
2025/11/08 14:46:50 INFO session updated token=573b1106-97dc-4168-b349-f7ab10da27c2 tableID=0xc00021c060 seatIndex=0xc000186280
2025/11/08 14:46:50 INFO session created token=08560b8f-00f8-454a-a9c1-4318f9f528ff name=User_34_18
2025/11/08 14:46:50 INFO session removed token=573b1106-97dc-4168-b349-f7ab10da27c2
2025/11/08 14:46:50 INFO session created token=41f24290-2ede-44ff-b96c-7a4e50906d2f name=User_59_20
2025/11/08 14:46:50 INFO session updated token=41f24290-2ede-44ff-b96c-7a4e50906d2f tableID=0xc00021c0d0 seatIndex=0xc0001862f0
2025/11/08 14:46:50 INFO session removed token=41f24290-2ede-44ff-b96c-7a4e50906d2f
2025/11/08 14:46:50 INFO session created token=59cd4c03-fb10-4b86-932b-946d2cb2b764 name=User_59_21
2025/11/08 14:46:50 INFO session updated token=59cd4c03-fb10-4b86-932b-946d2cb2b764 tableID=0xc00021c120 seatIndex=0xc000186340
2025/11/08 14:46:50 INFO session removed token=59cd4c03-fb10-4b86-932b-946d2cb2b764
2025/11/08 14:46:50 INFO session created token=5f7adcbb-36e6-4de3-a2f6-2473393a348b name=User_59_22
2025/11/08 14:46:50 INFO session updated token=5f7adcbb-36e6-4de3-a2f6-2473393a348b tableID=0xc00021c170 seatIndex=0xc000186390
2025/11/08 14:46:50 INFO session removed token=5f7adcbb-36e6-4de3-a2f6-2473393a348b
2025/11/08 14:46:50 INFO session created token=ea04e0c0-2d52-465b-b324-54d3f50822cb name=User_59_23
2025/11/08 14:46:50 INFO session updated token=ea04e0c0-2d52-465b-b324-54d3f50822cb tableID=0xc00021c1c0 seatIndex=0xc0001863e0
2025/11/08 14:46:50 INFO session removed token=ea04e0c0-2d52-465b-b324-54d3f50822cb
2025/11/08 14:46:50 INFO session removed token=d8673c1a-4ec4-467d-814a-1bfe7254cc41
2025/11/08 14:46:50 INFO session created token=ad5ff19b-cd07-4607-a022-4df7a4befb40 name=User_74_18
2025/11/08 14:46:50 INFO session updated token=ad5ff19b-cd07-4607-a022-4df7a4befb40 tableID=0xc000172bd0 seatIndex=0xc0002e4a98
2025/11/08 14:46:50 INFO session removed token=ad5ff19b-cd07-4607-a022-4df7a4befb40
2025/11/08 14:46:50 INFO session created token=dffc6811-9cce-4a42-9b3e-4775935c18c0 name=User_74_19
2025/11/08 14:46:50 INFO session updated token=dffc6811-9cce-4a42-9b3e-4775935c18c0 tableID=0xc000172c20 seatIndex=0xc0002e4ae8
2025/11/08 14:46:50 INFO session removed token=dffc6811-9cce-4a42-9b3e-4775935c18c0
2025/11/08 14:46:50 INFO session created token=963489ff-6930-4940-9feb-ecdd3cd1b3a5 name=User_74_20
2025/11/08 14:46:50 INFO session updated token=963489ff-6930-4940-9feb-ecdd3cd1b3a5 tableID=0xc000172c70 seatIndex=0xc0002e4b38
2025/11/08 14:46:50 INFO session removed token=963489ff-6930-4940-9feb-ecdd3cd1b3a5
2025/11/08 14:46:50 INFO session created token=209b219b-090e-48b2-8de4-ae0d5e79dd8d name=User_74_21
2025/11/08 14:46:50 INFO session updated token=209b219b-090e-48b2-8de4-ae0d5e79dd8d tableID=0xc000172cc0 seatIndex=0xc0002e4b88
2025/11/08 14:46:50 INFO session removed token=209b219b-090e-48b2-8de4-ae0d5e79dd8d
2025/11/08 14:46:50 INFO session created token=528a1bd7-e8b7-4176-bc24-4d3ce93448ea name=User_74_22
2025/11/08 14:46:50 INFO session updated token=528a1bd7-e8b7-4176-bc24-4d3ce93448ea tableID=0xc000172d10 seatIndex=0xc0002e4bd8
2025/11/08 14:46:50 INFO session removed token=528a1bd7-e8b7-4176-bc24-4d3ce93448ea
2025/11/08 14:46:50 INFO session updated token=89afe3fe-13d9-4c45-9870-3cd693878729 tableID=0xc0004e5340 seatIndex=0xc000271350
2025/11/08 14:46:50 INFO session removed token=89afe3fe-13d9-4c45-9870-3cd693878729
2025/11/08 14:46:50 INFO session created token=5c6e9f0c-b3fc-43eb-b86e-96e5043da8cd name=User_48_51
2025/11/08 14:46:50 INFO session updated token=5c6e9f0c-b3fc-43eb-b86e-96e5043da8cd tableID=0xc00021c230 seatIndex=0xc000186470
2025/11/08 14:46:50 INFO session removed token=5c6e9f0c-b3fc-43eb-b86e-96e5043da8cd
2025/11/08 14:46:50 INFO session created token=9f57d9af-b708-4f4b-8157-0aab791d4716 name=User_48_52
2025/11/08 14:46:50 INFO session updated token=9f57d9af-b708-4f4b-8157-0aab791d4716 tableID=0xc00021c280 seatIndex=0xc0001864c0
2025/11/08 14:46:50 INFO session removed token=9f57d9af-b708-4f4b-8157-0aab791d4716
2025/11/08 14:46:50 INFO session created token=5ab08309-54ae-4764-96f8-156cf64b7f88 name=User_48_53
2025/11/08 14:46:50 INFO session updated token=5ab08309-54ae-4764-96f8-156cf64b7f88 tableID=0xc00021c2d0 seatIndex=0xc000186510
2025/11/08 14:46:50 INFO session removed token=5ab08309-54ae-4764-96f8-156cf64b7f88
2025/11/08 14:46:50 INFO session created token=cbfa8c72-acc1-4534-a733-6c6fc04da28b name=User_48_54
2025/11/08 14:46:50 INFO session updated token=cbfa8c72-acc1-4534-a733-6c6fc04da28b tableID=0xc00021c320 seatIndex=0xc000186560
2025/11/08 14:46:50 INFO session removed token=cbfa8c72-acc1-4534-a733-6c6fc04da28b
2025/11/08 14:46:50 INFO session created token=3ec29c35-93ee-4558-88cb-266156ec295e name=User_48_55
2025/11/08 14:46:50 INFO session updated token=3ec29c35-93ee-4558-88cb-266156ec295e tableID=0xc00021c370 seatIndex=0xc0001865b0
2025/11/08 14:46:50 INFO session removed token=3ec29c35-93ee-4558-88cb-266156ec295e
2025/11/08 14:46:50 INFO session created token=a59b5426-372b-40c5-ad96-01f3df8f7a7f name=User_48_56
2025/11/08 14:46:50 INFO session updated token=a59b5426-372b-40c5-ad96-01f3df8f7a7f tableID=0xc00021c3c0 seatIndex=0xc000186600
2025/11/08 14:46:50 INFO session created token=1c716b42-13a6-458d-8194-0ab8f5011189 name=User_37_34
2025/11/08 14:46:50 INFO session removed token=a59b5426-372b-40c5-ad96-01f3df8f7a7f
2025/11/08 14:46:50 INFO session updated token=d9aeb966-79b7-421b-a925-78f69790ce4a tableID=0xc0001408e0 seatIndex=0xc00013e4f8
2025/11/08 14:46:50 INFO session removed token=d9aeb966-79b7-421b-a925-78f69790ce4a
2025/11/08 14:46:50 INFO session created token=ad65689b-5219-4568-b7c0-0c8d89b745dc name=User_24_23
2025/11/08 14:46:50 INFO session updated token=ad65689b-5219-4568-b7c0-0c8d89b745dc tableID=0xc00021c440 seatIndex=0xc0001866a0
2025/11/08 14:46:50 INFO session removed token=ad65689b-5219-4568-b7c0-0c8d89b745dc
2025/11/08 14:46:50 INFO session created token=12c29a6c-2c44-41eb-bb8b-5b885d26b628 name=User_24_24
2025/11/08 14:46:50 INFO session updated token=12c29a6c-2c44-41eb-bb8b-5b885d26b628 tableID=0xc00021c490 seatIndex=0xc0001866f0
2025/11/08 14:46:50 INFO session removed token=12c29a6c-2c44-41eb-bb8b-5b885d26b628
2025/11/08 14:46:50 INFO session created token=bd5a8c07-6d6f-4ec2-be98-402082333ccf name=User_24_25
2025/11/08 14:46:50 INFO session updated token=bd5a8c07-6d6f-4ec2-be98-402082333ccf tableID=0xc00021c4e0 seatIndex=0xc000186740
2025/11/08 14:46:50 INFO session removed token=bd5a8c07-6d6f-4ec2-be98-402082333ccf
2025/11/08 14:46:50 INFO session created token=736c232c-1bbb-4c14-93ad-44945f8c7cc3 name=User_24_26
2025/11/08 14:46:50 INFO session updated token=736c232c-1bbb-4c14-93ad-44945f8c7cc3 tableID=0xc00021c530 seatIndex=0xc000186790
2025/11/08 14:46:50 INFO session removed token=736c232c-1bbb-4c14-93ad-44945f8c7cc3
2025/11/08 14:46:50 INFO session created token=226eca81-c924-429c-8bd9-401119828e98 name=User_24_27
2025/11/08 14:46:50 INFO session updated token=226eca81-c924-429c-8bd9-401119828e98 tableID=0xc00021c580 seatIndex=0xc0001867e0
2025/11/08 14:46:50 INFO session removed token=226eca81-c924-429c-8bd9-401119828e98
2025/11/08 14:46:50 INFO session created token=9a87dcbd-ab14-4a21-bb40-8c26f0bd9e1f name=User_24_28
2025/11/08 14:46:50 INFO session updated token=ca6744bb-31b4-4c7c-a8bf-88a4db92fa09 tableID=0xc000172b30 seatIndex=0xc0002e49c8
2025/11/08 14:46:50 INFO session removed token=ca6744bb-31b4-4c7c-a8bf-88a4db92fa09
2025/11/08 14:46:50 INFO session created token=2f293393-62d7-4603-8d13-678bb1e682c5 name=User_28_29
2025/11/08 14:46:50 INFO session updated token=2f293393-62d7-4603-8d13-678bb1e682c5 tableID=0xc0002e2a60 seatIndex=0xc0004e89c0
2025/11/08 14:46:50 INFO session removed token=2f293393-62d7-4603-8d13-678bb1e682c5
2025/11/08 14:46:50 INFO session created token=7b5448cb-9a46-4b75-84fc-862f2c731b5e name=User_28_30
2025/11/08 14:46:50 INFO session updated token=7b5448cb-9a46-4b75-84fc-862f2c731b5e tableID=0xc0002e2ab0 seatIndex=0xc0004e8a10
2025/11/08 14:46:50 INFO session removed token=7b5448cb-9a46-4b75-84fc-862f2c731b5e
2025/11/08 14:46:50 INFO session created token=29aeff3e-9de4-44c8-8ad5-5f619c3befd6 name=User_28_31
2025/11/08 14:46:50 INFO session updated token=29aeff3e-9de4-44c8-8ad5-5f619c3befd6 tableID=0xc0002e2b00 seatIndex=0xc0004e8a80
2025/11/08 14:46:50 INFO session removed token=29aeff3e-9de4-44c8-8ad5-5f619c3befd6
2025/11/08 14:46:50 INFO session created token=83253e8e-6e82-4d09-9b7e-587ada3a973b name=User_28_32
2025/11/08 14:46:50 INFO session updated token=f8c549a7-839b-4f0b-91f5-be88d90fb4e5 tableID=0xc000140910 seatIndex=0xc00013e528
2025/11/08 14:46:50 INFO session created token=3438a290-6e09-486e-8d6c-321e67e71070 name=User_36_12
2025/11/08 14:46:50 INFO session removed token=f8c549a7-839b-4f0b-91f5-be88d90fb4e5
2025/11/08 14:46:50 INFO session updated token=b2be5dfc-195f-46eb-a5fa-48cddf1dcfa6 tableID=0xc000140a50 seatIndex=0xc00013e658
2025/11/08 14:46:50 INFO session updated token=33af4f50-e67e-40f7-9966-7a787d8548d3 tableID=0xc000140a70 seatIndex=0xc00013e688
2025/11/08 14:46:50 INFO session updated token=08dde6f8-a1c4-49a2-a385-acb44512c61b tableID=0xc000140c60 seatIndex=0xc00013e9b8
2025/11/08 14:46:50 INFO session updated token=9ced162b-2275-4147-afe5-b371fa862ade tableID=0xc000140da0 seatIndex=0xc00013eb68
2025/11/08 14:46:50 INFO session updated token=fd00bde0-e664-4ff9-bb0e-f1f3be12bb65 tableID=0xc0002e2730 seatIndex=0xc0004e87b8
2025/11/08 14:46:50 INFO session removed token=ae29f4b5-9e28-48a5-a8f9-e05fb55c2af0
2025/11/08 14:46:50 INFO session removed token=7924ce5c-7925-44ee-b38f-1a70e0be1dd8
2025/11/08 14:46:50 INFO session updated token=fd4ea669-84c7-4215-b561-aded8cf6a9ab tableID=0xc0002e2820 seatIndex=0xc0004e8868
2025/11/08 14:46:50 INFO session removed token=33e49832-eb81-4aa8-a211-ee099cde0f48
2025/11/08 14:46:50 INFO session created token=534a55aa-c603-4ba0-b47c-697ac5107a0f name=User_97_40
2025/11/08 14:46:50 INFO session created token=11530157-b871-4c44-95e2-ede3a0ee70c7 name=User_77_14
2025/11/08 14:46:50 INFO session updated token=7dd7bcf3-e2a0-4f05-8da2-c126fe9ccadc tableID=0xc0001410e0 seatIndex=0xc00013f078
2025/11/08 14:46:50 INFO session created token=a316d68c-dfd6-4329-94c7-707201462254 name=User_47_15
2025/11/08 14:46:50 INFO session created token=8740c5c6-3e41-43ca-be39-20b0733b105c name=User_54_26
2025/11/08 14:46:50 INFO session created token=9ed75d8a-f97b-4f65-af23-a60c8c41e5a9 name=User_11_31
2025/11/08 14:46:50 INFO session created token=36fcaed3-dd98-4bcf-9a96-cc52dadff626 name=User_83_25
2025/11/08 14:46:50 INFO session created token=80aaf4e2-ba69-4df1-86b9-9fa8d3fedb22 name=User_98_12
2025/11/08 14:46:50 INFO session created token=ee90eb74-c65e-487e-9d63-44c5e75b088c name=User_65_92
2025/11/08 14:46:50 INFO session removed token=33af4f50-e67e-40f7-9966-7a787d8548d3
2025/11/08 14:46:50 INFO session created token=faa96432-f04a-46d8-aa7c-31e1b972fda6 name=User_88_16
2025/11/08 14:46:50 INFO session created token=37fa44fd-bda7-4831-b40b-c62ceca298d3 name=User_18_23
2025/11/08 14:46:50 INFO session created token=58e50234-2238-4b86-9940-bcb75e74bc7a name=User_8_14
2025/11/08 14:46:50 INFO session created token=11b9451c-f61c-4c2c-86da-76625569b839 name=User_95_11
2025/11/08 14:46:50 INFO session created token=5b7a6213-aec2-45fb-83b4-fa139a73cccb name=User_61_47
2025/11/08 14:46:50 INFO session created token=fb00e0bf-3810-4766-ad9c-d1d6e72e6bff name=User_70_30
2025/11/08 14:46:50 INFO session created token=6364ce58-2881-46f6-b7d1-2aec11794e81 name=User_3_21
2025/11/08 14:46:50 INFO session created token=30389636-9529-4468-8153-6916cb474fee name=User_63_22
2025/11/08 14:46:50 INFO session created token=5b94a757-ea3d-416c-b85e-231ef98b13f2 name=User_41_26
2025/11/08 14:46:50 INFO session created token=d09ce996-ce80-46f3-b7ef-be826c7b5cff name=User_73_14
2025/11/08 14:46:50 INFO session created token=67fe9328-c9f5-4a88-97f6-0924c62dc8c9 name=User_90_19
2025/11/08 14:46:50 INFO session created token=c2b26727-64a8-475a-9132-c7d04a95465d name=User_44_13
2025/11/08 14:46:50 INFO session created token=93b0e10b-8d88-4dd9-96c9-61d66b747c9c name=User_13_12
2025/11/08 14:46:50 INFO session created token=cf35dced-99b6-4ab1-a669-af4cee6102ad name=User_23_79
2025/11/08 14:46:50 INFO session created token=e4380438-48a1-41ec-900f-4b1c1befe784 name=User_67_27
2025/11/08 14:46:50 INFO session created token=77fd8b0a-7f9f-472d-8acf-6620e6c94bd5 name=User_81_98
2025/11/08 14:46:50 INFO session created token=c97e66c3-4d08-473d-a263-d78deb53e748 name=User_21_21
2025/11/08 14:46:50 INFO session created token=c1243374-049e-43f3-80e1-476991f1e386 name=User_99_27
2025/11/08 14:46:50 INFO session created token=32f8880e-24d2-4145-a02d-8d2042dd5801 name=User_0_60
2025/11/08 14:46:50 INFO session updated token=faa96432-f04a-46d8-aa7c-31e1b972fda6 tableID=0xc0005e0c20 seatIndex=0xc00016ceb8
2025/11/08 14:46:50 INFO session created token=eb05a368-5b4c-4a30-a8f0-effe31104b57 name=User_51_12
2025/11/08 14:46:50 INFO session created token=19c1672d-be61-4c7b-a279-8cf7071315a5 name=User_12_13
2025/11/08 14:46:50 INFO session removed token=faa96432-f04a-46d8-aa7c-31e1b972fda6
2025/11/08 14:46:50 INFO session created token=ca7cf808-1ada-43aa-ac64-dbbb1121bd75 name=User_88_17
2025/11/08 14:46:50 INFO session updated token=ca7cf808-1ada-43aa-ac64-dbbb1121bd75 tableID=0xc00021c8a0 seatIndex=0xc000186ad0
2025/11/08 14:46:50 INFO session removed token=ca7cf808-1ada-43aa-ac64-dbbb1121bd75
2025/11/08 14:46:50 INFO session created token=ce35f279-a0da-4b58-ba4b-b12484b063d4 name=User_88_18
2025/11/08 14:46:50 INFO session updated token=ce35f279-a0da-4b58-ba4b-b12484b063d4 tableID=0xc00021c8f0 seatIndex=0xc000186b20
2025/11/08 14:46:50 INFO session removed token=ce35f279-a0da-4b58-ba4b-b12484b063d4
2025/11/08 14:46:50 INFO session created token=d8e45d64-1740-4457-92e1-1040dbbcd0be name=User_88_19
2025/11/08 14:46:50 INFO session updated token=d8e45d64-1740-4457-92e1-1040dbbcd0be tableID=0xc00021c940 seatIndex=0xc000186b70
2025/11/08 14:46:50 INFO session removed token=d8e45d64-1740-4457-92e1-1040dbbcd0be
2025/11/08 14:46:50 INFO session created token=add55554-3a56-4284-a693-37e355e4a2c0 name=User_88_20
2025/11/08 14:46:50 INFO session created token=ae60b6a5-d937-422d-9132-75d142b50a41 name=User_15_28
2025/11/08 14:46:50 INFO session created token=a90c5c4c-99a3-4f03-a94c-dae21b3aaa9b name=User_53_14
2025/11/08 14:46:50 INFO session updated token=95c98ac4-6171-4ade-8845-6af50654db27 tableID=0xc000141100 seatIndex=0xc00013f0c8
2025/11/08 14:46:50 INFO session removed token=95c98ac4-6171-4ade-8845-6af50654db27
2025/11/08 14:46:50 INFO session removed token=e80fd590-5607-4d12-8c9c-5313ea52a69a
2025/11/08 14:46:50 INFO session updated token=29914e6a-7f26-4294-b2c9-028b52b04a96 tableID=0xc000141120 seatIndex=0xc00013f0f8
2025/11/08 14:46:50 INFO session removed token=a320ab8c-a6ce-47ec-ad0c-c90a22c085e4
2025/11/08 14:46:50 INFO session removed token=cbef9fc0-d74f-42bf-90a1-7bdcad1d3843
2025/11/08 14:46:50 INFO session updated token=2a055896-dd2a-4acb-93b9-a57a757648b8 tableID=0xc0002e29f0 seatIndex=0xc0004e8930
2025/11/08 14:46:50 INFO session created token=5f141802-3424-41f6-8554-90be540d80ed name=User_9_13
2025/11/08 14:46:50 INFO session removed token=7d4502f9-1cb9-41e7-8b33-f721f74af986
2025/11/08 14:46:50 INFO session created token=967a71d6-ea0d-4e1d-984c-3c934cd5a5ec name=User_27_17
2025/11/08 14:46:50 INFO session removed token=1cd94934-ddb8-4661-aea3-eb34766bbd86
2025/11/08 14:46:50 INFO session created token=5d671665-cc11-44e4-a23e-45715f7ec302 name=User_30_18
2025/11/08 14:46:50 INFO session created token=20a8a491-3808-4eca-8415-5f1e852f8c94 name=User_32_17
2025/11/08 14:46:50 INFO session created token=158e70cf-0493-4752-9c8d-1ee7bc751243 name=User_19_21
2025/11/08 14:46:50 INFO session created token=af8277df-dca9-446c-b3f7-c901ef97a543 name=User_52_17
2025/11/08 14:46:50 INFO session removed token=154c7ece-57b4-48ff-9d9c-501b62843ea1
2025/11/08 14:46:50 INFO session created token=e14524bd-9683-4e94-b474-9b6d5b0ab40b name=User_49_24
2025/11/08 14:46:50 INFO session removed token=a48245bc-e478-41b3-8fef-eacaa067a901
2025/11/08 14:46:50 INFO session created token=9d03aa53-01c5-438d-85ea-008e2f94f3d0 name=User_16_14
2025/11/08 14:46:50 INFO session created token=0921a1ea-b3fe-4a1c-bac1-99adf47c783b name=User_14_18
2025/11/08 14:46:50 INFO session created token=78828d51-fc6b-4a82-b8dd-c57d01656adb name=User_17_18
2025/11/08 14:46:50 INFO session created token=cc82f2aa-ac62-4862-9922-953b87941d74 name=User_45_17
2025/11/08 14:46:50 INFO session created token=85b14e7c-58fa-4fff-9f63-aca9bd55d5bd name=User_38_12
2025/11/08 14:46:50 INFO session created token=3e51af17-6981-45dd-9158-ad7d9e6f98c2 name=User_93_33
2025/11/08 14:46:50 INFO session updated token=eb8d8386-3d78-4493-a172-b6c765c54175 tableID=0xc000172ae0 seatIndex=0xc0002e4988
2025/11/08 14:46:50 INFO session removed token=37d7286b-0f7f-468e-8a36-d0ac37649e56
2025/11/08 14:46:50 INFO session created token=647cc330-3cd9-4edf-ae68-6bc5f734a9b9 name=User_96_13
2025/11/08 14:46:50 INFO session updated token=647cc330-3cd9-4edf-ae68-6bc5f734a9b9 tableID=0xc0005e0d70 seatIndex=0xc00016cf78
2025/11/08 14:46:50 INFO session removed token=647cc330-3cd9-4edf-ae68-6bc5f734a9b9
2025/11/08 14:46:50 INFO session created token=fed20a68-3fdd-4767-b790-3203c4f80e4c name=User_96_14
2025/11/08 14:46:50 INFO session updated token=fed20a68-3fdd-4767-b790-3203c4f80e4c tableID=0xc0005e0dc0 seatIndex=0xc00016cfc8
2025/11/08 14:46:50 INFO session removed token=fed20a68-3fdd-4767-b790-3203c4f80e4c
2025/11/08 14:46:50 INFO session created token=98e3ce93-66cc-4458-9f8d-d98c5b4304cb name=User_96_15
2025/11/08 14:46:50 INFO session updated token=98e3ce93-66cc-4458-9f8d-d98c5b4304cb tableID=0xc0005e0e10 seatIndex=0xc00016d018
2025/11/08 14:46:50 INFO session removed token=98e3ce93-66cc-4458-9f8d-d98c5b4304cb
2025/11/08 14:46:50 INFO session created token=b0d65cc9-1ae5-40d9-9528-ace66091f894 name=User_96_16
2025/11/08 14:46:50 INFO session updated token=b0d65cc9-1ae5-40d9-9528-ace66091f894 tableID=0xc0005e0e60 seatIndex=0xc00016d068
2025/11/08 14:46:50 INFO session removed token=b0d65cc9-1ae5-40d9-9528-ace66091f894
2025/11/08 14:46:50 INFO session created token=81ad1994-0852-4c79-ac03-05b0331d9a37 name=User_96_17
2025/11/08 14:46:50 INFO session updated token=81ad1994-0852-4c79-ac03-05b0331d9a37 tableID=0xc0005e0eb0 seatIndex=0xc00016d0b8
2025/11/08 14:46:50 INFO session removed token=81ad1994-0852-4c79-ac03-05b0331d9a37
2025/11/08 14:46:50 INFO session created token=96bcf52f-1635-4909-af27-94385eda078c name=User_96_18
2025/11/08 14:46:50 INFO session updated token=96bcf52f-1635-4909-af27-94385eda078c tableID=0xc0005e0f00 seatIndex=0xc00016d108
2025/11/08 14:46:50 INFO session removed token=96bcf52f-1635-4909-af27-94385eda078c
2025/11/08 14:46:50 INFO session created token=c330528c-d08c-446e-ab8f-ba63407ce76c name=User_96_19
2025/11/08 14:46:50 INFO session updated token=c330528c-d08c-446e-ab8f-ba63407ce76c tableID=0xc0005e0f50 seatIndex=0xc00016d158
2025/11/08 14:46:50 INFO session removed token=c330528c-d08c-446e-ab8f-ba63407ce76c
2025/11/08 14:46:50 INFO session created token=7346d0d6-0e69-4f07-a9fd-b0e01a1644e9 name=User_96_20
2025/11/08 14:46:50 INFO session updated token=7346d0d6-0e69-4f07-a9fd-b0e01a1644e9 tableID=0xc0005e0fa0 seatIndex=0xc00016d1a8
2025/11/08 14:46:50 INFO session removed token=7346d0d6-0e69-4f07-a9fd-b0e01a1644e9
2025/11/08 14:46:50 INFO session created token=ebe1bae8-85fd-49ad-ba87-2ce61428b1f6 name=User_96_21
2025/11/08 14:46:50 INFO session updated token=ebe1bae8-85fd-49ad-ba87-2ce61428b1f6 tableID=0xc0005e0ff0 seatIndex=0xc00016d1f8
2025/11/08 14:46:50 INFO session removed token=ebe1bae8-85fd-49ad-ba87-2ce61428b1f6
2025/11/08 14:46:50 INFO session created token=6ba12ec2-1a7e-4ded-855c-cd5ec952092c name=User_96_22
2025/11/08 14:46:50 INFO session updated token=6ba12ec2-1a7e-4ded-855c-cd5ec952092c tableID=0xc0005e1040 seatIndex=0xc00016d248
2025/11/08 14:46:50 INFO session removed token=6ba12ec2-1a7e-4ded-855c-cd5ec952092c
2025/11/08 14:46:50 INFO session created token=ebe6594c-b59e-44f9-b17c-71743d7a3aa2 name=User_96_23
2025/11/08 14:46:50 INFO session updated token=ebe6594c-b59e-44f9-b17c-71743d7a3aa2 tableID=0xc0005e1090 seatIndex=0xc00016d298
2025/11/08 14:46:50 INFO session removed token=ebe6594c-b59e-44f9-b17c-71743d7a3aa2
2025/11/08 14:46:50 INFO session created token=3d686741-66b4-4bad-9a1a-64a7ce4d5b13 name=User_96_24
2025/11/08 14:46:50 INFO session updated token=3d686741-66b4-4bad-9a1a-64a7ce4d5b13 tableID=0xc0005e10e0 seatIndex=0xc00016d2e8
2025/11/08 14:46:50 INFO session removed token=3d686741-66b4-4bad-9a1a-64a7ce4d5b13
2025/11/08 14:46:50 INFO session created token=addbb780-2ab4-4090-9d70-f0a667b8110c name=User_96_25
2025/11/08 14:46:50 INFO session updated token=addbb780-2ab4-4090-9d70-f0a667b8110c tableID=0xc0005e1130 seatIndex=0xc00016d338
2025/11/08 14:46:50 INFO session removed token=addbb780-2ab4-4090-9d70-f0a667b8110c
2025/11/08 14:46:50 INFO session created token=0d82984d-383f-4edb-8fc4-049ed2948284 name=User_96_26
2025/11/08 14:46:50 INFO session updated token=0d82984d-383f-4edb-8fc4-049ed2948284 tableID=0xc0005e1180 seatIndex=0xc00016d388
2025/11/08 14:46:50 INFO session removed token=0d82984d-383f-4edb-8fc4-049ed2948284
2025/11/08 14:46:50 INFO session created token=d241e2e3-f7ef-4860-833b-3b2304fd140a name=User_96_27
2025/11/08 14:46:50 INFO session updated token=d241e2e3-f7ef-4860-833b-3b2304fd140a tableID=0xc0005e11d0 seatIndex=0xc00016d3d8
2025/11/08 14:46:50 INFO session removed token=d241e2e3-f7ef-4860-833b-3b2304fd140a
2025/11/08 14:46:50 INFO session created token=e90f640a-c57d-4ec1-b4ee-b47587eb1ac6 name=User_96_28
2025/11/08 14:46:50 INFO session updated token=e90f640a-c57d-4ec1-b4ee-b47587eb1ac6 tableID=0xc0005e1220 seatIndex=0xc00016d428
2025/11/08 14:46:50 INFO session removed token=e90f640a-c57d-4ec1-b4ee-b47587eb1ac6
2025/11/08 14:46:50 INFO session created token=6704a1dc-dd4e-4e5c-862e-53cd34287ba3 name=User_96_29
2025/11/08 14:46:50 INFO session updated token=6704a1dc-dd4e-4e5c-862e-53cd34287ba3 tableID=0xc0005e1270 seatIndex=0xc00016d478
2025/11/08 14:46:50 INFO session removed token=6704a1dc-dd4e-4e5c-862e-53cd34287ba3
2025/11/08 14:46:50 INFO session created token=57bd54fa-349c-483d-93ff-a0baabb4e9b9 name=User_96_30
2025/11/08 14:46:50 INFO session updated token=57bd54fa-349c-483d-93ff-a0baabb4e9b9 tableID=0xc0005e12c0 seatIndex=0xc00016d4c8
2025/11/08 14:46:50 INFO session removed token=57bd54fa-349c-483d-93ff-a0baabb4e9b9
2025/11/08 14:46:50 INFO session created token=50486c24-c5c5-4f51-aac4-3cd21b5143c3 name=User_96_31
2025/11/08 14:46:50 INFO session updated token=50486c24-c5c5-4f51-aac4-3cd21b5143c3 tableID=0xc0005e1310 seatIndex=0xc00016d518
2025/11/08 14:46:50 INFO session removed token=50486c24-c5c5-4f51-aac4-3cd21b5143c3
2025/11/08 14:46:50 INFO session created token=2c882299-0297-4b22-8db9-868ec24881e2 name=User_96_32
2025/11/08 14:46:50 INFO session updated token=2c882299-0297-4b22-8db9-868ec24881e2 tableID=0xc0005e1360 seatIndex=0xc00016d568
2025/11/08 14:46:50 INFO session removed token=2c882299-0297-4b22-8db9-868ec24881e2
2025/11/08 14:46:50 INFO session created token=dae35e3a-99ad-470e-9b49-4577c93ddac3 name=User_96_33
2025/11/08 14:46:50 INFO session updated token=dae35e3a-99ad-470e-9b49-4577c93ddac3 tableID=0xc0005e13b0 seatIndex=0xc00016d5b8
2025/11/08 14:46:50 INFO session removed token=dae35e3a-99ad-470e-9b49-4577c93ddac3
2025/11/08 14:46:50 INFO session created token=0f6b84f9-ec26-4ebf-aab1-864dfacacda6 name=User_96_34
2025/11/08 14:46:50 INFO session updated token=0f6b84f9-ec26-4ebf-aab1-864dfacacda6 tableID=0xc0005e1400 seatIndex=0xc00016d608
2025/11/08 14:46:50 INFO session removed token=0f6b84f9-ec26-4ebf-aab1-864dfacacda6
2025/11/08 14:46:50 INFO session created token=3f21dfb4-d3a0-4f51-9016-5fe965e01f66 name=User_96_35
2025/11/08 14:46:50 INFO session updated token=3f21dfb4-d3a0-4f51-9016-5fe965e01f66 tableID=0xc0005e1450 seatIndex=0xc00016d658
2025/11/08 14:46:50 INFO session removed token=3f21dfb4-d3a0-4f51-9016-5fe965e01f66
2025/11/08 14:46:50 INFO session created token=d78c0188-23f6-4c13-8785-8dc37f270b70 name=User_96_36
2025/11/08 14:46:50 INFO session updated token=d78c0188-23f6-4c13-8785-8dc37f270b70 tableID=0xc0005e14a0 seatIndex=0xc00016d6a8
2025/11/08 14:46:50 INFO session removed token=d78c0188-23f6-4c13-8785-8dc37f270b70
2025/11/08 14:46:50 INFO session created token=177ba41e-8a56-4469-a13d-9d154f338fd5 name=User_96_37
2025/11/08 14:46:50 INFO session updated token=177ba41e-8a56-4469-a13d-9d154f338fd5 tableID=0xc0005e14f0 seatIndex=0xc00016d6f8
2025/11/08 14:46:50 INFO session removed token=177ba41e-8a56-4469-a13d-9d154f338fd5
2025/11/08 14:46:50 INFO session created token=347cddda-548a-4bcc-8b24-40ac5e4ced42 name=User_96_38
2025/11/08 14:46:50 INFO session updated token=347cddda-548a-4bcc-8b24-40ac5e4ced42 tableID=0xc0005e1540 seatIndex=0xc00016d748
2025/11/08 14:46:50 INFO session removed token=347cddda-548a-4bcc-8b24-40ac5e4ced42
2025/11/08 14:46:50 INFO session created token=d73a6e50-ee22-4960-9596-f04d44f6c3f5 name=User_96_39
2025/11/08 14:46:50 INFO session updated token=d73a6e50-ee22-4960-9596-f04d44f6c3f5 tableID=0xc0005e1590 seatIndex=0xc00016d798
2025/11/08 14:46:50 INFO session removed token=d73a6e50-ee22-4960-9596-f04d44f6c3f5
2025/11/08 14:46:50 INFO session created token=b15cf267-b636-4cac-a22c-7d24bfba3171 name=User_96_40
2025/11/08 14:46:50 INFO session updated token=b15cf267-b636-4cac-a22c-7d24bfba3171 tableID=0xc0005e15e0 seatIndex=0xc00016d7e8
2025/11/08 14:46:50 INFO session removed token=b15cf267-b636-4cac-a22c-7d24bfba3171
2025/11/08 14:46:50 INFO session created token=5f439387-7f98-4494-bc5f-3ae7fa63149a name=User_96_41
2025/11/08 14:46:50 INFO session updated token=5f439387-7f98-4494-bc5f-3ae7fa63149a tableID=0xc0005e1630 seatIndex=0xc00016d838
2025/11/08 14:46:50 INFO session removed token=5f439387-7f98-4494-bc5f-3ae7fa63149a
2025/11/08 14:46:50 INFO session created token=c981b343-f037-442c-b9fc-702defe066e7 name=User_96_42
2025/11/08 14:46:50 INFO session updated token=c981b343-f037-442c-b9fc-702defe066e7 tableID=0xc0005e1680 seatIndex=0xc00016d888
2025/11/08 14:46:50 INFO session removed token=c981b343-f037-442c-b9fc-702defe066e7
2025/11/08 14:46:50 INFO session created token=1be24c4d-5c5f-464a-ad75-a8d279fc2854 name=User_96_43
2025/11/08 14:46:50 INFO session updated token=1be24c4d-5c5f-464a-ad75-a8d279fc2854 tableID=0xc0005e16d0 seatIndex=0xc00016d8d8
2025/11/08 14:46:50 INFO session removed token=1be24c4d-5c5f-464a-ad75-a8d279fc2854
2025/11/08 14:46:50 INFO session removed token=eb8d8386-3d78-4493-a172-b6c765c54175
2025/11/08 14:46:50 INFO session created token=c0ba989c-5e63-4e64-a92d-bb0ffdccdeb6 name=User_22_15
2025/11/08 14:46:50 INFO session updated token=c0ba989c-5e63-4e64-a92d-bb0ffdccdeb6 tableID=0xc0004e5480 seatIndex=0xc000271480
2025/11/08 14:46:50 INFO session removed token=c0ba989c-5e63-4e64-a92d-bb0ffdccdeb6
2025/11/08 14:46:50 INFO session created token=c163a15a-873c-495d-b425-36da9936c277 name=User_22_16
2025/11/08 14:46:50 INFO session updated token=c163a15a-873c-495d-b425-36da9936c277 tableID=0xc0004e54d0 seatIndex=0xc0002714d0
2025/11/08 14:46:50 INFO session removed token=c163a15a-873c-495d-b425-36da9936c277
2025/11/08 14:46:50 INFO session created token=c69d0a91-82f0-478a-8f6b-43ac7ff7dc83 name=User_22_17
2025/11/08 14:46:50 INFO session updated token=c69d0a91-82f0-478a-8f6b-43ac7ff7dc83 tableID=0xc0004e5520 seatIndex=0xc000271520
2025/11/08 14:46:50 INFO session removed token=c69d0a91-82f0-478a-8f6b-43ac7ff7dc83
2025/11/08 14:46:50 INFO session created token=13fc9c0f-357a-4465-9be8-25a7e7f9b034 name=User_96_44
2025/11/08 14:46:50 INFO session created token=2c7ba425-9792-4e96-8997-aa4ef91dc907 name=User_22_18
2025/11/08 14:46:50 INFO session updated token=13fc9c0f-357a-4465-9be8-25a7e7f9b034 tableID=0xc000172ec0 seatIndex=0xc0002e4ca8
2025/11/08 14:46:50 INFO session removed token=13fc9c0f-357a-4465-9be8-25a7e7f9b034
2025/11/08 14:46:50 INFO session created token=cc236af6-7800-4af5-8d1d-a0d4feaf3077 name=User_96_45
2025/11/08 14:46:50 INFO session updated token=cc236af6-7800-4af5-8d1d-a0d4feaf3077 tableID=0xc000172f20 seatIndex=0xc0002e4d08
2025/11/08 14:46:50 INFO session removed token=cc236af6-7800-4af5-8d1d-a0d4feaf3077
2025/11/08 14:46:50 INFO session created token=9e9f2ecc-a493-4a3f-a6f9-f84f26a7f7c3 name=User_96_46
2025/11/08 14:46:50 INFO session updated token=9e9f2ecc-a493-4a3f-a6f9-f84f26a7f7c3 tableID=0xc000172f70 seatIndex=0xc0002e4d58
2025/11/08 14:46:50 INFO session removed token=9e9f2ecc-a493-4a3f-a6f9-f84f26a7f7c3
2025/11/08 14:46:50 INFO session created token=7d131ab6-3606-4e56-9a4e-dfaeeadd5250 name=User_96_47
2025/11/08 14:46:50 INFO session updated token=7d131ab6-3606-4e56-9a4e-dfaeeadd5250 tableID=0xc000172fc0 seatIndex=0xc0002e4da8
2025/11/08 14:46:50 INFO session removed token=7d131ab6-3606-4e56-9a4e-dfaeeadd5250
2025/11/08 14:46:50 INFO session created token=8d6c6e84-9146-4fa7-89e9-1f08e110d2d5 name=User_96_48
2025/11/08 14:46:50 INFO session updated token=8d6c6e84-9146-4fa7-89e9-1f08e110d2d5 tableID=0xc000173010 seatIndex=0xc0002e4df8
2025/11/08 14:46:50 INFO session removed token=8d6c6e84-9146-4fa7-89e9-1f08e110d2d5
2025/11/08 14:46:50 INFO session updated token=2c7ba425-9792-4e96-8997-aa4ef91dc907 tableID=0xc000172ee0 seatIndex=0xc0002e4cd8
2025/11/08 14:46:50 INFO session removed token=2c7ba425-9792-4e96-8997-aa4ef91dc907
2025/11/08 14:46:50 INFO session created token=c75d057a-030d-45d2-851c-904d3e709124 name=User_22_19
2025/11/08 14:46:50 INFO session updated token=c75d057a-030d-45d2-851c-904d3e709124 tableID=0xc000173080 seatIndex=0xc0002e4e68
2025/11/08 14:46:50 INFO session removed token=c75d057a-030d-45d2-851c-904d3e709124
2025/11/08 14:46:50 INFO session created token=ab9c3e48-99b8-410f-8fbc-5220aa855b90 name=User_22_20
2025/11/08 14:46:50 INFO session updated token=ab9c3e48-99b8-410f-8fbc-5220aa855b90 tableID=0xc0001730d0 seatIndex=0xc0002e4eb8
2025/11/08 14:46:50 INFO session removed token=ab9c3e48-99b8-410f-8fbc-5220aa855b90
2025/11/08 14:46:50 INFO session created token=c265e35d-fb80-443d-af5f-f88b53a7d16c name=User_22_21
2025/11/08 14:46:50 INFO session updated token=c265e35d-fb80-443d-af5f-f88b53a7d16c tableID=0xc000173120 seatIndex=0xc0002e4f08
2025/11/08 14:46:50 INFO session removed token=c265e35d-fb80-443d-af5f-f88b53a7d16c
2025/11/08 14:46:50 INFO session created token=01b00c62-628b-4f27-8114-4e52e1eca062 name=User_22_22
2025/11/08 14:46:50 INFO session updated token=01b00c62-628b-4f27-8114-4e52e1eca062 tableID=0xc000173170 seatIndex=0xc0002e4f58
2025/11/08 14:46:50 INFO session removed token=01b00c62-628b-4f27-8114-4e52e1eca062
2025/11/08 14:46:50 INFO session created token=a9f3391b-0416-442e-9b8f-c6c3ce5b01d5 name=User_22_23
2025/11/08 14:46:50 INFO session updated token=a9f3391b-0416-442e-9b8f-c6c3ce5b01d5 tableID=0xc0001731c0 seatIndex=0xc0002e4fa8
2025/11/08 14:46:50 INFO session removed token=a9f3391b-0416-442e-9b8f-c6c3ce5b01d5
2025/11/08 14:46:50 INFO session created token=ae0c09cc-fcfa-48cd-a6be-5bb301216fd7 name=User_22_24
2025/11/08 14:46:50 INFO session updated token=ae0c09cc-fcfa-48cd-a6be-5bb301216fd7 tableID=0xc000173210 seatIndex=0xc0002e4ff8
2025/11/08 14:46:50 INFO session removed token=ae0c09cc-fcfa-48cd-a6be-5bb301216fd7
2025/11/08 14:46:50 INFO session updated token=16ca5eff-b3ed-4d23-a56a-23016673b061 tableID=0xc00021c030 seatIndex=0xc000186270
2025/11/08 14:46:50 INFO session removed token=16ca5eff-b3ed-4d23-a56a-23016673b061
2025/11/08 14:46:50 INFO session created token=86b460d6-8d77-4f0d-ab31-8c195d649610 name=User_75_13
2025/11/08 14:46:50 INFO session updated token=86b460d6-8d77-4f0d-ab31-8c195d649610 tableID=0xc0005e1750 seatIndex=0xc00016d988
2025/11/08 14:46:50 INFO session removed token=86b460d6-8d77-4f0d-ab31-8c195d649610
2025/11/08 14:46:50 INFO session created token=9444fd21-fb94-415a-8eeb-a8d481c79e0d name=User_75_14
2025/11/08 14:46:50 INFO session updated token=9444fd21-fb94-415a-8eeb-a8d481c79e0d tableID=0xc0005e17a0 seatIndex=0xc00016d9d8
2025/11/08 14:46:50 INFO session removed token=9444fd21-fb94-415a-8eeb-a8d481c79e0d
2025/11/08 14:46:50 INFO session created token=8fcf8d49-ac93-4b3d-81e9-af90ee49dd2d name=User_75_15
2025/11/08 14:46:50 INFO session updated token=8fcf8d49-ac93-4b3d-81e9-af90ee49dd2d tableID=0xc0005e17f0 seatIndex=0xc00016da28
2025/11/08 14:46:50 INFO session removed token=8fcf8d49-ac93-4b3d-81e9-af90ee49dd2d
2025/11/08 14:46:50 INFO session created token=d794bdfd-3411-4bb6-aa8f-353a7b5a453a name=User_75_16
2025/11/08 14:46:50 INFO session updated token=d794bdfd-3411-4bb6-aa8f-353a7b5a453a tableID=0xc0005e1840 seatIndex=0xc00016da78
2025/11/08 14:46:50 INFO session removed token=d794bdfd-3411-4bb6-aa8f-353a7b5a453a
2025/11/08 14:46:50 INFO session created token=5420353a-93b1-45d6-8336-f425b451eb40 name=User_75_17
2025/11/08 14:46:50 INFO session updated token=0307dddf-36b6-405b-bbc0-bfd1e81efd7e tableID=0xc00021c080 seatIndex=0xc0001862b0
2025/11/08 14:46:50 INFO session removed token=0307dddf-36b6-405b-bbc0-bfd1e81efd7e
2025/11/08 14:46:50 INFO session updated token=08560b8f-00f8-454a-a9c1-4318f9f528ff tableID=0xc00021c0a0 seatIndex=0xc0001862e0
2025/11/08 14:46:50 INFO session created token=0597e373-4980-4ab4-a872-42315d343d38 name=User_74_23
2025/11/08 14:46:50 INFO session updated token=1c716b42-13a6-458d-8194-0ab8f5011189 tableID=0xc00021c3f0 seatIndex=0xc000186650
2025/11/08 14:46:50 INFO session created token=c0ccef32-4352-4182-a80b-ad2b61f39e2d name=User_48_57
2025/11/08 14:46:50 INFO session created token=488ed155-c8be-4a47-84c9-0cf42508aa0e name=User_59_24
2025/11/08 14:46:50 INFO session updated token=9a87dcbd-ab14-4a21-bb40-8c26f0bd9e1f tableID=0xc00021c5d0 seatIndex=0xc000186830
2025/11/08 14:46:50 INFO session updated token=83253e8e-6e82-4d09-9b7e-587ada3a973b tableID=0xc00021c610 seatIndex=0xc000186860
2025/11/08 14:46:50 INFO session updated token=3438a290-6e09-486e-8d6c-321e67e71070 tableID=0xc00021c630 seatIndex=0xc000186870
2025/11/08 14:46:50 INFO session removed token=3438a290-6e09-486e-8d6c-321e67e71070
2025/11/08 14:46:50 INFO session created token=72933a45-b288-41a3-bef5-b0434a9f869d name=User_36_13
2025/11/08 14:46:50 INFO session updated token=72933a45-b288-41a3-bef5-b0434a9f869d tableID=0xc0004e55c0 seatIndex=0xc0002715c0
2025/11/08 14:46:50 INFO session removed token=72933a45-b288-41a3-bef5-b0434a9f869d
2025/11/08 14:46:50 INFO session created token=8d08f274-7ad1-431a-86c8-f93bb409cf14 name=User_36_14
2025/11/08 14:46:50 INFO session updated token=8d08f274-7ad1-431a-86c8-f93bb409cf14 tableID=0xc0004e5610 seatIndex=0xc000271610
2025/11/08 14:46:50 INFO session removed token=8d08f274-7ad1-431a-86c8-f93bb409cf14
2025/11/08 14:46:50 INFO session created token=85e789e5-d2d2-41bc-b103-4b965a3a162f name=User_36_15
2025/11/08 14:46:50 INFO session updated token=85e789e5-d2d2-41bc-b103-4b965a3a162f tableID=0xc0004e5660 seatIndex=0xc000271660
2025/11/08 14:46:50 INFO session removed token=85e789e5-d2d2-41bc-b103-4b965a3a162f
2025/11/08 14:46:50 INFO session created token=a8ccc394-6821-4c39-8f70-3271ab7e66bb name=User_36_16
2025/11/08 14:46:50 INFO session updated token=a8ccc394-6821-4c39-8f70-3271ab7e66bb tableID=0xc0004e56b0 seatIndex=0xc0002716b0
2025/11/08 14:46:50 INFO session removed token=a8ccc394-6821-4c39-8f70-3271ab7e66bb
2025/11/08 14:46:50 INFO session created token=d3f7f86f-ba1d-4b53-a83f-e0b68db9b844 name=User_36_17
2025/11/08 14:46:50 INFO session updated token=d3f7f86f-ba1d-4b53-a83f-e0b68db9b844 tableID=0xc0004e5700 seatIndex=0xc000271700
2025/11/08 14:46:50 INFO session removed token=d3f7f86f-ba1d-4b53-a83f-e0b68db9b844
2025/11/08 14:46:50 INFO session created token=fc8afec4-e4ee-4757-8001-cf9ae8a07640 name=User_40_22
2025/11/08 14:46:50 INFO session created token=3e095a58-8d7d-422e-a3ef-194a0437df38 name=User_36_18
2025/11/08 14:46:50 INFO session updated token=fc8afec4-e4ee-4757-8001-cf9ae8a07640 tableID=0xc000302160 seatIndex=0xc0003802b8
2025/11/08 14:46:50 INFO session removed token=fc8afec4-e4ee-4757-8001-cf9ae8a07640
2025/11/08 14:46:50 INFO session updated token=a316d68c-dfd6-4329-94c7-707201462254 tableID=0xc00021c700 seatIndex=0xc000186960
2025/11/08 14:46:50 INFO session removed token=7dd7bcf3-e2a0-4f05-8da2-c126fe9ccadc
2025/11/08 14:46:50 INFO session removed token=08dde6f8-a1c4-49a2-a385-acb44512c61b
2025/11/08 14:46:50 INFO session removed token=9ced162b-2275-4147-afe5-b371fa862ade
2025/11/08 14:46:50 INFO session updated token=8740c5c6-3e41-43ca-be39-20b0733b105c tableID=0xc0002e2b90 seatIndex=0xc0004e8ad0
2025/11/08 14:46:50 INFO session updated token=9ed75d8a-f97b-4f65-af23-a60c8c41e5a9 tableID=0xc0004e5390 seatIndex=0xc000271380
2025/11/08 14:46:50 INFO session created token=ca93d2f4-5691-497f-9543-d5418ea6f2ca name=User_64_12
2025/11/08 14:46:50 INFO session removed token=fd4ea669-84c7-4215-b561-aded8cf6a9ab
2025/11/08 14:46:50 INFO session created token=b23888b4-fbb6-4e9a-8a1a-eba0e18b6431 name=User_10_11
2025/11/08 14:46:50 INFO session created token=57cc69e6-4661-48e3-b3d0-948822125196 name=User_56_21
2025/11/08 14:46:50 INFO session removed token=068b7c48-3ea1-4329-b7ab-8f88953ec209
2025/11/08 14:46:50 INFO session created token=e5f49f8e-3b68-48bb-a196-614c9a6f1581 name=User_55_14
2025/11/08 14:46:50 INFO session updated token=37fa44fd-bda7-4831-b40b-c62ceca298d3 tableID=0xc000172dc0 seatIndex=0xc0002e4c68
2025/11/08 14:46:50 INFO session removed token=37fa44fd-bda7-4831-b40b-c62ceca298d3
2025/11/08 14:46:50 INFO session created token=92241e8f-a8cd-4e34-b73e-f5addd0d83bd name=User_79_19
2025/11/08 14:46:50 INFO session created token=30d1b7cf-2d73-4c49-8206-5c422ce0c510 name=User_18_24
2025/11/08 14:46:50 INFO session updated token=92241e8f-a8cd-4e34-b73e-f5addd0d83bd tableID=0xc0005e1910 seatIndex=0xc00016db08
2025/11/08 14:46:50 INFO session removed token=92241e8f-a8cd-4e34-b73e-f5addd0d83bd
2025/11/08 14:46:50 INFO session updated token=58e50234-2238-4b86-9940-bcb75e74bc7a tableID=0xc000552750 seatIndex=0xc0005546d8
2025/11/08 14:46:50 INFO session updated token=11b9451c-f61c-4c2c-86da-76625569b839 tableID=0xc000172dd0 seatIndex=0xc0002e4c78
2025/11/08 14:46:50 INFO session updated token=5b7a6213-aec2-45fb-83b4-fa139a73cccb tableID=0xc0005e0c70 seatIndex=0xc00016cec8
2025/11/08 14:46:50 INFO session updated token=534a55aa-c603-4ba0-b47c-697ac5107a0f tableID=0xc0002e2c20 seatIndex=0xc0004e8ae0
2025/11/08 14:46:50 INFO session updated token=eb05a368-5b4c-4a30-a8f0-effe31104b57 tableID=0xc00021c730 seatIndex=0xc000186970
2025/11/08 14:46:50 INFO session updated token=19c1672d-be61-4c7b-a279-8cf7071315a5 tableID=0xc00021c740 seatIndex=0xc000186980
2025/11/08 14:46:50 INFO session updated token=fb00e0bf-3810-4766-ad9c-d1d6e72e6bff tableID=0xc00021c750 seatIndex=0xc000186990
2025/11/08 14:46:50 INFO session updated token=11530157-b871-4c44-95e2-ede3a0ee70c7 tableID=0xc00021c760 seatIndex=0xc0001869a0
2025/11/08 14:46:50 INFO session updated token=6364ce58-2881-46f6-b7d1-2aec11794e81 tableID=0xc00021c770 seatIndex=0xc0001869b0
2025/11/08 14:46:50 INFO session updated token=30389636-9529-4468-8153-6916cb474fee tableID=0xc00021c780 seatIndex=0xc0001869c0
2025/11/08 14:46:50 INFO session updated token=36fcaed3-dd98-4bcf-9a96-cc52dadff626 tableID=0xc00021c790 seatIndex=0xc0001869d0
2025/11/08 14:46:50 INFO session updated token=80aaf4e2-ba69-4df1-86b9-9fa8d3fedb22 tableID=0xc00021c7a0 seatIndex=0xc0001869e0
2025/11/08 14:46:50 INFO session updated token=ee90eb74-c65e-487e-9d63-44c5e75b088c tableID=0xc00021c7b0 seatIndex=0xc0001869f0
2025/11/08 14:46:50 INFO session updated token=5b94a757-ea3d-416c-b85e-231ef98b13f2 tableID=0xc00021c7c0 seatIndex=0xc000186a00
2025/11/08 14:46:50 INFO session removed token=ee90eb74-c65e-487e-9d63-44c5e75b088c
2025/11/08 14:46:50 INFO session created token=57f3ee0d-bdb5-4218-abb9-db1fabc0c3b9 name=User_65_93
2025/11/08 14:46:50 INFO session updated token=57f3ee0d-bdb5-4218-abb9-db1fabc0c3b9 tableID=0xc0004e57b0 seatIndex=0xc0002717a0
2025/11/08 14:46:50 INFO session removed token=57f3ee0d-bdb5-4218-abb9-db1fabc0c3b9
2025/11/08 14:46:50 INFO session created token=2d710aa1-0cfc-4876-ac61-844d8f54304e name=User_65_94
2025/11/08 14:46:50 INFO session updated token=2d710aa1-0cfc-4876-ac61-844d8f54304e tableID=0xc0004e5800 seatIndex=0xc0002717f0
2025/11/08 14:46:50 INFO session removed token=2d710aa1-0cfc-4876-ac61-844d8f54304e
2025/11/08 14:46:50 INFO session created token=0d00e043-53a7-4d61-8232-ee015e080e69 name=User_65_95
2025/11/08 14:46:50 INFO session updated token=0d00e043-53a7-4d61-8232-ee015e080e69 tableID=0xc0004e5850 seatIndex=0xc000271840
2025/11/08 14:46:50 INFO session removed token=0d00e043-53a7-4d61-8232-ee015e080e69
2025/11/08 14:46:50 INFO session updated token=67fe9328-c9f5-4a88-97f6-0924c62dc8c9 tableID=0xc00021c7e0 seatIndex=0xc000186a20
2025/11/08 14:46:50 INFO session removed token=67fe9328-c9f5-4a88-97f6-0924c62dc8c9
2025/11/08 14:46:50 INFO session created token=618f50dc-2ecb-4565-b652-443915da354f name=User_90_20
2025/11/08 14:46:50 INFO session updated token=618f50dc-2ecb-4565-b652-443915da354f tableID=0xc0003022b0 seatIndex=0xc0003803e8
2025/11/08 14:46:50 INFO session removed token=618f50dc-2ecb-4565-b652-443915da354f
2025/11/08 14:46:50 INFO session created token=48a1a5f8-9c54-489d-bb17-432c4e61c966 name=User_90_21
2025/11/08 14:46:50 INFO session updated token=48a1a5f8-9c54-489d-bb17-432c4e61c966 tableID=0xc000302300 seatIndex=0xc000380438
2025/11/08 14:46:50 INFO session removed token=48a1a5f8-9c54-489d-bb17-432c4e61c966
2025/11/08 14:46:50 INFO session created token=6f95f033-cb2a-4ebb-bda2-3aa9333bb040 name=User_90_22
2025/11/08 14:46:50 INFO session updated token=6f95f033-cb2a-4ebb-bda2-3aa9333bb040 tableID=0xc000302350 seatIndex=0xc000380488
2025/11/08 14:46:50 INFO session removed token=6f95f033-cb2a-4ebb-bda2-3aa9333bb040
2025/11/08 14:46:50 INFO session created token=99a1837d-84ba-4e3a-b7d9-f3bfbbe52265 name=User_90_23
2025/11/08 14:46:50 INFO session updated token=99a1837d-84ba-4e3a-b7d9-f3bfbbe52265 tableID=0xc0003023a0 seatIndex=0xc0003804d8
2025/11/08 14:46:50 INFO session removed token=99a1837d-84ba-4e3a-b7d9-f3bfbbe52265
2025/11/08 14:46:50 INFO session created token=eaac1400-36f0-48fe-ad1f-0fb58df55e0a name=User_90_24
2025/11/08 14:46:50 INFO session updated token=eaac1400-36f0-48fe-ad1f-0fb58df55e0a tableID=0xc0003023f0 seatIndex=0xc000380528
2025/11/08 14:46:50 INFO session removed token=eaac1400-36f0-48fe-ad1f-0fb58df55e0a
2025/11/08 14:46:50 INFO session updated token=c2b26727-64a8-475a-9132-c7d04a95465d tableID=0xc00021c7f0 seatIndex=0xc000186a30
2025/11/08 14:46:50 INFO session removed token=c2b26727-64a8-475a-9132-c7d04a95465d
2025/11/08 14:46:50 INFO session created token=5a3b9a07-bf0f-4b47-95bf-0b4bf6fd35cd name=User_44_14
2025/11/08 14:46:50 INFO session updated token=5a3b9a07-bf0f-4b47-95bf-0b4bf6fd35cd tableID=0xc0005e1a70 seatIndex=0xc00016dd48
2025/11/08 14:46:50 INFO session removed token=5a3b9a07-bf0f-4b47-95bf-0b4bf6fd35cd
2025/11/08 14:46:50 INFO session created token=56377a53-1124-46d7-8040-e928f8061488 name=User_44_15
2025/11/08 14:46:50 INFO session updated token=56377a53-1124-46d7-8040-e928f8061488 tableID=0xc0005e1ac0 seatIndex=0xc00016dd98
2025/11/08 14:46:50 INFO session removed token=56377a53-1124-46d7-8040-e928f8061488
2025/11/08 14:46:50 INFO session created token=0b5f1f96-c389-4143-8cd4-5901213a0823 name=User_44_16
2025/11/08 14:46:50 INFO session updated token=0b5f1f96-c389-4143-8cd4-5901213a0823 tableID=0xc0005e1b10 seatIndex=0xc00016dde8
2025/11/08 14:46:50 INFO session removed token=0b5f1f96-c389-4143-8cd4-5901213a0823
2025/11/08 14:46:50 INFO session created token=2de8e762-4f49-4ed2-ad05-437146a352be name=User_44_17
2025/11/08 14:46:50 INFO session updated token=2de8e762-4f49-4ed2-ad05-437146a352be tableID=0xc0005e1b60 seatIndex=0xc00016de58
2025/11/08 14:46:50 INFO session removed token=2de8e762-4f49-4ed2-ad05-437146a352be
2025/11/08 14:46:50 INFO session created token=44428162-7adf-46ec-b481-ba1f63d504b2 name=User_44_18
2025/11/08 14:46:50 INFO session updated token=44428162-7adf-46ec-b481-ba1f63d504b2 tableID=0xc0005e1bb0 seatIndex=0xc00016dee8
2025/11/08 14:46:50 INFO session removed token=44428162-7adf-46ec-b481-ba1f63d504b2
2025/11/08 14:46:50 INFO session created token=363e09a4-c68b-4d3b-a833-67a6045a5470 name=User_44_19
2025/11/08 14:46:50 INFO session updated token=93b0e10b-8d88-4dd9-96c9-61d66b747c9c tableID=0xc00021c800 seatIndex=0xc000186a40
2025/11/08 14:46:50 INFO session removed token=93b0e10b-8d88-4dd9-96c9-61d66b747c9c
2025/11/08 14:46:50 INFO session updated token=cf35dced-99b6-4ab1-a669-af4cee6102ad tableID=0xc00021c810 seatIndex=0xc000186a50
2025/11/08 14:46:50 INFO session removed token=cf35dced-99b6-4ab1-a669-af4cee6102ad
2025/11/08 14:46:50 INFO session created token=697490ae-73d0-4bd1-b5b4-b7e3fb94ba89 name=User_23_80
2025/11/08 14:46:50 INFO session updated token=697490ae-73d0-4bd1-b5b4-b7e3fb94ba89 tableID=0xc000302470 seatIndex=0xc0003805d8
2025/11/08 14:46:50 INFO session removed token=697490ae-73d0-4bd1-b5b4-b7e3fb94ba89
2025/11/08 14:46:50 INFO session created token=d6539b49-86f4-4a9e-aa12-ee7f679d6b34 name=User_23_81
2025/11/08 14:46:50 INFO session updated token=d6539b49-86f4-4a9e-aa12-ee7f679d6b34 tableID=0xc0003024c0 seatIndex=0xc000380628
2025/11/08 14:46:50 INFO session removed token=d6539b49-86f4-4a9e-aa12-ee7f679d6b34
2025/11/08 14:46:50 INFO session created token=142117cd-aa62-4904-ba55-1b1ff6d90135 name=User_23_82
2025/11/08 14:46:50 INFO session updated token=142117cd-aa62-4904-ba55-1b1ff6d90135 tableID=0xc000302510 seatIndex=0xc000380678
2025/11/08 14:46:50 INFO session removed token=142117cd-aa62-4904-ba55-1b1ff6d90135
2025/11/08 14:46:50 INFO session created token=05733c95-142e-40bb-9d61-9bd471e58ea2 name=User_23_83
2025/11/08 14:46:50 INFO session updated token=05733c95-142e-40bb-9d61-9bd471e58ea2 tableID=0xc000302560 seatIndex=0xc0003806c8
2025/11/08 14:46:50 INFO session removed token=05733c95-142e-40bb-9d61-9bd471e58ea2
2025/11/08 14:46:50 INFO session created token=5be980d3-b25c-4224-ad24-89d576e7bdf8 name=User_23_84
2025/11/08 14:46:50 INFO session updated token=5be980d3-b25c-4224-ad24-89d576e7bdf8 tableID=0xc0003025b0 seatIndex=0xc000380718
2025/11/08 14:46:50 INFO session removed token=5be980d3-b25c-4224-ad24-89d576e7bdf8
2025/11/08 14:46:50 INFO session created token=c05f75f2-032f-4170-b72e-c160c824d9eb name=User_23_85
2025/11/08 14:46:50 INFO session updated token=e4380438-48a1-41ec-900f-4b1c1befe784 tableID=0xc00021c820 seatIndex=0xc000186a60
2025/11/08 14:46:50 INFO session removed token=e4380438-48a1-41ec-900f-4b1c1befe784
2025/11/08 14:46:50 INFO session updated token=77fd8b0a-7f9f-472d-8acf-6620e6c94bd5 tableID=0xc00021c830 seatIndex=0xc000186a70
2025/11/08 14:46:50 INFO session updated token=c97e66c3-4d08-473d-a263-d78deb53e748 tableID=0xc00021c840 seatIndex=0xc000186a80
2025/11/08 14:46:50 INFO session updated token=c1243374-049e-43f3-80e1-476991f1e386 tableID=0xc00021c860 seatIndex=0xc000186ab0
2025/11/08 14:46:50 INFO session updated token=32f8880e-24d2-4145-a02d-8d2042dd5801 tableID=0xc00021c870 seatIndex=0xc000186ac0
2025/11/08 14:46:50 INFO session updated token=add55554-3a56-4284-a693-37e355e4a2c0 tableID=0xc000302050 seatIndex=0xc0003800f8
2025/11/08 14:46:50 INFO session updated token=ae60b6a5-d937-422d-9132-75d142b50a41 tableID=0xc000302060 seatIndex=0xc000380138
2025/11/08 14:46:50 INFO session updated token=a90c5c4c-99a3-4f03-a94c-dae21b3aaa9b tableID=0xc000302070 seatIndex=0xc000380148
2025/11/08 14:46:50 INFO session removed token=29914e6a-7f26-4294-b2c9-028b52b04a96
2025/11/08 14:46:50 INFO session created token=05c66e25-96bc-4ed2-b08b-84421a63c156 name=User_84_29
2025/11/08 14:46:50 INFO session removed token=2a055896-dd2a-4acb-93b9-a57a757648b8
2025/11/08 14:46:50 INFO session created token=a3f94f02-6b51-4767-abd9-3e23904a4c15 name=User_60_41
2025/11/08 14:46:50 INFO session created token=b591f2bc-b541-43f3-a17a-05154b4087a4 name=User_46_40
2025/11/08 14:46:50 INFO session created token=77876b7b-d93a-4a7c-a947-a3db3bfa79ec name=User_80_18
2025/11/08 14:46:50 INFO session created token=e609934d-5cd6-4bf2-aba0-ec6da3996c8f name=User_58_25
2025/11/08 14:46:50 INFO session updated token=5f141802-3424-41f6-8554-90be540d80ed tableID=0xc0004e53f0 seatIndex=0xc000271450
2025/11/08 14:46:50 INFO session updated token=967a71d6-ea0d-4e1d-984c-3c934cd5a5ec tableID=0xc000302110 seatIndex=0xc000380258
2025/11/08 14:46:50 INFO session updated token=20a8a491-3808-4eca-8415-5f1e852f8c94 tableID=0xc00021c9d0 seatIndex=0xc000186be0
2025/11/08 14:46:50 INFO session updated token=158e70cf-0493-4752-9c8d-1ee7bc751243 tableID=0xc00021c9f0 seatIndex=0xc000186bf0
2025/11/08 14:46:50 INFO session updated token=af8277df-dca9-446c-b3f7-c901ef97a543 tableID=0xc00021ca00 seatIndex=0xc000186c00
2025/11/08 14:46:50 INFO session updated token=5d671665-cc11-44e4-a23e-45715f7ec302 tableID=0xc000302120 seatIndex=0xc000380288
2025/11/08 14:46:50 INFO session updated token=9d03aa53-01c5-438d-85ea-008e2f94f3d0 tableID=0xc00021ca50 seatIndex=0xc000186c30
2025/11/08 14:46:50 INFO session updated token=0921a1ea-b3fe-4a1c-bac1-99adf47c783b tableID=0xc000172e60 seatIndex=0xc0002e4c88
2025/11/08 14:46:50 INFO session updated token=cc82f2aa-ac62-4862-9922-953b87941d74 tableID=0xc0005e0cf0 seatIndex=0xc00016cef8
2025/11/08 14:46:50 INFO session created token=741c9331-29ad-4564-ab96-451fa4195578 name=User_76_19
2025/11/08 14:46:50 INFO session updated token=78828d51-fc6b-4a82-b8dd-c57d01656adb tableID=0xc000172e70 seatIndex=0xc0002e4c98
2025/11/08 14:46:50 INFO session created token=c0da7895-8f1f-4a32-b45f-7bf7c22d5b58 name=User_35_19
2025/11/08 14:46:50 INFO session created token=20ab29c6-ca33-4cb8-9307-4ab0d8155f6d name=User_20_22
2025/11/08 14:46:50 INFO session updated token=e14524bd-9683-4e94-b474-9b6d5b0ab40b tableID=0xc0005e0d00 seatIndex=0xc00016cf08
2025/11/08 14:46:50 INFO session updated token=85b14e7c-58fa-4fff-9f63-aca9bd55d5bd tableID=0xc0005e0d20 seatIndex=0xc00016cf38
2025/11/08 14:46:50 INFO session updated token=3e51af17-6981-45dd-9158-ad7d9e6f98c2 tableID=0xc0005e0d30 seatIndex=0xc00016cf48
2025/11/08 14:46:50 INFO session updated token=ba482738-d470-45e7-911c-af4cd531bb89 tableID=0xc00021c020 seatIndex=0xc000186260
2025/11/08 14:46:50 INFO session created token=a85e594a-e3dc-423e-acbe-dd7625b10058 name=User_22_25
2025/11/08 14:46:50 INFO session removed token=ba482738-d470-45e7-911c-af4cd531bb89
2025/11/08 14:46:50 INFO session created token=03d2f3b0-c37c-457d-a5c5-b3dc3d7a3d4e name=User_96_49
2025/11/08 14:46:50 INFO session updated token=5420353a-93b1-45d6-8336-f425b451eb40 tableID=0xc000173250 seatIndex=0xc0002e5068
2025/11/08 14:46:50 INFO session removed token=5420353a-93b1-45d6-8336-f425b451eb40
2025/11/08 14:46:50 INFO session created token=b28f031a-8670-41c6-bda6-091795310f89 name=User_75_18
2025/11/08 14:46:50 INFO session updated token=b28f031a-8670-41c6-bda6-091795310f89 tableID=0xc00021cb40 seatIndex=0xc000186ca0
2025/11/08 14:46:50 INFO session removed token=b28f031a-8670-41c6-bda6-091795310f89
2025/11/08 14:46:50 INFO session created token=45e51d98-5b30-4432-b2a8-7ceb084eaba0 name=User_75_19
2025/11/08 14:46:50 INFO session updated token=45e51d98-5b30-4432-b2a8-7ceb084eaba0 tableID=0xc00021cb90 seatIndex=0xc000186cf0
2025/11/08 14:46:50 INFO session removed token=45e51d98-5b30-4432-b2a8-7ceb084eaba0
2025/11/08 14:46:50 INFO session created token=0ebb4fc8-5183-4409-81ce-af43efe814cb name=User_75_20
2025/11/08 14:46:50 INFO session updated token=0ebb4fc8-5183-4409-81ce-af43efe814cb tableID=0xc00021cbe0 seatIndex=0xc000186d40
2025/11/08 14:46:50 INFO session removed token=0ebb4fc8-5183-4409-81ce-af43efe814cb
2025/11/08 14:46:50 INFO session created token=5c839df6-9fdf-401a-a778-3103a97d7ce3 name=User_75_21
2025/11/08 14:46:50 INFO session updated token=5c839df6-9fdf-401a-a778-3103a97d7ce3 tableID=0xc00021cc30 seatIndex=0xc000186d90
2025/11/08 14:46:50 INFO session removed token=5c839df6-9fdf-401a-a778-3103a97d7ce3
2025/11/08 14:46:50 INFO session created token=d7e3b7d0-0a56-41fc-ae9b-fb1a22b4f450 name=User_75_22
2025/11/08 14:46:50 INFO session updated token=d7e3b7d0-0a56-41fc-ae9b-fb1a22b4f450 tableID=0xc00021cc80 seatIndex=0xc000186de0
2025/11/08 14:46:50 INFO session removed token=d7e3b7d0-0a56-41fc-ae9b-fb1a22b4f450
2025/11/08 14:46:50 INFO session created token=3ced64ad-d273-4b52-9066-67787822124d name=User_75_23
2025/11/08 14:46:50 INFO session updated token=3ced64ad-d273-4b52-9066-67787822124d tableID=0xc00021ccd0 seatIndex=0xc000186e30
2025/11/08 14:46:50 INFO session removed token=3ced64ad-d273-4b52-9066-67787822124d
2025/11/08 14:46:50 INFO session created token=173ccf6e-a8a7-4355-a813-ac92e8f88ab2 name=User_75_24
2025/11/08 14:46:50 INFO session updated token=173ccf6e-a8a7-4355-a813-ac92e8f88ab2 tableID=0xc00021cd20 seatIndex=0xc000186e80
2025/11/08 14:46:50 INFO session removed token=173ccf6e-a8a7-4355-a813-ac92e8f88ab2
2025/11/08 14:46:50 INFO session created token=4bf3fea6-cdf4-4c2c-817d-46035b20b5e5 name=User_75_25
2025/11/08 14:46:50 INFO session updated token=4bf3fea6-cdf4-4c2c-817d-46035b20b5e5 tableID=0xc00021cd70 seatIndex=0xc000186ed0
2025/11/08 14:46:50 INFO session removed token=4bf3fea6-cdf4-4c2c-817d-46035b20b5e5
2025/11/08 14:46:50 INFO session created token=657d0eaa-a4d3-4ea6-ad5e-c3762dd05740 name=User_75_26
2025/11/08 14:46:50 INFO session updated token=657d0eaa-a4d3-4ea6-ad5e-c3762dd05740 tableID=0xc00021cdc0 seatIndex=0xc000186f20
2025/11/08 14:46:50 INFO session removed token=657d0eaa-a4d3-4ea6-ad5e-c3762dd05740
2025/11/08 14:46:50 INFO session created token=aac926f1-8ccb-40d8-99b1-05f6d7314d69 name=User_62_19
2025/11/08 14:46:50 INFO session created token=158fe61e-323d-4a01-8e30-0d6538debb7a name=User_75_27
2025/11/08 14:46:50 INFO session updated token=aac926f1-8ccb-40d8-99b1-05f6d7314d69 tableID=0xc0005e1dc0 seatIndex=0xc000306168
2025/11/08 14:46:50 INFO session removed token=aac926f1-8ccb-40d8-99b1-05f6d7314d69
2025/11/08 14:46:50 INFO session removed token=08560b8f-00f8-454a-a9c1-4318f9f528ff
2025/11/08 14:46:50 INFO session updated token=0597e373-4980-4ab4-a872-42315d343d38 tableID=0xc000173290 seatIndex=0xc0002e50b8
2025/11/08 14:46:50 INFO session removed token=1c716b42-13a6-458d-8194-0ab8f5011189
2025/11/08 14:46:50 INFO session updated token=c0ccef32-4352-4182-a80b-ad2b61f39e2d tableID=0xc0001732b0 seatIndex=0xc0002e50e8
2025/11/08 14:46:50 INFO session updated token=488ed155-c8be-4a47-84c9-0cf42508aa0e tableID=0xc0001732c0 seatIndex=0xc0002e50f8
2025/11/08 14:46:50 INFO session removed token=9a87dcbd-ab14-4a21-bb40-8c26f0bd9e1f
2025/11/08 14:46:50 INFO session removed token=83253e8e-6e82-4d09-9b7e-587ada3a973b
2025/11/08 14:46:50 INFO session removed token=b2be5dfc-195f-46eb-a5fa-48cddf1dcfa6
2025/11/08 14:46:50 INFO session updated token=3e095a58-8d7d-422e-a3ef-194a0437df38 tableID=0xc000302180 seatIndex=0xc0003802e8
2025/11/08 14:46:50 INFO session removed token=3e095a58-8d7d-422e-a3ef-194a0437df38
2025/11/08 14:46:50 INFO session created token=65ecd7cc-d712-4521-9b62-a2b32d013946 name=User_36_19
2025/11/08 14:46:50 INFO session updated token=65ecd7cc-d712-4521-9b62-a2b32d013946 tableID=0xc0005e1ec0 seatIndex=0xc000306248
2025/11/08 14:46:50 INFO session removed token=65ecd7cc-d712-4521-9b62-a2b32d013946
2025/11/08 14:46:50 INFO session created token=be519ce2-db5d-48fa-8d84-009d9a346b32 name=User_36_20
2025/11/08 14:46:50 INFO session created token=655cf7d0-5d52-4870-a1e5-6e5c5a13c682 name=User_62_20
2025/11/08 14:46:50 INFO session updated token=be519ce2-db5d-48fa-8d84-009d9a346b32 tableID=0xc0005e1f10 seatIndex=0xc000306298
2025/11/08 14:46:50 INFO session removed token=be519ce2-db5d-48fa-8d84-009d9a346b32
2025/11/08 14:46:50 INFO session created token=ef0669c1-2150-446f-a731-a2a557313feb name=User_36_21
2025/11/08 14:46:50 INFO session created token=2d179ef0-87cf-4754-a1b9-8e6a3d73048b name=User_24_29
2025/11/08 14:46:50 INFO session updated token=ef0669c1-2150-446f-a731-a2a557313feb tableID=0xc0005e1f70 seatIndex=0xc000306318
2025/11/08 14:46:50 INFO session removed token=ef0669c1-2150-446f-a731-a2a557313feb
2025/11/08 14:46:50 INFO session created token=f792b8ca-4228-44b2-8724-ce24113f3b47 name=User_36_22
2025/11/08 14:46:50 INFO session updated token=f792b8ca-4228-44b2-8724-ce24113f3b47 tableID=0xc000024240 seatIndex=0xc000306378
2025/11/08 14:46:50 INFO session removed token=f792b8ca-4228-44b2-8724-ce24113f3b47
2025/11/08 14:46:50 INFO session created token=08cf1c8b-6066-49e2-b5f9-76f50e0a6e1f name=User_36_23
2025/11/08 14:46:50 INFO session updated token=08cf1c8b-6066-49e2-b5f9-76f50e0a6e1f tableID=0xc0000242a0 seatIndex=0xc0003063c8
2025/11/08 14:46:50 INFO session removed token=08cf1c8b-6066-49e2-b5f9-76f50e0a6e1f
2025/11/08 14:46:50 INFO session created token=63dfd929-5089-4e75-8d16-d04c40670d39 name=User_36_24
2025/11/08 14:46:50 INFO session updated token=63dfd929-5089-4e75-8d16-d04c40670d39 tableID=0xc0000242f0 seatIndex=0xc000306418
2025/11/08 14:46:50 INFO session removed token=63dfd929-5089-4e75-8d16-d04c40670d39
2025/11/08 14:46:50 INFO session created token=0e0a024c-fa39-429c-95de-879ca5d5f5b2 name=User_36_25
2025/11/08 14:46:50 INFO session removed token=c0ccef32-4352-4182-a80b-ad2b61f39e2d
2025/11/08 14:46:50 INFO session created token=caa1ad24-41c0-41c0-8609-4d55bf9b82e3 name=User_48_58
2025/11/08 14:46:50 INFO session updated token=caa1ad24-41c0-41c0-8609-4d55bf9b82e3 tableID=0xc00021ce50 seatIndex=0xc000186ff0
2025/11/08 14:46:50 INFO session removed token=caa1ad24-41c0-41c0-8609-4d55bf9b82e3
2025/11/08 14:46:50 INFO session created token=09035de8-d4ea-4b32-8639-7c4a4e2652e3 name=User_48_59
2025/11/08 14:46:50 INFO session updated token=09035de8-d4ea-4b32-8639-7c4a4e2652e3 tableID=0xc00021cea0 seatIndex=0xc000187160
2025/11/08 14:46:50 INFO session removed token=09035de8-d4ea-4b32-8639-7c4a4e2652e3
2025/11/08 14:46:50 INFO session created token=f4a62ebe-926e-4101-a9f3-3547843c892d name=User_48_60
2025/11/08 14:46:50 INFO session updated token=f4a62ebe-926e-4101-a9f3-3547843c892d tableID=0xc00021cef0 seatIndex=0xc000187250
2025/11/08 14:46:50 INFO session removed token=f4a62ebe-926e-4101-a9f3-3547843c892d
2025/11/08 14:46:50 INFO session created token=340ff954-7eb8-4cab-ada3-904cd0cf14e3 name=User_48_61
2025/11/08 14:46:50 INFO session updated token=340ff954-7eb8-4cab-ada3-904cd0cf14e3 tableID=0xc00021cf40 seatIndex=0xc0001872a0
2025/11/08 14:46:50 INFO session removed token=340ff954-7eb8-4cab-ada3-904cd0cf14e3
2025/11/08 14:46:50 INFO session created token=3586368e-d7d7-42eb-a2e2-8f1c87a58af8 name=User_48_62
2025/11/08 14:46:50 INFO session updated token=3586368e-d7d7-42eb-a2e2-8f1c87a58af8 tableID=0xc00021cf90 seatIndex=0xc0001872f0
2025/11/08 14:46:50 INFO session removed token=3586368e-d7d7-42eb-a2e2-8f1c87a58af8
2025/11/08 14:46:50 INFO session created token=c86eb50d-c9cf-4b55-8c3f-356cbe4d34c8 name=User_48_63
2025/11/08 14:46:50 INFO session updated token=c86eb50d-c9cf-4b55-8c3f-356cbe4d34c8 tableID=0xc00021cfe0 seatIndex=0xc000187340
2025/11/08 14:46:50 INFO session removed token=c86eb50d-c9cf-4b55-8c3f-356cbe4d34c8
2025/11/08 14:46:50 INFO session created token=f3302e49-ad7f-4228-9bed-302ef2b2557e name=User_48_64
2025/11/08 14:46:50 INFO session updated token=f3302e49-ad7f-4228-9bed-302ef2b2557e tableID=0xc00021d030 seatIndex=0xc000187390
2025/11/08 14:46:50 INFO session removed token=f3302e49-ad7f-4228-9bed-302ef2b2557e
2025/11/08 14:46:50 INFO session created token=a825ccdd-da90-4848-95f9-9a9532c50141 name=User_48_65
2025/11/08 14:46:50 INFO session updated token=a825ccdd-da90-4848-95f9-9a9532c50141 tableID=0xc00021d080 seatIndex=0xc0001873e0
2025/11/08 14:46:50 INFO session removed token=a825ccdd-da90-4848-95f9-9a9532c50141
2025/11/08 14:46:50 INFO session created token=4ea808ff-7386-4d9f-90f4-f9715fd6cdf2 name=User_48_66
2025/11/08 14:46:50 INFO session updated token=4ea808ff-7386-4d9f-90f4-f9715fd6cdf2 tableID=0xc00021d0d0 seatIndex=0xc000187430
2025/11/08 14:46:50 INFO session removed token=4ea808ff-7386-4d9f-90f4-f9715fd6cdf2
2025/11/08 14:46:50 INFO session created token=20cddf8d-adf9-4468-9444-b7c99a487194 name=User_48_67
2025/11/08 14:46:50 INFO session updated token=20cddf8d-adf9-4468-9444-b7c99a487194 tableID=0xc00021d120 seatIndex=0xc000187480
2025/11/08 14:46:50 INFO session removed token=20cddf8d-adf9-4468-9444-b7c99a487194
2025/11/08 14:46:50 INFO session updated token=2d179ef0-87cf-4754-a1b9-8e6a3d73048b tableID=0xc000024020 seatIndex=0xc000306348
2025/11/08 14:46:50 INFO session removed token=2d179ef0-87cf-4754-a1b9-8e6a3d73048b
2025/11/08 14:46:50 INFO session created token=8aa5f5db-b732-4a3d-877d-fb281950f889 name=User_24_30
2025/11/08 14:46:50 INFO session updated token=8aa5f5db-b732-4a3d-877d-fb281950f889 tableID=0xc000302680 seatIndex=0xc0003807c8
2025/11/08 14:46:50 INFO session removed token=8aa5f5db-b732-4a3d-877d-fb281950f889
2025/11/08 14:46:50 INFO session created token=0ebb8f34-0d50-4072-82e9-790fee408eb6 name=User_24_31
2025/11/08 14:46:50 INFO session updated token=0ebb8f34-0d50-4072-82e9-790fee408eb6 tableID=0xc0003026d0 seatIndex=0xc000380818
2025/11/08 14:46:50 INFO session removed token=0ebb8f34-0d50-4072-82e9-790fee408eb6
2025/11/08 14:46:50 INFO session created token=383ce13e-a585-40c5-adfa-3764c9e1fcae name=User_24_32
2025/11/08 14:46:50 INFO session updated token=383ce13e-a585-40c5-adfa-3764c9e1fcae tableID=0xc000302720 seatIndex=0xc000380868
2025/11/08 14:46:50 INFO session removed token=383ce13e-a585-40c5-adfa-3764c9e1fcae
2025/11/08 14:46:50 INFO session created token=b60a265b-bc3b-49b8-9bba-50706792dfff name=User_24_33
2025/11/08 14:46:50 INFO session updated token=b60a265b-bc3b-49b8-9bba-50706792dfff tableID=0xc000302770 seatIndex=0xc0003808b8
2025/11/08 14:46:50 INFO session removed token=b60a265b-bc3b-49b8-9bba-50706792dfff
2025/11/08 14:46:50 INFO session created token=9dd635ab-02be-4aed-9c03-a00ad64f0dc3 name=User_24_34
2025/11/08 14:46:50 INFO session updated token=9dd635ab-02be-4aed-9c03-a00ad64f0dc3 tableID=0xc0003027c0 seatIndex=0xc000380908
2025/11/08 14:46:50 INFO session removed token=9dd635ab-02be-4aed-9c03-a00ad64f0dc3
2025/11/08 14:46:50 INFO session created token=183dd366-2e78-4ffd-a31a-9c56f5108225 name=User_34_19
2025/11/08 14:46:50 INFO session created token=05f94eae-a059-4735-a0a7-34aebf927d8d name=User_24_35
2025/11/08 14:46:50 INFO session updated token=183dd366-2e78-4ffd-a31a-9c56f5108225 tableID=0xc00021d170 seatIndex=0xc0001874d0
2025/11/08 14:46:50 INFO session removed token=183dd366-2e78-4ffd-a31a-9c56f5108225
2025/11/08 14:46:50 INFO session removed token=a316d68c-dfd6-4329-94c7-707201462254
2025/11/08 14:46:50 INFO session updated token=ca93d2f4-5691-497f-9543-d5418ea6f2ca tableID=0xc000173330 seatIndex=0xc0002e51a8
2025/11/08 14:46:50 INFO session removed token=8740c5c6-3e41-43ca-be39-20b0733b105c
2025/11/08 14:46:50 INFO session created token=cc57ee8d-f280-4350-a043-ca184dc8aaf0 name=User_40_23
2025/11/08 14:46:50 INFO session removed token=9ed75d8a-f97b-4f65-af23-a60c8c41e5a9
2025/11/08 14:46:50 INFO session created token=bff2710f-d8aa-48a2-94c0-50ec47fa1428 name=User_86_16
2025/11/08 14:46:50 INFO session created token=03a2e13b-b825-4eed-9d3f-f489c360d59c name=User_6_14
2025/11/08 14:46:50 INFO session updated token=b23888b4-fbb6-4e9a-8a1a-eba0e18b6431 tableID=0xc0004e5770 seatIndex=0xc000271750
2025/11/08 14:46:50 INFO session updated token=57cc69e6-4661-48e3-b3d0-948822125196 tableID=0xc000173360 seatIndex=0xc0002e51d8
2025/11/08 14:46:50 INFO session updated token=e5f49f8e-3b68-48bb-a196-614c9a6f1581 tableID=0xc000302230 seatIndex=0xc000380378
2025/11/08 14:46:50 INFO session removed token=b23888b4-fbb6-4e9a-8a1a-eba0e18b6431
2025/11/08 14:46:50 INFO session created token=f14e3186-e098-4ed4-accc-b5a77a6ed09c name=User_4_47
2025/11/08 14:46:50 INFO session created token=8f7d16cc-2661-4a7a-9738-d76d48f2a0f6 name=User_10_12
2025/11/08 14:46:50 INFO session updated token=f14e3186-e098-4ed4-accc-b5a77a6ed09c tableID=0xc000173500 seatIndex=0xc0002e5428
2025/11/08 14:46:50 INFO session removed token=f14e3186-e098-4ed4-accc-b5a77a6ed09c
2025/11/08 14:46:50 INFO session removed token=fd00bde0-e664-4ff9-bb0e-f1f3be12bb65
2025/11/08 14:46:50 INFO session removed token=58e50234-2238-4b86-9940-bcb75e74bc7a
2025/11/08 14:46:50 INFO session removed token=11b9451c-f61c-4c2c-86da-76625569b839
2025/11/08 14:46:50 INFO session created token=0daf1755-2684-481c-9da0-413154d14d23 name=User_79_20
2025/11/08 14:46:50 INFO session removed token=5b7a6213-aec2-45fb-83b4-fa139a73cccb
2025/11/08 14:46:50 INFO session removed token=534a55aa-c603-4ba0-b47c-697ac5107a0f
2025/11/08 14:46:50 INFO session removed token=eb05a368-5b4c-4a30-a8f0-effe31104b57
2025/11/08 14:46:50 INFO session removed token=19c1672d-be61-4c7b-a279-8cf7071315a5
2025/11/08 14:46:50 INFO session removed token=fb00e0bf-3810-4766-ad9c-d1d6e72e6bff
2025/11/08 14:46:50 INFO session removed token=11530157-b871-4c44-95e2-ede3a0ee70c7
2025/11/08 14:46:50 INFO session removed token=6364ce58-2881-46f6-b7d1-2aec11794e81
2025/11/08 14:46:50 INFO session removed token=30389636-9529-4468-8153-6916cb474fee
2025/11/08 14:46:50 INFO session removed token=36fcaed3-dd98-4bcf-9a96-cc52dadff626
2025/11/08 14:46:50 INFO session removed token=80aaf4e2-ba69-4df1-86b9-9fa8d3fedb22
2025/11/08 14:46:50 INFO session removed token=5b94a757-ea3d-416c-b85e-231ef98b13f2
2025/11/08 14:46:50 INFO session updated token=d09ce996-ce80-46f3-b7ef-be826c7b5cff tableID=0xc00021c7d0 seatIndex=0xc000186a10
2025/11/08 14:46:50 INFO session updated token=363e09a4-c68b-4d3b-a833-67a6045a5470 tableID=0xc0005e1c00 seatIndex=0xc00016df48
2025/11/08 14:46:50 INFO session removed token=363e09a4-c68b-4d3b-a833-67a6045a5470
2025/11/08 14:46:50 INFO session created token=d82eff95-f1ce-4360-997b-d42cab695284 name=User_12_14
2025/11/08 14:46:50 INFO session created token=3e29f375-ca71-4070-9e1b-11ae00855bb6 name=User_83_26
2025/11/08 14:46:50 INFO session created token=bedfc543-f6f0-4275-bae5-2ddfcc94664d name=User_98_13
2025/11/08 14:46:50 INFO session created token=2c6ac22c-a7b5-488e-97c7-fda226af1c46 name=User_44_20
2025/11/08 14:46:50 INFO session updated token=d82eff95-f1ce-4360-997b-d42cab695284 tableID=0xc0004e5940 seatIndex=0xc0002719e0
2025/11/08 14:46:50 INFO session created token=901ca82a-3ff3-4260-bb1a-59f6ac843277 name=User_90_25
2025/11/08 14:46:50 INFO session created token=45e01873-8310-4e9a-9ec7-e3bc040fc74d name=User_65_96
2025/11/08 14:46:50 INFO session removed token=d82eff95-f1ce-4360-997b-d42cab695284
2025/11/08 14:46:50 INFO session updated token=901ca82a-3ff3-4260-bb1a-59f6ac843277 tableID=0xc0004e5960 seatIndex=0xc000271a30
2025/11/08 14:46:50 INFO session removed token=901ca82a-3ff3-4260-bb1a-59f6ac843277
2025/11/08 14:46:50 INFO session created token=b6e34746-6e72-4745-a98f-fee17fe24fe2 name=User_90_26
2025/11/08 14:46:50 INFO session updated token=b6e34746-6e72-4745-a98f-fee17fe24fe2 tableID=0xc0004e59c0 seatIndex=0xc000271a90
2025/11/08 14:46:50 INFO session removed token=b6e34746-6e72-4745-a98f-fee17fe24fe2
2025/11/08 14:46:50 INFO session created token=252d00e1-49fc-49fd-9ed4-4d336aac8ccb name=User_90_27
2025/11/08 14:46:50 INFO session updated token=252d00e1-49fc-49fd-9ed4-4d336aac8ccb tableID=0xc0004e5a10 seatIndex=0xc000271ae0
2025/11/08 14:46:50 INFO session removed token=252d00e1-49fc-49fd-9ed4-4d336aac8ccb
2025/11/08 14:46:50 INFO session created token=cbf1786b-f91d-439f-a36f-c8218b85c7ea name=User_90_28
2025/11/08 14:46:50 INFO session updated token=cbf1786b-f91d-439f-a36f-c8218b85c7ea tableID=0xc0004e5a60 seatIndex=0xc000271b30
2025/11/08 14:46:50 INFO session removed token=cbf1786b-f91d-439f-a36f-c8218b85c7ea
2025/11/08 14:46:50 INFO session created token=33eb59e4-1bb8-401b-903f-31bc422aca06 name=User_90_29
2025/11/08 14:46:50 INFO session updated token=33eb59e4-1bb8-401b-903f-31bc422aca06 tableID=0xc0004e5ab0 seatIndex=0xc000271b80
2025/11/08 14:46:50 INFO session removed token=33eb59e4-1bb8-401b-903f-31bc422aca06
2025/11/08 14:46:50 INFO session created token=46e57b76-9bc1-4cfe-8efe-4aa517f722a5 name=User_90_30
2025/11/08 14:46:50 INFO session updated token=46e57b76-9bc1-4cfe-8efe-4aa517f722a5 tableID=0xc0004e5b00 seatIndex=0xc000271bd0
2025/11/08 14:46:50 INFO session removed token=46e57b76-9bc1-4cfe-8efe-4aa517f722a5
2025/11/08 14:46:50 INFO session created token=3146e5a9-9ec5-4bdd-a286-967869a76d2d name=User_90_31
2025/11/08 14:46:50 INFO session created token=eacbd9f9-ccfb-4f7b-bcde-dd66a292095e name=User_97_41
2025/11/08 14:46:50 INFO session updated token=45e01873-8310-4e9a-9ec7-e3bc040fc74d tableID=0xc0004e5970 seatIndex=0xc000271a40
2025/11/08 14:46:50 INFO session removed token=45e01873-8310-4e9a-9ec7-e3bc040fc74d
2025/11/08 14:46:50 INFO session updated token=c05f75f2-032f-4170-b72e-c160c824d9eb tableID=0xc0005e1c30 seatIndex=0xc00016dfb8
2025/11/08 14:46:50 INFO session removed token=77fd8b0a-7f9f-472d-8acf-6620e6c94bd5
2025/11/08 14:46:50 INFO session removed token=c97e66c3-4d08-473d-a263-d78deb53e748
2025/11/08 14:46:50 INFO session created token=ccadc4f3-b851-4e74-a47c-19a07789ada6 name=User_67_28
2025/11/08 14:46:50 INFO session updated token=ccadc4f3-b851-4e74-a47c-19a07789ada6 tableID=0xc0003028e0 seatIndex=0xc000380a48
2025/11/08 14:46:50 INFO session removed token=ccadc4f3-b851-4e74-a47c-19a07789ada6
2025/11/08 14:46:50 INFO session created token=247a24de-27a5-4a7e-a7c6-e958a5a947bf name=User_81_99
2025/11/08 14:46:50 INFO session created token=8afc0f97-4c72-4a35-8cc9-cde9a40539f8 name=User_67_29
2025/11/08 14:46:50 INFO session updated token=247a24de-27a5-4a7e-a7c6-e958a5a947bf tableID=0xc0002e2d20 seatIndex=0xc0004e8b90
2025/11/08 14:46:50 INFO session removed token=247a24de-27a5-4a7e-a7c6-e958a5a947bf
2025/11/08 14:46:50 INFO session created token=3dd3a9a4-e3e4-4f8f-a436-cfdfe010192c name=User_21_22
2025/11/08 14:46:50 INFO session updated token=3dd3a9a4-e3e4-4f8f-a436-cfdfe010192c tableID=0xc0002e2d80 seatIndex=0xc0004e8bd0
2025/11/08 14:46:50 INFO session removed token=3dd3a9a4-e3e4-4f8f-a436-cfdfe010192c
2025/11/08 14:46:50 INFO session created token=65f3c6f7-42ac-44e6-b0e8-1c09ee9da160 name=User_21_23
2025/11/08 14:46:50 INFO session updated token=65f3c6f7-42ac-44e6-b0e8-1c09ee9da160 tableID=0xc0002e2dd0 seatIndex=0xc0004e8c20
2025/11/08 14:46:50 INFO session removed token=65f3c6f7-42ac-44e6-b0e8-1c09ee9da160
2025/11/08 14:46:50 INFO session created token=4a3247ee-8857-45ca-937b-532143df42cc name=User_21_24
2025/11/08 14:46:50 INFO session updated token=4a3247ee-8857-45ca-937b-532143df42cc tableID=0xc0002e2e20 seatIndex=0xc0004e8c80
2025/11/08 14:46:50 INFO session removed token=4a3247ee-8857-45ca-937b-532143df42cc
2025/11/08 14:46:50 INFO session created token=1af7bca8-7ed0-4865-a53f-126a3af3f722 name=User_21_25
2025/11/08 14:46:50 INFO session updated token=1af7bca8-7ed0-4865-a53f-126a3af3f722 tableID=0xc0002e2e70 seatIndex=0xc0004e8cd0
2025/11/08 14:46:50 INFO session removed token=1af7bca8-7ed0-4865-a53f-126a3af3f722
2025/11/08 14:46:50 INFO session created token=9ec44361-9eaa-4f77-b3ac-51984d0787e3 name=User_21_26
2025/11/08 14:46:50 INFO session updated token=9ec44361-9eaa-4f77-b3ac-51984d0787e3 tableID=0xc0002e2ec0 seatIndex=0xc0004e8d20
2025/11/08 14:46:50 INFO session removed token=9ec44361-9eaa-4f77-b3ac-51984d0787e3
2025/11/08 14:46:50 INFO session created token=9e3d86fc-9be7-4b72-85e2-8cfbc048a20d name=User_21_27
2025/11/08 14:46:50 INFO session updated token=9e3d86fc-9be7-4b72-85e2-8cfbc048a20d tableID=0xc0002e2f10 seatIndex=0xc0004e8d70
2025/11/08 14:46:50 INFO session removed token=9e3d86fc-9be7-4b72-85e2-8cfbc048a20d
2025/11/08 14:46:50 INFO session created token=3871aa34-7113-4ab4-b03e-b45a73a1122c name=User_21_28
2025/11/08 14:46:50 INFO session updated token=3871aa34-7113-4ab4-b03e-b45a73a1122c tableID=0xc0002e2f60 seatIndex=0xc0004e8e00
2025/11/08 14:46:50 INFO session removed token=3871aa34-7113-4ab4-b03e-b45a73a1122c
2025/11/08 14:46:50 INFO session created token=1f0f386a-ed8e-4831-8e6a-f9702ae53a85 name=User_21_29
2025/11/08 14:46:50 INFO session updated token=1f0f386a-ed8e-4831-8e6a-f9702ae53a85 tableID=0xc0002e2fb0 seatIndex=0xc0004e8e80
2025/11/08 14:46:50 INFO session removed token=1f0f386a-ed8e-4831-8e6a-f9702ae53a85
2025/11/08 14:46:50 INFO session created token=97f81c86-3562-4d9b-820f-051c2bbb2b1b name=User_21_30
2025/11/08 14:46:50 INFO session updated token=97f81c86-3562-4d9b-820f-051c2bbb2b1b tableID=0xc0002e3000 seatIndex=0xc0004e8f20
2025/11/08 14:46:50 INFO session removed token=97f81c86-3562-4d9b-820f-051c2bbb2b1b
2025/11/08 14:46:50 INFO session created token=73284b5b-cc96-4a67-b910-00bb40a30081 name=User_21_31
2025/11/08 14:46:50 INFO session updated token=73284b5b-cc96-4a67-b910-00bb40a30081 tableID=0xc0002e3050 seatIndex=0xc0004e9160
2025/11/08 14:46:50 INFO session removed token=73284b5b-cc96-4a67-b910-00bb40a30081
2025/11/08 14:46:50 INFO session created token=0850ceb3-44b0-46cc-bf87-30e3f26626be name=User_21_32
2025/11/08 14:46:50 INFO session updated token=8afc0f97-4c72-4a35-8cc9-cde9a40539f8 tableID=0xc0002e2d40 seatIndex=0xc0004e8bc0
2025/11/08 14:46:50 INFO session removed token=8afc0f97-4c72-4a35-8cc9-cde9a40539f8
2025/11/08 14:46:50 INFO session removed token=32f8880e-24d2-4145-a02d-8d2042dd5801
2025/11/08 14:46:50 INFO session removed token=add55554-3a56-4284-a693-37e355e4a2c0
2025/11/08 14:46:50 INFO session removed token=ae60b6a5-d937-422d-9132-75d142b50a41
2025/11/08 14:46:50 INFO session removed token=a90c5c4c-99a3-4f03-a94c-dae21b3aaa9b
2025/11/08 14:46:50 INFO session updated token=a3f94f02-6b51-4767-abd9-3e23904a4c15 tableID=0xc0004e58a0 seatIndex=0xc0002718b0
2025/11/08 14:46:50 INFO session updated token=b591f2bc-b541-43f3-a17a-05154b4087a4 tableID=0xc0004e58b0 seatIndex=0xc0002718c0
2025/11/08 14:46:50 INFO session updated token=05c66e25-96bc-4ed2-b08b-84421a63c156 tableID=0xc000173370 seatIndex=0xc0002e51e8
2025/11/08 14:46:50 INFO session updated token=77876b7b-d93a-4a7c-a947-a3db3bfa79ec tableID=0xc000173390 seatIndex=0xc0002e5218
2025/11/08 14:46:50 INFO session updated token=e609934d-5cd6-4bf2-aba0-ec6da3996c8f tableID=0xc0001733a0 seatIndex=0xc0002e5228
2025/11/08 14:46:50 INFO session removed token=158e70cf-0493-4752-9c8d-1ee7bc751243
2025/11/08 14:46:50 INFO session removed token=5f141802-3424-41f6-8554-90be540d80ed
2025/11/08 14:46:50 INFO session removed token=967a71d6-ea0d-4e1d-984c-3c934cd5a5ec
2025/11/08 14:46:50 INFO session removed token=20a8a491-3808-4eca-8415-5f1e852f8c94
2025/11/08 14:46:50 INFO session removed token=0921a1ea-b3fe-4a1c-bac1-99adf47c783b
2025/11/08 14:46:50 INFO session removed token=9d03aa53-01c5-438d-85ea-008e2f94f3d0
2025/11/08 14:46:50 INFO session removed token=af8277df-dca9-446c-b3f7-c901ef97a543
2025/11/08 14:46:50 INFO session created token=f34ec46d-d27c-4d6a-a839-7fba8c1008b8 name=User_52_18
2025/11/08 14:46:50 INFO session created token=841abb3e-e750-4129-bea1-26923ba4b94d name=User_88_21
2025/11/08 14:46:50 INFO session created token=71282302-a2c2-4e49-a314-ea4b90ff0032 name=User_67_30
2025/11/08 14:46:50 INFO session created token=b6b2502e-ddf6-49b2-804d-46f4a0547de2 name=User_72_17
2025/11/08 14:46:50 INFO session created token=e1ef01c5-88be-44b5-954d-520d59a65c3b name=User_1_34
2025/11/08 14:46:50 INFO session removed token=5d671665-cc11-44e4-a23e-45715f7ec302
2025/11/08 14:46:50 INFO session updated token=841abb3e-e750-4129-bea1-26923ba4b94d tableID=0xc000302a80 seatIndex=0xc000380be8
2025/11/08 14:46:50 INFO session removed token=841abb3e-e750-4129-bea1-26923ba4b94d
2025/11/08 14:46:50 INFO session removed token=78828d51-fc6b-4a82-b8dd-c57d01656adb
2025/11/08 14:46:50 INFO session created token=adac52dd-9b5e-4e5a-b2cf-937b520b8420 name=User_17_19
2025/11/08 14:46:50 INFO session updated token=adac52dd-9b5e-4e5a-b2cf-937b520b8420 tableID=0xc0001736b0 seatIndex=0xc0002e5518
2025/11/08 14:46:50 INFO session removed token=adac52dd-9b5e-4e5a-b2cf-937b520b8420
2025/11/08 14:46:50 INFO session created token=f4341241-0ffb-4840-990d-6f4ac943936d name=User_17_20
2025/11/08 14:46:50 INFO session updated token=f4341241-0ffb-4840-990d-6f4ac943936d tableID=0xc000173700 seatIndex=0xc0002e5568
2025/11/08 14:46:50 INFO session removed token=f4341241-0ffb-4840-990d-6f4ac943936d
2025/11/08 14:46:50 INFO session created token=f77f798a-f01f-4a18-8350-63d7e12c9d18 name=User_17_21
2025/11/08 14:46:50 INFO session updated token=f77f798a-f01f-4a18-8350-63d7e12c9d18 tableID=0xc000173750 seatIndex=0xc0002e55b8
2025/11/08 14:46:50 INFO session removed token=f77f798a-f01f-4a18-8350-63d7e12c9d18
2025/11/08 14:46:50 INFO session created token=4084cef9-e7ad-46ba-8795-9263766d86c7 name=User_17_22
2025/11/08 14:46:50 INFO session updated token=4084cef9-e7ad-46ba-8795-9263766d86c7 tableID=0xc0001737a0 seatIndex=0xc0002e5618
2025/11/08 14:46:50 INFO session removed token=4084cef9-e7ad-46ba-8795-9263766d86c7
2025/11/08 14:46:50 INFO session created token=8a2e65c6-300f-4cf2-a4a2-6aef5ab92a4b name=User_17_23
2025/11/08 14:46:50 INFO session updated token=8a2e65c6-300f-4cf2-a4a2-6aef5ab92a4b tableID=0xc0001737f0 seatIndex=0xc0002e5668
2025/11/08 14:46:50 INFO session removed token=8a2e65c6-300f-4cf2-a4a2-6aef5ab92a4b
2025/11/08 14:46:50 INFO session created token=2ecd1fcc-4376-4940-a362-8d72784f3eb8 name=User_17_24
2025/11/08 14:46:50 INFO session updated token=2ecd1fcc-4376-4940-a362-8d72784f3eb8 tableID=0xc000173840 seatIndex=0xc0002e56b8
2025/11/08 14:46:50 INFO session updated token=c0da7895-8f1f-4a32-b45f-7bf7c22d5b58 tableID=0xc0005e1d20 seatIndex=0xc0003060c8
2025/11/08 14:46:50 INFO session updated token=741c9331-29ad-4564-ab96-451fa4195578 tableID=0xc0004e58e0 seatIndex=0xc0002718d0
2025/11/08 14:46:50 INFO session updated token=20ab29c6-ca33-4cb8-9307-4ab0d8155f6d tableID=0xc0005e1d40 seatIndex=0xc0003060f8
2025/11/08 14:46:50 INFO session removed token=e14524bd-9683-4e94-b474-9b6d5b0ab40b
2025/11/08 14:46:50 INFO session removed token=85b14e7c-58fa-4fff-9f63-aca9bd55d5bd
2025/11/08 14:46:50 INFO session removed token=3e51af17-6981-45dd-9158-ad7d9e6f98c2
2025/11/08 14:46:50 INFO session updated token=03d2f3b0-c37c-457d-a5c5-b3dc3d7a3d4e tableID=0xc00021cae0 seatIndex=0xc000186c40
2025/11/08 14:46:50 INFO session updated token=a85e594a-e3dc-423e-acbe-dd7625b10058 tableID=0xc00021cb00 seatIndex=0xc000186c70
2025/11/08 14:46:50 INFO session updated token=158fe61e-323d-4a01-8e30-0d6538debb7a tableID=0xc0005e1de0 seatIndex=0xc000306198
2025/11/08 14:46:50 INFO session removed token=0597e373-4980-4ab4-a872-42315d343d38
2025/11/08 14:46:50 INFO session created token=6cd42186-8829-4079-bc8c-749a9ac840e2 name=User_74_24
2025/11/08 14:46:50 INFO session updated token=6cd42186-8829-4079-bc8c-749a9ac840e2 tableID=0xc000173920 seatIndex=0xc0002e57c8
2025/11/08 14:46:50 INFO session removed token=6cd42186-8829-4079-bc8c-749a9ac840e2
2025/11/08 14:46:50 INFO session created token=5c76c459-08d6-473f-ac74-240b659ea2b9 name=User_74_25
2025/11/08 14:46:50 INFO session updated token=5c76c459-08d6-473f-ac74-240b659ea2b9 tableID=0xc000173970 seatIndex=0xc0002e5818
2025/11/08 14:46:50 INFO session removed token=5c76c459-08d6-473f-ac74-240b659ea2b9
2025/11/08 14:46:50 INFO session created token=2e24b6cd-2a19-4a9d-b0af-27994f25b065 name=User_74_26
2025/11/08 14:46:50 INFO session updated token=2e24b6cd-2a19-4a9d-b0af-27994f25b065 tableID=0xc0001739c0 seatIndex=0xc0002e5868
2025/11/08 14:46:50 INFO session created token=20ffa975-1580-46a2-a937-92ec2c7bb21f name=User_42_48
2025/11/08 14:46:50 INFO session removed token=2e24b6cd-2a19-4a9d-b0af-27994f25b065
2025/11/08 14:46:50 INFO session updated token=655cf7d0-5d52-4870-a1e5-6e5c5a13c682 tableID=0xc0005e1f30 seatIndex=0xc0003062e8
2025/11/08 14:46:50 INFO session created token=ca4633cb-5cc9-4309-bb14-9b2eecdb3157 name=User_33_30
2025/11/08 14:46:50 INFO session created token=fe9b23cd-1b95-4031-915b-94678424acc0 name=User_28_33
2025/11/08 14:46:50 INFO session removed token=488ed155-c8be-4a47-84c9-0cf42508aa0e
2025/11/08 14:46:50 INFO session created token=35605cdc-b65e-436c-9472-c70b6d660fd7 name=User_37_35
2025/11/08 14:46:50 INFO session created token=a3c98412-5797-4d8c-a07c-a78d01a6fbc9 name=User_57_88
2025/11/08 14:46:50 INFO session updated token=0e0a024c-fa39-429c-95de-879ca5d5f5b2 tableID=0xc00021ce20 seatIndex=0xc000186fc0
2025/11/08 14:46:50 INFO session removed token=0e0a024c-fa39-429c-95de-879ca5d5f5b2
2025/11/08 14:46:50 INFO session created token=f8c5fdc4-8af6-491e-959c-503ff933ef7c name=User_36_26
2025/11/08 14:46:50 INFO session updated token=f8c5fdc4-8af6-491e-959c-503ff933ef7c tableID=0xc0004e5e10 seatIndex=0xc000271d40
2025/11/08 14:46:50 INFO session removed token=f8c5fdc4-8af6-491e-959c-503ff933ef7c
2025/11/08 14:46:50 INFO session created token=76b420bf-6261-44f8-a9b2-9a1f297ca633 name=User_36_27
2025/11/08 14:46:50 INFO session updated token=76b420bf-6261-44f8-a9b2-9a1f297ca633 tableID=0xc0004e5e60 seatIndex=0xc000271d90
2025/11/08 14:46:50 INFO session removed token=76b420bf-6261-44f8-a9b2-9a1f297ca633
2025/11/08 14:46:50 INFO session created token=5d6159e5-7ec3-42f0-a868-27b40d2eb87b name=User_36_28
2025/11/08 14:46:50 INFO session updated token=5d6159e5-7ec3-42f0-a868-27b40d2eb87b tableID=0xc0004e5ec0 seatIndex=0xc000271de0
2025/11/08 14:46:50 INFO session removed token=5d6159e5-7ec3-42f0-a868-27b40d2eb87b
2025/11/08 14:46:50 INFO session created token=283275c4-4ea3-4f8f-b441-55a02b6f67cd name=User_36_29
2025/11/08 14:46:50 INFO session updated token=283275c4-4ea3-4f8f-b441-55a02b6f67cd tableID=0xc0004e5f70 seatIndex=0xc000271e30
2025/11/08 14:46:50 INFO session removed token=283275c4-4ea3-4f8f-b441-55a02b6f67cd
2025/11/08 14:46:50 INFO session created token=d8fa13ec-459e-4424-9966-063940ac99ef name=User_36_30
2025/11/08 14:46:50 INFO session updated token=d8fa13ec-459e-4424-9966-063940ac99ef tableID=0xc00016e040 seatIndex=0xc000271e80
2025/11/08 14:46:50 INFO session removed token=d8fa13ec-459e-4424-9966-063940ac99ef
2025/11/08 14:46:50 INFO session created token=9ee4df64-be0b-4868-8d7d-18dca9d02ca0 name=User_36_31
2025/11/08 14:46:50 INFO session created token=916a7466-610d-4383-9808-6d42c820cd5d name=User_48_68
2025/11/08 14:46:50 INFO session updated token=05f94eae-a059-4735-a0a7-34aebf927d8d tableID=0xc00021d190 seatIndex=0xc000187500
2025/11/08 14:46:50 INFO session removed token=05f94eae-a059-4735-a0a7-34aebf927d8d
2025/11/08 14:46:50 INFO session created token=c13755c5-b681-4c53-91a6-0f548f624766 name=User_24_36
2025/11/08 14:46:50 INFO session updated token=c13755c5-b681-4c53-91a6-0f548f624766 tableID=0xc00021d2b0 seatIndex=0xc0001875b0
2025/11/08 14:46:50 INFO session removed token=c13755c5-b681-4c53-91a6-0f548f624766
2025/11/08 14:46:50 INFO session created token=75ee8598-e57e-4ead-8744-c025f5bd1f11 name=User_24_37
2025/11/08 14:46:50 INFO session updated token=75ee8598-e57e-4ead-8744-c025f5bd1f11 tableID=0xc00021d300 seatIndex=0xc000187600
2025/11/08 14:46:50 INFO session removed token=75ee8598-e57e-4ead-8744-c025f5bd1f11
2025/11/08 14:46:50 INFO session created token=6d0e7f41-41a2-4c28-bcda-eb11ba6cb697 name=User_24_38
2025/11/08 14:46:50 INFO session updated token=6d0e7f41-41a2-4c28-bcda-eb11ba6cb697 tableID=0xc00021d350 seatIndex=0xc000187650
2025/11/08 14:46:50 INFO session removed token=6d0e7f41-41a2-4c28-bcda-eb11ba6cb697
2025/11/08 14:46:50 INFO session created token=8d3af04e-ca55-4a3f-93fe-e5f93c2dccde name=User_24_39
2025/11/08 14:46:50 INFO session updated token=8d3af04e-ca55-4a3f-93fe-e5f93c2dccde tableID=0xc00021d3a0 seatIndex=0xc0001876a0
2025/11/08 14:46:50 INFO session removed token=8d3af04e-ca55-4a3f-93fe-e5f93c2dccde
2025/11/08 14:46:50 INFO session created token=d25b4be1-a931-4d1a-ad62-214273e9fc15 name=User_24_40
2025/11/08 14:46:50 INFO session updated token=d25b4be1-a931-4d1a-ad62-214273e9fc15 tableID=0xc00021d3f0 seatIndex=0xc0001876f0
2025/11/08 14:46:50 INFO session removed token=d25b4be1-a931-4d1a-ad62-214273e9fc15
2025/11/08 14:46:50 INFO session created token=9633768c-acc3-4e31-9601-1d6b86d5f7d5 name=User_24_41
2025/11/08 14:46:50 INFO session updated token=9633768c-acc3-4e31-9601-1d6b86d5f7d5 tableID=0xc00021d440 seatIndex=0xc000187740
2025/11/08 14:46:50 INFO session removed token=9633768c-acc3-4e31-9601-1d6b86d5f7d5
2025/11/08 14:46:50 INFO session created token=308ae997-5d1e-44f1-88ba-0e79a9872049 name=User_24_42
2025/11/08 14:46:50 INFO session updated token=308ae997-5d1e-44f1-88ba-0e79a9872049 tableID=0xc00021d490 seatIndex=0xc000187790
2025/11/08 14:46:50 INFO session removed token=308ae997-5d1e-44f1-88ba-0e79a9872049
2025/11/08 14:46:50 INFO session created token=ddda40ad-4f63-45ec-89b9-b03dde43e11d name=User_24_43
2025/11/08 14:46:50 INFO session updated token=ddda40ad-4f63-45ec-89b9-b03dde43e11d tableID=0xc00021d4e0 seatIndex=0xc0001877e0
2025/11/08 14:46:50 INFO session removed token=ddda40ad-4f63-45ec-89b9-b03dde43e11d
2025/11/08 14:46:50 INFO session created token=f8cda68f-1582-48c3-9d55-21b686077306 name=User_24_44
2025/11/08 14:46:50 INFO session updated token=f8cda68f-1582-48c3-9d55-21b686077306 tableID=0xc00021d530 seatIndex=0xc000187830
2025/11/08 14:46:50 INFO session removed token=f8cda68f-1582-48c3-9d55-21b686077306
2025/11/08 14:46:50 INFO session created token=6ceb344b-1bb2-4fd7-9912-18e743bebbc5 name=User_24_45
2025/11/08 14:46:50 INFO session created token=009cc5a8-0a34-4784-bdc3-7852655e93b6 name=User_34_20
2025/11/08 14:46:50 INFO session updated token=6ceb344b-1bb2-4fd7-9912-18e743bebbc5 tableID=0xc00021d580 seatIndex=0xc000187880
2025/11/08 14:46:50 INFO session removed token=6ceb344b-1bb2-4fd7-9912-18e743bebbc5
2025/11/08 14:46:50 INFO session created token=b16a535c-e0eb-4584-81c9-3cd048a7a5c3 name=User_24_46
2025/11/08 14:46:50 INFO session updated token=b16a535c-e0eb-4584-81c9-3cd048a7a5c3 tableID=0xc00021d5e0 seatIndex=0xc0001878e0
2025/11/08 14:46:50 INFO session removed token=b16a535c-e0eb-4584-81c9-3cd048a7a5c3
2025/11/08 14:46:50 INFO session created token=0ae158af-1faa-4c41-83f9-eda83fcaba8f name=User_24_47
2025/11/08 14:46:50 INFO session updated token=0ae158af-1faa-4c41-83f9-eda83fcaba8f tableID=0xc00021d630 seatIndex=0xc000187930
2025/11/08 14:46:50 INFO session removed token=0ae158af-1faa-4c41-83f9-eda83fcaba8f
2025/11/08 14:46:50 INFO session created token=fd0bf6c7-52d3-45d3-b7ac-b190c1387860 name=User_24_48
2025/11/08 14:46:50 INFO session updated token=fd0bf6c7-52d3-45d3-b7ac-b190c1387860 tableID=0xc00021d680 seatIndex=0xc000187980
2025/11/08 14:46:50 INFO session removed token=fd0bf6c7-52d3-45d3-b7ac-b190c1387860
2025/11/08 14:46:50 INFO session created token=9dbef4bc-ff95-4408-93db-742601b066d2 name=User_24_49
2025/11/08 14:46:50 INFO session updated token=9dbef4bc-ff95-4408-93db-742601b066d2 tableID=0xc00021d6d0 seatIndex=0xc0001879d0
2025/11/08 14:46:50 INFO session removed token=9dbef4bc-ff95-4408-93db-742601b066d2
2025/11/08 14:46:50 INFO session created token=0d011872-d395-4fd7-8bf6-0d6c29d7fa5d name=User_24_50
2025/11/08 14:46:50 INFO session updated token=0d011872-d395-4fd7-8bf6-0d6c29d7fa5d tableID=0xc00021d720 seatIndex=0xc000187a20
2025/11/08 14:46:50 INFO session removed token=0d011872-d395-4fd7-8bf6-0d6c29d7fa5d
2025/11/08 14:46:50 INFO session created token=13c599e4-b33e-4bb6-9fca-f2ea1afda3fd name=User_24_51
2025/11/08 14:46:50 INFO session created token=e84c96d6-a284-426f-bcb1-43a0b1803175 name=User_54_27
2025/11/08 14:46:50 INFO session updated token=13c599e4-b33e-4bb6-9fca-f2ea1afda3fd tableID=0xc00021d770 seatIndex=0xc000187a70
2025/11/08 14:46:50 INFO session removed token=13c599e4-b33e-4bb6-9fca-f2ea1afda3fd
2025/11/08 14:46:50 INFO session created token=78aab00a-7dfe-4caf-9403-be465464283d name=User_47_16
2025/11/08 14:46:50 INFO session removed token=ca93d2f4-5691-497f-9543-d5418ea6f2ca
2025/11/08 14:46:50 INFO session created token=12021a2c-de7e-4756-8db3-e1fa2da0a8ed name=User_11_32
2025/11/08 14:46:50 INFO session updated token=bff2710f-d8aa-48a2-94c0-50ec47fa1428 tableID=0xc000173480 seatIndex=0xc0002e5398
2025/11/08 14:46:50 INFO session updated token=cc57ee8d-f280-4350-a043-ca184dc8aaf0 tableID=0xc0001734a0 seatIndex=0xc0002e53c8
2025/11/08 14:46:50 INFO session updated token=03a2e13b-b825-4eed-9d3f-f489c360d59c tableID=0xc0001734b0 seatIndex=0xc0002e53d8
2025/11/08 14:46:50 INFO session removed token=57cc69e6-4661-48e3-b3d0-948822125196
2025/11/08 14:46:50 INFO session removed token=e5f49f8e-3b68-48bb-a196-614c9a6f1581
2025/11/08 14:46:50 INFO session updated token=30d1b7cf-2d73-4c49-8206-5c422ce0c510 tableID=0xc0005e1930 seatIndex=0xc00016db38
2025/11/08 14:46:50 INFO session updated token=8f7d16cc-2661-4a7a-9738-d76d48f2a0f6 tableID=0xc000173520 seatIndex=0xc0002e5458
2025/11/08 14:46:50 INFO session updated token=0daf1755-2684-481c-9da0-413154d14d23 tableID=0xc000173580 seatIndex=0xc0002e5468
2025/11/08 14:46:50 INFO session created token=36c9193a-0569-47e2-b90d-d07abbf48aa6 name=User_4_48
2025/11/08 14:46:50 INFO session created token=d3b280ea-64f4-45ba-9f6c-39e1fc5c4915 name=User_8_15
2025/11/08 14:46:50 INFO session created token=291af4d1-7793-4593-8d30-1abd859154b4 name=User_63_23
2025/11/08 14:46:50 INFO session created token=b0737f48-1b4a-4f28-905e-22466b16583b name=User_95_12
2025/11/08 14:46:50 INFO session created token=4254e0fe-9a3e-4867-a740-751b6747c315 name=User_61_48
2025/11/08 14:46:50 INFO session created token=8ef348a6-5a2e-49c3-a095-ec4afb08cf09 name=User_94_60
2025/11/08 14:46:50 INFO session updated token=36c9193a-0569-47e2-b90d-d07abbf48aa6 tableID=0xc00016e0b0 seatIndex=0xc000271ef0
2025/11/08 14:46:50 INFO session removed token=36c9193a-0569-47e2-b90d-d07abbf48aa6
2025/11/08 14:46:50 INFO session created token=331b9ab5-90f5-45b3-9811-8307678a9fae name=User_4_49
2025/11/08 14:46:50 INFO session updated token=331b9ab5-90f5-45b3-9811-8307678a9fae tableID=0xc000173a70 seatIndex=0xc0002e5940
2025/11/08 14:46:50 INFO session removed token=331b9ab5-90f5-45b3-9811-8307678a9fae
2025/11/08 14:46:50 INFO session created token=9867c81b-e4ca-4243-8aee-c7f2fd0160ac name=User_4_50
2025/11/08 14:46:50 INFO session updated token=9867c81b-e4ca-4243-8aee-c7f2fd0160ac tableID=0xc000173ac0 seatIndex=0xc0002e59d0
2025/11/08 14:46:50 INFO session removed token=9867c81b-e4ca-4243-8aee-c7f2fd0160ac
2025/11/08 14:46:50 INFO session created token=c0d739ec-1a94-429a-b710-2306684f1ce1 name=User_4_51
2025/11/08 14:46:50 INFO session updated token=c0d739ec-1a94-429a-b710-2306684f1ce1 tableID=0xc000173b10 seatIndex=0xc0002e5a70
2025/11/08 14:46:50 INFO session removed token=c0d739ec-1a94-429a-b710-2306684f1ce1
2025/11/08 14:46:50 INFO session created token=190c0bb8-5404-457f-b3fd-0bce714c57c2 name=User_4_52
2025/11/08 14:46:50 INFO session updated token=190c0bb8-5404-457f-b3fd-0bce714c57c2 tableID=0xc000173b60 seatIndex=0xc0002e5ae0
2025/11/08 14:46:50 INFO session removed token=190c0bb8-5404-457f-b3fd-0bce714c57c2
2025/11/08 14:46:50 INFO session removed token=0daf1755-2684-481c-9da0-413154d14d23
2025/11/08 14:46:50 INFO session created token=8c323a47-9e2e-4436-9d37-f6080bc36362 name=User_79_21
2025/11/08 14:46:50 INFO session created token=362d0af4-22b2-4533-b399-f9e77922ecf3 name=User_4_53
2025/11/08 14:46:50 INFO session updated token=8c323a47-9e2e-4436-9d37-f6080bc36362 tableID=0xc00016e140 seatIndex=0xc000271f80
2025/11/08 14:46:50 INFO session removed token=8c323a47-9e2e-4436-9d37-f6080bc36362
2025/11/08 14:46:50 INFO session created token=ae38b515-0392-43a1-90b1-e66a3ac0a664 name=User_79_22
2025/11/08 14:46:50 INFO session created token=07dc0fe8-b4e8-4b3a-81f7-f45959a505c3 name=User_51_13
2025/11/08 14:46:50 INFO session updated token=ae38b515-0392-43a1-90b1-e66a3ac0a664 tableID=0xc00016e1a0 seatIndex=0xc000271fe0
2025/11/08 14:46:50 INFO session removed token=ae38b515-0392-43a1-90b1-e66a3ac0a664
2025/11/08 14:46:50 INFO session created token=06f6ab33-2915-4b1c-9f5c-22e0d4555858 name=User_79_23
2025/11/08 14:46:50 INFO session created token=7f80548b-b398-456b-aa09-042cab7e0745 name=User_13_13
2025/11/08 14:46:50 INFO session updated token=06f6ab33-2915-4b1c-9f5c-22e0d4555858 tableID=0xc00016e200 seatIndex=0xc000012340
2025/11/08 14:46:50 INFO session removed token=06f6ab33-2915-4b1c-9f5c-22e0d4555858
2025/11/08 14:46:50 INFO session updated token=2c6ac22c-a7b5-488e-97c7-fda226af1c46 tableID=0xc000302880 seatIndex=0xc0003809d8
2025/11/08 14:46:50 INFO session removed token=2c6ac22c-a7b5-488e-97c7-fda226af1c46
2025/11/08 14:46:50 INFO session created token=26fcfc79-b0a4-4ecc-af73-2c33b2e1cf36 name=User_44_21
2025/11/08 14:46:50 INFO session updated token=26fcfc79-b0a4-4ecc-af73-2c33b2e1cf36 tableID=0xc000302b40 seatIndex=0xc000380c48
2025/11/08 14:46:50 INFO session removed token=26fcfc79-b0a4-4ecc-af73-2c33b2e1cf36
2025/11/08 14:46:50 INFO session created token=253dab8b-c915-4b1f-b8a7-ca029bb5efe5 name=User_44_22
2025/11/08 14:46:50 INFO session updated token=253dab8b-c915-4b1f-b8a7-ca029bb5efe5 tableID=0xc000302b90 seatIndex=0xc000380c98
2025/11/08 14:46:50 INFO session removed token=253dab8b-c915-4b1f-b8a7-ca029bb5efe5
2025/11/08 14:46:50 INFO session created token=7f2a121f-86be-42a0-8fd0-2a89afe5c208 name=User_44_23
2025/11/08 14:46:50 INFO session updated token=7f2a121f-86be-42a0-8fd0-2a89afe5c208 tableID=0xc000302be0 seatIndex=0xc000380ce8
2025/11/08 14:46:50 INFO session removed token=7f2a121f-86be-42a0-8fd0-2a89afe5c208
2025/11/08 14:46:50 INFO session created token=e64d95b4-65a0-4768-9b77-c984c0d64249 name=User_44_24
2025/11/08 14:46:50 INFO session updated token=e64d95b4-65a0-4768-9b77-c984c0d64249 tableID=0xc000302c30 seatIndex=0xc000380d38
2025/11/08 14:46:50 INFO session removed token=e64d95b4-65a0-4768-9b77-c984c0d64249
2025/11/08 14:46:50 INFO session updated token=3e29f375-ca71-4070-9e1b-11ae00855bb6 tableID=0xc000302890 seatIndex=0xc0003809e8
2025/11/08 14:46:50 INFO session removed token=3e29f375-ca71-4070-9e1b-11ae00855bb6
2025/11/08 14:46:50 INFO session created token=6b22f045-8379-450f-90de-2c3d768cd64a name=User_83_27
2025/11/08 14:46:50 INFO session created token=f46de891-fd3b-474d-a639-da0c6d97a02e name=User_44_25
2025/11/08 14:46:50 INFO session updated token=6b22f045-8379-450f-90de-2c3d768cd64a tableID=0xc00016e280 seatIndex=0xc0000123e0
2025/11/08 14:46:50 INFO session removed token=6b22f045-8379-450f-90de-2c3d768cd64a
2025/11/08 14:46:50 INFO session updated token=bedfc543-f6f0-4275-bae5-2ddfcc94664d tableID=0xc0003028a0 seatIndex=0xc0003809f8
2025/11/08 14:46:50 INFO session removed token=bedfc543-f6f0-4275-bae5-2ddfcc94664d
2025/11/08 14:46:50 INFO session created token=8c68846e-70b7-40c8-a0da-046e388d887a name=User_98_14
2025/11/08 14:46:50 INFO session updated token=8c68846e-70b7-40c8-a0da-046e388d887a tableID=0xc000302cc0 seatIndex=0xc000380dc8
2025/11/08 14:46:50 INFO session removed token=8c68846e-70b7-40c8-a0da-046e388d887a
2025/11/08 14:46:50 INFO session created token=1c2052c8-169f-4935-81d4-336a9931c915 name=User_98_15
2025/11/08 14:46:50 INFO session updated token=1c2052c8-169f-4935-81d4-336a9931c915 tableID=0xc000302d10 seatIndex=0xc000380e18
2025/11/08 14:46:50 INFO session removed token=1c2052c8-169f-4935-81d4-336a9931c915
2025/11/08 14:46:50 INFO session created token=580bb81f-3a6d-4778-bbf0-2249db29f684 name=User_98_16
2025/11/08 14:46:50 INFO session updated token=580bb81f-3a6d-4778-bbf0-2249db29f684 tableID=0xc000302d80 seatIndex=0xc000380e68
2025/11/08 14:46:50 INFO session removed token=580bb81f-3a6d-4778-bbf0-2249db29f684
2025/11/08 14:46:50 INFO session created token=1a9f65a9-4196-4d3c-8447-addb789c4faf name=User_98_17
2025/11/08 14:46:50 INFO session updated token=1a9f65a9-4196-4d3c-8447-addb789c4faf tableID=0xc000302dd0 seatIndex=0xc000380eb8
2025/11/08 14:46:50 INFO session removed token=1a9f65a9-4196-4d3c-8447-addb789c4faf
2025/11/08 14:46:50 INFO session created token=0344acb4-ee6b-4745-a747-256c9467664e name=User_98_18
2025/11/08 14:46:50 INFO session updated token=0344acb4-ee6b-4745-a747-256c9467664e tableID=0xc000302e20 seatIndex=0xc000380f08
2025/11/08 14:46:50 INFO session removed token=0344acb4-ee6b-4745-a747-256c9467664e
2025/11/08 14:46:50 INFO session created token=cb1ca6e0-dab3-4374-b091-940dbce80aa6 name=User_98_19
2025/11/08 14:46:50 INFO session updated token=cb1ca6e0-dab3-4374-b091-940dbce80aa6 tableID=0xc000302e70 seatIndex=0xc000380f58
2025/11/08 14:46:50 INFO session removed token=cb1ca6e0-dab3-4374-b091-940dbce80aa6
2025/11/08 14:46:50 INFO session created token=430d11fc-6167-4b95-bff7-f2db0dabc63f name=User_98_20
2025/11/08 14:46:50 INFO session updated token=430d11fc-6167-4b95-bff7-f2db0dabc63f tableID=0xc000302ec0 seatIndex=0xc000380fa8
2025/11/08 14:46:50 INFO session removed token=430d11fc-6167-4b95-bff7-f2db0dabc63f
2025/11/08 14:46:50 INFO session created token=47d3c601-8cda-4762-8ede-cdc7eb2ab2c8 name=User_98_21
2025/11/08 14:46:50 INFO session created token=888fe14c-07b3-4e42-8a15-ffafcf297baa name=User_70_31
2025/11/08 14:46:50 INFO session updated token=47d3c601-8cda-4762-8ede-cdc7eb2ab2c8 tableID=0xc000302f10 seatIndex=0xc000380ff8
2025/11/08 14:46:50 INFO session created token=276e448a-4730-46b6-a7f4-42504f69abb7 name=User_3_22
2025/11/08 14:46:50 INFO session removed token=47d3c601-8cda-4762-8ede-cdc7eb2ab2c8
2025/11/08 14:46:50 INFO session removed token=d09ce996-ce80-46f3-b7ef-be826c7b5cff
2025/11/08 14:46:50 INFO session updated token=3146e5a9-9ec5-4bdd-a286-967869a76d2d tableID=0xc0002e2ca0 seatIndex=0xc0004e8b10
2025/11/08 14:46:50 INFO session updated token=eacbd9f9-ccfb-4f7b-bcde-dd66a292095e tableID=0xc0002e2cb0 seatIndex=0xc0004e8b20
2025/11/08 14:46:50 INFO session removed token=c05f75f2-032f-4170-b72e-c160c824d9eb
2025/11/08 14:46:50 INFO session removed token=c1243374-049e-43f3-80e1-476991f1e386
2025/11/08 14:46:50 INFO session updated token=0850ceb3-44b0-46cc-bf87-30e3f26626be tableID=0xc000302940 seatIndex=0xc000380ab8
2025/11/08 14:46:50 INFO session removed token=a3f94f02-6b51-4767-abd9-3e23904a4c15
2025/11/08 14:46:50 INFO session removed token=cc82f2aa-ac62-4862-9922-953b87941d74
2025/11/08 14:46:50 INFO session created token=0bc2f222-d874-4da6-81dc-32275159a3d7 name=User_65_97
2025/11/08 14:46:50 INFO session removed token=b591f2bc-b541-43f3-a17a-05154b4087a4
2025/11/08 14:46:50 INFO session created token=8d7682d9-d6bf-4b16-b114-b2cbe160be19 name=User_12_15
2025/11/08 14:46:50 INFO session created token=81b6ac60-89b7-4577-89f9-66c6c23b868a name=User_77_15
2025/11/08 14:46:50 INFO session removed token=05c66e25-96bc-4ed2-b08b-84421a63c156
2025/11/08 14:46:50 INFO session created token=2664ef4d-dbf8-489f-af90-fa95375f65b0 name=User_15_29
2025/11/08 14:46:50 INFO session created token=f06a008b-2031-4f03-a698-04e2cd2af6c8 name=User_0_61
2025/11/08 14:46:50 INFO session removed token=77876b7b-d93a-4a7c-a947-a3db3bfa79ec
2025/11/08 14:46:50 INFO session removed token=e609934d-5cd6-4bf2-aba0-ec6da3996c8f
2025/11/08 14:46:50 INFO session updated token=e1ef01c5-88be-44b5-954d-520d59a65c3b tableID=0xc0004e5d00 seatIndex=0xc000271c60
2025/11/08 14:46:50 INFO session updated token=b6b2502e-ddf6-49b2-804d-46f4a0547de2 tableID=0xc0004e5d10 seatIndex=0xc000271c70
2025/11/08 14:46:50 INFO session updated token=f34ec46d-d27c-4d6a-a839-7fba8c1008b8 tableID=0xc000302a90 seatIndex=0xc000380bf8
2025/11/08 14:46:50 INFO session updated token=71282302-a2c2-4e49-a314-ea4b90ff0032 tableID=0xc0002e30c0 seatIndex=0xc0004e9250
2025/11/08 14:46:50 INFO session removed token=2ecd1fcc-4376-4940-a362-8d72784f3eb8
2025/11/08 14:46:50 INFO session created token=3c13f9db-7276-41b6-94f5-8500fbd27a2d name=User_17_25
2025/11/08 14:46:50 INFO session updated token=3c13f9db-7276-41b6-94f5-8500fbd27a2d tableID=0xc00021d880 seatIndex=0xc000187bb0
2025/11/08 14:46:50 INFO session removed token=3c13f9db-7276-41b6-94f5-8500fbd27a2d
2025/11/08 14:46:50 INFO session created token=c356d0df-3b05-4f6c-a25f-9f7e43751f46 name=User_17_26
2025/11/08 14:46:50 INFO session updated token=c356d0df-3b05-4f6c-a25f-9f7e43751f46 tableID=0xc00021d8d0 seatIndex=0xc000187c00
2025/11/08 14:46:50 INFO session removed token=c356d0df-3b05-4f6c-a25f-9f7e43751f46
2025/11/08 14:46:50 INFO session created token=c638980e-0f89-4289-8452-19fc67b92bbb name=User_17_27
2025/11/08 14:46:50 INFO session created token=b5d2bff6-84e3-4491-b80b-490dbdba0829 name=User_30_19
2025/11/08 14:46:50 INFO session updated token=c638980e-0f89-4289-8452-19fc67b92bbb tableID=0xc00021d920 seatIndex=0xc000187c50
2025/11/08 14:46:50 INFO session created token=02ec7d64-961a-47dd-8535-7e2f480ba746 name=User_14_19
2025/11/08 14:46:50 INFO session created token=1848faf6-c9a0-4108-9bd1-7fb12d5768c7 name=User_9_14
2025/11/08 14:46:50 INFO session removed token=c638980e-0f89-4289-8452-19fc67b92bbb
2025/11/08 14:46:50 INFO session created token=8f4bc289-b8cb-4e90-b5e0-7bd4a3cfcefa name=User_19_22
2025/11/08 14:46:50 INFO session created token=dd39ab9d-654b-4c71-a985-9b75597958b9 name=User_27_18
2025/11/08 14:46:50 INFO session created token=f49c90af-6689-4799-9cb4-1d3382cb6cde name=User_32_18
2025/11/08 14:46:50 INFO session created token=4a9cf92e-f1a2-437c-bb28-2dc8168b4b5a name=User_53_15
2025/11/08 14:46:50 INFO session created token=b395fc10-c61b-4636-b811-012d03ac45a5 name=User_17_28
2025/11/08 14:46:50 INFO session created token=d3de845b-b60a-49f3-b9cd-eff34ae142ff name=User_88_22
2025/11/08 14:46:50 INFO session created token=370905ac-91fd-40eb-a96e-16f4419e8ed5 name=User_16_15
2025/11/08 14:46:50 INFO session updated token=8f4bc289-b8cb-4e90-b5e0-7bd4a3cfcefa tableID=0xc0002e3370 seatIndex=0xc0004e9430
2025/11/08 14:46:50 INFO session removed token=8f4bc289-b8cb-4e90-b5e0-7bd4a3cfcefa
2025/11/08 14:46:50 INFO session updated token=1848faf6-c9a0-4108-9bd1-7fb12d5768c7 tableID=0xc000303100 seatIndex=0xc0003811b8
2025/11/08 14:46:50 INFO session removed token=1848faf6-c9a0-4108-9bd1-7fb12d5768c7
2025/11/08 14:46:50 INFO session created token=7517031d-ad12-4c02-a3fc-6331ff26c161 name=User_9_15
2025/11/08 14:46:50 INFO session updated token=7517031d-ad12-4c02-a3fc-6331ff26c161 tableID=0xc000303150 seatIndex=0xc000381200
2025/11/08 14:46:50 INFO session removed token=7517031d-ad12-4c02-a3fc-6331ff26c161
2025/11/08 14:46:50 INFO session created token=5cfdb3e3-b30f-44f7-a522-a2ebcf95683d name=User_9_16
2025/11/08 14:46:50 INFO session updated token=5cfdb3e3-b30f-44f7-a522-a2ebcf95683d tableID=0xc0003031a0 seatIndex=0xc000381250
2025/11/08 14:46:50 INFO session removed token=5cfdb3e3-b30f-44f7-a522-a2ebcf95683d
2025/11/08 14:46:50 INFO session created token=6bfb6536-6fa3-4586-b125-3748de2e6a38 name=User_9_17
2025/11/08 14:46:50 INFO session updated token=6bfb6536-6fa3-4586-b125-3748de2e6a38 tableID=0xc0003031f0 seatIndex=0xc0003812a0
2025/11/08 14:46:50 INFO session removed token=6bfb6536-6fa3-4586-b125-3748de2e6a38
2025/11/08 14:46:50 INFO session created token=e020ae54-f38e-42f7-b52c-b7e4c87298f2 name=User_9_18
2025/11/08 14:46:50 INFO session updated token=e020ae54-f38e-42f7-b52c-b7e4c87298f2 tableID=0xc000303240 seatIndex=0xc0003812f0
2025/11/08 14:46:50 INFO session removed token=e020ae54-f38e-42f7-b52c-b7e4c87298f2
2025/11/08 14:46:50 INFO session updated token=b5d2bff6-84e3-4491-b80b-490dbdba0829 tableID=0xc00021d940 seatIndex=0xc000187c80
2025/11/08 14:46:50 INFO session removed token=b5d2bff6-84e3-4491-b80b-490dbdba0829
2025/11/08 14:46:50 INFO session created token=603e9fd9-db4a-4d93-a532-da1ef78f2421 name=User_30_20
2025/11/08 14:46:50 INFO session updated token=603e9fd9-db4a-4d93-a532-da1ef78f2421 tableID=0xc00016e3d0 seatIndex=0xc000012500
2025/11/08 14:46:50 INFO session removed token=603e9fd9-db4a-4d93-a532-da1ef78f2421
2025/11/08 14:46:50 INFO session created token=409c5c64-3926-4c6c-907e-d0747af1fbb6 name=User_30_21
2025/11/08 14:46:50 INFO session updated token=409c5c64-3926-4c6c-907e-d0747af1fbb6 tableID=0xc00016e420 seatIndex=0xc000012550
2025/11/08 14:46:50 INFO session removed token=409c5c64-3926-4c6c-907e-d0747af1fbb6
2025/11/08 14:46:50 INFO session created token=0659e1d7-7787-4306-bab3-4dee4053824f name=User_30_22
2025/11/08 14:46:50 INFO session updated token=0659e1d7-7787-4306-bab3-4dee4053824f tableID=0xc00016e470 seatIndex=0xc0000125a0
2025/11/08 14:46:50 INFO session removed token=0659e1d7-7787-4306-bab3-4dee4053824f
2025/11/08 14:46:50 INFO session created token=ee14906c-a792-4ac0-b442-04e2b6368d61 name=User_30_23
2025/11/08 14:46:50 INFO session updated token=ee14906c-a792-4ac0-b442-04e2b6368d61 tableID=0xc00016e4c0 seatIndex=0xc0000125f0
2025/11/08 14:46:50 INFO session removed token=ee14906c-a792-4ac0-b442-04e2b6368d61
2025/11/08 14:46:50 INFO session created token=c45d2d7f-09b4-452d-95d0-0227cfc08e16 name=User_30_24
2025/11/08 14:46:50 INFO session updated token=c45d2d7f-09b4-452d-95d0-0227cfc08e16 tableID=0xc00016e510 seatIndex=0xc000012640
2025/11/08 14:46:50 INFO session removed token=c45d2d7f-09b4-452d-95d0-0227cfc08e16
2025/11/08 14:46:50 INFO session created token=bc419ef7-80d8-4552-a41e-1bc182d89261 name=User_30_25
2025/11/08 14:46:50 INFO session updated token=bc419ef7-80d8-4552-a41e-1bc182d89261 tableID=0xc00016e560 seatIndex=0xc000012690
2025/11/08 14:46:50 INFO session removed token=bc419ef7-80d8-4552-a41e-1bc182d89261
2025/11/08 14:46:50 INFO session created token=e2929e79-536f-41dd-977a-8b027ef5851b name=User_30_26
2025/11/08 14:46:50 INFO session updated token=e2929e79-536f-41dd-977a-8b027ef5851b tableID=0xc00016e5b0 seatIndex=0xc0000126e0
2025/11/08 14:46:50 INFO session removed token=e2929e79-536f-41dd-977a-8b027ef5851b
2025/11/08 14:46:50 INFO session removed token=741c9331-29ad-4564-ab96-451fa4195578
2025/11/08 14:46:50 INFO session removed token=20ab29c6-ca33-4cb8-9307-4ab0d8155f6d
2025/11/08 14:46:50 INFO session removed token=03d2f3b0-c37c-457d-a5c5-b3dc3d7a3d4e
2025/11/08 14:46:50 INFO session removed token=a85e594a-e3dc-423e-acbe-dd7625b10058
2025/11/08 14:46:50 INFO session removed token=158fe61e-323d-4a01-8e30-0d6538debb7a
2025/11/08 14:46:50 INFO session updated token=20ffa975-1580-46a2-a937-92ec2c7bb21f tableID=0xc0002e30f0 seatIndex=0xc0004e9260
2025/11/08 14:46:50 INFO session created token=dc0674f8-e689-4ae7-b003-ce1c1ae903e6 name=User_93_34
2025/11/08 14:46:50 INFO session removed token=655cf7d0-5d52-4870-a1e5-6e5c5a13c682
2025/11/08 14:46:50 INFO session created token=dfc97068-06e9-4013-a90a-cdc0c74b1936 name=User_49_25
2025/11/08 14:46:50 INFO session created token=7cd12ffa-d708-4466-af83-521a74854c30 name=User_38_13
2025/11/08 14:46:50 INFO session created token=0a870823-3967-4c82-b013-5050698d48de name=User_74_27
2025/11/08 14:46:50 INFO session updated token=ca4633cb-5cc9-4309-bb14-9b2eecdb3157 tableID=0xc0002e3120 seatIndex=0xc0004e9290
2025/11/08 14:46:50 INFO session updated token=35605cdc-b65e-436c-9472-c70b6d660fd7 tableID=0xc0004e5db0 seatIndex=0xc000271ce0
2025/11/08 14:46:50 INFO session updated token=a3c98412-5797-4d8c-a07c-a78d01a6fbc9 tableID=0xc0004e5dd0 seatIndex=0xc000271d10
2025/11/08 14:46:50 INFO session updated token=fe9b23cd-1b95-4031-915b-94678424acc0 tableID=0xc0002e3130 seatIndex=0xc0004e92c0
2025/11/08 14:46:50 INFO session created token=48687698-11cb-4517-b951-d78cee38ea0b name=User_59_25
2025/11/08 14:46:50 INFO session updated token=9ee4df64-be0b-4868-8d7d-18dca9d02ca0 tableID=0xc00021d260 seatIndex=0xc000187570
2025/11/08 14:46:50 INFO session updated token=916a7466-610d-4383-9808-6d42c820cd5d tableID=0xc00021d270 seatIndex=0xc000187580
2025/11/08 14:46:50 INFO session updated token=009cc5a8-0a34-4784-bdc3-7852655e93b6 tableID=0xc00021d5a0 seatIndex=0xc0001878b0
2025/11/08 14:46:50 INFO session removed token=009cc5a8-0a34-4784-bdc3-7852655e93b6
2025/11/08 14:46:50 INFO session created token=4c68909e-b878-4cfb-b8a4-9aa6baeab1e4 name=User_34_21
2025/11/08 14:46:50 INFO session updated token=4c68909e-b878-4cfb-b8a4-9aa6baeab1e4 tableID=0xc000173c20 seatIndex=0xc0002e5ca0
2025/11/08 14:46:50 INFO session removed token=4c68909e-b878-4cfb-b8a4-9aa6baeab1e4
2025/11/08 14:46:50 INFO session created token=cfd70fb3-3b74-4fea-8161-67085d294b99 name=User_34_22
2025/11/08 14:46:50 INFO session updated token=cfd70fb3-3b74-4fea-8161-67085d294b99 tableID=0xc000173c70 seatIndex=0xc0002e5cf0
2025/11/08 14:46:50 INFO session removed token=cfd70fb3-3b74-4fea-8161-67085d294b99
2025/11/08 14:46:50 INFO session created token=58ab02be-8743-4a35-8c62-6fa47bd09f95 name=User_34_23
2025/11/08 14:46:50 INFO session updated token=58ab02be-8743-4a35-8c62-6fa47bd09f95 tableID=0xc000173cc0 seatIndex=0xc0002e5d40
2025/11/08 14:46:50 INFO session removed token=58ab02be-8743-4a35-8c62-6fa47bd09f95
2025/11/08 14:46:50 INFO session created token=7d06a65c-18ae-4def-b941-6b7f2ee6f044 name=User_34_24
2025/11/08 14:46:50 INFO session updated token=7d06a65c-18ae-4def-b941-6b7f2ee6f044 tableID=0xc000173d10 seatIndex=0xc0002e5d90
2025/11/08 14:46:50 INFO session removed token=7d06a65c-18ae-4def-b941-6b7f2ee6f044
2025/11/08 14:46:50 INFO session removed token=916a7466-610d-4383-9808-6d42c820cd5d
2025/11/08 14:46:50 INFO session created token=5b15e97c-2d86-4f15-add1-42504f874ccb name=User_48_69
2025/11/08 14:46:50 INFO session updated token=5b15e97c-2d86-4f15-add1-42504f874ccb tableID=0xc00016e720 seatIndex=0xc000012890
2025/11/08 14:46:50 INFO session removed token=5b15e97c-2d86-4f15-add1-42504f874ccb
2025/11/08 14:46:50 INFO session created token=ad6648e3-1ee1-4169-8cc1-992ab2d64711 name=User_48_70
2025/11/08 14:46:50 INFO session updated token=ad6648e3-1ee1-4169-8cc1-992ab2d64711 tableID=0xc00016e770 seatIndex=0xc0000128e0
2025/11/08 14:46:50 INFO session removed token=ad6648e3-1ee1-4169-8cc1-992ab2d64711
2025/11/08 14:46:50 INFO session created token=f001afd8-d8da-4132-804e-daef564f46e5 name=User_34_25
2025/11/08 14:46:50 INFO session created token=51dfd209-c89a-4527-9ec5-b7ba8419ab35 name=User_48_71
2025/11/08 14:46:50 INFO session updated token=f001afd8-d8da-4132-804e-daef564f46e5 tableID=0xc000024550 seatIndex=0xc000306658
2025/11/08 14:46:50 INFO session removed token=f001afd8-d8da-4132-804e-daef564f46e5
2025/11/08 14:46:50 INFO session created token=06ca8dd7-ebdc-4870-9bc0-f38dfe068ab3 name=User_34_26
2025/11/08 14:46:50 INFO session updated token=06ca8dd7-ebdc-4870-9bc0-f38dfe068ab3 tableID=0xc0000245c0 seatIndex=0xc0003066b8
2025/11/08 14:46:50 INFO session removed token=06ca8dd7-ebdc-4870-9bc0-f38dfe068ab3
2025/11/08 14:46:50 INFO session created token=3cbcc010-3bfe-444f-bc61-4c3d7cfab839 name=User_34_27
2025/11/08 14:46:50 INFO session updated token=3cbcc010-3bfe-444f-bc61-4c3d7cfab839 tableID=0xc000024610 seatIndex=0xc000306708
2025/11/08 14:46:50 INFO session removed token=3cbcc010-3bfe-444f-bc61-4c3d7cfab839
2025/11/08 14:46:50 INFO session created token=260d15db-5f47-4215-9f57-821655077917 name=User_34_28
2025/11/08 14:46:50 INFO session updated token=260d15db-5f47-4215-9f57-821655077917 tableID=0xc000024660 seatIndex=0xc000306758
2025/11/08 14:46:50 INFO session removed token=260d15db-5f47-4215-9f57-821655077917
2025/11/08 14:46:50 INFO session created token=7401f195-1e65-435a-bc56-2c93dccac4ab name=User_34_29
2025/11/08 14:46:50 INFO session updated token=7401f195-1e65-435a-bc56-2c93dccac4ab tableID=0xc0000246b0 seatIndex=0xc0003067a8
2025/11/08 14:46:50 INFO session removed token=7401f195-1e65-435a-bc56-2c93dccac4ab
2025/11/08 14:46:50 INFO session created token=63181ad7-ee24-4ce3-8803-e671c394fb04 name=User_34_30
2025/11/08 14:46:50 INFO session updated token=63181ad7-ee24-4ce3-8803-e671c394fb04 tableID=0xc000024700 seatIndex=0xc0003067f8
2025/11/08 14:46:50 INFO session removed token=63181ad7-ee24-4ce3-8803-e671c394fb04
2025/11/08 14:46:50 INFO session created token=0a9a4efa-ac95-4d76-ace1-9173745c7de8 name=User_34_31
2025/11/08 14:46:50 INFO session updated token=0a9a4efa-ac95-4d76-ace1-9173745c7de8 tableID=0xc000024750 seatIndex=0xc000306848
2025/11/08 14:46:50 INFO session removed token=0a9a4efa-ac95-4d76-ace1-9173745c7de8
2025/11/08 14:46:50 INFO session created token=7b27faf4-9316-43ae-bae7-d69125b67b83 name=User_34_32
2025/11/08 14:46:50 INFO session updated token=7b27faf4-9316-43ae-bae7-d69125b67b83 tableID=0xc0000247a0 seatIndex=0xc000306898
2025/11/08 14:46:50 INFO session removed token=7b27faf4-9316-43ae-bae7-d69125b67b83
2025/11/08 14:46:50 INFO session created token=f75a6758-31a1-47bb-91ab-743c3ed5a597 name=User_34_33
2025/11/08 14:46:50 INFO session updated token=f75a6758-31a1-47bb-91ab-743c3ed5a597 tableID=0xc0000247f0 seatIndex=0xc0003068e8
2025/11/08 14:46:50 INFO session removed token=f75a6758-31a1-47bb-91ab-743c3ed5a597
2025/11/08 14:46:50 INFO session created token=1846c78b-be44-4b5f-9b79-b8855e65792c name=User_34_34
2025/11/08 14:46:50 INFO session updated token=1846c78b-be44-4b5f-9b79-b8855e65792c tableID=0xc000024840 seatIndex=0xc000306938
2025/11/08 14:46:50 INFO session removed token=1846c78b-be44-4b5f-9b79-b8855e65792c
2025/11/08 14:46:50 INFO session created token=702aebfe-9add-4f9f-bc99-3b6b23b0136f name=User_34_35
2025/11/08 14:46:50 INFO session updated token=702aebfe-9add-4f9f-bc99-3b6b23b0136f tableID=0xc000024890 seatIndex=0xc000306988
2025/11/08 14:46:50 INFO session removed token=702aebfe-9add-4f9f-bc99-3b6b23b0136f
2025/11/08 14:46:50 INFO session created token=a2e506ab-1bbf-41c9-94f0-588f4dd9bde9 name=User_34_36
2025/11/08 14:46:50 INFO session updated token=a2e506ab-1bbf-41c9-94f0-588f4dd9bde9 tableID=0xc0000248e0 seatIndex=0xc0003069d8
2025/11/08 14:46:50 INFO session removed token=a2e506ab-1bbf-41c9-94f0-588f4dd9bde9
2025/11/08 14:46:50 INFO session created token=a376280c-62a7-4328-b991-81710a3888ff name=User_34_37
2025/11/08 14:46:50 INFO session created token=b0e3448c-02df-4c10-9a2e-870e8b61e4ad name=User_24_52
2025/11/08 14:46:50 INFO session updated token=b0e3448c-02df-4c10-9a2e-870e8b61e4ad tableID=0xc0002e3410 seatIndex=0xc0004e9490
2025/11/08 14:46:50 INFO session removed token=b0e3448c-02df-4c10-9a2e-870e8b61e4ad
2025/11/08 14:46:50 INFO session updated token=a376280c-62a7-4328-b991-81710a3888ff tableID=0xc000173d40 seatIndex=0xc0002e5de0
2025/11/08 14:46:50 INFO session removed token=a376280c-62a7-4328-b991-81710a3888ff
2025/11/08 14:46:50 INFO session created token=71e3eb6d-2b96-4355-b984-ce26ccb48149 name=User_34_38
2025/11/08 14:46:50 INFO session updated token=71e3eb6d-2b96-4355-b984-ce26ccb48149 tableID=0xc000173d90 seatIndex=0xc0002e5e30
2025/11/08 14:46:50 INFO session removed token=71e3eb6d-2b96-4355-b984-ce26ccb48149
2025/11/08 14:46:50 INFO session created token=f07a2fbb-7cfd-4b13-a830-e8109c37e6ed name=User_34_39
2025/11/08 14:46:50 INFO session updated token=f07a2fbb-7cfd-4b13-a830-e8109c37e6ed tableID=0xc000173de0 seatIndex=0xc0002e5e80
2025/11/08 14:46:50 INFO session removed token=f07a2fbb-7cfd-4b13-a830-e8109c37e6ed
2025/11/08 14:46:50 INFO session created token=14703268-b9a8-4ab5-81f0-3e36e78c2a62 name=User_34_40
2025/11/08 14:46:50 INFO session updated token=14703268-b9a8-4ab5-81f0-3e36e78c2a62 tableID=0xc000173e30 seatIndex=0xc0002e5ed0
2025/11/08 14:46:50 INFO session removed token=14703268-b9a8-4ab5-81f0-3e36e78c2a62
2025/11/08 14:46:50 INFO session created token=5c075252-302d-4031-91f4-e7412fb3f0a6 name=User_34_41
2025/11/08 14:46:50 INFO session updated token=5c075252-302d-4031-91f4-e7412fb3f0a6 tableID=0xc000173e80 seatIndex=0xc0002e5f20
2025/11/08 14:46:50 INFO session removed token=5c075252-302d-4031-91f4-e7412fb3f0a6
2025/11/08 14:46:50 INFO session created token=8403e669-a2e7-4006-b060-1b51c62e8cd2 name=User_34_42
2025/11/08 14:46:50 INFO session updated token=8403e669-a2e7-4006-b060-1b51c62e8cd2 tableID=0xc000173ed0 seatIndex=0xc0002e5f70
2025/11/08 14:46:50 INFO session removed token=8403e669-a2e7-4006-b060-1b51c62e8cd2
2025/11/08 14:46:50 INFO session created token=b209ec30-a0c4-4cc1-8741-a6ef3abff39f name=User_34_43
2025/11/08 14:46:50 INFO session updated token=b209ec30-a0c4-4cc1-8741-a6ef3abff39f tableID=0xc000173f20 seatIndex=0xc0002e5fc0
2025/11/08 14:46:50 INFO session removed token=b209ec30-a0c4-4cc1-8741-a6ef3abff39f
2025/11/08 14:46:50 INFO session created token=530fb82b-7a75-47a0-83b1-a7a9841d2828 name=User_34_44
2025/11/08 14:46:50 INFO session updated token=530fb82b-7a75-47a0-83b1-a7a9841d2828 tableID=0xc000173f70 seatIndex=0xc000604020
2025/11/08 14:46:50 INFO session removed token=530fb82b-7a75-47a0-83b1-a7a9841d2828
2025/11/08 14:46:50 INFO session created token=e3bc74da-3ffa-40cd-af30-72ac3e82d0dc name=User_34_45
2025/11/08 14:46:50 INFO session updated token=e3bc74da-3ffa-40cd-af30-72ac3e82d0dc tableID=0xc0003fa040 seatIndex=0xc000604070
2025/11/08 14:46:50 INFO session removed token=e3bc74da-3ffa-40cd-af30-72ac3e82d0dc
2025/11/08 14:46:50 INFO session created token=6854c4a9-a444-4ddb-ba93-72f9673e5314 name=User_34_46
2025/11/08 14:46:50 INFO session updated token=6854c4a9-a444-4ddb-ba93-72f9673e5314 tableID=0xc0003fa090 seatIndex=0xc0006040c0
2025/11/08 14:46:50 INFO session removed token=6854c4a9-a444-4ddb-ba93-72f9673e5314
2025/11/08 14:46:50 INFO session created token=a43afa5b-3372-4fe0-b6af-539b0c8fd811 name=User_34_47
2025/11/08 14:46:50 INFO session created token=81188c47-d7db-4cd0-93a3-e89582d19ba2 name=User_24_53
2025/11/08 14:46:50 INFO session updated token=a43afa5b-3372-4fe0-b6af-539b0c8fd811 tableID=0xc0003fa0e0 seatIndex=0xc000604110
2025/11/08 14:46:50 INFO session removed token=a43afa5b-3372-4fe0-b6af-539b0c8fd811
2025/11/08 14:46:50 INFO session updated token=12021a2c-de7e-4756-8db3-e1fa2da0a8ed tableID=0xc0002e31f0 seatIndex=0xc0004e9310
2025/11/08 14:46:50 INFO session removed token=03a2e13b-b825-4eed-9d3f-f489c360d59c
2025/11/08 14:46:50 INFO session removed token=bff2710f-d8aa-48a2-94c0-50ec47fa1428
2025/11/08 14:46:50 INFO session removed token=cc57ee8d-f280-4350-a043-ca184dc8aaf0
2025/11/08 14:46:50 INFO session removed token=30d1b7cf-2d73-4c49-8206-5c422ce0c510
2025/11/08 14:46:50 INFO session removed token=8f7d16cc-2661-4a7a-9738-d76d48f2a0f6
2025/11/08 14:46:50 INFO session updated token=d3b280ea-64f4-45ba-9f6c-39e1fc5c4915 tableID=0xc00016e0d0 seatIndex=0xc000271f20
2025/11/08 14:46:50 INFO session updated token=291af4d1-7793-4593-8d30-1abd859154b4 tableID=0xc00016e0e0 seatIndex=0xc000271f30
2025/11/08 14:46:50 INFO session updated token=b0737f48-1b4a-4f28-905e-22466b16583b tableID=0xc00016e0f0 seatIndex=0xc000271f40
2025/11/08 14:46:50 INFO session updated token=4254e0fe-9a3e-4867-a740-751b6747c315 tableID=0xc000173a30 seatIndex=0xc0002e58f8
2025/11/08 14:46:50 INFO session updated token=8ef348a6-5a2e-49c3-a095-ec4afb08cf09 tableID=0xc00016e100 seatIndex=0xc000271f50
2025/11/08 14:46:50 INFO session updated token=362d0af4-22b2-4533-b399-f9e77922ecf3 tableID=0xc00016e160 seatIndex=0xc000271fb0
2025/11/08 14:46:50 INFO session updated token=07dc0fe8-b4e8-4b3a-81f7-f45959a505c3 tableID=0xc00016e1c0 seatIndex=0xc000012310
2025/11/08 14:46:50 INFO session updated token=7f80548b-b398-456b-aa09-042cab7e0745 tableID=0xc00016e220 seatIndex=0xc000012370
2025/11/08 14:46:50 INFO session created token=024ad50c-4eb7-4fd1-ac9b-aee95fc64d0b name=User_64_13
2025/11/08 14:46:50 INFO session created token=6306f754-7e11-445c-a1e9-7558cd8e9fca name=User_55_15
2025/11/08 14:46:50 INFO session updated token=f46de891-fd3b-474d-a639-da0c6d97a02e tableID=0xc00016e2a0 seatIndex=0xc000012410
2025/11/08 14:46:50 INFO session created token=abf7733d-59c8-495c-b570-ad8dd607ad10 name=User_79_24
2025/11/08 14:46:50 INFO session created token=314138c4-ce84-4b14-b090-231034673830 name=User_56_22
2025/11/08 14:46:50 INFO session created token=2a68ae04-6d7d-47df-aa12-afa5cc7977eb name=User_41_27
2025/11/08 14:46:50 INFO session removed token=f46de891-fd3b-474d-a639-da0c6d97a02e
2025/11/08 14:46:50 INFO session created token=33030934-71da-4745-b3a1-b924e330d190 name=User_44_26
2025/11/08 14:46:50 INFO session updated token=2a68ae04-6d7d-47df-aa12-afa5cc7977eb tableID=0xc0003fa260 seatIndex=0xc0006042d0
2025/11/08 14:46:50 INFO session removed token=2a68ae04-6d7d-47df-aa12-afa5cc7977eb
2025/11/08 14:46:50 INFO session updated token=888fe14c-07b3-4e42-8a15-ffafcf297baa tableID=0xc000302f30 seatIndex=0xc000381028
2025/11/08 14:46:50 INFO session removed token=888fe14c-07b3-4e42-8a15-ffafcf297baa
2025/11/08 14:46:50 INFO session created token=c69579e0-80cb-4a8b-a6de-17f364347b6d name=User_70_32
2025/11/08 14:46:50 INFO session created token=b648a4fe-3e67-4615-88f4-dbca1877bb3e name=User_41_28
2025/11/08 14:46:50 INFO session updated token=c69579e0-80cb-4a8b-a6de-17f364347b6d tableID=0xc0003fa2e0 seatIndex=0xc000604350
2025/11/08 14:46:50 INFO session created token=8605f011-3ce8-4c57-9f52-218ce8eee330 name=User_83_28
2025/11/08 14:46:50 INFO session removed token=c69579e0-80cb-4a8b-a6de-17f364347b6d
2025/11/08 14:46:50 INFO session created token=18d42e26-cbda-4add-b3bb-9924f26b50f4 name=User_70_33
2025/11/08 14:46:50 INFO session updated token=18d42e26-cbda-4add-b3bb-9924f26b50f4 tableID=0xc0003fa350 seatIndex=0xc0006043c0
2025/11/08 14:46:50 INFO session removed token=18d42e26-cbda-4add-b3bb-9924f26b50f4
2025/11/08 14:46:50 INFO session created token=e98d6fde-48f3-499c-8df1-b4fbcb46f99d name=User_70_34
2025/11/08 14:46:50 INFO session updated token=e98d6fde-48f3-499c-8df1-b4fbcb46f99d tableID=0xc0003fa3a0 seatIndex=0xc000604410
2025/11/08 14:46:50 INFO session removed token=e98d6fde-48f3-499c-8df1-b4fbcb46f99d
2025/11/08 14:46:50 INFO session created token=1b6c3c19-dae7-4071-b0d8-3f4d6379046c name=User_70_35
2025/11/08 14:46:50 INFO session updated token=1b6c3c19-dae7-4071-b0d8-3f4d6379046c tableID=0xc0003fa3f0 seatIndex=0xc000604460
2025/11/08 14:46:50 INFO session removed token=1b6c3c19-dae7-4071-b0d8-3f4d6379046c
2025/11/08 14:46:50 INFO session created token=4719ddde-f0d4-4508-81d1-0268d8b37503 name=User_70_36
2025/11/08 14:46:50 INFO session updated token=4719ddde-f0d4-4508-81d1-0268d8b37503 tableID=0xc0003fa440 seatIndex=0xc0006044b0
2025/11/08 14:46:50 INFO session removed token=4719ddde-f0d4-4508-81d1-0268d8b37503
2025/11/08 14:46:50 INFO session created token=c4b99bf3-0927-40ea-8893-49fe60ec4f9c name=User_70_37
2025/11/08 14:46:50 INFO session updated token=c4b99bf3-0927-40ea-8893-49fe60ec4f9c tableID=0xc0003fa490 seatIndex=0xc000604500
2025/11/08 14:46:50 INFO session removed token=c4b99bf3-0927-40ea-8893-49fe60ec4f9c
2025/11/08 14:46:50 INFO session created token=467c1bc9-de5b-4a10-ba55-15923e9e79f0 name=User_70_38
2025/11/08 14:46:50 INFO session updated token=467c1bc9-de5b-4a10-ba55-15923e9e79f0 tableID=0xc0003fa4e0 seatIndex=0xc000604550
2025/11/08 14:46:50 INFO session removed token=467c1bc9-de5b-4a10-ba55-15923e9e79f0
2025/11/08 14:46:50 INFO session created token=48638bc4-b321-47ef-8f3c-2141a8069b5c name=User_70_39
2025/11/08 14:46:50 INFO session updated token=48638bc4-b321-47ef-8f3c-2141a8069b5c tableID=0xc0003fa530 seatIndex=0xc0006045a0
2025/11/08 14:46:50 INFO session removed token=48638bc4-b321-47ef-8f3c-2141a8069b5c
2025/11/08 14:46:50 INFO session created token=71ba8da3-57c6-4775-b0a5-acf73e4bba96 name=User_70_40
2025/11/08 14:46:50 INFO session updated token=71ba8da3-57c6-4775-b0a5-acf73e4bba96 tableID=0xc0003fa580 seatIndex=0xc0006045f0
2025/11/08 14:46:50 INFO session removed token=71ba8da3-57c6-4775-b0a5-acf73e4bba96
2025/11/08 14:46:50 INFO session created token=4a5ac055-1614-4113-aedf-1a56e3e4c84b name=User_70_41
2025/11/08 14:46:50 INFO session updated token=4a5ac055-1614-4113-aedf-1a56e3e4c84b tableID=0xc0003fa5d0 seatIndex=0xc000604640
2025/11/08 14:46:50 INFO session removed token=4a5ac055-1614-4113-aedf-1a56e3e4c84b
2025/11/08 14:46:50 INFO session created token=10dc5548-1c70-4945-9ffc-e08b5bcd05df name=User_70_42
2025/11/08 14:46:50 INFO session updated token=10dc5548-1c70-4945-9ffc-e08b5bcd05df tableID=0xc0003fa620 seatIndex=0xc000604690
2025/11/08 14:46:50 INFO session removed token=10dc5548-1c70-4945-9ffc-e08b5bcd05df
2025/11/08 14:46:50 INFO session created token=08ed2ff5-53cc-4935-ad33-77913d88da1b name=User_70_43
2025/11/08 14:46:50 INFO session updated token=08ed2ff5-53cc-4935-ad33-77913d88da1b tableID=0xc0003fa670 seatIndex=0xc0006046e0
2025/11/08 14:46:50 INFO session removed token=08ed2ff5-53cc-4935-ad33-77913d88da1b
2025/11/08 14:46:50 INFO session updated token=b648a4fe-3e67-4615-88f4-dbca1877bb3e tableID=0xc0003fa300 seatIndex=0xc000604380
2025/11/08 14:46:50 INFO session removed token=b648a4fe-3e67-4615-88f4-dbca1877bb3e
2025/11/08 14:46:50 INFO session created token=ab4d9394-8796-44f2-b676-57b5c105ed77 name=User_41_29
2025/11/08 14:46:50 INFO session updated token=ab4d9394-8796-44f2-b676-57b5c105ed77 tableID=0xc00021da50 seatIndex=0xc000187d30
2025/11/08 14:46:50 INFO session removed token=ab4d9394-8796-44f2-b676-57b5c105ed77
2025/11/08 14:46:50 INFO session created token=dd1431e6-718f-4a60-bdaf-9399cebf72e7 name=User_41_30
2025/11/08 14:46:50 INFO session updated token=dd1431e6-718f-4a60-bdaf-9399cebf72e7 tableID=0xc00021dab0 seatIndex=0xc000187d80
2025/11/08 14:46:50 INFO session removed token=dd1431e6-718f-4a60-bdaf-9399cebf72e7
2025/11/08 14:46:50 INFO session created token=acaf8deb-1cc3-4e86-b14a-077310f3fc6e name=User_41_31
2025/11/08 14:46:50 INFO session updated token=acaf8deb-1cc3-4e86-b14a-077310f3fc6e tableID=0xc00021db20 seatIndex=0xc000187dd0
2025/11/08 14:46:50 INFO session removed token=acaf8deb-1cc3-4e86-b14a-077310f3fc6e
2025/11/08 14:46:50 INFO session created token=529e257e-1639-4c68-a42c-2eeb5f41a561 name=User_41_32
2025/11/08 14:46:50 INFO session updated token=529e257e-1639-4c68-a42c-2eeb5f41a561 tableID=0xc00021db70 seatIndex=0xc000187e20
2025/11/08 14:46:50 INFO session removed token=529e257e-1639-4c68-a42c-2eeb5f41a561
2025/11/08 14:46:50 INFO session created token=593d7fda-fab7-4097-91b6-289d1c04f847 name=User_41_33
2025/11/08 14:46:50 INFO session updated token=593d7fda-fab7-4097-91b6-289d1c04f847 tableID=0xc00021dbc0 seatIndex=0xc000187fd0
2025/11/08 14:46:50 INFO session removed token=593d7fda-fab7-4097-91b6-289d1c04f847
2025/11/08 14:46:50 INFO session created token=9596dd8e-bb79-421c-88bb-aefa063ff277 name=User_41_34
2025/11/08 14:46:50 INFO session updated token=9596dd8e-bb79-421c-88bb-aefa063ff277 tableID=0xc00021dc10 seatIndex=0xc000512040
2025/11/08 14:46:50 INFO session removed token=9596dd8e-bb79-421c-88bb-aefa063ff277
2025/11/08 14:46:50 INFO session created token=9812b76a-dc7c-4103-9ddd-4501cfc18a10 name=User_98_22
2025/11/08 14:46:50 INFO session created token=2e470422-d4d9-4600-b58b-22224bd2be6e name=User_41_35
2025/11/08 14:46:50 INFO session removed token=3146e5a9-9ec5-4bdd-a286-967869a76d2d
2025/11/08 14:46:50 INFO session removed token=eacbd9f9-ccfb-4f7b-bcde-dd66a292095e
2025/11/08 14:46:50 INFO session updated token=8d7682d9-d6bf-4b16-b114-b2cbe160be19 tableID=0xc0002e3310 seatIndex=0xc0004e93c0
2025/11/08 14:46:50 INFO session removed token=0850ceb3-44b0-46cc-bf87-30e3f26626be
2025/11/08 14:46:50 INFO session updated token=0bc2f222-d874-4da6-81dc-32275159a3d7 tableID=0xc000302ff0 seatIndex=0xc000381108
2025/11/08 14:46:50 INFO session updated token=81b6ac60-89b7-4577-89f9-66c6c23b868a tableID=0xc000303000 seatIndex=0xc000381118
2025/11/08 14:46:50 INFO session updated token=2664ef4d-dbf8-489f-af90-fa95375f65b0 tableID=0xc000303020 seatIndex=0xc000381128
2025/11/08 14:46:50 INFO session updated token=f06a008b-2031-4f03-a698-04e2cd2af6c8 tableID=0xc00021d7f0 seatIndex=0xc000187b00
2025/11/08 14:46:50 INFO session updated token=dd39ab9d-654b-4c71-a985-9b75597958b9 tableID=0xc000303090 seatIndex=0xc000381158
2025/11/08 14:46:50 INFO session created token=08712b4f-b048-466c-a99c-3c12f5873876 name=User_60_42
2025/11/08 14:46:50 INFO session removed token=dd39ab9d-654b-4c71-a985-9b75597958b9
2025/11/08 14:46:50 INFO session created token=9b8220a0-54c4-4eb8-b732-f11ed75331cf name=User_80_19
2025/11/08 14:46:50 INFO session created token=0c2ed9ae-013b-43c2-917c-22ca07ff930d name=User_73_15
2025/11/08 14:46:50 INFO session created token=85831fae-6261-4a45-beb0-f605a54c687b name=User_58_26
2025/11/08 14:46:50 INFO session created token=386e3253-483c-4d59-97e8-5f7db20dfc16 name=User_90_32
2025/11/08 14:46:50 INFO session created token=9e9d10b8-6a2a-48ef-acaa-4b470b92a569 name=User_99_28
2025/11/08 14:46:50 INFO session created token=57b45c9b-01b8-4f92-84cd-25e9f50e8178 name=User_84_30
2025/11/08 14:46:50 INFO session removed token=8d7682d9-d6bf-4b16-b114-b2cbe160be19
2025/11/08 14:46:50 INFO session created token=c64a9731-5611-4ebf-b687-2c07c5c3d89a name=User_46_41
2025/11/08 14:46:50 INFO session created token=21781228-6684-4c64-a9b2-672e1e3fbef6 name=User_45_18
2025/11/08 14:46:50 INFO session created token=8e8df5da-0e36-4c17-ba36-1aaa379a1d43 name=User_23_86
2025/11/08 14:46:50 INFO session created token=74634201-a8e3-4f6d-b40e-0253cacbe22e name=User_97_42
2025/11/08 14:46:50 INFO session updated token=386e3253-483c-4d59-97e8-5f7db20dfc16 tableID=0xc00016e7f0 seatIndex=0xc000012960
2025/11/08 14:46:50 INFO session removed token=386e3253-483c-4d59-97e8-5f7db20dfc16
2025/11/08 14:46:50 INFO session updated token=02ec7d64-961a-47dd-8535-7e2f480ba746 tableID=0xc0002e3380 seatIndex=0xc0004e9440
2025/11/08 14:46:50 INFO session created token=fd3219f2-23e0-4bb0-8ad2-8de4ab4eb782 name=User_27_19
2025/11/08 14:46:50 INFO session updated token=fd3219f2-23e0-4bb0-8ad2-8de4ab4eb782 tableID=0xc0003fa7f0 seatIndex=0xc0006047b0
2025/11/08 14:46:50 INFO session removed token=fd3219f2-23e0-4bb0-8ad2-8de4ab4eb782
2025/11/08 14:46:50 INFO session created token=fab786d7-d690-44c7-8890-7cafedcb5a43 name=User_27_20
2025/11/08 14:46:50 INFO session updated token=fab786d7-d690-44c7-8890-7cafedcb5a43 tableID=0xc0003fa840 seatIndex=0xc000604800
2025/11/08 14:46:50 INFO session removed token=fab786d7-d690-44c7-8890-7cafedcb5a43
2025/11/08 14:46:50 INFO session created token=5942882d-0de7-4105-8e2a-97d517756383 name=User_27_21
2025/11/08 14:46:50 INFO session updated token=5942882d-0de7-4105-8e2a-97d517756383 tableID=0xc0003fa890 seatIndex=0xc000604850
2025/11/08 14:46:50 INFO session removed token=5942882d-0de7-4105-8e2a-97d517756383
2025/11/08 14:46:50 INFO session created token=5adb9448-e177-4c76-93aa-769289ec2c97 name=User_27_22
2025/11/08 14:46:50 INFO session updated token=5adb9448-e177-4c76-93aa-769289ec2c97 tableID=0xc0003fa8e0 seatIndex=0xc0006048a0
2025/11/08 14:46:50 INFO session removed token=5adb9448-e177-4c76-93aa-769289ec2c97
2025/11/08 14:46:50 INFO session removed token=02ec7d64-961a-47dd-8535-7e2f480ba746
2025/11/08 14:46:50 INFO session created token=d1ab4af1-14b1-4c70-b943-171a7620a651 name=User_14_20
2025/11/08 14:46:50 INFO session updated token=d1ab4af1-14b1-4c70-b943-171a7620a651 tableID=0xc00021ddc0 seatIndex=0xc0005121f0
2025/11/08 14:46:50 INFO session removed token=d1ab4af1-14b1-4c70-b943-171a7620a651
2025/11/08 14:46:50 INFO session created token=2d7799c3-16c7-4d57-8f7d-66e48c02dee0 name=User_14_21
2025/11/08 14:46:50 INFO session updated token=2d7799c3-16c7-4d57-8f7d-66e48c02dee0 tableID=0xc00021de10 seatIndex=0xc000512240
2025/11/08 14:46:50 INFO session removed token=2d7799c3-16c7-4d57-8f7d-66e48c02dee0
2025/11/08 14:46:50 INFO session created token=b17e5de4-2fa1-40c7-86b7-bd9c5f20aeb7 name=User_14_22
2025/11/08 14:46:50 INFO session updated token=b17e5de4-2fa1-40c7-86b7-bd9c5f20aeb7 tableID=0xc00021de60 seatIndex=0xc000512290
2025/11/08 14:46:50 INFO session removed token=b17e5de4-2fa1-40c7-86b7-bd9c5f20aeb7
2025/11/08 14:46:50 INFO session created token=ce586809-0f89-40ed-8451-36514dbd554f name=User_14_23
2025/11/08 14:46:50 INFO session updated token=ce586809-0f89-40ed-8451-36514dbd554f tableID=0xc00021deb0 seatIndex=0xc0005122e0
2025/11/08 14:46:50 INFO session removed token=ce586809-0f89-40ed-8451-36514dbd554f
2025/11/08 14:46:50 INFO session created token=8c361bda-014e-4bb1-847b-105ef6d1b381 name=User_14_24
2025/11/08 14:46:50 INFO session updated token=8c361bda-014e-4bb1-847b-105ef6d1b381 tableID=0xc00021df00 seatIndex=0xc000512330
2025/11/08 14:46:50 INFO session removed token=8c361bda-014e-4bb1-847b-105ef6d1b381
2025/11/08 14:46:50 INFO session created token=85706ba0-51ae-4867-ab0e-cce8fa41b898 name=User_14_25
2025/11/08 14:46:50 INFO session updated token=85706ba0-51ae-4867-ab0e-cce8fa41b898 tableID=0xc00021df50 seatIndex=0xc000512380
2025/11/08 14:46:50 INFO session removed token=85706ba0-51ae-4867-ab0e-cce8fa41b898
2025/11/08 14:46:50 INFO session created token=4edaa298-a80a-4781-80e2-cf43c2acd0b2 name=User_14_26
2025/11/08 14:46:50 INFO session updated token=4edaa298-a80a-4781-80e2-cf43c2acd0b2 tableID=0xc0002f2020 seatIndex=0xc0005123d0
2025/11/08 14:46:50 INFO session removed token=4edaa298-a80a-4781-80e2-cf43c2acd0b2
2025/11/08 14:46:50 INFO session created token=f6161d29-f5b0-4eab-9080-fb34507f60a7 name=User_14_27
2025/11/08 14:46:50 INFO session updated token=f6161d29-f5b0-4eab-9080-fb34507f60a7 tableID=0xc0002f2070 seatIndex=0xc000512420
2025/11/08 14:46:50 INFO session removed token=f6161d29-f5b0-4eab-9080-fb34507f60a7
2025/11/08 14:46:50 INFO session created token=c315f6b0-8c59-4440-8b74-c9c7f0c3555a name=User_14_28
2025/11/08 14:46:50 INFO session updated token=c315f6b0-8c59-4440-8b74-c9c7f0c3555a tableID=0xc0002f20c0 seatIndex=0xc000512470
2025/11/08 14:46:50 INFO session removed token=c315f6b0-8c59-4440-8b74-c9c7f0c3555a
2025/11/08 14:46:50 INFO session created token=90d6082e-8eed-437d-8885-65dea436ca79 name=User_14_29
2025/11/08 14:46:50 INFO session updated token=90d6082e-8eed-437d-8885-65dea436ca79 tableID=0xc0002f2110 seatIndex=0xc0005124c0
2025/11/08 14:46:50 INFO session removed token=90d6082e-8eed-437d-8885-65dea436ca79
2025/11/08 14:46:50 INFO session created token=5491c935-4f0b-41df-a2a6-648767da9f0b name=User_14_30
2025/11/08 14:46:50 INFO session created token=dcd4cac9-47b2-42e4-bf24-21fd21f3f166 name=User_27_23
2025/11/08 14:46:50 INFO session updated token=5491c935-4f0b-41df-a2a6-648767da9f0b tableID=0xc0002f2160 seatIndex=0xc000512510
2025/11/08 14:46:50 INFO session removed token=5491c935-4f0b-41df-a2a6-648767da9f0b
2025/11/08 14:46:50 INFO session removed token=71282302-a2c2-4e49-a314-ea4b90ff0032
2025/11/08 14:46:50 INFO session created token=92eb83e0-4b21-43bc-a546-2067b8146c7b name=User_14_31
2025/11/08 14:46:50 INFO session created token=d89d4a2b-00d6-435f-b517-9ac802a9fbd1 name=User_67_31
2025/11/08 14:46:50 INFO session updated token=92eb83e0-4b21-43bc-a546-2067b8146c7b tableID=0xc0002f21c0 seatIndex=0xc000512570
2025/11/08 14:46:50 INFO session removed token=92eb83e0-4b21-43bc-a546-2067b8146c7b
2025/11/08 14:46:50 INFO session removed token=b6b2502e-ddf6-49b2-804d-46f4a0547de2
2025/11/08 14:46:50 INFO session updated token=b395fc10-c61b-4636-b811-012d03ac45a5 tableID=0xc0003030c0 seatIndex=0xc000381168
2025/11/08 14:46:50 INFO session updated token=4a9cf92e-f1a2-437c-bb28-2dc8168b4b5a tableID=0xc00016e360 seatIndex=0xc000012480
2025/11/08 14:46:50 INFO session removed token=f34ec46d-d27c-4d6a-a839-7fba8c1008b8
2025/11/08 14:46:50 INFO session removed token=e1ef01c5-88be-44b5-954d-520d59a65c3b
2025/11/08 14:46:50 INFO session updated token=f49c90af-6689-4799-9cb4-1d3382cb6cde tableID=0xc0003030e0 seatIndex=0xc000381198
2025/11/08 14:46:50 INFO session updated token=d3de845b-b60a-49f3-b9cd-eff34ae142ff tableID=0xc0003030f0 seatIndex=0xc0003811a8
2025/11/08 14:46:50 INFO session updated token=370905ac-91fd-40eb-a96e-16f4419e8ed5 tableID=0xc00016e370 seatIndex=0xc000012490
2025/11/08 14:46:50 INFO session removed token=20ffa975-1580-46a2-a937-92ec2c7bb21f
2025/11/08 14:46:50 INFO session updated token=dfc97068-06e9-4013-a90a-cdc0c74b1936 tableID=0xc00016e670 seatIndex=0xc000012740
2025/11/08 14:46:50 INFO session updated token=7cd12ffa-d708-4466-af83-521a74854c30 tableID=0xc00016e690 seatIndex=0xc0000127d0
2025/11/08 14:46:50 INFO session created token=b3761eb7-7fe0-4d6f-b1ec-a83ddabf99bd name=User_19_23
2025/11/08 14:46:50 INFO session updated token=0a870823-3967-4c82-b013-5050698d48de tableID=0xc00016e6a0 seatIndex=0xc0000127e0
2025/11/08 14:46:50 INFO session created token=c0867ce2-d9c2-4009-b97d-9d562a6a3efc name=User_22_26
2025/11/08 14:46:50 INFO session created token=14116802-51c5-4efc-ab62-c127345b98c4 name=User_62_21
2025/11/08 14:46:50 INFO session created token=2213482c-c363-4243-80b5-216e14234eb3 name=User_75_28
2025/11/08 14:46:50 INFO session created token=25a65dbf-ae01-4049-8349-8ab4e5785965 name=User_9_19
2025/11/08 14:46:50 INFO session created token=e8381cb4-2f50-4a9b-a154-9e947ca971bf name=User_20_23
2025/11/08 14:46:50 INFO session created token=5fdafb3b-f37d-4f45-b032-f62bafb2c372 name=User_96_50
2025/11/08 14:46:50 INFO session created token=1c15a955-96ee-4dd1-bfa2-90475040592f name=User_76_20
2025/11/08 14:46:50 INFO session updated token=dc0674f8-e689-4ae7-b003-ce1c1ae903e6 tableID=0xc000173bb0 seatIndex=0xc0002e5b60
2025/11/08 14:46:50 INFO session created token=ae174a4d-4f72-4a55-a5f0-77197525c368 name=User_30_27
2025/11/08 14:46:50 INFO session removed token=ca4633cb-5cc9-4309-bb14-9b2eecdb3157
2025/11/08 14:46:50 INFO session removed token=35605cdc-b65e-436c-9472-c70b6d660fd7
2025/11/08 14:46:50 INFO session removed token=a3c98412-5797-4d8c-a07c-a78d01a6fbc9
2025/11/08 14:46:50 INFO session removed token=fe9b23cd-1b95-4031-915b-94678424acc0
2025/11/08 14:46:50 INFO session removed token=9ee4df64-be0b-4868-8d7d-18dca9d02ca0
2025/11/08 14:46:50 INFO session updated token=48687698-11cb-4517-b951-d78cee38ea0b tableID=0xc000173bc0 seatIndex=0xc0002e5b80
2025/11/08 14:46:50 INFO session updated token=e84c96d6-a284-426f-bcb1-43a0b1803175 tableID=0xc0002e31a0 seatIndex=0xc0004e92d0
2025/11/08 14:46:50 INFO session updated token=51dfd209-c89a-4527-9ec5-b7ba8419ab35 tableID=0xc000024580 seatIndex=0xc000306688
2025/11/08 14:46:50 INFO session removed token=51dfd209-c89a-4527-9ec5-b7ba8419ab35
2025/11/08 14:46:50 INFO session created token=0fdc2af7-da92-4fc8-b5aa-c9a7e63410dc name=User_48_72
2025/11/08 14:46:50 INFO session updated token=0fdc2af7-da92-4fc8-b5aa-c9a7e63410dc tableID=0xc000552910 seatIndex=0xc000554858
2025/11/08 14:46:50 INFO session removed token=0fdc2af7-da92-4fc8-b5aa-c9a7e63410dc
2025/11/08 14:46:50 INFO session created token=b923b67a-4706-4d1a-95c7-29a2fe7ecf73 name=User_48_73
2025/11/08 14:46:50 INFO session updated token=b923b67a-4706-4d1a-95c7-29a2fe7ecf73 tableID=0xc000552960 seatIndex=0xc0005548c8
2025/11/08 14:46:50 INFO session removed token=b923b67a-4706-4d1a-95c7-29a2fe7ecf73
2025/11/08 14:46:50 INFO session created token=056917b5-9279-4e83-aff1-7b0c7add6461 name=User_57_89
2025/11/08 14:46:50 INFO session created token=667b5533-3d7c-4238-83f2-3c8908b9dd55 name=User_48_74
2025/11/08 14:46:50 INFO session updated token=78aab00a-7dfe-4caf-9403-be465464283d tableID=0xc0002e31d0 seatIndex=0xc0004e92e0
2025/11/08 14:46:50 INFO session removed token=78aab00a-7dfe-4caf-9403-be465464283d
2025/11/08 14:46:50 INFO session created token=ae235248-f576-495b-9516-34cd9c16db0a name=User_37_36
2025/11/08 14:46:50 INFO session removed token=48687698-11cb-4517-b951-d78cee38ea0b
2025/11/08 14:46:50 INFO session created token=8bd8bb06-c792-4b13-9c2a-cde468e0e222 name=User_59_26
2025/11/08 14:46:50 INFO session updated token=8bd8bb06-c792-4b13-9c2a-cde468e0e222 tableID=0xc0002f2240 seatIndex=0xc0005125d0
2025/11/08 14:46:50 INFO session removed token=8bd8bb06-c792-4b13-9c2a-cde468e0e222
2025/11/08 14:46:50 INFO session created token=2174bd3f-0ddc-4e3f-8095-a2830c7643b8 name=User_59_27
2025/11/08 14:46:50 INFO session updated token=2174bd3f-0ddc-4e3f-8095-a2830c7643b8 tableID=0xc0002f2290 seatIndex=0xc000512620
2025/11/08 14:46:50 INFO session removed token=2174bd3f-0ddc-4e3f-8095-a2830c7643b8
2025/11/08 14:46:50 INFO session created token=92fdced3-cd2b-4690-bb2b-66c5852e4c43 name=User_59_28
2025/11/08 14:46:50 INFO session updated token=92fdced3-cd2b-4690-bb2b-66c5852e4c43 tableID=0xc0002f22e0 seatIndex=0xc000512670
2025/11/08 14:46:50 INFO session removed token=92fdced3-cd2b-4690-bb2b-66c5852e4c43
2025/11/08 14:46:50 INFO session created token=c14a2cf4-ed39-4670-9310-d4bc80a7d9db name=User_59_29
2025/11/08 14:46:50 INFO session updated token=c14a2cf4-ed39-4670-9310-d4bc80a7d9db tableID=0xc0002f2330 seatIndex=0xc0005126c0
2025/11/08 14:46:50 INFO session removed token=c14a2cf4-ed39-4670-9310-d4bc80a7d9db
2025/11/08 14:46:50 INFO session created token=0c2bdbec-f67f-40eb-9a38-cabd3d8312cf name=User_59_30
2025/11/08 14:46:50 INFO session updated token=0c2bdbec-f67f-40eb-9a38-cabd3d8312cf tableID=0xc0002f2380 seatIndex=0xc000512710
2025/11/08 14:46:50 INFO session removed token=0c2bdbec-f67f-40eb-9a38-cabd3d8312cf
2025/11/08 14:46:50 INFO session created token=8bc66bbb-8ac3-432c-91f3-ff3525980655 name=User_59_31
2025/11/08 14:46:50 INFO session updated token=8bc66bbb-8ac3-432c-91f3-ff3525980655 tableID=0xc0002f23d0 seatIndex=0xc000512760
2025/11/08 14:46:50 INFO session removed token=8bc66bbb-8ac3-432c-91f3-ff3525980655
2025/11/08 14:46:50 INFO session created token=8f838fa3-3bcc-4cab-ba2a-a8b227bfda32 name=User_59_32
2025/11/08 14:46:50 INFO session updated token=8f838fa3-3bcc-4cab-ba2a-a8b227bfda32 tableID=0xc0002f2420 seatIndex=0xc0005127b0
2025/11/08 14:46:50 INFO session removed token=8f838fa3-3bcc-4cab-ba2a-a8b227bfda32
2025/11/08 14:46:50 INFO session created token=8ab96512-ea9f-4043-84bc-6e13cbccee2d name=User_59_33
2025/11/08 14:46:50 INFO session updated token=8ab96512-ea9f-4043-84bc-6e13cbccee2d tableID=0xc0002f2470 seatIndex=0xc000512800
2025/11/08 14:46:50 INFO session removed token=8ab96512-ea9f-4043-84bc-6e13cbccee2d
2025/11/08 14:46:50 INFO session created token=b5c7d526-b3f5-4386-b965-2063b7c82f8d name=User_59_34
2025/11/08 14:46:50 INFO session updated token=b5c7d526-b3f5-4386-b965-2063b7c82f8d tableID=0xc0002f24c0 seatIndex=0xc000512850
2025/11/08 14:46:50 INFO session removed token=b5c7d526-b3f5-4386-b965-2063b7c82f8d
2025/11/08 14:46:50 INFO session updated token=81188c47-d7db-4cd0-93a3-e89582d19ba2 tableID=0xc0003fa100 seatIndex=0xc000604140
2025/11/08 14:46:50 INFO session removed token=81188c47-d7db-4cd0-93a3-e89582d19ba2
2025/11/08 14:46:50 INFO session created token=27763def-ebca-48ef-af21-9738717262e5 name=User_24_54
2025/11/08 14:46:50 INFO session updated token=27763def-ebca-48ef-af21-9738717262e5 tableID=0xc000552a30 seatIndex=0xc000554c18
2025/11/08 14:46:50 INFO session removed token=27763def-ebca-48ef-af21-9738717262e5
2025/11/08 14:46:50 INFO session created token=c800aac5-22e4-425f-bc2a-9a2f3ad424bb name=User_24_55
2025/11/08 14:46:50 INFO session updated token=c800aac5-22e4-425f-bc2a-9a2f3ad424bb tableID=0xc000552a80 seatIndex=0xc000554c68
2025/11/08 14:46:50 INFO session removed token=c800aac5-22e4-425f-bc2a-9a2f3ad424bb
2025/11/08 14:46:50 INFO session created token=0e9b9cdf-3912-4eb2-b6eb-4588ab84cb2e name=User_24_56
2025/11/08 14:46:50 INFO session updated token=0e9b9cdf-3912-4eb2-b6eb-4588ab84cb2e tableID=0xc000552ad0 seatIndex=0xc000554cb8
2025/11/08 14:46:50 INFO session removed token=0e9b9cdf-3912-4eb2-b6eb-4588ab84cb2e
2025/11/08 14:46:50 INFO session created token=7715e453-aac7-4f19-9928-5729e0bf8715 name=User_24_57
2025/11/08 14:46:50 INFO session updated token=7715e453-aac7-4f19-9928-5729e0bf8715 tableID=0xc000552b20 seatIndex=0xc000554d08
2025/11/08 14:46:50 INFO session removed token=7715e453-aac7-4f19-9928-5729e0bf8715
2025/11/08 14:46:50 INFO session created token=48c3513b-fdb9-4769-b5e0-5feadcd725b4 name=User_24_58
2025/11/08 14:46:50 INFO session updated token=48c3513b-fdb9-4769-b5e0-5feadcd725b4 tableID=0xc000552b70 seatIndex=0xc000554d58
2025/11/08 14:46:50 INFO session removed token=48c3513b-fdb9-4769-b5e0-5feadcd725b4
2025/11/08 14:46:50 INFO session created token=814f6cd0-e6eb-4e39-b19f-7822cc8d1f0f name=User_24_59
2025/11/08 14:46:50 INFO session updated token=814f6cd0-e6eb-4e39-b19f-7822cc8d1f0f tableID=0xc000552bc0 seatIndex=0xc000554da8
2025/11/08 14:46:50 INFO session removed token=814f6cd0-e6eb-4e39-b19f-7822cc8d1f0f
2025/11/08 14:46:50 INFO session created token=78840a2a-ef20-4f25-966d-5947b1176a05 name=User_24_60
2025/11/08 14:46:50 INFO session created token=00ede9a4-8f4d-4b8b-83b7-5592a099ab46 name=User_34_48
2025/11/08 14:46:50 INFO session updated token=78840a2a-ef20-4f25-966d-5947b1176a05 tableID=0xc000552c10 seatIndex=0xc000554df8
2025/11/08 14:46:50 INFO session removed token=78840a2a-ef20-4f25-966d-5947b1176a05
2025/11/08 14:46:50 INFO session removed token=4254e0fe-9a3e-4867-a740-751b6747c315
2025/11/08 14:46:50 INFO session created token=56963717-84e1-4be1-ac85-05520755bb71 name=User_24_61
2025/11/08 14:46:50 INFO session created token=049b1c50-82b2-4a27-8948-1ca5061e6c12 name=User_61_49
2025/11/08 14:46:50 INFO session updated token=56963717-84e1-4be1-ac85-05520755bb71 tableID=0xc000552c70 seatIndex=0xc000554e58
2025/11/08 14:46:50 INFO session removed token=56963717-84e1-4be1-ac85-05520755bb71
2025/11/08 14:46:50 INFO session created token=27a868eb-afe4-499c-8659-2d55a6df6209 name=User_24_62
2025/11/08 14:46:50 INFO session updated token=27a868eb-afe4-499c-8659-2d55a6df6209 tableID=0xc000552cd0 seatIndex=0xc000554eb8
2025/11/08 14:46:50 INFO session removed token=27a868eb-afe4-499c-8659-2d55a6df6209
2025/11/08 14:46:50 INFO session created token=0356ec19-583b-4e59-a6f7-9129276caa0d name=User_24_63
2025/11/08 14:46:50 INFO session updated token=0356ec19-583b-4e59-a6f7-9129276caa0d tableID=0xc000552d20 seatIndex=0xc000554f08
2025/11/08 14:46:50 INFO session removed token=0356ec19-583b-4e59-a6f7-9129276caa0d
2025/11/08 14:46:50 INFO session created token=426c0f55-4748-43af-9aaf-d3f48cfb3b08 name=User_24_64
2025/11/08 14:46:50 INFO session updated token=426c0f55-4748-43af-9aaf-d3f48cfb3b08 tableID=0xc000552d70 seatIndex=0xc000554f58
2025/11/08 14:46:50 INFO session removed token=426c0f55-4748-43af-9aaf-d3f48cfb3b08
2025/11/08 14:46:50 INFO session created token=19da0026-da5b-4a2c-ba73-785bf23cbaa1 name=User_24_65
2025/11/08 14:46:50 INFO session updated token=19da0026-da5b-4a2c-ba73-785bf23cbaa1 tableID=0xc000553000 seatIndex=0xc000554fa8
2025/11/08 14:46:50 INFO session removed token=19da0026-da5b-4a2c-ba73-785bf23cbaa1
2025/11/08 14:46:50 INFO session removed token=8ef348a6-5a2e-49c3-a095-ec4afb08cf09
2025/11/08 14:46:50 INFO session created token=05eb5754-17ee-47ba-abfb-729aa0698a8d name=User_94_61
2025/11/08 14:46:50 INFO session updated token=05eb5754-17ee-47ba-abfb-729aa0698a8d tableID=0xc0002f2540 seatIndex=0xc0005128c0
2025/11/08 14:46:50 INFO session removed token=05eb5754-17ee-47ba-abfb-729aa0698a8d
2025/11/08 14:46:50 INFO session created token=a90e0a44-4db3-433c-becc-612bb4f9746b name=User_94_62
2025/11/08 14:46:50 INFO session updated token=a90e0a44-4db3-433c-becc-612bb4f9746b tableID=0xc0002f2590 seatIndex=0xc000512910
2025/11/08 14:46:50 INFO session removed token=a90e0a44-4db3-433c-becc-612bb4f9746b
2025/11/08 14:46:50 INFO session created token=880d6795-20ae-43f3-9cee-3aca7771f824 name=User_94_63
2025/11/08 14:46:50 INFO session updated token=880d6795-20ae-43f3-9cee-3aca7771f824 tableID=0xc0002f25e0 seatIndex=0xc000512960
2025/11/08 14:46:50 INFO session removed token=880d6795-20ae-43f3-9cee-3aca7771f824
2025/11/08 14:46:50 INFO session created token=71c246b0-240d-474f-bdc4-dfbab0f5fccd name=User_94_64
2025/11/08 14:46:50 INFO session updated token=71c246b0-240d-474f-bdc4-dfbab0f5fccd tableID=0xc0002f2630 seatIndex=0xc0005129b0
2025/11/08 14:46:50 INFO session removed token=71c246b0-240d-474f-bdc4-dfbab0f5fccd
2025/11/08 14:46:50 INFO session updated token=049b1c50-82b2-4a27-8948-1ca5061e6c12 tableID=0xc000552c90 seatIndex=0xc000554e88
2025/11/08 14:46:50 INFO session removed token=049b1c50-82b2-4a27-8948-1ca5061e6c12
2025/11/08 14:46:50 INFO session created token=6b8c187c-0f32-41a7-87ab-26f6085e0cd9 name=User_61_50
2025/11/08 14:46:50 INFO session updated token=6b8c187c-0f32-41a7-87ab-26f6085e0cd9 tableID=0xc0002e3540 seatIndex=0xc0004e95d0
2025/11/08 14:46:50 INFO session removed token=6b8c187c-0f32-41a7-87ab-26f6085e0cd9
2025/11/08 14:46:50 INFO session created token=9841177f-1053-46cd-a309-8a6e51560c33 name=User_61_51
2025/11/08 14:46:50 INFO session updated token=9841177f-1053-46cd-a309-8a6e51560c33 tableID=0xc0002e3590 seatIndex=0xc0004e9620
2025/11/08 14:46:50 INFO session removed token=9841177f-1053-46cd-a309-8a6e51560c33
2025/11/08 14:46:50 INFO session created token=cf8bf8a9-528b-41cb-b84c-98be563fdecd name=User_61_52
2025/11/08 14:46:50 INFO session updated token=cf8bf8a9-528b-41cb-b84c-98be563fdecd tableID=0xc0002e35e0 seatIndex=0xc0004e9670
2025/11/08 14:46:50 INFO session removed token=cf8bf8a9-528b-41cb-b84c-98be563fdecd
2025/11/08 14:46:50 INFO session created token=a62b64e0-bee4-41ca-a2f6-f75608033704 name=User_61_53
2025/11/08 14:46:50 INFO session updated token=a62b64e0-bee4-41ca-a2f6-f75608033704 tableID=0xc0002e3630 seatIndex=0xc0004e96c0
2025/11/08 14:46:50 INFO session removed token=a62b64e0-bee4-41ca-a2f6-f75608033704
2025/11/08 14:46:50 INFO session created token=940132cf-de27-4c7e-80f1-4cd5fad8ca82 name=User_61_54
2025/11/08 14:46:50 INFO session updated token=940132cf-de27-4c7e-80f1-4cd5fad8ca82 tableID=0xc0002e3680 seatIndex=0xc0004e9710
2025/11/08 14:46:50 INFO session removed token=940132cf-de27-4c7e-80f1-4cd5fad8ca82
2025/11/08 14:46:50 INFO session created token=9b435c94-fcce-4879-abe0-8f95217b8bb2 name=User_61_55
2025/11/08 14:46:50 INFO session updated token=9b435c94-fcce-4879-abe0-8f95217b8bb2 tableID=0xc0002e36d0 seatIndex=0xc0004e9760
2025/11/08 14:46:50 INFO session removed token=9b435c94-fcce-4879-abe0-8f95217b8bb2
2025/11/08 14:46:50 INFO session created token=a0c522dd-e0e3-4007-9edf-23cac017233c name=User_10_13
2025/11/08 14:46:50 INFO session created token=5bafcb7b-94c8-4cac-9ef1-ee3ee28f4feb name=User_61_56
2025/11/08 14:46:50 INFO session updated token=a0c522dd-e0e3-4007-9edf-23cac017233c tableID=0xc0002f2680 seatIndex=0xc000512a00
2025/11/08 14:46:50 INFO session removed token=362d0af4-22b2-4533-b399-f9e77922ecf3
2025/11/08 14:46:50 INFO session removed token=07dc0fe8-b4e8-4b3a-81f7-f45959a505c3
2025/11/08 14:46:50 INFO session removed token=12021a2c-de7e-4756-8db3-e1fa2da0a8ed
2025/11/08 14:46:50 INFO session updated token=6306f754-7e11-445c-a1e9-7558cd8e9fca tableID=0xc0003fa210 seatIndex=0xc000604290
2025/11/08 14:46:50 INFO session removed token=7f80548b-b398-456b-aa09-042cab7e0745
2025/11/08 14:46:50 INFO session removed token=291af4d1-7793-4593-8d30-1abd859154b4
2025/11/08 14:46:50 INFO session removed token=b0737f48-1b4a-4f28-905e-22466b16583b
2025/11/08 14:46:50 INFO session updated token=abf7733d-59c8-495c-b570-ad8dd607ad10 tableID=0xc0003fa240 seatIndex=0xc0006042a0
2025/11/08 14:46:50 INFO session removed token=d3b280ea-64f4-45ba-9f6c-39e1fc5c4915
2025/11/08 14:46:50 INFO session updated token=314138c4-ce84-4b14-b090-231034673830 tableID=0xc00021d9a0 seatIndex=0xc000187cb0
2025/11/08 14:46:50 INFO session updated token=024ad50c-4eb7-4fd1-ac9b-aee95fc64d0b tableID=0xc00021d9b0 seatIndex=0xc000187cc0
2025/11/08 14:46:50 INFO session updated token=33030934-71da-4745-b3a1-b924e330d190 tableID=0xc0003fa280 seatIndex=0xc000604300
2025/11/08 14:46:50 INFO session created token=040112f9-754b-4ffc-a6e3-ebb6e8d891c5 name=User_86_17
2025/11/08 14:46:50 INFO session updated token=276e448a-4730-46b6-a7f4-42504f69abb7 tableID=0xc000302f50 seatIndex=0xc000381038
2025/11/08 14:46:50 INFO session created token=067da1c8-4727-4d63-b765-9a307a4648eb name=User_6_15
2025/11/08 14:46:50 INFO session created token=00279f52-7a75-469d-ae74-f1f4f53c8e67 name=User_40_24
2025/11/08 14:46:50 INFO session created token=54820bad-9397-4389-a75d-2ff331577814 name=User_18_25
2025/11/08 14:46:50 INFO session updated token=8605f011-3ce8-4c57-9f52-218ce8eee330 tableID=0xc0003fa320 seatIndex=0xc0006043b0
2025/11/08 14:46:50 INFO session updated token=9812b76a-dc7c-4103-9ddd-4501cfc18a10 tableID=0xc00021dc70 seatIndex=0xc0005120b0
2025/11/08 14:46:50 INFO session created token=dab378bd-adb2-43e8-802b-348adfeb65a4 name=User_70_44
2025/11/08 14:46:50 INFO session removed token=9812b76a-dc7c-4103-9ddd-4501cfc18a10
2025/11/08 14:46:50 INFO session updated token=2e470422-d4d9-4600-b58b-22224bd2be6e tableID=0xc00021dc80 seatIndex=0xc0005120c0
2025/11/08 14:46:50 INFO session removed token=2e470422-d4d9-4600-b58b-22224bd2be6e
2025/11/08 14:46:50 INFO session created token=6eb03114-d183-4d47-8ec8-dc5dedce9351 name=User_41_36
2025/11/08 14:46:50 INFO session updated token=6eb03114-d183-4d47-8ec8-dc5dedce9351 tableID=0xc00016e930 seatIndex=0xc000012aa0
2025/11/08 14:46:50 INFO session removed token=6eb03114-d183-4d47-8ec8-dc5dedce9351
2025/11/08 14:46:50 INFO session created token=0ba72e74-f571-46a2-8ee8-7ba4b03742f3 name=User_41_37
2025/11/08 14:46:50 INFO session updated token=0ba72e74-f571-46a2-8ee8-7ba4b03742f3 tableID=0xc00016e980 seatIndex=0xc000012af0
2025/11/08 14:46:50 INFO session removed token=0ba72e74-f571-46a2-8ee8-7ba4b03742f3
2025/11/08 14:46:50 INFO session created token=91059e5f-06d0-4fad-bf12-0683c1048961 name=User_41_38
2025/11/08 14:46:50 INFO session updated token=91059e5f-06d0-4fad-bf12-0683c1048961 tableID=0xc00016e9d0 seatIndex=0xc000012b40
2025/11/08 14:46:50 INFO session removed token=91059e5f-06d0-4fad-bf12-0683c1048961
2025/11/08 14:46:50 INFO session created token=2f7d96d9-39a5-4ca5-8549-1db5bb1e6c1f name=User_41_39
2025/11/08 14:46:50 INFO session updated token=2f7d96d9-39a5-4ca5-8549-1db5bb1e6c1f tableID=0xc00016ea20 seatIndex=0xc000012b90
2025/11/08 14:46:50 INFO session removed token=2f7d96d9-39a5-4ca5-8549-1db5bb1e6c1f
2025/11/08 14:46:50 INFO session created token=1b2f6a0c-a30e-49db-9eeb-d7d465e256ce name=User_41_40
2025/11/08 14:46:50 INFO session updated token=1b2f6a0c-a30e-49db-9eeb-d7d465e256ce tableID=0xc00016ea70 seatIndex=0xc000012be0
2025/11/08 14:46:50 INFO session removed token=1b2f6a0c-a30e-49db-9eeb-d7d465e256ce
2025/11/08 14:46:50 INFO session created token=0e968d97-f59d-4661-9192-ca753d896f82 name=User_41_41
2025/11/08 14:46:50 INFO session updated token=0e968d97-f59d-4661-9192-ca753d896f82 tableID=0xc00016eae0 seatIndex=0xc000012c30
2025/11/08 14:46:50 INFO session removed token=0e968d97-f59d-4661-9192-ca753d896f82
2025/11/08 14:46:50 INFO session created token=5f4529c2-f272-49e8-85bf-0a042e768691 name=User_41_42
2025/11/08 14:46:50 INFO session updated token=5f4529c2-f272-49e8-85bf-0a042e768691 tableID=0xc00016eb30 seatIndex=0xc000012c80
2025/11/08 14:46:50 INFO session removed token=5f4529c2-f272-49e8-85bf-0a042e768691
2025/11/08 14:46:50 INFO session created token=93b53c48-4571-46be-bdae-9f60853c866b name=User_41_43
2025/11/08 14:46:50 INFO session updated token=93b53c48-4571-46be-bdae-9f60853c866b tableID=0xc00016eb80 seatIndex=0xc000012cd0
2025/11/08 14:46:50 INFO session removed token=93b53c48-4571-46be-bdae-9f60853c866b
2025/11/08 14:46:50 INFO session created token=f30f1d75-64ea-4368-8a9b-7aae915e1751 name=User_41_44
2025/11/08 14:46:50 INFO session updated token=f30f1d75-64ea-4368-8a9b-7aae915e1751 tableID=0xc00016ebd0 seatIndex=0xc000012d20
2025/11/08 14:46:50 INFO session removed token=f30f1d75-64ea-4368-8a9b-7aae915e1751
2025/11/08 14:46:50 INFO session created token=671cefdf-6873-4eb9-b4cd-cec47548cf65 name=User_41_45
2025/11/08 14:46:50 INFO session updated token=671cefdf-6873-4eb9-b4cd-cec47548cf65 tableID=0xc00016ec20 seatIndex=0xc000012d70
2025/11/08 14:46:50 INFO session removed token=671cefdf-6873-4eb9-b4cd-cec47548cf65
2025/11/08 14:46:50 INFO session removed token=2664ef4d-dbf8-489f-af90-fa95375f65b0
2025/11/08 14:46:50 INFO session created token=954c1589-15e4-406b-a8ef-3bd3e65e8ef9 name=User_15_30
2025/11/08 14:46:50 INFO session updated token=954c1589-15e4-406b-a8ef-3bd3e65e8ef9 tableID=0xc0002f2750 seatIndex=0xc000512ac0
2025/11/08 14:46:50 INFO session removed token=954c1589-15e4-406b-a8ef-3bd3e65e8ef9
2025/11/08 14:46:50 INFO session created token=330c4c03-306d-42a3-a51e-d006ae9cd2d7 name=User_15_31
2025/11/08 14:46:50 INFO session removed token=0bc2f222-d874-4da6-81dc-32275159a3d7
2025/11/08 14:46:50 INFO session updated token=330c4c03-306d-42a3-a51e-d006ae9cd2d7 tableID=0xc000553090 seatIndex=0xc000555048
2025/11/08 14:46:50 INFO session removed token=330c4c03-306d-42a3-a51e-d006ae9cd2d7
2025/11/08 14:46:50 INFO session created token=e7015a8e-5b7e-4e6d-ab0d-fe50ff296370 name=User_15_32
2025/11/08 14:46:50 INFO session updated token=e7015a8e-5b7e-4e6d-ab0d-fe50ff296370 tableID=0xc0005530e0 seatIndex=0xc000555098
2025/11/08 14:46:50 INFO session removed token=e7015a8e-5b7e-4e6d-ab0d-fe50ff296370
2025/11/08 14:46:50 INFO session created token=7a61270b-72ed-4323-8477-6350f22d22b9 name=User_15_33
2025/11/08 14:46:50 INFO session updated token=7a61270b-72ed-4323-8477-6350f22d22b9 tableID=0xc000553130 seatIndex=0xc0005550e8
2025/11/08 14:46:50 INFO session removed token=7a61270b-72ed-4323-8477-6350f22d22b9
2025/11/08 14:46:50 INFO session created token=38d436ae-a702-409d-b87a-5cacfb15d348 name=User_15_34
2025/11/08 14:46:50 INFO session updated token=38d436ae-a702-409d-b87a-5cacfb15d348 tableID=0xc000553180 seatIndex=0xc000555138
2025/11/08 14:46:50 INFO session removed token=38d436ae-a702-409d-b87a-5cacfb15d348
2025/11/08 14:46:50 INFO session created token=9a636922-2b39-432d-a1d0-6dd642a1a32b name=User_15_35
2025/11/08 14:46:50 INFO session updated token=9a636922-2b39-432d-a1d0-6dd642a1a32b tableID=0xc0005531d0 seatIndex=0xc000555188
2025/11/08 14:46:50 INFO session removed token=9a636922-2b39-432d-a1d0-6dd642a1a32b
2025/11/08 14:46:50 INFO session created token=dce976c6-2a32-447c-855d-91c9432e97a7 name=User_15_36
2025/11/08 14:46:50 INFO session updated token=dce976c6-2a32-447c-855d-91c9432e97a7 tableID=0xc000553220 seatIndex=0xc0005551d8
2025/11/08 14:46:50 INFO session removed token=dce976c6-2a32-447c-855d-91c9432e97a7
2025/11/08 14:46:50 INFO session created token=3cd16408-2b78-4dc4-8462-8aa6dd282e30 name=User_15_37
2025/11/08 14:46:50 INFO session updated token=3cd16408-2b78-4dc4-8462-8aa6dd282e30 tableID=0xc000553270 seatIndex=0xc000555228
2025/11/08 14:46:50 INFO session removed token=3cd16408-2b78-4dc4-8462-8aa6dd282e30
2025/11/08 14:46:50 INFO session created token=69024d41-0764-482c-8847-2305d73a71a3 name=User_15_38
2025/11/08 14:46:50 INFO session updated token=69024d41-0764-482c-8847-2305d73a71a3 tableID=0xc0005532c0 seatIndex=0xc000555278
2025/11/08 14:46:50 INFO session removed token=69024d41-0764-482c-8847-2305d73a71a3
2025/11/08 14:46:50 INFO session created token=d96c29b1-6adf-434c-81dc-b6fdb3cc0142 name=User_15_39
2025/11/08 14:46:50 INFO session updated token=d96c29b1-6adf-434c-81dc-b6fdb3cc0142 tableID=0xc000553310 seatIndex=0xc0005552c8
2025/11/08 14:46:50 INFO session created token=d044d7b1-c386-4cfc-9ba7-d92c6ad680bd name=User_65_98
2025/11/08 14:46:50 INFO session removed token=d96c29b1-6adf-434c-81dc-b6fdb3cc0142
2025/11/08 14:46:50 INFO session removed token=f06a008b-2031-4f03-a698-04e2cd2af6c8
2025/11/08 14:46:50 INFO session created token=eb2f35bd-3ae1-459d-aa2c-2d69f6ba3415 name=User_0_62
2025/11/08 14:46:50 INFO session updated token=eb2f35bd-3ae1-459d-aa2c-2d69f6ba3415 tableID=0xc000553380 seatIndex=0xc000555340
2025/11/08 14:46:50 INFO session removed token=eb2f35bd-3ae1-459d-aa2c-2d69f6ba3415
2025/11/08 14:46:50 INFO session created token=ebbbb128-138d-45a8-8040-928031d1d3ad name=User_0_63
2025/11/08 14:46:50 INFO session updated token=ebbbb128-138d-45a8-8040-928031d1d3ad tableID=0xc0005533d0 seatIndex=0xc000555390
2025/11/08 14:46:50 INFO session removed token=ebbbb128-138d-45a8-8040-928031d1d3ad
2025/11/08 14:46:50 INFO session created token=5e62acd6-aff2-4d53-b1a2-e42e40764c8b name=User_0_64
2025/11/08 14:46:50 INFO session updated token=5e62acd6-aff2-4d53-b1a2-e42e40764c8b tableID=0xc000553420 seatIndex=0xc0005553e0
2025/11/08 14:46:50 INFO session removed token=5e62acd6-aff2-4d53-b1a2-e42e40764c8b
2025/11/08 14:46:50 INFO session created token=710ed2c1-327d-4830-9d55-aac6311c78f1 name=User_0_65
2025/11/08 14:46:50 INFO session updated token=710ed2c1-327d-4830-9d55-aac6311c78f1 tableID=0xc000553470 seatIndex=0xc000555430
2025/11/08 14:46:50 INFO session removed token=710ed2c1-327d-4830-9d55-aac6311c78f1
2025/11/08 14:46:50 INFO session created token=d93e6197-f1b0-4704-956d-814f46f38f6b name=User_0_66
2025/11/08 14:46:50 INFO session updated token=d93e6197-f1b0-4704-956d-814f46f38f6b tableID=0xc0005534c0 seatIndex=0xc000555480
2025/11/08 14:46:50 INFO session removed token=d93e6197-f1b0-4704-956d-814f46f38f6b
2025/11/08 14:46:50 INFO session created token=80443ec0-b476-4aee-b69e-f40a82645498 name=User_0_67
2025/11/08 14:46:50 INFO session updated token=80443ec0-b476-4aee-b69e-f40a82645498 tableID=0xc000553510 seatIndex=0xc0005554d0
2025/11/08 14:46:50 INFO session removed token=80443ec0-b476-4aee-b69e-f40a82645498
2025/11/08 14:46:50 INFO session updated token=0c2ed9ae-013b-43c2-917c-22ca07ff930d tableID=0xc0003fa700 seatIndex=0xc000604730
2025/11/08 14:46:50 INFO session removed token=0c2ed9ae-013b-43c2-917c-22ca07ff930d
2025/11/08 14:46:50 INFO session created token=27261092-0500-4c39-b8be-bb10320ab52e name=User_73_16
2025/11/08 14:46:50 INFO session updated token=27261092-0500-4c39-b8be-bb10320ab52e tableID=0xc0002f27e0 seatIndex=0xc000512b70
2025/11/08 14:46:50 INFO session removed token=27261092-0500-4c39-b8be-bb10320ab52e
2025/11/08 14:46:50 INFO session created token=ed67d602-a2bf-441a-adb3-2d3f9e7056dc name=User_73_17
2025/11/08 14:46:50 INFO session updated token=ed67d602-a2bf-441a-adb3-2d3f9e7056dc tableID=0xc0002f2830 seatIndex=0xc000512bc0
2025/11/08 14:46:50 INFO session removed token=ed67d602-a2bf-441a-adb3-2d3f9e7056dc
2025/11/08 14:46:50 INFO session created token=0bc14d49-dc8d-40e5-bb74-1c77e434e6f8 name=User_73_18
2025/11/08 14:46:50 INFO session updated token=0bc14d49-dc8d-40e5-bb74-1c77e434e6f8 tableID=0xc0002f2880 seatIndex=0xc000512c10
2025/11/08 14:46:50 INFO session removed token=0bc14d49-dc8d-40e5-bb74-1c77e434e6f8
2025/11/08 14:46:50 INFO session created token=2a51e633-1b72-47e0-a510-bcdc9001596d name=User_73_19
2025/11/08 14:46:50 INFO session updated token=2a51e633-1b72-47e0-a510-bcdc9001596d tableID=0xc0002f28d0 seatIndex=0xc000512c60
2025/11/08 14:46:50 INFO session removed token=2a51e633-1b72-47e0-a510-bcdc9001596d
2025/11/08 14:46:50 INFO session created token=eb236a6f-2d4c-4ed4-a83b-8c6f5adf215e name=User_73_20
2025/11/08 14:46:50 INFO session updated token=eb236a6f-2d4c-4ed4-a83b-8c6f5adf215e tableID=0xc0002f2920 seatIndex=0xc000512cb0
2025/11/08 14:46:50 INFO session removed token=eb236a6f-2d4c-4ed4-a83b-8c6f5adf215e
2025/11/08 14:46:50 INFO session updated token=85831fae-6261-4a45-beb0-f605a54c687b tableID=0xc00021dd60 seatIndex=0xc000512190
2025/11/08 14:46:50 INFO session removed token=85831fae-6261-4a45-beb0-f605a54c687b
2025/11/08 14:46:50 INFO session created token=3df5976c-48d5-4eb2-8d10-65884336c562 name=User_58_27
2025/11/08 14:46:50 INFO session updated token=3df5976c-48d5-4eb2-8d10-65884336c562 tableID=0xc000553580 seatIndex=0xc000555560
2025/11/08 14:46:50 INFO session removed token=3df5976c-48d5-4eb2-8d10-65884336c562
2025/11/08 14:46:50 INFO session created token=a6d50e2e-4d25-4443-b137-9bc82c46fcc3 name=User_58_28
2025/11/08 14:46:50 INFO session updated token=a6d50e2e-4d25-4443-b137-9bc82c46fcc3 tableID=0xc0005535d0 seatIndex=0xc0005555b0
2025/11/08 14:46:50 INFO session removed token=a6d50e2e-4d25-4443-b137-9bc82c46fcc3
2025/11/08 14:46:50 INFO session created token=6d35fb4e-ef19-4831-b349-d94568478822 name=User_58_29
2025/11/08 14:46:50 INFO session updated token=6d35fb4e-ef19-4831-b349-d94568478822 tableID=0xc000553620 seatIndex=0xc000555600
2025/11/08 14:46:50 INFO session removed token=6d35fb4e-ef19-4831-b349-d94568478822
2025/11/08 14:46:50 INFO session created token=c8e34306-ede7-4172-b20a-d3de688f3566 name=User_58_30
2025/11/08 14:46:50 INFO session created token=5a92b15d-8cda-4b39-b4f3-0acadc36f2d0 name=User_21_33
2025/11/08 14:46:50 INFO session updated token=c8e34306-ede7-4172-b20a-d3de688f3566 tableID=0xc000553670 seatIndex=0xc000555650
2025/11/08 14:46:50 INFO session removed token=c8e34306-ede7-4172-b20a-d3de688f3566
2025/11/08 14:46:50 INFO session updated token=9e9d10b8-6a2a-48ef-acaa-4b470b92a569 tableID=0xc00016e7e0 seatIndex=0xc000012950
2025/11/08 14:46:50 INFO session updated token=9b8220a0-54c4-4eb8-b732-f11ed75331cf tableID=0xc00021dd80 seatIndex=0xc0005121c0
2025/11/08 14:46:50 INFO session created token=43363d1d-0b6c-4d02-a70f-88a4c773c1a8 name=User_12_16
2025/11/08 14:46:50 INFO session updated token=21781228-6684-4c64-a9b2-672e1e3fbef6 tableID=0xc0003fa750 seatIndex=0xc000604740
2025/11/08 14:46:50 INFO session updated token=c64a9731-5611-4ebf-b687-2c07c5c3d89a tableID=0xc0003032f0 seatIndex=0xc0003813c0
2025/11/08 14:46:50 INFO session updated token=74634201-a8e3-4f6d-b40e-0253cacbe22e tableID=0xc0003fa780 seatIndex=0xc000604750
2025/11/08 14:46:50 INFO session updated token=8e8df5da-0e36-4c17-ba36-1aaa379a1d43 tableID=0xc0000249d0 seatIndex=0xc000306ac8
2025/11/08 14:46:50 INFO session updated token=57b45c9b-01b8-4f92-84cd-25e9f50e8178 tableID=0xc0003fa7a0 seatIndex=0xc000604780
2025/11/08 14:46:50 INFO session updated token=08712b4f-b048-466c-a99c-3c12f5873876 tableID=0xc0002e3460 seatIndex=0xc0004e9500
2025/11/08 14:46:50 INFO session removed token=c0da7895-8f1f-4a32-b45f-7bf7c22d5b58
2025/11/08 14:46:50 INFO session updated token=dcd4cac9-47b2-42e4-bf24-21fd21f3f166 tableID=0xc0002f2180 seatIndex=0xc000512540
2025/11/08 14:46:50 INFO session created token=df73bb5f-e73d-4da2-9fb7-5e9dffd187d2 name=User_90_33
2025/11/08 14:46:50 INFO session updated token=d89d4a2b-00d6-435f-b517-9ac802a9fbd1 tableID=0xc0003fa940 seatIndex=0xc000604910
2025/11/08 14:46:50 INFO session removed token=370905ac-91fd-40eb-a96e-16f4419e8ed5
2025/11/08 14:46:50 INFO session removed token=b395fc10-c61b-4636-b811-012d03ac45a5
2025/11/08 14:46:50 INFO session created token=91e0d3ad-57f9-4a08-9aba-0ec21fbc4dd9 name=User_14_32
2025/11/08 14:46:50 INFO session created token=dfc98019-9b28-44f1-984f-b1e4b6de1755 name=User_72_18
2025/11/08 14:46:50 INFO session removed token=4a9cf92e-f1a2-437c-bb28-2dc8168b4b5a
2025/11/08 14:46:50 INFO session removed token=d3de845b-b60a-49f3-b9cd-eff34ae142ff
2025/11/08 14:46:50 INFO session removed token=f49c90af-6689-4799-9cb4-1d3382cb6cde
2025/11/08 14:46:50 INFO session removed token=dfc97068-06e9-4013-a90a-cdc0c74b1936
2025/11/08 14:46:50 INFO session created token=903894aa-1b9e-4611-bbb3-aa7ae579929b name=User_52_19
2025/11/08 14:46:50 INFO session updated token=c0867ce2-d9c2-4009-b97d-9d562a6a3efc tableID=0xc0005527c0 seatIndex=0xc000554728
2025/11/08 14:46:50 INFO session created token=09d9bf37-d035-427a-a030-738769dbfe2a name=User_1_35
2025/11/08 14:46:50 INFO session created token=23003515-1b62-4366-a893-9756172f2c86 name=User_42_49
2025/11/08 14:46:50 INFO session removed token=7cd12ffa-d708-4466-af83-521a74854c30
2025/11/08 14:46:50 INFO session removed token=0a870823-3967-4c82-b013-5050698d48de
2025/11/08 14:46:50 INFO session updated token=ae174a4d-4f72-4a55-a5f0-77197525c368 tableID=0xc0005527e0 seatIndex=0xc000554758
2025/11/08 14:46:50 INFO session updated token=14116802-51c5-4efc-ab62-c127345b98c4 tableID=0xc0005527f0 seatIndex=0xc000554768
2025/11/08 14:46:50 INFO session updated token=b3761eb7-7fe0-4d6f-b1ec-a83ddabf99bd tableID=0xc000552800 seatIndex=0xc000554778
2025/11/08 14:46:50 INFO session updated token=2213482c-c363-4243-80b5-216e14234eb3 tableID=0xc000552810 seatIndex=0xc000554788
2025/11/08 14:46:50 INFO session updated token=25a65dbf-ae01-4049-8349-8ab4e5785965 tableID=0xc000552820 seatIndex=0xc000554798
2025/11/08 14:46:50 INFO session updated token=e8381cb4-2f50-4a9b-a154-9e947ca971bf tableID=0xc000552830 seatIndex=0xc0005547a8
2025/11/08 14:46:50 INFO session updated token=5fdafb3b-f37d-4f45-b032-f62bafb2c372 tableID=0xc000552840 seatIndex=0xc0005547b8
2025/11/08 14:46:50 INFO session updated token=1c15a955-96ee-4dd1-bfa2-90475040592f tableID=0xc000552860 seatIndex=0xc0005547c8
2025/11/08 14:46:50 INFO session removed token=dc0674f8-e689-4ae7-b003-ce1c1ae903e6
2025/11/08 14:46:50 INFO session created token=c8e4dc54-e82c-4548-8e4c-85e0b51b8b11 name=User_36_32
2025/11/08 14:46:50 INFO session updated token=667b5533-3d7c-4238-83f2-3c8908b9dd55 tableID=0xc0005529c0 seatIndex=0xc000554b98
2025/11/08 14:46:50 INFO session created token=5c510969-a144-4e17-b270-8e1e1d7dbd5b name=User_33_31
2025/11/08 14:46:50 INFO session removed token=e84c96d6-a284-426f-bcb1-43a0b1803175
2025/11/08 14:46:50 INFO session updated token=056917b5-9279-4e83-aff1-7b0c7add6461 tableID=0xc0005529d0 seatIndex=0xc000554ba8
2025/11/08 14:46:50 INFO session updated token=ae235248-f576-495b-9516-34cd9c16db0a tableID=0xc0002f2210 seatIndex=0xc0005125c0
2025/11/08 14:46:50 INFO session created token=22c44962-c1c5-4ebf-b7c2-d947c3fe1fd7 name=User_28_34
2025/11/08 14:46:50 INFO session updated token=00ede9a4-8f4d-4b8b-83b7-5592a099ab46 tableID=0xc000552c30 seatIndex=0xc000554e28
2025/11/08 14:46:50 INFO session created token=cc6a3714-2d2d-415d-867f-72a570bb3567 name=User_47_17
2025/11/08 14:46:50 INFO session created token=94342ce3-1129-4309-8595-8f2a045cea8e name=User_59_35
2025/11/08 14:46:50 INFO session created token=96c94466-6a16-4c05-80f5-73854218cac6 name=User_24_66
2025/11/08 14:46:50 INFO session removed token=a0c522dd-e0e3-4007-9edf-23cac017233c
2025/11/08 14:46:50 INFO session created token=6d02a6ba-a2e9-4aca-84d9-6a9ffd2c28c6 name=User_94_65
2025/11/08 14:46:50 INFO session updated token=5bafcb7b-94c8-4cac-9ef1-ee3ee28f4feb tableID=0xc0000249e0 seatIndex=0xc000306b18
2025/11/08 14:46:50 INFO session removed token=abf7733d-59c8-495c-b570-ad8dd607ad10
2025/11/08 14:46:50 INFO session removed token=6306f754-7e11-445c-a1e9-7558cd8e9fca
2025/11/08 14:46:50 INFO session removed token=024ad50c-4eb7-4fd1-ac9b-aee95fc64d0b
2025/11/08 14:46:50 INFO session removed token=33030934-71da-4745-b3a1-b924e330d190
2025/11/08 14:46:50 INFO session removed token=276e448a-4730-46b6-a7f4-42504f69abb7
2025/11/08 14:46:50 INFO session removed token=314138c4-ce84-4b14-b090-231034673830
2025/11/08 14:46:50 INFO session updated token=067da1c8-4727-4d63-b765-9a307a4648eb tableID=0xc0002f26e0 seatIndex=0xc000512a50
2025/11/08 14:46:50 INFO session created token=7aa06ccb-2574-4471-a0ba-b092841df707 name=User_11_33
2025/11/08 14:46:50 INFO session created token=0480188e-0f2f-4b02-b7fe-c789e6e5e29b name=User_63_24
2025/11/08 14:46:50 INFO session created token=6764bcbc-1286-4273-a400-32e1e6178a9e name=User_4_54
2025/11/08 14:46:50 INFO session created token=8c5fa9fe-d37a-4a95-bda3-a2c8874dd1da name=User_51_14
2025/11/08 14:46:50 INFO session updated token=040112f9-754b-4ffc-a6e3-ebb6e8d891c5 tableID=0xc0002f2700 seatIndex=0xc000512a80
2025/11/08 14:46:50 INFO session created token=a919c651-1b25-4668-a354-6d14214889fb name=User_95_13
2025/11/08 14:46:50 INFO session created token=3d96a869-214e-450b-8935-58fead7226d5 name=User_13_14
2025/11/08 14:46:50 INFO session created token=0a9eb4ec-b3fe-48e5-9ccd-2c05dec9a5c6 name=User_8_16
2025/11/08 14:46:50 INFO session removed token=8605f011-3ce8-4c57-9f52-218ce8eee330
2025/11/08 14:46:50 INFO session updated token=00279f52-7a75-469d-ae74-f1f4f53c8e67 tableID=0xc0002f2710 seatIndex=0xc000512a90
2025/11/08 14:46:50 INFO session updated token=54820bad-9397-4389-a75d-2ff331577814 tableID=0xc000553050 seatIndex=0xc000555018
2025/11/08 14:46:50 INFO session updated token=dab378bd-adb2-43e8-802b-348adfeb65a4 tableID=0xc00016e8e0 seatIndex=0xc000012a50
2025/11/08 14:46:50 INFO session removed token=81b6ac60-89b7-4577-89f9-66c6c23b868a
2025/11/08 14:46:50 INFO session created token=97587ec2-4771-41d0-a2e0-7fa75b0ad50b name=User_15_40
2025/11/08 14:46:50 INFO session updated token=97587ec2-4771-41d0-a2e0-7fa75b0ad50b tableID=0xc0002f2ba0 seatIndex=0xc000512f90
2025/11/08 14:46:50 INFO session removed token=97587ec2-4771-41d0-a2e0-7fa75b0ad50b
2025/11/08 14:46:50 INFO session created token=d2634d9e-e7f1-41e6-83b3-c8f7eade2262 name=User_15_41
2025/11/08 14:46:50 INFO session created token=04ff0b08-1084-4ca6-b192-cbb7e1dc1a1a name=User_98_23
2025/11/08 14:46:50 INFO session updated token=d2634d9e-e7f1-41e6-83b3-c8f7eade2262 tableID=0xc0002f2bf0 seatIndex=0xc000512fe0
2025/11/08 14:46:50 INFO session removed token=d2634d9e-e7f1-41e6-83b3-c8f7eade2262
2025/11/08 14:46:50 INFO session created token=6291b9b8-1a37-45fa-b73a-c3c75779b867 name=User_41_46
2025/11/08 14:46:50 INFO session created token=11598b34-527d-4bf3-8db0-581c6e9b0a17 name=User_77_16
2025/11/08 14:46:50 INFO session removed token=dab378bd-adb2-43e8-802b-348adfeb65a4
2025/11/08 14:46:50 INFO session created token=7357fe23-22ce-41d5-812f-b810f6cc3379 name=User_15_42
2025/11/08 14:46:50 INFO session updated token=11598b34-527d-4bf3-8db0-581c6e9b0a17 tableID=0xc00016ede0 seatIndex=0xc000012e90
2025/11/08 14:46:50 INFO session removed token=11598b34-527d-4bf3-8db0-581c6e9b0a17
2025/11/08 14:46:50 INFO session created token=ec18fe42-db8f-493c-80eb-7fc1cbefcfd6 name=User_77_17
2025/11/08 14:46:50 INFO session updated token=ec18fe42-db8f-493c-80eb-7fc1cbefcfd6 tableID=0xc00016ee40 seatIndex=0xc000012ef0
2025/11/08 14:46:50 INFO session removed token=ec18fe42-db8f-493c-80eb-7fc1cbefcfd6
2025/11/08 14:46:50 INFO session created token=731bdc16-8f21-4450-a50d-e8404616a412 name=User_77_18
2025/11/08 14:46:50 INFO session updated token=731bdc16-8f21-4450-a50d-e8404616a412 tableID=0xc00016ee90 seatIndex=0xc000012f40
2025/11/08 14:46:50 INFO session removed token=731bdc16-8f21-4450-a50d-e8404616a412
2025/11/08 14:46:50 INFO session created token=af967c58-d3f6-40d1-8c18-dfde17e59cdc name=User_77_19
2025/11/08 14:46:50 INFO session updated token=af967c58-d3f6-40d1-8c18-dfde17e59cdc tableID=0xc00016eee0 seatIndex=0xc000012f90
2025/11/08 14:46:50 INFO session removed token=af967c58-d3f6-40d1-8c18-dfde17e59cdc
2025/11/08 14:46:50 INFO session created token=243e6180-36d2-42ff-8928-1a05e3758635 name=User_77_20
2025/11/08 14:46:50 INFO session removed token=54820bad-9397-4389-a75d-2ff331577814
2025/11/08 14:46:50 INFO session created token=ef850c1e-a62f-4187-9144-40977284ffcd name=User_18_26
2025/11/08 14:46:50 INFO session updated token=ef850c1e-a62f-4187-9144-40977284ffcd tableID=0xc0002f2c70 seatIndex=0xc000513070
2025/11/08 14:46:50 INFO session removed token=ef850c1e-a62f-4187-9144-40977284ffcd
2025/11/08 14:46:50 INFO session created token=5b2e5237-5568-4fdb-b57a-e7693a24bb56 name=User_18_27
2025/11/08 14:46:50 INFO session updated token=5b2e5237-5568-4fdb-b57a-e7693a24bb56 tableID=0xc0002f2cc0 seatIndex=0xc0005130c0
2025/11/08 14:46:50 INFO session removed token=5b2e5237-5568-4fdb-b57a-e7693a24bb56
2025/11/08 14:46:50 INFO session created token=b7426d33-5d9d-42f9-8da7-c4bcc3d8f10a name=User_18_28
2025/11/08 14:46:50 INFO session updated token=b7426d33-5d9d-42f9-8da7-c4bcc3d8f10a tableID=0xc0002f2d10 seatIndex=0xc000513110
2025/11/08 14:46:50 INFO session removed token=b7426d33-5d9d-42f9-8da7-c4bcc3d8f10a
2025/11/08 14:46:50 INFO session created token=c14aef0e-79ac-40d8-92f2-60a83b65e8b2 name=User_18_29
2025/11/08 14:46:50 INFO session updated token=c14aef0e-79ac-40d8-92f2-60a83b65e8b2 tableID=0xc0002f2d60 seatIndex=0xc000513160
2025/11/08 14:46:50 INFO session removed token=c14aef0e-79ac-40d8-92f2-60a83b65e8b2
2025/11/08 14:46:50 INFO session created token=d920665e-abee-4a5b-b8e7-1434aa01ec4d name=User_18_30
2025/11/08 14:46:50 INFO session updated token=d920665e-abee-4a5b-b8e7-1434aa01ec4d tableID=0xc0002f2db0 seatIndex=0xc0005131b0
2025/11/08 14:46:50 INFO session removed token=d920665e-abee-4a5b-b8e7-1434aa01ec4d
2025/11/08 14:46:50 INFO session created token=0863ebed-6471-4f38-8907-4873dfd1e16b name=User_18_31
2025/11/08 14:46:50 INFO session updated token=0863ebed-6471-4f38-8907-4873dfd1e16b tableID=0xc0002f2e00 seatIndex=0xc000513200
2025/11/08 14:46:50 INFO session removed token=0863ebed-6471-4f38-8907-4873dfd1e16b
2025/11/08 14:46:50 INFO session created token=9c151f6e-8d2b-439f-a3b9-d4f03d766f92 name=User_18_32
2025/11/08 14:46:50 INFO session created token=2e28f494-d1df-409d-8980-44345299864d name=User_0_68
2025/11/08 14:46:50 INFO session updated token=9c151f6e-8d2b-439f-a3b9-d4f03d766f92 tableID=0xc0002f2e50 seatIndex=0xc000513250
2025/11/08 14:46:50 INFO session removed token=9c151f6e-8d2b-439f-a3b9-d4f03d766f92
2025/11/08 14:46:50 INFO session created token=41729790-fb70-4c76-9c1e-a8520b57a937 name=User_18_33
2025/11/08 14:46:50 INFO session updated token=41729790-fb70-4c76-9c1e-a8520b57a937 tableID=0xc0002f2eb0 seatIndex=0xc0005132b0
2025/11/08 14:46:50 INFO session removed token=41729790-fb70-4c76-9c1e-a8520b57a937
2025/11/08 14:46:50 INFO session created token=6b8692b8-e3f8-4f0b-b87c-41f665831360 name=User_18_34
2025/11/08 14:46:50 INFO session updated token=6b8692b8-e3f8-4f0b-b87c-41f665831360 tableID=0xc0002f2f00 seatIndex=0xc000513300
2025/11/08 14:46:50 INFO session removed token=6b8692b8-e3f8-4f0b-b87c-41f665831360
2025/11/08 14:46:50 INFO session created token=6983a935-23e2-438b-a47f-2aef7781b63b name=User_18_35
2025/11/08 14:46:50 INFO session updated token=6983a935-23e2-438b-a47f-2aef7781b63b tableID=0xc0002f2f50 seatIndex=0xc000513350
2025/11/08 14:46:50 INFO session removed token=6983a935-23e2-438b-a47f-2aef7781b63b
2025/11/08 14:46:50 INFO session created token=308f2913-83e8-4a47-a12e-606618df216c name=User_18_36
2025/11/08 14:46:50 INFO session created token=cb26a09d-142b-425d-9628-150905957a37 name=User_73_21
2025/11/08 14:46:50 INFO session updated token=308f2913-83e8-4a47-a12e-606618df216c tableID=0xc0002f2fa0 seatIndex=0xc0005133a0
2025/11/08 14:46:50 INFO session removed token=308f2913-83e8-4a47-a12e-606618df216c
2025/11/08 14:46:50 INFO session created token=4bc58eda-3131-4d81-ab53-d8d8cab6d877 name=User_18_37
2025/11/08 14:46:50 INFO session updated token=4bc58eda-3131-4d81-ab53-d8d8cab6d877 tableID=0xc0002f3000 seatIndex=0xc000513400
2025/11/08 14:46:50 INFO session removed token=4bc58eda-3131-4d81-ab53-d8d8cab6d877
2025/11/08 14:46:50 INFO session created token=eacb7a88-b804-4e0c-ba7d-359136053f7e name=User_18_38
2025/11/08 14:46:50 INFO session updated token=eacb7a88-b804-4e0c-ba7d-359136053f7e tableID=0xc0002f3050 seatIndex=0xc000513450
2025/11/08 14:46:50 INFO session removed token=eacb7a88-b804-4e0c-ba7d-359136053f7e
2025/11/08 14:46:50 INFO session created token=9cc3dccb-63ac-4303-a9b4-0086e9fb3f2d name=User_18_39
2025/11/08 14:46:50 INFO session updated token=9cc3dccb-63ac-4303-a9b4-0086e9fb3f2d tableID=0xc0002f30a0 seatIndex=0xc0005134a0
2025/11/08 14:46:50 INFO session removed token=9cc3dccb-63ac-4303-a9b4-0086e9fb3f2d
2025/11/08 14:46:50 INFO session updated token=5a92b15d-8cda-4b39-b4f3-0acadc36f2d0 tableID=0xc000553690 seatIndex=0xc000555680
2025/11/08 14:46:50 INFO session removed token=5a92b15d-8cda-4b39-b4f3-0acadc36f2d0
2025/11/08 14:46:50 INFO session created token=c267d06b-64f9-4eb0-93d9-016e1599e906 name=User_21_34
2025/11/08 14:46:50 INFO session updated token=c267d06b-64f9-4eb0-93d9-016e1599e906 tableID=0xc00016ef90 seatIndex=0xc000013020
2025/11/08 14:46:50 INFO session removed token=c267d06b-64f9-4eb0-93d9-016e1599e906
2025/11/08 14:46:50 INFO session created token=94b6354a-0b09-43d0-8b3c-baac488b9d4c name=User_21_35
2025/11/08 14:46:50 INFO session updated token=94b6354a-0b09-43d0-8b3c-baac488b9d4c tableID=0xc00016efe0 seatIndex=0xc000013070
2025/11/08 14:46:50 INFO session removed token=94b6354a-0b09-43d0-8b3c-baac488b9d4c
2025/11/08 14:46:50 INFO session created token=8f4196d5-1229-455a-a027-1a34a6bc0630 name=User_21_36
2025/11/08 14:46:50 INFO session updated token=8f4196d5-1229-455a-a027-1a34a6bc0630 tableID=0xc00016f030 seatIndex=0xc0000130c0
2025/11/08 14:46:50 INFO session removed token=8f4196d5-1229-455a-a027-1a34a6bc0630
2025/11/08 14:46:50 INFO session created token=e876e48c-80e2-44ae-96cc-f8aea07cedc1 name=User_21_37
2025/11/08 14:46:50 INFO session created token=d55a074e-9370-46e9-b035-e1504509703e name=User_58_31
2025/11/08 14:46:50 INFO session updated token=e876e48c-80e2-44ae-96cc-f8aea07cedc1 tableID=0xc00016f080 seatIndex=0xc000013110
2025/11/08 14:46:50 INFO session removed token=e876e48c-80e2-44ae-96cc-f8aea07cedc1
2025/11/08 14:46:50 INFO session created token=06f563eb-958f-472d-9c94-011b9a37f7d3 name=User_21_38
2025/11/08 14:46:50 INFO session updated token=06f563eb-958f-472d-9c94-011b9a37f7d3 tableID=0xc00016f0e0 seatIndex=0xc000013170
2025/11/08 14:46:50 INFO session removed token=06f563eb-958f-472d-9c94-011b9a37f7d3
2025/11/08 14:46:50 INFO session created token=0edb73ea-5f27-4b4f-b638-eb1f8dd29c1b name=User_21_39
2025/11/08 14:46:50 INFO session updated token=0edb73ea-5f27-4b4f-b638-eb1f8dd29c1b tableID=0xc00016f130 seatIndex=0xc0000131c0
2025/11/08 14:46:50 INFO session removed token=0edb73ea-5f27-4b4f-b638-eb1f8dd29c1b
2025/11/08 14:46:50 INFO session created token=2b7385fc-9d0a-45cb-a021-84271e618e33 name=User_21_40
2025/11/08 14:46:50 INFO session updated token=2b7385fc-9d0a-45cb-a021-84271e618e33 tableID=0xc00016f180 seatIndex=0xc000013210
2025/11/08 14:46:50 INFO session removed token=2b7385fc-9d0a-45cb-a021-84271e618e33
2025/11/08 14:46:50 INFO session created token=12e67715-1f63-4b43-8b8a-7526ed1c8fcb name=User_21_41
2025/11/08 14:46:50 INFO session removed token=9e9d10b8-6a2a-48ef-acaa-4b470b92a569
2025/11/08 14:46:50 INFO session created token=70d53ce6-eeda-42bf-b5c4-8966164c5b13 name=User_99_29
2025/11/08 14:46:50 INFO session updated token=70d53ce6-eeda-42bf-b5c4-8966164c5b13 tableID=0xc0002f3110 seatIndex=0xc000513520
2025/11/08 14:46:50 INFO session removed token=70d53ce6-eeda-42bf-b5c4-8966164c5b13
2025/11/08 14:46:50 INFO session created token=113e5fb4-af2b-4a77-a40c-9e81faac6633 name=User_99_30
2025/11/08 14:46:50 INFO session updated token=113e5fb4-af2b-4a77-a40c-9e81faac6633 tableID=0xc0002f3160 seatIndex=0xc000513570
2025/11/08 14:46:50 INFO session removed token=113e5fb4-af2b-4a77-a40c-9e81faac6633
2025/11/08 14:46:50 INFO session created token=551c9c1c-1532-4bf9-aeee-5cb2cf365383 name=User_99_31
2025/11/08 14:46:50 INFO session updated token=551c9c1c-1532-4bf9-aeee-5cb2cf365383 tableID=0xc0002f31b0 seatIndex=0xc0005135c0
2025/11/08 14:46:50 INFO session removed token=551c9c1c-1532-4bf9-aeee-5cb2cf365383
2025/11/08 14:46:50 INFO session created token=970bb546-8162-4399-b974-48e2c979f760 name=User_99_32
2025/11/08 14:46:50 INFO session updated token=970bb546-8162-4399-b974-48e2c979f760 tableID=0xc0002f3200 seatIndex=0xc000513610
2025/11/08 14:46:50 INFO session removed token=970bb546-8162-4399-b974-48e2c979f760
2025/11/08 14:46:50 INFO session created token=3162dc7d-1c45-496d-802a-f49afa52769e name=User_99_33
2025/11/08 14:46:50 INFO session removed token=9b8220a0-54c4-4eb8-b732-f11ed75331cf
2025/11/08 14:46:50 INFO session created token=eb9e767d-e4e1-40a0-9af2-82371f2c5214 name=User_80_20
2025/11/08 14:46:50 INFO session updated token=3162dc7d-1c45-496d-802a-f49afa52769e tableID=0xc0002f3250 seatIndex=0xc000513660
2025/11/08 14:46:50 INFO session removed token=3162dc7d-1c45-496d-802a-f49afa52769e
2025/11/08 14:46:50 INFO session updated token=43363d1d-0b6c-4d02-a70f-88a4c773c1a8 tableID=0xc00016ec90 seatIndex=0xc000012dc0
2025/11/08 14:46:50 INFO session removed token=43363d1d-0b6c-4d02-a70f-88a4c773c1a8
2025/11/08 14:46:50 INFO session created token=b40cd597-9205-4d95-bf74-e609fab3b3aa name=User_12_17
2025/11/08 14:46:50 INFO session updated token=b40cd597-9205-4d95-bf74-e609fab3b3aa tableID=0xc0002e38f0 seatIndex=0xc0004e9970
2025/11/08 14:46:50 INFO session removed token=b40cd597-9205-4d95-bf74-e609fab3b3aa
2025/11/08 14:46:50 INFO session created token=a3389bef-e6e1-42a5-b6b4-1a8fdf024857 name=User_12_18
2025/11/08 14:46:50 INFO session updated token=a3389bef-e6e1-42a5-b6b4-1a8fdf024857 tableID=0xc0002e3990 seatIndex=0xc0004e99c0
2025/11/08 14:46:50 INFO session removed token=a3389bef-e6e1-42a5-b6b4-1a8fdf024857
2025/11/08 14:46:50 INFO session created token=decc44d6-1ce2-4939-bf99-8d690454feb6 name=User_12_19
2025/11/08 14:46:50 INFO session updated token=decc44d6-1ce2-4939-bf99-8d690454feb6 tableID=0xc0002e39f0 seatIndex=0xc0004e9a10
2025/11/08 14:46:50 INFO session removed token=decc44d6-1ce2-4939-bf99-8d690454feb6
2025/11/08 14:46:50 INFO session created token=b34399f8-07f1-477e-8ef1-c34030a83ce8 name=User_12_20
2025/11/08 14:46:50 INFO session updated token=b34399f8-07f1-477e-8ef1-c34030a83ce8 tableID=0xc0002e3a40 seatIndex=0xc0004e9a60
2025/11/08 14:46:50 INFO session removed token=b34399f8-07f1-477e-8ef1-c34030a83ce8
2025/11/08 14:46:50 INFO session created token=c518e4d0-c2b5-4843-861c-8921ece00b98 name=User_12_21
2025/11/08 14:46:50 INFO session updated token=c518e4d0-c2b5-4843-861c-8921ece00b98 tableID=0xc0002e3a90 seatIndex=0xc0004e9ab0
2025/11/08 14:46:50 INFO session removed token=c518e4d0-c2b5-4843-861c-8921ece00b98
2025/11/08 14:46:50 INFO session removed token=21781228-6684-4c64-a9b2-672e1e3fbef6
2025/11/08 14:46:50 INFO session created token=3997bbb2-1db9-442b-8ef5-2e096ff4718b name=User_45_19
2025/11/08 14:46:50 INFO session removed token=c64a9731-5611-4ebf-b687-2c07c5c3d89a
2025/11/08 14:46:50 INFO session created token=21c84d91-6016-49ba-befa-e0e90c910dca name=User_12_22
2025/11/08 14:46:50 INFO session updated token=21c84d91-6016-49ba-befa-e0e90c910dca tableID=0xc00016f200 seatIndex=0xc000013280
2025/11/08 14:46:50 INFO session removed token=21c84d91-6016-49ba-befa-e0e90c910dca
2025/11/08 14:46:50 INFO session created token=ae7b41da-1e93-4d05-b551-1a47a094f95d name=User_12_23
2025/11/08 14:46:50 INFO session updated token=ae7b41da-1e93-4d05-b551-1a47a094f95d tableID=0xc0002f32e0 seatIndex=0xc000513710
2025/11/08 14:46:50 INFO session removed token=ae7b41da-1e93-4d05-b551-1a47a094f95d
2025/11/08 14:46:50 INFO session created token=06cd50c5-96ef-4986-a329-7a94a28986e7 name=User_12_24
2025/11/08 14:46:50 INFO session updated token=06cd50c5-96ef-4986-a329-7a94a28986e7 tableID=0xc0002f3330 seatIndex=0xc000513760
2025/11/08 14:46:50 INFO session removed token=06cd50c5-96ef-4986-a329-7a94a28986e7
2025/11/08 14:46:50 INFO session created token=1d75a913-a45d-4427-b973-ff1b7874c15d name=User_12_25
2025/11/08 14:46:50 INFO session updated token=1d75a913-a45d-4427-b973-ff1b7874c15d tableID=0xc0002f3380 seatIndex=0xc0005137b0
2025/11/08 14:46:50 INFO session removed token=1d75a913-a45d-4427-b973-ff1b7874c15d
2025/11/08 14:46:50 INFO session created token=65649b80-772c-4405-907d-76b29fa6af9f name=User_12_26
2025/11/08 14:46:50 INFO session updated token=65649b80-772c-4405-907d-76b29fa6af9f tableID=0xc0002f33d0 seatIndex=0xc000513800
2025/11/08 14:46:50 INFO session removed token=65649b80-772c-4405-907d-76b29fa6af9f
2025/11/08 14:46:50 INFO session created token=de335aa3-890b-4988-863a-6bdb986195b8 name=User_12_27
2025/11/08 14:46:50 INFO session updated token=de335aa3-890b-4988-863a-6bdb986195b8 tableID=0xc0002f3420 seatIndex=0xc000513850
2025/11/08 14:46:50 INFO session removed token=de335aa3-890b-4988-863a-6bdb986195b8
2025/11/08 14:46:50 INFO session created token=5e0e2113-605e-4922-9831-f0acc66c5955 name=User_12_28
2025/11/08 14:46:50 INFO session updated token=5e0e2113-605e-4922-9831-f0acc66c5955 tableID=0xc0002f3470 seatIndex=0xc0005138a0
2025/11/08 14:46:50 INFO session removed token=5e0e2113-605e-4922-9831-f0acc66c5955
2025/11/08 14:46:50 INFO session created token=ed31cb70-dd6b-4eda-9adb-d223641d716b name=User_12_29
2025/11/08 14:46:50 INFO session updated token=ed31cb70-dd6b-4eda-9adb-d223641d716b tableID=0xc0002f34c0 seatIndex=0xc0005138f0
2025/11/08 14:46:50 INFO session removed token=ed31cb70-dd6b-4eda-9adb-d223641d716b
2025/11/08 14:46:50 INFO session created token=22b919ec-3136-4ad8-840a-43ba6055d258 name=User_12_30
2025/11/08 14:46:50 INFO session updated token=22b919ec-3136-4ad8-840a-43ba6055d258 tableID=0xc0002f3510 seatIndex=0xc000513940
2025/11/08 14:46:50 INFO session removed token=22b919ec-3136-4ad8-840a-43ba6055d258
2025/11/08 14:46:50 INFO session created token=4ace212d-2a14-4dae-b8e5-3ad8aef0cb03 name=User_12_31
2025/11/08 14:46:50 INFO session removed token=8e8df5da-0e36-4c17-ba36-1aaa379a1d43
2025/11/08 14:46:50 INFO session created token=84f9e494-a04b-44ac-84f7-481c11db63bf name=User_46_42
2025/11/08 14:46:50 INFO session updated token=84f9e494-a04b-44ac-84f7-481c11db63bf tableID=0xc0002f3560 seatIndex=0xc000513990
2025/11/08 14:46:50 INFO session removed token=84f9e494-a04b-44ac-84f7-481c11db63bf
2025/11/08 14:46:50 INFO session created token=cfd76862-c211-412a-ad89-7a7f566778a3 name=User_46_43
2025/11/08 14:46:50 INFO session updated token=cfd76862-c211-412a-ad89-7a7f566778a3 tableID=0xc0002f35c0 seatIndex=0xc0005139f0
2025/11/08 14:46:50 INFO session removed token=cfd76862-c211-412a-ad89-7a7f566778a3
2025/11/08 14:46:50 INFO session created token=1727d64e-6aff-44d3-9d93-5118fec588b4 name=User_46_44
2025/11/08 14:46:50 INFO session updated token=1727d64e-6aff-44d3-9d93-5118fec588b4 tableID=0xc0002f3610 seatIndex=0xc000513a40
2025/11/08 14:46:50 INFO session removed token=1727d64e-6aff-44d3-9d93-5118fec588b4
2025/11/08 14:46:50 INFO session created token=017ca955-6ed9-45d2-826d-2da70a1c3949 name=User_46_45
2025/11/08 14:46:50 INFO session updated token=017ca955-6ed9-45d2-826d-2da70a1c3949 tableID=0xc0002f3660 seatIndex=0xc000513a90
2025/11/08 14:46:50 INFO session removed token=017ca955-6ed9-45d2-826d-2da70a1c3949
2025/11/08 14:46:50 INFO session created token=63e5d3b7-b664-46ce-860b-f40b1a04b8a0 name=User_46_46
2025/11/08 14:46:50 INFO session updated token=63e5d3b7-b664-46ce-860b-f40b1a04b8a0 tableID=0xc0002f36b0 seatIndex=0xc000513ae0
2025/11/08 14:46:50 INFO session removed token=63e5d3b7-b664-46ce-860b-f40b1a04b8a0
2025/11/08 14:46:50 INFO session created token=dcc103d5-ba53-468f-9e60-620ac58715a8 name=User_46_47
2025/11/08 14:46:50 INFO session updated token=dcc103d5-ba53-468f-9e60-620ac58715a8 tableID=0xc0002f3700 seatIndex=0xc000513b30
2025/11/08 14:46:50 INFO session removed token=dcc103d5-ba53-468f-9e60-620ac58715a8
2025/11/08 14:46:50 INFO session created token=4fd6fe6c-9104-414c-8243-8e883b871383 name=User_46_48
2025/11/08 14:46:50 INFO session updated token=4fd6fe6c-9104-414c-8243-8e883b871383 tableID=0xc0002f3750 seatIndex=0xc000513b80
2025/11/08 14:46:50 INFO session removed token=4fd6fe6c-9104-414c-8243-8e883b871383
2025/11/08 14:46:50 INFO session created token=5c104741-d713-48e1-aff2-232eb8a2103d name=User_46_49
2025/11/08 14:46:50 INFO session updated token=5c104741-d713-48e1-aff2-232eb8a2103d tableID=0xc0002f37a0 seatIndex=0xc000513bd0
2025/11/08 14:46:50 INFO session removed token=5c104741-d713-48e1-aff2-232eb8a2103d
2025/11/08 14:46:50 INFO session created token=0fcf9002-d5c0-4e0c-8abf-62e1419ac2b6 name=User_46_50
2025/11/08 14:46:50 INFO session updated token=0fcf9002-d5c0-4e0c-8abf-62e1419ac2b6 tableID=0xc0002f37f0 seatIndex=0xc000513c20
2025/11/08 14:46:50 INFO session removed token=0fcf9002-d5c0-4e0c-8abf-62e1419ac2b6
2025/11/08 14:46:50 INFO session created token=61e9b00e-130e-4b4e-8c83-7385d0dea82b name=User_46_51
2025/11/08 14:46:50 INFO session created token=a8e8114d-794f-4254-9fe4-393a1af7a5c7 name=User_23_87
2025/11/08 14:46:50 INFO session updated token=61e9b00e-130e-4b4e-8c83-7385d0dea82b tableID=0xc0002f3840 seatIndex=0xc000513c70
2025/11/08 14:46:50 INFO session removed token=61e9b00e-130e-4b4e-8c83-7385d0dea82b
2025/11/08 14:46:50 INFO session removed token=08712b4f-b048-466c-a99c-3c12f5873876
2025/11/08 14:46:50 INFO session removed token=dcd4cac9-47b2-42e4-bf24-21fd21f3f166
2025/11/08 14:46:50 INFO session created token=7967ab71-044a-4429-b5bb-e5144336b39d name=User_35_20
2025/11/08 14:46:50 INFO session updated token=df73bb5f-e73d-4da2-9fb7-5e9dffd187d2 tableID=0xc000553760 seatIndex=0xc0005557d0
2025/11/08 14:46:50 INFO session removed token=d89d4a2b-00d6-435f-b517-9ac802a9fbd1
2025/11/08 14:46:50 INFO session updated token=91e0d3ad-57f9-4a08-9aba-0ec21fbc4dd9 tableID=0xc0002e3760 seatIndex=0xc0004e9850
2025/11/08 14:46:50 INFO session updated token=dfc98019-9b28-44f1-984f-b1e4b6de1755 tableID=0xc0002e3770 seatIndex=0xc0004e9860
2025/11/08 14:46:50 INFO session created token=54e45549-bf35-4ac1-aae6-73ecc7025171 name=User_16_16
2025/11/08 14:46:50 INFO session removed token=91e0d3ad-57f9-4a08-9aba-0ec21fbc4dd9
2025/11/08 14:46:50 INFO session created token=c0a3d908-bd15-49c2-a378-fd7a899d4c8d name=User_17_29
2025/11/08 14:46:50 INFO session created token=55cbafac-7e96-4c62-90ab-a676fbee52cd name=User_88_23
2025/11/08 14:46:50 INFO session created token=5a99a281-abce-4648-a6b9-2e6b343400bb name=User_32_19
2025/11/08 14:46:50 INFO session created token=ec9d5f8b-f23f-4d9b-b365-d13d26afee4e name=User_53_16
2025/11/08 14:46:50 INFO session updated token=c0a3d908-bd15-49c2-a378-fd7a899d4c8d tableID=0xc00016f280 seatIndex=0xc0000132d0
2025/11/08 14:46:50 INFO session created token=f15fc862-fa0b-47e9-9de5-8f0cbb7d3c1c name=User_49_26
2025/11/08 14:46:50 INFO session updated token=f15fc862-fa0b-47e9-9de5-8f0cbb7d3c1c tableID=0xc000553910 seatIndex=0xc0005559a0
2025/11/08 14:46:50 INFO session removed token=f15fc862-fa0b-47e9-9de5-8f0cbb7d3c1c
2025/11/08 14:46:50 INFO session created token=d07d3773-4fee-46ee-b56f-9833e49380c5 name=User_49_27
2025/11/08 14:46:50 INFO session updated token=d07d3773-4fee-46ee-b56f-9833e49380c5 tableID=0xc0002f3940 seatIndex=0xc000513da0
2025/11/08 14:46:50 INFO session removed token=d07d3773-4fee-46ee-b56f-9833e49380c5
2025/11/08 14:46:50 INFO session created token=b46a743b-3e35-4e37-b76b-26aef639c5c2 name=User_49_28
2025/11/08 14:46:50 INFO session updated token=b46a743b-3e35-4e37-b76b-26aef639c5c2 tableID=0xc0002f3990 seatIndex=0xc000513df0
2025/11/08 14:46:50 INFO session removed token=b46a743b-3e35-4e37-b76b-26aef639c5c2
2025/11/08 14:46:50 INFO session created token=371c03f9-1c5b-4aa6-b400-03705861cdd7 name=User_49_29
2025/11/08 14:46:50 INFO session updated token=371c03f9-1c5b-4aa6-b400-03705861cdd7 tableID=0xc0002f39e0 seatIndex=0xc000513e40
2025/11/08 14:46:50 INFO session removed token=371c03f9-1c5b-4aa6-b400-03705861cdd7
2025/11/08 14:46:50 INFO session created token=64612b6d-3412-4f07-9f4c-1317e70dff23 name=User_49_30
2025/11/08 14:46:50 INFO session updated token=64612b6d-3412-4f07-9f4c-1317e70dff23 tableID=0xc0002f3a30 seatIndex=0xc000513e90
2025/11/08 14:46:50 INFO session removed token=64612b6d-3412-4f07-9f4c-1317e70dff23
2025/11/08 14:46:50 INFO session created token=27fc26a7-bca9-44c0-a945-ef3fd12c224b name=User_49_31
2025/11/08 14:46:50 INFO session updated token=27fc26a7-bca9-44c0-a945-ef3fd12c224b tableID=0xc0002f3a80 seatIndex=0xc000513ee0
2025/11/08 14:46:50 INFO session removed token=27fc26a7-bca9-44c0-a945-ef3fd12c224b
2025/11/08 14:46:50 INFO session created token=68edf624-f431-40e8-86e1-79d9b9a15160 name=User_49_32
2025/11/08 14:46:50 INFO session created token=c576c565-ff35-4cce-9a8d-29810072fd64 name=User_14_33
2025/11/08 14:46:50 INFO session updated token=68edf624-f431-40e8-86e1-79d9b9a15160 tableID=0xc0002f3ad0 seatIndex=0xc000513f30
2025/11/08 14:46:50 INFO session removed token=68edf624-f431-40e8-86e1-79d9b9a15160
2025/11/08 14:46:50 INFO session created token=01325dde-9a7c-4710-8138-d2840bc8c5ba name=User_49_33
2025/11/08 14:46:50 INFO session updated token=01325dde-9a7c-4710-8138-d2840bc8c5ba tableID=0xc0002f3b30 seatIndex=0xc000513f90
2025/11/08 14:46:50 INFO session removed token=01325dde-9a7c-4710-8138-d2840bc8c5ba
2025/11/08 14:46:50 INFO session created token=f5d88075-ca5f-4eae-88e7-4886e96291be name=User_49_34
2025/11/08 14:46:50 INFO session updated token=f5d88075-ca5f-4eae-88e7-4886e96291be tableID=0xc0002f3b80 seatIndex=0xc000513fe0
2025/11/08 14:46:50 INFO session removed token=f5d88075-ca5f-4eae-88e7-4886e96291be
2025/11/08 14:46:50 INFO session created token=5f957efa-a818-4f3d-9516-e4747a5de81f name=User_49_35
2025/11/08 14:46:50 INFO session updated token=5f957efa-a818-4f3d-9516-e4747a5de81f tableID=0xc0002f3bd0 seatIndex=0xc000128040
2025/11/08 14:46:50 INFO session removed token=5f957efa-a818-4f3d-9516-e4747a5de81f
2025/11/08 14:46:50 INFO session created token=f224df6b-a632-4f40-adce-339ecdbd9c39 name=User_49_36
2025/11/08 14:46:50 INFO session updated token=f224df6b-a632-4f40-adce-339ecdbd9c39 tableID=0xc0002f3c20 seatIndex=0xc000128090
2025/11/08 14:46:50 INFO session removed token=f224df6b-a632-4f40-adce-339ecdbd9c39
2025/11/08 14:46:50 INFO session created token=3c10a372-5f20-4afb-b41d-76b60b95b514 name=User_49_37
2025/11/08 14:46:50 INFO session updated token=3c10a372-5f20-4afb-b41d-76b60b95b514 tableID=0xc0002f3c70 seatIndex=0xc0001280e0
2025/11/08 14:46:50 INFO session removed token=3c10a372-5f20-4afb-b41d-76b60b95b514
2025/11/08 14:46:50 INFO session created token=029099df-dc69-42b5-b192-db251771b614 name=User_49_38
2025/11/08 14:46:50 INFO session removed token=c0a3d908-bd15-49c2-a378-fd7a899d4c8d
2025/11/08 14:46:50 INFO session created token=bf3f52e9-4aa4-417d-861a-f6adc0cba60a name=User_17_30
2025/11/08 14:46:50 INFO session updated token=903894aa-1b9e-4611-bbb3-aa7ae579929b tableID=0xc0002f29d0 seatIndex=0xc000512d50
2025/11/08 14:46:50 INFO session removed token=903894aa-1b9e-4611-bbb3-aa7ae579929b
2025/11/08 14:46:50 INFO session updated token=23003515-1b62-4366-a893-9756172f2c86 tableID=0xc0002f29e0 seatIndex=0xc000512d60
2025/11/08 14:46:50 INFO session created token=a38f142f-9901-4130-9028-8be71e5a16a9 name=User_38_14
2025/11/08 14:46:50 INFO session removed token=ae174a4d-4f72-4a55-a5f0-77197525c368
2025/11/08 14:46:50 INFO session created token=aea42f15-e8c9-4fbd-afc0-8a72b1727815 name=User_74_28
2025/11/08 14:46:50 INFO session removed token=14116802-51c5-4efc-ab62-c127345b98c4
2025/11/08 14:46:50 INFO session removed token=b3761eb7-7fe0-4d6f-b1ec-a83ddabf99bd
2025/11/08 14:46:50 INFO session removed token=2213482c-c363-4243-80b5-216e14234eb3
2025/11/08 14:46:50 INFO session removed token=25a65dbf-ae01-4049-8349-8ab4e5785965
2025/11/08 14:46:50 INFO session removed token=e8381cb4-2f50-4a9b-a154-9e947ca971bf
2025/11/08 14:46:50 INFO session removed token=5fdafb3b-f37d-4f45-b032-f62bafb2c372
2025/11/08 14:46:50 INFO session removed token=1c15a955-96ee-4dd1-bfa2-90475040592f
2025/11/08 14:46:50 INFO session created token=15e909e1-4669-4cc5-8d6f-3fa7425da83f name=User_93_35
2025/11/08 14:46:50 INFO session updated token=c8e4dc54-e82c-4548-8e4c-85e0b51b8b11 tableID=0xc0002f2aa0 seatIndex=0xc000512e90
2025/11/08 14:46:50 INFO session removed token=667b5533-3d7c-4238-83f2-3c8908b9dd55
2025/11/08 14:46:50 INFO session updated token=5c510969-a144-4e17-b270-8e1e1d7dbd5b tableID=0xc0002f2ac0 seatIndex=0xc000512ea0
2025/11/08 14:46:50 INFO session removed token=056917b5-9279-4e83-aff1-7b0c7add6461
2025/11/08 14:46:50 INFO session created token=72e928ce-2aa3-483c-9e25-a4a2f8c73271 name=User_54_28
2025/11/08 14:46:50 INFO session updated token=22c44962-c1c5-4ebf-b7c2-d947c3fe1fd7 tableID=0xc0002f2b00 seatIndex=0xc000512f10
2025/11/08 14:46:50 INFO session removed token=ae235248-f576-495b-9516-34cd9c16db0a
2025/11/08 14:46:50 INFO session removed token=00ede9a4-8f4d-4b8b-83b7-5592a099ab46
2025/11/08 14:46:50 INFO session updated token=cc6a3714-2d2d-415d-867f-72a570bb3567 tableID=0xc000553800 seatIndex=0xc000555880
2025/11/08 14:46:50 INFO session updated token=94342ce3-1129-4309-8595-8f2a045cea8e tableID=0xc000024b00 seatIndex=0xc000306c08
2025/11/08 14:46:50 INFO session updated token=96c94466-6a16-4c05-80f5-73854218cac6 tableID=0xc000024b20 seatIndex=0xc000306c18
2025/11/08 14:46:50 INFO session updated token=6d02a6ba-a2e9-4aca-84d9-6a9ffd2c28c6 tableID=0xc000024b40 seatIndex=0xc000306c68
2025/11/08 14:46:50 INFO session created token=e833a24a-7f2c-4169-ae59-f2ddec14b889 name=User_10_14
2025/11/08 14:46:50 INFO session created token=a96a8174-d040-4acf-94a3-7309f0acfee8 name=User_55_16
2025/11/08 14:46:50 INFO session removed token=5bafcb7b-94c8-4cac-9ef1-ee3ee28f4feb
2025/11/08 14:46:50 INFO session created token=cc119822-a705-4de5-915e-a585d20660b4 name=User_64_14
2025/11/08 14:46:50 INFO session created token=3092131f-654e-4c81-b810-73163961aff8 name=User_79_25
2025/11/08 14:46:50 INFO session created token=aa5cc4df-c0f6-4f4b-97a9-99e5efbbbaf5 name=User_44_27
2025/11/08 14:46:50 INFO session created token=887b3407-4108-4793-ac31-d33527f97b49 name=User_56_23
2025/11/08 14:46:50 INFO session updated token=7aa06ccb-2574-4471-a0ba-b092841df707 tableID=0xc0002e3800 seatIndex=0xc0004e98f0
2025/11/08 14:46:50 INFO session updated token=0480188e-0f2f-4b02-b7fe-c789e6e5e29b tableID=0xc00016ed60 seatIndex=0xc000012e10
2025/11/08 14:46:50 INFO session updated token=a919c651-1b25-4668-a354-6d14214889fb tableID=0xc000024c10 seatIndex=0xc000306cb8
2025/11/08 14:46:50 INFO session updated token=6764bcbc-1286-4273-a400-32e1e6178a9e tableID=0xc00016ed70 seatIndex=0xc000012e20
2025/11/08 14:46:50 INFO session removed token=040112f9-754b-4ffc-a6e3-ebb6e8d891c5
2025/11/08 14:46:50 INFO session removed token=067da1c8-4727-4d63-b765-9a307a4648eb
2025/11/08 14:46:50 INFO session updated token=8c5fa9fe-d37a-4a95-bda3-a2c8874dd1da tableID=0xc00016ed90 seatIndex=0xc000012e30
2025/11/08 14:46:50 INFO session updated token=3d96a869-214e-450b-8935-58fead7226d5 tableID=0xc00016eda0 seatIndex=0xc000012e40
2025/11/08 14:46:50 INFO session updated token=0a9eb4ec-b3fe-48e5-9ccd-2c05dec9a5c6 tableID=0xc0002f2b30 seatIndex=0xc000512f20
2025/11/08 14:46:50 INFO session updated token=04ff0b08-1084-4ca6-b192-cbb7e1dc1a1a tableID=0xc0002f2c10 seatIndex=0xc000513010
2025/11/08 14:46:50 INFO session created token=3a687055-c1be-4870-b658-4d6f527e0731 name=User_3_23
2025/11/08 14:46:50 INFO session created token=1d01f9a7-2e44-4eb3-8943-0d35541286a8 name=User_83_29
2025/11/08 14:46:50 INFO session removed token=00279f52-7a75-469d-ae74-f1f4f53c8e67
2025/11/08 14:46:50 INFO session updated token=d044d7b1-c386-4cfc-9ba7-d92c6ad680bd tableID=0xc000553340 seatIndex=0xc000555318
2025/11/08 14:46:50 INFO session updated token=6291b9b8-1a37-45fa-b73a-c3c75779b867 tableID=0xc0002e3810 seatIndex=0xc0004e9900
2025/11/08 14:46:50 INFO session updated token=7357fe23-22ce-41d5-812f-b810f6cc3379 tableID=0xc00016ee00 seatIndex=0xc000012ec0
2025/11/08 14:46:50 INFO session updated token=243e6180-36d2-42ff-8928-1a05e3758635 tableID=0xc0002f2c40 seatIndex=0xc000513060
2025/11/08 14:46:50 INFO session updated token=2e28f494-d1df-409d-8980-44345299864d tableID=0xc0002f2e70 seatIndex=0xc000513280
2025/11/08 14:46:50 INFO session updated token=cb26a09d-142b-425d-9628-150905957a37 tableID=0xc0002f2fc0 seatIndex=0xc0005133d0
2025/11/08 14:46:50 INFO session created token=94602ecc-4c3a-41b8-afe4-b31545fb3e4b name=User_70_45
2025/11/08 14:46:50 INFO session updated token=d55a074e-9370-46e9-b035-e1504509703e tableID=0xc00016f0a0 seatIndex=0xc000013140
2025/11/08 14:46:50 INFO session created token=7d763149-91d1-4271-98f0-2094b9ad99e9 name=User_18_40
2025/11/08 14:46:50 INFO session updated token=12e67715-1f63-4b43-8b8a-7526ed1c8fcb tableID=0xc0002f30e0 seatIndex=0xc000513510
2025/11/08 14:46:50 INFO session updated token=eb9e767d-e4e1-40a0-9af2-82371f2c5214 tableID=0xc0002f3270 seatIndex=0xc000513690
2025/11/08 14:46:50 INFO session removed token=eb9e767d-e4e1-40a0-9af2-82371f2c5214
2025/11/08 14:46:50 INFO session removed token=12e67715-1f63-4b43-8b8a-7526ed1c8fcb
2025/11/08 14:46:50 INFO session created token=ef2c1c41-4a4c-49b8-854f-93f18e6610f8 name=User_21_42
2025/11/08 14:46:50 INFO session updated token=ef2c1c41-4a4c-49b8-854f-93f18e6610f8 tableID=0xc0002e3e90 seatIndex=0xc0004e9e40
2025/11/08 14:46:50 INFO session removed token=ef2c1c41-4a4c-49b8-854f-93f18e6610f8
2025/11/08 14:46:50 INFO session created token=e2890b47-a763-4536-8873-ad4425bf6747 name=User_21_43
2025/11/08 14:46:50 INFO session updated token=e2890b47-a763-4536-8873-ad4425bf6747 tableID=0xc0002e3ee0 seatIndex=0xc0004e9e90
2025/11/08 14:46:50 INFO session removed token=e2890b47-a763-4536-8873-ad4425bf6747
2025/11/08 14:46:50 INFO session created token=21923165-4eb3-4f34-8796-e55823dfc15f name=User_21_44
2025/11/08 14:46:50 INFO session updated token=21923165-4eb3-4f34-8796-e55823dfc15f tableID=0xc0002e3f30 seatIndex=0xc0004e9ee0
2025/11/08 14:46:50 INFO session removed token=21923165-4eb3-4f34-8796-e55823dfc15f
2025/11/08 14:46:50 INFO session created token=d9b1719a-21dc-4858-8961-69409f3c9109 name=User_21_45
2025/11/08 14:46:50 INFO session updated token=d9b1719a-21dc-4858-8961-69409f3c9109 tableID=0xc000000000 seatIndex=0xc0004e9f30
2025/11/08 14:46:50 INFO session removed token=d9b1719a-21dc-4858-8961-69409f3c9109
2025/11/08 14:46:50 INFO session created token=59cd7414-8234-4b8e-b2f0-91ce5b561d77 name=User_21_46
2025/11/08 14:46:50 INFO session updated token=59cd7414-8234-4b8e-b2f0-91ce5b561d77 tableID=0xc000000050 seatIndex=0xc0004e9f80
2025/11/08 14:46:50 INFO session removed token=59cd7414-8234-4b8e-b2f0-91ce5b561d77
2025/11/08 14:46:50 INFO session created token=02792d0b-23f7-4823-b2e4-4aca9b5a3bc7 name=User_21_47
2025/11/08 14:46:50 INFO session updated token=02792d0b-23f7-4823-b2e4-4aca9b5a3bc7 tableID=0xc0000000a0 seatIndex=0xc0004e9fd0
2025/11/08 14:46:50 INFO session removed token=02792d0b-23f7-4823-b2e4-4aca9b5a3bc7
2025/11/08 14:46:50 INFO session created token=8f79661a-227f-4f31-89f9-fbf22f2777f5 name=User_21_48
2025/11/08 14:46:50 INFO session updated token=8f79661a-227f-4f31-89f9-fbf22f2777f5 tableID=0xc0000000f0 seatIndex=0xc000592030
2025/11/08 14:46:50 INFO session removed token=8f79661a-227f-4f31-89f9-fbf22f2777f5
2025/11/08 14:46:50 INFO session created token=8ddb9d14-90e0-404c-8610-c1dcc5cd0b1d name=User_21_49
2025/11/08 14:46:50 INFO session updated token=8ddb9d14-90e0-404c-8610-c1dcc5cd0b1d tableID=0xc000000140 seatIndex=0xc000592080
2025/11/08 14:46:50 INFO session removed token=8ddb9d14-90e0-404c-8610-c1dcc5cd0b1d
2025/11/08 14:46:50 INFO session created token=11e4034d-f95d-4a95-81be-c16693552455 name=User_21_50
2025/11/08 14:46:50 INFO session updated token=11e4034d-f95d-4a95-81be-c16693552455 tableID=0xc000000190 seatIndex=0xc0005920d0
2025/11/08 14:46:50 INFO session removed token=11e4034d-f95d-4a95-81be-c16693552455
2025/11/08 14:46:50 INFO session created token=1e91a1c6-7525-477f-becb-39d1d3048fb9 name=User_21_51
2025/11/08 14:46:50 INFO session created token=339ce270-466d-4011-a90d-54133e7bd640 name=User_80_21
2025/11/08 14:46:50 INFO session updated token=1e91a1c6-7525-477f-becb-39d1d3048fb9 tableID=0xc0000001e0 seatIndex=0xc000592120
2025/11/08 14:46:50 INFO session removed token=1e91a1c6-7525-477f-becb-39d1d3048fb9
2025/11/08 14:46:50 INFO session removed token=74634201-a8e3-4f6d-b40e-0253cacbe22e
2025/11/08 14:46:50 INFO session updated token=3997bbb2-1db9-442b-8ef5-2e096ff4718b tableID=0xc0002f3290 seatIndex=0xc0005136c0
2025/11/08 14:46:50 INFO session removed token=57b45c9b-01b8-4f92-84cd-25e9f50e8178
2025/11/08 14:46:50 INFO session updated token=4ace212d-2a14-4dae-b8e5-3ad8aef0cb03 tableID=0xc0002f3570 seatIndex=0xc0005139a0
2025/11/08 14:46:50 INFO session removed token=4ace212d-2a14-4dae-b8e5-3ad8aef0cb03
2025/11/08 14:46:50 INFO session created token=a8b17c8b-18e5-4506-9cf6-579bd014c723 name=User_12_32
2025/11/08 14:46:50 INFO session updated token=a8b17c8b-18e5-4506-9cf6-579bd014c723 tableID=0xc000000290 seatIndex=0xc0005921c0
2025/11/08 14:46:50 INFO session removed token=a8b17c8b-18e5-4506-9cf6-579bd014c723
2025/11/08 14:46:50 INFO session created token=fe097bfd-9250-44a7-ac9e-a443d67e80b8 name=User_97_43
2025/11/08 14:46:50 INFO session removed token=3997bbb2-1db9-442b-8ef5-2e096ff4718b
2025/11/08 14:46:50 INFO session created token=968cf4ae-ea26-421f-9935-9e3f673a3f5a name=User_12_33
2025/11/08 14:46:50 INFO session created token=2200de96-6b1a-47d5-8d71-9393062d2265 name=User_21_52
2025/11/08 14:46:50 INFO session created token=eac69bdf-7781-493e-ab29-963ad31a8ad1 name=User_84_31
2025/11/08 14:46:50 INFO session updated token=2200de96-6b1a-47d5-8d71-9393062d2265 tableID=0xc000553a80 seatIndex=0xc000555af0
2025/11/08 14:46:50 INFO session removed token=2200de96-6b1a-47d5-8d71-9393062d2265
2025/11/08 14:46:50 INFO session created token=81a38db0-c24c-4140-88cc-ab22a482fdee name=User_21_53
2025/11/08 14:46:50 INFO session updated token=81a38db0-c24c-4140-88cc-ab22a482fdee tableID=0xc0003fab60 seatIndex=0xc000604b80
2025/11/08 14:46:50 INFO session removed token=81a38db0-c24c-4140-88cc-ab22a482fdee
2025/11/08 14:46:50 INFO session created token=7cb41038-c4de-486b-8b5d-4fb1a8912dd2 name=User_21_54
2025/11/08 14:46:50 INFO session updated token=7cb41038-c4de-486b-8b5d-4fb1a8912dd2 tableID=0xc0003fabb0 seatIndex=0xc000604bd0
2025/11/08 14:46:50 INFO session removed token=7cb41038-c4de-486b-8b5d-4fb1a8912dd2
2025/11/08 14:46:50 INFO session created token=d9bf89ab-17f6-47a4-92ea-81a1cfe63185 name=User_21_55
2025/11/08 14:46:50 INFO session updated token=d9bf89ab-17f6-47a4-92ea-81a1cfe63185 tableID=0xc0003fac00 seatIndex=0xc000604c20
2025/11/08 14:46:50 INFO session removed token=d9bf89ab-17f6-47a4-92ea-81a1cfe63185
2025/11/08 14:46:50 INFO session created token=6b112891-31fc-424f-a647-31822f673d98 name=User_21_56
2025/11/08 14:46:50 INFO session updated token=6b112891-31fc-424f-a647-31822f673d98 tableID=0xc0003fac50 seatIndex=0xc000604c70
2025/11/08 14:46:50 INFO session removed token=6b112891-31fc-424f-a647-31822f673d98
2025/11/08 14:46:50 INFO session created token=29d200af-6ba9-47fa-9b9f-ba439bf45921 name=User_21_57
2025/11/08 14:46:50 INFO session updated token=29d200af-6ba9-47fa-9b9f-ba439bf45921 tableID=0xc0003faca0 seatIndex=0xc000604cc0
2025/11/08 14:46:50 INFO session removed token=29d200af-6ba9-47fa-9b9f-ba439bf45921
2025/11/08 14:46:50 INFO session created token=af279a32-dfac-4c56-8cfe-87d4c0ffd7ca name=User_21_58
2025/11/08 14:46:50 INFO session updated token=af279a32-dfac-4c56-8cfe-87d4c0ffd7ca tableID=0xc0003facf0 seatIndex=0xc000604d10
2025/11/08 14:46:50 INFO session removed token=af279a32-dfac-4c56-8cfe-87d4c0ffd7ca
2025/11/08 14:46:50 INFO session created token=3cc3e282-f559-4da2-b183-5ca351ca4319 name=User_21_59
2025/11/08 14:46:50 INFO session updated token=a8e8114d-794f-4254-9fe4-393a1af7a5c7 tableID=0xc0002f3860 seatIndex=0xc000513ca0
2025/11/08 14:46:50 INFO session removed token=a8e8114d-794f-4254-9fe4-393a1af7a5c7
2025/11/08 14:46:50 INFO session created token=3d9c6e6c-0029-475b-8c06-77485f54d265 name=User_23_88
2025/11/08 14:46:50 INFO session updated token=3d9c6e6c-0029-475b-8c06-77485f54d265 tableID=0xc00016f380 seatIndex=0xc000013390
2025/11/08 14:46:50 INFO session removed token=3d9c6e6c-0029-475b-8c06-77485f54d265
2025/11/08 14:46:50 INFO session updated token=968cf4ae-ea26-421f-9935-9e3f673a3f5a tableID=0xc0003fab00 seatIndex=0xc000604b20
2025/11/08 14:46:50 INFO session removed token=968cf4ae-ea26-421f-9935-9e3f673a3f5a
2025/11/08 14:46:50 INFO session created token=847e4ae1-b6f0-41f3-a191-2b32c16581ce name=User_46_52
2025/11/08 14:46:50 INFO session created token=53dbe836-6d73-4c49-b512-1e14058c17de name=User_12_34
2025/11/08 14:46:50 INFO session updated token=53dbe836-6d73-4c49-b512-1e14058c17de tableID=0xc0003fad80 seatIndex=0xc000604da0
2025/11/08 14:46:50 INFO session removed token=53dbe836-6d73-4c49-b512-1e14058c17de
2025/11/08 14:46:50 INFO session created token=a3eef682-f3fd-484a-8814-900607159942 name=User_12_35
2025/11/08 14:46:50 INFO session updated token=a3eef682-f3fd-484a-8814-900607159942 tableID=0xc0003fadd0 seatIndex=0xc000604df0
2025/11/08 14:46:50 INFO session removed token=a3eef682-f3fd-484a-8814-900607159942
2025/11/08 14:46:50 INFO session created token=ce48610a-2822-4861-a7c1-352c9a2686b1 name=User_12_36
2025/11/08 14:46:50 INFO session updated token=ce48610a-2822-4861-a7c1-352c9a2686b1 tableID=0xc0003fae20 seatIndex=0xc000604e40
2025/11/08 14:46:50 INFO session removed token=ce48610a-2822-4861-a7c1-352c9a2686b1
2025/11/08 14:46:50 INFO session created token=16ae4107-0a77-4a8d-89d5-0f371b6054a3 name=User_12_37
2025/11/08 14:46:50 INFO session updated token=16ae4107-0a77-4a8d-89d5-0f371b6054a3 tableID=0xc0003fae70 seatIndex=0xc000604e90
2025/11/08 14:46:50 INFO session removed token=16ae4107-0a77-4a8d-89d5-0f371b6054a3
2025/11/08 14:46:50 INFO session created token=e793e132-389e-448e-8d36-db1e6e1e18d8 name=User_12_38
2025/11/08 14:46:50 INFO session updated token=e793e132-389e-448e-8d36-db1e6e1e18d8 tableID=0xc0003faec0 seatIndex=0xc000604ee0
2025/11/08 14:46:50 INFO session removed token=e793e132-389e-448e-8d36-db1e6e1e18d8
2025/11/08 14:46:50 INFO session created token=fa8fab36-49b2-433d-9fed-f4b1537edd96 name=User_12_39
2025/11/08 14:46:50 INFO session updated token=fa8fab36-49b2-433d-9fed-f4b1537edd96 tableID=0xc0003faf10 seatIndex=0xc000604f30
2025/11/08 14:46:50 INFO session removed token=fa8fab36-49b2-433d-9fed-f4b1537edd96
2025/11/08 14:46:50 INFO session created token=973ec269-cbe4-420e-a7d7-fc2f4ff54e8c name=User_12_40
2025/11/08 14:46:50 INFO session updated token=973ec269-cbe4-420e-a7d7-fc2f4ff54e8c tableID=0xc0003faf60 seatIndex=0xc000604f80
2025/11/08 14:46:50 INFO session removed token=973ec269-cbe4-420e-a7d7-fc2f4ff54e8c
2025/11/08 14:46:50 INFO session created token=7e225fb1-460a-4326-9f0d-1d865740fab1 name=User_12_41
2025/11/08 14:46:50 INFO session updated token=7e225fb1-460a-4326-9f0d-1d865740fab1 tableID=0xc0003fafb0 seatIndex=0xc000604fd0
2025/11/08 14:46:50 INFO session removed token=7e225fb1-460a-4326-9f0d-1d865740fab1
2025/11/08 14:46:50 INFO session created token=06d65a78-70d7-4b60-95e7-9511bfb81444 name=User_12_42
2025/11/08 14:46:50 INFO session updated token=06d65a78-70d7-4b60-95e7-9511bfb81444 tableID=0xc0003fb000 seatIndex=0xc000605020
2025/11/08 14:46:50 INFO session removed token=06d65a78-70d7-4b60-95e7-9511bfb81444
2025/11/08 14:46:50 INFO session created token=ef5b49b4-ecdf-44bf-8915-fc1e7297c5c2 name=User_12_43
2025/11/08 14:46:50 INFO session updated token=ef5b49b4-ecdf-44bf-8915-fc1e7297c5c2 tableID=0xc0003fb050 seatIndex=0xc000605070
2025/11/08 14:46:50 INFO session removed token=ef5b49b4-ecdf-44bf-8915-fc1e7297c5c2
2025/11/08 14:46:50 INFO session created token=75f278b1-7e1f-4879-8362-3db5a7ea13ad name=User_12_44
2025/11/08 14:46:50 INFO session updated token=75f278b1-7e1f-4879-8362-3db5a7ea13ad tableID=0xc0003fb0a0 seatIndex=0xc0006050c0
2025/11/08 14:46:50 INFO session removed token=75f278b1-7e1f-4879-8362-3db5a7ea13ad
2025/11/08 14:46:50 INFO session created token=4a9252ab-dc97-484d-97f4-7d949384da07 name=User_12_45
2025/11/08 14:46:50 INFO session updated token=4a9252ab-dc97-484d-97f4-7d949384da07 tableID=0xc0003fb0f0 seatIndex=0xc000605110
2025/11/08 14:46:50 INFO session removed token=4a9252ab-dc97-484d-97f4-7d949384da07
2025/11/08 14:46:50 INFO session created token=fde1712c-68f4-404a-b76e-abc325e23e2f name=User_12_46
2025/11/08 14:46:50 INFO session updated token=fde1712c-68f4-404a-b76e-abc325e23e2f tableID=0xc0003fb140 seatIndex=0xc000605160
2025/11/08 14:46:50 INFO session removed token=fde1712c-68f4-404a-b76e-abc325e23e2f
2025/11/08 14:46:50 INFO session created token=8a478c4c-35c0-4196-8bbe-2b964236fa3a name=User_12_47
2025/11/08 14:46:50 INFO session updated token=8a478c4c-35c0-4196-8bbe-2b964236fa3a tableID=0xc0003fb190 seatIndex=0xc0006051b0
2025/11/08 14:46:50 INFO session removed token=8a478c4c-35c0-4196-8bbe-2b964236fa3a
2025/11/08 14:46:50 INFO session created token=54331fb1-6d95-4a59-b027-4554905679e7 name=User_12_48
2025/11/08 14:46:50 INFO session updated token=54331fb1-6d95-4a59-b027-4554905679e7 tableID=0xc0003fb1e0 seatIndex=0xc000605200
2025/11/08 14:46:50 INFO session removed token=54331fb1-6d95-4a59-b027-4554905679e7
2025/11/08 14:46:50 INFO session created token=1e974cf9-1037-47dc-a0be-51a3a862487d name=User_12_49
2025/11/08 14:46:50 INFO session updated token=1e974cf9-1037-47dc-a0be-51a3a862487d tableID=0xc0003fb230 seatIndex=0xc000605250
2025/11/08 14:46:50 INFO session removed token=1e974cf9-1037-47dc-a0be-51a3a862487d
2025/11/08 14:46:50 INFO session created token=35baf3ff-c861-486f-875e-1ad6babc708d name=User_12_50
2025/11/08 14:46:50 INFO session updated token=35baf3ff-c861-486f-875e-1ad6babc708d tableID=0xc0003fb280 seatIndex=0xc0006052a0
2025/11/08 14:46:50 INFO session removed token=35baf3ff-c861-486f-875e-1ad6babc708d
2025/11/08 14:46:50 INFO session created token=f1dfe111-1186-41d1-8457-b91919beab7e name=User_12_51
2025/11/08 14:46:50 INFO session updated token=f1dfe111-1186-41d1-8457-b91919beab7e tableID=0xc0003fb2d0 seatIndex=0xc0006052f0
2025/11/08 14:46:50 INFO session removed token=f1dfe111-1186-41d1-8457-b91919beab7e
2025/11/08 14:46:50 INFO session created token=99072ca5-cee4-4b74-8e7b-7eedfae944b6 name=User_12_52
2025/11/08 14:46:50 INFO session updated token=99072ca5-cee4-4b74-8e7b-7eedfae944b6 tableID=0xc0003fb320 seatIndex=0xc000605340
2025/11/08 14:46:50 INFO session removed token=99072ca5-cee4-4b74-8e7b-7eedfae944b6
2025/11/08 14:46:50 INFO session created token=28fec495-735c-439c-962d-0b13ed25d81a name=User_12_53
2025/11/08 14:46:50 INFO session updated token=28fec495-735c-439c-962d-0b13ed25d81a tableID=0xc0003fb370 seatIndex=0xc000605390
2025/11/08 14:46:50 INFO session removed token=28fec495-735c-439c-962d-0b13ed25d81a
2025/11/08 14:46:50 INFO session created token=71421853-3e6e-485e-ab8c-105108d92413 name=User_12_54
2025/11/08 14:46:50 INFO session updated token=71421853-3e6e-485e-ab8c-105108d92413 tableID=0xc0003fb3c0 seatIndex=0xc0006053e0
2025/11/08 14:46:50 INFO session removed token=71421853-3e6e-485e-ab8c-105108d92413
2025/11/08 14:46:50 INFO session created token=336eabee-784c-4775-9db0-dc5a68831c28 name=User_12_55
2025/11/08 14:46:50 INFO session updated token=336eabee-784c-4775-9db0-dc5a68831c28 tableID=0xc0003fb410 seatIndex=0xc000605430
2025/11/08 14:46:50 INFO session removed token=336eabee-784c-4775-9db0-dc5a68831c28
2025/11/08 14:46:50 INFO session created token=a56a4395-0c4b-4064-9ee3-b57d7cdb4c3d name=User_12_56
2025/11/08 14:46:50 INFO session updated token=a56a4395-0c4b-4064-9ee3-b57d7cdb4c3d tableID=0xc0003fb460 seatIndex=0xc000605480
2025/11/08 14:46:50 INFO session removed token=a56a4395-0c4b-4064-9ee3-b57d7cdb4c3d
2025/11/08 14:46:50 INFO session created token=b4182ca3-24b0-4340-99c5-0f48c0edd85f name=User_12_57
2025/11/08 14:46:50 INFO session updated token=b4182ca3-24b0-4340-99c5-0f48c0edd85f tableID=0xc0003fb4b0 seatIndex=0xc0006054d0
2025/11/08 14:46:50 INFO session removed token=b4182ca3-24b0-4340-99c5-0f48c0edd85f
2025/11/08 14:46:50 INFO session created token=67114776-da9b-4f1f-aba2-9c5113ad3599 name=User_12_58
2025/11/08 14:46:50 INFO session updated token=67114776-da9b-4f1f-aba2-9c5113ad3599 tableID=0xc0003fb500 seatIndex=0xc000605520
2025/11/08 14:46:50 INFO session removed token=67114776-da9b-4f1f-aba2-9c5113ad3599
2025/11/08 14:46:50 INFO session updated token=847e4ae1-b6f0-41f3-a191-2b32c16581ce tableID=0xc00016f3d0 seatIndex=0xc0000133e0
2025/11/08 14:46:50 INFO session removed token=847e4ae1-b6f0-41f3-a191-2b32c16581ce
2025/11/08 14:46:50 INFO session created token=578c6472-eebe-4569-97ba-f8b4565b8997 name=User_46_53
2025/11/08 14:46:50 INFO session updated token=578c6472-eebe-4569-97ba-f8b4565b8997 tableID=0xc00016f420 seatIndex=0xc000013430
2025/11/08 14:46:50 INFO session removed token=578c6472-eebe-4569-97ba-f8b4565b8997
2025/11/08 14:46:50 INFO session created token=cb52796d-e029-4ecf-802c-b4684b6de599 name=User_46_54
2025/11/08 14:46:50 INFO session updated token=cb52796d-e029-4ecf-802c-b4684b6de599 tableID=0xc00016f470 seatIndex=0xc000013480
2025/11/08 14:46:50 INFO session removed token=cb52796d-e029-4ecf-802c-b4684b6de599
2025/11/08 14:46:50 INFO session created token=db170de8-f687-4827-934a-771ee54543c1 name=User_46_55
2025/11/08 14:46:50 INFO session updated token=db170de8-f687-4827-934a-771ee54543c1 tableID=0xc00016f4c0 seatIndex=0xc0000134d0
2025/11/08 14:46:50 INFO session removed token=db170de8-f687-4827-934a-771ee54543c1
2025/11/08 14:46:50 INFO session created token=f98a0b60-fa66-4cac-b932-2d19bd1d8362 name=User_46_56
2025/11/08 14:46:50 INFO session updated token=f98a0b60-fa66-4cac-b932-2d19bd1d8362 tableID=0xc00016f510 seatIndex=0xc000013520
2025/11/08 14:46:50 INFO session removed token=f98a0b60-fa66-4cac-b932-2d19bd1d8362
2025/11/08 14:46:50 INFO session updated token=7967ab71-044a-4429-b5bb-e5144336b39d tableID=0xc000553890 seatIndex=0xc000555950
2025/11/08 14:46:50 INFO session removed token=df73bb5f-e73d-4da2-9fb7-5e9dffd187d2
2025/11/08 14:46:50 INFO session created token=211fbd61-e3a0-49c0-8631-f25c1cbb098c name=User_27_24
2025/11/08 14:46:50 INFO session removed token=dfc98019-9b28-44f1-984f-b1e4b6de1755
2025/11/08 14:46:50 INFO session created token=9955819f-d4b8-4487-9d47-fba14b19b451 name=User_67_32
2025/11/08 14:46:50 INFO session updated token=09d9bf37-d035-427a-a030-738769dbfe2a tableID=0xc0002f29b0 seatIndex=0xc000512d40
2025/11/08 14:46:50 INFO session removed token=c0867ce2-d9c2-4009-b97d-9d562a6a3efc
2025/11/08 14:46:50 INFO session updated token=54e45549-bf35-4ac1-aae6-73ecc7025171 tableID=0xc0002f38c0 seatIndex=0xc000513d10
2025/11/08 14:46:50 INFO session updated token=55cbafac-7e96-4c62-90ab-a676fbee52cd tableID=0xc0002f38e0 seatIndex=0xc000513d40
2025/11/08 14:46:50 INFO session updated token=ec9d5f8b-f23f-4d9b-b365-d13d26afee4e tableID=0xc0002f38f0 seatIndex=0xc000513d50
2025/11/08 14:46:50 INFO session updated token=5a99a281-abce-4648-a6b9-2e6b343400bb tableID=0xc000553920 seatIndex=0xc0005559b0
2025/11/08 14:46:50 INFO session updated token=c576c565-ff35-4cce-9a8d-29810072fd64 tableID=0xc0002f3af0 seatIndex=0xc000513f60
2025/11/08 14:46:50 INFO session updated token=029099df-dc69-42b5-b192-db251771b614 tableID=0xc000553950 seatIndex=0xc0005559c0
2025/11/08 14:46:50 INFO session updated token=bf3f52e9-4aa4-417d-861a-f6adc0cba60a tableID=0xc0002e3b80 seatIndex=0xc0004e9b60
2025/11/08 14:46:50 INFO session removed token=23003515-1b62-4366-a893-9756172f2c86
2025/11/08 14:46:50 INFO session updated token=aea42f15-e8c9-4fbd-afc0-8a72b1727815 tableID=0xc0002f3ce0 seatIndex=0xc000128130
2025/11/08 14:46:50 INFO session updated token=a38f142f-9901-4130-9028-8be71e5a16a9 tableID=0xc0002e3bd0 seatIndex=0xc0004e9b90
2025/11/08 14:46:50 INFO session updated token=15e909e1-4669-4cc5-8d6f-3fa7425da83f tableID=0xc0002e3c60 seatIndex=0xc0004e9bc0
2025/11/08 14:46:50 INFO session created token=fbbf71c7-caba-4eec-bae7-e4f3776df416 name=User_52_20
2025/11/08 14:46:50 INFO session removed token=c8e4dc54-e82c-4548-8e4c-85e0b51b8b11
2025/11/08 14:46:50 INFO session created token=d21fdce8-b598-4f07-b57f-d0303aea9c0b name=User_19_24
2025/11/08 14:46:50 INFO session created token=24802816-2e2a-48d9-9c4a-063fc74b5c6a name=User_62_22
2025/11/08 14:46:50 INFO session created token=3801d223-9eb1-4dd4-aeb2-53d38461ac66 name=User_9_20
2025/11/08 14:46:50 INFO session created token=517fc825-3a6a-4f8d-8388-6297224fff0d name=User_30_28
2025/11/08 14:46:50 INFO session created token=51171394-99e2-422f-854e-6305a831e3e1 name=User_75_29
2025/11/08 14:46:50 INFO session created token=c5d9fdc2-9124-42ed-a60b-ffb2f05693ba name=User_76_21
2025/11/08 14:46:50 INFO session created token=ebfdcdf8-80c3-4cc9-a1a0-6f0039aeb0f1 name=User_96_51
2025/11/08 14:46:50 INFO session created token=a5e30ffc-a567-46e4-8593-697f11f1e67b name=User_20_24
2025/11/08 14:46:50 INFO session created token=0b87e657-158d-45cc-ba4c-9b9c0185337b name=User_48_75
2025/11/08 14:46:50 INFO session removed token=5c510969-a144-4e17-b270-8e1e1d7dbd5b
2025/11/08 14:46:50 INFO session created token=b7d06afc-e09c-45ff-a1f0-e986788a2d84 name=User_57_90
2025/11/08 14:46:50 INFO session updated token=72e928ce-2aa3-483c-9e25-a4a2f8c73271 tableID=0xc0002e3cb0 seatIndex=0xc0004e9c10
2025/11/08 14:46:50 INFO session removed token=22c44962-c1c5-4ebf-b7c2-d947c3fe1fd7
2025/11/08 14:46:50 INFO session removed token=cc6a3714-2d2d-415d-867f-72a570bb3567
2025/11/08 14:46:50 INFO session removed token=94342ce3-1129-4309-8595-8f2a045cea8e
2025/11/08 14:46:50 INFO session removed token=96c94466-6a16-4c05-80f5-73854218cac6
2025/11/08 14:46:50 INFO session created token=be1454e0-063d-4ec3-a81a-62c63a2388a2 name=User_34_49
2025/11/08 14:46:50 INFO session removed token=6d02a6ba-a2e9-4aca-84d9-6a9ffd2c28c6
2025/11/08 14:46:50 INFO session created token=7eb50d16-cfeb-4408-8f71-0cfdce637209 name=User_37_37
2025/11/08 14:46:50 INFO session updated token=e833a24a-7f2c-4169-ae59-f2ddec14b889 tableID=0xc0002e3d30 seatIndex=0xc0004e9ca0
2025/11/08 14:46:50 INFO session updated token=a96a8174-d040-4acf-94a3-7309f0acfee8 tableID=0xc0002e3d40 seatIndex=0xc0004e9cb0
2025/11/08 14:46:50 INFO session updated token=cc119822-a705-4de5-915e-a585d20660b4 tableID=0xc0002e3d80 seatIndex=0xc0004e9ce0
2025/11/08 14:46:50 INFO session created token=e407297c-1727-4b42-9e90-91a4fd49e077 name=User_61_57
2025/11/08 14:46:50 INFO session updated token=3092131f-654e-4c81-b810-73163961aff8 tableID=0xc0002e3d90 seatIndex=0xc0004e9cf0
2025/11/08 14:46:50 INFO session updated token=aa5cc4df-c0f6-4f4b-97a9-99e5efbbbaf5 tableID=0xc0002e3da0 seatIndex=0xc0004e9d00
2025/11/08 14:46:50 INFO session updated token=887b3407-4108-4793-ac31-d33527f97b49 tableID=0xc0002e3db0 seatIndex=0xc0004e9d10
2025/11/08 14:46:50 INFO session removed token=7aa06ccb-2574-4471-a0ba-b092841df707
2025/11/08 14:46:50 INFO session created token=b46c1344-4bb7-4d4b-83e3-ddd9a04fefd8 name=User_86_18
2025/11/08 14:46:50 INFO session removed token=0480188e-0f2f-4b02-b7fe-c789e6e5e29b
2025/11/08 14:46:50 INFO session removed token=a919c651-1b25-4668-a354-6d14214889fb
2025/11/08 14:46:50 INFO session removed token=6764bcbc-1286-4273-a400-32e1e6178a9e
2025/11/08 14:46:50 INFO session removed token=3d96a869-214e-450b-8935-58fead7226d5
2025/11/08 14:46:50 INFO session removed token=8c5fa9fe-d37a-4a95-bda3-a2c8874dd1da
2025/11/08 14:46:50 INFO session removed token=0a9eb4ec-b3fe-48e5-9ccd-2c05dec9a5c6
2025/11/08 14:46:50 INFO session created token=d4d409e2-a874-4066-9811-97f7107fa12d name=User_6_16
2025/11/08 14:46:50 INFO session removed token=04ff0b08-1084-4ca6-b192-cbb7e1dc1a1a
2025/11/08 14:46:50 INFO session updated token=3a687055-c1be-4870-b658-4d6f527e0731 tableID=0xc0005539c0 seatIndex=0xc000555a30
2025/11/08 14:46:50 INFO session updated token=1d01f9a7-2e44-4eb3-8943-0d35541286a8 tableID=0xc0002f3cf0 seatIndex=0xc0001281a0
2025/11/08 14:46:50 INFO session removed token=6291b9b8-1a37-45fa-b73a-c3c75779b867
2025/11/08 14:46:50 INFO session removed token=d044d7b1-c386-4cfc-9ba7-d92c6ad680bd
2025/11/08 14:46:50 INFO session removed token=7357fe23-22ce-41d5-812f-b810f6cc3379
2025/11/08 14:46:50 INFO session removed token=cb26a09d-142b-425d-9628-150905957a37
2025/11/08 14:46:50 INFO session removed token=2e28f494-d1df-409d-8980-44345299864d
2025/11/08 14:46:50 INFO session removed token=243e6180-36d2-42ff-8928-1a05e3758635
2025/11/08 14:46:50 INFO session updated token=94602ecc-4c3a-41b8-afe4-b31545fb3e4b tableID=0xc0005539f0 seatIndex=0xc000555a40
2025/11/08 14:46:50 INFO session removed token=d55a074e-9370-46e9-b035-e1504509703e
2025/11/08 14:46:50 INFO session updated token=7d763149-91d1-4271-98f0-2094b9ad99e9 tableID=0xc000553a10 seatIndex=0xc000555a70
2025/11/08 14:46:50 INFO session created token=bda2826c-f67d-4c0f-bde6-9ed08ae66b80 name=User_40_25
2025/11/08 14:46:50 INFO session created token=3d7a59b6-c16a-4053-ae60-90b83e152f45 name=User_99_34
2025/11/08 14:46:50 INFO session updated token=339ce270-466d-4011-a90d-54133e7bd640 tableID=0xc000000200 seatIndex=0xc000592150
2025/11/08 14:46:50 INFO session updated token=fe097bfd-9250-44a7-ac9e-a443d67e80b8 tableID=0xc000553a50 seatIndex=0xc000555ae0
2025/11/08 14:46:50 INFO session updated token=eac69bdf-7781-493e-ab29-963ad31a8ad1 tableID=0xc0003fab20 seatIndex=0xc000604b50
2025/11/08 14:46:50 INFO session updated token=3cc3e282-f559-4da2-b183-5ca351ca4319 tableID=0xc00016f340 seatIndex=0xc000013360
2025/11/08 14:46:50 INFO session removed token=3cc3e282-f559-4da2-b183-5ca351ca4319
2025/11/08 14:46:50 INFO session created token=92c2d418-e6e0-428b-b8c8-48e263fd46a2 name=User_21_60
2025/11/08 14:46:50 INFO session updated token=92c2d418-e6e0-428b-b8c8-48e263fd46a2 tableID=0xc000553da0 seatIndex=0xc000555e20
2025/11/08 14:46:50 INFO session removed token=92c2d418-e6e0-428b-b8c8-48e263fd46a2
2025/11/08 14:46:50 INFO session created token=648d53f0-2dfa-4d7d-b3e8-c0f23175aa1a name=User_21_61
2025/11/08 14:46:50 INFO session updated token=648d53f0-2dfa-4d7d-b3e8-c0f23175aa1a tableID=0xc000553df0 seatIndex=0xc000555e70
2025/11/08 14:46:50 INFO session removed token=648d53f0-2dfa-4d7d-b3e8-c0f23175aa1a
2025/11/08 14:46:50 INFO session created token=0b32ae58-fe59-4cfd-9c7a-72f66a241382 name=User_21_62
2025/11/08 14:46:50 INFO session updated token=0b32ae58-fe59-4cfd-9c7a-72f66a241382 tableID=0xc000553e40 seatIndex=0xc000555ec0
2025/11/08 14:46:50 INFO session removed token=0b32ae58-fe59-4cfd-9c7a-72f66a241382
2025/11/08 14:46:50 INFO session created token=93497f2a-b6c0-4254-a3b0-72cd8bc4cd37 name=User_21_63
2025/11/08 14:46:50 INFO session updated token=93497f2a-b6c0-4254-a3b0-72cd8bc4cd37 tableID=0xc000553e90 seatIndex=0xc000555f10
2025/11/08 14:46:50 INFO session removed token=93497f2a-b6c0-4254-a3b0-72cd8bc4cd37
2025/11/08 14:46:50 INFO session created token=3f0f137a-b925-4a0a-910b-2d3a6e6767c3 name=User_21_64
2025/11/08 14:46:50 INFO session updated token=3f0f137a-b925-4a0a-910b-2d3a6e6767c3 tableID=0xc000553ee0 seatIndex=0xc000555f60
2025/11/08 14:46:50 INFO session removed token=3f0f137a-b925-4a0a-910b-2d3a6e6767c3
2025/11/08 14:46:50 INFO session created token=176b0f5c-6787-40ea-acf2-0115cf6d8035 name=User_21_65
2025/11/08 14:46:50 INFO session updated token=176b0f5c-6787-40ea-acf2-0115cf6d8035 tableID=0xc000553f30 seatIndex=0xc000555fb0
2025/11/08 14:46:50 INFO session removed token=176b0f5c-6787-40ea-acf2-0115cf6d8035
2025/11/08 14:46:50 INFO session created token=7f27664b-44f6-4403-adb7-65061cff2556 name=User_21_66
2025/11/08 14:46:50 INFO session updated token=7f27664b-44f6-4403-adb7-65061cff2556 tableID=0xc0000b2000 seatIndex=0xc0003ea000
2025/11/08 14:46:50 INFO session removed token=7f27664b-44f6-4403-adb7-65061cff2556
2025/11/08 14:46:50 INFO session created token=031a84be-c73e-4d79-9cda-e9c9fd3cca0d name=User_21_67
2025/11/08 14:46:50 INFO session updated token=031a84be-c73e-4d79-9cda-e9c9fd3cca0d tableID=0xc0000b2050 seatIndex=0xc0003ea050
2025/11/08 14:46:50 INFO session removed token=031a84be-c73e-4d79-9cda-e9c9fd3cca0d
2025/11/08 14:46:50 INFO session created token=9ca2feb1-f46a-4bb8-8682-931038f091c4 name=User_21_68
2025/11/08 14:46:50 INFO session updated token=9ca2feb1-f46a-4bb8-8682-931038f091c4 tableID=0xc0000b20a0 seatIndex=0xc0003ea0a0
2025/11/08 14:46:50 INFO session removed token=9ca2feb1-f46a-4bb8-8682-931038f091c4
2025/11/08 14:46:50 INFO session created token=0d70a9da-4cbf-4929-8c9a-5fccb296baf5 name=User_21_69
2025/11/08 14:46:50 INFO session updated token=0d70a9da-4cbf-4929-8c9a-5fccb296baf5 tableID=0xc0000b20f0 seatIndex=0xc0003ea0f0
2025/11/08 14:46:50 INFO session removed token=0d70a9da-4cbf-4929-8c9a-5fccb296baf5
2025/11/08 14:46:50 INFO session created token=dbc249d3-ee57-4ebf-9c42-b4b12848810f name=User_21_70
2025/11/08 14:46:50 INFO session updated token=dbc249d3-ee57-4ebf-9c42-b4b12848810f tableID=0xc0000b2140 seatIndex=0xc0003ea140
2025/11/08 14:46:50 INFO session removed token=dbc249d3-ee57-4ebf-9c42-b4b12848810f
2025/11/08 14:46:50 INFO session created token=86c6e1ba-48d9-44ee-ba8a-626d751122c0 name=User_21_71
2025/11/08 14:46:50 INFO session updated token=86c6e1ba-48d9-44ee-ba8a-626d751122c0 tableID=0xc0000b2190 seatIndex=0xc0003ea190
2025/11/08 14:46:50 INFO session removed token=86c6e1ba-48d9-44ee-ba8a-626d751122c0
2025/11/08 14:46:50 INFO session created token=ed26dc82-654b-479f-b7cd-3577c108655d name=User_21_72
2025/11/08 14:46:50 INFO session updated token=ed26dc82-654b-479f-b7cd-3577c108655d tableID=0xc0000b21e0 seatIndex=0xc0003ea1e0
2025/11/08 14:46:50 INFO session removed token=ed26dc82-654b-479f-b7cd-3577c108655d
2025/11/08 14:46:50 INFO session created token=ea15ec95-d7be-49b1-b926-65971d412ca7 name=User_21_73
2025/11/08 14:46:50 INFO session updated token=ea15ec95-d7be-49b1-b926-65971d412ca7 tableID=0xc0000b2230 seatIndex=0xc0003ea230
2025/11/08 14:46:50 INFO session removed token=ea15ec95-d7be-49b1-b926-65971d412ca7
2025/11/08 14:46:50 INFO session created token=9fa96a34-5e22-4903-ac0a-43f660eca0bf name=User_21_74
2025/11/08 14:46:50 INFO session updated token=9fa96a34-5e22-4903-ac0a-43f660eca0bf tableID=0xc0000b2280 seatIndex=0xc0003ea280
2025/11/08 14:46:50 INFO session removed token=9fa96a34-5e22-4903-ac0a-43f660eca0bf
2025/11/08 14:46:50 INFO session created token=af20e5cc-2e50-4690-89c5-32e46a5a2764 name=User_21_75
2025/11/08 14:46:50 INFO session updated token=af20e5cc-2e50-4690-89c5-32e46a5a2764 tableID=0xc0000b22d0 seatIndex=0xc0003ea2d0
2025/11/08 14:46:50 INFO session removed token=af20e5cc-2e50-4690-89c5-32e46a5a2764
2025/11/08 14:46:50 INFO session created token=1a6dd366-3ac3-4f2e-84ed-6f026b7bed48 name=User_21_76
2025/11/08 14:46:50 INFO session updated token=1a6dd366-3ac3-4f2e-84ed-6f026b7bed48 tableID=0xc0000b2320 seatIndex=0xc0003ea320
2025/11/08 14:46:50 INFO session removed token=1a6dd366-3ac3-4f2e-84ed-6f026b7bed48
2025/11/08 14:46:50 INFO session created token=aa241eda-7a73-41ed-abfd-f21667f803d1 name=User_21_77
2025/11/08 14:46:50 INFO session updated token=aa241eda-7a73-41ed-abfd-f21667f803d1 tableID=0xc0000b2370 seatIndex=0xc0003ea370
2025/11/08 14:46:50 INFO session removed token=aa241eda-7a73-41ed-abfd-f21667f803d1
2025/11/08 14:46:50 INFO session created token=35f835f1-4dc5-4b8f-83dd-01501a583d67 name=User_21_78
2025/11/08 14:46:50 INFO session updated token=35f835f1-4dc5-4b8f-83dd-01501a583d67 tableID=0xc0000b23c0 seatIndex=0xc0003ea3c0
2025/11/08 14:46:50 INFO session removed token=35f835f1-4dc5-4b8f-83dd-01501a583d67
2025/11/08 14:46:50 INFO session created token=da4d6c7f-b8c5-4867-aa53-5b6cde29039a name=User_21_79
2025/11/08 14:46:50 INFO session updated token=da4d6c7f-b8c5-4867-aa53-5b6cde29039a tableID=0xc0000b2410 seatIndex=0xc0003ea410
2025/11/08 14:46:50 INFO session removed token=da4d6c7f-b8c5-4867-aa53-5b6cde29039a
2025/11/08 14:46:50 INFO session created token=9eaae1f0-24fe-4991-aa9b-d1c3c631aa19 name=User_21_80
2025/11/08 14:46:50 INFO session updated token=9eaae1f0-24fe-4991-aa9b-d1c3c631aa19 tableID=0xc0000b2460 seatIndex=0xc0003ea460
2025/11/08 14:46:50 INFO session removed token=9eaae1f0-24fe-4991-aa9b-d1c3c631aa19
2025/11/08 14:46:50 INFO session created token=2bc94359-518c-4947-a415-9d3f6d51890d name=User_21_81
2025/11/08 14:46:50 INFO session updated token=2bc94359-518c-4947-a415-9d3f6d51890d tableID=0xc0000b24b0 seatIndex=0xc0003ea4b0
2025/11/08 14:46:50 INFO session removed token=2bc94359-518c-4947-a415-9d3f6d51890d
2025/11/08 14:46:50 INFO session created token=6f8531b3-5024-44e6-bdf5-7d8970c9dc89 name=User_21_82
2025/11/08 14:46:50 INFO session updated token=6f8531b3-5024-44e6-bdf5-7d8970c9dc89 tableID=0xc0000b2500 seatIndex=0xc0003ea500
2025/11/08 14:46:50 INFO session removed token=6f8531b3-5024-44e6-bdf5-7d8970c9dc89
2025/11/08 14:46:50 INFO session created token=b0673cc4-1c9f-42be-94a2-28dd1531a3da name=User_21_83
2025/11/08 14:46:50 INFO session updated token=b0673cc4-1c9f-42be-94a2-28dd1531a3da tableID=0xc0000b2550 seatIndex=0xc0003ea550
2025/11/08 14:46:50 INFO session removed token=b0673cc4-1c9f-42be-94a2-28dd1531a3da
2025/11/08 14:46:50 INFO session created token=160327c3-3447-42d3-9997-4278a8dd3a29 name=User_21_84
2025/11/08 14:46:50 INFO session updated token=160327c3-3447-42d3-9997-4278a8dd3a29 tableID=0xc0000b25a0 seatIndex=0xc0003ea5a0
2025/11/08 14:46:50 INFO session removed token=160327c3-3447-42d3-9997-4278a8dd3a29
2025/11/08 14:46:50 INFO session created token=c4fb8404-3ae9-40b8-9ac2-58ed21fce0eb name=User_21_85
2025/11/08 14:46:50 INFO session updated token=c4fb8404-3ae9-40b8-9ac2-58ed21fce0eb tableID=0xc0000b25f0 seatIndex=0xc0003ea5f0
2025/11/08 14:46:50 INFO session removed token=c4fb8404-3ae9-40b8-9ac2-58ed21fce0eb
2025/11/08 14:46:50 INFO session created token=92f9f74a-6f6b-4b46-bfce-53f0ee937c62 name=User_21_86
2025/11/08 14:46:50 INFO session updated token=92f9f74a-6f6b-4b46-bfce-53f0ee937c62 tableID=0xc0000b2640 seatIndex=0xc0003ea640
2025/11/08 14:46:50 INFO session removed token=92f9f74a-6f6b-4b46-bfce-53f0ee937c62
2025/11/08 14:46:50 INFO session created token=0e104635-cfcc-4a34-823a-609f521f899d name=User_21_87
2025/11/08 14:46:50 INFO session updated token=0e104635-cfcc-4a34-823a-609f521f899d tableID=0xc0000b2690 seatIndex=0xc0003ea690
2025/11/08 14:46:50 INFO session removed token=0e104635-cfcc-4a34-823a-609f521f899d
2025/11/08 14:46:50 INFO session created token=144297ab-bb7a-4e1b-8332-184451862cf0 name=User_21_88
2025/11/08 14:46:50 INFO session updated token=144297ab-bb7a-4e1b-8332-184451862cf0 tableID=0xc0000b26e0 seatIndex=0xc0003ea6e0
2025/11/08 14:46:50 INFO session removed token=144297ab-bb7a-4e1b-8332-184451862cf0
2025/11/08 14:46:50 INFO session created token=0a66af5e-ce13-4f41-8995-6a6f6573e84b name=User_21_89
2025/11/08 14:46:50 INFO session updated token=0a66af5e-ce13-4f41-8995-6a6f6573e84b tableID=0xc0000b2730 seatIndex=0xc0003ea730
2025/11/08 14:46:50 INFO session removed token=0a66af5e-ce13-4f41-8995-6a6f6573e84b
2025/11/08 14:46:50 INFO session created token=0124a043-5be7-43a5-89cd-55791b5e4230 name=User_21_90
2025/11/08 14:46:50 INFO session updated token=0124a043-5be7-43a5-89cd-55791b5e4230 tableID=0xc0000b2780 seatIndex=0xc0003ea780
2025/11/08 14:46:50 INFO session removed token=0124a043-5be7-43a5-89cd-55791b5e4230
2025/11/08 14:46:50 INFO session created token=2fd2f607-0b50-4faa-87f1-c484e5835f65 name=User_21_91
2025/11/08 14:46:50 INFO session updated token=2fd2f607-0b50-4faa-87f1-c484e5835f65 tableID=0xc0000b27d0 seatIndex=0xc0003ea7d0
2025/11/08 14:46:50 INFO session removed token=2fd2f607-0b50-4faa-87f1-c484e5835f65
2025/11/08 14:46:50 INFO session created token=db562fcc-8e5f-4068-95e8-bc8c8e5fa412 name=User_21_92
2025/11/08 14:46:50 INFO session updated token=db562fcc-8e5f-4068-95e8-bc8c8e5fa412 tableID=0xc0000b2820 seatIndex=0xc0003ea820
2025/11/08 14:46:50 INFO session removed token=db562fcc-8e5f-4068-95e8-bc8c8e5fa412
2025/11/08 14:46:50 INFO session created token=ac3a3c8a-6cd7-4d3a-b886-ac04dd700fd6 name=User_21_93
2025/11/08 14:46:50 INFO session updated token=ac3a3c8a-6cd7-4d3a-b886-ac04dd700fd6 tableID=0xc0000b2870 seatIndex=0xc0003ea870
2025/11/08 14:46:50 INFO session removed token=ac3a3c8a-6cd7-4d3a-b886-ac04dd700fd6
2025/11/08 14:46:50 INFO session created token=ed32868c-0015-4c75-94e2-ec7e4de9b02d name=User_21_94
2025/11/08 14:46:50 INFO session updated token=ed32868c-0015-4c75-94e2-ec7e4de9b02d tableID=0xc0000b28c0 seatIndex=0xc0003ea8c0
2025/11/08 14:46:50 INFO session removed token=ed32868c-0015-4c75-94e2-ec7e4de9b02d
2025/11/08 14:46:50 INFO session created token=d4cb5c2c-0c1a-404a-b918-511b9ede6a48 name=User_21_95
2025/11/08 14:46:50 INFO session updated token=d4cb5c2c-0c1a-404a-b918-511b9ede6a48 tableID=0xc0000b2910 seatIndex=0xc0003ea910
2025/11/08 14:46:50 INFO session removed token=d4cb5c2c-0c1a-404a-b918-511b9ede6a48
2025/11/08 14:46:50 INFO session created token=44da8610-927c-40b1-8a5a-89505bd0f91a name=User_21_96
2025/11/08 14:46:50 INFO session updated token=44da8610-927c-40b1-8a5a-89505bd0f91a tableID=0xc0000b2960 seatIndex=0xc0003ea960
2025/11/08 14:46:50 INFO session removed token=44da8610-927c-40b1-8a5a-89505bd0f91a
2025/11/08 14:46:50 INFO session created token=215db94b-d1da-4219-a855-9d771f7992a5 name=User_21_97
2025/11/08 14:46:50 INFO session updated token=215db94b-d1da-4219-a855-9d771f7992a5 tableID=0xc0000b29b0 seatIndex=0xc0003ea9b0
2025/11/08 14:46:50 INFO session removed token=215db94b-d1da-4219-a855-9d771f7992a5
2025/11/08 14:46:50 INFO session created token=9a8ee334-2554-450e-a1ca-50c8ed9714a2 name=User_21_98
2025/11/08 14:46:50 INFO session updated token=9a8ee334-2554-450e-a1ca-50c8ed9714a2 tableID=0xc0000b2a00 seatIndex=0xc0003eaa00
2025/11/08 14:46:50 INFO session removed token=9a8ee334-2554-450e-a1ca-50c8ed9714a2
2025/11/08 14:46:50 INFO session created token=2c7c688b-dc01-443b-9799-c6e0fe8a3f76 name=User_21_99
2025/11/08 14:46:50 INFO session updated token=2c7c688b-dc01-443b-9799-c6e0fe8a3f76 tableID=0xc0000b2a50 seatIndex=0xc0003eaa50
2025/11/08 14:46:50 INFO session removed token=2c7c688b-dc01-443b-9799-c6e0fe8a3f76
2025/11/08 14:46:50 INFO session created token=993988eb-c928-4b68-a48c-8d3d221bd189 name=User_23_89
2025/11/08 14:46:50 INFO session updated token=993988eb-c928-4b68-a48c-8d3d221bd189 tableID=0xc0000b2aa0 seatIndex=0xc0003eaa80
2025/11/08 14:46:50 INFO session removed token=993988eb-c928-4b68-a48c-8d3d221bd189
2025/11/08 14:46:50 INFO session created token=1d0c5ae4-e6d7-434a-a491-963ce5d6d692 name=User_23_90
2025/11/08 14:46:50 INFO session updated token=1d0c5ae4-e6d7-434a-a491-963ce5d6d692 tableID=0xc0000b2af0 seatIndex=0xc0003eaad0
2025/11/08 14:46:50 INFO session removed token=1d0c5ae4-e6d7-434a-a491-963ce5d6d692
2025/11/08 14:46:50 INFO session created token=20a14e22-4057-478d-a7e4-d6d1d665077a name=User_23_91
2025/11/08 14:46:50 INFO session updated token=20a14e22-4057-478d-a7e4-d6d1d665077a tableID=0xc0000b2b40 seatIndex=0xc0003eab20
2025/11/08 14:46:50 INFO session removed token=20a14e22-4057-478d-a7e4-d6d1d665077a
2025/11/08 14:46:50 INFO session created token=e849a6e7-081d-457a-bc35-1d6c2f9fbfb0 name=User_23_92
2025/11/08 14:46:50 INFO session updated token=e849a6e7-081d-457a-bc35-1d6c2f9fbfb0 tableID=0xc0000b2b90 seatIndex=0xc0003eab70
2025/11/08 14:46:50 INFO session removed token=e849a6e7-081d-457a-bc35-1d6c2f9fbfb0
2025/11/08 14:46:50 INFO session created token=672a4ba6-2bdb-4f6d-b3d8-ca0a5dd0678b name=User_23_93
2025/11/08 14:46:50 INFO session updated token=672a4ba6-2bdb-4f6d-b3d8-ca0a5dd0678b tableID=0xc0000b2be0 seatIndex=0xc0003eabc0
2025/11/08 14:46:50 INFO session removed token=672a4ba6-2bdb-4f6d-b3d8-ca0a5dd0678b
2025/11/08 14:46:50 INFO session created token=cd87238a-e341-4939-a1e6-ee81fffd4a3b name=User_23_94
2025/11/08 14:46:50 INFO session updated token=cd87238a-e341-4939-a1e6-ee81fffd4a3b tableID=0xc0000b2c30 seatIndex=0xc0003eac10
2025/11/08 14:46:50 INFO session removed token=cd87238a-e341-4939-a1e6-ee81fffd4a3b
2025/11/08 14:46:50 INFO session created token=eb343334-cce7-4a22-8f77-5b3ed1b87008 name=User_23_95
2025/11/08 14:46:50 INFO session updated token=eb343334-cce7-4a22-8f77-5b3ed1b87008 tableID=0xc0000b2c80 seatIndex=0xc0003eac60
2025/11/08 14:46:50 INFO session removed token=eb343334-cce7-4a22-8f77-5b3ed1b87008
2025/11/08 14:46:50 INFO session created token=06c9aa32-2400-4337-980b-95a366cba3b1 name=User_23_96
2025/11/08 14:46:50 INFO session updated token=06c9aa32-2400-4337-980b-95a366cba3b1 tableID=0xc0000b2cd0 seatIndex=0xc0003eacb0
2025/11/08 14:46:50 INFO session removed token=06c9aa32-2400-4337-980b-95a366cba3b1
2025/11/08 14:46:50 INFO session created token=8e7383f9-36cc-4946-9dcc-3fe3a02e59ef name=User_23_97
2025/11/08 14:46:50 INFO session updated token=8e7383f9-36cc-4946-9dcc-3fe3a02e59ef tableID=0xc0000b2d20 seatIndex=0xc0003ead00
2025/11/08 14:46:50 INFO session removed token=8e7383f9-36cc-4946-9dcc-3fe3a02e59ef
2025/11/08 14:46:50 INFO session created token=847b138c-d6ab-4c7c-a620-a298a813e585 name=User_23_98
2025/11/08 14:46:50 INFO session updated token=847b138c-d6ab-4c7c-a620-a298a813e585 tableID=0xc0000b2d70 seatIndex=0xc0003ead50
2025/11/08 14:46:50 INFO session removed token=847b138c-d6ab-4c7c-a620-a298a813e585
2025/11/08 14:46:50 INFO session created token=6364bee1-90dc-4d5e-817d-0d0642af207a name=User_23_99
2025/11/08 14:46:50 INFO session updated token=6364bee1-90dc-4d5e-817d-0d0642af207a tableID=0xc0000b2dc0 seatIndex=0xc0003eada0
2025/11/08 14:46:50 INFO session removed token=6364bee1-90dc-4d5e-817d-0d0642af207a
2025/11/08 14:46:50 INFO session created token=cc73b32e-26b0-45d7-ac7e-3ee0b0c97de9 name=User_60_43
2025/11/08 14:46:50 INFO session updated token=cc73b32e-26b0-45d7-ac7e-3ee0b0c97de9 tableID=0xc0000b2e10 seatIndex=0xc0003eadd0
2025/11/08 14:46:50 INFO session removed token=cc73b32e-26b0-45d7-ac7e-3ee0b0c97de9
2025/11/08 14:46:50 INFO session created token=0350423e-0295-49f4-9870-011153a24cea name=User_60_44
2025/11/08 14:46:50 INFO session updated token=0350423e-0295-49f4-9870-011153a24cea tableID=0xc0000b2e60 seatIndex=0xc0003eae20
2025/11/08 14:46:50 INFO session removed token=0350423e-0295-49f4-9870-011153a24cea
2025/11/08 14:46:50 INFO session created token=688d829c-44e6-4785-950d-0288566c4d05 name=User_60_45
2025/11/08 14:46:50 INFO session updated token=688d829c-44e6-4785-950d-0288566c4d05 tableID=0xc0000b2eb0 seatIndex=0xc0003eae70
2025/11/08 14:46:50 INFO session removed token=688d829c-44e6-4785-950d-0288566c4d05
2025/11/08 14:46:50 INFO session created token=68f2f7dd-a47f-4beb-b1b0-33cf46f4dcb0 name=User_60_46
2025/11/08 14:46:50 INFO session updated token=68f2f7dd-a47f-4beb-b1b0-33cf46f4dcb0 tableID=0xc0000b2f00 seatIndex=0xc0003eaec0
2025/11/08 14:46:50 INFO session removed token=68f2f7dd-a47f-4beb-b1b0-33cf46f4dcb0
2025/11/08 14:46:50 INFO session created token=017d8b98-76ff-45ce-81c1-1be5e7bfd9d9 name=User_60_47
2025/11/08 14:46:50 INFO session updated token=017d8b98-76ff-45ce-81c1-1be5e7bfd9d9 tableID=0xc0000b2f50 seatIndex=0xc0003eaf10
2025/11/08 14:46:50 INFO session removed token=017d8b98-76ff-45ce-81c1-1be5e7bfd9d9
2025/11/08 14:46:50 INFO session created token=19bf813f-915d-4e0d-a5ae-00853951fbba name=User_60_48
2025/11/08 14:46:50 INFO session updated token=19bf813f-915d-4e0d-a5ae-00853951fbba tableID=0xc0000b2fa0 seatIndex=0xc0003eaf60
2025/11/08 14:46:50 INFO session removed token=19bf813f-915d-4e0d-a5ae-00853951fbba
2025/11/08 14:46:50 INFO session created token=fb4e8f66-7578-4e13-8df6-51c951d33c8e name=User_60_49
2025/11/08 14:46:50 INFO session updated token=fb4e8f66-7578-4e13-8df6-51c951d33c8e tableID=0xc0000b2ff0 seatIndex=0xc0003eafb0
2025/11/08 14:46:50 INFO session removed token=fb4e8f66-7578-4e13-8df6-51c951d33c8e
2025/11/08 14:46:50 INFO session created token=3310cbce-d997-4789-8d2f-786d0137a675 name=User_60_50
2025/11/08 14:46:50 INFO session updated token=3310cbce-d997-4789-8d2f-786d0137a675 tableID=0xc0000b3040 seatIndex=0xc0003eb000
2025/11/08 14:46:50 INFO session removed token=3310cbce-d997-4789-8d2f-786d0137a675
2025/11/08 14:46:50 INFO session created token=efb37d6b-aa46-4ead-ad77-d7a5f30b45aa name=User_60_51
2025/11/08 14:46:50 INFO session updated token=efb37d6b-aa46-4ead-ad77-d7a5f30b45aa tableID=0xc0000b3090 seatIndex=0xc0003eb050
2025/11/08 14:46:50 INFO session removed token=efb37d6b-aa46-4ead-ad77-d7a5f30b45aa
2025/11/08 14:46:50 INFO session created token=00b8e824-083d-44ac-8a87-08a5e129d01a name=User_60_52
2025/11/08 14:46:50 INFO session updated token=00b8e824-083d-44ac-8a87-08a5e129d01a tableID=0xc0000b30e0 seatIndex=0xc0003eb0a0
2025/11/08 14:46:50 INFO session removed token=00b8e824-083d-44ac-8a87-08a5e129d01a
2025/11/08 14:46:50 INFO session created token=dcac29ea-4e8d-4d9e-9d46-72619333da6f name=User_60_53
2025/11/08 14:46:50 INFO session updated token=dcac29ea-4e8d-4d9e-9d46-72619333da6f tableID=0xc0000b3130 seatIndex=0xc0003eb0f0
2025/11/08 14:46:50 INFO session removed token=dcac29ea-4e8d-4d9e-9d46-72619333da6f
2025/11/08 14:46:50 INFO session created token=286e62a0-4d6f-46ac-854b-35f43c48dd8e name=User_60_54
2025/11/08 14:46:50 INFO session updated token=286e62a0-4d6f-46ac-854b-35f43c48dd8e tableID=0xc0000b3180 seatIndex=0xc0003eb140
2025/11/08 14:46:50 INFO session removed token=286e62a0-4d6f-46ac-854b-35f43c48dd8e
2025/11/08 14:46:50 INFO session created token=6b32b2f4-4cc6-42b2-a5c8-f6e5717cfa4f name=User_60_55
2025/11/08 14:46:50 INFO session updated token=6b32b2f4-4cc6-42b2-a5c8-f6e5717cfa4f tableID=0xc0000b31d0 seatIndex=0xc0003eb190
2025/11/08 14:46:50 INFO session removed token=6b32b2f4-4cc6-42b2-a5c8-f6e5717cfa4f
2025/11/08 14:46:50 INFO session created token=17c1aefd-efbd-48b7-b481-405b0bd04a93 name=User_60_56
2025/11/08 14:46:50 INFO session updated token=17c1aefd-efbd-48b7-b481-405b0bd04a93 tableID=0xc0000b3220 seatIndex=0xc0003eb1e0
2025/11/08 14:46:50 INFO session removed token=17c1aefd-efbd-48b7-b481-405b0bd04a93
2025/11/08 14:46:50 INFO session created token=047d3bfc-f652-47ae-a933-eb034aba272a name=User_60_57
2025/11/08 14:46:50 INFO session updated token=047d3bfc-f652-47ae-a933-eb034aba272a tableID=0xc0000b3270 seatIndex=0xc0003eb230
2025/11/08 14:46:50 INFO session removed token=047d3bfc-f652-47ae-a933-eb034aba272a
2025/11/08 14:46:50 INFO session created token=d644590f-b790-449e-9175-706b9f671a36 name=User_60_58
2025/11/08 14:46:50 INFO session updated token=d644590f-b790-449e-9175-706b9f671a36 tableID=0xc0000b32c0 seatIndex=0xc0003eb280
2025/11/08 14:46:50 INFO session removed token=d644590f-b790-449e-9175-706b9f671a36
2025/11/08 14:46:50 INFO session created token=298f46ed-79e4-4bb4-918b-6153140bf0c1 name=User_60_59
2025/11/08 14:46:50 INFO session updated token=298f46ed-79e4-4bb4-918b-6153140bf0c1 tableID=0xc0000b3310 seatIndex=0xc0003eb2d0
2025/11/08 14:46:50 INFO session created token=a03430a4-9bd1-402b-86fd-23cfc1987010 name=User_45_20
2025/11/08 14:46:50 INFO session removed token=298f46ed-79e4-4bb4-918b-6153140bf0c1
2025/11/08 14:46:50 INFO session removed token=7967ab71-044a-4429-b5bb-e5144336b39d
2025/11/08 14:46:50 INFO session created token=db8b7231-67ef-4e62-a06d-04eb7018a806 name=User_12_59
2025/11/08 14:46:50 INFO session created token=c7fc3f8f-9160-4630-87de-ccf6490f230a name=User_46_57
2025/11/08 14:46:50 INFO session updated token=211fbd61-e3a0-49c0-8631-f25c1cbb098c tableID=0xc00016f570 seatIndex=0xc000013570
2025/11/08 14:46:50 INFO session removed token=09d9bf37-d035-427a-a030-738769dbfe2a
2025/11/08 14:46:50 INFO session created token=df83da7c-c646-4886-bc8c-322f7e542832 name=User_90_34
2025/11/08 14:46:50 INFO session created token=af3d948d-c1a1-4b55-b55c-1a82089f48c5 name=User_72_19
2025/11/08 14:46:50 INFO session updated token=9955819f-d4b8-4487-9d47-fba14b19b451 tableID=0xc000553a90 seatIndex=0xc000555b20
2025/11/08 14:46:50 INFO session removed token=c576c565-ff35-4cce-9a8d-29810072fd64
2025/11/08 14:46:50 INFO session removed token=54e45549-bf35-4ac1-aae6-73ecc7025171
2025/11/08 14:46:50 INFO session removed token=a38f142f-9901-4130-9028-8be71e5a16a9
2025/11/08 14:46:50 INFO session removed token=55cbafac-7e96-4c62-90ab-a676fbee52cd
2025/11/08 14:46:50 INFO session removed token=029099df-dc69-42b5-b192-db251771b614
2025/11/08 14:46:50 INFO session removed token=ec9d5f8b-f23f-4d9b-b365-d13d26afee4e
2025/11/08 14:46:50 INFO session removed token=bf3f52e9-4aa4-417d-861a-f6adc0cba60a
2025/11/08 14:46:50 INFO session removed token=5a99a281-abce-4648-a6b9-2e6b343400bb
2025/11/08 14:46:50 INFO session removed token=aea42f15-e8c9-4fbd-afc0-8a72b1727815
2025/11/08 14:46:50 INFO session updated token=d21fdce8-b598-4f07-b57f-d0303aea9c0b tableID=0xc00016f5b0 seatIndex=0xc0000135a0
2025/11/08 14:46:50 INFO session updated token=fbbf71c7-caba-4eec-bae7-e4f3776df416 tableID=0xc000553b90 seatIndex=0xc000555c70
2025/11/08 14:46:50 INFO session updated token=24802816-2e2a-48d9-9c4a-063fc74b5c6a tableID=0xc00016f5c0 seatIndex=0xc0000135b0
2025/11/08 14:46:50 INFO session removed token=15e909e1-4669-4cc5-8d6f-3fa7425da83f
2025/11/08 14:46:50 INFO session created token=58fd4e8a-3e6f-4b75-b072-3aac7fb09cc8 name=User_22_27
2025/11/08 14:46:50 INFO session updated token=ebfdcdf8-80c3-4cc9-a1a0-6f0039aeb0f1 tableID=0xc00016f600 seatIndex=0xc0000135c0
2025/11/08 14:46:50 INFO session created token=84621258-f2ea-425a-8402-1b9f13dc91b7 name=User_42_50
2025/11/08 14:46:50 INFO session created token=ce2087f5-b37b-4872-829c-cd58147326f9 name=User_36_33
2025/11/08 14:46:50 INFO session updated token=a5e30ffc-a567-46e4-8593-697f11f1e67b tableID=0xc00016f610 seatIndex=0xc0000135d0
2025/11/08 14:46:50 INFO session updated token=0b87e657-158d-45cc-ba4c-9b9c0185337b tableID=0xc00016f620 seatIndex=0xc0000135e0
2025/11/08 14:46:50 INFO session updated token=c5d9fdc2-9124-42ed-a60b-ffb2f05693ba tableID=0xc000024c20 seatIndex=0xc000306cc8
2025/11/08 14:46:50 INFO session updated token=3801d223-9eb1-4dd4-aeb2-53d38461ac66 tableID=0xc000024c30 seatIndex=0xc000306cd8
2025/11/08 14:46:50 INFO session updated token=517fc825-3a6a-4f8d-8388-6297224fff0d tableID=0xc000024c40 seatIndex=0xc000306ce8
2025/11/08 14:46:50 INFO session updated token=51171394-99e2-422f-854e-6305a831e3e1 tableID=0xc000024c50 seatIndex=0xc000306cf8
2025/11/08 14:46:50 INFO session removed token=72e928ce-2aa3-483c-9e25-a4a2f8c73271
2025/11/08 14:46:50 INFO session created token=bb0f8592-3d8c-4ae3-b896-60642429c357 name=User_33_32
2025/11/08 14:46:50 INFO session updated token=b7d06afc-e09c-45ff-a1f0-e986788a2d84 tableID=0xc00016f650 seatIndex=0xc000013610
2025/11/08 14:46:50 INFO session updated token=be1454e0-063d-4ec3-a81a-62c63a2388a2 tableID=0xc0003fb610 seatIndex=0xc0006055b0
2025/11/08 14:46:50 INFO session created token=bfd2cb9e-5228-4930-aa47-8a8f3ac187b4 name=User_59_36
2025/11/08 14:46:50 INFO session created token=1e1036ba-6e2d-43d5-b9e8-9b1374a875c7 name=User_28_35
2025/11/08 14:46:50 INFO session updated token=7eb50d16-cfeb-4408-8f71-0cfdce637209 tableID=0xc0003fb630 seatIndex=0xc0006055e0
2025/11/08 14:46:50 INFO session created token=b845512b-114f-45fe-ab1a-0275d7df9a1e name=User_24_67
2025/11/08 14:46:50 INFO session created token=bf39bac4-b976-40e1-b019-65bc7e9a8589 name=User_94_66
2025/11/08 14:46:50 INFO session created token=f847f382-31d4-4a98-bd12-386aaa3c9f68 name=User_47_18
2025/11/08 14:46:50 INFO session removed token=e833a24a-7f2c-4169-ae59-f2ddec14b889
2025/11/08 14:46:50 INFO session removed token=a96a8174-d040-4acf-94a3-7309f0acfee8
2025/11/08 14:46:50 INFO session removed token=cc119822-a705-4de5-915e-a585d20660b4
2025/11/08 14:46:50 INFO session updated token=e407297c-1727-4b42-9e90-91a4fd49e077 tableID=0xc0003fb6b0 seatIndex=0xc000605650
2025/11/08 14:46:50 INFO session removed token=3092131f-654e-4c81-b810-73163961aff8
2025/11/08 14:46:50 INFO session removed token=aa5cc4df-c0f6-4f4b-97a9-99e5efbbbaf5
2025/11/08 14:46:50 INFO session removed token=887b3407-4108-4793-ac31-d33527f97b49
2025/11/08 14:46:50 INFO session updated token=b46c1344-4bb7-4d4b-83e3-ddd9a04fefd8 tableID=0xc000553be0 seatIndex=0xc000555cc0
2025/11/08 14:46:50 INFO session created token=a95bf248-5b43-4541-8903-942c4b9f1d14 name=User_11_34
2025/11/08 14:46:50 INFO session created token=58a56655-b071-4ce2-8f72-e3fc3e025358 name=User_63_25
2025/11/08 14:46:50 INFO session created token=7920164d-fd17-4206-bdc1-c1180841cee8 name=User_95_14
2025/11/08 14:46:50 INFO session updated token=d4d409e2-a874-4066-9811-97f7107fa12d tableID=0xc000553c50 seatIndex=0xc000555cd0
2025/11/08 14:46:50 INFO session created token=0f54b9ec-105c-40ba-9d06-73ebda6d47ee name=User_13_15
2025/11/08 14:46:50 INFO session created token=d66d319b-c5b0-438c-813b-4efa0fc2a1d2 name=User_8_17
2025/11/08 14:46:50 INFO session created token=48640d90-93c3-44ff-b611-1eb7f4cd8f37 name=User_51_15
2025/11/08 14:46:50 INFO session created token=018c2e06-2d94-4626-afc8-e28d4754dfdd name=User_4_55
2025/11/08 14:46:50 INFO session updated token=d66d319b-c5b0-438c-813b-4efa0fc2a1d2 tableID=0xc0003fb8e0 seatIndex=0xc000605860
2025/11/08 14:46:50 INFO session created token=9c733262-2d42-4403-ae98-2524d95cd58e name=User_98_24
2025/11/08 14:46:50 INFO session created token=dd8d761f-6357-4689-accb-a478491074ac name=User_65_99
2025/11/08 14:46:50 INFO session removed token=d66d319b-c5b0-438c-813b-4efa0fc2a1d2
2025/11/08 14:46:50 INFO session removed token=1d01f9a7-2e44-4eb3-8943-0d35541286a8
2025/11/08 14:46:50 INFO session removed token=7d763149-91d1-4271-98f0-2094b9ad99e9
2025/11/08 14:46:50 INFO session removed token=94602ecc-4c3a-41b8-afe4-b31545fb3e4b
2025/11/08 14:46:50 INFO session updated token=bda2826c-f67d-4c0f-bde6-9ed08ae66b80 tableID=0xc000553d20 seatIndex=0xc000555d80
2025/11/08 14:46:50 INFO session updated token=3d7a59b6-c16a-4053-ae60-90b83e152f45 tableID=0xc000553d30 seatIndex=0xc000555d90
2025/11/08 14:46:50 INFO session removed token=fe097bfd-9250-44a7-ac9e-a443d67e80b8
2025/11/08 14:46:50 INFO session created token=ae365613-b329-453f-a3cb-cf80efd7cb2f name=User_97_44
2025/11/08 14:46:50 INFO session updated token=ae365613-b329-453f-a3cb-cf80efd7cb2f tableID=0xc000303390 seatIndex=0xc000381440
2025/11/08 14:46:50 INFO session removed token=ae365613-b329-453f-a3cb-cf80efd7cb2f
2025/11/08 14:46:50 INFO session created token=28e7d044-5942-4cd7-94aa-89c4caf89546 name=User_97_45
2025/11/08 14:46:50 INFO session created token=e3fd231e-3ed3-4350-b78b-a064024f4c78 name=User_41_47
2025/11/08 14:46:50 INFO session created token=aa8656e9-1200-4438-b80f-c87c90cc2b8e name=User_0_69
2025/11/08 14:46:50 INFO session created token=0d7a059d-82bb-46a0-b0d7-67c26eb9af76 name=User_73_22
2025/11/08 14:46:50 INFO session created token=4a16dd24-19c6-4aab-b39e-16c599209cd2 name=User_58_32
2025/11/08 14:46:50 INFO session created token=efd672d1-bbab-4829-b819-8fad0e97911c name=User_15_43
2025/11/08 14:46:50 INFO session created token=c8c1ff47-1256-4818-b935-7da10e23e4d4 name=User_77_21
2025/11/08 14:46:50 INFO session updated token=28e7d044-5942-4cd7-94aa-89c4caf89546 tableID=0xc0003033e0 seatIndex=0xc000381490
2025/11/08 14:46:50 INFO session removed token=28e7d044-5942-4cd7-94aa-89c4caf89546
2025/11/08 14:46:50 INFO session created token=1e116e64-a72d-4931-ad57-79561d37457d name=User_97_46
2025/11/08 14:46:50 INFO session updated token=1e116e64-a72d-4931-ad57-79561d37457d tableID=0xc000303490 seatIndex=0xc000381540
2025/11/08 14:46:50 INFO session removed token=1e116e64-a72d-4931-ad57-79561d37457d
2025/11/08 14:46:50 INFO session created token=6e19aa96-55a6-43b1-8b5d-33e27b05e2c5 name=User_97_47
2025/11/08 14:46:50 INFO session updated token=6e19aa96-55a6-43b1-8b5d-33e27b05e2c5 tableID=0xc0003034e0 seatIndex=0xc000381590
2025/11/08 14:46:50 INFO session removed token=6e19aa96-55a6-43b1-8b5d-33e27b05e2c5
2025/11/08 14:46:50 INFO session created token=2a2e181b-6edf-48e6-9a49-79ca03a3d60e name=User_97_48
2025/11/08 14:46:50 INFO session updated token=2a2e181b-6edf-48e6-9a49-79ca03a3d60e tableID=0xc000303530 seatIndex=0xc0003815e0
2025/11/08 14:46:50 INFO session removed token=2a2e181b-6edf-48e6-9a49-79ca03a3d60e
2025/11/08 14:46:50 INFO session created token=9e13b90e-ea9f-41dd-8c8f-d79e95b1bbcc name=User_97_49
2025/11/08 14:46:50 INFO session updated token=9e13b90e-ea9f-41dd-8c8f-d79e95b1bbcc tableID=0xc000303580 seatIndex=0xc000381630
2025/11/08 14:46:50 INFO session removed token=9e13b90e-ea9f-41dd-8c8f-d79e95b1bbcc
2025/11/08 14:46:50 INFO session created token=b94fc4db-b767-4f99-9af9-ad763345db75 name=User_97_50
2025/11/08 14:46:50 INFO session created token=2baa1c90-8698-4d2c-a30f-67e740557d7f name=User_83_30
2025/11/08 14:46:50 INFO session removed token=eac69bdf-7781-493e-ab29-963ad31a8ad1
2025/11/08 14:46:50 INFO session created token=752b2f29-b034-4f4d-a3a5-b750dd329a3f name=User_84_32
2025/11/08 14:46:50 INFO session updated token=752b2f29-b034-4f4d-a3a5-b750dd329a3f tableID=0xc0003fb9a0 seatIndex=0xc000605900
2025/11/08 14:46:50 INFO session removed token=752b2f29-b034-4f4d-a3a5-b750dd329a3f
2025/11/08 14:46:50 INFO session created token=77d55b04-17e7-43ec-a6e2-ee19b38d53b9 name=User_84_33
2025/11/08 14:46:50 INFO session updated token=77d55b04-17e7-43ec-a6e2-ee19b38d53b9 tableID=0xc0003fb9f0 seatIndex=0xc000605950
2025/11/08 14:46:50 INFO session removed token=77d55b04-17e7-43ec-a6e2-ee19b38d53b9
2025/11/08 14:46:50 INFO session created token=efb7f751-3c5f-4524-aa94-9f30ded58d4a name=User_84_34
2025/11/08 14:46:50 INFO session updated token=efb7f751-3c5f-4524-aa94-9f30ded58d4a tableID=0xc0003fba40 seatIndex=0xc0006059a0
2025/11/08 14:46:50 INFO session removed token=efb7f751-3c5f-4524-aa94-9f30ded58d4a
2025/11/08 14:46:50 INFO session created token=e151f584-6e07-469a-854b-a279fc7263a9 name=User_84_35
2025/11/08 14:46:50 INFO session updated token=e151f584-6e07-469a-854b-a279fc7263a9 tableID=0xc0003fba90 seatIndex=0xc0006059f0
2025/11/08 14:46:50 INFO session removed token=e151f584-6e07-469a-854b-a279fc7263a9
2025/11/08 14:46:50 INFO session created token=93d1dac6-9b2b-4d54-8765-b86342164539 name=User_84_36
2025/11/08 14:46:50 INFO session updated token=93d1dac6-9b2b-4d54-8765-b86342164539 tableID=0xc0003fbae0 seatIndex=0xc000605a40
2025/11/08 14:46:50 INFO session removed token=93d1dac6-9b2b-4d54-8765-b86342164539
2025/11/08 14:46:50 INFO session created token=1db0a123-59c3-4a39-ae93-5ef955a7483d name=User_84_37
2025/11/08 14:46:50 INFO session updated token=1db0a123-59c3-4a39-ae93-5ef955a7483d tableID=0xc0003fbb30 seatIndex=0xc000605a90
2025/11/08 14:46:50 INFO session removed token=1db0a123-59c3-4a39-ae93-5ef955a7483d
2025/11/08 14:46:50 INFO session created token=6283830a-4e13-49d9-8ebd-d44c61819d0e name=User_84_38
2025/11/08 14:46:50 INFO session updated token=6283830a-4e13-49d9-8ebd-d44c61819d0e tableID=0xc0003fbb80 seatIndex=0xc000605ae0
2025/11/08 14:46:50 INFO session removed token=6283830a-4e13-49d9-8ebd-d44c61819d0e
2025/11/08 14:46:50 INFO session created token=37e4d3a1-8b9f-431c-990d-bb6b16a31b76 name=User_84_39
2025/11/08 14:46:50 INFO session updated token=37e4d3a1-8b9f-431c-990d-bb6b16a31b76 tableID=0xc0003fbbd0 seatIndex=0xc000605b30
2025/11/08 14:46:50 INFO session removed token=37e4d3a1-8b9f-431c-990d-bb6b16a31b76
2025/11/08 14:46:50 INFO session created token=89c056e8-9507-4e87-a90d-5cf3f82ca535 name=User_84_40
2025/11/08 14:46:50 INFO session updated token=89c056e8-9507-4e87-a90d-5cf3f82ca535 tableID=0xc0003fbc20 seatIndex=0xc000605b80
2025/11/08 14:46:50 INFO session removed token=89c056e8-9507-4e87-a90d-5cf3f82ca535
2025/11/08 14:46:50 INFO session created token=2750b596-cfe3-4fdf-b7d9-a0d91386c798 name=User_60_60
2025/11/08 14:46:50 INFO session created token=c1a00988-a938-4aab-ac1d-0f7375dfaf65 name=User_84_41
2025/11/08 14:46:50 INFO session updated token=2750b596-cfe3-4fdf-b7d9-a0d91386c798 tableID=0xc000024de0 seatIndex=0xc000306ee8
2025/11/08 14:46:50 INFO session removed token=2750b596-cfe3-4fdf-b7d9-a0d91386c798
2025/11/08 14:46:50 INFO session created token=cd4c3548-7a83-4412-9c2c-4ffd0e18cd88 name=User_60_61
2025/11/08 14:46:50 INFO session updated token=cd4c3548-7a83-4412-9c2c-4ffd0e18cd88 tableID=0xc000024e40 seatIndex=0xc000306f48
2025/11/08 14:46:50 INFO session removed token=cd4c3548-7a83-4412-9c2c-4ffd0e18cd88
2025/11/08 14:46:50 INFO session created token=f99b462c-a99d-4b3a-97e2-42aead0cfae5 name=User_60_62
2025/11/08 14:46:50 INFO session updated token=f99b462c-a99d-4b3a-97e2-42aead0cfae5 tableID=0xc000024e90 seatIndex=0xc000306f98
2025/11/08 14:46:50 INFO session removed token=f99b462c-a99d-4b3a-97e2-42aead0cfae5
2025/11/08 14:46:50 INFO session created token=8aad85de-d737-403e-84b9-2d3737060e5e name=User_60_63
2025/11/08 14:46:50 INFO session updated token=8aad85de-d737-403e-84b9-2d3737060e5e tableID=0xc000024ee0 seatIndex=0xc000306fe8
2025/11/08 14:46:50 INFO session removed token=8aad85de-d737-403e-84b9-2d3737060e5e
2025/11/08 14:46:50 INFO session created token=ec19b5f4-4743-4b52-9ee6-899762846df1 name=User_60_64
2025/11/08 14:46:50 INFO session updated token=ec19b5f4-4743-4b52-9ee6-899762846df1 tableID=0xc000024f30 seatIndex=0xc000307038
2025/11/08 14:46:50 INFO session removed token=ec19b5f4-4743-4b52-9ee6-899762846df1
2025/11/08 14:46:50 INFO session updated token=a03430a4-9bd1-402b-86fd-23cfc1987010 tableID=0xc0003fb720 seatIndex=0xc000605700
2025/11/08 14:46:50 INFO session removed token=a03430a4-9bd1-402b-86fd-23cfc1987010
2025/11/08 14:46:50 INFO session created token=d0628f7a-0980-4c59-ab4f-cc3ad8199ee4 name=User_45_21
2025/11/08 14:46:50 INFO session updated token=d0628f7a-0980-4c59-ab4f-cc3ad8199ee4 tableID=0xc0002f3f40 seatIndex=0xc000128500
2025/11/08 14:46:50 INFO session removed token=d0628f7a-0980-4c59-ab4f-cc3ad8199ee4
2025/11/08 14:46:50 INFO session created token=4aac053d-1dea-48c1-a316-26f21dcbb95d name=User_45_22
2025/11/08 14:46:50 INFO session updated token=4aac053d-1dea-48c1-a316-26f21dcbb95d tableID=0xc0002f6010 seatIndex=0xc000128550
2025/11/08 14:46:50 INFO session removed token=4aac053d-1dea-48c1-a316-26f21dcbb95d
2025/11/08 14:46:50 INFO session created token=c760a874-f131-4308-a653-bd96b7337f28 name=User_45_23
2025/11/08 14:46:50 INFO session updated token=c760a874-f131-4308-a653-bd96b7337f28 tableID=0xc0002f6060 seatIndex=0xc0001285a0
2025/11/08 14:46:50 INFO session removed token=c760a874-f131-4308-a653-bd96b7337f28
2025/11/08 14:46:50 INFO session created token=441070d6-b259-4d45-a579-37b10085796e name=User_45_24
2025/11/08 14:46:50 INFO session updated token=441070d6-b259-4d45-a579-37b10085796e tableID=0xc0002f60b0 seatIndex=0xc0001285f0
2025/11/08 14:46:50 INFO session removed token=441070d6-b259-4d45-a579-37b10085796e
2025/11/08 14:46:50 INFO session created token=3f185ab8-1215-47a1-b7d1-6996fb5125b2 name=User_45_25
2025/11/08 14:46:50 INFO session updated token=3f185ab8-1215-47a1-b7d1-6996fb5125b2 tableID=0xc0002f6100 seatIndex=0xc000128640
2025/11/08 14:46:50 INFO session removed token=3f185ab8-1215-47a1-b7d1-6996fb5125b2
2025/11/08 14:46:50 INFO session updated token=c1a00988-a938-4aab-ac1d-0f7375dfaf65 tableID=0xc000024e00 seatIndex=0xc000306f18
2025/11/08 14:46:50 INFO session removed token=c1a00988-a938-4aab-ac1d-0f7375dfaf65
2025/11/08 14:46:50 INFO session created token=83bce3ec-07fb-4e14-923e-0119bde3c4b2 name=User_84_42
2025/11/08 14:46:50 INFO session updated token=83bce3ec-07fb-4e14-923e-0119bde3c4b2 tableID=0xc0003fbcb0 seatIndex=0xc000605c10
2025/11/08 14:46:50 INFO session removed token=83bce3ec-07fb-4e14-923e-0119bde3c4b2
2025/11/08 14:46:50 INFO session created token=3b2ac288-106f-4900-84bf-58593034204b name=User_84_43
2025/11/08 14:46:50 INFO session updated token=3b2ac288-106f-4900-84bf-58593034204b tableID=0xc0003fbd00 seatIndex=0xc000605c60
2025/11/08 14:46:50 INFO session removed token=3b2ac288-106f-4900-84bf-58593034204b
2025/11/08 14:46:50 INFO session created token=6b26b2e9-9dfa-4176-ae66-71f9163195d8 name=User_84_44
2025/11/08 14:46:50 INFO session updated token=6b26b2e9-9dfa-4176-ae66-71f9163195d8 tableID=0xc0003fbd50 seatIndex=0xc000605cb0
2025/11/08 14:46:50 INFO session removed token=6b26b2e9-9dfa-4176-ae66-71f9163195d8
2025/11/08 14:46:50 INFO session created token=4612c897-ec95-4367-8343-788b2cbd5604 name=User_84_45
2025/11/08 14:46:50 INFO session updated token=4612c897-ec95-4367-8343-788b2cbd5604 tableID=0xc0003fbda0 seatIndex=0xc000605d00
2025/11/08 14:46:50 INFO session removed token=4612c897-ec95-4367-8343-788b2cbd5604
2025/11/08 14:46:50 INFO session created token=68b9d5ce-c22c-4cf5-9e89-77e14bc8db66 name=User_84_46
2025/11/08 14:46:50 INFO session updated token=68b9d5ce-c22c-4cf5-9e89-77e14bc8db66 tableID=0xc0003fbdf0 seatIndex=0xc000605d50
2025/11/08 14:46:50 INFO session removed token=68b9d5ce-c22c-4cf5-9e89-77e14bc8db66
2025/11/08 14:46:50 INFO session created token=f791c0fa-7012-4753-a329-6f076559615e name=User_84_47
2025/11/08 14:46:50 INFO session updated token=f791c0fa-7012-4753-a329-6f076559615e tableID=0xc0003fbe40 seatIndex=0xc000605da0
2025/11/08 14:46:50 INFO session created token=3e9f9901-9347-4c2e-a3a5-2e0543a4c167 name=User_35_21
2025/11/08 14:46:50 INFO session removed token=f791c0fa-7012-4753-a329-6f076559615e
2025/11/08 14:46:50 INFO session created token=68f2527f-2b7e-49be-a3a6-4917c32f9617 name=User_84_48
2025/11/08 14:46:50 INFO session updated token=3e9f9901-9347-4c2e-a3a5-2e0543a4c167 tableID=0xc0002f6150 seatIndex=0xc000128690
2025/11/08 14:46:50 INFO session removed token=3e9f9901-9347-4c2e-a3a5-2e0543a4c167
2025/11/08 14:46:50 INFO session created token=df1d0e84-38bb-46dd-8e99-4c70284c3977 name=User_35_22
2025/11/08 14:46:50 INFO session updated token=df1d0e84-38bb-46dd-8e99-4c70284c3977 tableID=0xc0002f61b0 seatIndex=0xc0001286f0
2025/11/08 14:46:50 INFO session removed token=df1d0e84-38bb-46dd-8e99-4c70284c3977
2025/11/08 14:46:50 INFO session created token=6853dadc-c2e5-4b98-8629-af71fb3033d9 name=User_35_23
2025/11/08 14:46:50 INFO session updated token=6853dadc-c2e5-4b98-8629-af71fb3033d9 tableID=0xc0002f6200 seatIndex=0xc000128740
2025/11/08 14:46:50 INFO session removed token=6853dadc-c2e5-4b98-8629-af71fb3033d9
2025/11/08 14:46:50 INFO session created token=48945cd9-3eff-4e52-b674-7b769041a512 name=User_35_24
2025/11/08 14:46:50 INFO session updated token=48945cd9-3eff-4e52-b674-7b769041a512 tableID=0xc0002f6250 seatIndex=0xc000128790
2025/11/08 14:46:50 INFO session removed token=48945cd9-3eff-4e52-b674-7b769041a512
2025/11/08 14:46:50 INFO session created token=0e479e1e-386b-4682-84cd-36447ecb3216 name=User_35_25
2025/11/08 14:46:50 INFO session updated token=0e479e1e-386b-4682-84cd-36447ecb3216 tableID=0xc0002f62a0 seatIndex=0xc0001287e0
2025/11/08 14:46:50 INFO session removed token=0e479e1e-386b-4682-84cd-36447ecb3216
2025/11/08 14:46:50 INFO session created token=ac8f3679-ed88-477d-b0ae-30df149b5cfe name=User_35_26
2025/11/08 14:46:50 INFO session updated token=ac8f3679-ed88-477d-b0ae-30df149b5cfe tableID=0xc0002f62f0 seatIndex=0xc000128830
2025/11/08 14:46:50 INFO session removed token=ac8f3679-ed88-477d-b0ae-30df149b5cfe
2025/11/08 14:46:50 INFO session created token=b499fa7d-4678-40cb-959a-e5cca63b953f name=User_35_27
2025/11/08 14:46:50 INFO session updated token=b499fa7d-4678-40cb-959a-e5cca63b953f tableID=0xc0002f6340 seatIndex=0xc000128880
2025/11/08 14:46:50 INFO session removed token=b499fa7d-4678-40cb-959a-e5cca63b953f
2025/11/08 14:46:50 INFO session created token=f4cdf012-27f1-4a25-8735-36e02c06db23 name=User_35_28
2025/11/08 14:46:50 INFO session updated token=f4cdf012-27f1-4a25-8735-36e02c06db23 tableID=0xc0002f6390 seatIndex=0xc0001288d0
2025/11/08 14:46:50 INFO session removed token=f4cdf012-27f1-4a25-8735-36e02c06db23
2025/11/08 14:46:50 INFO session created token=5a8bff72-bead-49bd-b3c0-e6492a3fb5f1 name=User_35_29
2025/11/08 14:46:50 INFO session updated token=5a8bff72-bead-49bd-b3c0-e6492a3fb5f1 tableID=0xc0002f63e0 seatIndex=0xc000128920
2025/11/08 14:46:50 INFO session removed token=5a8bff72-bead-49bd-b3c0-e6492a3fb5f1
2025/11/08 14:46:50 INFO session created token=79a46b5a-cddf-4c0a-a354-524c7daaaf5b name=User_35_30
2025/11/08 14:46:50 INFO session updated token=79a46b5a-cddf-4c0a-a354-524c7daaaf5b tableID=0xc0002f6430 seatIndex=0xc000128970
2025/11/08 14:46:50 INFO session removed token=79a46b5a-cddf-4c0a-a354-524c7daaaf5b
2025/11/08 14:46:50 INFO session created token=58617719-a58d-44b1-996b-1083b53f5559 name=User_35_31
2025/11/08 14:46:50 INFO session updated token=58617719-a58d-44b1-996b-1083b53f5559 tableID=0xc0002f6480 seatIndex=0xc0001289c0
2025/11/08 14:46:50 INFO session removed token=58617719-a58d-44b1-996b-1083b53f5559
2025/11/08 14:46:50 INFO session created token=d033576e-8688-486d-95e0-408e27f442b0 name=User_35_32
2025/11/08 14:46:50 INFO session updated token=d033576e-8688-486d-95e0-408e27f442b0 tableID=0xc0002f64d0 seatIndex=0xc000128a10
2025/11/08 14:46:50 INFO session removed token=d033576e-8688-486d-95e0-408e27f442b0
2025/11/08 14:46:50 INFO session updated token=db8b7231-67ef-4e62-a06d-04eb7018a806 tableID=0xc0003fb750 seatIndex=0xc000605730
2025/11/08 14:46:50 INFO session removed token=db8b7231-67ef-4e62-a06d-04eb7018a806
2025/11/08 14:46:50 INFO session created token=d9500595-ba5e-4877-9a71-28c76dd68b39 name=User_12_60
2025/11/08 14:46:50 INFO session updated token=d9500595-ba5e-4877-9a71-28c76dd68b39 tableID=0xc0003fbed0 seatIndex=0xc000605e30
2025/11/08 14:46:50 INFO session removed token=d9500595-ba5e-4877-9a71-28c76dd68b39
2025/11/08 14:46:50 INFO session created token=7d51e427-eb47-488d-b318-84a0e25e91ce name=User_12_61
2025/11/08 14:46:50 INFO session updated token=7d51e427-eb47-488d-b318-84a0e25e91ce tableID=0xc0003fbf20 seatIndex=0xc000605e80
2025/11/08 14:46:50 INFO session removed token=7d51e427-eb47-488d-b318-84a0e25e91ce
2025/11/08 14:46:50 INFO session created token=f818de4a-ae83-43e0-8dde-33a7292203cd name=User_12_62
2025/11/08 14:46:50 INFO session updated token=f818de4a-ae83-43e0-8dde-33a7292203cd tableID=0xc00011a000 seatIndex=0xc000605ed0
2025/11/08 14:46:50 INFO session removed token=f818de4a-ae83-43e0-8dde-33a7292203cd
2025/11/08 14:46:50 INFO session created token=a2c4de70-aa41-4ccc-8763-25021c1b8226 name=User_12_63
2025/11/08 14:46:50 INFO session updated token=a2c4de70-aa41-4ccc-8763-25021c1b8226 tableID=0xc00011a050 seatIndex=0xc000605f20
2025/11/08 14:46:50 INFO session removed token=a2c4de70-aa41-4ccc-8763-25021c1b8226
2025/11/08 14:46:50 INFO session created token=e7234c5d-0aa5-4332-80e0-e1c138a5d29d name=User_12_64
2025/11/08 14:46:50 INFO session updated token=c7fc3f8f-9160-4630-87de-ccf6490f230a tableID=0xc0003fb760 seatIndex=0xc000605740
2025/11/08 14:46:50 INFO session removed token=c7fc3f8f-9160-4630-87de-ccf6490f230a
2025/11/08 14:46:50 INFO session created token=f991ef16-d889-4a6d-82f4-f4051c340fc3 name=User_46_58
2025/11/08 14:46:50 INFO session updated token=f991ef16-d889-4a6d-82f4-f4051c340fc3 tableID=0xc0002f6550 seatIndex=0xc000128ab0
2025/11/08 14:46:50 INFO session removed token=f991ef16-d889-4a6d-82f4-f4051c340fc3
2025/11/08 14:46:50 INFO session created token=492427d1-b66a-4523-8b2a-02ed23aa2489 name=User_46_59
2025/11/08 14:46:50 INFO session updated token=492427d1-b66a-4523-8b2a-02ed23aa2489 tableID=0xc0002f65a0 seatIndex=0xc000128b00
2025/11/08 14:46:50 INFO session removed token=492427d1-b66a-4523-8b2a-02ed23aa2489
2025/11/08 14:46:50 INFO session created token=a7393c54-f6f5-43bc-9885-1f15e5f9eb92 name=User_46_60
2025/11/08 14:46:50 INFO session updated token=a7393c54-f6f5-43bc-9885-1f15e5f9eb92 tableID=0xc0002f65f0 seatIndex=0xc000128b50
2025/11/08 14:46:50 INFO session removed token=a7393c54-f6f5-43bc-9885-1f15e5f9eb92
2025/11/08 14:46:50 INFO session removed token=211fbd61-e3a0-49c0-8631-f25c1cbb098c
2025/11/08 14:46:50 INFO session created token=32107eea-986e-4c43-8d7c-2acd7badc261 name=User_27_25
2025/11/08 14:46:50 INFO session updated token=32107eea-986e-4c43-8d7c-2acd7badc261 tableID=0xc000024f90 seatIndex=0xc0003070a8
2025/11/08 14:46:50 INFO session removed token=32107eea-986e-4c43-8d7c-2acd7badc261
2025/11/08 14:46:50 INFO session created token=a78f70d9-4be8-454c-8d6c-2d76d43e60d9 name=User_27_26
2025/11/08 14:46:50 INFO session updated token=a78f70d9-4be8-454c-8d6c-2d76d43e60d9 tableID=0xc000024fe0 seatIndex=0xc0003070f8
2025/11/08 14:46:50 INFO session removed token=a78f70d9-4be8-454c-8d6c-2d76d43e60d9
2025/11/08 14:46:50 INFO session created token=a7dd1808-fbb3-4b7e-aae0-1b48fafb7281 name=User_27_27
2025/11/08 14:46:50 INFO session updated token=a7dd1808-fbb3-4b7e-aae0-1b48fafb7281 tableID=0xc000025030 seatIndex=0xc000307148
2025/11/08 14:46:50 INFO session removed token=a7dd1808-fbb3-4b7e-aae0-1b48fafb7281
2025/11/08 14:46:50 INFO session created token=d48b383e-04f1-425a-bfef-be803c301840 name=User_1_36
2025/11/08 14:46:50 INFO session created token=87f246e7-c277-49cc-9727-f2c321ee4738 name=User_27_28
2025/11/08 14:46:50 INFO session updated token=d48b383e-04f1-425a-bfef-be803c301840 tableID=0xc0002f6640 seatIndex=0xc000128ba0
2025/11/08 14:46:50 INFO session removed token=d48b383e-04f1-425a-bfef-be803c301840
2025/11/08 14:46:50 INFO session created token=9eb238ac-09c5-4c48-80d6-50c15ea4296e name=User_1_37
2025/11/08 14:46:50 INFO session updated token=9eb238ac-09c5-4c48-80d6-50c15ea4296e tableID=0xc0002f66a0 seatIndex=0xc000128c00
2025/11/08 14:46:50 INFO session removed token=9eb238ac-09c5-4c48-80d6-50c15ea4296e
2025/11/08 14:46:50 INFO session created token=d1362c54-7e46-4adc-aa93-7ccad91955ff name=User_1_38
2025/11/08 14:46:50 INFO session updated token=d1362c54-7e46-4adc-aa93-7ccad91955ff tableID=0xc0002f66f0 seatIndex=0xc000128c50
2025/11/08 14:46:50 INFO session removed token=d1362c54-7e46-4adc-aa93-7ccad91955ff
2025/11/08 14:46:50 INFO session created token=d382013a-e5b7-4c77-849c-73c4fae621b6 name=User_1_39
2025/11/08 14:46:50 INFO session updated token=d382013a-e5b7-4c77-849c-73c4fae621b6 tableID=0xc0002f6740 seatIndex=0xc000128ca0
2025/11/08 14:46:50 INFO session removed token=d382013a-e5b7-4c77-849c-73c4fae621b6
2025/11/08 14:46:50 INFO session created token=60bcf5db-b10a-4186-a91e-26145e77bbf4 name=User_1_40
2025/11/08 14:46:50 INFO session updated token=60bcf5db-b10a-4186-a91e-26145e77bbf4 tableID=0xc0002f6790 seatIndex=0xc000128cf0
2025/11/08 14:46:50 INFO session removed token=60bcf5db-b10a-4186-a91e-26145e77bbf4
2025/11/08 14:46:50 INFO session created token=01f780c8-549d-4503-bc93-551050c04593 name=User_1_41
2025/11/08 14:46:50 INFO session updated token=df83da7c-c646-4886-bc8c-322f7e542832 tableID=0xc0003fb790 seatIndex=0xc000605770
2025/11/08 14:46:50 INFO session removed token=df83da7c-c646-4886-bc8c-322f7e542832
2025/11/08 14:46:50 INFO session created token=3db5174a-8bd8-4fde-824a-9acdf659b7df name=User_90_35
2025/11/08 14:46:50 INFO session updated token=3db5174a-8bd8-4fde-824a-9acdf659b7df tableID=0xc00011a0f0 seatIndex=0xc000605fc0
2025/11/08 14:46:50 INFO session removed token=3db5174a-8bd8-4fde-824a-9acdf659b7df
2025/11/08 14:46:50 INFO session created token=e72b3962-c077-44fc-a762-69cb2ea96c7f name=User_90_36
2025/11/08 14:46:50 INFO session updated token=e72b3962-c077-44fc-a762-69cb2ea96c7f tableID=0xc00011a140 seatIndex=0xc0005ce010
2025/11/08 14:46:50 INFO session removed token=e72b3962-c077-44fc-a762-69cb2ea96c7f
2025/11/08 14:46:50 INFO session created token=2ac79828-b35e-494d-aaa7-b18da0fd0d50 name=User_90_37
2025/11/08 14:46:50 INFO session updated token=2ac79828-b35e-494d-aaa7-b18da0fd0d50 tableID=0xc00011a190 seatIndex=0xc0005ce060
2025/11/08 14:46:50 INFO session removed token=2ac79828-b35e-494d-aaa7-b18da0fd0d50
2025/11/08 14:46:50 INFO session created token=38ae36aa-72b7-4603-b9a9-f19ad635fa71 name=User_90_38
2025/11/08 14:46:50 INFO session updated token=38ae36aa-72b7-4603-b9a9-f19ad635fa71 tableID=0xc00011a1e0 seatIndex=0xc0005ce0b0
2025/11/08 14:46:50 INFO session removed token=38ae36aa-72b7-4603-b9a9-f19ad635fa71
2025/11/08 14:46:50 INFO session created token=f2ab1712-6c70-4a40-ae08-694912cbd7ae name=User_90_39
2025/11/08 14:46:50 INFO session updated token=f2ab1712-6c70-4a40-ae08-694912cbd7ae tableID=0xc00011a230 seatIndex=0xc0005ce100
2025/11/08 14:46:50 INFO session removed token=f2ab1712-6c70-4a40-ae08-694912cbd7ae
2025/11/08 14:46:50 INFO session created token=c0ef3819-c6ed-40c7-be81-49ac79b30d15 name=User_90_40
2025/11/08 14:46:50 INFO session updated token=c0ef3819-c6ed-40c7-be81-49ac79b30d15 tableID=0xc00011a280 seatIndex=0xc0005ce150
2025/11/08 14:46:50 INFO session removed token=c0ef3819-c6ed-40c7-be81-49ac79b30d15
2025/11/08 14:46:50 INFO session created token=9b1316ef-aef5-4c78-a544-5a34b42dfe61 name=User_90_41
2025/11/08 14:46:50 INFO session updated token=9b1316ef-aef5-4c78-a544-5a34b42dfe61 tableID=0xc00011a2d0 seatIndex=0xc0005ce1a0
2025/11/08 14:46:50 INFO session removed token=9b1316ef-aef5-4c78-a544-5a34b42dfe61
2025/11/08 14:46:50 INFO session updated token=87f246e7-c277-49cc-9727-f2c321ee4738 tableID=0xc0002f6660 seatIndex=0xc000128bd0
2025/11/08 14:46:50 INFO session removed token=87f246e7-c277-49cc-9727-f2c321ee4738
2025/11/08 14:46:50 INFO session removed token=9955819f-d4b8-4487-9d47-fba14b19b451
2025/11/08 14:46:50 INFO session created token=d2e48305-7e2b-4972-8406-380568931a95 name=User_27_29
2025/11/08 14:46:50 INFO session created token=5a2d0170-46ec-40b3-a667-54dfc4838613 name=User_67_33
2025/11/08 14:46:50 INFO session updated token=af3d948d-c1a1-4b55-b55c-1a82089f48c5 tableID=0xc0000b3380 seatIndex=0xc0003eb320
2025/11/08 14:46:50 INFO session removed token=af3d948d-c1a1-4b55-b55c-1a82089f48c5
2025/11/08 14:46:50 INFO session created token=01be7ece-690d-4c22-a843-0d5581112bc5 name=User_14_34
2025/11/08 14:46:50 INFO session removed token=24802816-2e2a-48d9-9c4a-063fc74b5c6a
2025/11/08 14:46:50 INFO session created token=7e5d36d2-074e-4765-81df-bbd6eb84ca47 name=User_74_29
2025/11/08 14:46:50 INFO session created token=6ba5afea-865d-44c0-86ee-168f19809acb name=User_53_17
2025/11/08 14:46:50 INFO session removed token=d21fdce8-b598-4f07-b57f-d0303aea9c0b
2025/11/08 14:46:50 INFO session created token=b3f5264c-567c-4175-b6af-1c264d793fbc name=User_38_15
2025/11/08 14:46:50 INFO session created token=0d13ba17-3ad9-4164-ac1e-7c7fbaec9e55 name=User_32_20
2025/11/08 14:46:50 INFO session created token=92d8f6b2-6449-47bc-9087-b010a065bcb8 name=User_17_31
2025/11/08 14:46:50 INFO session created token=c6198fa9-366d-4f57-89ae-fddb771fd078 name=User_93_36
2025/11/08 14:46:50 INFO session removed token=fbbf71c7-caba-4eec-bae7-e4f3776df416
2025/11/08 14:46:50 INFO session created token=11eda6c3-239f-4586-85ef-3203ce7716e5 name=User_88_24
2025/11/08 14:46:50 INFO session created token=dc8289cb-b0b7-4c37-9add-7ee791e3461e name=User_16_17
2025/11/08 14:46:50 INFO session updated token=58fd4e8a-3e6f-4b75-b072-3aac7fb09cc8 tableID=0xc00016f6f0 seatIndex=0xc000013680
2025/11/08 14:46:50 INFO session removed token=ebfdcdf8-80c3-4cc9-a1a0-6f0039aeb0f1
2025/11/08 14:46:50 INFO session updated token=84621258-f2ea-425a-8402-1b9f13dc91b7 tableID=0xc00016f710 seatIndex=0xc0000136b0
2025/11/08 14:46:50 INFO session updated token=ce2087f5-b37b-4872-829c-cd58147326f9 tableID=0xc00016f720 seatIndex=0xc0000136c0
2025/11/08 14:46:50 INFO session removed token=a5e30ffc-a567-46e4-8593-697f11f1e67b
2025/11/08 14:46:50 INFO session removed token=0b87e657-158d-45cc-ba4c-9b9c0185337b
2025/11/08 14:46:50 INFO session removed token=c5d9fdc2-9124-42ed-a60b-ffb2f05693ba
2025/11/08 14:46:50 INFO session removed token=3801d223-9eb1-4dd4-aeb2-53d38461ac66
2025/11/08 14:46:50 INFO session removed token=517fc825-3a6a-4f8d-8388-6297224fff0d
2025/11/08 14:46:50 INFO session removed token=51171394-99e2-422f-854e-6305a831e3e1
2025/11/08 14:46:50 INFO session updated token=bb0f8592-3d8c-4ae3-b896-60642429c357 tableID=0xc000024cf0 seatIndex=0xc000306de8
2025/11/08 14:46:50 INFO session removed token=b7d06afc-e09c-45ff-a1f0-e986788a2d84
2025/11/08 14:46:50 INFO session removed token=be1454e0-063d-4ec3-a81a-62c63a2388a2
2025/11/08 14:46:50 INFO session updated token=1e1036ba-6e2d-43d5-b9e8-9b1374a875c7 tableID=0xc0002f3e50 seatIndex=0xc0001284b0
2025/11/08 14:46:50 INFO session updated token=b845512b-114f-45fe-ab1a-0275d7df9a1e tableID=0xc0003fb7e0 seatIndex=0xc0006057e0
2025/11/08 14:46:50 INFO session removed token=7eb50d16-cfeb-4408-8f71-0cfdce637209
2025/11/08 14:46:50 INFO session updated token=bfd2cb9e-5228-4930-aa47-8a8f3ac187b4 tableID=0xc0003fb800 seatIndex=0xc0006057f0
2025/11/08 14:46:50 INFO session updated token=bf39bac4-b976-40e1-b019-65bc7e9a8589 tableID=0xc0003fb810 seatIndex=0xc000605800
2025/11/08 14:46:50 INFO session updated token=f847f382-31d4-4a98-bd12-386aaa3c9f68 tableID=0xc0003fb820 seatIndex=0xc000605810
2025/11/08 14:46:50 INFO session removed token=e407297c-1727-4b42-9e90-91a4fd49e077
2025/11/08 14:46:50 INFO session removed token=b46c1344-4bb7-4d4b-83e3-ddd9a04fefd8
2025/11/08 14:46:50 INFO session updated token=a95bf248-5b43-4541-8903-942c4b9f1d14 tableID=0xc00016f800 seatIndex=0xc000013830
2025/11/08 14:46:50 INFO session updated token=58a56655-b071-4ce2-8f72-e3fc3e025358 tableID=0xc00016f820 seatIndex=0xc000013860
2025/11/08 14:46:50 INFO session updated token=7920164d-fd17-4206-bdc1-c1180841cee8 tableID=0xc00016f830 seatIndex=0xc000013870
2025/11/08 14:46:50 INFO session removed token=d4d409e2-a874-4066-9811-97f7107fa12d
2025/11/08 14:46:50 INFO session removed token=3a687055-c1be-4870-b658-4d6f527e0731
2025/11/08 14:46:50 INFO session updated token=0f54b9ec-105c-40ba-9d06-73ebda6d47ee tableID=0xc000024d80 seatIndex=0xc000306e58
2025/11/08 14:46:50 INFO session updated token=48640d90-93c3-44ff-b611-1eb7f4cd8f37 tableID=0xc0003fb900 seatIndex=0xc000605890
2025/11/08 14:46:50 INFO session updated token=9c733262-2d42-4403-ae98-2524d95cd58e tableID=0xc000024d90 seatIndex=0xc000306e68
2025/11/08 14:46:50 INFO session updated token=018c2e06-2d94-4626-afc8-e28d4754dfdd tableID=0xc000024db0 seatIndex=0xc000306e78
2025/11/08 14:46:50 INFO session updated token=dd8d761f-6357-4689-accb-a478491074ac tableID=0xc000303300 seatIndex=0xc0003813d0
2025/11/08 14:46:50 INFO session removed token=bda2826c-f67d-4c0f-bde6-9ed08ae66b80
2025/11/08 14:46:50 INFO session removed token=3d7a59b6-c16a-4053-ae60-90b83e152f45
2025/11/08 14:46:50 INFO session removed token=339ce270-466d-4011-a90d-54133e7bd640
2025/11/08 14:46:50 INFO session updated token=e3fd231e-3ed3-4350-b78b-a064024f4c78 tableID=0xc000303400 seatIndex=0xc0003814c0
2025/11/08 14:46:50 INFO session updated token=aa8656e9-1200-4438-b80f-c87c90cc2b8e tableID=0xc000303410 seatIndex=0xc0003814d0
2025/11/08 14:46:50 INFO session updated token=0d7a059d-82bb-46a0-b0d7-67c26eb9af76 tableID=0xc000303420 seatIndex=0xc0003814e0
2025/11/08 14:46:50 INFO session updated token=4a16dd24-19c6-4aab-b39e-16c599209cd2 tableID=0xc000303430 seatIndex=0xc0003814f0
2025/11/08 14:46:50 INFO session updated token=efd672d1-bbab-4829-b819-8fad0e97911c tableID=0xc000303440 seatIndex=0xc000381500
2025/11/08 14:46:50 INFO session updated token=c8c1ff47-1256-4818-b935-7da10e23e4d4 tableID=0xc000303450 seatIndex=0xc000381510
2025/11/08 14:46:50 INFO session updated token=b94fc4db-b767-4f99-9af9-ad763345db75 tableID=0xc0003fb960 seatIndex=0xc0006058e0
2025/11/08 14:46:50 INFO session updated token=2baa1c90-8698-4d2c-a30f-67e740557d7f tableID=0xc0003fb970 seatIndex=0xc0006058f0
2025/11/08 14:46:50 INFO session created token=0946945f-d8c0-42ad-83fa-d3c1c2b198d6 name=User_45_26
2025/11/08 14:46:50 INFO session updated token=0946945f-d8c0-42ad-83fa-d3c1c2b198d6 tableID=0xc0000253e0 seatIndex=0xc000307548
2025/11/08 14:46:50 INFO session removed token=0946945f-d8c0-42ad-83fa-d3c1c2b198d6
2025/11/08 14:46:50 INFO session created token=771ba569-a385-4276-a4f1-b1c8e3b650ac name=User_45_27
2025/11/08 14:46:50 INFO session updated token=771ba569-a385-4276-a4f1-b1c8e3b650ac tableID=0xc000025430 seatIndex=0xc000307598
2025/11/08 14:46:50 INFO session removed token=771ba569-a385-4276-a4f1-b1c8e3b650ac
2025/11/08 14:46:50 INFO session created token=37bf1628-c8c4-4e0d-918b-41a5a89d998c name=User_45_28
2025/11/08 14:46:50 INFO session updated token=37bf1628-c8c4-4e0d-918b-41a5a89d998c tableID=0xc000025480 seatIndex=0xc0003075e8
2025/11/08 14:46:50 INFO session removed token=37bf1628-c8c4-4e0d-918b-41a5a89d998c
2025/11/08 14:46:50 INFO session created token=9e351786-ff3f-4f5b-b90d-5d8cc174ac5a name=User_45_29
2025/11/08 14:46:50 INFO session updated token=9e351786-ff3f-4f5b-b90d-5d8cc174ac5a tableID=0xc0000254d0 seatIndex=0xc000307638
2025/11/08 14:46:50 INFO session removed token=9e351786-ff3f-4f5b-b90d-5d8cc174ac5a
2025/11/08 14:46:50 INFO session created token=9711538c-8374-41b1-a12d-b9099ad82cb6 name=User_45_30
2025/11/08 14:46:50 INFO session updated token=9711538c-8374-41b1-a12d-b9099ad82cb6 tableID=0xc000025520 seatIndex=0xc000307688
2025/11/08 14:46:50 INFO session removed token=9711538c-8374-41b1-a12d-b9099ad82cb6
2025/11/08 14:46:50 INFO session created token=35166a84-d8f5-45dc-b8ea-1134f8038860 name=User_45_31
2025/11/08 14:46:50 INFO session updated token=35166a84-d8f5-45dc-b8ea-1134f8038860 tableID=0xc000025570 seatIndex=0xc0003076d8
2025/11/08 14:46:50 INFO session removed token=35166a84-d8f5-45dc-b8ea-1134f8038860
2025/11/08 14:46:50 INFO session created token=ce984a72-4d07-45d2-a2ab-96c3b04f510c name=User_45_32
2025/11/08 14:46:50 INFO session updated token=ce984a72-4d07-45d2-a2ab-96c3b04f510c tableID=0xc0000255c0 seatIndex=0xc000307728
2025/11/08 14:46:50 INFO session removed token=ce984a72-4d07-45d2-a2ab-96c3b04f510c
2025/11/08 14:46:50 INFO session created token=b02a4522-15be-4b8b-ab07-da05ae0e747e name=User_45_33
2025/11/08 14:46:50 INFO session updated token=b02a4522-15be-4b8b-ab07-da05ae0e747e tableID=0xc000025610 seatIndex=0xc000307778
2025/11/08 14:46:50 INFO session removed token=b02a4522-15be-4b8b-ab07-da05ae0e747e
2025/11/08 14:46:50 INFO session created token=c270b2c5-c058-44d3-a2d6-53d32c234b89 name=User_45_34
2025/11/08 14:46:50 INFO session updated token=c270b2c5-c058-44d3-a2d6-53d32c234b89 tableID=0xc000025660 seatIndex=0xc0003077c8
2025/11/08 14:46:50 INFO session removed token=c270b2c5-c058-44d3-a2d6-53d32c234b89
2025/11/08 14:46:50 INFO session created token=40db622c-4963-4e80-ae31-03c8e6991c00 name=User_45_35
2025/11/08 14:46:50 INFO session updated token=40db622c-4963-4e80-ae31-03c8e6991c00 tableID=0xc0000256b0 seatIndex=0xc000307818
2025/11/08 14:46:50 INFO session removed token=40db622c-4963-4e80-ae31-03c8e6991c00
2025/11/08 14:46:50 INFO session created token=bfd62e5f-27aa-43ae-a142-f3a27eb03aef name=User_45_36
2025/11/08 14:46:50 INFO session updated token=bfd62e5f-27aa-43ae-a142-f3a27eb03aef tableID=0xc000025700 seatIndex=0xc000307868
2025/11/08 14:46:50 INFO session removed token=bfd62e5f-27aa-43ae-a142-f3a27eb03aef
2025/11/08 14:46:50 INFO session created token=f3f8d4ff-2ee4-4448-94d3-a6d96c426776 name=User_45_37
2025/11/08 14:46:50 INFO session updated token=f3f8d4ff-2ee4-4448-94d3-a6d96c426776 tableID=0xc000025750 seatIndex=0xc0003078b8
2025/11/08 14:46:50 INFO session removed token=f3f8d4ff-2ee4-4448-94d3-a6d96c426776
2025/11/08 14:46:50 INFO session created token=5508f0ac-4037-45d5-bcd1-8b205b4210f9 name=User_45_38
2025/11/08 14:46:50 INFO session updated token=5508f0ac-4037-45d5-bcd1-8b205b4210f9 tableID=0xc0000257a0 seatIndex=0xc000307908
2025/11/08 14:46:50 INFO session removed token=5508f0ac-4037-45d5-bcd1-8b205b4210f9
2025/11/08 14:46:50 INFO session created token=f57ba129-b67e-424f-abbb-3979840ab36f name=User_45_39
2025/11/08 14:46:50 INFO session updated token=f57ba129-b67e-424f-abbb-3979840ab36f tableID=0xc0000257f0 seatIndex=0xc000307958
2025/11/08 14:46:50 INFO session removed token=f57ba129-b67e-424f-abbb-3979840ab36f
2025/11/08 14:46:50 INFO session created token=9e43ff06-a1e6-409e-bf17-d62d541465ae name=User_45_40
2025/11/08 14:46:50 INFO session updated token=9e43ff06-a1e6-409e-bf17-d62d541465ae tableID=0xc000025840 seatIndex=0xc0003079a8
2025/11/08 14:46:50 INFO session removed token=9e43ff06-a1e6-409e-bf17-d62d541465ae
2025/11/08 14:46:50 INFO session created token=f3f9fad1-c2ce-4b20-a1db-990ef5f8d9ea name=User_45_41
2025/11/08 14:46:50 INFO session updated token=f3f9fad1-c2ce-4b20-a1db-990ef5f8d9ea tableID=0xc000025890 seatIndex=0xc0003079f8
2025/11/08 14:46:50 INFO session removed token=f3f9fad1-c2ce-4b20-a1db-990ef5f8d9ea
2025/11/08 14:46:50 INFO session created token=06b5e726-bf7b-4114-b992-4a88b484d34a name=User_45_42
2025/11/08 14:46:50 INFO session updated token=06b5e726-bf7b-4114-b992-4a88b484d34a tableID=0xc0000258e0 seatIndex=0xc000307a48
2025/11/08 14:46:50 INFO session removed token=06b5e726-bf7b-4114-b992-4a88b484d34a
2025/11/08 14:46:50 INFO session created token=18d52028-1dfc-4682-a22a-88937eb8df57 name=User_45_43
2025/11/08 14:46:50 INFO session updated token=18d52028-1dfc-4682-a22a-88937eb8df57 tableID=0xc000025930 seatIndex=0xc000307a98
2025/11/08 14:46:50 INFO session removed token=18d52028-1dfc-4682-a22a-88937eb8df57
2025/11/08 14:46:50 INFO session created token=9f43614f-b304-4e23-aa24-03a3a73012d9 name=User_45_44
2025/11/08 14:46:50 INFO session updated token=9f43614f-b304-4e23-aa24-03a3a73012d9 tableID=0xc000025980 seatIndex=0xc000307ae8
2025/11/08 14:46:50 INFO session removed token=9f43614f-b304-4e23-aa24-03a3a73012d9
2025/11/08 14:46:50 INFO session created token=9367f599-02d3-487e-bd19-ba240b247ab9 name=User_45_45
2025/11/08 14:46:50 INFO session updated token=9367f599-02d3-487e-bd19-ba240b247ab9 tableID=0xc0000259d0 seatIndex=0xc000307b38
2025/11/08 14:46:50 INFO session removed token=9367f599-02d3-487e-bd19-ba240b247ab9
2025/11/08 14:46:50 INFO session created token=bcfafeb1-bb0f-4d96-93d6-549256073ef8 name=User_45_46
2025/11/08 14:46:50 INFO session updated token=bcfafeb1-bb0f-4d96-93d6-549256073ef8 tableID=0xc000025a20 seatIndex=0xc000307b88
2025/11/08 14:46:50 INFO session removed token=bcfafeb1-bb0f-4d96-93d6-549256073ef8
2025/11/08 14:46:50 INFO session created token=30bd5777-ccbb-4eba-a0f4-e81a09f004d0 name=User_45_47
2025/11/08 14:46:50 INFO session updated token=30bd5777-ccbb-4eba-a0f4-e81a09f004d0 tableID=0xc000025a70 seatIndex=0xc000307bd8
2025/11/08 14:46:50 INFO session removed token=30bd5777-ccbb-4eba-a0f4-e81a09f004d0
2025/11/08 14:46:50 INFO session created token=2863268c-83a8-4603-9035-193c9ed4b733 name=User_45_48
2025/11/08 14:46:50 INFO session updated token=2863268c-83a8-4603-9035-193c9ed4b733 tableID=0xc000025ac0 seatIndex=0xc000307c28
2025/11/08 14:46:50 INFO session removed token=2863268c-83a8-4603-9035-193c9ed4b733
2025/11/08 14:46:50 INFO session created token=7893a708-7075-476a-b064-f8a6d86fd702 name=User_45_49
2025/11/08 14:46:50 INFO session updated token=7893a708-7075-476a-b064-f8a6d86fd702 tableID=0xc000025b10 seatIndex=0xc000307c78
2025/11/08 14:46:50 INFO session removed token=7893a708-7075-476a-b064-f8a6d86fd702
2025/11/08 14:46:50 INFO session created token=a8a65785-6949-4896-bac4-a3b49ec88222 name=User_45_50
2025/11/08 14:46:50 INFO session updated token=a8a65785-6949-4896-bac4-a3b49ec88222 tableID=0xc000025b60 seatIndex=0xc000307cc8
2025/11/08 14:46:50 INFO session removed token=a8a65785-6949-4896-bac4-a3b49ec88222
2025/11/08 14:46:50 INFO session created token=f4007916-5d5b-47c0-9295-f442ffab42ef name=User_45_51
2025/11/08 14:46:50 INFO session updated token=f4007916-5d5b-47c0-9295-f442ffab42ef tableID=0xc000025bb0 seatIndex=0xc000307d18
2025/11/08 14:46:50 INFO session removed token=f4007916-5d5b-47c0-9295-f442ffab42ef
2025/11/08 14:46:50 INFO session created token=daec5ca9-ef29-4eaa-b597-64827e3555aa name=User_45_52
2025/11/08 14:46:50 INFO session updated token=daec5ca9-ef29-4eaa-b597-64827e3555aa tableID=0xc000025c00 seatIndex=0xc000307d68
2025/11/08 14:46:50 INFO session removed token=daec5ca9-ef29-4eaa-b597-64827e3555aa
2025/11/08 14:46:50 INFO session created token=a73c9b9d-d721-4ed4-8802-ef30f61d9d4c name=User_45_53
2025/11/08 14:46:50 INFO session updated token=a73c9b9d-d721-4ed4-8802-ef30f61d9d4c tableID=0xc000025c50 seatIndex=0xc000307db8
2025/11/08 14:46:50 INFO session removed token=a73c9b9d-d721-4ed4-8802-ef30f61d9d4c
2025/11/08 14:46:50 INFO session created token=121280f0-f35e-48e9-8dca-b92d2a68f5ff name=User_45_54
2025/11/08 14:46:50 INFO session updated token=121280f0-f35e-48e9-8dca-b92d2a68f5ff tableID=0xc000025ca0 seatIndex=0xc000307e08
2025/11/08 14:46:50 INFO session removed token=121280f0-f35e-48e9-8dca-b92d2a68f5ff
2025/11/08 14:46:50 INFO session created token=6ae9da2b-b3ac-4873-a798-537873e1b464 name=User_45_55
2025/11/08 14:46:50 INFO session updated token=6ae9da2b-b3ac-4873-a798-537873e1b464 tableID=0xc000025cf0 seatIndex=0xc000307e58
2025/11/08 14:46:50 INFO session removed token=6ae9da2b-b3ac-4873-a798-537873e1b464
2025/11/08 14:46:50 INFO session created token=d052d329-42d3-4fbb-9481-249a8a323200 name=User_45_56
2025/11/08 14:46:50 INFO session updated token=d052d329-42d3-4fbb-9481-249a8a323200 tableID=0xc000025d40 seatIndex=0xc000307ea8
2025/11/08 14:46:50 INFO session removed token=d052d329-42d3-4fbb-9481-249a8a323200
2025/11/08 14:46:50 INFO session created token=56fe3374-d937-4ff6-97d1-41af9a995006 name=User_45_57
2025/11/08 14:46:50 INFO session updated token=56fe3374-d937-4ff6-97d1-41af9a995006 tableID=0xc000025d90 seatIndex=0xc000307ef8
2025/11/08 14:46:50 INFO session removed token=56fe3374-d937-4ff6-97d1-41af9a995006
2025/11/08 14:46:50 INFO session created token=df797f9c-a1dd-4952-8316-f5d8cd6bad90 name=User_45_58
2025/11/08 14:46:50 INFO session updated token=df797f9c-a1dd-4952-8316-f5d8cd6bad90 tableID=0xc000025de0 seatIndex=0xc000307f48
2025/11/08 14:46:50 INFO session removed token=df797f9c-a1dd-4952-8316-f5d8cd6bad90
2025/11/08 14:46:50 INFO session created token=1b24a2e8-ddba-4423-9d9e-0521a37ef6ba name=User_45_59
2025/11/08 14:46:50 INFO session updated token=1b24a2e8-ddba-4423-9d9e-0521a37ef6ba tableID=0xc000025e30 seatIndex=0xc000307f98
2025/11/08 14:46:50 INFO session removed token=1b24a2e8-ddba-4423-9d9e-0521a37ef6ba
2025/11/08 14:46:50 INFO session created token=ec45f3a9-0e02-4a87-b249-2f9dc927fd1b name=User_45_60
2025/11/08 14:46:50 INFO session updated token=ec45f3a9-0e02-4a87-b249-2f9dc927fd1b tableID=0xc000025e80 seatIndex=0xc000307fe8
2025/11/08 14:46:50 INFO session removed token=ec45f3a9-0e02-4a87-b249-2f9dc927fd1b
2025/11/08 14:46:50 INFO session created token=6183b5d9-6488-48c6-8088-10f8c2e02970 name=User_45_61
2025/11/08 14:46:50 INFO session updated token=6183b5d9-6488-48c6-8088-10f8c2e02970 tableID=0xc000025ed0 seatIndex=0xc0003ee038
2025/11/08 14:46:50 INFO session removed token=6183b5d9-6488-48c6-8088-10f8c2e02970
2025/11/08 14:46:50 INFO session created token=d4782f14-f4f0-4453-88d7-8f4fb162cb32 name=User_45_62
2025/11/08 14:46:50 INFO session updated token=d4782f14-f4f0-4453-88d7-8f4fb162cb32 tableID=0xc000025f20 seatIndex=0xc0003ee088
2025/11/08 14:46:50 INFO session removed token=d4782f14-f4f0-4453-88d7-8f4fb162cb32
2025/11/08 14:46:50 INFO session created token=35fdd19e-c0e7-44da-9798-eb94691ad1ed name=User_45_63
2025/11/08 14:46:50 INFO session updated token=35fdd19e-c0e7-44da-9798-eb94691ad1ed tableID=0xc000025f70 seatIndex=0xc0003ee0d8
2025/11/08 14:46:50 INFO session removed token=35fdd19e-c0e7-44da-9798-eb94691ad1ed
2025/11/08 14:46:50 INFO session created token=e4d34f2c-92e7-496d-9ee4-e633200d018f name=User_45_64
2025/11/08 14:46:50 INFO session updated token=e4d34f2c-92e7-496d-9ee4-e633200d018f tableID=0xc000194040 seatIndex=0xc0003ee128
2025/11/08 14:46:50 INFO session removed token=e4d34f2c-92e7-496d-9ee4-e633200d018f
2025/11/08 14:46:50 INFO session created token=991c6646-0af5-439a-800b-af01a0618425 name=User_45_65
2025/11/08 14:46:50 INFO session updated token=991c6646-0af5-439a-800b-af01a0618425 tableID=0xc000194090 seatIndex=0xc0003ee178
2025/11/08 14:46:50 INFO session removed token=991c6646-0af5-439a-800b-af01a0618425
2025/11/08 14:46:50 INFO session created token=8d5d18d5-b262-4ce7-afb8-6a3b1a0e289f name=User_45_66
2025/11/08 14:46:50 INFO session updated token=8d5d18d5-b262-4ce7-afb8-6a3b1a0e289f tableID=0xc0001940e0 seatIndex=0xc0003ee1c8
2025/11/08 14:46:50 INFO session removed token=8d5d18d5-b262-4ce7-afb8-6a3b1a0e289f
2025/11/08 14:46:50 INFO session created token=04ccb480-0611-4f8f-8d7b-bdd12b0f8559 name=User_45_67
2025/11/08 14:46:50 INFO session updated token=04ccb480-0611-4f8f-8d7b-bdd12b0f8559 tableID=0xc000194130 seatIndex=0xc0003ee218
2025/11/08 14:46:50 INFO session removed token=04ccb480-0611-4f8f-8d7b-bdd12b0f8559
2025/11/08 14:46:50 INFO session created token=cdb04a50-9d61-4677-88fe-a31007324508 name=User_45_68
2025/11/08 14:46:50 INFO session updated token=cdb04a50-9d61-4677-88fe-a31007324508 tableID=0xc000194180 seatIndex=0xc0003ee278
2025/11/08 14:46:50 INFO session removed token=cdb04a50-9d61-4677-88fe-a31007324508
2025/11/08 14:46:50 INFO session created token=bc8266e1-0833-4bcf-a4df-e6a6cc781e0f name=User_45_69
2025/11/08 14:46:50 INFO session updated token=bc8266e1-0833-4bcf-a4df-e6a6cc781e0f tableID=0xc0001941d0 seatIndex=0xc0003ee2c8
2025/11/08 14:46:50 INFO session removed token=bc8266e1-0833-4bcf-a4df-e6a6cc781e0f
2025/11/08 14:46:50 INFO session created token=a76ec539-4bb3-408e-a76c-06b08d4434cb name=User_45_70
2025/11/08 14:46:50 INFO session updated token=a76ec539-4bb3-408e-a76c-06b08d4434cb tableID=0xc000194220 seatIndex=0xc0003ee318
2025/11/08 14:46:50 INFO session removed token=a76ec539-4bb3-408e-a76c-06b08d4434cb
2025/11/08 14:46:50 INFO session created token=479ee2e5-4d3c-493a-8b04-45b19c9bb4ba name=User_45_71
2025/11/08 14:46:50 INFO session updated token=479ee2e5-4d3c-493a-8b04-45b19c9bb4ba tableID=0xc000194270 seatIndex=0xc0003ee368
2025/11/08 14:46:50 INFO session removed token=479ee2e5-4d3c-493a-8b04-45b19c9bb4ba
2025/11/08 14:46:50 INFO session created token=3a8a0076-7b97-4931-b70f-85caabb4e28e name=User_45_72
2025/11/08 14:46:50 INFO session updated token=3a8a0076-7b97-4931-b70f-85caabb4e28e tableID=0xc0001942c0 seatIndex=0xc0003ee3b8
2025/11/08 14:46:50 INFO session removed token=3a8a0076-7b97-4931-b70f-85caabb4e28e
2025/11/08 14:46:50 INFO session created token=3f5aea61-056a-4e8a-ae64-1faf89902dcf name=User_45_73
2025/11/08 14:46:50 INFO session updated token=3f5aea61-056a-4e8a-ae64-1faf89902dcf tableID=0xc000194310 seatIndex=0xc0003ee408
2025/11/08 14:46:50 INFO session removed token=3f5aea61-056a-4e8a-ae64-1faf89902dcf
2025/11/08 14:46:50 INFO session created token=80b0984f-28ac-4d35-963a-6c7b33db423d name=User_45_74
2025/11/08 14:46:50 INFO session updated token=80b0984f-28ac-4d35-963a-6c7b33db423d tableID=0xc000194360 seatIndex=0xc0003ee458
2025/11/08 14:46:50 INFO session removed token=80b0984f-28ac-4d35-963a-6c7b33db423d
2025/11/08 14:46:50 INFO session created token=027a5474-9fef-4c84-ae4c-e3f19d892a5b name=User_45_75
2025/11/08 14:46:50 INFO session updated token=027a5474-9fef-4c84-ae4c-e3f19d892a5b tableID=0xc0001943b0 seatIndex=0xc0003ee4a8
2025/11/08 14:46:50 INFO session removed token=027a5474-9fef-4c84-ae4c-e3f19d892a5b
2025/11/08 14:46:50 INFO session created token=6e7beb03-22de-4fb7-873a-bba8c4e9ac60 name=User_45_76
2025/11/08 14:46:50 INFO session updated token=6e7beb03-22de-4fb7-873a-bba8c4e9ac60 tableID=0xc000194400 seatIndex=0xc0003ee4f8
2025/11/08 14:46:50 INFO session removed token=6e7beb03-22de-4fb7-873a-bba8c4e9ac60
2025/11/08 14:46:50 INFO session created token=46dd0faf-8deb-4a35-9a9a-881ca1ff48ee name=User_45_77
2025/11/08 14:46:50 INFO session updated token=46dd0faf-8deb-4a35-9a9a-881ca1ff48ee tableID=0xc000194450 seatIndex=0xc0003ee548
2025/11/08 14:46:50 INFO session removed token=46dd0faf-8deb-4a35-9a9a-881ca1ff48ee
2025/11/08 14:46:50 INFO session created token=14a0c915-8b84-4ebf-9558-cff40e0fdaae name=User_45_78
2025/11/08 14:46:50 INFO session updated token=14a0c915-8b84-4ebf-9558-cff40e0fdaae tableID=0xc0001944a0 seatIndex=0xc0003ee598
2025/11/08 14:46:50 INFO session removed token=14a0c915-8b84-4ebf-9558-cff40e0fdaae
2025/11/08 14:46:50 INFO session created token=32087f61-b235-493f-ad9a-5b10c76489e0 name=User_45_79
2025/11/08 14:46:50 INFO session updated token=32087f61-b235-493f-ad9a-5b10c76489e0 tableID=0xc0001944f0 seatIndex=0xc0003ee5e8
2025/11/08 14:46:50 INFO session removed token=32087f61-b235-493f-ad9a-5b10c76489e0
2025/11/08 14:46:50 INFO session created token=23189c05-aa5c-4db6-a6eb-da9e6ff3035c name=User_45_80
2025/11/08 14:46:50 INFO session updated token=23189c05-aa5c-4db6-a6eb-da9e6ff3035c tableID=0xc000194540 seatIndex=0xc0003ee638
2025/11/08 14:46:50 INFO session removed token=23189c05-aa5c-4db6-a6eb-da9e6ff3035c
2025/11/08 14:46:50 INFO session created token=f9613604-6ac2-4e5c-983a-320f66702b2d name=User_45_81
2025/11/08 14:46:50 INFO session updated token=f9613604-6ac2-4e5c-983a-320f66702b2d tableID=0xc000194590 seatIndex=0xc0003ee688
2025/11/08 14:46:50 INFO session removed token=f9613604-6ac2-4e5c-983a-320f66702b2d
2025/11/08 14:46:50 INFO session created token=f1b2cbe4-dbcf-4c4b-b69c-c003bc19c2f9 name=User_45_82
2025/11/08 14:46:50 INFO session updated token=f1b2cbe4-dbcf-4c4b-b69c-c003bc19c2f9 tableID=0xc0001945e0 seatIndex=0xc0003ee6d8
2025/11/08 14:46:50 INFO session removed token=f1b2cbe4-dbcf-4c4b-b69c-c003bc19c2f9
2025/11/08 14:46:50 INFO session created token=a7485ffe-83c5-477e-a4ba-7e7c258144e4 name=User_45_83
2025/11/08 14:46:50 INFO session updated token=a7485ffe-83c5-477e-a4ba-7e7c258144e4 tableID=0xc000194630 seatIndex=0xc0003ee728
2025/11/08 14:46:50 INFO session removed token=a7485ffe-83c5-477e-a4ba-7e7c258144e4
2025/11/08 14:46:50 INFO session created token=afa0646c-0600-491e-b00e-852afb5eeae1 name=User_45_84
2025/11/08 14:46:50 INFO session updated token=afa0646c-0600-491e-b00e-852afb5eeae1 tableID=0xc000194680 seatIndex=0xc0003ee778
2025/11/08 14:46:50 INFO session removed token=afa0646c-0600-491e-b00e-852afb5eeae1
2025/11/08 14:46:50 INFO session created token=7d0b039d-81b4-40dd-a1d7-b37f4b591bf3 name=User_45_85
2025/11/08 14:46:50 INFO session updated token=7d0b039d-81b4-40dd-a1d7-b37f4b591bf3 tableID=0xc0001946d0 seatIndex=0xc0003ee7c8
2025/11/08 14:46:50 INFO session removed token=7d0b039d-81b4-40dd-a1d7-b37f4b591bf3
2025/11/08 14:46:50 INFO session created token=841174de-7bcf-492b-a0f2-b36b421d7d50 name=User_45_86
2025/11/08 14:46:50 INFO session updated token=841174de-7bcf-492b-a0f2-b36b421d7d50 tableID=0xc000194720 seatIndex=0xc0003ee818
2025/11/08 14:46:50 INFO session removed token=841174de-7bcf-492b-a0f2-b36b421d7d50
2025/11/08 14:46:50 INFO session created token=3927ff7d-5ca0-4f27-b41b-293927b783fd name=User_45_87
2025/11/08 14:46:50 INFO session updated token=3927ff7d-5ca0-4f27-b41b-293927b783fd tableID=0xc000194770 seatIndex=0xc0003ee868
2025/11/08 14:46:50 INFO session removed token=3927ff7d-5ca0-4f27-b41b-293927b783fd
2025/11/08 14:46:50 INFO session created token=4fc7e66b-d883-4fcc-b26e-d6af61e81552 name=User_45_88
2025/11/08 14:46:50 INFO session updated token=4fc7e66b-d883-4fcc-b26e-d6af61e81552 tableID=0xc0001947c0 seatIndex=0xc0003ee8b8
2025/11/08 14:46:50 INFO session removed token=4fc7e66b-d883-4fcc-b26e-d6af61e81552
2025/11/08 14:46:50 INFO session created token=eb0f17ba-3bf9-44eb-8b4c-fa7276c948df name=User_45_89
2025/11/08 14:46:50 INFO session updated token=eb0f17ba-3bf9-44eb-8b4c-fa7276c948df tableID=0xc000194810 seatIndex=0xc0003ee908
2025/11/08 14:46:50 INFO session removed token=eb0f17ba-3bf9-44eb-8b4c-fa7276c948df
2025/11/08 14:46:50 INFO session created token=3bcc55f3-84f1-4fab-b68a-9886b2cb1f37 name=User_45_90
2025/11/08 14:46:50 INFO session updated token=3bcc55f3-84f1-4fab-b68a-9886b2cb1f37 tableID=0xc000194860 seatIndex=0xc0003ee958
2025/11/08 14:46:50 INFO session removed token=3bcc55f3-84f1-4fab-b68a-9886b2cb1f37
2025/11/08 14:46:50 INFO session created token=909416ce-8bed-4876-8166-f4cc81397227 name=User_45_91
2025/11/08 14:46:50 INFO session updated token=909416ce-8bed-4876-8166-f4cc81397227 tableID=0xc0001948b0 seatIndex=0xc0003ee9a8
2025/11/08 14:46:50 INFO session removed token=909416ce-8bed-4876-8166-f4cc81397227
2025/11/08 14:46:50 INFO session created token=fff5aca9-3418-4fc5-811c-88e69bda1b92 name=User_45_92
2025/11/08 14:46:50 INFO session updated token=fff5aca9-3418-4fc5-811c-88e69bda1b92 tableID=0xc000194900 seatIndex=0xc0003ee9f8
2025/11/08 14:46:50 INFO session removed token=fff5aca9-3418-4fc5-811c-88e69bda1b92
2025/11/08 14:46:50 INFO session created token=ce7b0b4a-a16f-432e-9fd7-9576c88d6fbd name=User_45_93
2025/11/08 14:46:50 INFO session updated token=ce7b0b4a-a16f-432e-9fd7-9576c88d6fbd tableID=0xc000194950 seatIndex=0xc0003eea48
2025/11/08 14:46:50 INFO session removed token=ce7b0b4a-a16f-432e-9fd7-9576c88d6fbd
2025/11/08 14:46:50 INFO session created token=d3ddb532-756b-4b0d-b6fc-ed5593f7e293 name=User_45_94
2025/11/08 14:46:50 INFO session updated token=d3ddb532-756b-4b0d-b6fc-ed5593f7e293 tableID=0xc0001949a0 seatIndex=0xc0003eea98
2025/11/08 14:46:50 INFO session removed token=d3ddb532-756b-4b0d-b6fc-ed5593f7e293
2025/11/08 14:46:50 INFO session created token=6bdd4532-1585-4d85-aa81-22ab409b5f2b name=User_45_95
2025/11/08 14:46:50 INFO session updated token=6bdd4532-1585-4d85-aa81-22ab409b5f2b tableID=0xc0001949f0 seatIndex=0xc0003eeae8
2025/11/08 14:46:50 INFO session removed token=6bdd4532-1585-4d85-aa81-22ab409b5f2b
2025/11/08 14:46:50 INFO session created token=ca849661-6c96-4b96-ab34-0364fcb2dd4a name=User_45_96
2025/11/08 14:46:50 INFO session updated token=ca849661-6c96-4b96-ab34-0364fcb2dd4a tableID=0xc000194a40 seatIndex=0xc0003eeb38
2025/11/08 14:46:50 INFO session removed token=ca849661-6c96-4b96-ab34-0364fcb2dd4a
2025/11/08 14:46:50 INFO session created token=0614d798-aa55-410c-8599-498df43f79db name=User_45_97
2025/11/08 14:46:50 INFO session updated token=0614d798-aa55-410c-8599-498df43f79db tableID=0xc000194a90 seatIndex=0xc0003eeb88
2025/11/08 14:46:50 INFO session removed token=0614d798-aa55-410c-8599-498df43f79db
2025/11/08 14:46:50 INFO session created token=7abf191e-5e01-4b12-b691-c749f9c344f9 name=User_45_98
2025/11/08 14:46:50 INFO session updated token=7abf191e-5e01-4b12-b691-c749f9c344f9 tableID=0xc000194ae0 seatIndex=0xc0003eebd8
2025/11/08 14:46:50 INFO session removed token=7abf191e-5e01-4b12-b691-c749f9c344f9
2025/11/08 14:46:50 INFO session created token=80bb2010-6a8a-4b80-b40f-69d33d027c94 name=User_45_99
2025/11/08 14:46:50 INFO session updated token=80bb2010-6a8a-4b80-b40f-69d33d027c94 tableID=0xc000194b30 seatIndex=0xc0003eec28
2025/11/08 14:46:50 INFO session removed token=80bb2010-6a8a-4b80-b40f-69d33d027c94
2025/11/08 14:46:50 INFO session updated token=68f2527f-2b7e-49be-a3a6-4917c32f9617 tableID=0xc0002f6170 seatIndex=0xc0001286c0
2025/11/08 14:46:50 INFO session removed token=68f2527f-2b7e-49be-a3a6-4917c32f9617
2025/11/08 14:46:50 INFO session created token=e8298477-abaa-4bdc-942c-8ae366b9f833 name=User_84_49
2025/11/08 14:46:50 INFO session updated token=e8298477-abaa-4bdc-942c-8ae366b9f833 tableID=0xc000194ba0 seatIndex=0xc0003eec98
2025/11/08 14:46:50 INFO session removed token=e8298477-abaa-4bdc-942c-8ae366b9f833
2025/11/08 14:46:50 INFO session created token=ae32a002-1144-442c-aade-774f27f8c1eb name=User_84_50
2025/11/08 14:46:50 INFO session updated token=ae32a002-1144-442c-aade-774f27f8c1eb tableID=0xc000194bf0 seatIndex=0xc0003eece8
2025/11/08 14:46:50 INFO session removed token=ae32a002-1144-442c-aade-774f27f8c1eb
2025/11/08 14:46:50 INFO session created token=1e54e99e-7af4-41a3-85c1-fcfb064b96eb name=User_84_51
2025/11/08 14:46:50 INFO session updated token=1e54e99e-7af4-41a3-85c1-fcfb064b96eb tableID=0xc000194c40 seatIndex=0xc0003eed38
2025/11/08 14:46:50 INFO session removed token=1e54e99e-7af4-41a3-85c1-fcfb064b96eb
2025/11/08 14:46:50 INFO session created token=7690c23c-373f-4994-ae55-30014e22652d name=User_84_52
2025/11/08 14:46:50 INFO session updated token=7690c23c-373f-4994-ae55-30014e22652d tableID=0xc000194c90 seatIndex=0xc0003eed88
2025/11/08 14:46:50 INFO session removed token=7690c23c-373f-4994-ae55-30014e22652d
2025/11/08 14:46:50 INFO session created token=bf47faa4-79ac-43b1-8380-4f8e7905fb35 name=User_84_53
2025/11/08 14:46:50 INFO session updated token=bf47faa4-79ac-43b1-8380-4f8e7905fb35 tableID=0xc000194ce0 seatIndex=0xc0003eedd8
2025/11/08 14:46:50 INFO session removed token=bf47faa4-79ac-43b1-8380-4f8e7905fb35
2025/11/08 14:46:50 INFO session created token=1fde6424-33a3-4308-abce-6a2dcc346dbe name=User_84_54
2025/11/08 14:46:50 INFO session updated token=1fde6424-33a3-4308-abce-6a2dcc346dbe tableID=0xc000194d30 seatIndex=0xc0003eee28
2025/11/08 14:46:50 INFO session removed token=1fde6424-33a3-4308-abce-6a2dcc346dbe
2025/11/08 14:46:50 INFO session created token=8c4bad94-a021-4b9e-9760-e366205b3d44 name=User_84_55
2025/11/08 14:46:50 INFO session updated token=8c4bad94-a021-4b9e-9760-e366205b3d44 tableID=0xc000194d80 seatIndex=0xc0003eee78
2025/11/08 14:46:50 INFO session removed token=8c4bad94-a021-4b9e-9760-e366205b3d44
2025/11/08 14:46:50 INFO session created token=e9683aa9-78fb-4fd4-b6fd-56ca8e6d01a1 name=User_84_56
2025/11/08 14:46:50 INFO session updated token=e9683aa9-78fb-4fd4-b6fd-56ca8e6d01a1 tableID=0xc000194dd0 seatIndex=0xc0003eeec8
2025/11/08 14:46:50 INFO session removed token=e9683aa9-78fb-4fd4-b6fd-56ca8e6d01a1
2025/11/08 14:46:50 INFO session created token=c47d3a87-27b6-48df-a799-923fe2ee6f79 name=User_84_57
2025/11/08 14:46:50 INFO session updated token=c47d3a87-27b6-48df-a799-923fe2ee6f79 tableID=0xc000194e20 seatIndex=0xc0003eef18
2025/11/08 14:46:50 INFO session removed token=c47d3a87-27b6-48df-a799-923fe2ee6f79
2025/11/08 14:46:50 INFO session created token=ec4c7c0f-8ba3-4ba0-bddb-edeab788811b name=User_84_58
2025/11/08 14:46:50 INFO session updated token=ec4c7c0f-8ba3-4ba0-bddb-edeab788811b tableID=0xc000194e70 seatIndex=0xc0003eef68
2025/11/08 14:46:50 INFO session removed token=ec4c7c0f-8ba3-4ba0-bddb-edeab788811b
2025/11/08 14:46:50 INFO session created token=21a81975-de90-4a93-bada-d8532a7e867d name=User_84_59
2025/11/08 14:46:50 INFO session updated token=21a81975-de90-4a93-bada-d8532a7e867d tableID=0xc000194ec0 seatIndex=0xc0003eefb8
2025/11/08 14:46:50 INFO session removed token=21a81975-de90-4a93-bada-d8532a7e867d
2025/11/08 14:46:50 INFO session created token=644015f6-7026-4262-ab79-be453d612c6c name=User_84_60
2025/11/08 14:46:50 INFO session updated token=644015f6-7026-4262-ab79-be453d612c6c tableID=0xc000194f10 seatIndex=0xc0003ef008
2025/11/08 14:46:50 INFO session removed token=644015f6-7026-4262-ab79-be453d612c6c
2025/11/08 14:46:50 INFO session created token=408a7d1a-35a5-4123-84a2-fab9991d4eb7 name=User_84_61
2025/11/08 14:46:50 INFO session updated token=408a7d1a-35a5-4123-84a2-fab9991d4eb7 tableID=0xc000194f60 seatIndex=0xc0003ef058
2025/11/08 14:46:50 INFO session removed token=408a7d1a-35a5-4123-84a2-fab9991d4eb7
2025/11/08 14:46:50 INFO session created token=8a0c7e75-2c71-4ebd-af98-764baf17927e name=User_84_62
2025/11/08 14:46:50 INFO session updated token=8a0c7e75-2c71-4ebd-af98-764baf17927e tableID=0xc000194fb0 seatIndex=0xc0003ef0a8
2025/11/08 14:46:50 INFO session removed token=8a0c7e75-2c71-4ebd-af98-764baf17927e
2025/11/08 14:46:50 INFO session created token=5ee834a6-a59a-423d-82b7-b25a94993c80 name=User_84_63
2025/11/08 14:46:50 INFO session updated token=5ee834a6-a59a-423d-82b7-b25a94993c80 tableID=0xc000195000 seatIndex=0xc0003ef0f8
2025/11/08 14:46:50 INFO session removed token=5ee834a6-a59a-423d-82b7-b25a94993c80
2025/11/08 14:46:50 INFO session created token=cdc966f4-ae8f-4176-992c-c4252a91cb9e name=User_84_64
2025/11/08 14:46:50 INFO session updated token=cdc966f4-ae8f-4176-992c-c4252a91cb9e tableID=0xc000195050 seatIndex=0xc0003ef148
2025/11/08 14:46:50 INFO session removed token=cdc966f4-ae8f-4176-992c-c4252a91cb9e
2025/11/08 14:46:50 INFO session created token=d377079f-057f-4e43-97d5-991ddc1819e7 name=User_84_65
2025/11/08 14:46:50 INFO session updated token=d377079f-057f-4e43-97d5-991ddc1819e7 tableID=0xc0001950a0 seatIndex=0xc0003ef198
2025/11/08 14:46:50 INFO session removed token=d377079f-057f-4e43-97d5-991ddc1819e7
2025/11/08 14:46:50 INFO session created token=55390625-e292-424d-8b68-5b987afc9ca3 name=User_84_66
2025/11/08 14:46:50 INFO session updated token=55390625-e292-424d-8b68-5b987afc9ca3 tableID=0xc0001950f0 seatIndex=0xc0003ef1e8
2025/11/08 14:46:50 INFO session removed token=55390625-e292-424d-8b68-5b987afc9ca3
2025/11/08 14:46:50 INFO session created token=3a226cba-a8b2-45ee-b791-8dbc852864bb name=User_84_67
2025/11/08 14:46:50 INFO session updated token=3a226cba-a8b2-45ee-b791-8dbc852864bb tableID=0xc000195140 seatIndex=0xc0003ef238
2025/11/08 14:46:50 INFO session removed token=3a226cba-a8b2-45ee-b791-8dbc852864bb
2025/11/08 14:46:50 INFO session created token=2bd802ea-588f-43dd-b095-37fae64a17dc name=User_84_68
2025/11/08 14:46:50 INFO session updated token=2bd802ea-588f-43dd-b095-37fae64a17dc tableID=0xc000195190 seatIndex=0xc0003ef288
2025/11/08 14:46:50 INFO session removed token=2bd802ea-588f-43dd-b095-37fae64a17dc
2025/11/08 14:46:50 INFO session created token=74091c2f-48cc-4fb1-85c1-474b0f4b4389 name=User_84_69
2025/11/08 14:46:50 INFO session updated token=74091c2f-48cc-4fb1-85c1-474b0f4b4389 tableID=0xc0001951e0 seatIndex=0xc0003ef2d8
2025/11/08 14:46:50 INFO session removed token=74091c2f-48cc-4fb1-85c1-474b0f4b4389
2025/11/08 14:46:50 INFO session created token=c0a5b326-ae4f-46ea-a73a-b647affbfd0a name=User_84_70
2025/11/08 14:46:50 INFO session updated token=c0a5b326-ae4f-46ea-a73a-b647affbfd0a tableID=0xc000195230 seatIndex=0xc0003ef328
2025/11/08 14:46:50 INFO session removed token=c0a5b326-ae4f-46ea-a73a-b647affbfd0a
2025/11/08 14:46:50 INFO session created token=32f91204-c3fb-48ab-b0eb-74e4324f7e44 name=User_84_71
2025/11/08 14:46:50 INFO session updated token=32f91204-c3fb-48ab-b0eb-74e4324f7e44 tableID=0xc000195280 seatIndex=0xc0003ef378
2025/11/08 14:46:50 INFO session removed token=32f91204-c3fb-48ab-b0eb-74e4324f7e44
2025/11/08 14:46:50 INFO session created token=1525d96c-b1a6-4200-ad3d-22cba817bd64 name=User_84_72
2025/11/08 14:46:50 INFO session updated token=1525d96c-b1a6-4200-ad3d-22cba817bd64 tableID=0xc0001952d0 seatIndex=0xc0003ef3c8
2025/11/08 14:46:50 INFO session removed token=1525d96c-b1a6-4200-ad3d-22cba817bd64
2025/11/08 14:46:50 INFO session created token=05f020d0-8492-4909-bd2a-5b04234ea410 name=User_84_73
2025/11/08 14:46:50 INFO session updated token=05f020d0-8492-4909-bd2a-5b04234ea410 tableID=0xc000195320 seatIndex=0xc0003ef428
2025/11/08 14:46:50 INFO session removed token=05f020d0-8492-4909-bd2a-5b04234ea410
2025/11/08 14:46:50 INFO session created token=a5666e32-7f60-4f95-b036-714c1e40a885 name=User_84_74
2025/11/08 14:46:50 INFO session updated token=a5666e32-7f60-4f95-b036-714c1e40a885 tableID=0xc000195370 seatIndex=0xc0003ef498
2025/11/08 14:46:50 INFO session removed token=a5666e32-7f60-4f95-b036-714c1e40a885
2025/11/08 14:46:50 INFO session created token=138166a7-a719-4eee-8ec8-0c282b13632e name=User_84_75
2025/11/08 14:46:50 INFO session updated token=138166a7-a719-4eee-8ec8-0c282b13632e tableID=0xc0001953c0 seatIndex=0xc0003ef4e8
2025/11/08 14:46:50 INFO session removed token=138166a7-a719-4eee-8ec8-0c282b13632e
2025/11/08 14:46:50 INFO session created token=af3d792a-4c42-468a-aec6-01f5b85deeb4 name=User_84_76
2025/11/08 14:46:50 INFO session updated token=af3d792a-4c42-468a-aec6-01f5b85deeb4 tableID=0xc000195410 seatIndex=0xc0003ef538
2025/11/08 14:46:50 INFO session removed token=af3d792a-4c42-468a-aec6-01f5b85deeb4
2025/11/08 14:46:50 INFO session created token=dc90f77d-f031-450f-97f1-e72366a904ed name=User_84_77
2025/11/08 14:46:50 INFO session updated token=dc90f77d-f031-450f-97f1-e72366a904ed tableID=0xc000195460 seatIndex=0xc0003ef588
2025/11/08 14:46:50 INFO session removed token=dc90f77d-f031-450f-97f1-e72366a904ed
2025/11/08 14:46:50 INFO session created token=53069320-e2dc-4f89-a09e-9c44d3be5a01 name=User_84_78
2025/11/08 14:46:50 INFO session updated token=53069320-e2dc-4f89-a09e-9c44d3be5a01 tableID=0xc0001954b0 seatIndex=0xc0003ef5d8
2025/11/08 14:46:50 INFO session removed token=53069320-e2dc-4f89-a09e-9c44d3be5a01
2025/11/08 14:46:50 INFO session created token=7a5f5464-e810-4126-88a0-1a39692299c6 name=User_84_79
2025/11/08 14:46:50 INFO session updated token=7a5f5464-e810-4126-88a0-1a39692299c6 tableID=0xc000195500 seatIndex=0xc0003ef628
2025/11/08 14:46:50 INFO session removed token=7a5f5464-e810-4126-88a0-1a39692299c6
2025/11/08 14:46:50 INFO session created token=42109830-59cd-4c3a-89da-f96e936ecd59 name=User_44_28
2025/11/08 14:46:50 INFO session removed token=58fd4e8a-3e6f-4b75-b072-3aac7fb09cc8
2025/11/08 14:46:50 INFO session created token=e78219a5-8caf-49eb-9830-9bcfec2cb270 name=User_54_29
2025/11/08 14:46:50 INFO session created token=19a60dbb-a112-4b75-b1f2-b5d433abe0f6 name=User_56_24
2025/11/08 14:46:50 INFO session created token=38814fd9-3659-46b3-b64a-1ebf5cb93a40 name=User_35_33
2025/11/08 14:46:50 INFO session removed token=a95bf248-5b43-4541-8903-942c4b9f1d14
2025/11/08 14:46:50 INFO session created token=fe0ef70a-3658-40b4-9c22-3f1fe748c272 name=User_49_39
2025/11/08 14:46:50 INFO session created token=b25ed2cd-a4c0-4ae7-a1eb-9f0dbbbf74cd name=User_8_18
2025/11/08 14:46:50 INFO session created token=adaf9c30-a371-4fef-abda-cbff5ee91f02 name=User_10_15
2025/11/08 14:46:50 INFO session created token=1c64cb16-9b7b-4248-aaa0-61a000da2479 name=User_70_46
2025/11/08 14:46:50 INFO session created token=a6028203-e58a-4b65-9cf9-4f221976b99e name=User_57_91
2025/11/08 14:46:50 INFO session removed token=1e1036ba-6e2d-43d5-b9e8-9b1374a875c7
2025/11/08 14:46:50 INFO session created token=28eb3ddc-0f4c-42d8-b31b-5bed67b8232f name=User_18_41
2025/11/08 14:46:50 INFO session created token=3f2c753c-00e8-4250-b655-b20e32d24a0b name=User_64_15
2025/11/08 14:46:50 INFO session created token=0971d1bc-fcc9-481a-8e6b-74018502effc name=User_55_17
2025/11/08 14:46:50 INFO session created token=466f77b5-c02c-4880-9adf-2204472a7180 name=User_60_65
2025/11/08 14:46:50 INFO session created token=48d03546-d997-4d4d-8cae-330a71f2d0bc name=User_79_26
2025/11/08 14:46:50 INFO session removed token=2baa1c90-8698-4d2c-a30f-67e740557d7f
2025/11/08 14:46:50 INFO session created token=1d5f4616-d7c6-42bb-974f-baf4a44b4399 name=User_96_52
2025/11/08 14:46:50 INFO session created token=fb450202-5149-4760-b6ce-1e401d02a9c3 name=User_84_80
2025/11/08 14:46:50 INFO session created token=adaf44ce-7f4a-4b09-93e3-dbfa677c2889 name=User_83_31
2025/11/08 14:46:50 INFO session updated token=466f77b5-c02c-4880-9adf-2204472a7180 tableID=0xc0000b34d0 seatIndex=0xc0003eb3f0
2025/11/08 14:46:50 INFO session removed token=466f77b5-c02c-4880-9adf-2204472a7180
2025/11/08 14:46:50 INFO session created token=91c141e0-49f3-4d3b-8e87-b66ebba38be9 name=User_60_66
2025/11/08 14:46:50 INFO session updated token=91c141e0-49f3-4d3b-8e87-b66ebba38be9 tableID=0xc0000b3540 seatIndex=0xc0003eb460
2025/11/08 14:46:50 INFO session removed token=91c141e0-49f3-4d3b-8e87-b66ebba38be9
2025/11/08 14:46:50 INFO session created token=7fb2680d-b8a3-4db8-8f61-ce61e7d83208 name=User_60_67
2025/11/08 14:46:50 INFO session updated token=7fb2680d-b8a3-4db8-8f61-ce61e7d83208 tableID=0xc0000b3590 seatIndex=0xc0003eb4b0
2025/11/08 14:46:50 INFO session removed token=7fb2680d-b8a3-4db8-8f61-ce61e7d83208
2025/11/08 14:46:50 INFO session created token=3607fab1-2208-43a4-8603-e6aad3a43394 name=User_60_68
2025/11/08 14:46:50 INFO session updated token=3607fab1-2208-43a4-8603-e6aad3a43394 tableID=0xc0000b35e0 seatIndex=0xc0003eb500
2025/11/08 14:46:50 INFO session removed token=3607fab1-2208-43a4-8603-e6aad3a43394
2025/11/08 14:46:50 INFO session created token=d8c446f0-b4d2-41bb-9c41-0685afa687dd name=User_60_69
2025/11/08 14:46:50 INFO session updated token=d8c446f0-b4d2-41bb-9c41-0685afa687dd tableID=0xc0000b3630 seatIndex=0xc0003eb550
2025/11/08 14:46:50 INFO session removed token=d8c446f0-b4d2-41bb-9c41-0685afa687dd
2025/11/08 14:46:50 INFO session created token=819af459-b3bd-48d0-a022-d27d11eff6dc name=User_60_70
2025/11/08 14:46:50 INFO session updated token=819af459-b3bd-48d0-a022-d27d11eff6dc tableID=0xc0000b3680 seatIndex=0xc0003eb5a0
2025/11/08 14:46:50 INFO session removed token=819af459-b3bd-48d0-a022-d27d11eff6dc
2025/11/08 14:46:50 INFO session created token=b174d320-e5f0-4e49-9c13-78c1f96dd3cb name=User_60_71
2025/11/08 14:46:50 INFO session updated token=b174d320-e5f0-4e49-9c13-78c1f96dd3cb tableID=0xc0000b36d0 seatIndex=0xc0003eb5f0
2025/11/08 14:46:50 INFO session removed token=b174d320-e5f0-4e49-9c13-78c1f96dd3cb
2025/11/08 14:46:50 INFO session created token=0b32cc34-3239-489b-9765-8dca8e11b396 name=User_60_72
2025/11/08 14:46:50 INFO session updated token=0b32cc34-3239-489b-9765-8dca8e11b396 tableID=0xc0000b3720 seatIndex=0xc0003eb640
2025/11/08 14:46:50 INFO session removed token=0b32cc34-3239-489b-9765-8dca8e11b396
2025/11/08 14:46:50 INFO session created token=cd7d3b85-72ed-4034-b282-599fee9cb642 name=User_60_73
2025/11/08 14:46:50 INFO session updated token=cd7d3b85-72ed-4034-b282-599fee9cb642 tableID=0xc0000b3770 seatIndex=0xc0003eb690
2025/11/08 14:46:50 INFO session removed token=cd7d3b85-72ed-4034-b282-599fee9cb642
2025/11/08 14:46:50 INFO session created token=399bdbb0-7c7f-42cc-a6b2-2363ed7a5d30 name=User_60_74
2025/11/08 14:46:50 INFO session updated token=399bdbb0-7c7f-42cc-a6b2-2363ed7a5d30 tableID=0xc0000b37c0 seatIndex=0xc0003eb6e0
2025/11/08 14:46:50 INFO session removed token=399bdbb0-7c7f-42cc-a6b2-2363ed7a5d30
2025/11/08 14:46:50 INFO session created token=1c3fd8e7-e382-4358-a193-88428e4ccc09 name=User_60_75
2025/11/08 14:46:50 INFO session updated token=1c3fd8e7-e382-4358-a193-88428e4ccc09 tableID=0xc0000b3810 seatIndex=0xc0003eb730
2025/11/08 14:46:50 INFO session removed token=1c3fd8e7-e382-4358-a193-88428e4ccc09
2025/11/08 14:46:50 INFO session created token=fd3606b5-a7db-4a9e-bb32-540a7a48e817 name=User_60_76
2025/11/08 14:46:50 INFO session updated token=fd3606b5-a7db-4a9e-bb32-540a7a48e817 tableID=0xc0000b3860 seatIndex=0xc0003eb780
2025/11/08 14:46:50 INFO session removed token=fd3606b5-a7db-4a9e-bb32-540a7a48e817
2025/11/08 14:46:50 INFO session created token=64ca159d-68e2-4a05-b980-9e0335d2a58f name=User_60_77
2025/11/08 14:46:50 INFO session updated token=64ca159d-68e2-4a05-b980-9e0335d2a58f tableID=0xc0000b38b0 seatIndex=0xc0003eb7d0
2025/11/08 14:46:50 INFO session removed token=64ca159d-68e2-4a05-b980-9e0335d2a58f
2025/11/08 14:46:50 INFO session created token=8aa6121b-9a7b-4f62-80fc-1052c901497d name=User_60_78
2025/11/08 14:46:50 INFO session updated token=8aa6121b-9a7b-4f62-80fc-1052c901497d tableID=0xc0000b3900 seatIndex=0xc0003eb820
2025/11/08 14:46:50 INFO session removed token=8aa6121b-9a7b-4f62-80fc-1052c901497d
2025/11/08 14:46:50 INFO session created token=dd8f6230-8101-4d8d-bdaa-5e819a388363 name=User_60_79
2025/11/08 14:46:50 INFO session updated token=dd8f6230-8101-4d8d-bdaa-5e819a388363 tableID=0xc0000b3950 seatIndex=0xc0003eb870
2025/11/08 14:46:50 INFO session removed token=dd8f6230-8101-4d8d-bdaa-5e819a388363
2025/11/08 14:46:50 INFO session created token=80ab2e4d-b027-4a64-8831-9ea8201bafa3 name=User_60_80
2025/11/08 14:46:50 INFO session updated token=80ab2e4d-b027-4a64-8831-9ea8201bafa3 tableID=0xc0000b39a0 seatIndex=0xc0003eb8c0
2025/11/08 14:46:50 INFO session removed token=80ab2e4d-b027-4a64-8831-9ea8201bafa3
2025/11/08 14:46:50 INFO session created token=18f7a87e-65f1-403b-a5e8-3dbf8a7bfa1f name=User_60_81
2025/11/08 14:46:50 INFO session updated token=18f7a87e-65f1-403b-a5e8-3dbf8a7bfa1f tableID=0xc0000b39f0 seatIndex=0xc0003eb910
2025/11/08 14:46:50 INFO session removed token=18f7a87e-65f1-403b-a5e8-3dbf8a7bfa1f
2025/11/08 14:46:50 INFO session created token=e0dfb061-169a-4779-8912-eada07e37810 name=User_60_82
2025/11/08 14:46:50 INFO session updated token=e0dfb061-169a-4779-8912-eada07e37810 tableID=0xc0000b3a40 seatIndex=0xc0003eb960
2025/11/08 14:46:50 INFO session removed token=e0dfb061-169a-4779-8912-eada07e37810
2025/11/08 14:46:50 INFO session created token=8a93e0c4-d447-403c-8998-b5f2200f649c name=User_60_83
2025/11/08 14:46:50 INFO session updated token=8a93e0c4-d447-403c-8998-b5f2200f649c tableID=0xc0000b3a90 seatIndex=0xc0003eb9b0
2025/11/08 14:46:50 INFO session removed token=8a93e0c4-d447-403c-8998-b5f2200f649c
2025/11/08 14:46:50 INFO session created token=ea092287-5f0e-4a59-a463-a3da095cfd87 name=User_60_84
2025/11/08 14:46:50 INFO session updated token=ea092287-5f0e-4a59-a463-a3da095cfd87 tableID=0xc0000b3ae0 seatIndex=0xc0003eba00
2025/11/08 14:46:50 INFO session removed token=ea092287-5f0e-4a59-a463-a3da095cfd87
2025/11/08 14:46:50 INFO session created token=52271a17-0c85-492c-95ac-59d84e1ee239 name=User_60_85
2025/11/08 14:46:50 INFO session updated token=52271a17-0c85-492c-95ac-59d84e1ee239 tableID=0xc0000b3b30 seatIndex=0xc0003eba50
2025/11/08 14:46:50 INFO session removed token=52271a17-0c85-492c-95ac-59d84e1ee239
2025/11/08 14:46:50 INFO session created token=8bf95f05-f257-4084-878d-5f90e55c8a29 name=User_60_86
2025/11/08 14:46:50 INFO session updated token=8bf95f05-f257-4084-878d-5f90e55c8a29 tableID=0xc0000b3b80 seatIndex=0xc0003ebaa0
2025/11/08 14:46:50 INFO session removed token=8bf95f05-f257-4084-878d-5f90e55c8a29
2025/11/08 14:46:50 INFO session created token=f6e33774-35e3-4ebb-b712-e6d1f8717838 name=User_60_87
2025/11/08 14:46:50 INFO session updated token=f6e33774-35e3-4ebb-b712-e6d1f8717838 tableID=0xc0000b3bd0 seatIndex=0xc0003ebaf0
2025/11/08 14:46:50 INFO session removed token=f6e33774-35e3-4ebb-b712-e6d1f8717838
2025/11/08 14:46:50 INFO session created token=7615bf38-74d8-4e42-8e2f-90d8d0b9b8bd name=User_60_88
2025/11/08 14:46:50 INFO session updated token=7615bf38-74d8-4e42-8e2f-90d8d0b9b8bd tableID=0xc0000b3c20 seatIndex=0xc0003ebb40
2025/11/08 14:46:50 INFO session removed token=7615bf38-74d8-4e42-8e2f-90d8d0b9b8bd
2025/11/08 14:46:50 INFO session created token=cc5eb333-a37c-41b0-8548-f3f90bf685d2 name=User_60_89
2025/11/08 14:46:50 INFO session updated token=cc5eb333-a37c-41b0-8548-f3f90bf685d2 tableID=0xc0000b3c70 seatIndex=0xc0003ebb90
2025/11/08 14:46:50 INFO session removed token=cc5eb333-a37c-41b0-8548-f3f90bf685d2
2025/11/08 14:46:50 INFO session created token=8f71c523-2ede-4a37-b852-e6d3be5e8a73 name=User_60_90
2025/11/08 14:46:50 INFO session updated token=8f71c523-2ede-4a37-b852-e6d3be5e8a73 tableID=0xc0000b3cc0 seatIndex=0xc0003ebbe0
2025/11/08 14:46:50 INFO session removed token=8f71c523-2ede-4a37-b852-e6d3be5e8a73
2025/11/08 14:46:50 INFO session created token=2b21b80c-e530-482c-afb4-b54fe5774ad4 name=User_60_91
2025/11/08 14:46:50 INFO session updated token=2b21b80c-e530-482c-afb4-b54fe5774ad4 tableID=0xc0000b3d10 seatIndex=0xc0003ebc30
2025/11/08 14:46:50 INFO session removed token=2b21b80c-e530-482c-afb4-b54fe5774ad4
2025/11/08 14:46:50 INFO session created token=bce64cb8-17b5-4620-b013-d08b8e542178 name=User_60_92
2025/11/08 14:46:50 INFO session updated token=bce64cb8-17b5-4620-b013-d08b8e542178 tableID=0xc0000b3d60 seatIndex=0xc0003ebc80
2025/11/08 14:46:50 INFO session removed token=bce64cb8-17b5-4620-b013-d08b8e542178
2025/11/08 14:46:50 INFO session created token=88c4f28b-08ec-4405-b67c-5c0f21fda696 name=User_60_93
2025/11/08 14:46:50 INFO session updated token=88c4f28b-08ec-4405-b67c-5c0f21fda696 tableID=0xc0000b3db0 seatIndex=0xc0003ebcd0
2025/11/08 14:46:50 INFO session removed token=88c4f28b-08ec-4405-b67c-5c0f21fda696
2025/11/08 14:46:50 INFO session created token=153b764e-4287-4d02-bfaf-405caaded2db name=User_60_94
2025/11/08 14:46:50 INFO session updated token=153b764e-4287-4d02-bfaf-405caaded2db tableID=0xc0000b3e00 seatIndex=0xc0003ebd20
2025/11/08 14:46:50 INFO session removed token=153b764e-4287-4d02-bfaf-405caaded2db
2025/11/08 14:46:50 INFO session created token=9584eff6-ac51-4080-9da7-127fbf901937 name=User_60_95
2025/11/08 14:46:50 INFO session updated token=9584eff6-ac51-4080-9da7-127fbf901937 tableID=0xc0000b3e50 seatIndex=0xc0003ebd70
2025/11/08 14:46:50 INFO session removed token=9584eff6-ac51-4080-9da7-127fbf901937
2025/11/08 14:46:50 INFO session created token=74fa6748-7718-441e-a3c4-af646c22d20e name=User_60_96
2025/11/08 14:46:50 INFO session updated token=74fa6748-7718-441e-a3c4-af646c22d20e tableID=0xc0000b3ea0 seatIndex=0xc0003ebdc0
2025/11/08 14:46:50 INFO session removed token=74fa6748-7718-441e-a3c4-af646c22d20e
2025/11/08 14:46:50 INFO session created token=dabb62c0-7e8d-40db-a1c0-be1ae3860194 name=User_60_97
2025/11/08 14:46:50 INFO session updated token=dabb62c0-7e8d-40db-a1c0-be1ae3860194 tableID=0xc0000b3ef0 seatIndex=0xc0003ebe10
2025/11/08 14:46:50 INFO session removed token=dabb62c0-7e8d-40db-a1c0-be1ae3860194
2025/11/08 14:46:50 INFO session created token=4e6bc8cd-1285-410f-b666-1116283ad7b0 name=User_60_98
2025/11/08 14:46:50 INFO session updated token=4e6bc8cd-1285-410f-b666-1116283ad7b0 tableID=0xc0000b3f40 seatIndex=0xc0003ebe60
2025/11/08 14:46:50 INFO session removed token=4e6bc8cd-1285-410f-b666-1116283ad7b0
2025/11/08 14:46:50 INFO session created token=44e6f747-bcc5-4cd2-a662-d03eccc8eaad name=User_60_99
2025/11/08 14:46:50 INFO session updated token=44e6f747-bcc5-4cd2-a662-d03eccc8eaad tableID=0xc0000e4010 seatIndex=0xc0003ebed0
2025/11/08 14:46:50 INFO session removed token=44e6f747-bcc5-4cd2-a662-d03eccc8eaad
2025/11/08 14:46:50 INFO session removed token=dd8d761f-6357-4689-accb-a478491074ac
2025/11/08 14:46:50 INFO session updated token=0971d1bc-fcc9-481a-8e6b-74018502effc tableID=0xc0000b34e0 seatIndex=0xc0003eb400
2025/11/08 14:46:50 INFO session removed token=0971d1bc-fcc9-481a-8e6b-74018502effc
2025/11/08 14:46:50 INFO session created token=dc4ca0c7-5bdb-4c60-8f53-6230f96df251 name=User_55_18
2025/11/08 14:46:50 INFO session updated token=dc4ca0c7-5bdb-4c60-8f53-6230f96df251 tableID=0xc0000e4090 seatIndex=0xc0003ebf40
2025/11/08 14:46:50 INFO session removed token=dc4ca0c7-5bdb-4c60-8f53-6230f96df251
2025/11/08 14:46:50 INFO session created token=ffa4966f-fa0e-4882-84b7-060a5fb23b46 name=User_55_19
2025/11/08 14:46:50 INFO session updated token=ffa4966f-fa0e-4882-84b7-060a5fb23b46 tableID=0xc0000e40e0 seatIndex=0xc0003ebf90
2025/11/08 14:46:50 INFO session removed token=ffa4966f-fa0e-4882-84b7-060a5fb23b46
2025/11/08 14:46:50 INFO session created token=2230ddc6-902d-4455-a49d-97d303b41063 name=User_55_20
2025/11/08 14:46:50 INFO session updated token=2230ddc6-902d-4455-a49d-97d303b41063 tableID=0xc0000e4130 seatIndex=0xc0003ebfe0
2025/11/08 14:46:50 INFO session removed token=2230ddc6-902d-4455-a49d-97d303b41063
2025/11/08 14:46:50 INFO session created token=96162601-b714-45ab-b5d6-fff7537f4b8b name=User_55_21
2025/11/08 14:46:50 INFO session updated token=96162601-b714-45ab-b5d6-fff7537f4b8b tableID=0xc0000e4180 seatIndex=0xc0000ec030
2025/11/08 14:46:50 INFO session removed token=96162601-b714-45ab-b5d6-fff7537f4b8b
2025/11/08 14:46:50 INFO session created token=71909d9d-2f76-44ca-9dfe-9019e25d3560 name=User_55_22
2025/11/08 14:46:50 INFO session updated token=71909d9d-2f76-44ca-9dfe-9019e25d3560 tableID=0xc0000e41d0 seatIndex=0xc0000ec080
2025/11/08 14:46:50 INFO session removed token=71909d9d-2f76-44ca-9dfe-9019e25d3560
2025/11/08 14:46:50 INFO session created token=2c0010c1-c221-45dc-b379-569a77df3917 name=User_55_23
2025/11/08 14:46:50 INFO session updated token=2c0010c1-c221-45dc-b379-569a77df3917 tableID=0xc0000e4220 seatIndex=0xc0000ec0d0
2025/11/08 14:46:50 INFO session removed token=2c0010c1-c221-45dc-b379-569a77df3917
2025/11/08 14:46:50 INFO session created token=a04ba968-c590-4af1-8d8a-dbede546b0f3 name=User_55_24
2025/11/08 14:46:50 INFO session updated token=a04ba968-c590-4af1-8d8a-dbede546b0f3 tableID=0xc0000e4270 seatIndex=0xc0000ec120
2025/11/08 14:46:50 INFO session removed token=a04ba968-c590-4af1-8d8a-dbede546b0f3
2025/11/08 14:46:50 INFO session created token=74e0e77e-1b63-47e1-8d78-e03f51b4ca44 name=User_55_25
2025/11/08 14:46:50 INFO session updated token=74e0e77e-1b63-47e1-8d78-e03f51b4ca44 tableID=0xc0000e42c0 seatIndex=0xc0000ec170
2025/11/08 14:46:50 INFO session removed token=74e0e77e-1b63-47e1-8d78-e03f51b4ca44
2025/11/08 14:46:50 INFO session created token=572679f2-4ab4-4020-b00f-a37dcf0eb99c name=User_55_26
2025/11/08 14:46:50 INFO session updated token=572679f2-4ab4-4020-b00f-a37dcf0eb99c tableID=0xc0000e4310 seatIndex=0xc0000ec1c0
2025/11/08 14:46:50 INFO session removed token=572679f2-4ab4-4020-b00f-a37dcf0eb99c
2025/11/08 14:46:50 INFO session created token=95b6a830-97b7-4ccb-aab9-bb11ca3a6dbc name=User_55_27
2025/11/08 14:46:50 INFO session updated token=95b6a830-97b7-4ccb-aab9-bb11ca3a6dbc tableID=0xc0000e4360 seatIndex=0xc0000ec210
2025/11/08 14:46:50 INFO session removed token=95b6a830-97b7-4ccb-aab9-bb11ca3a6dbc
2025/11/08 14:46:50 INFO session created token=d4ebc542-c422-4dae-b603-10a76fad8506 name=User_55_28
2025/11/08 14:46:50 INFO session updated token=d4ebc542-c422-4dae-b603-10a76fad8506 tableID=0xc0000e43b0 seatIndex=0xc0000ec260
2025/11/08 14:46:50 INFO session removed token=d4ebc542-c422-4dae-b603-10a76fad8506
2025/11/08 14:46:50 INFO session created token=da020422-c114-4b15-bc67-52c89e3a05bf name=User_55_29
2025/11/08 14:46:50 INFO session updated token=da020422-c114-4b15-bc67-52c89e3a05bf tableID=0xc0000e4400 seatIndex=0xc0000ec2b0
2025/11/08 14:46:50 INFO session removed token=da020422-c114-4b15-bc67-52c89e3a05bf
2025/11/08 14:46:50 INFO session created token=d5b3e05f-295a-4424-bd91-3da23785b92f name=User_55_30
2025/11/08 14:46:50 INFO session updated token=d5b3e05f-295a-4424-bd91-3da23785b92f tableID=0xc0000e4450 seatIndex=0xc0000ec300
2025/11/08 14:46:50 INFO session removed token=d5b3e05f-295a-4424-bd91-3da23785b92f
2025/11/08 14:46:50 INFO session created token=f1764286-3d3b-4325-95f0-376477091a4d name=User_55_31
2025/11/08 14:46:50 INFO session updated token=f1764286-3d3b-4325-95f0-376477091a4d tableID=0xc0000e44a0 seatIndex=0xc0000ec350
2025/11/08 14:46:50 INFO session removed token=f1764286-3d3b-4325-95f0-376477091a4d
2025/11/08 14:46:50 INFO session created token=b781e56f-21ba-404b-9364-a64e06dba733 name=User_55_32
2025/11/08 14:46:50 INFO session updated token=b781e56f-21ba-404b-9364-a64e06dba733 tableID=0xc0000e44f0 seatIndex=0xc0000ec3a0
2025/11/08 14:46:50 INFO session removed token=b781e56f-21ba-404b-9364-a64e06dba733
2025/11/08 14:46:50 INFO session created token=c74a0329-e9e1-47a8-8160-f860bb5d8827 name=User_55_33
2025/11/08 14:46:50 INFO session updated token=c74a0329-e9e1-47a8-8160-f860bb5d8827 tableID=0xc0000e4540 seatIndex=0xc0000ec3f0
2025/11/08 14:46:50 INFO session removed token=c74a0329-e9e1-47a8-8160-f860bb5d8827
2025/11/08 14:46:50 INFO session created token=c38c5476-0b5c-47ad-8f53-d7811813c632 name=User_55_34
2025/11/08 14:46:50 INFO session updated token=c38c5476-0b5c-47ad-8f53-d7811813c632 tableID=0xc0000e4590 seatIndex=0xc0000ec440
2025/11/08 14:46:50 INFO session removed token=c38c5476-0b5c-47ad-8f53-d7811813c632
2025/11/08 14:46:50 INFO session created token=1a02a2bb-3342-49c0-9ece-af08a580a203 name=User_55_35
2025/11/08 14:46:50 INFO session updated token=1a02a2bb-3342-49c0-9ece-af08a580a203 tableID=0xc0000e45e0 seatIndex=0xc0000ec490
2025/11/08 14:46:50 INFO session removed token=1a02a2bb-3342-49c0-9ece-af08a580a203
2025/11/08 14:46:50 INFO session created token=49245517-dee5-48c2-ac29-b1e0cd881cd7 name=User_55_36
2025/11/08 14:46:50 INFO session updated token=49245517-dee5-48c2-ac29-b1e0cd881cd7 tableID=0xc0000e4630 seatIndex=0xc0000ec4e0
2025/11/08 14:46:50 INFO session removed token=49245517-dee5-48c2-ac29-b1e0cd881cd7
2025/11/08 14:46:50 INFO session created token=06d58be3-6589-492b-870b-08ae7f0f4cea name=User_55_37
2025/11/08 14:46:50 INFO session updated token=06d58be3-6589-492b-870b-08ae7f0f4cea tableID=0xc0000e4680 seatIndex=0xc0000ec530
2025/11/08 14:46:50 INFO session removed token=06d58be3-6589-492b-870b-08ae7f0f4cea
2025/11/08 14:46:50 INFO session created token=d2373dc8-5d05-4405-979c-23a6c7c17972 name=User_55_38
2025/11/08 14:46:50 INFO session updated token=d2373dc8-5d05-4405-979c-23a6c7c17972 tableID=0xc0000e46d0 seatIndex=0xc0000ec580
2025/11/08 14:46:50 INFO session removed token=d2373dc8-5d05-4405-979c-23a6c7c17972
2025/11/08 14:46:50 INFO session created token=03114fe9-12bf-4a19-9c73-69612c0d7309 name=User_55_39
2025/11/08 14:46:50 INFO session updated token=03114fe9-12bf-4a19-9c73-69612c0d7309 tableID=0xc0000e4720 seatIndex=0xc0000ec5d0
2025/11/08 14:46:50 INFO session removed token=03114fe9-12bf-4a19-9c73-69612c0d7309
2025/11/08 14:46:50 INFO session created token=e0e90e86-5a66-409f-88ec-7255f183487c name=User_55_40
2025/11/08 14:46:50 INFO session updated token=e0e90e86-5a66-409f-88ec-7255f183487c tableID=0xc0000e4770 seatIndex=0xc0000ec620
2025/11/08 14:46:50 INFO session removed token=e0e90e86-5a66-409f-88ec-7255f183487c
2025/11/08 14:46:50 INFO session created token=126037a7-54d5-402b-938d-2d9af1f7f424 name=User_55_41
2025/11/08 14:46:50 INFO session updated token=126037a7-54d5-402b-938d-2d9af1f7f424 tableID=0xc0000e47c0 seatIndex=0xc0000ec670
2025/11/08 14:46:50 INFO session removed token=126037a7-54d5-402b-938d-2d9af1f7f424
2025/11/08 14:46:50 INFO session created token=a6e4f971-0a6d-4a9f-883c-8fb7fe6146ef name=User_55_42
2025/11/08 14:46:50 INFO session updated token=a6e4f971-0a6d-4a9f-883c-8fb7fe6146ef tableID=0xc0000e4810 seatIndex=0xc0000ec6c0
2025/11/08 14:46:50 INFO session removed token=a6e4f971-0a6d-4a9f-883c-8fb7fe6146ef
2025/11/08 14:46:50 INFO session created token=53149da1-efe0-4aa8-be25-4ffc19f036d8 name=User_55_43
2025/11/08 14:46:50 INFO session updated token=53149da1-efe0-4aa8-be25-4ffc19f036d8 tableID=0xc0000e4860 seatIndex=0xc0000ec710
2025/11/08 14:46:50 INFO session removed token=53149da1-efe0-4aa8-be25-4ffc19f036d8
2025/11/08 14:46:50 INFO session created token=abf6db39-e7a2-42f3-9274-4c3675b731e2 name=User_55_44
2025/11/08 14:46:50 INFO session updated token=abf6db39-e7a2-42f3-9274-4c3675b731e2 tableID=0xc0000e48b0 seatIndex=0xc0000ec760
2025/11/08 14:46:50 INFO session removed token=abf6db39-e7a2-42f3-9274-4c3675b731e2
2025/11/08 14:46:50 INFO session created token=2b34f266-b555-46f9-af02-3f8463258649 name=User_55_45
2025/11/08 14:46:50 INFO session updated token=2b34f266-b555-46f9-af02-3f8463258649 tableID=0xc0000e4900 seatIndex=0xc0000ec7b0
2025/11/08 14:46:50 INFO session removed token=2b34f266-b555-46f9-af02-3f8463258649
2025/11/08 14:46:50 INFO session created token=57a89e24-bd61-48cb-9114-aac85ebac54b name=User_55_46
2025/11/08 14:46:50 INFO session updated token=57a89e24-bd61-48cb-9114-aac85ebac54b tableID=0xc0000e4950 seatIndex=0xc0000ec800
2025/11/08 14:46:50 INFO session removed token=57a89e24-bd61-48cb-9114-aac85ebac54b
2025/11/08 14:46:50 INFO session created token=74954328-e482-4a99-85fe-966e33afac09 name=User_55_47
2025/11/08 14:46:50 INFO session updated token=74954328-e482-4a99-85fe-966e33afac09 tableID=0xc0000e49a0 seatIndex=0xc0000ec850
2025/11/08 14:46:50 INFO session removed token=74954328-e482-4a99-85fe-966e33afac09
2025/11/08 14:46:50 INFO session created token=33c64b67-bbbe-4622-bc15-2d9f2281cd7b name=User_55_48
2025/11/08 14:46:50 INFO session updated token=33c64b67-bbbe-4622-bc15-2d9f2281cd7b tableID=0xc0000e49f0 seatIndex=0xc0000ec8a0
2025/11/08 14:46:50 INFO session removed token=33c64b67-bbbe-4622-bc15-2d9f2281cd7b
2025/11/08 14:46:50 INFO session created token=b79856fe-b645-40ee-8467-6e99f341428d name=User_55_49
2025/11/08 14:46:50 INFO session updated token=b79856fe-b645-40ee-8467-6e99f341428d tableID=0xc0000e4a40 seatIndex=0xc0000ec8f0
2025/11/08 14:46:50 INFO session removed token=b79856fe-b645-40ee-8467-6e99f341428d
2025/11/08 14:46:50 INFO session created token=76aacfaa-2bdf-4ed6-8053-e2e243247143 name=User_55_50
2025/11/08 14:46:50 INFO session updated token=76aacfaa-2bdf-4ed6-8053-e2e243247143 tableID=0xc0000e4a90 seatIndex=0xc0000ec940
2025/11/08 14:46:50 INFO session removed token=76aacfaa-2bdf-4ed6-8053-e2e243247143
2025/11/08 14:46:50 INFO session created token=45ab3ed2-ebf0-49f0-a000-72d97d7e9eb3 name=User_55_51
2025/11/08 14:46:50 INFO session updated token=45ab3ed2-ebf0-49f0-a000-72d97d7e9eb3 tableID=0xc0000e4ae0 seatIndex=0xc0000ec990
2025/11/08 14:46:50 INFO session removed token=45ab3ed2-ebf0-49f0-a000-72d97d7e9eb3
2025/11/08 14:46:50 INFO session created token=a401bb83-d5a6-46ce-bbad-6ed3854ccba7 name=User_55_52
2025/11/08 14:46:50 INFO session updated token=a401bb83-d5a6-46ce-bbad-6ed3854ccba7 tableID=0xc0000e4b30 seatIndex=0xc0000ec9e0
2025/11/08 14:46:50 INFO session removed token=a401bb83-d5a6-46ce-bbad-6ed3854ccba7
2025/11/08 14:46:50 INFO session created token=3ba88564-ccf8-490c-a792-4a45c11eba54 name=User_55_53
2025/11/08 14:46:50 INFO session updated token=3ba88564-ccf8-490c-a792-4a45c11eba54 tableID=0xc0000e4b80 seatIndex=0xc0000eca30
2025/11/08 14:46:50 INFO session removed token=3ba88564-ccf8-490c-a792-4a45c11eba54
2025/11/08 14:46:50 INFO session created token=d1f7e56a-0028-4e04-87d1-2411204efdf2 name=User_55_54
2025/11/08 14:46:50 INFO session updated token=d1f7e56a-0028-4e04-87d1-2411204efdf2 tableID=0xc0000e4bd0 seatIndex=0xc0000eca80
2025/11/08 14:46:50 INFO session removed token=d1f7e56a-0028-4e04-87d1-2411204efdf2
2025/11/08 14:46:50 INFO session created token=0de6c658-2915-4000-ab52-e224e249e0bf name=User_55_55
2025/11/08 14:46:50 INFO session updated token=0de6c658-2915-4000-ab52-e224e249e0bf tableID=0xc0000e4c20 seatIndex=0xc0000ecad0
2025/11/08 14:46:50 INFO session removed token=0de6c658-2915-4000-ab52-e224e249e0bf
2025/11/08 14:46:50 INFO session created token=8d405172-c4c5-46ee-b40e-ae68b6add85e name=User_55_56
2025/11/08 14:46:50 INFO session updated token=8d405172-c4c5-46ee-b40e-ae68b6add85e tableID=0xc0000e4c70 seatIndex=0xc0000ecb20
2025/11/08 14:46:50 INFO session removed token=8d405172-c4c5-46ee-b40e-ae68b6add85e
2025/11/08 14:46:50 INFO session created token=70e0b60c-9c30-460c-8007-58a5698b4bb9 name=User_55_57
2025/11/08 14:46:50 INFO session updated token=70e0b60c-9c30-460c-8007-58a5698b4bb9 tableID=0xc0000e4cc0 seatIndex=0xc0000ecb70
2025/11/08 14:46:50 INFO session removed token=70e0b60c-9c30-460c-8007-58a5698b4bb9
2025/11/08 14:46:50 INFO session created token=f3f15b26-50ed-4ccd-b2a0-8d33343615bb name=User_55_58
2025/11/08 14:46:50 INFO session updated token=f3f15b26-50ed-4ccd-b2a0-8d33343615bb tableID=0xc0000e4d10 seatIndex=0xc0000ecbc0
2025/11/08 14:46:50 INFO session removed token=f3f15b26-50ed-4ccd-b2a0-8d33343615bb
2025/11/08 14:46:50 INFO session created token=29aad256-02cd-440c-9fc4-a9618336f07d name=User_55_59
2025/11/08 14:46:50 INFO session updated token=29aad256-02cd-440c-9fc4-a9618336f07d tableID=0xc0000e4d60 seatIndex=0xc0000ecc10
2025/11/08 14:46:50 INFO session removed token=29aad256-02cd-440c-9fc4-a9618336f07d
2025/11/08 14:46:50 INFO session created token=6ec4470c-260d-484f-a06a-4b6c153b7fa9 name=User_55_60
2025/11/08 14:46:50 INFO session updated token=6ec4470c-260d-484f-a06a-4b6c153b7fa9 tableID=0xc0000e4db0 seatIndex=0xc0000ecc60
2025/11/08 14:46:50 INFO session removed token=6ec4470c-260d-484f-a06a-4b6c153b7fa9
2025/11/08 14:46:50 INFO session created token=3efc3ebf-3c81-45f7-924a-ec8c9e0eb4a0 name=User_55_61
2025/11/08 14:46:50 INFO session updated token=3efc3ebf-3c81-45f7-924a-ec8c9e0eb4a0 tableID=0xc0000e4e00 seatIndex=0xc0000eccb0
2025/11/08 14:46:50 INFO session removed token=3efc3ebf-3c81-45f7-924a-ec8c9e0eb4a0
2025/11/08 14:46:50 INFO session created token=b4c0927f-b834-442b-a024-e775ea1fd32a name=User_55_62
2025/11/08 14:46:50 INFO session updated token=b4c0927f-b834-442b-a024-e775ea1fd32a tableID=0xc0000e4e50 seatIndex=0xc0000ecd00
2025/11/08 14:46:50 INFO session removed token=b4c0927f-b834-442b-a024-e775ea1fd32a
2025/11/08 14:46:50 INFO session created token=fec2b335-30af-4b5e-950d-6fc4c7b227cc name=User_55_63
2025/11/08 14:46:50 INFO session updated token=fec2b335-30af-4b5e-950d-6fc4c7b227cc tableID=0xc0000e4ea0 seatIndex=0xc0000ecd50
2025/11/08 14:46:50 INFO session removed token=fec2b335-30af-4b5e-950d-6fc4c7b227cc
2025/11/08 14:46:50 INFO session created token=8e074a52-3cc5-469d-b1b4-bb85e5b8d2a5 name=User_55_64
2025/11/08 14:46:50 INFO session updated token=8e074a52-3cc5-469d-b1b4-bb85e5b8d2a5 tableID=0xc0000e4ef0 seatIndex=0xc0000ecda0
2025/11/08 14:46:50 INFO session removed token=8e074a52-3cc5-469d-b1b4-bb85e5b8d2a5
2025/11/08 14:46:50 INFO session created token=9f9d7c38-40b8-48b1-b764-7ff6062e8207 name=User_55_65
2025/11/08 14:46:50 INFO session updated token=9f9d7c38-40b8-48b1-b764-7ff6062e8207 tableID=0xc0000e4f40 seatIndex=0xc0000ecdf0
2025/11/08 14:46:50 INFO session removed token=9f9d7c38-40b8-48b1-b764-7ff6062e8207
2025/11/08 14:46:50 INFO session created token=ab39893f-d1db-4441-a35c-26b792be29f3 name=User_55_66
2025/11/08 14:46:50 INFO session updated token=ab39893f-d1db-4441-a35c-26b792be29f3 tableID=0xc0000e4f90 seatIndex=0xc0000ece40
2025/11/08 14:46:50 INFO session removed token=ab39893f-d1db-4441-a35c-26b792be29f3
2025/11/08 14:46:50 INFO session created token=0d58a38f-2af9-46b4-b9f0-85623ebd36d1 name=User_55_67
2025/11/08 14:46:50 INFO session updated token=0d58a38f-2af9-46b4-b9f0-85623ebd36d1 tableID=0xc0000e4fe0 seatIndex=0xc0000ece90
2025/11/08 14:46:50 INFO session removed token=0d58a38f-2af9-46b4-b9f0-85623ebd36d1
2025/11/08 14:46:50 INFO session created token=e7146bd9-c100-42f9-a2e4-23170dec9663 name=User_55_68
2025/11/08 14:46:50 INFO session updated token=e7146bd9-c100-42f9-a2e4-23170dec9663 tableID=0xc0000e5030 seatIndex=0xc0000ecee0
2025/11/08 14:46:50 INFO session removed token=e7146bd9-c100-42f9-a2e4-23170dec9663
2025/11/08 14:46:50 INFO session created token=29844b15-3abc-40b1-990e-01a8a7ca3e60 name=User_55_69
2025/11/08 14:46:50 INFO session updated token=29844b15-3abc-40b1-990e-01a8a7ca3e60 tableID=0xc0000e5080 seatIndex=0xc0000ecf30
2025/11/08 14:46:50 INFO session removed token=29844b15-3abc-40b1-990e-01a8a7ca3e60
2025/11/08 14:46:50 INFO session created token=66a7f770-3a48-4447-bd7a-0784c6222498 name=User_55_70
2025/11/08 14:46:50 INFO session updated token=66a7f770-3a48-4447-bd7a-0784c6222498 tableID=0xc0000e50d0 seatIndex=0xc0000ecf80
2025/11/08 14:46:50 INFO session removed token=66a7f770-3a48-4447-bd7a-0784c6222498
2025/11/08 14:46:50 INFO session created token=86e3ae48-74af-407f-8ae1-d97db8d5adc0 name=User_55_71
2025/11/08 14:46:50 INFO session updated token=86e3ae48-74af-407f-8ae1-d97db8d5adc0 tableID=0xc0000e5120 seatIndex=0xc0000ecfd0
2025/11/08 14:46:50 INFO session removed token=86e3ae48-74af-407f-8ae1-d97db8d5adc0
2025/11/08 14:46:50 INFO session created token=36e0e936-b80f-4a8b-8a77-1a4deaaff50c name=User_55_72
2025/11/08 14:46:50 INFO session updated token=36e0e936-b80f-4a8b-8a77-1a4deaaff50c tableID=0xc0000e5170 seatIndex=0xc0000ed020
2025/11/08 14:46:50 INFO session removed token=36e0e936-b80f-4a8b-8a77-1a4deaaff50c
2025/11/08 14:46:50 INFO session created token=76bb7138-4b63-4eee-b9d5-38449cb7f71d name=User_55_73
2025/11/08 14:46:50 INFO session updated token=76bb7138-4b63-4eee-b9d5-38449cb7f71d tableID=0xc0000e51c0 seatIndex=0xc0000ed070
2025/11/08 14:46:50 INFO session removed token=76bb7138-4b63-4eee-b9d5-38449cb7f71d
2025/11/08 14:46:50 INFO session created token=48b269be-39c1-4d22-b51a-1a4b2d1f7d48 name=User_55_74
2025/11/08 14:46:50 INFO session updated token=48b269be-39c1-4d22-b51a-1a4b2d1f7d48 tableID=0xc0000e5210 seatIndex=0xc0000ed0c0
2025/11/08 14:46:50 INFO session removed token=48b269be-39c1-4d22-b51a-1a4b2d1f7d48
2025/11/08 14:46:50 INFO session created token=1b41419f-f887-480c-8ab7-e23619da2564 name=User_55_75
2025/11/08 14:46:50 INFO session updated token=1b41419f-f887-480c-8ab7-e23619da2564 tableID=0xc0000e5260 seatIndex=0xc0000ed110
2025/11/08 14:46:50 INFO session removed token=1b41419f-f887-480c-8ab7-e23619da2564
2025/11/08 14:46:50 INFO session created token=5714a40b-de2a-45e8-91ac-51c7f9ad0c8a name=User_55_76
2025/11/08 14:46:50 INFO session updated token=5714a40b-de2a-45e8-91ac-51c7f9ad0c8a tableID=0xc0000e52b0 seatIndex=0xc0000ed160
2025/11/08 14:46:50 INFO session removed token=5714a40b-de2a-45e8-91ac-51c7f9ad0c8a
2025/11/08 14:46:50 INFO session created token=34fcd262-4f2f-4363-bb25-c4be24745019 name=User_55_77
2025/11/08 14:46:50 INFO session updated token=34fcd262-4f2f-4363-bb25-c4be24745019 tableID=0xc0000e5300 seatIndex=0xc0000ed1b0
2025/11/08 14:46:50 INFO session removed token=34fcd262-4f2f-4363-bb25-c4be24745019
2025/11/08 14:46:50 INFO session created token=e3173170-251f-4677-9e63-f4df775cd3d5 name=User_55_78
2025/11/08 14:46:50 INFO session updated token=e3173170-251f-4677-9e63-f4df775cd3d5 tableID=0xc0000e5350 seatIndex=0xc0000ed200
2025/11/08 14:46:50 INFO session removed token=e3173170-251f-4677-9e63-f4df775cd3d5
2025/11/08 14:46:50 INFO session created token=46e6bc82-29c7-4aa3-8a77-7b0b5f4c29f6 name=User_55_79
2025/11/08 14:46:50 INFO session updated token=46e6bc82-29c7-4aa3-8a77-7b0b5f4c29f6 tableID=0xc0000e53a0 seatIndex=0xc0000ed250
2025/11/08 14:46:50 INFO session removed token=46e6bc82-29c7-4aa3-8a77-7b0b5f4c29f6
2025/11/08 14:46:50 INFO session created token=4506b6e8-8f02-4f5a-9555-069044194846 name=User_55_80
2025/11/08 14:46:50 INFO session updated token=4506b6e8-8f02-4f5a-9555-069044194846 tableID=0xc0000e53f0 seatIndex=0xc0000ed2a0
2025/11/08 14:46:50 INFO session removed token=4506b6e8-8f02-4f5a-9555-069044194846
2025/11/08 14:46:50 INFO session created token=ba3dd90e-a991-454f-8ecc-c9e6662cb051 name=User_55_81
2025/11/08 14:46:50 INFO session updated token=ba3dd90e-a991-454f-8ecc-c9e6662cb051 tableID=0xc0000e5440 seatIndex=0xc0000ed2f0
2025/11/08 14:46:50 INFO session removed token=ba3dd90e-a991-454f-8ecc-c9e6662cb051
2025/11/08 14:46:50 INFO session created token=8fbdbc40-f900-44aa-b25b-cac2872a9089 name=User_55_82
2025/11/08 14:46:50 INFO session updated token=8fbdbc40-f900-44aa-b25b-cac2872a9089 tableID=0xc0000e5490 seatIndex=0xc0000ed340
2025/11/08 14:46:50 INFO session removed token=8fbdbc40-f900-44aa-b25b-cac2872a9089
2025/11/08 14:46:50 INFO session created token=9ef53a7d-314a-440e-a510-1c924bcc7c06 name=User_55_83
2025/11/08 14:46:50 INFO session updated token=9ef53a7d-314a-440e-a510-1c924bcc7c06 tableID=0xc0000e54e0 seatIndex=0xc0000ed390
2025/11/08 14:46:50 INFO session removed token=9ef53a7d-314a-440e-a510-1c924bcc7c06
2025/11/08 14:46:50 INFO session created token=52be4be4-e20b-4a6c-a04c-413c7ce2ddba name=User_55_84
2025/11/08 14:46:50 INFO session updated token=52be4be4-e20b-4a6c-a04c-413c7ce2ddba tableID=0xc0000e5530 seatIndex=0xc0000ed3e0
2025/11/08 14:46:50 INFO session removed token=52be4be4-e20b-4a6c-a04c-413c7ce2ddba
2025/11/08 14:46:50 INFO session created token=92a42a0a-4dd1-4333-9d49-5c67bfd99039 name=User_55_85
2025/11/08 14:46:50 INFO session updated token=92a42a0a-4dd1-4333-9d49-5c67bfd99039 tableID=0xc0000e5580 seatIndex=0xc0000ed430
2025/11/08 14:46:50 INFO session removed token=92a42a0a-4dd1-4333-9d49-5c67bfd99039
2025/11/08 14:46:50 INFO session created token=46904cad-1c70-466c-927b-b762e5145f88 name=User_55_86
2025/11/08 14:46:50 INFO session updated token=46904cad-1c70-466c-927b-b762e5145f88 tableID=0xc0000e55d0 seatIndex=0xc0000ed480
2025/11/08 14:46:50 INFO session removed token=46904cad-1c70-466c-927b-b762e5145f88
2025/11/08 14:46:50 INFO session created token=dfdbd3b1-b427-430c-a5f7-94fa6de3a1ec name=User_55_87
2025/11/08 14:46:50 INFO session updated token=dfdbd3b1-b427-430c-a5f7-94fa6de3a1ec tableID=0xc0000e5620 seatIndex=0xc0000ed4d0
2025/11/08 14:46:50 INFO session removed token=dfdbd3b1-b427-430c-a5f7-94fa6de3a1ec
2025/11/08 14:46:50 INFO session created token=1076104b-f9d2-47a1-aa7e-e5f6d4a7af9f name=User_55_88
2025/11/08 14:46:50 INFO session updated token=1076104b-f9d2-47a1-aa7e-e5f6d4a7af9f tableID=0xc0000e5670 seatIndex=0xc0000ed520
2025/11/08 14:46:50 INFO session removed token=1076104b-f9d2-47a1-aa7e-e5f6d4a7af9f
2025/11/08 14:46:50 INFO session created token=129567d7-c0fe-4594-a7d4-edd156da3a82 name=User_55_89
2025/11/08 14:46:50 INFO session updated token=129567d7-c0fe-4594-a7d4-edd156da3a82 tableID=0xc0000e56c0 seatIndex=0xc0000ed570
2025/11/08 14:46:50 INFO session removed token=129567d7-c0fe-4594-a7d4-edd156da3a82
2025/11/08 14:46:50 INFO session created token=68df619d-5516-4458-b361-45547a5dfc75 name=User_55_90
2025/11/08 14:46:50 INFO session updated token=68df619d-5516-4458-b361-45547a5dfc75 tableID=0xc0000e5710 seatIndex=0xc0000ed5c0
2025/11/08 14:46:50 INFO session removed token=68df619d-5516-4458-b361-45547a5dfc75
2025/11/08 14:46:50 INFO session created token=56ddf212-0771-46fb-9c18-6fae55d28c1a name=User_55_91
2025/11/08 14:46:50 INFO session updated token=56ddf212-0771-46fb-9c18-6fae55d28c1a tableID=0xc0000e5760 seatIndex=0xc0000ed610
2025/11/08 14:46:50 INFO session removed token=56ddf212-0771-46fb-9c18-6fae55d28c1a
2025/11/08 14:46:50 INFO session created token=b933da7c-9809-4567-a127-f3348d4ade62 name=User_55_92
2025/11/08 14:46:50 INFO session updated token=b933da7c-9809-4567-a127-f3348d4ade62 tableID=0xc0000e57b0 seatIndex=0xc0000ed660
2025/11/08 14:46:50 INFO session removed token=b933da7c-9809-4567-a127-f3348d4ade62
2025/11/08 14:46:50 INFO session created token=28dbf0f1-8696-43c0-8b98-5ffc3ce3c81f name=User_55_93
2025/11/08 14:46:50 INFO session updated token=28dbf0f1-8696-43c0-8b98-5ffc3ce3c81f tableID=0xc0000e5800 seatIndex=0xc0000ed6b0
2025/11/08 14:46:50 INFO session removed token=28dbf0f1-8696-43c0-8b98-5ffc3ce3c81f
2025/11/08 14:46:50 INFO session created token=8be52202-5c73-4f47-a887-bd84818e61e3 name=User_55_94
2025/11/08 14:46:50 INFO session updated token=8be52202-5c73-4f47-a887-bd84818e61e3 tableID=0xc0000e5850 seatIndex=0xc0000ed700
2025/11/08 14:46:50 INFO session removed token=8be52202-5c73-4f47-a887-bd84818e61e3
2025/11/08 14:46:50 INFO session created token=7dd49897-9e96-462a-b448-8c052859d288 name=User_55_95
2025/11/08 14:46:50 INFO session updated token=7dd49897-9e96-462a-b448-8c052859d288 tableID=0xc0000e58a0 seatIndex=0xc0000ed750
2025/11/08 14:46:50 INFO session removed token=7dd49897-9e96-462a-b448-8c052859d288
2025/11/08 14:46:50 INFO session created token=3833a448-43d3-4d3d-8b02-f07155d0fc5e name=User_55_96
2025/11/08 14:46:50 INFO session updated token=3833a448-43d3-4d3d-8b02-f07155d0fc5e tableID=0xc0000e58f0 seatIndex=0xc0000ed7a0
2025/11/08 14:46:50 INFO session removed token=3833a448-43d3-4d3d-8b02-f07155d0fc5e
2025/11/08 14:46:50 INFO session created token=48ff5259-49c7-4c4f-8310-2117666a7bd4 name=User_55_97
2025/11/08 14:46:50 INFO session updated token=48ff5259-49c7-4c4f-8310-2117666a7bd4 tableID=0xc0000e5940 seatIndex=0xc0000ed7f0
2025/11/08 14:46:50 INFO session removed token=48ff5259-49c7-4c4f-8310-2117666a7bd4
2025/11/08 14:46:50 INFO session created token=db199be9-4e11-4a5f-8541-114c065b19e4 name=User_55_98
2025/11/08 14:46:50 INFO session updated token=db199be9-4e11-4a5f-8541-114c065b19e4 tableID=0xc0000e5990 seatIndex=0xc0000ed840
2025/11/08 14:46:50 INFO session removed token=db199be9-4e11-4a5f-8541-114c065b19e4
2025/11/08 14:46:50 INFO session created token=29bbcc77-debe-4e5d-b2a8-ad6a6d6b11ef name=User_55_99
2025/11/08 14:46:50 INFO session updated token=29bbcc77-debe-4e5d-b2a8-ad6a6d6b11ef tableID=0xc0000e59e0 seatIndex=0xc0000ed890
2025/11/08 14:46:50 INFO session removed token=29bbcc77-debe-4e5d-b2a8-ad6a6d6b11ef
2025/11/08 14:46:50 INFO session updated token=01f780c8-549d-4503-bc93-551050c04593 tableID=0xc00011a0b0 seatIndex=0xc000605f90
2025/11/08 14:46:50 INFO session removed token=01f780c8-549d-4503-bc93-551050c04593
2025/11/08 14:46:50 INFO session created token=868d52fe-5ec6-480d-b792-2ab3d75dc071 name=User_1_42
2025/11/08 14:46:50 INFO session updated token=868d52fe-5ec6-480d-b792-2ab3d75dc071 tableID=0xc0000e5a50 seatIndex=0xc0000ed900
2025/11/08 14:46:50 INFO session removed token=868d52fe-5ec6-480d-b792-2ab3d75dc071
2025/11/08 14:46:50 INFO session created token=3f8c62db-792a-4598-89e8-f5babaa0c50b name=User_1_43
2025/11/08 14:46:50 INFO session updated token=3f8c62db-792a-4598-89e8-f5babaa0c50b tableID=0xc0000e5aa0 seatIndex=0xc0000ed950
2025/11/08 14:46:50 INFO session removed token=3f8c62db-792a-4598-89e8-f5babaa0c50b
2025/11/08 14:46:50 INFO session created token=43957ca6-b39a-4ee2-9eed-e2980d3a1825 name=User_1_44
2025/11/08 14:46:50 INFO session updated token=43957ca6-b39a-4ee2-9eed-e2980d3a1825 tableID=0xc0000e5af0 seatIndex=0xc0000ed9a0
2025/11/08 14:46:50 INFO session removed token=43957ca6-b39a-4ee2-9eed-e2980d3a1825
2025/11/08 14:46:50 INFO session created token=e5c18b6e-8b8c-465c-b052-3d90d24d22cc name=User_1_45
2025/11/08 14:46:50 INFO session updated token=e5c18b6e-8b8c-465c-b052-3d90d24d22cc tableID=0xc0000e5b40 seatIndex=0xc0000ed9f0
2025/11/08 14:46:50 INFO session removed token=e5c18b6e-8b8c-465c-b052-3d90d24d22cc
2025/11/08 14:46:50 INFO session created token=5463bc79-536c-4052-a425-cb744509b6bd name=User_1_46
2025/11/08 14:46:50 INFO session updated token=5463bc79-536c-4052-a425-cb744509b6bd tableID=0xc0000e5b90 seatIndex=0xc0000eda40
2025/11/08 14:46:50 INFO session removed token=5463bc79-536c-4052-a425-cb744509b6bd
2025/11/08 14:46:50 INFO session created token=ad2fe12f-3b34-4941-b8f3-b521c7d5efcc name=User_1_47
2025/11/08 14:46:50 INFO session updated token=ad2fe12f-3b34-4941-b8f3-b521c7d5efcc tableID=0xc0000e5be0 seatIndex=0xc0000eda90
2025/11/08 14:46:50 INFO session removed token=ad2fe12f-3b34-4941-b8f3-b521c7d5efcc
2025/11/08 14:46:50 INFO session created token=4b361017-9666-43c5-9ec0-c0a7a201d036 name=User_1_48
2025/11/08 14:46:50 INFO session updated token=4b361017-9666-43c5-9ec0-c0a7a201d036 tableID=0xc0000e5c30 seatIndex=0xc0000edae0
2025/11/08 14:46:50 INFO session removed token=4b361017-9666-43c5-9ec0-c0a7a201d036
2025/11/08 14:46:50 INFO session created token=4111c400-78aa-484a-a780-b31bd1890905 name=User_1_49
2025/11/08 14:46:50 INFO session updated token=4111c400-78aa-484a-a780-b31bd1890905 tableID=0xc0000e5c80 seatIndex=0xc0000edb30
2025/11/08 14:46:50 INFO session removed token=4111c400-78aa-484a-a780-b31bd1890905
2025/11/08 14:46:50 INFO session created token=a2d1ebe8-5da6-40b6-8825-a3c6d2422ce1 name=User_1_50
2025/11/08 14:46:50 INFO session updated token=a2d1ebe8-5da6-40b6-8825-a3c6d2422ce1 tableID=0xc0000e5cd0 seatIndex=0xc0000edb80
2025/11/08 14:46:50 INFO session removed token=a2d1ebe8-5da6-40b6-8825-a3c6d2422ce1
2025/11/08 14:46:50 INFO session created token=54033f75-4c99-484d-bde1-5efe930d8965 name=User_1_51
2025/11/08 14:46:50 INFO session updated token=54033f75-4c99-484d-bde1-5efe930d8965 tableID=0xc0000e5d20 seatIndex=0xc0000edbd0
2025/11/08 14:46:50 INFO session removed token=54033f75-4c99-484d-bde1-5efe930d8965
2025/11/08 14:46:50 INFO session created token=d287c835-81fe-4042-ace3-3ece3d2dd48c name=User_1_52
2025/11/08 14:46:50 INFO session updated token=d287c835-81fe-4042-ace3-3ece3d2dd48c tableID=0xc0000e5d70 seatIndex=0xc0000edc20
2025/11/08 14:46:50 INFO session removed token=d287c835-81fe-4042-ace3-3ece3d2dd48c
2025/11/08 14:46:50 INFO session created token=6f06cd94-4c78-4c93-9115-fdc3f9b06ec2 name=User_1_53
2025/11/08 14:46:50 INFO session updated token=6f06cd94-4c78-4c93-9115-fdc3f9b06ec2 tableID=0xc0000e5dc0 seatIndex=0xc0000edc70
2025/11/08 14:46:50 INFO session removed token=6f06cd94-4c78-4c93-9115-fdc3f9b06ec2
2025/11/08 14:46:50 INFO session created token=5850211f-8090-4a0b-8603-cf0190550dc4 name=User_1_54
2025/11/08 14:46:50 INFO session updated token=5850211f-8090-4a0b-8603-cf0190550dc4 tableID=0xc0000e5e10 seatIndex=0xc0000edcc0
2025/11/08 14:46:50 INFO session removed token=5850211f-8090-4a0b-8603-cf0190550dc4
2025/11/08 14:46:50 INFO session created token=bc2c1221-b096-482f-9f7f-98dffd60e29c name=User_1_55
2025/11/08 14:46:50 INFO session updated token=bc2c1221-b096-482f-9f7f-98dffd60e29c tableID=0xc0000e5e60 seatIndex=0xc0000edd10
2025/11/08 14:46:50 INFO session removed token=bc2c1221-b096-482f-9f7f-98dffd60e29c
2025/11/08 14:46:50 INFO session created token=1d5d0320-7004-4d61-83da-32a325b21549 name=User_1_56
2025/11/08 14:46:50 INFO session updated token=1d5d0320-7004-4d61-83da-32a325b21549 tableID=0xc0000e5eb0 seatIndex=0xc0000edd60
2025/11/08 14:46:50 INFO session removed token=1d5d0320-7004-4d61-83da-32a325b21549
2025/11/08 14:46:50 INFO session created token=30d4f870-412b-44f3-822d-3afe23414263 name=User_1_57
2025/11/08 14:46:50 INFO session updated token=30d4f870-412b-44f3-822d-3afe23414263 tableID=0xc0000e5f00 seatIndex=0xc0000eddb0
2025/11/08 14:46:50 INFO session removed token=30d4f870-412b-44f3-822d-3afe23414263
2025/11/08 14:46:50 INFO session created token=f5734815-6b19-49f1-9bfd-cc78715871c6 name=User_1_58
2025/11/08 14:46:50 INFO session updated token=f5734815-6b19-49f1-9bfd-cc78715871c6 tableID=0xc0000e5f50 seatIndex=0xc0000ede00
2025/11/08 14:46:50 INFO session removed token=f5734815-6b19-49f1-9bfd-cc78715871c6
2025/11/08 14:46:50 INFO session created token=29070c46-2734-4e4b-8e87-242e13803817 name=User_1_59
2025/11/08 14:46:50 INFO session updated token=29070c46-2734-4e4b-8e87-242e13803817 tableID=0xc0000f2020 seatIndex=0xc0000ede50
2025/11/08 14:46:50 INFO session removed token=29070c46-2734-4e4b-8e87-242e13803817
2025/11/08 14:46:50 INFO session created token=0ef4f306-d754-4bd0-8c7b-4bed6079817e name=User_1_60
2025/11/08 14:46:50 INFO session updated token=0ef4f306-d754-4bd0-8c7b-4bed6079817e tableID=0xc0000f2070 seatIndex=0xc0000edea0
2025/11/08 14:46:50 INFO session removed token=0ef4f306-d754-4bd0-8c7b-4bed6079817e
2025/11/08 14:46:50 INFO session created token=f128dea5-bcba-41a8-bcf0-698b80ddcda9 name=User_1_61
2025/11/08 14:46:50 INFO session updated token=f128dea5-bcba-41a8-bcf0-698b80ddcda9 tableID=0xc0000f20c0 seatIndex=0xc0000edef0
2025/11/08 14:46:50 INFO session removed token=f128dea5-bcba-41a8-bcf0-698b80ddcda9
2025/11/08 14:46:50 INFO session created token=e099afcf-76dc-4c6f-835d-cf35d51251c6 name=User_1_62
2025/11/08 14:46:50 INFO session updated token=e099afcf-76dc-4c6f-835d-cf35d51251c6 tableID=0xc0000f2110 seatIndex=0xc0000edf40
2025/11/08 14:46:50 INFO session removed token=e099afcf-76dc-4c6f-835d-cf35d51251c6
2025/11/08 14:46:50 INFO session created token=c6d3c6d2-8f69-439c-8326-f02272b00231 name=User_1_63
2025/11/08 14:46:50 INFO session updated token=c6d3c6d2-8f69-439c-8326-f02272b00231 tableID=0xc0000f2160 seatIndex=0xc0000edf90
2025/11/08 14:46:50 INFO session removed token=c6d3c6d2-8f69-439c-8326-f02272b00231
2025/11/08 14:46:50 INFO session created token=d0b367a3-8f88-4af8-83f7-36d2605b20f1 name=User_1_64
2025/11/08 14:46:50 INFO session updated token=d0b367a3-8f88-4af8-83f7-36d2605b20f1 tableID=0xc0000f21b0 seatIndex=0xc0000edfe0
2025/11/08 14:46:50 INFO session removed token=d0b367a3-8f88-4af8-83f7-36d2605b20f1
2025/11/08 14:46:50 INFO session created token=7e0900bc-1138-43d7-b1ae-7de552bb59d5 name=User_1_65
2025/11/08 14:46:50 INFO session updated token=7e0900bc-1138-43d7-b1ae-7de552bb59d5 tableID=0xc0000f2200 seatIndex=0xc000210030
2025/11/08 14:46:50 INFO session removed token=7e0900bc-1138-43d7-b1ae-7de552bb59d5
2025/11/08 14:46:50 INFO session created token=1718d471-b854-40e2-859c-a1545ff26df7 name=User_1_66
2025/11/08 14:46:50 INFO session updated token=1718d471-b854-40e2-859c-a1545ff26df7 tableID=0xc0000f2250 seatIndex=0xc000210080
2025/11/08 14:46:50 INFO session removed token=1718d471-b854-40e2-859c-a1545ff26df7
2025/11/08 14:46:50 INFO session created token=61c99abb-9a9c-41e8-8193-26d1b282e78f name=User_1_67
2025/11/08 14:46:50 INFO session updated token=61c99abb-9a9c-41e8-8193-26d1b282e78f tableID=0xc0000f22a0 seatIndex=0xc0002100d0
2025/11/08 14:46:50 INFO session removed token=61c99abb-9a9c-41e8-8193-26d1b282e78f
2025/11/08 14:46:50 INFO session created token=54781da2-43bf-4eda-a534-92ce6a979d57 name=User_1_68
2025/11/08 14:46:50 INFO session updated token=54781da2-43bf-4eda-a534-92ce6a979d57 tableID=0xc0000f22f0 seatIndex=0xc000210120
2025/11/08 14:46:50 INFO session removed token=54781da2-43bf-4eda-a534-92ce6a979d57
2025/11/08 14:46:50 INFO session created token=2b308dad-11f3-4cd2-ba9a-d6dace72c44a name=User_1_69
2025/11/08 14:46:50 INFO session updated token=2b308dad-11f3-4cd2-ba9a-d6dace72c44a tableID=0xc0000f2340 seatIndex=0xc000210170
2025/11/08 14:46:50 INFO session removed token=2b308dad-11f3-4cd2-ba9a-d6dace72c44a
2025/11/08 14:46:50 INFO session created token=211c5185-87d6-4b9e-93de-296e8701f83a name=User_1_70
2025/11/08 14:46:50 INFO session updated token=211c5185-87d6-4b9e-93de-296e8701f83a tableID=0xc0000f2390 seatIndex=0xc0002101c0
2025/11/08 14:46:50 INFO session removed token=211c5185-87d6-4b9e-93de-296e8701f83a
2025/11/08 14:46:50 INFO session created token=b6d1e931-323e-4251-9aca-5bce56f67ec2 name=User_1_71
2025/11/08 14:46:50 INFO session updated token=b6d1e931-323e-4251-9aca-5bce56f67ec2 tableID=0xc0000f23e0 seatIndex=0xc000210210
2025/11/08 14:46:50 INFO session removed token=b6d1e931-323e-4251-9aca-5bce56f67ec2
2025/11/08 14:46:50 INFO session created token=5857491f-6d8a-4772-bd1a-7b9bfd89bd2e name=User_1_72
2025/11/08 14:46:50 INFO session updated token=5857491f-6d8a-4772-bd1a-7b9bfd89bd2e tableID=0xc0000f2430 seatIndex=0xc000210260
2025/11/08 14:46:50 INFO session removed token=5857491f-6d8a-4772-bd1a-7b9bfd89bd2e
2025/11/08 14:46:50 INFO session created token=f5c37ea0-70cf-4648-9c96-3325f18e8076 name=User_1_73
2025/11/08 14:46:50 INFO session updated token=f5c37ea0-70cf-4648-9c96-3325f18e8076 tableID=0xc0000f2480 seatIndex=0xc0002102b0
2025/11/08 14:46:50 INFO session removed token=f5c37ea0-70cf-4648-9c96-3325f18e8076
2025/11/08 14:46:50 INFO session created token=8d47a862-0258-4c1f-8200-26556b004f71 name=User_1_74
2025/11/08 14:46:50 INFO session updated token=8d47a862-0258-4c1f-8200-26556b004f71 tableID=0xc0000f24d0 seatIndex=0xc000210300
2025/11/08 14:46:50 INFO session removed token=8d47a862-0258-4c1f-8200-26556b004f71
2025/11/08 14:46:50 INFO session created token=9f748a87-9533-4ef0-ae99-008cb090de14 name=User_1_75
2025/11/08 14:46:50 INFO session updated token=9f748a87-9533-4ef0-ae99-008cb090de14 tableID=0xc0000f2520 seatIndex=0xc000210350
2025/11/08 14:46:50 INFO session removed token=9f748a87-9533-4ef0-ae99-008cb090de14
2025/11/08 14:46:50 INFO session created token=58383aeb-6a15-47ea-b09f-f6e54f10be4c name=User_1_76
2025/11/08 14:46:50 INFO session updated token=58383aeb-6a15-47ea-b09f-f6e54f10be4c tableID=0xc0000f2570 seatIndex=0xc0002103a0
2025/11/08 14:46:50 INFO session removed token=58383aeb-6a15-47ea-b09f-f6e54f10be4c
2025/11/08 14:46:50 INFO session created token=f59a375d-6541-4d85-93f8-b904264a72e3 name=User_1_77
2025/11/08 14:46:50 INFO session updated token=f59a375d-6541-4d85-93f8-b904264a72e3 tableID=0xc0000f25c0 seatIndex=0xc0002103f0
2025/11/08 14:46:50 INFO session removed token=f59a375d-6541-4d85-93f8-b904264a72e3
2025/11/08 14:46:50 INFO session created token=e588047f-079f-4086-a5b9-d1b1f08f6446 name=User_1_78
2025/11/08 14:46:50 INFO session updated token=e588047f-079f-4086-a5b9-d1b1f08f6446 tableID=0xc0000f2610 seatIndex=0xc000210440
2025/11/08 14:46:50 INFO session removed token=e588047f-079f-4086-a5b9-d1b1f08f6446
2025/11/08 14:46:50 INFO session created token=0e43664d-534d-4f4b-a41a-57765f3b53e1 name=User_1_79
2025/11/08 14:46:50 INFO session updated token=0e43664d-534d-4f4b-a41a-57765f3b53e1 tableID=0xc0000f2660 seatIndex=0xc000210490
2025/11/08 14:46:50 INFO session removed token=0e43664d-534d-4f4b-a41a-57765f3b53e1
2025/11/08 14:46:50 INFO session created token=d2fa7792-b14a-4999-9a0d-c24feb3c6460 name=User_1_80
2025/11/08 14:46:50 INFO session updated token=d2fa7792-b14a-4999-9a0d-c24feb3c6460 tableID=0xc0000f26b0 seatIndex=0xc0002104e0
2025/11/08 14:46:50 INFO session removed token=d2fa7792-b14a-4999-9a0d-c24feb3c6460
2025/11/08 14:46:50 INFO session created token=f5f3896b-96b0-46c1-ba17-4760251b5dac name=User_1_81
2025/11/08 14:46:50 INFO session updated token=f5f3896b-96b0-46c1-ba17-4760251b5dac tableID=0xc0000f2700 seatIndex=0xc000210530
2025/11/08 14:46:50 INFO session removed token=f5f3896b-96b0-46c1-ba17-4760251b5dac
2025/11/08 14:46:50 INFO session created token=59b597ec-34f2-475f-b52d-67697f447107 name=User_1_82
2025/11/08 14:46:50 INFO session updated token=59b597ec-34f2-475f-b52d-67697f447107 tableID=0xc0000f2750 seatIndex=0xc000210580
2025/11/08 14:46:50 INFO session removed token=59b597ec-34f2-475f-b52d-67697f447107
2025/11/08 14:46:50 INFO session created token=91765152-616c-4cfc-823a-43dec6f00965 name=User_1_83
2025/11/08 14:46:50 INFO session updated token=91765152-616c-4cfc-823a-43dec6f00965 tableID=0xc0000f27a0 seatIndex=0xc0002105d0
2025/11/08 14:46:50 INFO session removed token=91765152-616c-4cfc-823a-43dec6f00965
2025/11/08 14:46:50 INFO session created token=38b49d55-6091-45b9-8e5f-7789e42f9261 name=User_1_84
2025/11/08 14:46:50 INFO session updated token=38b49d55-6091-45b9-8e5f-7789e42f9261 tableID=0xc0000f27f0 seatIndex=0xc000210620
2025/11/08 14:46:50 INFO session removed token=38b49d55-6091-45b9-8e5f-7789e42f9261
2025/11/08 14:46:50 INFO session created token=c0e546bb-3270-4882-a80a-62bca57764eb name=User_1_85
2025/11/08 14:46:50 INFO session updated token=c0e546bb-3270-4882-a80a-62bca57764eb tableID=0xc0000f2840 seatIndex=0xc000210670
2025/11/08 14:46:50 INFO session removed token=c0e546bb-3270-4882-a80a-62bca57764eb
2025/11/08 14:46:50 INFO session created token=61933f59-53ba-4ab3-9f9d-3be0b196e7c0 name=User_1_86
2025/11/08 14:46:50 INFO session updated token=61933f59-53ba-4ab3-9f9d-3be0b196e7c0 tableID=0xc0000f2890 seatIndex=0xc0002106c0
2025/11/08 14:46:50 INFO session removed token=61933f59-53ba-4ab3-9f9d-3be0b196e7c0
2025/11/08 14:46:50 INFO session created token=9d9b4845-9eb1-4354-99cb-f65a88c38d63 name=User_1_87
2025/11/08 14:46:50 INFO session updated token=9d9b4845-9eb1-4354-99cb-f65a88c38d63 tableID=0xc0000f28e0 seatIndex=0xc000210710
2025/11/08 14:46:50 INFO session removed token=9d9b4845-9eb1-4354-99cb-f65a88c38d63
2025/11/08 14:46:50 INFO session created token=b12049a9-b024-4f95-901d-978e2b640d93 name=User_1_88
2025/11/08 14:46:50 INFO session updated token=b12049a9-b024-4f95-901d-978e2b640d93 tableID=0xc0000f2930 seatIndex=0xc000210760
2025/11/08 14:46:50 INFO session removed token=b12049a9-b024-4f95-901d-978e2b640d93
2025/11/08 14:46:50 INFO session created token=011a8f7a-99b7-4b04-b797-b8f1029a5e05 name=User_1_89
2025/11/08 14:46:50 INFO session updated token=011a8f7a-99b7-4b04-b797-b8f1029a5e05 tableID=0xc0000f2980 seatIndex=0xc0002107b0
2025/11/08 14:46:50 INFO session removed token=011a8f7a-99b7-4b04-b797-b8f1029a5e05
2025/11/08 14:46:50 INFO session created token=e1627292-3137-4e08-9d46-6c99c1dce6ef name=User_1_90
2025/11/08 14:46:50 INFO session updated token=e1627292-3137-4e08-9d46-6c99c1dce6ef tableID=0xc0000f29d0 seatIndex=0xc000210800
2025/11/08 14:46:50 INFO session removed token=e1627292-3137-4e08-9d46-6c99c1dce6ef
2025/11/08 14:46:50 INFO session created token=48db11d6-fe41-4598-a060-d8d68a107a41 name=User_1_91
2025/11/08 14:46:50 INFO session updated token=48db11d6-fe41-4598-a060-d8d68a107a41 tableID=0xc0000f2a20 seatIndex=0xc000210850
2025/11/08 14:46:50 INFO session removed token=48db11d6-fe41-4598-a060-d8d68a107a41
2025/11/08 14:46:50 INFO session created token=4eb0840c-dc80-43b1-9a4b-650b6a83b5ca name=User_1_92
2025/11/08 14:46:50 INFO session updated token=4eb0840c-dc80-43b1-9a4b-650b6a83b5ca tableID=0xc0000f2a70 seatIndex=0xc0002108a0
2025/11/08 14:46:50 INFO session removed token=4eb0840c-dc80-43b1-9a4b-650b6a83b5ca
2025/11/08 14:46:50 INFO session created token=3c006cd5-342a-413b-8201-9705efd91333 name=User_1_93
2025/11/08 14:46:50 INFO session updated token=3c006cd5-342a-413b-8201-9705efd91333 tableID=0xc0000f2ac0 seatIndex=0xc0002108f0
2025/11/08 14:46:50 INFO session removed token=3c006cd5-342a-413b-8201-9705efd91333
2025/11/08 14:46:50 INFO session created token=ebbc701c-cc02-492c-af8d-3fa0fc1fdb84 name=User_1_94
2025/11/08 14:46:50 INFO session updated token=ebbc701c-cc02-492c-af8d-3fa0fc1fdb84 tableID=0xc0000f2b10 seatIndex=0xc000210940
2025/11/08 14:46:50 INFO session removed token=ebbc701c-cc02-492c-af8d-3fa0fc1fdb84
2025/11/08 14:46:50 INFO session created token=53b98b54-a48b-4c0c-8e24-fe4c3db55d71 name=User_1_95
2025/11/08 14:46:50 INFO session updated token=53b98b54-a48b-4c0c-8e24-fe4c3db55d71 tableID=0xc0000f2b60 seatIndex=0xc000210990
2025/11/08 14:46:50 INFO session removed token=53b98b54-a48b-4c0c-8e24-fe4c3db55d71
2025/11/08 14:46:50 INFO session created token=2a29c88a-f742-432c-bce1-f959d76f816d name=User_1_96
2025/11/08 14:46:50 INFO session updated token=2a29c88a-f742-432c-bce1-f959d76f816d tableID=0xc0000f2bb0 seatIndex=0xc0002109e0
2025/11/08 14:46:50 INFO session removed token=2a29c88a-f742-432c-bce1-f959d76f816d
2025/11/08 14:46:50 INFO session created token=0a392669-b128-4bcb-9177-fca7b35f72a9 name=User_1_97
2025/11/08 14:46:50 INFO session updated token=0a392669-b128-4bcb-9177-fca7b35f72a9 tableID=0xc0000f2c00 seatIndex=0xc000210a30
2025/11/08 14:46:50 INFO session removed token=0a392669-b128-4bcb-9177-fca7b35f72a9
2025/11/08 14:46:50 INFO session created token=31375503-0293-4bf6-93cc-7b2c8a5b008e name=User_1_98
2025/11/08 14:46:50 INFO session updated token=31375503-0293-4bf6-93cc-7b2c8a5b008e tableID=0xc0000f2c50 seatIndex=0xc000210a80
2025/11/08 14:46:50 INFO session removed token=31375503-0293-4bf6-93cc-7b2c8a5b008e
2025/11/08 14:46:50 INFO session created token=48329ab0-de6a-42e4-bc21-b08e25f007a3 name=User_1_99
2025/11/08 14:46:50 INFO session updated token=48329ab0-de6a-42e4-bc21-b08e25f007a3 tableID=0xc0000f2ca0 seatIndex=0xc000210ad0
2025/11/08 14:46:50 INFO session removed token=48329ab0-de6a-42e4-bc21-b08e25f007a3
2025/11/08 14:46:50 INFO session created token=cf5a53d5-53f1-4708-97b5-5d21ba86af60 name=User_90_42
2025/11/08 14:46:50 INFO session updated token=cf5a53d5-53f1-4708-97b5-5d21ba86af60 tableID=0xc0000f2cf0 seatIndex=0xc000210b00
2025/11/08 14:46:50 INFO session removed token=cf5a53d5-53f1-4708-97b5-5d21ba86af60
2025/11/08 14:46:50 INFO session created token=5d0249e4-c60f-4d14-b43b-6c333f1237aa name=User_90_43
2025/11/08 14:46:50 INFO session updated token=5d0249e4-c60f-4d14-b43b-6c333f1237aa tableID=0xc0000f2d40 seatIndex=0xc000210b50
2025/11/08 14:46:50 INFO session removed token=5d0249e4-c60f-4d14-b43b-6c333f1237aa
2025/11/08 14:46:50 INFO session created token=acd8e185-c149-46b8-905c-6b5b68fcae9d name=User_90_44
2025/11/08 14:46:50 INFO session updated token=acd8e185-c149-46b8-905c-6b5b68fcae9d tableID=0xc0000f2d90 seatIndex=0xc000210ba0
2025/11/08 14:46:50 INFO session removed token=acd8e185-c149-46b8-905c-6b5b68fcae9d
2025/11/08 14:46:50 INFO session created token=7b11c1f6-afa1-44a5-b57e-326afbf5e0d7 name=User_90_45
2025/11/08 14:46:50 INFO session updated token=7b11c1f6-afa1-44a5-b57e-326afbf5e0d7 tableID=0xc0000f2de0 seatIndex=0xc000210bf0
2025/11/08 14:46:50 INFO session removed token=7b11c1f6-afa1-44a5-b57e-326afbf5e0d7
2025/11/08 14:46:50 INFO session created token=8ba551a9-fd3b-41ec-b1f1-6e086c352677 name=User_90_46
2025/11/08 14:46:50 INFO session updated token=8ba551a9-fd3b-41ec-b1f1-6e086c352677 tableID=0xc0000f2e30 seatIndex=0xc000210c40
2025/11/08 14:46:50 INFO session removed token=8ba551a9-fd3b-41ec-b1f1-6e086c352677
2025/11/08 14:46:50 INFO session created token=cef0e488-8895-4dd6-aa74-760a08f0e454 name=User_90_47
2025/11/08 14:46:50 INFO session updated token=cef0e488-8895-4dd6-aa74-760a08f0e454 tableID=0xc0000f2e80 seatIndex=0xc000210c90
2025/11/08 14:46:50 INFO session removed token=cef0e488-8895-4dd6-aa74-760a08f0e454
2025/11/08 14:46:50 INFO session created token=55978a15-9fed-44e4-be2e-5cd3613e9258 name=User_90_48
2025/11/08 14:46:50 INFO session updated token=55978a15-9fed-44e4-be2e-5cd3613e9258 tableID=0xc0000f2ed0 seatIndex=0xc000210ce0
2025/11/08 14:46:50 INFO session removed token=55978a15-9fed-44e4-be2e-5cd3613e9258
2025/11/08 14:46:50 INFO session created token=5e253cdc-c92f-4b8a-a707-f69625ff1221 name=User_90_49
2025/11/08 14:46:50 INFO session updated token=5e253cdc-c92f-4b8a-a707-f69625ff1221 tableID=0xc0000f2f20 seatIndex=0xc000210d30
2025/11/08 14:46:50 INFO session removed token=5e253cdc-c92f-4b8a-a707-f69625ff1221
2025/11/08 14:46:50 INFO session created token=bd430b27-b9c2-436e-b1c9-395a9cdbb5bc name=User_90_50
2025/11/08 14:46:50 INFO session updated token=bd430b27-b9c2-436e-b1c9-395a9cdbb5bc tableID=0xc0000f2f70 seatIndex=0xc000210d80
2025/11/08 14:46:50 INFO session removed token=bd430b27-b9c2-436e-b1c9-395a9cdbb5bc
2025/11/08 14:46:50 INFO session created token=b23c0bb0-a520-43df-ac32-6a2a40c4bb87 name=User_90_51
2025/11/08 14:46:50 INFO session updated token=b23c0bb0-a520-43df-ac32-6a2a40c4bb87 tableID=0xc0000f2fc0 seatIndex=0xc000210dd0
2025/11/08 14:46:50 INFO session removed token=b23c0bb0-a520-43df-ac32-6a2a40c4bb87
2025/11/08 14:46:50 INFO session created token=017a871f-5e0d-43dd-969d-12bec59da049 name=User_90_52
2025/11/08 14:46:50 INFO session updated token=017a871f-5e0d-43dd-969d-12bec59da049 tableID=0xc0000f3010 seatIndex=0xc000210e20
2025/11/08 14:46:50 INFO session removed token=017a871f-5e0d-43dd-969d-12bec59da049
2025/11/08 14:46:50 INFO session created token=c54ec9c1-b33b-4d53-88f9-efbaa39463cb name=User_90_53
2025/11/08 14:46:50 INFO session updated token=c54ec9c1-b33b-4d53-88f9-efbaa39463cb tableID=0xc0000f3060 seatIndex=0xc000210e70
2025/11/08 14:46:50 INFO session removed token=c54ec9c1-b33b-4d53-88f9-efbaa39463cb
2025/11/08 14:46:50 INFO session created token=ecd557ee-a90c-449a-a269-b4371f538173 name=User_90_54
2025/11/08 14:46:50 INFO session updated token=ecd557ee-a90c-449a-a269-b4371f538173 tableID=0xc0000f30b0 seatIndex=0xc000210ec0
2025/11/08 14:46:50 INFO session removed token=ecd557ee-a90c-449a-a269-b4371f538173
2025/11/08 14:46:50 INFO session created token=ef2ab06e-fe93-41ed-a2e0-e432170d9cda name=User_90_55
2025/11/08 14:46:50 INFO session updated token=ef2ab06e-fe93-41ed-a2e0-e432170d9cda tableID=0xc0000f3100 seatIndex=0xc000210f10
2025/11/08 14:46:50 INFO session removed token=ef2ab06e-fe93-41ed-a2e0-e432170d9cda
2025/11/08 14:46:50 INFO session created token=d5d2edeb-1d38-4638-b622-4d786431af37 name=User_90_56
2025/11/08 14:46:50 INFO session updated token=d5d2edeb-1d38-4638-b622-4d786431af37 tableID=0xc0000f3150 seatIndex=0xc000210f60
2025/11/08 14:46:50 INFO session removed token=d5d2edeb-1d38-4638-b622-4d786431af37
2025/11/08 14:46:50 INFO session created token=9531ae10-b33e-4971-8176-c3ed8925165d name=User_90_57
2025/11/08 14:46:50 INFO session updated token=9531ae10-b33e-4971-8176-c3ed8925165d tableID=0xc0000f31a0 seatIndex=0xc000210fb0
2025/11/08 14:46:50 INFO session removed token=9531ae10-b33e-4971-8176-c3ed8925165d
2025/11/08 14:46:50 INFO session created token=077078b3-6565-4fc6-92ac-49683d8233b0 name=User_90_58
2025/11/08 14:46:50 INFO session updated token=077078b3-6565-4fc6-92ac-49683d8233b0 tableID=0xc0000f31f0 seatIndex=0xc000211000
2025/11/08 14:46:50 INFO session removed token=077078b3-6565-4fc6-92ac-49683d8233b0
2025/11/08 14:46:50 INFO session created token=7b74b822-3593-4010-ac5a-3548f94abe52 name=User_90_59
2025/11/08 14:46:50 INFO session updated token=7b74b822-3593-4010-ac5a-3548f94abe52 tableID=0xc0000f3240 seatIndex=0xc000211050
2025/11/08 14:46:50 INFO session removed token=7b74b822-3593-4010-ac5a-3548f94abe52
2025/11/08 14:46:50 INFO session created token=034fca37-5b29-41b1-8f78-8118056ddb7a name=User_90_60
2025/11/08 14:46:50 INFO session updated token=034fca37-5b29-41b1-8f78-8118056ddb7a tableID=0xc0000f3290 seatIndex=0xc0002110a0
2025/11/08 14:46:50 INFO session removed token=034fca37-5b29-41b1-8f78-8118056ddb7a
2025/11/08 14:46:50 INFO session created token=926a60d7-4d06-4dea-9b95-94626a021f84 name=User_90_61
2025/11/08 14:46:50 INFO session updated token=926a60d7-4d06-4dea-9b95-94626a021f84 tableID=0xc0000f32e0 seatIndex=0xc0002110f0
2025/11/08 14:46:50 INFO session removed token=926a60d7-4d06-4dea-9b95-94626a021f84
2025/11/08 14:46:50 INFO session created token=c9a607c1-f579-4bf5-8dba-11aeb5c88097 name=User_90_62
2025/11/08 14:46:50 INFO session updated token=c9a607c1-f579-4bf5-8dba-11aeb5c88097 tableID=0xc0000f3330 seatIndex=0xc000211140
2025/11/08 14:46:50 INFO session removed token=c9a607c1-f579-4bf5-8dba-11aeb5c88097
2025/11/08 14:46:50 INFO session created token=cb41f923-7c60-496a-871b-a64af67973de name=User_90_63
2025/11/08 14:46:50 INFO session updated token=cb41f923-7c60-496a-871b-a64af67973de tableID=0xc0000f3380 seatIndex=0xc000211190
2025/11/08 14:46:50 INFO session removed token=cb41f923-7c60-496a-871b-a64af67973de
2025/11/08 14:46:50 INFO session created token=eae72429-7533-4836-bf8b-f5c14053fcf7 name=User_90_64
2025/11/08 14:46:50 INFO session updated token=eae72429-7533-4836-bf8b-f5c14053fcf7 tableID=0xc0000f33d0 seatIndex=0xc0002111e0
2025/11/08 14:46:50 INFO session removed token=eae72429-7533-4836-bf8b-f5c14053fcf7
2025/11/08 14:46:50 INFO session created token=57b67db0-8d1a-4dae-9cba-50f9c01e3a70 name=User_90_65
2025/11/08 14:46:50 INFO session updated token=57b67db0-8d1a-4dae-9cba-50f9c01e3a70 tableID=0xc0000f3420 seatIndex=0xc000211230
2025/11/08 14:46:50 INFO session removed token=57b67db0-8d1a-4dae-9cba-50f9c01e3a70
2025/11/08 14:46:50 INFO session created token=dac8ce21-84e1-46b4-8c05-8a04e22a160a name=User_90_66
2025/11/08 14:46:50 INFO session updated token=dac8ce21-84e1-46b4-8c05-8a04e22a160a tableID=0xc0000f3470 seatIndex=0xc000211280
2025/11/08 14:46:50 INFO session removed token=dac8ce21-84e1-46b4-8c05-8a04e22a160a
2025/11/08 14:46:50 INFO session created token=5db36b73-d0ce-4c7e-b93f-181c0bc3cc4b name=User_90_67
2025/11/08 14:46:50 INFO session updated token=5db36b73-d0ce-4c7e-b93f-181c0bc3cc4b tableID=0xc0000f34c0 seatIndex=0xc0002112d0
2025/11/08 14:46:50 INFO session removed token=5db36b73-d0ce-4c7e-b93f-181c0bc3cc4b
2025/11/08 14:46:50 INFO session created token=adbb11f2-b7a5-4820-a168-f8abb8ca141b name=User_90_68
2025/11/08 14:46:50 INFO session updated token=adbb11f2-b7a5-4820-a168-f8abb8ca141b tableID=0xc0000f3510 seatIndex=0xc000211320
2025/11/08 14:46:50 INFO session removed token=adbb11f2-b7a5-4820-a168-f8abb8ca141b
2025/11/08 14:46:50 INFO session updated token=d2e48305-7e2b-4972-8406-380568931a95 tableID=0xc0002f67f0 seatIndex=0xc000128d60
2025/11/08 14:46:50 INFO session removed token=d2e48305-7e2b-4972-8406-380568931a95
2025/11/08 14:46:50 INFO session created token=2b392274-a171-4a92-b7f2-d6bc2cd37cdc name=User_27_30
2025/11/08 14:46:50 INFO session updated token=2b392274-a171-4a92-b7f2-d6bc2cd37cdc tableID=0xc000195640 seatIndex=0xc0003ef748
2025/11/08 14:46:50 INFO session removed token=2b392274-a171-4a92-b7f2-d6bc2cd37cdc
2025/11/08 14:46:50 INFO session created token=4ddc2156-e50a-47d0-b268-2d723bae77ca name=User_27_31
2025/11/08 14:46:50 INFO session updated token=4ddc2156-e50a-47d0-b268-2d723bae77ca tableID=0xc000195690 seatIndex=0xc0003ef798
2025/11/08 14:46:50 INFO session removed token=4ddc2156-e50a-47d0-b268-2d723bae77ca
2025/11/08 14:46:50 INFO session created token=5b0669e3-6515-4ece-9606-e9d4939b1ffa name=User_27_32
2025/11/08 14:46:50 INFO session updated token=5b0669e3-6515-4ece-9606-e9d4939b1ffa tableID=0xc0001956e0 seatIndex=0xc0003ef7e8
2025/11/08 14:46:50 INFO session removed token=5b0669e3-6515-4ece-9606-e9d4939b1ffa
2025/11/08 14:46:50 INFO session created token=f696e251-2325-4299-b103-ae4cc4039635 name=User_27_33
2025/11/08 14:46:50 INFO session updated token=f696e251-2325-4299-b103-ae4cc4039635 tableID=0xc000195730 seatIndex=0xc0003ef838
2025/11/08 14:46:50 INFO session removed token=f696e251-2325-4299-b103-ae4cc4039635
2025/11/08 14:46:50 INFO session created token=0c560e21-d987-46f2-bf55-2e1d81068891 name=User_27_34
2025/11/08 14:46:50 INFO session updated token=0c560e21-d987-46f2-bf55-2e1d81068891 tableID=0xc000195780 seatIndex=0xc0003ef888
2025/11/08 14:46:50 INFO session removed token=0c560e21-d987-46f2-bf55-2e1d81068891
2025/11/08 14:46:50 INFO session updated token=5a2d0170-46ec-40b3-a667-54dfc4838613 tableID=0xc0002f6800 seatIndex=0xc000128d70
2025/11/08 14:46:50 INFO session removed token=5a2d0170-46ec-40b3-a667-54dfc4838613
2025/11/08 14:46:50 INFO session created token=cb328ba5-f065-404a-9a82-19f78ccf06b0 name=User_67_34
2025/11/08 14:46:50 INFO session updated token=cb328ba5-f065-404a-9a82-19f78ccf06b0 tableID=0xc0000f3580 seatIndex=0xc0002113b0
2025/11/08 14:46:50 INFO session removed token=cb328ba5-f065-404a-9a82-19f78ccf06b0
2025/11/08 14:46:50 INFO session created token=6d1b3e83-d3cf-4ab2-84c6-76f693eb0120 name=User_67_35
2025/11/08 14:46:50 INFO session updated token=6d1b3e83-d3cf-4ab2-84c6-76f693eb0120 tableID=0xc0000f35d0 seatIndex=0xc000211400
2025/11/08 14:46:50 INFO session removed token=6d1b3e83-d3cf-4ab2-84c6-76f693eb0120
2025/11/08 14:46:50 INFO session created token=665c7c4d-0617-424a-bda0-f294cfe9b92d name=User_67_36
2025/11/08 14:46:50 INFO session updated token=665c7c4d-0617-424a-bda0-f294cfe9b92d tableID=0xc0000f3620 seatIndex=0xc000211450
2025/11/08 14:46:50 INFO session removed token=665c7c4d-0617-424a-bda0-f294cfe9b92d
2025/11/08 14:46:50 INFO session created token=8a4919b9-1274-4a4d-b6ec-84ea3f25c12f name=User_67_37
2025/11/08 14:46:50 INFO session updated token=8a4919b9-1274-4a4d-b6ec-84ea3f25c12f tableID=0xc0000f3670 seatIndex=0xc0002114a0
2025/11/08 14:46:50 INFO session removed token=8a4919b9-1274-4a4d-b6ec-84ea3f25c12f
2025/11/08 14:46:50 INFO session created token=e1bf0c0b-d07f-4b56-a29a-28cc7387e0ae name=User_67_38
2025/11/08 14:46:50 INFO session updated token=e1bf0c0b-d07f-4b56-a29a-28cc7387e0ae tableID=0xc0000f36c0 seatIndex=0xc0002114f0
2025/11/08 14:46:50 INFO session removed token=e1bf0c0b-d07f-4b56-a29a-28cc7387e0ae
2025/11/08 14:46:50 INFO session created token=0ef53fe9-2a17-407f-88f5-8084fb36e985 name=User_67_39
2025/11/08 14:46:50 INFO session updated token=7e5d36d2-074e-4765-81df-bbd6eb84ca47 tableID=0xc0002f6850 seatIndex=0xc000128d80
2025/11/08 14:46:50 INFO session removed token=7e5d36d2-074e-4765-81df-bbd6eb84ca47
2025/11/08 14:46:50 INFO session updated token=6ba5afea-865d-44c0-86ee-168f19809acb tableID=0xc000303610 seatIndex=0xc0003816a0
2025/11/08 14:46:50 INFO session created token=eba346b4-7f45-4eb6-b471-0e1fbe83bb5b name=User_72_20
2025/11/08 14:46:50 INFO session updated token=01be7ece-690d-4c22-a843-0d5581112bc5 tableID=0xc0000250c0 seatIndex=0xc0003071d8
2025/11/08 14:46:50 INFO session updated token=b3f5264c-567c-4175-b6af-1c264d793fbc tableID=0xc0002f6890 seatIndex=0xc000128d90
2025/11/08 14:46:50 INFO session created token=fc6affbf-c07c-434f-b3ea-d184a6fe33b1 name=User_62_23
2025/11/08 14:46:50 INFO session updated token=11eda6c3-239f-4586-85ef-3203ce7716e5 tableID=0xc0002f68c0 seatIndex=0xc000128dc0
2025/11/08 14:46:50 INFO session created token=ac8fc450-5ef6-497a-bfa7-e730e0f7788b name=User_19_25
2025/11/08 14:46:50 INFO session updated token=0d13ba17-3ad9-4164-ac1e-7c7fbaec9e55 tableID=0xc0000250e0 seatIndex=0xc0003071e8
2025/11/08 14:46:50 INFO session updated token=92d8f6b2-6449-47bc-9087-b010a065bcb8 tableID=0xc0000250f0 seatIndex=0xc0003071f8
2025/11/08 14:46:50 INFO session updated token=c6198fa9-366d-4f57-89ae-fddb771fd078 tableID=0xc000025110 seatIndex=0xc000307228
2025/11/08 14:46:50 INFO session updated token=dc8289cb-b0b7-4c37-9add-7ee791e3461e tableID=0xc000025120 seatIndex=0xc000307238
2025/11/08 14:46:50 INFO session updated token=e78219a5-8caf-49eb-9830-9bcfec2cb270 tableID=0xc0000003a0 seatIndex=0xc000592250
2025/11/08 14:46:50 INFO session removed token=58a56655-b071-4ce2-8f72-e3fc3e025358
2025/11/08 14:46:50 INFO session removed token=7920164d-fd17-4206-bdc1-c1180841cee8
2025/11/08 14:46:50 INFO session created token=374f5889-1bac-42ab-8c3a-d51d81049f18 name=User_76_22
2025/11/08 14:46:50 INFO session created token=fccba0da-0673-4d0c-9845-922a53eb9b93 name=User_9_21
2025/11/08 14:46:50 INFO session created token=e2fa3147-49e1-42da-8b54-837bcd9b9c7d name=User_30_29
2025/11/08 14:46:50 INFO session updated token=38814fd9-3659-46b3-b64a-1ebf5cb93a40 tableID=0xc0000003d0 seatIndex=0xc000592260
2025/11/08 14:46:50 INFO session created token=e1c1be8c-ff8a-4b30-9b1a-0c3a7c6e2541 name=User_52_21
2025/11/08 14:46:50 INFO session created token=1d6c6a64-4e18-4f51-96d2-74de778b2094 name=User_6_17
2025/11/08 14:46:50 INFO session created token=4644938b-f543-4f09-97b5-597e1539c77d name=User_75_30
2025/11/08 14:46:50 INFO session updated token=e7234c5d-0aa5-4332-80e0-e1c138a5d29d tableID=0xc0002f6510 seatIndex=0xc000128a80
2025/11/08 14:46:50 INFO session created token=dc3eb05b-5829-4055-99dd-95009b6725b3 name=User_86_19
2025/11/08 14:46:50 INFO session removed token=bb0f8592-3d8c-4ae3-b896-60642429c357
2025/11/08 14:46:50 INFO session updated token=42109830-59cd-4c3a-89da-f96e936ecd59 tableID=0xc0002f6900 seatIndex=0xc000128e70
2025/11/08 14:46:50 INFO session removed token=0f54b9ec-105c-40ba-9d06-73ebda6d47ee
2025/11/08 14:46:50 INFO session created token=551dcffd-183c-4fa5-9794-1cb872d30ca7 name=User_3_24
2025/11/08 14:46:50 INFO session removed token=48640d90-93c3-44ff-b611-1eb7f4cd8f37
2025/11/08 14:46:50 INFO session created token=4a95341b-148f-4134-a3b0-d28378a86f16 name=User_48_76
2025/11/08 14:46:50 INFO session removed token=9c733262-2d42-4403-ae98-2524d95cd58e
2025/11/08 14:46:50 INFO session removed token=018c2e06-2d94-4626-afc8-e28d4754dfdd
2025/11/08 14:46:50 INFO session removed token=f847f382-31d4-4a98-bd12-386aaa3c9f68
2025/11/08 14:46:50 INFO session updated token=fe0ef70a-3658-40b4-9c22-3f1fe748c272 tableID=0xc00011a390 seatIndex=0xc0005ce250
2025/11/08 14:46:50 INFO session removed token=b845512b-114f-45fe-ab1a-0275d7df9a1e
2025/11/08 14:46:50 INFO session updated token=adaf9c30-a371-4fef-abda-cbff5ee91f02 tableID=0xc000000400 seatIndex=0xc000592290
2025/11/08 14:46:50 INFO session removed token=84621258-f2ea-425a-8402-1b9f13dc91b7
2025/11/08 14:46:50 INFO session updated token=b25ed2cd-a4c0-4ae7-a1eb-9f0dbbbf74cd tableID=0xc00011a3c0 seatIndex=0xc0005ce260
2025/11/08 14:46:50 INFO session removed token=bfd2cb9e-5228-4930-aa47-8a8f3ac187b4
2025/11/08 14:46:50 INFO session updated token=28eb3ddc-0f4c-42d8-b31b-5bed67b8232f tableID=0xc0001955d0 seatIndex=0xc0003ef6d8
2025/11/08 14:46:50 INFO session removed token=bf39bac4-b976-40e1-b019-65bc7e9a8589
2025/11/08 14:46:50 INFO session updated token=a6028203-e58a-4b65-9cf9-4f221976b99e tableID=0xc00011a3e0 seatIndex=0xc0005ce290
2025/11/08 14:46:50 INFO session removed token=4a16dd24-19c6-4aab-b39e-16c599209cd2
2025/11/08 14:46:50 INFO session removed token=ce2087f5-b37b-4872-829c-cd58147326f9
2025/11/08 14:46:50 INFO session removed token=efd672d1-bbab-4829-b819-8fad0e97911c
2025/11/08 14:46:50 INFO session removed token=c8c1ff47-1256-4818-b935-7da10e23e4d4
2025/11/08 14:46:50 INFO session updated token=3f2c753c-00e8-4250-b655-b20e32d24a0b tableID=0xc000000450 seatIndex=0xc0005922a0
2025/11/08 14:46:50 INFO session removed token=b94fc4db-b767-4f99-9af9-ad763345db75
2025/11/08 14:46:50 INFO session removed token=e3fd231e-3ed3-4350-b78b-a064024f4c78
2025/11/08 14:46:50 INFO session removed token=aa8656e9-1200-4438-b80f-c87c90cc2b8e
2025/11/08 14:46:50 INFO session updated token=19a60dbb-a112-4b75-b1f2-b5d433abe0f6 tableID=0xc000000480 seatIndex=0xc0005922b0
2025/11/08 14:46:50 INFO session updated token=1c64cb16-9b7b-4248-aaa0-61a000da2479 tableID=0xc0002f6940 seatIndex=0xc000128f00
2025/11/08 14:46:50 INFO session removed token=0d7a059d-82bb-46a0-b0d7-67c26eb9af76
2025/11/08 14:46:50 INFO session updated token=1d5f4616-d7c6-42bb-974f-baf4a44b4399 tableID=0xc0002f6960 seatIndex=0xc000128f30
2025/11/08 14:46:50 INFO session updated token=fb450202-5149-4760-b6ce-1e401d02a9c3 tableID=0xc0002f6970 seatIndex=0xc000128f40
2025/11/08 14:46:50 INFO session updated token=48d03546-d997-4d4d-8cae-330a71f2d0bc tableID=0xc0002f6980 seatIndex=0xc000128f50
2025/11/08 14:46:50 INFO session updated token=adaf44ce-7f4a-4b09-93e3-dbfa677c2889 tableID=0xc0000b3500 seatIndex=0xc0003eb430
2025/11/08 14:46:50 INFO session created token=5e935d15-9e3a-4973-bcd0-840bc84e5801 name=User_90_69
2025/11/08 14:46:50 INFO session updated token=5e935d15-9e3a-4973-bcd0-840bc84e5801 tableID=0xc00011a600 seatIndex=0xc0005ce4a0
2025/11/08 14:46:50 INFO session removed token=5e935d15-9e3a-4973-bcd0-840bc84e5801
2025/11/08 14:46:50 INFO session created token=bd1731c5-2d68-4d3e-9885-5ef6bcf431dd name=User_90_70
2025/11/08 14:46:50 INFO session updated token=bd1731c5-2d68-4d3e-9885-5ef6bcf431dd tableID=0xc00011a650 seatIndex=0xc0005ce4f0
2025/11/08 14:46:50 INFO session removed token=bd1731c5-2d68-4d3e-9885-5ef6bcf431dd
2025/11/08 14:46:50 INFO session created token=91bd8e13-d149-4e45-9766-a118c795eace name=User_90_71
2025/11/08 14:46:50 INFO session updated token=91bd8e13-d149-4e45-9766-a118c795eace tableID=0xc00011a6a0 seatIndex=0xc0005ce540
2025/11/08 14:46:50 INFO session removed token=91bd8e13-d149-4e45-9766-a118c795eace
2025/11/08 14:46:50 INFO session created token=e89d78a4-9b0c-4446-abdc-959069358b4e name=User_90_72
2025/11/08 14:46:50 INFO session updated token=e89d78a4-9b0c-4446-abdc-959069358b4e tableID=0xc00011a6f0 seatIndex=0xc0005ce590
2025/11/08 14:46:50 INFO session removed token=e89d78a4-9b0c-4446-abdc-959069358b4e
2025/11/08 14:46:50 INFO session created token=cbe0eaed-99d8-4520-ab00-78e6bba19775 name=User_90_73
2025/11/08 14:46:50 INFO session updated token=cbe0eaed-99d8-4520-ab00-78e6bba19775 tableID=0xc00011a740 seatIndex=0xc0005ce5e0
2025/11/08 14:46:50 INFO session removed token=cbe0eaed-99d8-4520-ab00-78e6bba19775
2025/11/08 14:46:50 INFO session created token=4f174e17-ed27-4237-b556-2398e059885b name=User_90_74
2025/11/08 14:46:50 INFO session updated token=4f174e17-ed27-4237-b556-2398e059885b tableID=0xc00011a790 seatIndex=0xc0005ce630
2025/11/08 14:46:50 INFO session removed token=4f174e17-ed27-4237-b556-2398e059885b
2025/11/08 14:46:50 INFO session created token=89c57e23-fc9b-4741-9e56-576cd4c730d9 name=User_90_75
2025/11/08 14:46:50 INFO session updated token=89c57e23-fc9b-4741-9e56-576cd4c730d9 tableID=0xc00011a7e0 seatIndex=0xc0005ce680
2025/11/08 14:46:50 INFO session removed token=89c57e23-fc9b-4741-9e56-576cd4c730d9
2025/11/08 14:46:50 INFO session created token=56be39c1-56bb-4982-8a96-33b68465d986 name=User_90_76
2025/11/08 14:46:50 INFO session updated token=56be39c1-56bb-4982-8a96-33b68465d986 tableID=0xc00011a830 seatIndex=0xc0005ce6d0
2025/11/08 14:46:50 INFO session removed token=56be39c1-56bb-4982-8a96-33b68465d986
2025/11/08 14:46:50 INFO session created token=c0f5ccf5-b800-4184-a522-905adc4f0eb1 name=User_90_77
2025/11/08 14:46:50 INFO session updated token=c0f5ccf5-b800-4184-a522-905adc4f0eb1 tableID=0xc00011a880 seatIndex=0xc0005ce720
2025/11/08 14:46:50 INFO session removed token=c0f5ccf5-b800-4184-a522-905adc4f0eb1
2025/11/08 14:46:50 INFO session created token=a0affa22-be29-4065-b70c-9529095a0fdb name=User_90_78
2025/11/08 14:46:50 INFO session updated token=a0affa22-be29-4065-b70c-9529095a0fdb tableID=0xc00011a8d0 seatIndex=0xc0005ce770
2025/11/08 14:46:50 INFO session removed token=a0affa22-be29-4065-b70c-9529095a0fdb
2025/11/08 14:46:50 INFO session created token=fe7545d2-f053-4718-9170-bd020457583e name=User_90_79
2025/11/08 14:46:50 INFO session updated token=fe7545d2-f053-4718-9170-bd020457583e tableID=0xc00011a920 seatIndex=0xc0005ce7c0
2025/11/08 14:46:50 INFO session removed token=fe7545d2-f053-4718-9170-bd020457583e
2025/11/08 14:46:50 INFO session created token=7f25d7a7-87a2-49df-9173-1b7c58e3f1d6 name=User_90_80
2025/11/08 14:46:50 INFO session updated token=7f25d7a7-87a2-49df-9173-1b7c58e3f1d6 tableID=0xc00011a970 seatIndex=0xc0005ce810
2025/11/08 14:46:50 INFO session removed token=7f25d7a7-87a2-49df-9173-1b7c58e3f1d6
2025/11/08 14:46:50 INFO session created token=e35b6d87-0968-4f44-ad67-abcd3ff307bf name=User_90_81
2025/11/08 14:46:50 INFO session updated token=e35b6d87-0968-4f44-ad67-abcd3ff307bf tableID=0xc00011a9c0 seatIndex=0xc0005ce860
2025/11/08 14:46:50 INFO session removed token=e35b6d87-0968-4f44-ad67-abcd3ff307bf
2025/11/08 14:46:50 INFO session created token=b2456f1e-0e5d-45bc-a18b-1123e7b0a3f7 name=User_90_82
2025/11/08 14:46:50 INFO session updated token=b2456f1e-0e5d-45bc-a18b-1123e7b0a3f7 tableID=0xc00011aa10 seatIndex=0xc0005ce8b0
2025/11/08 14:46:50 INFO session removed token=b2456f1e-0e5d-45bc-a18b-1123e7b0a3f7
2025/11/08 14:46:50 INFO session created token=6858bf52-d6d2-4e0a-8244-3c50ceb19ffe name=User_90_83
2025/11/08 14:46:50 INFO session updated token=6858bf52-d6d2-4e0a-8244-3c50ceb19ffe tableID=0xc00011aa60 seatIndex=0xc0005ce900
2025/11/08 14:46:50 INFO session removed token=6858bf52-d6d2-4e0a-8244-3c50ceb19ffe
2025/11/08 14:46:50 INFO session created token=94e41532-0b1a-48c8-bfc1-e0683cd2c033 name=User_90_84
2025/11/08 14:46:50 INFO session updated token=94e41532-0b1a-48c8-bfc1-e0683cd2c033 tableID=0xc00011aab0 seatIndex=0xc0005ce950
2025/11/08 14:46:50 INFO session removed token=94e41532-0b1a-48c8-bfc1-e0683cd2c033
2025/11/08 14:46:50 INFO session created token=9fa63ed6-9eb6-45a3-8287-34c65ab71e59 name=User_90_85
2025/11/08 14:46:50 INFO session updated token=9fa63ed6-9eb6-45a3-8287-34c65ab71e59 tableID=0xc00011ab00 seatIndex=0xc0005ce9a0
2025/11/08 14:46:50 INFO session removed token=9fa63ed6-9eb6-45a3-8287-34c65ab71e59
2025/11/08 14:46:50 INFO session created token=727be671-1509-4cae-8000-34ce312fe0b6 name=User_90_86
2025/11/08 14:46:50 INFO session updated token=727be671-1509-4cae-8000-34ce312fe0b6 tableID=0xc00011ab50 seatIndex=0xc0005ce9f0
2025/11/08 14:46:50 INFO session removed token=727be671-1509-4cae-8000-34ce312fe0b6
2025/11/08 14:46:50 INFO session created token=ab0bee9a-0ddf-4811-9f08-3f1cb484c3d8 name=User_90_87
2025/11/08 14:46:50 INFO session updated token=ab0bee9a-0ddf-4811-9f08-3f1cb484c3d8 tableID=0xc00011aba0 seatIndex=0xc0005cea40
2025/11/08 14:46:50 INFO session removed token=ab0bee9a-0ddf-4811-9f08-3f1cb484c3d8
2025/11/08 14:46:50 INFO session created token=54ee0a31-61c2-4b29-bb90-5bf579224eaf name=User_90_88
2025/11/08 14:46:50 INFO session updated token=54ee0a31-61c2-4b29-bb90-5bf579224eaf tableID=0xc00011abf0 seatIndex=0xc0005cea90
2025/11/08 14:46:50 INFO session removed token=54ee0a31-61c2-4b29-bb90-5bf579224eaf
2025/11/08 14:46:50 INFO session created token=c4547c12-00b1-47d6-b97e-11948f9ce2e8 name=User_90_89
2025/11/08 14:46:50 INFO session updated token=c4547c12-00b1-47d6-b97e-11948f9ce2e8 tableID=0xc00011ac40 seatIndex=0xc0005ceae0
2025/11/08 14:46:50 INFO session removed token=c4547c12-00b1-47d6-b97e-11948f9ce2e8
2025/11/08 14:46:50 INFO session created token=d572b90f-7674-400e-b71b-1079745cf3a0 name=User_90_90
2025/11/08 14:46:50 INFO session updated token=d572b90f-7674-400e-b71b-1079745cf3a0 tableID=0xc00011ac90 seatIndex=0xc0005ceb30
2025/11/08 14:46:50 INFO session removed token=d572b90f-7674-400e-b71b-1079745cf3a0
2025/11/08 14:46:50 INFO session created token=931ee959-4c00-4ef4-8fbb-7d82ef1dbb74 name=User_90_91
2025/11/08 14:46:50 INFO session updated token=931ee959-4c00-4ef4-8fbb-7d82ef1dbb74 tableID=0xc00011ace0 seatIndex=0xc0005ceb80
2025/11/08 14:46:50 INFO session removed token=931ee959-4c00-4ef4-8fbb-7d82ef1dbb74
2025/11/08 14:46:50 INFO session created token=cfb9252d-8867-4251-b97b-7928958fcd77 name=User_90_92
2025/11/08 14:46:50 INFO session updated token=cfb9252d-8867-4251-b97b-7928958fcd77 tableID=0xc00011ad30 seatIndex=0xc0005cebd0
2025/11/08 14:46:50 INFO session removed token=cfb9252d-8867-4251-b97b-7928958fcd77
2025/11/08 14:46:50 INFO session created token=3d79f9e8-ffe7-4a71-948b-d2d881e1e8b2 name=User_90_93
2025/11/08 14:46:50 INFO session updated token=3d79f9e8-ffe7-4a71-948b-d2d881e1e8b2 tableID=0xc00011ad80 seatIndex=0xc0005cec20
2025/11/08 14:46:50 INFO session removed token=3d79f9e8-ffe7-4a71-948b-d2d881e1e8b2
2025/11/08 14:46:50 INFO session created token=07f8cea5-8cc4-49e4-871a-6d283ff0337f name=User_90_94
2025/11/08 14:46:50 INFO session updated token=07f8cea5-8cc4-49e4-871a-6d283ff0337f tableID=0xc00011add0 seatIndex=0xc0005cec70
2025/11/08 14:46:50 INFO session removed token=07f8cea5-8cc4-49e4-871a-6d283ff0337f
2025/11/08 14:46:50 INFO session created token=95ff22c4-1c21-4b85-af5b-d67de7393f61 name=User_90_95
2025/11/08 14:46:50 INFO session updated token=95ff22c4-1c21-4b85-af5b-d67de7393f61 tableID=0xc00011ae20 seatIndex=0xc0005cecc0
2025/11/08 14:46:50 INFO session removed token=95ff22c4-1c21-4b85-af5b-d67de7393f61
2025/11/08 14:46:50 INFO session created token=a318ecfc-249c-45cd-a686-fbe7965b7c44 name=User_90_96
2025/11/08 14:46:50 INFO session updated token=a318ecfc-249c-45cd-a686-fbe7965b7c44 tableID=0xc00011ae70 seatIndex=0xc0005ced10
2025/11/08 14:46:50 INFO session removed token=a318ecfc-249c-45cd-a686-fbe7965b7c44
2025/11/08 14:46:50 INFO session created token=6e43b47d-47da-4a84-aef2-93fa748d8b2b name=User_90_97
2025/11/08 14:46:50 INFO session updated token=6e43b47d-47da-4a84-aef2-93fa748d8b2b tableID=0xc00011aec0 seatIndex=0xc0005ced60
2025/11/08 14:46:50 INFO session removed token=6e43b47d-47da-4a84-aef2-93fa748d8b2b
2025/11/08 14:46:50 INFO session created token=fb48e359-0af6-4607-97d7-4ff5b8643c7e name=User_90_98
2025/11/08 14:46:50 INFO session updated token=fb48e359-0af6-4607-97d7-4ff5b8643c7e tableID=0xc00011af10 seatIndex=0xc0005cedb0
2025/11/08 14:46:50 INFO session removed token=fb48e359-0af6-4607-97d7-4ff5b8643c7e
2025/11/08 14:46:50 INFO session created token=167f8834-4adc-4d11-9994-d8c7da08df66 name=User_90_99
2025/11/08 14:46:50 INFO session updated token=167f8834-4adc-4d11-9994-d8c7da08df66 tableID=0xc00011af60 seatIndex=0xc0005cee00
2025/11/08 14:46:50 INFO session removed token=167f8834-4adc-4d11-9994-d8c7da08df66
2025/11/08 14:46:50 INFO session created token=b75f1cf9-9f4b-4dfc-a5b1-966bb08c50e7 name=User_27_35
2025/11/08 14:46:50 INFO session updated token=b75f1cf9-9f4b-4dfc-a5b1-966bb08c50e7 tableID=0xc00011afb0 seatIndex=0xc0005cee30
2025/11/08 14:46:50 INFO session removed token=b75f1cf9-9f4b-4dfc-a5b1-966bb08c50e7
2025/11/08 14:46:50 INFO session created token=6fca1852-8716-4cb3-9ced-f516d788fb9d name=User_27_36
2025/11/08 14:46:50 INFO session updated token=6fca1852-8716-4cb3-9ced-f516d788fb9d tableID=0xc00011b000 seatIndex=0xc0005cee80
2025/11/08 14:46:50 INFO session removed token=6fca1852-8716-4cb3-9ced-f516d788fb9d
2025/11/08 14:46:50 INFO session created token=58df04ca-d1b5-4c0f-b24f-dacd96369dc0 name=User_27_37
2025/11/08 14:46:50 INFO session updated token=58df04ca-d1b5-4c0f-b24f-dacd96369dc0 tableID=0xc00011b050 seatIndex=0xc0005ceed0
2025/11/08 14:46:50 INFO session removed token=58df04ca-d1b5-4c0f-b24f-dacd96369dc0
2025/11/08 14:46:50 INFO session created token=d2e611e0-c0e4-4f21-9b98-c618899b2329 name=User_27_38
2025/11/08 14:46:50 INFO session updated token=d2e611e0-c0e4-4f21-9b98-c618899b2329 tableID=0xc00011b0a0 seatIndex=0xc0005cef20
2025/11/08 14:46:50 INFO session removed token=d2e611e0-c0e4-4f21-9b98-c618899b2329
2025/11/08 14:46:50 INFO session created token=d230d98f-31ed-4e48-bc04-1a1cad032f32 name=User_27_39
2025/11/08 14:46:50 INFO session updated token=d230d98f-31ed-4e48-bc04-1a1cad032f32 tableID=0xc00011b0f0 seatIndex=0xc0005cef70
2025/11/08 14:46:50 INFO session removed token=d230d98f-31ed-4e48-bc04-1a1cad032f32
2025/11/08 14:46:50 INFO session created token=cfcfceba-e8dc-4c30-9e57-0649d4d32487 name=User_27_40
2025/11/08 14:46:50 INFO session updated token=cfcfceba-e8dc-4c30-9e57-0649d4d32487 tableID=0xc00011b140 seatIndex=0xc0005cefc0
2025/11/08 14:46:50 INFO session removed token=cfcfceba-e8dc-4c30-9e57-0649d4d32487
2025/11/08 14:46:50 INFO session created token=43c20068-f4d4-41ee-94bd-86cb28de5fa6 name=User_27_41
2025/11/08 14:46:50 INFO session updated token=43c20068-f4d4-41ee-94bd-86cb28de5fa6 tableID=0xc00011b190 seatIndex=0xc0005cf010
2025/11/08 14:46:50 INFO session removed token=43c20068-f4d4-41ee-94bd-86cb28de5fa6
2025/11/08 14:46:50 INFO session created token=68252691-778b-4bd3-87ce-c2dbb68411f2 name=User_27_42
2025/11/08 14:46:50 INFO session updated token=68252691-778b-4bd3-87ce-c2dbb68411f2 tableID=0xc00011b1e0 seatIndex=0xc0005cf060
2025/11/08 14:46:50 INFO session removed token=68252691-778b-4bd3-87ce-c2dbb68411f2
2025/11/08 14:46:50 INFO session created token=fd4642af-9051-4f69-9b95-a183b20ee8f3 name=User_27_43
2025/11/08 14:46:50 INFO session updated token=fd4642af-9051-4f69-9b95-a183b20ee8f3 tableID=0xc00011b230 seatIndex=0xc0005cf0b0
2025/11/08 14:46:50 INFO session removed token=fd4642af-9051-4f69-9b95-a183b20ee8f3
2025/11/08 14:46:50 INFO session created token=977bb47a-39fc-43c9-b106-92c5cc45aa38 name=User_27_44
2025/11/08 14:46:50 INFO session updated token=977bb47a-39fc-43c9-b106-92c5cc45aa38 tableID=0xc00011b280 seatIndex=0xc0005cf100
2025/11/08 14:46:50 INFO session removed token=977bb47a-39fc-43c9-b106-92c5cc45aa38
2025/11/08 14:46:50 INFO session created token=6d62f497-f069-48b7-98b2-853a17a8430b name=User_27_45
2025/11/08 14:46:50 INFO session updated token=6d62f497-f069-48b7-98b2-853a17a8430b tableID=0xc00011b2d0 seatIndex=0xc0005cf150
2025/11/08 14:46:50 INFO session removed token=6d62f497-f069-48b7-98b2-853a17a8430b
2025/11/08 14:46:50 INFO session created token=4a76adc1-7d9e-4807-abe8-441ecad70e61 name=User_27_46
2025/11/08 14:46:50 INFO session updated token=4a76adc1-7d9e-4807-abe8-441ecad70e61 tableID=0xc00011b320 seatIndex=0xc0005cf1a0
2025/11/08 14:46:50 INFO session removed token=4a76adc1-7d9e-4807-abe8-441ecad70e61
2025/11/08 14:46:50 INFO session created token=9c5a3e91-1ee6-4702-9af4-99f3bd2933da name=User_27_47
2025/11/08 14:46:50 INFO session updated token=9c5a3e91-1ee6-4702-9af4-99f3bd2933da tableID=0xc00011b370 seatIndex=0xc0005cf1f0
2025/11/08 14:46:50 INFO session removed token=9c5a3e91-1ee6-4702-9af4-99f3bd2933da
2025/11/08 14:46:50 INFO session created token=f988977d-ff0a-4e13-ba81-ddf957eff8ed name=User_27_48
2025/11/08 14:46:50 INFO session updated token=f988977d-ff0a-4e13-ba81-ddf957eff8ed tableID=0xc00011b3c0 seatIndex=0xc0005cf240
2025/11/08 14:46:50 INFO session removed token=f988977d-ff0a-4e13-ba81-ddf957eff8ed
2025/11/08 14:46:50 INFO session created token=5bf86d05-35cf-43e6-b6ad-38b8cd8adfec name=User_27_49
2025/11/08 14:46:50 INFO session updated token=5bf86d05-35cf-43e6-b6ad-38b8cd8adfec tableID=0xc00011b410 seatIndex=0xc0005cf290
2025/11/08 14:46:50 INFO session removed token=5bf86d05-35cf-43e6-b6ad-38b8cd8adfec
2025/11/08 14:46:50 INFO session created token=affd96ff-4fc4-48b5-bbca-45c3ac8f2a6b name=User_27_50
2025/11/08 14:46:50 INFO session updated token=affd96ff-4fc4-48b5-bbca-45c3ac8f2a6b tableID=0xc00011b460 seatIndex=0xc0005cf2e0
2025/11/08 14:46:50 INFO session removed token=affd96ff-4fc4-48b5-bbca-45c3ac8f2a6b
2025/11/08 14:46:50 INFO session created token=a047b64e-9551-45cb-9073-d67c467c75f6 name=User_27_51
2025/11/08 14:46:50 INFO session updated token=a047b64e-9551-45cb-9073-d67c467c75f6 tableID=0xc00011b4b0 seatIndex=0xc0005cf330
2025/11/08 14:46:50 INFO session removed token=a047b64e-9551-45cb-9073-d67c467c75f6
2025/11/08 14:46:50 INFO session created token=8345228c-1a70-42e2-a0cf-f3096f747d88 name=User_27_52
2025/11/08 14:46:50 INFO session updated token=8345228c-1a70-42e2-a0cf-f3096f747d88 tableID=0xc00011b500 seatIndex=0xc0005cf380
2025/11/08 14:46:50 INFO session removed token=8345228c-1a70-42e2-a0cf-f3096f747d88
2025/11/08 14:46:50 INFO session created token=379b92a4-1157-4336-a544-8b5ff58037d7 name=User_27_53
2025/11/08 14:46:50 INFO session updated token=379b92a4-1157-4336-a544-8b5ff58037d7 tableID=0xc00011b550 seatIndex=0xc0005cf3d0
2025/11/08 14:46:50 INFO session removed token=379b92a4-1157-4336-a544-8b5ff58037d7
2025/11/08 14:46:50 INFO session created token=bcfe65fc-25d6-4c03-b99d-8f51fb3c4cc1 name=User_27_54
2025/11/08 14:46:50 INFO session updated token=bcfe65fc-25d6-4c03-b99d-8f51fb3c4cc1 tableID=0xc00011b5a0 seatIndex=0xc0005cf420
2025/11/08 14:46:50 INFO session removed token=bcfe65fc-25d6-4c03-b99d-8f51fb3c4cc1
2025/11/08 14:46:50 INFO session created token=d9b9cc6c-e6ec-43f3-a471-9374d43398b1 name=User_27_55
2025/11/08 14:46:50 INFO session updated token=d9b9cc6c-e6ec-43f3-a471-9374d43398b1 tableID=0xc00011b5f0 seatIndex=0xc0005cf470
2025/11/08 14:46:50 INFO session removed token=d9b9cc6c-e6ec-43f3-a471-9374d43398b1
2025/11/08 14:46:50 INFO session created token=f9b0832f-27dd-462e-8b30-5db146324b7a name=User_27_56
2025/11/08 14:46:50 INFO session updated token=f9b0832f-27dd-462e-8b30-5db146324b7a tableID=0xc00011b640 seatIndex=0xc0005cf4c0
2025/11/08 14:46:50 INFO session removed token=f9b0832f-27dd-462e-8b30-5db146324b7a
2025/11/08 14:46:50 INFO session created token=cf24f6e5-e31c-4b02-9f4a-6b09f32f0b5c name=User_27_57
2025/11/08 14:46:50 INFO session updated token=cf24f6e5-e31c-4b02-9f4a-6b09f32f0b5c tableID=0xc00011b690 seatIndex=0xc0005cf510
2025/11/08 14:46:50 INFO session removed token=cf24f6e5-e31c-4b02-9f4a-6b09f32f0b5c
2025/11/08 14:46:50 INFO session created token=912ea434-3b2c-4a67-bb40-77eceb078aa2 name=User_27_58
2025/11/08 14:46:50 INFO session updated token=912ea434-3b2c-4a67-bb40-77eceb078aa2 tableID=0xc00011b6e0 seatIndex=0xc0005cf560
2025/11/08 14:46:50 INFO session removed token=912ea434-3b2c-4a67-bb40-77eceb078aa2
2025/11/08 14:46:50 INFO session created token=ae58ab06-1757-4aa5-88c7-847640d92218 name=User_27_59
2025/11/08 14:46:50 INFO session updated token=ae58ab06-1757-4aa5-88c7-847640d92218 tableID=0xc00011b730 seatIndex=0xc0005cf5b0
2025/11/08 14:46:50 INFO session removed token=ae58ab06-1757-4aa5-88c7-847640d92218
2025/11/08 14:46:50 INFO session created token=768a0aa8-6fba-46fd-a142-fd66a041ecf3 name=User_27_60
2025/11/08 14:46:50 INFO session updated token=768a0aa8-6fba-46fd-a142-fd66a041ecf3 tableID=0xc00011b780 seatIndex=0xc0005cf600
2025/11/08 14:46:50 INFO session removed token=768a0aa8-6fba-46fd-a142-fd66a041ecf3
2025/11/08 14:46:50 INFO session created token=ff5fcd5a-a42b-44d0-9889-0b27bf9a8939 name=User_27_61
2025/11/08 14:46:50 INFO session updated token=ff5fcd5a-a42b-44d0-9889-0b27bf9a8939 tableID=0xc00011b7d0 seatIndex=0xc0005cf650
2025/11/08 14:46:50 INFO session removed token=ff5fcd5a-a42b-44d0-9889-0b27bf9a8939
2025/11/08 14:46:50 INFO session created token=dea5e7ef-612b-44cd-aacd-65ae0b994d73 name=User_27_62
2025/11/08 14:46:50 INFO session updated token=dea5e7ef-612b-44cd-aacd-65ae0b994d73 tableID=0xc00011b820 seatIndex=0xc0005cf6a0
2025/11/08 14:46:50 INFO session removed token=dea5e7ef-612b-44cd-aacd-65ae0b994d73
2025/11/08 14:46:50 INFO session created token=369da115-2a4c-4a37-af49-942c9ae39e2f name=User_27_63
2025/11/08 14:46:50 INFO session updated token=369da115-2a4c-4a37-af49-942c9ae39e2f tableID=0xc00011b870 seatIndex=0xc0005cf6f0
2025/11/08 14:46:50 INFO session removed token=369da115-2a4c-4a37-af49-942c9ae39e2f
2025/11/08 14:46:50 INFO session created token=fb96d1c0-8ce3-49e6-bf3a-2fbcc319dade name=User_27_64
2025/11/08 14:46:50 INFO session updated token=fb96d1c0-8ce3-49e6-bf3a-2fbcc319dade tableID=0xc00011b8c0 seatIndex=0xc0005cf740
2025/11/08 14:46:50 INFO session removed token=fb96d1c0-8ce3-49e6-bf3a-2fbcc319dade
2025/11/08 14:46:50 INFO session created token=13ad3793-7f63-4af4-b9ce-92a333bf779f name=User_27_65
2025/11/08 14:46:50 INFO session updated token=13ad3793-7f63-4af4-b9ce-92a333bf779f tableID=0xc00011b910 seatIndex=0xc0005cf790
2025/11/08 14:46:50 INFO session removed token=13ad3793-7f63-4af4-b9ce-92a333bf779f
2025/11/08 14:46:50 INFO session created token=3aed484f-0971-4e7f-b5bd-5056043e8be1 name=User_27_66
2025/11/08 14:46:50 INFO session updated token=3aed484f-0971-4e7f-b5bd-5056043e8be1 tableID=0xc00011b960 seatIndex=0xc0005cf7e0
2025/11/08 14:46:50 INFO session removed token=3aed484f-0971-4e7f-b5bd-5056043e8be1
2025/11/08 14:46:50 INFO session created token=74c2fe65-d34e-4372-b1dd-e42ff6700182 name=User_27_67
2025/11/08 14:46:50 INFO session updated token=74c2fe65-d34e-4372-b1dd-e42ff6700182 tableID=0xc00011b9b0 seatIndex=0xc0005cf830
2025/11/08 14:46:50 INFO session removed token=74c2fe65-d34e-4372-b1dd-e42ff6700182
2025/11/08 14:46:50 INFO session created token=cd160215-ea7d-4047-9a25-bae538de3ff7 name=User_27_68
2025/11/08 14:46:50 INFO session updated token=cd160215-ea7d-4047-9a25-bae538de3ff7 tableID=0xc00011ba00 seatIndex=0xc0005cf880
2025/11/08 14:46:50 INFO session removed token=cd160215-ea7d-4047-9a25-bae538de3ff7
2025/11/08 14:46:50 INFO session created token=ba491d1d-c313-49b0-b900-02ae2d450262 name=User_27_69
2025/11/08 14:46:50 INFO session updated token=ba491d1d-c313-49b0-b900-02ae2d450262 tableID=0xc00011ba50 seatIndex=0xc0005cf8d0
2025/11/08 14:46:50 INFO session removed token=ba491d1d-c313-49b0-b900-02ae2d450262
2025/11/08 14:46:50 INFO session created token=90d26a6d-7be7-4fb0-a113-f172d6578985 name=User_27_70
2025/11/08 14:46:50 INFO session updated token=90d26a6d-7be7-4fb0-a113-f172d6578985 tableID=0xc00011baa0 seatIndex=0xc0005cf920
2025/11/08 14:46:50 INFO session removed token=90d26a6d-7be7-4fb0-a113-f172d6578985
2025/11/08 14:46:50 INFO session created token=6cbd1187-3c84-4e8c-8962-384ae32825d1 name=User_27_71
2025/11/08 14:46:50 INFO session updated token=6cbd1187-3c84-4e8c-8962-384ae32825d1 tableID=0xc00011baf0 seatIndex=0xc0005cf970
2025/11/08 14:46:50 INFO session removed token=6cbd1187-3c84-4e8c-8962-384ae32825d1
2025/11/08 14:46:50 INFO session created token=efbca448-abdb-4ddf-ab14-4f3669f278e4 name=User_27_72
2025/11/08 14:46:50 INFO session updated token=efbca448-abdb-4ddf-ab14-4f3669f278e4 tableID=0xc00011bb40 seatIndex=0xc0005cf9c0
2025/11/08 14:46:50 INFO session removed token=efbca448-abdb-4ddf-ab14-4f3669f278e4
2025/11/08 14:46:50 INFO session created token=533e28d6-e1cd-4315-beb4-4bd8077edb55 name=User_27_73
2025/11/08 14:46:50 INFO session created token=a9c8dd1e-3a5b-4521-9316-34ae9b8dc832 name=User_36_34
2025/11/08 14:46:50 INFO session updated token=533e28d6-e1cd-4315-beb4-4bd8077edb55 tableID=0xc00011bb90 seatIndex=0xc0005cfa10
2025/11/08 14:46:50 INFO session created token=6280955f-2d53-49a3-aa8b-e9b126aa33ce name=User_20_25
2025/11/08 14:46:50 INFO session created token=4445525b-a9b9-4a2b-9118-be10d3e0c6ad name=User_11_35
2025/11/08 14:46:50 INFO session removed token=533e28d6-e1cd-4315-beb4-4bd8077edb55
2025/11/08 14:46:50 INFO session created token=cea8f63e-1188-4fa6-9e47-e482f398e64c name=User_40_26
2025/11/08 14:46:50 INFO session created token=c7bf2ba7-fd74-4cde-aa99-3c64a325b9d7 name=User_61_58
2025/11/08 14:46:50 INFO session created token=a4dfa0a8-6333-4bae-9e18-a4c85ec39ca3 name=User_46_61
2025/11/08 14:46:50 INFO session created token=90332c5a-50fe-421d-b1b6-1683df6950f6 name=User_99_35
2025/11/08 14:46:50 INFO session created token=d5a13618-b1c2-44da-8c9f-77a68b531011 name=User_37_38
2025/11/08 14:46:50 INFO session created token=df0917d1-9b05-46cb-9b20-f2740b6295b3 name=User_27_74
2025/11/08 14:46:50 INFO session created token=412c1c2e-2f06-4f99-b50e-45b36d651bb0 name=User_80_22
2025/11/08 14:46:50 INFO session updated token=90332c5a-50fe-421d-b1b6-1683df6950f6 tableID=0xc0001959a0 seatIndex=0xc0003efae8
2025/11/08 14:46:50 INFO session created token=0d7fe0b6-79c3-4ac3-842d-0ec30b950f54 name=User_28_36
2025/11/08 14:46:50 INFO session created token=4e217c15-8ec2-4cf4-b510-2c0f295edfc4 name=User_22_28
2025/11/08 14:46:50 INFO session created token=aa8dd595-aafa-40d4-880b-89722fdd43ad name=User_34_50
2025/11/08 14:46:50 INFO session removed token=90332c5a-50fe-421d-b1b6-1683df6950f6
2025/11/08 14:46:50 INFO session created token=89eaab75-76f3-44a8-ac79-20746a146a73 name=User_42_51
2025/11/08 14:46:50 INFO session updated token=aa8dd595-aafa-40d4-880b-89722fdd43ad tableID=0xc0001959b0 seatIndex=0xc0003efb78
2025/11/08 14:46:50 INFO session removed token=aa8dd595-aafa-40d4-880b-89722fdd43ad
2025/11/08 14:46:50 INFO session created token=b95c0fdd-3e14-40e8-8439-f162c1cb2676 name=User_34_51
2025/11/08 14:46:50 INFO session updated token=b95c0fdd-3e14-40e8-8439-f162c1cb2676 tableID=0xc000195a10 seatIndex=0xc0003efbd8
2025/11/08 14:46:50 INFO session removed token=b95c0fdd-3e14-40e8-8439-f162c1cb2676
2025/11/08 14:46:50 INFO session created token=e0bf295e-b32c-4888-bcc0-5a5a7895135b name=User_34_52
2025/11/08 14:46:50 INFO session updated token=e0bf295e-b32c-4888-bcc0-5a5a7895135b tableID=0xc000195a60 seatIndex=0xc0003efc28
2025/11/08 14:46:50 INFO session removed token=e0bf295e-b32c-4888-bcc0-5a5a7895135b
2025/11/08 14:46:50 INFO session created token=b5965d5d-9652-4f0c-8f74-1cf3c8af58b8 name=User_34_53
2025/11/08 14:46:50 INFO session updated token=b5965d5d-9652-4f0c-8f74-1cf3c8af58b8 tableID=0xc000195ab0 seatIndex=0xc0003efc78
2025/11/08 14:46:50 INFO session removed token=b5965d5d-9652-4f0c-8f74-1cf3c8af58b8
2025/11/08 14:46:50 INFO session created token=596eed8e-eab3-45e4-9da7-d929b9a6fc28 name=User_34_54
2025/11/08 14:46:50 INFO session updated token=596eed8e-eab3-45e4-9da7-d929b9a6fc28 tableID=0xc000195b00 seatIndex=0xc0003efcc8
2025/11/08 14:46:50 INFO session removed token=596eed8e-eab3-45e4-9da7-d929b9a6fc28
2025/11/08 14:46:50 INFO session updated token=0d7fe0b6-79c3-4ac3-842d-0ec30b950f54 tableID=0xc0000f3770 seatIndex=0xc0002115a0
2025/11/08 14:46:50 INFO session removed token=0d7fe0b6-79c3-4ac3-842d-0ec30b950f54
2025/11/08 14:46:50 INFO session created token=5801fbbd-99ca-462b-b837-c4b8459b6161 name=User_28_37
2025/11/08 14:46:50 INFO session updated token=5801fbbd-99ca-462b-b837-c4b8459b6161 tableID=0xc000303720 seatIndex=0xc0003817d0
2025/11/08 14:46:50 INFO session removed token=5801fbbd-99ca-462b-b837-c4b8459b6161
2025/11/08 14:46:50 INFO session created token=3513fec5-eee3-43eb-97f6-7d7cb0e8b81c name=User_28_38
2025/11/08 14:46:50 INFO session updated token=3513fec5-eee3-43eb-97f6-7d7cb0e8b81c tableID=0xc000303770 seatIndex=0xc000381820
2025/11/08 14:46:50 INFO session removed token=3513fec5-eee3-43eb-97f6-7d7cb0e8b81c
2025/11/08 14:46:50 INFO session created token=5622556a-ff8c-4906-aa18-5f5e19b11204 name=User_28_39
2025/11/08 14:46:50 INFO session updated token=5622556a-ff8c-4906-aa18-5f5e19b11204 tableID=0xc0003037c0 seatIndex=0xc000381870
2025/11/08 14:46:50 INFO session removed token=5622556a-ff8c-4906-aa18-5f5e19b11204
2025/11/08 14:46:50 INFO session created token=55b94957-62dd-4d48-92f7-ffe60c08d7b8 name=User_28_40
2025/11/08 14:46:50 INFO session updated token=55b94957-62dd-4d48-92f7-ffe60c08d7b8 tableID=0xc000303810 seatIndex=0xc0003818c0
2025/11/08 14:46:50 INFO session removed token=55b94957-62dd-4d48-92f7-ffe60c08d7b8
2025/11/08 14:46:50 INFO session updated token=a9c8dd1e-3a5b-4521-9316-34ae9b8dc832 tableID=0xc00011bbb0 seatIndex=0xc0005cfa40
2025/11/08 14:46:50 INFO session removed token=a9c8dd1e-3a5b-4521-9316-34ae9b8dc832
2025/11/08 14:46:50 INFO session created token=6f55f681-fbad-4aaa-955b-5baa79e31c96 name=User_36_35
2025/11/08 14:46:50 INFO session updated token=6f55f681-fbad-4aaa-955b-5baa79e31c96 tableID=0xc000195b70 seatIndex=0xc0003efd58
2025/11/08 14:46:50 INFO session removed token=6f55f681-fbad-4aaa-955b-5baa79e31c96
2025/11/08 14:46:50 INFO session created token=d7eb5ac7-28fd-47be-abfb-2f80bd0740eb name=User_36_36
2025/11/08 14:46:50 INFO session updated token=d7eb5ac7-28fd-47be-abfb-2f80bd0740eb tableID=0xc000195bc0 seatIndex=0xc0003efda8
2025/11/08 14:46:50 INFO session removed token=d7eb5ac7-28fd-47be-abfb-2f80bd0740eb
2025/11/08 14:46:50 INFO session created token=43f050e5-1583-4154-9f27-e8ef7d0e38de name=User_36_37
2025/11/08 14:46:50 INFO session updated token=43f050e5-1583-4154-9f27-e8ef7d0e38de tableID=0xc000195c10 seatIndex=0xc0003efdf8
2025/11/08 14:46:50 INFO session removed token=43f050e5-1583-4154-9f27-e8ef7d0e38de
2025/11/08 14:46:50 INFO session created token=6086ae5e-e3e0-4924-a9af-106e7f42912a name=User_36_38
2025/11/08 14:46:50 INFO session updated token=6086ae5e-e3e0-4924-a9af-106e7f42912a tableID=0xc000195c60 seatIndex=0xc0003efe48
2025/11/08 14:46:50 INFO session removed token=6086ae5e-e3e0-4924-a9af-106e7f42912a
2025/11/08 14:46:50 INFO session created token=a65c7595-dbd4-460b-8f13-ee5de4d7ff65 name=User_36_39
2025/11/08 14:46:50 INFO session updated token=a65c7595-dbd4-460b-8f13-ee5de4d7ff65 tableID=0xc000195cb0 seatIndex=0xc0003efe98
2025/11/08 14:46:50 INFO session removed token=a65c7595-dbd4-460b-8f13-ee5de4d7ff65
2025/11/08 14:46:50 INFO session updated token=cea8f63e-1188-4fa6-9e47-e482f398e64c tableID=0xc000195970 seatIndex=0xc0003efab8
2025/11/08 14:46:50 INFO session removed token=cea8f63e-1188-4fa6-9e47-e482f398e64c
2025/11/08 14:46:50 INFO session created token=23f763ec-081c-4f33-8e9c-37e3e9324bb9 name=User_40_27
2025/11/08 14:46:50 INFO session updated token=23f763ec-081c-4f33-8e9c-37e3e9324bb9 tableID=0xc000303880 seatIndex=0xc000381950
2025/11/08 14:46:50 INFO session removed token=23f763ec-081c-4f33-8e9c-37e3e9324bb9
2025/11/08 14:46:50 INFO session created token=09f6aedf-580a-4037-a33e-2c3a8b2dd44e name=User_40_28
2025/11/08 14:46:50 INFO session updated token=09f6aedf-580a-4037-a33e-2c3a8b2dd44e tableID=0xc0003038d0 seatIndex=0xc0003819a0
2025/11/08 14:46:50 INFO session removed token=09f6aedf-580a-4037-a33e-2c3a8b2dd44e
2025/11/08 14:46:50 INFO session created token=a7f9b005-0b9f-477d-a9b5-d2089150e828 name=User_40_29
2025/11/08 14:46:50 INFO session updated token=a7f9b005-0b9f-477d-a9b5-d2089150e828 tableID=0xc000303920 seatIndex=0xc0003819f0
2025/11/08 14:46:50 INFO session removed token=a7f9b005-0b9f-477d-a9b5-d2089150e828
2025/11/08 14:46:50 INFO session created token=3a500f00-57b8-45d0-82c3-05f42aae6b82 name=User_40_30
2025/11/08 14:46:50 INFO session updated token=3a500f00-57b8-45d0-82c3-05f42aae6b82 tableID=0xc000303970 seatIndex=0xc000381a40
2025/11/08 14:46:50 INFO session removed token=3a500f00-57b8-45d0-82c3-05f42aae6b82
2025/11/08 14:46:50 INFO session created token=c5edf1f8-2967-4ddf-9b7a-84c2b8bf3e77 name=User_40_31
2025/11/08 14:46:50 INFO session updated token=c5edf1f8-2967-4ddf-9b7a-84c2b8bf3e77 tableID=0xc0003039c0 seatIndex=0xc000381a90
2025/11/08 14:46:50 INFO session removed token=c5edf1f8-2967-4ddf-9b7a-84c2b8bf3e77
2025/11/08 14:46:50 INFO session created token=7cfd22c4-ccbb-44b2-aa34-0ccbd248d1f3 name=User_40_32
2025/11/08 14:46:50 INFO session created token=50c199a4-8e56-4191-8262-4fafb0cd5f61 name=User_74_30
2025/11/08 14:46:50 INFO session removed token=6ba5afea-865d-44c0-86ee-168f19809acb
2025/11/08 14:46:50 INFO session updated token=eba346b4-7f45-4eb6-b471-0e1fbe83bb5b tableID=0xc000195800 seatIndex=0xc0003ef948
2025/11/08 14:46:50 INFO session removed token=01be7ece-690d-4c22-a843-0d5581112bc5
2025/11/08 14:46:50 INFO session removed token=b3f5264c-567c-4175-b6af-1c264d793fbc
2025/11/08 14:46:50 INFO session updated token=fc6affbf-c07c-434f-b3ea-d184a6fe33b1 tableID=0xc000195830 seatIndex=0xc0003ef998
2025/11/08 14:46:50 INFO session removed token=11eda6c3-239f-4586-85ef-3203ce7716e5
2025/11/08 14:46:50 INFO session removed token=0d13ba17-3ad9-4164-ac1e-7c7fbaec9e55
2025/11/08 14:46:50 INFO session updated token=ac8fc450-5ef6-497a-bfa7-e730e0f7788b tableID=0xc0002f69f0 seatIndex=0xc000128f60
2025/11/08 14:46:50 INFO session removed token=e78219a5-8caf-49eb-9830-9bcfec2cb270
2025/11/08 14:46:50 INFO session removed token=92d8f6b2-6449-47bc-9087-b010a065bcb8
2025/11/08 14:46:50 INFO session updated token=374f5889-1bac-42ab-8c3a-d51d81049f18 tableID=0xc000195870 seatIndex=0xc0003ef9e8
2025/11/08 14:46:50 INFO session updated token=fccba0da-0673-4d0c-9845-922a53eb9b93 tableID=0xc000195880 seatIndex=0xc0003ef9f8
2025/11/08 14:46:50 INFO session updated token=e1c1be8c-ff8a-4b30-9b1a-0c3a7c6e2541 tableID=0xc0003036a0 seatIndex=0xc000381730
2025/11/08 14:46:50 INFO session removed token=dc8289cb-b0b7-4c37-9add-7ee791e3461e
2025/11/08 14:46:50 INFO session removed token=c6198fa9-366d-4f57-89ae-fddb771fd078
2025/11/08 14:46:50 INFO session removed token=38814fd9-3659-46b3-b64a-1ebf5cb93a40
2025/11/08 14:46:50 INFO session created token=a93cc10d-b928-4f1b-ac03-178023d7d73e name=User_53_18
2025/11/08 14:46:50 INFO session updated token=1d6c6a64-4e18-4f51-96d2-74de778b2094 tableID=0xc0001958a0 seatIndex=0xc0003efa28
2025/11/08 14:46:50 INFO session created token=740c002a-d37a-4c7c-9025-6262c4322c09 name=User_95_15
2025/11/08 14:46:50 INFO session created token=d1f50e79-ba13-4da1-ad2b-2d1390b0b373 name=User_63_26
2025/11/08 14:46:50 INFO session updated token=dc3eb05b-5829-4055-99dd-95009b6725b3 tableID=0xc0003036d0 seatIndex=0xc000381740
2025/11/08 14:46:50 INFO session updated token=4644938b-f543-4f09-97b5-597e1539c77d tableID=0xc0001958b0 seatIndex=0xc0003efa38
2025/11/08 14:46:50 INFO session removed token=e7234c5d-0aa5-4332-80e0-e1c138a5d29d
2025/11/08 14:46:50 INFO session updated token=e2fa3147-49e1-42da-8b54-837bcd9b9c7d tableID=0xc00011a3f0 seatIndex=0xc0005ce2c0
2025/11/08 14:46:50 INFO session removed token=42109830-59cd-4c3a-89da-f96e936ecd59
2025/11/08 14:46:50 INFO session created token=5cfa25ca-9c77-4e99-93eb-0310308d1a18 name=User_33_33
2025/11/08 14:46:50 INFO session created token=b25cd1eb-b1f4-4f7d-8afe-11dc2f8fd060 name=User_13_16
2025/11/08 14:46:50 INFO session updated token=551dcffd-183c-4fa5-9794-1cb872d30ca7 tableID=0xc00011a420 seatIndex=0xc0005ce310
2025/11/08 14:46:50 INFO session created token=0f90bc02-73d2-4b44-af72-8e9c1e53a0ba name=User_51_16
2025/11/08 14:46:50 INFO session removed token=551dcffd-183c-4fa5-9794-1cb872d30ca7
2025/11/08 14:46:50 INFO session created token=594aa03f-ef3f-42da-989d-689e5d28dff4 name=User_4_56
2025/11/08 14:46:50 INFO session updated token=594aa03f-ef3f-42da-989d-689e5d28dff4 tableID=0xc00016f8e0 seatIndex=0xc000013970
2025/11/08 14:46:50 INFO session removed token=594aa03f-ef3f-42da-989d-689e5d28dff4
2025/11/08 14:46:50 INFO session created token=72ef635c-abe8-46dd-a5c6-1e9ebe7a89e4 name=User_4_57
2025/11/08 14:46:50 INFO session updated token=72ef635c-abe8-46dd-a5c6-1e9ebe7a89e4 tableID=0xc00016f930 seatIndex=0xc0000139c0
2025/11/08 14:46:50 INFO session removed token=72ef635c-abe8-46dd-a5c6-1e9ebe7a89e4
2025/11/08 14:46:50 INFO session created token=3bc688de-f836-4fe6-a358-dc419aea14c7 name=User_4_58
2025/11/08 14:46:50 INFO session updated token=3bc688de-f836-4fe6-a358-dc419aea14c7 tableID=0xc00016f980 seatIndex=0xc000013a10
2025/11/08 14:46:50 INFO session removed token=3bc688de-f836-4fe6-a358-dc419aea14c7
2025/11/08 14:46:50 INFO session created token=c66ff4c3-1285-4637-b2a0-e84c8916e943 name=User_4_59
2025/11/08 14:46:50 INFO session updated token=c66ff4c3-1285-4637-b2a0-e84c8916e943 tableID=0xc00016f9d0 seatIndex=0xc000013a60
2025/11/08 14:46:50 INFO session removed token=c66ff4c3-1285-4637-b2a0-e84c8916e943
2025/11/08 14:46:50 INFO session created token=2d1b7138-9dee-40a1-b943-9c88c2301f03 name=User_4_60
2025/11/08 14:46:50 INFO session updated token=2d1b7138-9dee-40a1-b943-9c88c2301f03 tableID=0xc00016fa20 seatIndex=0xc000013ab0
2025/11/08 14:46:50 INFO session removed token=2d1b7138-9dee-40a1-b943-9c88c2301f03
2025/11/08 14:46:50 INFO session created token=8cfdb57e-1162-4465-be1c-640e43300693 name=User_3_25
2025/11/08 14:46:50 INFO session created token=0250022f-f4cb-402a-9f34-a6b371f76696 name=User_4_61
2025/11/08 14:46:50 INFO session created token=e5a8cae6-7da4-4a84-8b31-8df9bbe13a20 name=User_98_25
2025/11/08 14:46:50 INFO session updated token=8cfdb57e-1162-4465-be1c-640e43300693 tableID=0xc000303a40 seatIndex=0xc000381b50
2025/11/08 14:46:50 INFO session removed token=8cfdb57e-1162-4465-be1c-640e43300693
2025/11/08 14:46:50 INFO session created token=df180cb3-996e-4a63-ae3b-b4c435775085 name=User_3_26
2025/11/08 14:46:50 INFO session updated token=df180cb3-996e-4a63-ae3b-b4c435775085 tableID=0xc00016fab0 seatIndex=0xc000013b30
2025/11/08 14:46:50 INFO session removed token=df180cb3-996e-4a63-ae3b-b4c435775085
2025/11/08 14:46:50 INFO session created token=b50bb891-1254-42c6-b438-69a5ca2ce8e1 name=User_3_27
2025/11/08 14:46:50 INFO session updated token=b50bb891-1254-42c6-b438-69a5ca2ce8e1 tableID=0xc00016fb00 seatIndex=0xc000013b80
2025/11/08 14:46:50 INFO session removed token=b50bb891-1254-42c6-b438-69a5ca2ce8e1
2025/11/08 14:46:50 INFO session created token=a79d47f6-4ab0-48cf-94eb-34edc80a75d6 name=User_3_28
2025/11/08 14:46:50 INFO session updated token=a79d47f6-4ab0-48cf-94eb-34edc80a75d6 tableID=0xc00016fb50 seatIndex=0xc000013bd0
2025/11/08 14:46:50 INFO session removed token=a79d47f6-4ab0-48cf-94eb-34edc80a75d6
2025/11/08 14:46:50 INFO session created token=1ba33eb1-8c9c-427c-b04f-193084bc6bc2 name=User_3_29
2025/11/08 14:46:50 INFO session updated token=1ba33eb1-8c9c-427c-b04f-193084bc6bc2 tableID=0xc00016fba0 seatIndex=0xc000013c20
2025/11/08 14:46:50 INFO session removed token=1ba33eb1-8c9c-427c-b04f-193084bc6bc2
2025/11/08 14:46:50 INFO session created token=6568b632-6387-4d37-9ff6-dd4320098c2b name=User_3_30
2025/11/08 14:46:50 INFO session updated token=6568b632-6387-4d37-9ff6-dd4320098c2b tableID=0xc00016fbf0 seatIndex=0xc000013c70
2025/11/08 14:46:50 INFO session removed token=6568b632-6387-4d37-9ff6-dd4320098c2b
2025/11/08 14:46:50 INFO session created token=7da65487-c694-4fb0-8a64-a7f2af59e266 name=User_3_31
2025/11/08 14:46:50 INFO session updated token=7da65487-c694-4fb0-8a64-a7f2af59e266 tableID=0xc00016fc40 seatIndex=0xc000013cc0
2025/11/08 14:46:50 INFO session removed token=7da65487-c694-4fb0-8a64-a7f2af59e266
2025/11/08 14:46:50 INFO session created token=fa7d6da5-ee69-4d8b-a03e-ce605c535292 name=User_3_32
2025/11/08 14:46:50 INFO session updated token=fa7d6da5-ee69-4d8b-a03e-ce605c535292 tableID=0xc00016fc90 seatIndex=0xc000013d10
2025/11/08 14:46:50 INFO session removed token=fa7d6da5-ee69-4d8b-a03e-ce605c535292
2025/11/08 14:46:50 INFO session created token=879ab813-48c1-4323-a469-c2e52c11ac8b name=User_3_33
2025/11/08 14:46:50 INFO session updated token=879ab813-48c1-4323-a469-c2e52c11ac8b tableID=0xc00016fce0 seatIndex=0xc000013d60
2025/11/08 14:46:50 INFO session removed token=879ab813-48c1-4323-a469-c2e52c11ac8b
2025/11/08 14:46:50 INFO session created token=ad24a831-8c56-4395-92ee-8ce939c6dd42 name=User_3_34
2025/11/08 14:46:50 INFO session updated token=ad24a831-8c56-4395-92ee-8ce939c6dd42 tableID=0xc00016fd30 seatIndex=0xc000013db0
2025/11/08 14:46:50 INFO session removed token=ad24a831-8c56-4395-92ee-8ce939c6dd42
2025/11/08 14:46:50 INFO session created token=06e7c92a-ee4c-4182-8f5b-e6bf4a89ed3c name=User_3_35
2025/11/08 14:46:50 INFO session updated token=06e7c92a-ee4c-4182-8f5b-e6bf4a89ed3c tableID=0xc00016fd80 seatIndex=0xc000013e00
2025/11/08 14:46:50 INFO session removed token=06e7c92a-ee4c-4182-8f5b-e6bf4a89ed3c
2025/11/08 14:46:50 INFO session created token=950e63e4-36dc-4d7b-b1eb-53e511c52066 name=User_3_36
2025/11/08 14:46:50 INFO session updated token=950e63e4-36dc-4d7b-b1eb-53e511c52066 tableID=0xc00016fdd0 seatIndex=0xc000013e50
2025/11/08 14:46:50 INFO session removed token=950e63e4-36dc-4d7b-b1eb-53e511c52066
2025/11/08 14:46:50 INFO session created token=0848c06e-7018-4c1c-a0c8-907529b79ebe name=User_3_37
2025/11/08 14:46:50 INFO session updated token=0848c06e-7018-4c1c-a0c8-907529b79ebe tableID=0xc00016fe20 seatIndex=0xc000013ea0
2025/11/08 14:46:50 INFO session removed token=0848c06e-7018-4c1c-a0c8-907529b79ebe
2025/11/08 14:46:50 INFO session created token=4c2edbc2-57bd-4ed7-8fa4-f0cd71280647 name=User_3_38
2025/11/08 14:46:50 INFO session updated token=4c2edbc2-57bd-4ed7-8fa4-f0cd71280647 tableID=0xc00016fe70 seatIndex=0xc000013ef0
2025/11/08 14:46:50 INFO session removed token=4c2edbc2-57bd-4ed7-8fa4-f0cd71280647
2025/11/08 14:46:50 INFO session created token=d965ff52-6b26-474f-9531-696adde29d6d name=User_3_39
2025/11/08 14:46:50 INFO session updated token=d965ff52-6b26-474f-9531-696adde29d6d tableID=0xc00016fec0 seatIndex=0xc000013f40
2025/11/08 14:46:50 INFO session removed token=d965ff52-6b26-474f-9531-696adde29d6d
2025/11/08 14:46:50 INFO session created token=32524f87-4aae-4a33-81e1-97d3213ebeac name=User_3_40
2025/11/08 14:46:50 INFO session updated token=32524f87-4aae-4a33-81e1-97d3213ebeac tableID=0xc00016ff10 seatIndex=0xc000013f90
2025/11/08 14:46:50 INFO session removed token=32524f87-4aae-4a33-81e1-97d3213ebeac
2025/11/08 14:46:50 INFO session created token=982a01db-a34b-4cab-b596-26b976d263b4 name=User_3_41
2025/11/08 14:46:50 INFO session updated token=982a01db-a34b-4cab-b596-26b976d263b4 tableID=0xc00016ff60 seatIndex=0xc000013fe0
2025/11/08 14:46:50 INFO session removed token=982a01db-a34b-4cab-b596-26b976d263b4
2025/11/08 14:46:50 INFO session created token=b2045060-81a1-4f05-9b66-4616edf6ebdd name=User_3_42
2025/11/08 14:46:50 INFO session updated token=b2045060-81a1-4f05-9b66-4616edf6ebdd tableID=0xc000282030 seatIndex=0xc000280030
2025/11/08 14:46:50 INFO session removed token=b2045060-81a1-4f05-9b66-4616edf6ebdd
2025/11/08 14:46:50 INFO session created token=4f6a659d-832b-49bf-902a-193be23c255d name=User_3_43
2025/11/08 14:46:50 INFO session updated token=4f6a659d-832b-49bf-902a-193be23c255d tableID=0xc000282080 seatIndex=0xc000280080
2025/11/08 14:46:50 INFO session removed token=4f6a659d-832b-49bf-902a-193be23c255d
2025/11/08 14:46:50 INFO session created token=f353f86c-3375-4534-82b4-518cb7514c66 name=User_3_44
2025/11/08 14:46:50 INFO session created token=757fb1cf-ee25-4b72-8372-b1a47eb61d62 name=User_0_70
2025/11/08 14:46:50 INFO session removed token=19a60dbb-a112-4b75-b1f2-b5d433abe0f6
2025/11/08 14:46:50 INFO session created token=aeabba15-1789-4a1a-8c5f-ac84c8203484 name=User_56_25
2025/11/08 14:46:50 INFO session updated token=aeabba15-1789-4a1a-8c5f-ac84c8203484 tableID=0xc000195f70 seatIndex=0xc0001a00f8
2025/11/08 14:46:50 INFO session removed token=aeabba15-1789-4a1a-8c5f-ac84c8203484
2025/11/08 14:46:50 INFO session created token=6831271e-04b1-4555-b38a-5b17dd79d112 name=User_56_26
2025/11/08 14:46:50 INFO session updated token=6831271e-04b1-4555-b38a-5b17dd79d112 tableID=0xc0001a8040 seatIndex=0xc0001a0148
2025/11/08 14:46:50 INFO session removed token=6831271e-04b1-4555-b38a-5b17dd79d112
2025/11/08 14:46:50 INFO session created token=3d86dae8-7823-4a5c-9ee0-3629592f1c3b name=User_56_27
2025/11/08 14:46:50 INFO session updated token=3d86dae8-7823-4a5c-9ee0-3629592f1c3b tableID=0xc0001a8090 seatIndex=0xc0001a0198
2025/11/08 14:46:50 INFO session removed token=3d86dae8-7823-4a5c-9ee0-3629592f1c3b
2025/11/08 14:46:50 INFO session created token=c8390dc4-080b-4ffc-8d13-114fcd7fba33 name=User_56_28
2025/11/08 14:46:50 INFO session updated token=c8390dc4-080b-4ffc-8d13-114fcd7fba33 tableID=0xc0001a80e0 seatIndex=0xc0001a01e8
2025/11/08 14:46:50 INFO session removed token=c8390dc4-080b-4ffc-8d13-114fcd7fba33
2025/11/08 14:46:50 INFO session created token=3738ca6f-4333-488f-a0ae-e6dd858bcfc8 name=User_56_29
2025/11/08 14:46:50 INFO session updated token=3738ca6f-4333-488f-a0ae-e6dd858bcfc8 tableID=0xc0001a8130 seatIndex=0xc0001a0238
2025/11/08 14:46:50 INFO session removed token=3738ca6f-4333-488f-a0ae-e6dd858bcfc8
2025/11/08 14:46:50 INFO session created token=4b702a86-e398-4e09-8896-97366b10d4c6 name=User_56_30
2025/11/08 14:46:50 INFO session updated token=4b702a86-e398-4e09-8896-97366b10d4c6 tableID=0xc0001a8180 seatIndex=0xc0001a0288
2025/11/08 14:46:50 INFO session removed token=4b702a86-e398-4e09-8896-97366b10d4c6
2025/11/08 14:46:50 INFO session created token=a6f1c754-6c86-4f40-9e5a-d6e1ac01c151 name=User_56_31
2025/11/08 14:46:50 INFO session updated token=a6f1c754-6c86-4f40-9e5a-d6e1ac01c151 tableID=0xc0001a81d0 seatIndex=0xc0001a02d8
2025/11/08 14:46:50 INFO session removed token=a6f1c754-6c86-4f40-9e5a-d6e1ac01c151
2025/11/08 14:46:50 INFO session created token=263a4786-fa52-4067-97b1-489e2f2a8a9f name=User_56_32
2025/11/08 14:46:50 INFO session updated token=263a4786-fa52-4067-97b1-489e2f2a8a9f tableID=0xc0001a8220 seatIndex=0xc0001a0328
2025/11/08 14:46:50 INFO session removed token=263a4786-fa52-4067-97b1-489e2f2a8a9f
2025/11/08 14:46:50 INFO session created token=9cbb9725-090d-497a-b187-09cca80bc093 name=User_56_33
2025/11/08 14:46:50 INFO session updated token=9cbb9725-090d-497a-b187-09cca80bc093 tableID=0xc0001a8270 seatIndex=0xc0001a0378
2025/11/08 14:46:50 INFO session removed token=9cbb9725-090d-497a-b187-09cca80bc093
2025/11/08 14:46:50 INFO session created token=4329f823-b791-46ad-998c-fee7805dd2c0 name=User_56_34
2025/11/08 14:46:50 INFO session updated token=c7bf2ba7-fd74-4cde-aa99-3c64a325b9d7 tableID=0xc00011bbf0 seatIndex=0xc0005cfa70
2025/11/08 14:46:50 INFO session removed token=c7bf2ba7-fd74-4cde-aa99-3c64a325b9d7
2025/11/08 14:46:50 INFO session created token=21913f1a-34b8-48cf-9471-70a5abfeaa36 name=User_61_59
2025/11/08 14:46:50 INFO session updated token=21913f1a-34b8-48cf-9471-70a5abfeaa36 tableID=0xc000303ab0 seatIndex=0xc000381bd0
2025/11/08 14:46:50 INFO session removed token=21913f1a-34b8-48cf-9471-70a5abfeaa36
2025/11/08 14:46:50 INFO session created token=9a49f808-4dd1-4c35-92d8-33ac28e81e89 name=User_61_60
2025/11/08 14:46:50 INFO session updated token=9a49f808-4dd1-4c35-92d8-33ac28e81e89 tableID=0xc000303b00 seatIndex=0xc000381c20
2025/11/08 14:46:50 INFO session removed token=9a49f808-4dd1-4c35-92d8-33ac28e81e89
2025/11/08 14:46:50 INFO session created token=c640b271-78ac-4118-8007-4162eb442c48 name=User_61_61
2025/11/08 14:46:50 INFO session updated token=c640b271-78ac-4118-8007-4162eb442c48 tableID=0xc000303b50 seatIndex=0xc000381c70
2025/11/08 14:46:50 INFO session removed token=c640b271-78ac-4118-8007-4162eb442c48
2025/11/08 14:46:50 INFO session created token=72fdae99-5fe7-4b35-b145-7338cc104f6a name=User_61_62
2025/11/08 14:46:50 INFO session updated token=72fdae99-5fe7-4b35-b145-7338cc104f6a tableID=0xc000303ba0 seatIndex=0xc000381cc0
2025/11/08 14:46:50 INFO session removed token=72fdae99-5fe7-4b35-b145-7338cc104f6a
2025/11/08 14:46:50 INFO session created token=ebbc92de-912a-41e5-9128-43cdb695e3a8 name=User_61_63
2025/11/08 14:46:50 INFO session updated token=ebbc92de-912a-41e5-9128-43cdb695e3a8 tableID=0xc000303bf0 seatIndex=0xc000381d10
2025/11/08 14:46:50 INFO session removed token=ebbc92de-912a-41e5-9128-43cdb695e3a8
2025/11/08 14:46:50 INFO session created token=eb00bf83-581f-4b22-a771-630eb6e20324 name=User_61_64
2025/11/08 14:46:50 INFO session updated token=eb00bf83-581f-4b22-a771-630eb6e20324 tableID=0xc000303c40 seatIndex=0xc000381d60
2025/11/08 14:46:50 INFO session removed token=eb00bf83-581f-4b22-a771-630eb6e20324
2025/11/08 14:46:50 INFO session removed token=48d03546-d997-4d4d-8cae-330a71f2d0bc
2025/11/08 14:46:50 INFO session created token=d1ce5ddc-fd4a-4999-81d9-19547f226e86 name=User_79_27
2025/11/08 14:46:50 INFO session created token=b59e4d3c-081a-4b53-af0e-9cd16f946bbb name=User_61_65
2025/11/08 14:46:50 INFO session updated token=d1ce5ddc-fd4a-4999-81d9-19547f226e86 tableID=0xc0001a8300 seatIndex=0xc0001a03f8
2025/11/08 14:46:50 INFO session removed token=d1ce5ddc-fd4a-4999-81d9-19547f226e86
2025/11/08 14:46:50 INFO session removed token=fb450202-5149-4760-b6ce-1e401d02a9c3
2025/11/08 14:46:50 INFO session created token=1351caf1-7288-421a-9d19-669d65e71aae name=User_84_81
2025/11/08 14:46:50 INFO session created token=62b144bc-da64-4d27-8516-d64727fa6035 name=User_15_44
2025/11/08 14:46:50 INFO session updated token=1351caf1-7288-421a-9d19-669d65e71aae tableID=0xc000282100 seatIndex=0xc0002800f0
2025/11/08 14:46:50 INFO session removed token=1351caf1-7288-421a-9d19-669d65e71aae
2025/11/08 14:46:50 INFO session created token=6a2d8ec0-3dd4-49fd-b1d6-a9a46656273b name=User_79_28
2025/11/08 14:46:50 INFO session removed token=1c64cb16-9b7b-4248-aaa0-61a000da2479
2025/11/08 14:46:50 INFO session created token=67d6589b-8089-4cf9-9ec7-d15b45503e4f name=User_70_47
2025/11/08 14:46:50 INFO session updated token=67d6589b-8089-4cf9-9ec7-d15b45503e4f tableID=0xc0001a83c0 seatIndex=0xc0001a0488
2025/11/08 14:46:50 INFO session removed token=67d6589b-8089-4cf9-9ec7-d15b45503e4f
2025/11/08 14:46:50 INFO session created token=1aec29d6-d90c-40c0-8785-716f74a7c9bc name=User_70_48
2025/11/08 14:46:50 INFO session updated token=1aec29d6-d90c-40c0-8785-716f74a7c9bc tableID=0xc0001a8410 seatIndex=0xc0001a04d8
2025/11/08 14:46:50 INFO session removed token=1aec29d6-d90c-40c0-8785-716f74a7c9bc
2025/11/08 14:46:50 INFO session created token=769b1093-e971-447d-b999-556ef3ecb542 name=User_70_49
2025/11/08 14:46:50 INFO session updated token=769b1093-e971-447d-b999-556ef3ecb542 tableID=0xc0001a8460 seatIndex=0xc0001a0528
2025/11/08 14:46:50 INFO session removed token=adaf44ce-7f4a-4b09-93e3-dbfa677c2889
2025/11/08 14:46:50 INFO session updated token=0ef53fe9-2a17-407f-88f5-8084fb36e985 tableID=0xc0001957c0 seatIndex=0xc0003ef8f8
2025/11/08 14:46:50 INFO session updated token=a4dfa0a8-6333-4bae-9e18-a4c85ec39ca3 tableID=0xc0000004f0 seatIndex=0xc000592320
2025/11/08 14:46:50 INFO session removed token=a6028203-e58a-4b65-9cf9-4f221976b99e
2025/11/08 14:46:50 INFO session updated token=d5a13618-b1c2-44da-8c9f-77a68b531011 tableID=0xc00011bc20 seatIndex=0xc0005cfa80
2025/11/08 14:46:50 INFO session removed token=3f2c753c-00e8-4250-b655-b20e32d24a0b
2025/11/08 14:46:50 INFO session updated token=df0917d1-9b05-46cb-9b20-f2740b6295b3 tableID=0xc00011bc30 seatIndex=0xc0005cfa90
2025/11/08 14:46:50 INFO session created token=903699d5-45d2-4dff-aad8-4b53bfad4da4 name=User_73_23
2025/11/08 14:46:50 INFO session created token=95f31e1e-3225-4e5a-a718-01224e5ff7c8 name=User_58_33
2025/11/08 14:46:50 INFO session created token=2803956b-eee9-4183-bfcc-18a58cd89c88 name=User_77_22
2025/11/08 14:46:50 INFO session removed token=1d5f4616-d7c6-42bb-974f-baf4a44b4399
2025/11/08 14:46:50 INFO session created token=de8b8d48-8955-4bf9-8286-cb8b4c6f80dd name=User_97_51
2025/11/08 14:46:50 INFO session created token=5fd15f1b-f220-4471-a7ee-0862bed0deca name=User_94_67
2025/11/08 14:46:50 INFO session updated token=412c1c2e-2f06-4f99-b50e-45b36d651bb0 tableID=0xc00011bc50 seatIndex=0xc0005cfac0
2025/11/08 14:46:50 INFO session created token=a99d5a22-03d4-4365-9899-e20132f70a1c name=User_24_68
2025/11/08 14:46:50 INFO session removed token=fe0ef70a-3658-40b4-9c22-3f1fe748c272
2025/11/08 14:46:50 INFO session created token=903be5ae-6248-47f4-9074-99182c3e963b name=User_47_19
2025/11/08 14:46:50 INFO session removed token=b25ed2cd-a4c0-4ae7-a1eb-9f0dbbbf74cd
2025/11/08 14:46:50 INFO session created token=fe025ba0-b365-47b3-9309-80c44bd53074 name=User_41_48
2025/11/08 14:46:50 INFO session removed token=adaf9c30-a371-4fef-abda-cbff5ee91f02
2025/11/08 14:46:50 INFO session updated token=4e217c15-8ec2-4cf4-b510-2c0f295edfc4 tableID=0xc00011bc80 seatIndex=0xc0005cfad0
2025/11/08 14:46:50 INFO session removed token=28eb3ddc-0f4c-42d8-b31b-5bed67b8232f
2025/11/08 14:46:50 INFO session created token=8c0549fa-186d-43af-98bf-6d836088b65a name=User_59_37
2025/11/08 14:46:50 INFO session updated token=4445525b-a9b9-4a2b-9118-be10d3e0c6ad tableID=0xc00011bca0 seatIndex=0xc0005cfb00
2025/11/08 14:46:50 INFO session created token=5c38b77e-c2c2-4480-867c-2ed38ce50e03 name=User_99_36
2025/11/08 14:46:50 INFO session updated token=6280955f-2d53-49a3-aa8b-e9b126aa33ce tableID=0xc000000560 seatIndex=0xc000592390
2025/11/08 14:46:50 INFO session updated token=89eaab75-76f3-44a8-ac79-20746a146a73 tableID=0xc0001959d0 seatIndex=0xc0003efba8
2025/11/08 14:46:50 INFO session updated token=7cfd22c4-ccbb-44b2-aa34-0ccbd248d1f3 tableID=0xc000195d10 seatIndex=0xc0003eff08
2025/11/08 14:46:50 INFO session updated token=50c199a4-8e56-4191-8262-4fafb0cd5f61 tableID=0xc000195d20 seatIndex=0xc0003eff18
2025/11/08 14:46:50 INFO session removed token=ac8fc450-5ef6-497a-bfa7-e730e0f7788b
2025/11/08 14:46:50 INFO session removed token=eba346b4-7f45-4eb6-b471-0e1fbe83bb5b
2025/11/08 14:46:50 INFO session removed token=fc6affbf-c07c-434f-b3ea-d184a6fe33b1
2025/11/08 14:46:50 INFO session removed token=e1c1be8c-ff8a-4b30-9b1a-0c3a7c6e2541
2025/11/08 14:46:50 INFO session updated token=740c002a-d37a-4c7c-9025-6262c4322c09 tableID=0xc000195e50 seatIndex=0xc0001a0008
2025/11/08 14:46:50 INFO session removed token=1d6c6a64-4e18-4f51-96d2-74de778b2094
2025/11/08 14:46:50 INFO session removed token=374f5889-1bac-42ab-8c3a-d51d81049f18
2025/11/08 14:46:50 INFO session removed token=fccba0da-0673-4d0c-9845-922a53eb9b93
2025/11/08 14:46:50 INFO session updated token=a93cc10d-b928-4f1b-ac03-178023d7d73e tableID=0xc000000570 seatIndex=0xc0005923c0
2025/11/08 14:46:50 INFO session removed token=dc3eb05b-5829-4055-99dd-95009b6725b3
2025/11/08 14:46:50 INFO session updated token=d1f50e79-ba13-4da1-ad2b-2d1390b0b373 tableID=0xc000195e70 seatIndex=0xc0001a0038
2025/11/08 14:46:50 INFO session removed token=4644938b-f543-4f09-97b5-597e1539c77d
2025/11/08 14:46:50 INFO session removed token=e2fa3147-49e1-42da-8b54-837bcd9b9c7d
2025/11/08 14:46:50 INFO session updated token=5cfa25ca-9c77-4e99-93eb-0310308d1a18 tableID=0xc000195ed0 seatIndex=0xc0001a00a8
2025/11/08 14:46:50 INFO session updated token=b25cd1eb-b1f4-4f7d-8afe-11dc2f8fd060 tableID=0xc000303a10 seatIndex=0xc000381b40
2025/11/08 14:46:50 INFO session updated token=4a95341b-148f-4134-a3b0-d28378a86f16 tableID=0xc000195920 seatIndex=0xc0003efa88
2025/11/08 14:46:50 INFO session updated token=0f90bc02-73d2-4b44-af72-8e9c1e53a0ba tableID=0xc00016f8b0 seatIndex=0xc000013960
2025/11/08 14:46:50 INFO session updated token=e5a8cae6-7da4-4a84-8b31-8df9bbe13a20 tableID=0xc000303a60 seatIndex=0xc000381b80
2025/11/08 14:46:50 INFO session updated token=0250022f-f4cb-402a-9f34-a6b371f76696 tableID=0xc00016fa70 seatIndex=0xc000013b00
2025/11/08 14:46:50 INFO session updated token=f353f86c-3375-4534-82b4-518cb7514c66 tableID=0xc000195f30 seatIndex=0xc0001a00d8
2025/11/08 14:46:50 INFO session updated token=757fb1cf-ee25-4b72-8372-b1a47eb61d62 tableID=0xc000195f40 seatIndex=0xc0001a00e8
2025/11/08 14:46:50 INFO session updated token=4329f823-b791-46ad-998c-fee7805dd2c0 tableID=0xc0001a82c0 seatIndex=0xc0001a03c8
2025/11/08 14:46:50 INFO session updated token=b59e4d3c-081a-4b53-af0e-9cd16f946bbb tableID=0xc0001a8320 seatIndex=0xc0001a0428
2025/11/08 14:46:50 INFO session updated token=62b144bc-da64-4d27-8516-d64727fa6035 tableID=0xc000282120 seatIndex=0xc000280120
2025/11/08 14:46:50 INFO session updated token=6a2d8ec0-3dd4-49fd-b1d6-a9a46656273b tableID=0xc0001a8390 seatIndex=0xc0001a0478
2025/11/08 14:46:50 INFO session removed token=769b1093-e971-447d-b999-556ef3ecb542
2025/11/08 14:46:50 INFO session created token=47829d9d-f9dd-4aa9-908f-8218888adecd name=User_70_50
2025/11/08 14:46:50 INFO session updated token=47829d9d-f9dd-4aa9-908f-8218888adecd tableID=0xc000303ed0 seatIndex=0xc000300050
2025/11/08 14:46:50 INFO session removed token=47829d9d-f9dd-4aa9-908f-8218888adecd
2025/11/08 14:46:50 INFO session created token=3413239c-f9e9-4ec1-b7b2-0ccc338880ce name=User_70_51
2025/11/08 14:46:50 INFO session updated token=3413239c-f9e9-4ec1-b7b2-0ccc338880ce tableID=0xc000303f20 seatIndex=0xc0003000a0
2025/11/08 14:46:50 INFO session removed token=3413239c-f9e9-4ec1-b7b2-0ccc338880ce
2025/11/08 14:46:50 INFO session created token=dfc71154-4f52-401f-a8b3-94726fca8d0f name=User_70_52
2025/11/08 14:46:50 INFO session updated token=dfc71154-4f52-401f-a8b3-94726fca8d0f tableID=0xc000303f70 seatIndex=0xc0003000f0
2025/11/08 14:46:50 INFO session removed token=dfc71154-4f52-401f-a8b3-94726fca8d0f
2025/11/08 14:46:50 INFO session created token=b9cf4cae-c5e5-4af8-9e96-eb3996f69569 name=User_70_53
2025/11/08 14:46:50 INFO session updated token=b9cf4cae-c5e5-4af8-9e96-eb3996f69569 tableID=0xc00030a040 seatIndex=0xc000300140
2025/11/08 14:46:50 INFO session removed token=b9cf4cae-c5e5-4af8-9e96-eb3996f69569
2025/11/08 14:46:50 INFO session created token=f230198c-691d-4ab9-ab3e-0492ad8fb976 name=User_70_54
2025/11/08 14:46:50 INFO session updated token=f230198c-691d-4ab9-ab3e-0492ad8fb976 tableID=0xc00030a090 seatIndex=0xc000300190
2025/11/08 14:46:50 INFO session removed token=f230198c-691d-4ab9-ab3e-0492ad8fb976
2025/11/08 14:46:50 INFO session created token=ea33430b-2912-411e-bdf9-40026d1afc03 name=User_70_55
2025/11/08 14:46:50 INFO session updated token=ea33430b-2912-411e-bdf9-40026d1afc03 tableID=0xc00030a0e0 seatIndex=0xc0003001e0
2025/11/08 14:46:50 INFO session removed token=ea33430b-2912-411e-bdf9-40026d1afc03
2025/11/08 14:46:50 INFO session created token=ea6bdf13-49f5-4e61-91dd-44520a6ab340 name=User_70_56
2025/11/08 14:46:50 INFO session updated token=ea6bdf13-49f5-4e61-91dd-44520a6ab340 tableID=0xc00030a130 seatIndex=0xc000300230
2025/11/08 14:46:50 INFO session removed token=ea6bdf13-49f5-4e61-91dd-44520a6ab340
2025/11/08 14:46:50 INFO session created token=14841ef3-1687-4562-a0fb-882e9a6fe95f name=User_70_57
2025/11/08 14:46:50 INFO session updated token=14841ef3-1687-4562-a0fb-882e9a6fe95f tableID=0xc00030a180 seatIndex=0xc000300280
2025/11/08 14:46:50 INFO session removed token=14841ef3-1687-4562-a0fb-882e9a6fe95f
2025/11/08 14:46:50 INFO session created token=d44ae73b-a6d1-4763-918c-e1fa75a9f6a1 name=User_70_58
2025/11/08 14:46:50 INFO session updated token=d44ae73b-a6d1-4763-918c-e1fa75a9f6a1 tableID=0xc00030a1d0 seatIndex=0xc0003002d0
2025/11/08 14:46:50 INFO session removed token=89eaab75-76f3-44a8-ac79-20746a146a73
2025/11/08 14:46:50 INFO session created token=c83ce045-23f5-4b2c-89ca-529daab9ed27 name=User_86_20
2025/11/08 14:46:50 INFO session created token=c518cc48-585d-41a4-a00b-356e4d7361be name=User_42_52
2025/11/08 14:46:50 INFO session updated token=c83ce045-23f5-4b2c-89ca-529daab9ed27 tableID=0xc00030a230 seatIndex=0xc000300320
2025/11/08 14:46:50 INFO session created token=c8696103-f260-487e-a4bd-cf9e4566e727 name=User_34_55
2025/11/08 14:46:50 INFO session removed token=c83ce045-23f5-4b2c-89ca-529daab9ed27
2025/11/08 14:46:50 INFO session created token=ef5582b6-0661-4983-bac0-74ade771ad6f name=User_12_65
2025/11/08 14:46:50 INFO session created token=acca6b9a-c8e8-40de-9dea-88752ed96dcf name=User_28_41
2025/11/08 14:46:50 INFO session created token=ff1628d8-bda6-4a23-a728-de68e018c2f0 name=User_86_21
2025/11/08 14:46:50 INFO session created token=61264fed-3227-4def-bbcd-8401f460a47b name=User_36_40
2025/11/08 14:46:50 INFO session updated token=acca6b9a-c8e8-40de-9dea-88752ed96dcf tableID=0xc000282330 seatIndex=0xc0002802f0
2025/11/08 14:46:50 INFO session created token=15c9ab35-75a3-4825-81e5-de234da72146 name=User_44_29
2025/11/08 14:46:50 INFO session created token=d7b587ff-55cd-43ae-bf41-46af4970ec29 name=User_14_35
2025/11/08 14:46:50 INFO session removed token=acca6b9a-c8e8-40de-9dea-88752ed96dcf
2025/11/08 14:46:50 INFO session created token=a1840240-38d2-44eb-917b-8d91eae91d63 name=User_84_82
2025/11/08 14:46:50 INFO session created token=382fcddb-f03a-4660-8605-e7ea07a8621d name=User_88_25
2025/11/08 14:46:50 INFO session created token=509437d1-cb7d-4c11-bba7-c6c2dff5ed0b name=User_9_22
2025/11/08 14:46:50 INFO session removed token=62b144bc-da64-4d27-8516-d64727fa6035
2025/11/08 14:46:50 INFO session created token=4105853b-0122-422e-bfde-63efa77a83d6 name=User_32_21
2025/11/08 14:46:50 INFO session created token=6d0b772e-5518-4915-b796-7549a1007ae4 name=User_62_24
2025/11/08 14:46:50 INFO session updated token=4105853b-0122-422e-bfde-63efa77a83d6 tableID=0xc0002823e0 seatIndex=0xc000280390
2025/11/08 14:46:50 INFO session created token=810281f2-9d56-4420-8ad2-ce36f8db6a94 name=User_93_37
2025/11/08 14:46:50 INFO session created token=7bf288c7-b5d9-4888-a119-247eb70375f2 name=User_38_16
2025/11/08 14:46:50 INFO session removed token=a4dfa0a8-6333-4bae-9e18-a4c85ec39ca3
2025/11/08 14:46:50 INFO session created token=0bd5f68c-5fed-4ee8-a5b1-f4be71774358 name=User_54_30
2025/11/08 14:46:50 INFO session created token=a41d8148-5e2e-4f01-bbab-9f885c658a82 name=User_35_34
2025/11/08 14:46:50 INFO session created token=f3c41abe-8b06-435d-9731-5998b03d1f63 name=User_16_18
2025/11/08 14:46:50 INFO session created token=9dbdf376-8ec5-489c-a243-63c0149d1a2b name=User_17_32
2025/11/08 14:46:50 INFO session created token=c967405d-7998-4bb1-a27f-169fa654b78d name=User_46_62
2025/11/08 14:46:50 INFO session updated token=9dbdf376-8ec5-489c-a243-63c0149d1a2b tableID=0xc00030a430 seatIndex=0xc000300490
2025/11/08 14:46:50 INFO session removed token=9dbdf376-8ec5-489c-a243-63c0149d1a2b
2025/11/08 14:46:50 INFO session created token=912f0e45-bc64-4af3-9c0e-2bcd3883ab86 name=User_17_33
2025/11/08 14:46:50 INFO session updated token=912f0e45-bc64-4af3-9c0e-2bcd3883ab86 tableID=0xc0002824d0 seatIndex=0xc0002804a0
2025/11/08 14:46:50 INFO session removed token=912f0e45-bc64-4af3-9c0e-2bcd3883ab86
2025/11/08 14:46:50 INFO session created token=6d211767-d908-4708-ad05-65eb3cc565b7 name=User_17_34
2025/11/08 14:46:50 INFO session updated token=6d211767-d908-4708-ad05-65eb3cc565b7 tableID=0xc000282520 seatIndex=0xc0002804f0
2025/11/08 14:46:50 INFO session removed token=6d211767-d908-4708-ad05-65eb3cc565b7
2025/11/08 14:46:50 INFO session created token=d8590f7b-7962-4145-a90f-3efa89fedc00 name=User_17_35
2025/11/08 14:46:50 INFO session updated token=d8590f7b-7962-4145-a90f-3efa89fedc00 tableID=0xc000282570 seatIndex=0xc000280540
2025/11/08 14:46:50 INFO session removed token=d8590f7b-7962-4145-a90f-3efa89fedc00
2025/11/08 14:46:50 INFO session created token=964da7a8-4bb8-47af-955e-177029cbace3 name=User_17_36
2025/11/08 14:46:50 INFO session updated token=964da7a8-4bb8-47af-955e-177029cbace3 tableID=0xc0002825c0 seatIndex=0xc000280590
2025/11/08 14:46:50 INFO session removed token=964da7a8-4bb8-47af-955e-177029cbace3
2025/11/08 14:46:50 INFO session created token=77ce0287-2939-4056-b6a9-7ca2c4ddf6c6 name=User_17_37
2025/11/08 14:46:50 INFO session updated token=77ce0287-2939-4056-b6a9-7ca2c4ddf6c6 tableID=0xc000282610 seatIndex=0xc0002805e0
2025/11/08 14:46:50 INFO session removed token=77ce0287-2939-4056-b6a9-7ca2c4ddf6c6
2025/11/08 14:46:50 INFO session created token=6230a610-895f-48f9-ba52-b25d910d8b11 name=User_17_38
2025/11/08 14:46:50 INFO session updated token=6230a610-895f-48f9-ba52-b25d910d8b11 tableID=0xc000282660 seatIndex=0xc000280630
2025/11/08 14:46:50 INFO session removed token=6230a610-895f-48f9-ba52-b25d910d8b11
2025/11/08 14:46:50 INFO session created token=6bedda4a-4f25-4b80-96a3-de74f394925b name=User_17_39
2025/11/08 14:46:50 INFO session updated token=6bedda4a-4f25-4b80-96a3-de74f394925b tableID=0xc0002826b0 seatIndex=0xc000280680
2025/11/08 14:46:50 INFO session removed token=6bedda4a-4f25-4b80-96a3-de74f394925b
2025/11/08 14:46:50 INFO session created token=938173cb-bc73-46b3-bdee-b690d611b212 name=User_17_40
2025/11/08 14:46:50 INFO session updated token=938173cb-bc73-46b3-bdee-b690d611b212 tableID=0xc000282700 seatIndex=0xc0002806d0
2025/11/08 14:46:50 INFO session removed token=938173cb-bc73-46b3-bdee-b690d611b212
2025/11/08 14:46:50 INFO session updated token=ff1628d8-bda6-4a23-a728-de68e018c2f0 tableID=0xc00030a2a0 seatIndex=0xc000300380
2025/11/08 14:46:50 INFO session removed token=ff1628d8-bda6-4a23-a728-de68e018c2f0
2025/11/08 14:46:50 INFO session created token=ca00f453-1398-4a5d-bbe6-7973edbed440 name=User_86_22
2025/11/08 14:46:50 INFO session updated token=ca00f453-1398-4a5d-bbe6-7973edbed440 tableID=0xc0001a85c0 seatIndex=0xc0001a06d0
2025/11/08 14:46:50 INFO session removed token=ca00f453-1398-4a5d-bbe6-7973edbed440
2025/11/08 14:46:50 INFO session created token=7befd177-f1cc-425c-bbbb-963bb71cee06 name=User_86_23
2025/11/08 14:46:50 INFO session updated token=7befd177-f1cc-425c-bbbb-963bb71cee06 tableID=0xc0001a8610 seatIndex=0xc0001a0720
2025/11/08 14:46:50 INFO session removed token=7befd177-f1cc-425c-bbbb-963bb71cee06
2025/11/08 14:46:50 INFO session created token=2378b8d5-f117-4d83-ae95-fa686c4cbde0 name=User_86_24
2025/11/08 14:46:50 INFO session updated token=2378b8d5-f117-4d83-ae95-fa686c4cbde0 tableID=0xc0001a8660 seatIndex=0xc0001a0770
2025/11/08 14:46:50 INFO session removed token=2378b8d5-f117-4d83-ae95-fa686c4cbde0
2025/11/08 14:46:50 INFO session created token=ddd9a355-9640-45d9-bbf9-0852e80d4a96 name=User_86_25
2025/11/08 14:46:50 INFO session updated token=ddd9a355-9640-45d9-bbf9-0852e80d4a96 tableID=0xc0001a86b0 seatIndex=0xc0001a07c0
2025/11/08 14:46:50 INFO session removed token=ddd9a355-9640-45d9-bbf9-0852e80d4a96
2025/11/08 14:46:50 INFO session created token=3a6d463f-4b2b-45c7-a3e4-282a6bf3ee39 name=User_86_26
2025/11/08 14:46:50 INFO session updated token=c967405d-7998-4bb1-a27f-169fa654b78d tableID=0xc000282470 seatIndex=0xc000280440
2025/11/08 14:46:50 INFO session removed token=c967405d-7998-4bb1-a27f-169fa654b78d
2025/11/08 14:46:50 INFO session created token=932e1965-b7cf-4602-a794-372b606c5af5 name=User_46_63
2025/11/08 14:46:50 INFO session updated token=932e1965-b7cf-4602-a794-372b606c5af5 tableID=0xc000282780 seatIndex=0xc000280770
2025/11/08 14:46:50 INFO session removed token=932e1965-b7cf-4602-a794-372b606c5af5
2025/11/08 14:46:50 INFO session created token=ed95b454-4137-4e42-82d8-70b2d8dae02e name=User_46_64
2025/11/08 14:46:50 INFO session updated token=ed95b454-4137-4e42-82d8-70b2d8dae02e tableID=0xc0002827d0 seatIndex=0xc0002807c0
2025/11/08 14:46:50 INFO session removed token=ed95b454-4137-4e42-82d8-70b2d8dae02e
2025/11/08 14:46:50 INFO session created token=122f2fe8-087a-4c6f-b70c-6bfd1a9b9c84 name=User_46_65
2025/11/08 14:46:50 INFO session updated token=122f2fe8-087a-4c6f-b70c-6bfd1a9b9c84 tableID=0xc000282820 seatIndex=0xc000280810
2025/11/08 14:46:50 INFO session removed token=122f2fe8-087a-4c6f-b70c-6bfd1a9b9c84
2025/11/08 14:46:50 INFO session created token=34a41767-e364-413a-b510-df795d192f96 name=User_46_66
2025/11/08 14:46:50 INFO session updated token=34a41767-e364-413a-b510-df795d192f96 tableID=0xc000282870 seatIndex=0xc000280860
2025/11/08 14:46:50 INFO session removed token=34a41767-e364-413a-b510-df795d192f96
2025/11/08 14:46:50 INFO session created token=a9fea1a1-b5e9-489c-9a5d-428936c05119 name=User_46_67
2025/11/08 14:46:50 INFO session updated token=a9fea1a1-b5e9-489c-9a5d-428936c05119 tableID=0xc0002828c0 seatIndex=0xc0002808b0
2025/11/08 14:46:50 INFO session removed token=a9fea1a1-b5e9-489c-9a5d-428936c05119
2025/11/08 14:46:50 INFO session created token=965248d2-5ee4-43d8-8aa2-755e49093c17 name=User_46_68
2025/11/08 14:46:50 INFO session updated token=965248d2-5ee4-43d8-8aa2-755e49093c17 tableID=0xc000282910 seatIndex=0xc000280900
2025/11/08 14:46:50 INFO session removed token=965248d2-5ee4-43d8-8aa2-755e49093c17
2025/11/08 14:46:50 INFO session created token=eb32cae2-030c-4b6c-b410-e1043a0a027b name=User_46_69
2025/11/08 14:46:50 INFO session updated token=eb32cae2-030c-4b6c-b410-e1043a0a027b tableID=0xc000282960 seatIndex=0xc000280950
2025/11/08 14:46:50 INFO session removed token=eb32cae2-030c-4b6c-b410-e1043a0a027b
2025/11/08 14:46:50 INFO session created token=17a0392a-adde-487f-ac15-94966cbf7798 name=User_46_70
2025/11/08 14:46:50 INFO session updated token=17a0392a-adde-487f-ac15-94966cbf7798 tableID=0xc0002829b0 seatIndex=0xc0002809a0
2025/11/08 14:46:50 INFO session removed token=17a0392a-adde-487f-ac15-94966cbf7798
2025/11/08 14:46:50 INFO session created token=a83622cd-1bf4-4302-9861-0bf16913f88c name=User_46_71
2025/11/08 14:46:50 INFO session updated token=a83622cd-1bf4-4302-9861-0bf16913f88c tableID=0xc000282a00 seatIndex=0xc0002809f0
2025/11/08 14:46:50 INFO session removed token=a83622cd-1bf4-4302-9861-0bf16913f88c
2025/11/08 14:46:50 INFO session created token=fdc0e2c3-6eb4-4e89-869b-e83d75954de1 name=User_46_72
2025/11/08 14:46:50 INFO session updated token=fdc0e2c3-6eb4-4e89-869b-e83d75954de1 tableID=0xc000282a50 seatIndex=0xc000280a40
2025/11/08 14:46:50 INFO session removed token=fdc0e2c3-6eb4-4e89-869b-e83d75954de1
2025/11/08 14:46:50 INFO session created token=b1def077-73a9-4147-8c21-65cbf7b11ca4 name=User_46_73
2025/11/08 14:46:50 INFO session updated token=b1def077-73a9-4147-8c21-65cbf7b11ca4 tableID=0xc000282aa0 seatIndex=0xc000280a90
2025/11/08 14:46:50 INFO session removed token=b1def077-73a9-4147-8c21-65cbf7b11ca4
2025/11/08 14:46:50 INFO session created token=4f045d39-7421-4f3c-96f4-e4e924f1e3fd name=User_46_74
2025/11/08 14:46:50 INFO session updated token=4f045d39-7421-4f3c-96f4-e4e924f1e3fd tableID=0xc000282af0 seatIndex=0xc000280ae0
2025/11/08 14:46:50 INFO session removed token=4f045d39-7421-4f3c-96f4-e4e924f1e3fd
2025/11/08 14:46:50 INFO session updated token=0bd5f68c-5fed-4ee8-a5b1-f4be71774358 tableID=0xc00030a3d0 seatIndex=0xc000300470
2025/11/08 14:46:50 INFO session created token=58187c54-9b4d-4318-9f5d-278c47789735 name=User_46_75
2025/11/08 14:46:50 INFO session created token=24b4b364-ad77-496a-8df7-ecbd90863a37 name=User_28_42
2025/11/08 14:46:50 INFO session created token=67cc6a62-67e3-400a-be11-74f4008fdbf5 name=User_15_45
2025/11/08 14:46:50 INFO session updated token=58187c54-9b4d-4318-9f5d-278c47789735 tableID=0xc000282b40 seatIndex=0xc000280b30
2025/11/08 14:46:50 INFO session removed token=58187c54-9b4d-4318-9f5d-278c47789735
2025/11/08 14:46:50 INFO session removed token=d5a13618-b1c2-44da-8c9f-77a68b531011
2025/11/08 14:46:50 INFO session updated token=903699d5-45d2-4dff-aad8-4b53bfad4da4 tableID=0xc000282160 seatIndex=0xc000280170
2025/11/08 14:46:50 INFO session updated token=95f31e1e-3225-4e5a-a718-01224e5ff7c8 tableID=0xc000282190 seatIndex=0xc000280180
2025/11/08 14:46:50 INFO session removed token=df0917d1-9b05-46cb-9b20-f2740b6295b3
2025/11/08 14:46:50 INFO session updated token=2803956b-eee9-4183-bfcc-18a58cd89c88 tableID=0xc0001a8500 seatIndex=0xc0001a0610
2025/11/08 14:46:50 INFO session created token=a067cb0c-65ce-43f1-a6c3-5ffd771a1acd name=User_64_16
2025/11/08 14:46:50 INFO session updated token=de8b8d48-8955-4bf9-8286-cb8b4c6f80dd tableID=0xc000000600 seatIndex=0xc0005923d0
2025/11/08 14:46:50 INFO session updated token=5fd15f1b-f220-4471-a7ee-0862bed0deca tableID=0xc0001a8520 seatIndex=0xc0001a0640
2025/11/08 14:46:50 INFO session removed token=412c1c2e-2f06-4f99-b50e-45b36d651bb0
2025/11/08 14:46:50 INFO session updated token=a99d5a22-03d4-4365-9899-e20132f70a1c tableID=0xc0001a8540 seatIndex=0xc0001a0650
2025/11/08 14:46:50 INFO session updated token=903be5ae-6248-47f4-9074-99182c3e963b tableID=0xc0001a8560 seatIndex=0xc0001a0660
2025/11/08 14:46:50 INFO session updated token=fe025ba0-b365-47b3-9309-80c44bd53074 tableID=0xc000282220 seatIndex=0xc000280210
2025/11/08 14:46:50 INFO session removed token=4e217c15-8ec2-4cf4-b510-2c0f295edfc4
2025/11/08 14:46:50 INFO session updated token=8c0549fa-186d-43af-98bf-6d836088b65a tableID=0xc000303cb0 seatIndex=0xc000381db0
2025/11/08 14:46:50 INFO session removed token=4445525b-a9b9-4a2b-9118-be10d3e0c6ad
2025/11/08 14:46:50 INFO session updated token=5c38b77e-c2c2-4480-867c-2ed38ce50e03 tableID=0xc000303cd0 seatIndex=0xc000381de0
2025/11/08 14:46:50 INFO session created token=edff95b3-72f2-4492-b3e0-d7caf5e37808 name=User_96_53
2025/11/08 14:46:50 INFO session removed token=6280955f-2d53-49a3-aa8b-e9b126aa33ce
2025/11/08 14:46:50 INFO session created token=68454686-7b59-49f3-a142-280de3d941e6 name=User_10_16
2025/11/08 14:46:50 INFO session removed token=d44ae73b-a6d1-4763-918c-e1fa75a9f6a1
2025/11/08 14:46:50 INFO session created token=f156387d-472a-4247-8ef0-e2cc49ac8849 name=User_49_40
2025/11/08 14:46:50 INFO session created token=a9e685a9-4572-4be8-b1ab-02976ea70ab4 name=User_8_19
2025/11/08 14:46:50 INFO session created token=648c36b4-bcb5-466d-a344-cf5ade0ed593 name=User_18_42
2025/11/08 14:46:50 INFO session created token=d2d599fc-904b-4b73-82ff-a43638304a9d name=User_70_59
2025/11/08 14:46:50 INFO session created token=b73af21d-7eca-4333-b7c8-c7f55404d543 name=User_20_26
2025/11/08 14:46:50 INFO session created token=ba050ab4-f990-432b-8fed-493d676fa310 name=User_11_36
2025/11/08 14:46:50 INFO session updated token=b73af21d-7eca-4333-b7c8-c7f55404d543 tableID=0xc000282d90 seatIndex=0xc000280d50
2025/11/08 14:46:50 INFO session removed token=b73af21d-7eca-4333-b7c8-c7f55404d543
2025/11/08 14:46:50 INFO session created token=c23dc8f1-e10e-4947-9c21-5e87dc3ff799 name=User_20_27
2025/11/08 14:46:50 INFO session updated token=c23dc8f1-e10e-4947-9c21-5e87dc3ff799 tableID=0xc000282df0 seatIndex=0xc000280db0
2025/11/08 14:46:50 INFO session removed token=c23dc8f1-e10e-4947-9c21-5e87dc3ff799
2025/11/08 14:46:50 INFO session created token=59d341fb-d378-4c31-8509-0dbcbdde8c74 name=User_20_28
2025/11/08 14:46:50 INFO session updated token=59d341fb-d378-4c31-8509-0dbcbdde8c74 tableID=0xc000282e40 seatIndex=0xc000280e00
2025/11/08 14:46:50 INFO session removed token=59d341fb-d378-4c31-8509-0dbcbdde8c74
2025/11/08 14:46:50 INFO session created token=af02633a-234d-4014-9e5d-4c5deb4b366d name=User_20_29
2025/11/08 14:46:50 INFO session updated token=af02633a-234d-4014-9e5d-4c5deb4b366d tableID=0xc000282e90 seatIndex=0xc000280e50
2025/11/08 14:46:50 INFO session removed token=af02633a-234d-4014-9e5d-4c5deb4b366d
2025/11/08 14:46:50 INFO session created token=bebca7b6-7627-48a7-8c2a-54a6cf49a7bc name=User_20_30
2025/11/08 14:46:50 INFO session updated token=bebca7b6-7627-48a7-8c2a-54a6cf49a7bc tableID=0xc000282ee0 seatIndex=0xc000280ea0
2025/11/08 14:46:50 INFO session removed token=bebca7b6-7627-48a7-8c2a-54a6cf49a7bc
2025/11/08 14:46:50 INFO session created token=f863ce17-fd1b-440b-8428-1db9d1dd686b name=User_20_31
2025/11/08 14:46:50 INFO session updated token=f863ce17-fd1b-440b-8428-1db9d1dd686b tableID=0xc000282f30 seatIndex=0xc000280ef0
2025/11/08 14:46:50 INFO session removed token=f863ce17-fd1b-440b-8428-1db9d1dd686b
2025/11/08 14:46:50 INFO session created token=c138d2da-86e0-47ec-aeb1-69f379e5d8e3 name=User_20_32
2025/11/08 14:46:50 INFO session updated token=c138d2da-86e0-47ec-aeb1-69f379e5d8e3 tableID=0xc000282f80 seatIndex=0xc000280f40
2025/11/08 14:46:50 INFO session removed token=c138d2da-86e0-47ec-aeb1-69f379e5d8e3
2025/11/08 14:46:50 INFO session created token=c0adcb0d-2b9f-4e40-be58-d140be4eaa36 name=User_20_33
2025/11/08 14:46:50 INFO session updated token=c0adcb0d-2b9f-4e40-be58-d140be4eaa36 tableID=0xc000282fd0 seatIndex=0xc000280f90
2025/11/08 14:46:50 INFO session removed token=c0adcb0d-2b9f-4e40-be58-d140be4eaa36
2025/11/08 14:46:50 INFO session created token=fbc5480b-f920-42cc-8d9e-41310a61e838 name=User_20_34
2025/11/08 14:46:50 INFO session updated token=fbc5480b-f920-42cc-8d9e-41310a61e838 tableID=0xc000283020 seatIndex=0xc000280fe0
2025/11/08 14:46:50 INFO session removed token=fbc5480b-f920-42cc-8d9e-41310a61e838
2025/11/08 14:46:50 INFO session created token=b11b13cd-1469-4003-9267-e171d5865346 name=User_20_35
2025/11/08 14:46:50 INFO session updated token=b11b13cd-1469-4003-9267-e171d5865346 tableID=0xc000283070 seatIndex=0xc000281030
2025/11/08 14:46:50 INFO session removed token=b11b13cd-1469-4003-9267-e171d5865346
2025/11/08 14:46:50 INFO session created token=03ecdae5-9725-411b-96e4-7c7c2e1a69cf name=User_20_36
2025/11/08 14:46:50 INFO session updated token=03ecdae5-9725-411b-96e4-7c7c2e1a69cf tableID=0xc0002830c0 seatIndex=0xc000281080
2025/11/08 14:46:50 INFO session removed token=03ecdae5-9725-411b-96e4-7c7c2e1a69cf
2025/11/08 14:46:50 INFO session created token=d60ff3a8-0a16-4fc5-8b99-f3d1b15936a7 name=User_20_37
2025/11/08 14:46:50 INFO session updated token=d60ff3a8-0a16-4fc5-8b99-f3d1b15936a7 tableID=0xc000283110 seatIndex=0xc0002810d0
2025/11/08 14:46:50 INFO session removed token=d60ff3a8-0a16-4fc5-8b99-f3d1b15936a7
2025/11/08 14:46:50 INFO session created token=db719c02-d70a-4178-b8a7-4b28222cb0c2 name=User_20_38
2025/11/08 14:46:50 INFO session updated token=db719c02-d70a-4178-b8a7-4b28222cb0c2 tableID=0xc000283160 seatIndex=0xc000281120
2025/11/08 14:46:50 INFO session removed token=db719c02-d70a-4178-b8a7-4b28222cb0c2
2025/11/08 14:46:50 INFO session created token=48ee15b8-f7ab-4bc8-9db5-fa966709c813 name=User_20_39
2025/11/08 14:46:50 INFO session updated token=48ee15b8-f7ab-4bc8-9db5-fa966709c813 tableID=0xc0002831b0 seatIndex=0xc000281170
2025/11/08 14:46:50 INFO session removed token=48ee15b8-f7ab-4bc8-9db5-fa966709c813
2025/11/08 14:46:50 INFO session created token=d49dbb81-6629-4e57-a36b-fff7294df3b8 name=User_20_40
2025/11/08 14:46:50 INFO session updated token=d49dbb81-6629-4e57-a36b-fff7294df3b8 tableID=0xc000283200 seatIndex=0xc0002811c0
2025/11/08 14:46:50 INFO session removed token=d49dbb81-6629-4e57-a36b-fff7294df3b8
2025/11/08 14:46:50 INFO session created token=f85f6848-e80a-4887-8dea-da576558acea name=User_20_41
2025/11/08 14:46:50 INFO session updated token=f85f6848-e80a-4887-8dea-da576558acea tableID=0xc000283250 seatIndex=0xc000281210
2025/11/08 14:46:50 INFO session removed token=f85f6848-e80a-4887-8dea-da576558acea
2025/11/08 14:46:50 INFO session created token=eb36e728-6bb7-4119-878c-3b56d2a7ef22 name=User_20_42
2025/11/08 14:46:50 INFO session updated token=eb36e728-6bb7-4119-878c-3b56d2a7ef22 tableID=0xc0002832a0 seatIndex=0xc000281260
2025/11/08 14:46:50 INFO session removed token=eb36e728-6bb7-4119-878c-3b56d2a7ef22
2025/11/08 14:46:50 INFO session created token=fa1d85cb-c20a-407e-bbea-2a3574b17f0e name=User_20_43
2025/11/08 14:46:50 INFO session updated token=fa1d85cb-c20a-407e-bbea-2a3574b17f0e tableID=0xc0002832f0 seatIndex=0xc0002812b0
2025/11/08 14:46:50 INFO session removed token=fa1d85cb-c20a-407e-bbea-2a3574b17f0e
2025/11/08 14:46:50 INFO session created token=b43ddc1a-582a-4266-ae32-4416c27d9f8e name=User_20_44
2025/11/08 14:46:50 INFO session updated token=b43ddc1a-582a-4266-ae32-4416c27d9f8e tableID=0xc000283340 seatIndex=0xc000281300
2025/11/08 14:46:50 INFO session removed token=b43ddc1a-582a-4266-ae32-4416c27d9f8e
2025/11/08 14:46:50 INFO session created token=158a3d88-396f-4c67-a71b-d740c45caa9b name=User_20_45
2025/11/08 14:46:50 INFO session updated token=158a3d88-396f-4c67-a71b-d740c45caa9b tableID=0xc000283390 seatIndex=0xc000281350
2025/11/08 14:46:50 INFO session removed token=158a3d88-396f-4c67-a71b-d740c45caa9b
2025/11/08 14:46:50 INFO session created token=be0db398-a31e-433b-9378-f3f5f52c8c93 name=User_20_46
2025/11/08 14:46:50 INFO session updated token=be0db398-a31e-433b-9378-f3f5f52c8c93 tableID=0xc0002833e0 seatIndex=0xc0002813a0
2025/11/08 14:46:50 INFO session removed token=be0db398-a31e-433b-9378-f3f5f52c8c93
2025/11/08 14:46:50 INFO session created token=2baee743-e070-4997-a2ba-c35b032cda65 name=User_20_47
2025/11/08 14:46:50 INFO session updated token=2baee743-e070-4997-a2ba-c35b032cda65 tableID=0xc000283430 seatIndex=0xc0002813f0
2025/11/08 14:46:50 INFO session removed token=2baee743-e070-4997-a2ba-c35b032cda65
2025/11/08 14:46:50 INFO session created token=4472e0fd-efe4-48e9-beb1-4a6100bff268 name=User_20_48
2025/11/08 14:46:50 INFO session updated token=4472e0fd-efe4-48e9-beb1-4a6100bff268 tableID=0xc000283480 seatIndex=0xc000281440
2025/11/08 14:46:50 INFO session removed token=4472e0fd-efe4-48e9-beb1-4a6100bff268
2025/11/08 14:46:50 INFO session created token=acb27e5e-2c3f-467f-ae49-e67ee1474c03 name=User_20_49
2025/11/08 14:46:50 INFO session updated token=acb27e5e-2c3f-467f-ae49-e67ee1474c03 tableID=0xc0002834d0 seatIndex=0xc000281490
2025/11/08 14:46:50 INFO session removed token=acb27e5e-2c3f-467f-ae49-e67ee1474c03
2025/11/08 14:46:50 INFO session created token=3d2d2c0e-a070-49d5-bfff-c16b73f98fc2 name=User_20_50
2025/11/08 14:46:50 INFO session updated token=3d2d2c0e-a070-49d5-bfff-c16b73f98fc2 tableID=0xc000283520 seatIndex=0xc0002814e0
2025/11/08 14:46:50 INFO session removed token=3d2d2c0e-a070-49d5-bfff-c16b73f98fc2
2025/11/08 14:46:50 INFO session created token=b95dc269-0453-4dce-99f1-c5cfd0acae74 name=User_20_51
2025/11/08 14:46:50 INFO session updated token=f156387d-472a-4247-8ef0-e2cc49ac8849 tableID=0xc00030a4b0 seatIndex=0xc000300530
2025/11/08 14:46:50 INFO session removed token=f156387d-472a-4247-8ef0-e2cc49ac8849
2025/11/08 14:46:50 INFO session created token=3db9913b-8823-4a00-b82b-3d388e5635bd name=User_49_41
2025/11/08 14:46:50 INFO session updated token=3db9913b-8823-4a00-b82b-3d388e5635bd tableID=0xc0001a87a0 seatIndex=0xc0001a0880
2025/11/08 14:46:50 INFO session removed token=3db9913b-8823-4a00-b82b-3d388e5635bd
2025/11/08 14:46:50 INFO session created token=8e474d1a-f74c-4946-b38c-2c5f79a276d6 name=User_49_42
2025/11/08 14:46:50 INFO session updated token=8e474d1a-f74c-4946-b38c-2c5f79a276d6 tableID=0xc0001a87f0 seatIndex=0xc0001a08d0
2025/11/08 14:46:50 INFO session removed token=8e474d1a-f74c-4946-b38c-2c5f79a276d6
2025/11/08 14:46:50 INFO session created token=3edb17c4-20c8-4f8b-9d12-ad61f271e3ec name=User_49_43
2025/11/08 14:46:50 INFO session updated token=3edb17c4-20c8-4f8b-9d12-ad61f271e3ec tableID=0xc0001a8840 seatIndex=0xc0001a0920
2025/11/08 14:46:50 INFO session removed token=3edb17c4-20c8-4f8b-9d12-ad61f271e3ec
2025/11/08 14:46:50 INFO session created token=d3dd1553-3af6-45d2-aa60-79927d6b96cd name=User_49_44
2025/11/08 14:46:50 INFO session updated token=d3dd1553-3af6-45d2-aa60-79927d6b96cd tableID=0xc0001a8890 seatIndex=0xc0001a0970
2025/11/08 14:46:50 INFO session removed token=d3dd1553-3af6-45d2-aa60-79927d6b96cd
2025/11/08 14:46:50 INFO session removed token=5c38b77e-c2c2-4480-867c-2ed38ce50e03
2025/11/08 14:46:50 INFO session created token=71ad885b-8620-4f41-ab28-6bc9b82da7a5 name=User_99_37
2025/11/08 14:46:50 INFO session updated token=71ad885b-8620-4f41-ab28-6bc9b82da7a5 tableID=0xc0002835a0 seatIndex=0xc000281550
2025/11/08 14:46:50 INFO session removed token=71ad885b-8620-4f41-ab28-6bc9b82da7a5
2025/11/08 14:46:50 INFO session created token=b464a286-b0b9-47a4-90a9-99002bc2a2c0 name=User_99_38
2025/11/08 14:46:50 INFO session updated token=b464a286-b0b9-47a4-90a9-99002bc2a2c0 tableID=0xc0002835f0 seatIndex=0xc0002815a0
2025/11/08 14:46:50 INFO session removed token=b464a286-b0b9-47a4-90a9-99002bc2a2c0
2025/11/08 14:46:50 INFO session created token=a1a188ac-e6cf-4b04-adcf-c66562787254 name=User_99_39
2025/11/08 14:46:50 INFO session updated token=a1a188ac-e6cf-4b04-adcf-c66562787254 tableID=0xc000283640 seatIndex=0xc0002815f0
2025/11/08 14:46:50 INFO session removed token=a1a188ac-e6cf-4b04-adcf-c66562787254
2025/11/08 14:46:50 INFO session created token=e15503d2-2762-4610-be7c-9fd5fba86045 name=User_99_40
2025/11/08 14:46:50 INFO session updated token=e15503d2-2762-4610-be7c-9fd5fba86045 tableID=0xc000283690 seatIndex=0xc000281640
2025/11/08 14:46:50 INFO session removed token=e15503d2-2762-4610-be7c-9fd5fba86045
2025/11/08 14:46:50 INFO session created token=11d87933-3ada-4598-9b7c-2beebeb2d345 name=User_99_41
2025/11/08 14:46:50 INFO session updated token=11d87933-3ada-4598-9b7c-2beebeb2d345 tableID=0xc0002836e0 seatIndex=0xc000281690
2025/11/08 14:46:50 INFO session removed token=11d87933-3ada-4598-9b7c-2beebeb2d345
2025/11/08 14:46:50 INFO session created token=b3b1f475-be34-4d0c-aaa9-62ecb346e829 name=User_99_42
2025/11/08 14:46:50 INFO session updated token=b3b1f475-be34-4d0c-aaa9-62ecb346e829 tableID=0xc000283730 seatIndex=0xc0002816e0
2025/11/08 14:46:50 INFO session removed token=b3b1f475-be34-4d0c-aaa9-62ecb346e829
2025/11/08 14:46:50 INFO session created token=1f60dc1b-d671-4b98-be76-ae1460d3fe25 name=User_99_43
2025/11/08 14:46:50 INFO session updated token=1f60dc1b-d671-4b98-be76-ae1460d3fe25 tableID=0xc000283780 seatIndex=0xc000281730
2025/11/08 14:46:50 INFO session removed token=1f60dc1b-d671-4b98-be76-ae1460d3fe25
2025/11/08 14:46:50 INFO session removed token=a93cc10d-b928-4f1b-ac03-178023d7d73e
2025/11/08 14:46:50 INFO session created token=8f15d388-8806-4118-8c85-05982b345d14 name=User_99_44
2025/11/08 14:46:50 INFO session created token=ef2a1bca-c030-4d39-b334-dc4e365dff07 name=User_53_19
2025/11/08 14:46:50 INFO session updated token=8f15d388-8806-4118-8c85-05982b345d14 tableID=0xc0002837d0 seatIndex=0xc000281780
2025/11/08 14:46:50 INFO session removed token=8f15d388-8806-4118-8c85-05982b345d14
2025/11/08 14:46:50 INFO session created token=fa1efdb0-8908-4274-87a8-b919aa1e88b3 name=User_99_45
2025/11/08 14:46:50 INFO session updated token=fa1efdb0-8908-4274-87a8-b919aa1e88b3 tableID=0xc000283830 seatIndex=0xc0002817e0
2025/11/08 14:46:50 INFO session removed token=fa1efdb0-8908-4274-87a8-b919aa1e88b3
2025/11/08 14:46:50 INFO session created token=7702c0b0-a461-445e-a69d-f1d053dee618 name=User_99_46
2025/11/08 14:46:50 INFO session updated token=7702c0b0-a461-445e-a69d-f1d053dee618 tableID=0xc000283880 seatIndex=0xc000281830
2025/11/08 14:46:50 INFO session removed token=7702c0b0-a461-445e-a69d-f1d053dee618
2025/11/08 14:46:50 INFO session created token=1ebab266-d907-4492-9d92-ca4fe1cb2fb2 name=User_99_47
2025/11/08 14:46:50 INFO session updated token=1ebab266-d907-4492-9d92-ca4fe1cb2fb2 tableID=0xc0002838d0 seatIndex=0xc000281880
2025/11/08 14:46:50 INFO session removed token=1ebab266-d907-4492-9d92-ca4fe1cb2fb2
2025/11/08 14:46:50 INFO session created token=a11c8197-581f-46a3-8de1-0c0e424b0f89 name=User_99_48
2025/11/08 14:46:50 INFO session updated token=a11c8197-581f-46a3-8de1-0c0e424b0f89 tableID=0xc000283920 seatIndex=0xc0002818d0
2025/11/08 14:46:50 INFO session removed token=a11c8197-581f-46a3-8de1-0c0e424b0f89
2025/11/08 14:46:50 INFO session created token=007ae8fa-e883-411e-b937-edf041b242e3 name=User_99_49
2025/11/08 14:46:50 INFO session updated token=007ae8fa-e883-411e-b937-edf041b242e3 tableID=0xc000283970 seatIndex=0xc000281920
2025/11/08 14:46:50 INFO session removed token=007ae8fa-e883-411e-b937-edf041b242e3
2025/11/08 14:46:50 INFO session created token=f46ccee1-9ae4-4551-a8c3-922de92fce1c name=User_99_50
2025/11/08 14:46:50 INFO session updated token=f46ccee1-9ae4-4551-a8c3-922de92fce1c tableID=0xc0002839c0 seatIndex=0xc000281970
2025/11/08 14:46:50 INFO session removed token=f46ccee1-9ae4-4551-a8c3-922de92fce1c
2025/11/08 14:46:50 INFO session created token=0d89d945-ec30-4877-9b51-336bceb163da name=User_99_51
2025/11/08 14:46:50 INFO session updated token=0d89d945-ec30-4877-9b51-336bceb163da tableID=0xc000283a10 seatIndex=0xc0002819c0
2025/11/08 14:46:50 INFO session removed token=0d89d945-ec30-4877-9b51-336bceb163da
2025/11/08 14:46:50 INFO session created token=53c982d8-af52-41ff-95f8-81db4acddaa6 name=User_99_52
2025/11/08 14:46:50 INFO session updated token=53c982d8-af52-41ff-95f8-81db4acddaa6 tableID=0xc000283a60 seatIndex=0xc000281a10
2025/11/08 14:46:50 INFO session removed token=53c982d8-af52-41ff-95f8-81db4acddaa6
2025/11/08 14:46:50 INFO session created token=2e6159f2-1fce-4b53-85e4-8b546248d339 name=User_99_53
2025/11/08 14:46:50 INFO session updated token=2e6159f2-1fce-4b53-85e4-8b546248d339 tableID=0xc000283ab0 seatIndex=0xc000281a60
2025/11/08 14:46:50 INFO session removed token=2e6159f2-1fce-4b53-85e4-8b546248d339
2025/11/08 14:46:50 INFO session created token=3596d407-7f0c-41fc-967b-14aecb60645c name=User_99_54
2025/11/08 14:46:50 INFO session updated token=ef2a1bca-c030-4d39-b334-dc4e365dff07 tableID=0xc0002837f0 seatIndex=0xc0002817b0
2025/11/08 14:46:50 INFO session removed token=ef2a1bca-c030-4d39-b334-dc4e365dff07
2025/11/08 14:46:50 INFO session updated token=c8696103-f260-487e-a4bd-cf9e4566e727 tableID=0xc0002822f0 seatIndex=0xc0002802c0
2025/11/08 14:46:50 INFO session updated token=ef5582b6-0661-4983-bac0-74ade771ad6f tableID=0xc00030a270 seatIndex=0xc000300370
2025/11/08 14:46:50 INFO session created token=78f700d2-895e-4d5a-8d09-9375c0f6512c name=User_75_31
2025/11/08 14:46:50 INFO session removed token=7cfd22c4-ccbb-44b2-aa34-0ccbd248d1f3
2025/11/08 14:46:50 INFO session removed token=50c199a4-8e56-4191-8262-4fafb0cd5f61
2025/11/08 14:46:50 INFO session updated token=15c9ab35-75a3-4825-81e5-de234da72146 tableID=0xc00030a2e0 seatIndex=0xc0003003d0
2025/11/08 14:46:50 INFO session removed token=5cfa25ca-9c77-4e99-93eb-0310308d1a18
2025/11/08 14:46:50 INFO session removed token=b25cd1eb-b1f4-4f7d-8afe-11dc2f8fd060
2025/11/08 14:46:50 INFO session removed token=4a95341b-148f-4134-a3b0-d28378a86f16
2025/11/08 14:46:50 INFO session removed token=0f90bc02-73d2-4b44-af72-8e9c1e53a0ba
2025/11/08 14:46:50 INFO session updated token=d7b587ff-55cd-43ae-bf41-46af4970ec29 tableID=0xc000282380 seatIndex=0xc000280340
2025/11/08 14:46:50 INFO session removed token=e5a8cae6-7da4-4a84-8b31-8df9bbe13a20
2025/11/08 14:46:50 INFO session removed token=0250022f-f4cb-402a-9f34-a6b371f76696
2025/11/08 14:46:50 INFO session removed token=f353f86c-3375-4534-82b4-518cb7514c66
2025/11/08 14:46:50 INFO session removed token=757fb1cf-ee25-4b72-8372-b1a47eb61d62
2025/11/08 14:46:50 INFO session created token=e8bac98c-29f9-494b-aac0-a0d20e7a44ff name=User_19_26
2025/11/08 14:46:50 INFO session removed token=4329f823-b791-46ad-998c-fee7805dd2c0
2025/11/08 14:46:50 INFO session created token=5204c67a-fa6d-44f5-ae2e-4473f287992b name=User_30_30
2025/11/08 14:46:50 INFO session removed token=b59e4d3c-081a-4b53-af0e-9cd16f946bbb
2025/11/08 14:46:50 INFO session created token=9b04e91a-8869-438d-aeba-5796f1d9dea9 name=User_72_21
2025/11/08 14:46:50 INFO session updated token=a1840240-38d2-44eb-917b-8d91eae91d63 tableID=0xc00030a310 seatIndex=0xc0003003e0
2025/11/08 14:46:50 INFO session removed token=6a2d8ec0-3dd4-49fd-b1d6-a9a46656273b
2025/11/08 14:46:50 INFO session updated token=c518cc48-585d-41a4-a00b-356e4d7361be tableID=0xc00030a320 seatIndex=0xc0003003f0
2025/11/08 14:46:50 INFO session updated token=61264fed-3227-4def-bbcd-8401f460a47b tableID=0xc00030a340 seatIndex=0xc000300420
2025/11/08 14:46:50 INFO session created token=fca5b98c-9b5b-4789-a6fd-67ab67cd692b name=User_83_32
2025/11/08 14:46:50 INFO session updated token=382fcddb-f03a-4660-8605-e7ea07a8621d tableID=0xc00030a350 seatIndex=0xc000300430
2025/11/08 14:46:50 INFO session removed token=61264fed-3227-4def-bbcd-8401f460a47b
2025/11/08 14:46:50 INFO session created token=c5571d27-1e16-4bef-aecf-e0813e2ad1ee name=User_36_41
2025/11/08 14:46:50 INFO session updated token=c5571d27-1e16-4bef-aecf-e0813e2ad1ee tableID=0xc0001a8920 seatIndex=0xc0001a0a30
2025/11/08 14:46:50 INFO session removed token=c5571d27-1e16-4bef-aecf-e0813e2ad1ee
2025/11/08 14:46:50 INFO session created token=9ad6dae8-63dc-4627-90ba-a2e23cb9cf6f name=User_36_42
2025/11/08 14:46:50 INFO session updated token=9ad6dae8-63dc-4627-90ba-a2e23cb9cf6f tableID=0xc0001a8970 seatIndex=0xc0001a0a80
2025/11/08 14:46:50 INFO session removed token=9ad6dae8-63dc-4627-90ba-a2e23cb9cf6f
2025/11/08 14:46:50 INFO session created token=3c40ed31-afd4-4c0e-93cb-c1914d04e0b9 name=User_36_43
2025/11/08 14:46:50 INFO session updated token=3c40ed31-afd4-4c0e-93cb-c1914d04e0b9 tableID=0xc0001a89c0 seatIndex=0xc0001a0ad0
2025/11/08 14:46:50 INFO session removed token=3c40ed31-afd4-4c0e-93cb-c1914d04e0b9
2025/11/08 14:46:50 INFO session created token=171b8811-0a3d-46e6-8cdd-e4d3d80ba3ec name=User_36_44
2025/11/08 14:46:50 INFO session updated token=171b8811-0a3d-46e6-8cdd-e4d3d80ba3ec tableID=0xc0001a8a10 seatIndex=0xc0001a0b20
2025/11/08 14:46:50 INFO session removed token=171b8811-0a3d-46e6-8cdd-e4d3d80ba3ec
2025/11/08 14:46:50 INFO session created token=2d215027-0423-497c-aa4c-a45609d9d242 name=User_36_45
2025/11/08 14:46:50 INFO session updated token=2d215027-0423-497c-aa4c-a45609d9d242 tableID=0xc0001a8a60 seatIndex=0xc0001a0b70
2025/11/08 14:46:50 INFO session removed token=2d215027-0423-497c-aa4c-a45609d9d242
2025/11/08 14:46:50 INFO session created token=0fbbe018-04d3-4ebf-8984-331fbdaf8c5d name=User_36_46
2025/11/08 14:46:50 INFO session updated token=0fbbe018-04d3-4ebf-8984-331fbdaf8c5d tableID=0xc0001a8ab0 seatIndex=0xc0001a0bc0
2025/11/08 14:46:50 INFO session removed token=0fbbe018-04d3-4ebf-8984-331fbdaf8c5d
2025/11/08 14:46:50 INFO session created token=e01cf1ff-b660-4c44-ac42-b527bea8db8c name=User_36_47
2025/11/08 14:46:50 INFO session updated token=e01cf1ff-b660-4c44-ac42-b527bea8db8c tableID=0xc0001a8b00 seatIndex=0xc0001a0c10
2025/11/08 14:46:50 INFO session removed token=e01cf1ff-b660-4c44-ac42-b527bea8db8c
2025/11/08 14:46:50 INFO session created token=7da20894-3093-4dda-bdc4-1c9b3cf26f40 name=User_36_48
2025/11/08 14:46:50 INFO session updated token=7da20894-3093-4dda-bdc4-1c9b3cf26f40 tableID=0xc0001a8b50 seatIndex=0xc0001a0c60
2025/11/08 14:46:50 INFO session removed token=7da20894-3093-4dda-bdc4-1c9b3cf26f40
2025/11/08 14:46:50 INFO session created token=ba17eca7-771d-4dc2-aca9-0cb11a68475f name=User_36_49
2025/11/08 14:46:50 INFO session updated token=ba17eca7-771d-4dc2-aca9-0cb11a68475f tableID=0xc0001a8ba0 seatIndex=0xc0001a0cb0
2025/11/08 14:46:50 INFO session removed token=ba17eca7-771d-4dc2-aca9-0cb11a68475f
2025/11/08 14:46:50 INFO session created token=2666db34-4cca-411e-8fec-ed2ffacca998 name=User_36_50
2025/11/08 14:46:50 INFO session updated token=2666db34-4cca-411e-8fec-ed2ffacca998 tableID=0xc0001a8bf0 seatIndex=0xc0001a0d00
2025/11/08 14:46:50 INFO session removed token=2666db34-4cca-411e-8fec-ed2ffacca998
2025/11/08 14:46:50 INFO session created token=286b618a-df4b-4586-afdf-7577d883da8f name=User_36_51
2025/11/08 14:46:50 INFO session updated token=286b618a-df4b-4586-afdf-7577d883da8f tableID=0xc0001a8c40 seatIndex=0xc0001a0d50
2025/11/08 14:46:50 INFO session removed token=286b618a-df4b-4586-afdf-7577d883da8f
2025/11/08 14:46:50 INFO session created token=947a6cc4-be15-4ed1-bc58-82bbd94a3b6c name=User_36_52
2025/11/08 14:46:50 INFO session updated token=947a6cc4-be15-4ed1-bc58-82bbd94a3b6c tableID=0xc0001a8c90 seatIndex=0xc0001a0da0
2025/11/08 14:46:50 INFO session removed token=947a6cc4-be15-4ed1-bc58-82bbd94a3b6c
2025/11/08 14:46:50 INFO session created token=8cd801a8-26dc-4ddf-add5-19565d21d277 name=User_36_53
2025/11/08 14:46:50 INFO session updated token=8cd801a8-26dc-4ddf-add5-19565d21d277 tableID=0xc0001a8ce0 seatIndex=0xc0001a0df0
2025/11/08 14:46:50 INFO session removed token=8cd801a8-26dc-4ddf-add5-19565d21d277
2025/11/08 14:46:50 INFO session created token=d8c3b84c-b411-406a-88e9-2512cb082409 name=User_36_54
2025/11/08 14:46:50 INFO session updated token=d8c3b84c-b411-406a-88e9-2512cb082409 tableID=0xc0001a8d30 seatIndex=0xc0001a0e40
2025/11/08 14:46:50 INFO session removed token=d8c3b84c-b411-406a-88e9-2512cb082409
2025/11/08 14:46:50 INFO session created token=a17535ea-ebc5-427a-abfc-65984e30d252 name=User_36_55
2025/11/08 14:46:50 INFO session updated token=a17535ea-ebc5-427a-abfc-65984e30d252 tableID=0xc0001a8d80 seatIndex=0xc0001a0e90
2025/11/08 14:46:50 INFO session removed token=a17535ea-ebc5-427a-abfc-65984e30d252
2025/11/08 14:46:50 INFO session created token=208a946e-d267-4d08-9dec-7538d2d100f5 name=User_36_56
2025/11/08 14:46:50 INFO session updated token=208a946e-d267-4d08-9dec-7538d2d100f5 tableID=0xc0001a8dd0 seatIndex=0xc0001a0ee0
2025/11/08 14:46:50 INFO session removed token=208a946e-d267-4d08-9dec-7538d2d100f5
2025/11/08 14:46:50 INFO session created token=3b2ca773-aa38-4a69-92c8-e868887ea805 name=User_36_57
2025/11/08 14:46:50 INFO session updated token=3b2ca773-aa38-4a69-92c8-e868887ea805 tableID=0xc0001a8e20 seatIndex=0xc0001a0f30
2025/11/08 14:46:50 INFO session removed token=3b2ca773-aa38-4a69-92c8-e868887ea805
2025/11/08 14:46:50 INFO session created token=ddaa9fe0-f3dd-4060-b638-a0658b0cefc4 name=User_36_58
2025/11/08 14:46:50 INFO session updated token=ddaa9fe0-f3dd-4060-b638-a0658b0cefc4 tableID=0xc0001a8e70 seatIndex=0xc0001a0f80
2025/11/08 14:46:50 INFO session removed token=ddaa9fe0-f3dd-4060-b638-a0658b0cefc4
2025/11/08 14:46:50 INFO session created token=3009b211-ab55-4bbe-9254-5fa6c0e70f66 name=User_36_59
2025/11/08 14:46:50 INFO session updated token=3009b211-ab55-4bbe-9254-5fa6c0e70f66 tableID=0xc0001a8ec0 seatIndex=0xc0001a0fd0
2025/11/08 14:46:50 INFO session removed token=3009b211-ab55-4bbe-9254-5fa6c0e70f66
2025/11/08 14:46:50 INFO session created token=a29d0661-5130-4eb6-adcd-0709e5397198 name=User_36_60
2025/11/08 14:46:50 INFO session updated token=a29d0661-5130-4eb6-adcd-0709e5397198 tableID=0xc0001a8f10 seatIndex=0xc0001a1020
2025/11/08 14:46:50 INFO session removed token=a29d0661-5130-4eb6-adcd-0709e5397198
2025/11/08 14:46:50 INFO session created token=5283c303-7021-4fc5-bf0a-20620aa71931 name=User_36_61
2025/11/08 14:46:50 INFO session updated token=5283c303-7021-4fc5-bf0a-20620aa71931 tableID=0xc0001a8f60 seatIndex=0xc0001a1070
2025/11/08 14:46:50 INFO session removed token=5283c303-7021-4fc5-bf0a-20620aa71931
2025/11/08 14:46:50 INFO session created token=ab7375a2-15bc-4eef-9c43-5286d814a8f7 name=User_36_62
2025/11/08 14:46:50 INFO session updated token=ab7375a2-15bc-4eef-9c43-5286d814a8f7 tableID=0xc0001a8fb0 seatIndex=0xc0001a10c0
2025/11/08 14:46:50 INFO session removed token=ab7375a2-15bc-4eef-9c43-5286d814a8f7
2025/11/08 14:46:50 INFO session created token=59a83e27-c734-494c-a627-8003cc624014 name=User_36_63
2025/11/08 14:46:50 INFO session updated token=59a83e27-c734-494c-a627-8003cc624014 tableID=0xc0001a9000 seatIndex=0xc0001a1110
2025/11/08 14:46:50 INFO session removed token=59a83e27-c734-494c-a627-8003cc624014
2025/11/08 14:46:50 INFO session created token=b9a07932-adcf-4b17-b9ef-f289f3ddaab1 name=User_36_64
2025/11/08 14:46:50 INFO session updated token=b9a07932-adcf-4b17-b9ef-f289f3ddaab1 tableID=0xc0001a9050 seatIndex=0xc0001a1160
2025/11/08 14:46:50 INFO session removed token=b9a07932-adcf-4b17-b9ef-f289f3ddaab1
2025/11/08 14:46:50 INFO session created token=dd8220dd-7209-4bf5-9820-edc9822ff623 name=User_36_65
2025/11/08 14:46:50 INFO session updated token=dd8220dd-7209-4bf5-9820-edc9822ff623 tableID=0xc0001a90a0 seatIndex=0xc0001a11b0
2025/11/08 14:46:50 INFO session removed token=dd8220dd-7209-4bf5-9820-edc9822ff623
2025/11/08 14:46:50 INFO session created token=eda854ca-0ccd-400b-b462-351cd0388f8a name=User_36_66
2025/11/08 14:46:50 INFO session updated token=eda854ca-0ccd-400b-b462-351cd0388f8a tableID=0xc0001a90f0 seatIndex=0xc0001a1200
2025/11/08 14:46:50 INFO session removed token=eda854ca-0ccd-400b-b462-351cd0388f8a
2025/11/08 14:46:50 INFO session created token=ccefce34-60c0-4912-99d6-9c40d54ff7b4 name=User_36_67
2025/11/08 14:46:50 INFO session updated token=ccefce34-60c0-4912-99d6-9c40d54ff7b4 tableID=0xc0001a9140 seatIndex=0xc0001a1250
2025/11/08 14:46:50 INFO session removed token=ccefce34-60c0-4912-99d6-9c40d54ff7b4
2025/11/08 14:46:50 INFO session created token=72e9c6e1-d06b-46aa-be44-1ab931395b4a name=User_36_68
2025/11/08 14:46:50 INFO session updated token=72e9c6e1-d06b-46aa-be44-1ab931395b4a tableID=0xc0001a9190 seatIndex=0xc0001a12a0
2025/11/08 14:46:50 INFO session removed token=72e9c6e1-d06b-46aa-be44-1ab931395b4a
2025/11/08 14:46:50 INFO session created token=c3014103-4c02-46b9-9d2e-c49afffdd945 name=User_36_69
2025/11/08 14:46:50 INFO session updated token=c3014103-4c02-46b9-9d2e-c49afffdd945 tableID=0xc0001a91e0 seatIndex=0xc0001a12f0
2025/11/08 14:46:50 INFO session removed token=c3014103-4c02-46b9-9d2e-c49afffdd945
2025/11/08 14:46:50 INFO session removed token=4105853b-0122-422e-bfde-63efa77a83d6
2025/11/08 14:46:50 INFO session created token=e173509d-e003-41ed-8f04-986596eb70fa name=User_32_22
2025/11/08 14:46:50 INFO session created token=8d54ef0f-a795-4245-b75f-59a011fc7520 name=User_36_70
2025/11/08 14:46:50 INFO session removed token=740c002a-d37a-4c7c-9025-6262c4322c09
2025/11/08 14:46:50 INFO session updated token=810281f2-9d56-4420-8ad2-ce36f8db6a94 tableID=0xc000282420 seatIndex=0xc0002803c0
2025/11/08 14:46:50 INFO session updated token=a41d8148-5e2e-4f01-bbab-9f885c658a82 tableID=0xc00030a400 seatIndex=0xc000300480
2025/11/08 14:46:50 INFO session updated token=f3c41abe-8b06-435d-9731-5998b03d1f63 tableID=0xc000282440 seatIndex=0xc000280430
2025/11/08 14:46:50 INFO session updated token=6d0b772e-5518-4915-b796-7549a1007ae4 tableID=0xc00030a440 seatIndex=0xc0003004a0
2025/11/08 14:46:50 INFO session updated token=7bf288c7-b5d9-4888-a119-247eb70375f2 tableID=0xc000282490 seatIndex=0xc000280470
2025/11/08 14:46:50 INFO session updated token=3a6d463f-4b2b-45c7-a3e4-282a6bf3ee39 tableID=0xc000282740 seatIndex=0xc000280740
2025/11/08 14:46:50 INFO session removed token=0bd5f68c-5fed-4ee8-a5b1-f4be71774358
2025/11/08 14:46:50 INFO session updated token=67cc6a62-67e3-400a-be11-74f4008fdbf5 tableID=0xc000282b60 seatIndex=0xc000280b60
2025/11/08 14:46:50 INFO session updated token=24b4b364-ad77-496a-8df7-ecbd90863a37 tableID=0xc000282b70 seatIndex=0xc000280b70
2025/11/08 14:46:50 INFO session removed token=95f31e1e-3225-4e5a-a718-01224e5ff7c8
2025/11/08 14:46:50 INFO session created token=d722f4ec-4eae-45a0-a502-0f6b1b2ecd61 name=User_95_16
2025/11/08 14:46:50 INFO session removed token=903699d5-45d2-4dff-aad8-4b53bfad4da4
2025/11/08 14:46:50 INFO session created token=12c6256c-0b4c-47f0-9e17-0a6ceb89539a name=User_57_92
2025/11/08 14:46:50 INFO session created token=d58f5d4b-22ea-4f07-ae86-c50664e76b4b name=User_17_41
2025/11/08 14:46:50 INFO session created token=bfbbe8a1-b3df-403d-90c2-59a769f5ac9d name=User_52_22
2025/11/08 14:46:50 INFO session created token=37096876-4ee9-44ba-b5b7-338597fe301c name=User_37_39
2025/11/08 14:46:50 INFO session created token=528697f3-bfa1-4068-b987-e06eb2d5dce6 name=User_27_75
2025/11/08 14:46:50 INFO session created token=f77353e4-c7bf-43cc-84fb-073a48a1d7b3 name=User_46_76
2025/11/08 14:46:50 INFO session removed token=2803956b-eee9-4183-bfcc-18a58cd89c88
2025/11/08 14:46:50 INFO session created token=b44cabf1-185c-4cb2-bb0b-060285c2493d name=User_76_23
2025/11/08 14:46:50 INFO session created token=acc135ca-bc93-4d4c-8c12-950504441f47 name=User_6_18
2025/11/08 14:46:50 INFO session updated token=a067cb0c-65ce-43f1-a6c3-5ffd771a1acd tableID=0xc000282bf0 seatIndex=0xc000280c00
2025/11/08 14:46:50 INFO session removed token=903be5ae-6248-47f4-9074-99182c3e963b
2025/11/08 14:46:50 INFO session removed token=de8b8d48-8955-4bf9-8286-cb8b4c6f80dd
2025/11/08 14:46:50 INFO session removed token=fe025ba0-b365-47b3-9309-80c44bd53074
2025/11/08 14:46:50 INFO session removed token=5fd15f1b-f220-4471-a7ee-0862bed0deca
2025/11/08 14:46:50 INFO session updated token=68454686-7b59-49f3-a142-280de3d941e6 tableID=0xc000282ce0 seatIndex=0xc000280cd0
2025/11/08 14:46:50 INFO session removed token=a99d5a22-03d4-4365-9899-e20132f70a1c
2025/11/08 14:46:50 INFO session removed token=0ef53fe9-2a17-407f-88f5-8084fb36e985
2025/11/08 14:46:50 INFO session updated token=648c36b4-bcb5-466d-a344-cf5ade0ed593 tableID=0xc000282d20 seatIndex=0xc000280d20
2025/11/08 14:46:50 INFO session created token=3af6253f-4bf2-4c3c-86bb-02f9cc0a4aa0 name=User_80_23
2025/11/08 14:46:50 INFO session removed token=8c0549fa-186d-43af-98bf-6d836088b65a
2025/11/08 14:46:50 INFO session created token=041d96ab-3f4e-456c-a0ef-c1a79b8430e4 name=User_22_29
2025/11/08 14:46:50 INFO session removed token=68454686-7b59-49f3-a142-280de3d941e6
2025/11/08 14:46:50 INFO session created token=4d4bf6cf-7e46-4f35-b865-b0c3e23b3b00 name=User_10_17
2025/11/08 14:46:50 INFO session updated token=a9e685a9-4572-4be8-b1ab-02976ea70ab4 tableID=0xc000282d60 seatIndex=0xc000280d40
2025/11/08 14:46:50 INFO session removed token=a9e685a9-4572-4be8-b1ab-02976ea70ab4
2025/11/08 14:46:50 INFO session updated token=edff95b3-72f2-4492-b3e0-d7caf5e37808 tableID=0xc00030a4c0 seatIndex=0xc000300580
2025/11/08 14:46:50 INFO session updated token=ba050ab4-f990-432b-8fed-493d676fa310 tableID=0xc000282db0 seatIndex=0xc000280d80
2025/11/08 14:46:50 INFO session updated token=b95dc269-0453-4dce-99f1-c5cfd0acae74 tableID=0xc0001a8760 seatIndex=0xc0001a0850
2025/11/08 14:46:50 INFO session removed token=d1f50e79-ba13-4da1-ad2b-2d1390b0b373
2025/11/08 14:46:50 INFO session created token=3120be30-556c-4ae1-9c06-dcd755055ab4 name=User_49_45
2025/11/08 14:46:50 INFO session updated token=3596d407-7f0c-41fc-967b-14aecb60645c tableID=0xc00030a530 seatIndex=0xc0003005d0
2025/11/08 14:46:50 INFO session removed token=3596d407-7f0c-41fc-967b-14aecb60645c
2025/11/08 14:46:50 INFO session created token=4bf236ba-5f32-4b56-b6d4-2aba0f541265 name=User_99_55
2025/11/08 14:46:50 INFO session updated token=4bf236ba-5f32-4b56-b6d4-2aba0f541265 tableID=0xc000283c40 seatIndex=0xc000281c40
2025/11/08 14:46:50 INFO session removed token=4bf236ba-5f32-4b56-b6d4-2aba0f541265
2025/11/08 14:46:50 INFO session created token=a848c4d7-821f-47b5-b01c-cda18bf8c882 name=User_99_56
2025/11/08 14:46:50 INFO session updated token=a848c4d7-821f-47b5-b01c-cda18bf8c882 tableID=0xc000283c90 seatIndex=0xc000281c90
2025/11/08 14:46:50 INFO session removed token=a848c4d7-821f-47b5-b01c-cda18bf8c882
2025/11/08 14:46:50 INFO session created token=dce82945-d3d9-4f86-93b4-463fb99385d4 name=User_99_57
2025/11/08 14:46:50 INFO session updated token=dce82945-d3d9-4f86-93b4-463fb99385d4 tableID=0xc000283ce0 seatIndex=0xc000281ce0
2025/11/08 14:46:50 INFO session removed token=dce82945-d3d9-4f86-93b4-463fb99385d4
2025/11/08 14:46:50 INFO session created token=8e36047a-aad2-4bb2-8c15-1baf3638981f name=User_99_58
2025/11/08 14:46:50 INFO session updated token=8e36047a-aad2-4bb2-8c15-1baf3638981f tableID=0xc000283d30 seatIndex=0xc000281d30
2025/11/08 14:46:50 INFO session removed token=8e36047a-aad2-4bb2-8c15-1baf3638981f
2025/11/08 14:46:50 INFO session created token=7c78bd29-0307-4ced-82a4-707d1f438035 name=User_99_59
2025/11/08 14:46:50 INFO session updated token=7c78bd29-0307-4ced-82a4-707d1f438035 tableID=0xc000283d80 seatIndex=0xc000281d80
2025/11/08 14:46:50 INFO session removed token=7c78bd29-0307-4ced-82a4-707d1f438035
2025/11/08 14:46:50 INFO session created token=ed86d765-b1bc-417c-b918-1166f31311bd name=User_99_60
2025/11/08 14:46:50 INFO session updated token=ed86d765-b1bc-417c-b918-1166f31311bd tableID=0xc000283dd0 seatIndex=0xc000281dd0
2025/11/08 14:46:50 INFO session removed token=ed86d765-b1bc-417c-b918-1166f31311bd
2025/11/08 14:46:50 INFO session removed token=c8696103-f260-487e-a4bd-cf9e4566e727
2025/11/08 14:46:50 INFO session removed token=ef5582b6-0661-4983-bac0-74ade771ad6f
2025/11/08 14:46:50 INFO session updated token=78f700d2-895e-4d5a-8d09-9375c0f6512c tableID=0xc000000610 seatIndex=0xc0005923e0
2025/11/08 14:46:50 INFO session created token=e66d4d84-920a-4760-9f9b-4d42778de9ca name=User_33_34
2025/11/08 14:46:50 INFO session updated token=e66d4d84-920a-4760-9f9b-4d42778de9ca tableID=0xc000283e50 seatIndex=0xc000281e20
2025/11/08 14:46:50 INFO session removed token=e66d4d84-920a-4760-9f9b-4d42778de9ca
2025/11/08 14:46:50 INFO session created token=fa7dc30e-0a6e-4e99-ba55-40b802e08321 name=User_33_35
2025/11/08 14:46:50 INFO session updated token=fa7dc30e-0a6e-4e99-ba55-40b802e08321 tableID=0xc000283ea0 seatIndex=0xc000281e70
2025/11/08 14:46:50 INFO session removed token=fa7dc30e-0a6e-4e99-ba55-40b802e08321
2025/11/08 14:46:50 INFO session created token=803131de-a268-48a5-977c-1b09932274de name=User_33_36
2025/11/08 14:46:50 INFO session updated token=803131de-a268-48a5-977c-1b09932274de tableID=0xc000283ef0 seatIndex=0xc000281ec0
2025/11/08 14:46:50 INFO session removed token=803131de-a268-48a5-977c-1b09932274de
2025/11/08 14:46:50 INFO session created token=29b287c7-7c21-445d-a17b-2dab56316c05 name=User_33_37
2025/11/08 14:46:50 INFO session updated token=29b287c7-7c21-445d-a17b-2dab56316c05 tableID=0xc000283f40 seatIndex=0xc000281f10
2025/11/08 14:46:50 INFO session removed token=29b287c7-7c21-445d-a17b-2dab56316c05
2025/11/08 14:46:50 INFO session created token=22bc264a-6341-4bf3-9d51-6b5079477dfc name=User_99_61
2025/11/08 14:46:50 INFO session created token=27d4dea0-cf2c-4d79-bbee-8d053f41f7f3 name=User_34_56
2025/11/08 14:46:50 INFO session updated token=22bc264a-6341-4bf3-9d51-6b5079477dfc tableID=0xc0000f37f0 seatIndex=0xc000211600
2025/11/08 14:46:50 INFO session created token=cb560618-62ab-4699-b522-917889f074b7 name=User_53_20
2025/11/08 14:46:50 INFO session created token=399b19ba-9c15-4512-9c04-4226edb7a204 name=User_33_38
2025/11/08 14:46:50 INFO session removed token=22bc264a-6341-4bf3-9d51-6b5079477dfc
2025/11/08 14:46:50 INFO session created token=caa73c0f-8577-4343-8f01-326a29524ac5 name=User_40_33
2025/11/08 14:46:50 INFO session created token=5623bd5d-7dc2-4b25-bfea-308198862687 name=User_12_66
2025/11/08 14:46:50 INFO session updated token=cb560618-62ab-4699-b522-917889f074b7 tableID=0xc0000f3850 seatIndex=0xc000211650
2025/11/08 14:46:50 INFO session removed token=cb560618-62ab-4699-b522-917889f074b7
2025/11/08 14:46:50 INFO session created token=76b80718-3aea-43a5-aed5-459d78718ebe name=User_53_21
2025/11/08 14:46:50 INFO session updated token=76b80718-3aea-43a5-aed5-459d78718ebe tableID=0xc0000f38c0 seatIndex=0xc0002116c0
2025/11/08 14:46:50 INFO session removed token=76b80718-3aea-43a5-aed5-459d78718ebe
2025/11/08 14:46:50 INFO session created token=cfd3fc07-b047-4a53-9056-a710ea585e77 name=User_53_22
2025/11/08 14:46:50 INFO session updated token=cfd3fc07-b047-4a53-9056-a710ea585e77 tableID=0xc0000f3910 seatIndex=0xc000211710
2025/11/08 14:46:50 INFO session removed token=cfd3fc07-b047-4a53-9056-a710ea585e77
2025/11/08 14:46:50 INFO session created token=7a7c4316-1dcb-4914-b6b0-47505b0cc83f name=User_53_23
2025/11/08 14:46:50 INFO session updated token=7a7c4316-1dcb-4914-b6b0-47505b0cc83f tableID=0xc0000f3960 seatIndex=0xc000211760
2025/11/08 14:46:50 INFO session removed token=7a7c4316-1dcb-4914-b6b0-47505b0cc83f
2025/11/08 14:46:50 INFO session created token=83511af3-8bce-4d2b-bc38-72913e7b3aef name=User_53_24
2025/11/08 14:46:50 INFO session updated token=83511af3-8bce-4d2b-bc38-72913e7b3aef tableID=0xc0000f39b0 seatIndex=0xc0002117b0
2025/11/08 14:46:50 INFO session removed token=83511af3-8bce-4d2b-bc38-72913e7b3aef
2025/11/08 14:46:50 INFO session updated token=27d4dea0-cf2c-4d79-bbee-8d053f41f7f3 tableID=0xc00028e030 seatIndex=0xc000281f60
2025/11/08 14:46:50 INFO session removed token=27d4dea0-cf2c-4d79-bbee-8d053f41f7f3
2025/11/08 14:46:50 INFO session created token=0acd979e-1d01-492f-adad-22c1baf706a7 name=User_34_57
2025/11/08 14:46:50 INFO session updated token=0acd979e-1d01-492f-adad-22c1baf706a7 tableID=0xc00028e0c0 seatIndex=0xc000281fe0
2025/11/08 14:46:50 INFO session removed token=0acd979e-1d01-492f-adad-22c1baf706a7
2025/11/08 14:46:50 INFO session created token=6f0ed241-17dd-44f0-8a36-e675be60e3b6 name=User_34_58
2025/11/08 14:46:50 INFO session updated token=6f0ed241-17dd-44f0-8a36-e675be60e3b6 tableID=0xc00028e110 seatIndex=0xc000290030
2025/11/08 14:46:50 INFO session removed token=6f0ed241-17dd-44f0-8a36-e675be60e3b6
2025/11/08 14:46:50 INFO session created token=88d4027c-06ab-45e2-b1a4-81430fe3a88a name=User_34_59
2025/11/08 14:46:50 INFO session updated token=88d4027c-06ab-45e2-b1a4-81430fe3a88a tableID=0xc00028e160 seatIndex=0xc000290080
2025/11/08 14:46:50 INFO session removed token=88d4027c-06ab-45e2-b1a4-81430fe3a88a
2025/11/08 14:46:50 INFO session created token=c0e63f8a-7eb7-438c-9e29-2de7549c8e48 name=User_34_60
2025/11/08 14:46:50 INFO session created token=2255125e-868c-44d3-b35e-7cccc37b306a name=User_48_77
2025/11/08 14:46:50 INFO session updated token=c0e63f8a-7eb7-438c-9e29-2de7549c8e48 tableID=0xc00028e1b0 seatIndex=0xc0002900d0
2025/11/08 14:46:50 INFO session removed token=c0e63f8a-7eb7-438c-9e29-2de7549c8e48
2025/11/08 14:46:50 INFO session removed token=d7b587ff-55cd-43ae-bf41-46af4970ec29
2025/11/08 14:46:50 INFO session updated token=5204c67a-fa6d-44f5-ae2e-4473f287992b tableID=0xc00030a5c0 seatIndex=0xc000300660
2025/11/08 14:46:50 INFO session updated token=e8bac98c-29f9-494b-aac0-a0d20e7a44ff tableID=0xc0000006e0 seatIndex=0xc000592510
2025/11/08 14:46:50 INFO session removed token=15c9ab35-75a3-4825-81e5-de234da72146
2025/11/08 14:46:50 INFO session created token=7ba89ae3-24ac-40f4-93f6-6e5da0fcb082 name=User_51_17
2025/11/08 14:46:50 INFO session created token=dd103ce1-8b83-4b2c-aafe-e45d4b19b899 name=User_0_71
2025/11/08 14:46:50 INFO session created token=0ba5f1f4-e9e4-448a-a7a5-1226bea81a54 name=User_98_26
2025/11/08 14:46:50 INFO session updated token=9b04e91a-8869-438d-aeba-5796f1d9dea9 tableID=0xc000000700 seatIndex=0xc000592540
2025/11/08 14:46:50 INFO session created token=f4c3d177-b772-41e7-8030-56585b534dda name=User_4_62
2025/11/08 14:46:50 INFO session created token=843e23b2-dbdb-4718-9be4-de6cc09e4158 name=User_56_35
2025/11/08 14:46:50 INFO session created token=26bc702f-3a21-48c4-8522-0c8597cc1e70 name=User_61_66
2025/11/08 14:46:50 INFO session created token=bf9f70bd-7775-47ef-a137-2403d4bf8d27 name=User_3_45
2025/11/08 14:46:50 INFO session created token=b5daa0f5-dbcd-4a5f-b311-23aa3b9ca607 name=User_79_29
2025/11/08 14:46:50 INFO session removed token=a1840240-38d2-44eb-917b-8d91eae91d63
2025/11/08 14:46:50 INFO session removed token=c518cc48-585d-41a4-a00b-356e4d7361be
2025/11/08 14:46:50 INFO session removed token=382fcddb-f03a-4660-8605-e7ea07a8621d
2025/11/08 14:46:50 INFO session updated token=509437d1-cb7d-4c11-bba7-c6c2dff5ed0b tableID=0xc00030a360 seatIndex=0xc000300440
2025/11/08 14:46:50 INFO session updated token=fca5b98c-9b5b-4789-a6fd-67ab67cd692b tableID=0xc0001a88e0 seatIndex=0xc0001a0a00
2025/11/08 14:46:50 INFO session updated token=e173509d-e003-41ed-8f04-986596eb70fa tableID=0xc00030a630 seatIndex=0xc0003006d0
2025/11/08 14:46:50 INFO session removed token=e173509d-e003-41ed-8f04-986596eb70fa
2025/11/08 14:46:50 INFO session created token=711de068-cdd5-494f-b259-3289d2f512b0 name=User_32_23
2025/11/08 14:46:50 INFO session updated token=711de068-cdd5-494f-b259-3289d2f512b0 tableID=0xc00028e350 seatIndex=0xc000290230
2025/11/08 14:46:50 INFO session removed token=711de068-cdd5-494f-b259-3289d2f512b0
2025/11/08 14:46:50 INFO session removed token=fca5b98c-9b5b-4789-a6fd-67ab67cd692b
2025/11/08 14:46:50 INFO session created token=d592a5dc-639d-40f1-8a6e-492ef98291ac name=User_83_33
2025/11/08 14:46:50 INFO session updated token=d592a5dc-639d-40f1-8a6e-492ef98291ac tableID=0xc00030a7c0 seatIndex=0xc000300850
2025/11/08 14:46:50 INFO session removed token=d592a5dc-639d-40f1-8a6e-492ef98291ac
2025/11/08 14:46:50 INFO session created token=301e5c97-d7de-417c-8b1f-f4ed4ae4c517 name=User_83_34
2025/11/08 14:46:50 INFO session updated token=301e5c97-d7de-417c-8b1f-f4ed4ae4c517 tableID=0xc00030a810 seatIndex=0xc0003008a0
2025/11/08 14:46:50 INFO session removed token=301e5c97-d7de-417c-8b1f-f4ed4ae4c517
2025/11/08 14:46:50 INFO session created token=64065b1a-18a8-4aa4-a85b-9fc6e94b3c5a name=User_83_35
2025/11/08 14:46:50 INFO session updated token=64065b1a-18a8-4aa4-a85b-9fc6e94b3c5a tableID=0xc00030a860 seatIndex=0xc0003008f0
2025/11/08 14:46:50 INFO session removed token=64065b1a-18a8-4aa4-a85b-9fc6e94b3c5a
2025/11/08 14:46:50 INFO session created token=17007ea9-9d5b-4e49-8777-b30da0f5a7d2 name=User_83_36
2025/11/08 14:46:50 INFO session updated token=17007ea9-9d5b-4e49-8777-b30da0f5a7d2 tableID=0xc00030a8b0 seatIndex=0xc000300940
2025/11/08 14:46:50 INFO session removed token=17007ea9-9d5b-4e49-8777-b30da0f5a7d2
2025/11/08 14:46:50 INFO session created token=7fdb74d4-c615-4a7f-84f0-146fe8840ff9 name=User_83_37
2025/11/08 14:46:50 INFO session updated token=7fdb74d4-c615-4a7f-84f0-146fe8840ff9 tableID=0xc00030a900 seatIndex=0xc000300990
2025/11/08 14:46:50 INFO session removed token=7fdb74d4-c615-4a7f-84f0-146fe8840ff9
2025/11/08 14:46:50 INFO session created token=582ddb62-d90a-4ccf-a428-208c23fa0d56 name=User_83_38
2025/11/08 14:46:50 INFO session updated token=582ddb62-d90a-4ccf-a428-208c23fa0d56 tableID=0xc00030a950 seatIndex=0xc0003009e0
2025/11/08 14:46:50 INFO session removed token=582ddb62-d90a-4ccf-a428-208c23fa0d56
2025/11/08 14:46:50 INFO session created token=33cc1966-7b65-401b-bf92-ada657354f74 name=User_83_39
2025/11/08 14:46:50 INFO session updated token=33cc1966-7b65-401b-bf92-ada657354f74 tableID=0xc00030a9a0 seatIndex=0xc000300a30
2025/11/08 14:46:50 INFO session removed token=33cc1966-7b65-401b-bf92-ada657354f74
2025/11/08 14:46:50 INFO session created token=f29f1c60-db6d-4741-9483-7bf0edfdf970 name=User_83_40
2025/11/08 14:46:50 INFO session updated token=f29f1c60-db6d-4741-9483-7bf0edfdf970 tableID=0xc00030a9f0 seatIndex=0xc000300a80
2025/11/08 14:46:50 INFO session removed token=f29f1c60-db6d-4741-9483-7bf0edfdf970
2025/11/08 14:46:50 INFO session created token=12763b99-a070-4189-8b60-da37dd28a347 name=User_83_41
2025/11/08 14:46:50 INFO session updated token=12763b99-a070-4189-8b60-da37dd28a347 tableID=0xc00030aa40 seatIndex=0xc000300ad0
2025/11/08 14:46:50 INFO session removed token=12763b99-a070-4189-8b60-da37dd28a347
2025/11/08 14:46:50 INFO session created token=283798d9-f124-4f71-850f-4dec0eb03187 name=User_83_42
2025/11/08 14:46:50 INFO session updated token=283798d9-f124-4f71-850f-4dec0eb03187 tableID=0xc00030aa90 seatIndex=0xc000300b20
2025/11/08 14:46:50 INFO session removed token=283798d9-f124-4f71-850f-4dec0eb03187
2025/11/08 14:46:50 INFO session created token=f53fca1b-faea-4abf-93a4-6d25acff86fa name=User_83_43
2025/11/08 14:46:50 INFO session updated token=f53fca1b-faea-4abf-93a4-6d25acff86fa tableID=0xc00030aae0 seatIndex=0xc000300b70
2025/11/08 14:46:50 INFO session removed token=f53fca1b-faea-4abf-93a4-6d25acff86fa
2025/11/08 14:46:50 INFO session created token=ebb81a51-dc94-4dc5-b51b-1914acd7aa14 name=User_83_44
2025/11/08 14:46:50 INFO session updated token=ebb81a51-dc94-4dc5-b51b-1914acd7aa14 tableID=0xc00030ab30 seatIndex=0xc000300bc0
2025/11/08 14:46:50 INFO session removed token=ebb81a51-dc94-4dc5-b51b-1914acd7aa14
2025/11/08 14:46:50 INFO session created token=f8be6bd3-af9d-42aa-8f3d-ba22e030f407 name=User_83_45
2025/11/08 14:46:50 INFO session updated token=f8be6bd3-af9d-42aa-8f3d-ba22e030f407 tableID=0xc00030ab80 seatIndex=0xc000300c10
2025/11/08 14:46:50 INFO session removed token=f8be6bd3-af9d-42aa-8f3d-ba22e030f407
2025/11/08 14:46:50 INFO session created token=086b816d-c6d4-47f2-a660-ea2cb6627a90 name=User_83_46
2025/11/08 14:46:50 INFO session updated token=086b816d-c6d4-47f2-a660-ea2cb6627a90 tableID=0xc00030abd0 seatIndex=0xc000300c60
2025/11/08 14:46:50 INFO session removed token=086b816d-c6d4-47f2-a660-ea2cb6627a90
2025/11/08 14:46:50 INFO session created token=4b8eff55-0e13-42a9-bd6d-13589ce365f9 name=User_83_47
2025/11/08 14:46:50 INFO session updated token=4b8eff55-0e13-42a9-bd6d-13589ce365f9 tableID=0xc00030ac20 seatIndex=0xc000300cb0
2025/11/08 14:46:50 INFO session removed token=4b8eff55-0e13-42a9-bd6d-13589ce365f9
2025/11/08 14:46:50 INFO session created token=a9a8875c-b728-4c3d-9ace-72c90d49bb09 name=User_83_48
2025/11/08 14:46:50 INFO session updated token=a9a8875c-b728-4c3d-9ace-72c90d49bb09 tableID=0xc00030ac70 seatIndex=0xc000300d00
2025/11/08 14:46:50 INFO session removed token=a9a8875c-b728-4c3d-9ace-72c90d49bb09
2025/11/08 14:46:50 INFO session created token=c2efb48d-83b1-49de-bb1e-7e5a7f9e6fad name=User_83_49
2025/11/08 14:46:50 INFO session updated token=c2efb48d-83b1-49de-bb1e-7e5a7f9e6fad tableID=0xc00030acc0 seatIndex=0xc000300d50
2025/11/08 14:46:50 INFO session removed token=c2efb48d-83b1-49de-bb1e-7e5a7f9e6fad
2025/11/08 14:46:50 INFO session created token=25de41c3-1e15-4d75-b967-f22fe7c68f90 name=User_83_50
2025/11/08 14:46:50 INFO session updated token=25de41c3-1e15-4d75-b967-f22fe7c68f90 tableID=0xc00030ad10 seatIndex=0xc000300da0
2025/11/08 14:46:50 INFO session removed token=25de41c3-1e15-4d75-b967-f22fe7c68f90
2025/11/08 14:46:50 INFO session created token=a01ddbb9-c071-4f57-8d90-ed2eac73bb42 name=User_83_51
2025/11/08 14:46:50 INFO session updated token=a01ddbb9-c071-4f57-8d90-ed2eac73bb42 tableID=0xc00030ad60 seatIndex=0xc000300df0
2025/11/08 14:46:50 INFO session removed token=a01ddbb9-c071-4f57-8d90-ed2eac73bb42
2025/11/08 14:46:50 INFO session created token=7f59d351-605f-4642-a2f0-a320a5c22ed5 name=User_83_52
2025/11/08 14:46:50 INFO session updated token=7f59d351-605f-4642-a2f0-a320a5c22ed5 tableID=0xc00030adb0 seatIndex=0xc000300e40
2025/11/08 14:46:50 INFO session removed token=7f59d351-605f-4642-a2f0-a320a5c22ed5
2025/11/08 14:46:50 INFO session created token=ddfb1437-f95e-4e30-a6b3-4b48316403bd name=User_83_53
2025/11/08 14:46:50 INFO session updated token=ddfb1437-f95e-4e30-a6b3-4b48316403bd tableID=0xc00030ae00 seatIndex=0xc000300e90
2025/11/08 14:46:50 INFO session removed token=ddfb1437-f95e-4e30-a6b3-4b48316403bd
2025/11/08 14:46:50 INFO session created token=4568c814-d9e9-4ef0-b9c0-210b81c3dcda name=User_83_54
2025/11/08 14:46:50 INFO session updated token=4568c814-d9e9-4ef0-b9c0-210b81c3dcda tableID=0xc00030ae50 seatIndex=0xc000300ee0
2025/11/08 14:46:50 INFO session removed token=4568c814-d9e9-4ef0-b9c0-210b81c3dcda
2025/11/08 14:46:50 INFO session created token=3b7b0865-ab06-41d9-94f2-532728e4c261 name=User_83_55
2025/11/08 14:46:50 INFO session updated token=3b7b0865-ab06-41d9-94f2-532728e4c261 tableID=0xc00030aea0 seatIndex=0xc000300f30
2025/11/08 14:46:50 INFO session removed token=3b7b0865-ab06-41d9-94f2-532728e4c261
2025/11/08 14:46:50 INFO session created token=cca43d68-a890-4889-a66c-eed93ff3ad75 name=User_83_56
2025/11/08 14:46:50 INFO session updated token=cca43d68-a890-4889-a66c-eed93ff3ad75 tableID=0xc00030aef0 seatIndex=0xc000300f80
2025/11/08 14:46:50 INFO session removed token=cca43d68-a890-4889-a66c-eed93ff3ad75
2025/11/08 14:46:50 INFO session created token=9898065d-a8e0-4492-a38f-7b528eb23866 name=User_83_57
2025/11/08 14:46:50 INFO session updated token=9898065d-a8e0-4492-a38f-7b528eb23866 tableID=0xc00030af40 seatIndex=0xc000300fd0
2025/11/08 14:46:50 INFO session removed token=9898065d-a8e0-4492-a38f-7b528eb23866
2025/11/08 14:46:50 INFO session created token=8cb73801-5e7a-460a-a60f-5cb9c477dad7 name=User_83_58
2025/11/08 14:46:50 INFO session updated token=8cb73801-5e7a-460a-a60f-5cb9c477dad7 tableID=0xc00030af90 seatIndex=0xc000301020
2025/11/08 14:46:50 INFO session removed token=8cb73801-5e7a-460a-a60f-5cb9c477dad7
2025/11/08 14:46:50 INFO session created token=a93da5c2-5d2b-4274-a0bc-ee75832ec623 name=User_83_59
2025/11/08 14:46:50 INFO session updated token=a93da5c2-5d2b-4274-a0bc-ee75832ec623 tableID=0xc00030afe0 seatIndex=0xc000301070
2025/11/08 14:46:50 INFO session removed token=a93da5c2-5d2b-4274-a0bc-ee75832ec623
2025/11/08 14:46:50 INFO session created token=5348e705-d01d-44b3-8138-95857a81a066 name=User_83_60
2025/11/08 14:46:50 INFO session updated token=5348e705-d01d-44b3-8138-95857a81a066 tableID=0xc00030b030 seatIndex=0xc0003010c0
2025/11/08 14:46:50 INFO session removed token=5348e705-d01d-44b3-8138-95857a81a066
2025/11/08 14:46:50 INFO session created token=989e502b-5ee7-41f8-942a-33c217ee33f8 name=User_83_61
2025/11/08 14:46:50 INFO session updated token=989e502b-5ee7-41f8-942a-33c217ee33f8 tableID=0xc00030b080 seatIndex=0xc000301110
2025/11/08 14:46:50 INFO session removed token=989e502b-5ee7-41f8-942a-33c217ee33f8
2025/11/08 14:46:50 INFO session created token=ccfe4573-c902-432f-b949-deab554c01f3 name=User_83_62
2025/11/08 14:46:50 INFO session updated token=ccfe4573-c902-432f-b949-deab554c01f3 tableID=0xc00030b0d0 seatIndex=0xc000301160
2025/11/08 14:46:50 INFO session removed token=ccfe4573-c902-432f-b949-deab554c01f3
2025/11/08 14:46:50 INFO session created token=50dd41bf-8dc2-4717-a6ef-79852bc8cca0 name=User_83_63
2025/11/08 14:46:50 INFO session updated token=50dd41bf-8dc2-4717-a6ef-79852bc8cca0 tableID=0xc00030b120 seatIndex=0xc0003011b0
2025/11/08 14:46:50 INFO session removed token=50dd41bf-8dc2-4717-a6ef-79852bc8cca0
2025/11/08 14:46:50 INFO session created token=8b8ecd08-4f9c-48f8-9908-850c589d2f9f name=User_83_64
2025/11/08 14:46:50 INFO session updated token=8b8ecd08-4f9c-48f8-9908-850c589d2f9f tableID=0xc00030b170 seatIndex=0xc000301200
2025/11/08 14:46:50 INFO session removed token=8b8ecd08-4f9c-48f8-9908-850c589d2f9f
2025/11/08 14:46:50 INFO session created token=b4f9a41a-e03a-4fb5-b500-bffb94df1765 name=User_83_65
2025/11/08 14:46:50 INFO session updated token=b4f9a41a-e03a-4fb5-b500-bffb94df1765 tableID=0xc00030b1c0 seatIndex=0xc000301250
2025/11/08 14:46:50 INFO session removed token=b4f9a41a-e03a-4fb5-b500-bffb94df1765
2025/11/08 14:46:50 INFO session created token=cfb8cb8c-e86c-4540-ba95-ce036cc60a1a name=User_83_66
2025/11/08 14:46:50 INFO session updated token=cfb8cb8c-e86c-4540-ba95-ce036cc60a1a tableID=0xc00030b210 seatIndex=0xc0003012a0
2025/11/08 14:46:50 INFO session removed token=cfb8cb8c-e86c-4540-ba95-ce036cc60a1a
2025/11/08 14:46:50 INFO session created token=9aa087a0-b081-46e1-9ecf-11166a17bbee name=User_83_67
2025/11/08 14:46:50 INFO session updated token=9aa087a0-b081-46e1-9ecf-11166a17bbee tableID=0xc00030b260 seatIndex=0xc0003012f0
2025/11/08 14:46:50 INFO session removed token=9aa087a0-b081-46e1-9ecf-11166a17bbee
2025/11/08 14:46:50 INFO session created token=f6f0aed4-ddec-402d-ae84-be787e2e5394 name=User_83_68
2025/11/08 14:46:50 INFO session updated token=f6f0aed4-ddec-402d-ae84-be787e2e5394 tableID=0xc00030b2b0 seatIndex=0xc000301340
2025/11/08 14:46:50 INFO session removed token=f6f0aed4-ddec-402d-ae84-be787e2e5394
2025/11/08 14:46:50 INFO session created token=16d2eca2-d148-4b81-9a4c-2de2b4157fd1 name=User_83_69
2025/11/08 14:46:50 INFO session updated token=16d2eca2-d148-4b81-9a4c-2de2b4157fd1 tableID=0xc00030b300 seatIndex=0xc000301390
2025/11/08 14:46:50 INFO session removed token=16d2eca2-d148-4b81-9a4c-2de2b4157fd1
2025/11/08 14:46:50 INFO session created token=aa47ea0d-5c16-4875-bd0c-96bfa44c79cc name=User_83_70
2025/11/08 14:46:50 INFO session updated token=aa47ea0d-5c16-4875-bd0c-96bfa44c79cc tableID=0xc00030b350 seatIndex=0xc0003013e0
2025/11/08 14:46:50 INFO session removed token=aa47ea0d-5c16-4875-bd0c-96bfa44c79cc
2025/11/08 14:46:50 INFO session created token=9094e410-4bc4-400c-9e17-9d4d4ddd6d0e name=User_83_71
2025/11/08 14:46:50 INFO session updated token=9094e410-4bc4-400c-9e17-9d4d4ddd6d0e tableID=0xc00030b3a0 seatIndex=0xc000301430
2025/11/08 14:46:50 INFO session removed token=9094e410-4bc4-400c-9e17-9d4d4ddd6d0e
2025/11/08 14:46:50 INFO session created token=60471399-fa7d-4844-928f-1aca29ebbd8f name=User_83_72
2025/11/08 14:46:50 INFO session updated token=60471399-fa7d-4844-928f-1aca29ebbd8f tableID=0xc00030b3f0 seatIndex=0xc000301480
2025/11/08 14:46:50 INFO session removed token=60471399-fa7d-4844-928f-1aca29ebbd8f
2025/11/08 14:46:50 INFO session created token=923a0e5a-a3de-4442-a38a-a0ab10e4305d name=User_83_73
2025/11/08 14:46:50 INFO session updated token=923a0e5a-a3de-4442-a38a-a0ab10e4305d tableID=0xc00030b440 seatIndex=0xc0003014d0
2025/11/08 14:46:50 INFO session removed token=923a0e5a-a3de-4442-a38a-a0ab10e4305d
2025/11/08 14:46:50 INFO session created token=dfe78234-4226-44c6-861d-1a91ee7969b8 name=User_83_74
2025/11/08 14:46:50 INFO session updated token=dfe78234-4226-44c6-861d-1a91ee7969b8 tableID=0xc00030b490 seatIndex=0xc000301520
2025/11/08 14:46:50 INFO session removed token=dfe78234-4226-44c6-861d-1a91ee7969b8
2025/11/08 14:46:50 INFO session created token=e9affed5-6803-480c-a7d6-54133c8402bb name=User_83_75
2025/11/08 14:46:50 INFO session updated token=e9affed5-6803-480c-a7d6-54133c8402bb tableID=0xc00030b4e0 seatIndex=0xc000301570
2025/11/08 14:46:50 INFO session removed token=e9affed5-6803-480c-a7d6-54133c8402bb
2025/11/08 14:46:50 INFO session created token=b147988e-e114-433c-8476-e3d0f7c8e873 name=User_83_76
2025/11/08 14:46:50 INFO session updated token=b147988e-e114-433c-8476-e3d0f7c8e873 tableID=0xc00030b530 seatIndex=0xc0003015c0
2025/11/08 14:46:50 INFO session removed token=b147988e-e114-433c-8476-e3d0f7c8e873
2025/11/08 14:46:50 INFO session created token=3efa7567-5b5b-436b-865e-965f8f2fd48e name=User_83_77
2025/11/08 14:46:50 INFO session updated token=3efa7567-5b5b-436b-865e-965f8f2fd48e tableID=0xc00030b580 seatIndex=0xc000301610
2025/11/08 14:46:50 INFO session removed token=3efa7567-5b5b-436b-865e-965f8f2fd48e
2025/11/08 14:46:50 INFO session created token=76cb7ea8-b337-4a0d-a60f-e31fe7d2a393 name=User_83_78
2025/11/08 14:46:50 INFO session updated token=76cb7ea8-b337-4a0d-a60f-e31fe7d2a393 tableID=0xc00030b5d0 seatIndex=0xc000301660
2025/11/08 14:46:50 INFO session removed token=76cb7ea8-b337-4a0d-a60f-e31fe7d2a393
2025/11/08 14:46:50 INFO session created token=9d38d696-c963-41b6-9d98-36925041b348 name=User_83_79
2025/11/08 14:46:50 INFO session updated token=9d38d696-c963-41b6-9d98-36925041b348 tableID=0xc00030b620 seatIndex=0xc0003016b0
2025/11/08 14:46:50 INFO session removed token=9d38d696-c963-41b6-9d98-36925041b348
2025/11/08 14:46:50 INFO session created token=fa928984-1be8-4bfa-80ef-a23ce7ebd5c9 name=User_83_80
2025/11/08 14:46:50 INFO session updated token=fa928984-1be8-4bfa-80ef-a23ce7ebd5c9 tableID=0xc00030b670 seatIndex=0xc000301700
2025/11/08 14:46:50 INFO session removed token=fa928984-1be8-4bfa-80ef-a23ce7ebd5c9
2025/11/08 14:46:50 INFO session created token=2357b21d-d0f3-4442-b9c5-e0c0f8f58f9d name=User_83_81
2025/11/08 14:46:50 INFO session updated token=2357b21d-d0f3-4442-b9c5-e0c0f8f58f9d tableID=0xc00030b6c0 seatIndex=0xc000301750
2025/11/08 14:46:50 INFO session removed token=2357b21d-d0f3-4442-b9c5-e0c0f8f58f9d
2025/11/08 14:46:50 INFO session created token=e11de158-e802-408b-85ba-632a67ca25d1 name=User_83_82
2025/11/08 14:46:50 INFO session updated token=e11de158-e802-408b-85ba-632a67ca25d1 tableID=0xc00030b710 seatIndex=0xc0003017a0
2025/11/08 14:46:50 INFO session removed token=e11de158-e802-408b-85ba-632a67ca25d1
2025/11/08 14:46:50 INFO session created token=1c040feb-81fd-496e-b664-28626bab2d1f name=User_83_83
2025/11/08 14:46:50 INFO session updated token=1c040feb-81fd-496e-b664-28626bab2d1f tableID=0xc00030b760 seatIndex=0xc0003017f0
2025/11/08 14:46:50 INFO session removed token=1c040feb-81fd-496e-b664-28626bab2d1f
2025/11/08 14:46:50 INFO session created token=95e374f3-4c61-40dd-a46d-6cb6d3fdef8b name=User_83_84
2025/11/08 14:46:50 INFO session updated token=95e374f3-4c61-40dd-a46d-6cb6d3fdef8b tableID=0xc00030b7b0 seatIndex=0xc000301840
2025/11/08 14:46:50 INFO session removed token=95e374f3-4c61-40dd-a46d-6cb6d3fdef8b
2025/11/08 14:46:50 INFO session created token=b4f39dc7-c049-416c-82f4-1b41b5291eae name=User_83_85
2025/11/08 14:46:50 INFO session updated token=b4f39dc7-c049-416c-82f4-1b41b5291eae tableID=0xc00030b800 seatIndex=0xc000301890
2025/11/08 14:46:50 INFO session removed token=b4f39dc7-c049-416c-82f4-1b41b5291eae
2025/11/08 14:46:50 INFO session created token=0b6d8c01-b214-4747-af5c-5c7a79795d2c name=User_83_86
2025/11/08 14:46:50 INFO session updated token=0b6d8c01-b214-4747-af5c-5c7a79795d2c tableID=0xc00030b850 seatIndex=0xc0003018e0
2025/11/08 14:46:50 INFO session removed token=0b6d8c01-b214-4747-af5c-5c7a79795d2c
2025/11/08 14:46:50 INFO session created token=4830628b-6d8b-4e4e-ae19-3a5d53d8e076 name=User_83_87
2025/11/08 14:46:50 INFO session updated token=4830628b-6d8b-4e4e-ae19-3a5d53d8e076 tableID=0xc00030b8a0 seatIndex=0xc000301930
2025/11/08 14:46:50 INFO session removed token=4830628b-6d8b-4e4e-ae19-3a5d53d8e076
2025/11/08 14:46:50 INFO session created token=90ea4ddc-9818-45fb-aac2-003aadd05ee9 name=User_83_88
2025/11/08 14:46:50 INFO session updated token=90ea4ddc-9818-45fb-aac2-003aadd05ee9 tableID=0xc00030b8f0 seatIndex=0xc000301980
2025/11/08 14:46:50 INFO session removed token=90ea4ddc-9818-45fb-aac2-003aadd05ee9
2025/11/08 14:46:50 INFO session created token=81251a26-37f3-4068-bd4b-41367d5b1f28 name=User_83_89
2025/11/08 14:46:50 INFO session updated token=81251a26-37f3-4068-bd4b-41367d5b1f28 tableID=0xc00030b940 seatIndex=0xc0003019d0
2025/11/08 14:46:50 INFO session removed token=81251a26-37f3-4068-bd4b-41367d5b1f28
2025/11/08 14:46:50 INFO session created token=dc5f17b7-5008-42bf-9c5e-b2dccbd5c336 name=User_83_90
2025/11/08 14:46:50 INFO session updated token=dc5f17b7-5008-42bf-9c5e-b2dccbd5c336 tableID=0xc00030b990 seatIndex=0xc000301a20
2025/11/08 14:46:50 INFO session removed token=dc5f17b7-5008-42bf-9c5e-b2dccbd5c336
2025/11/08 14:46:50 INFO session created token=809f6eb9-562e-47de-99dc-f2fcaeb3f368 name=User_83_91
2025/11/08 14:46:50 INFO session updated token=809f6eb9-562e-47de-99dc-f2fcaeb3f368 tableID=0xc00030b9e0 seatIndex=0xc000301a70
2025/11/08 14:46:50 INFO session removed token=809f6eb9-562e-47de-99dc-f2fcaeb3f368
2025/11/08 14:46:50 INFO session created token=037e2b69-aee3-4c8d-9bed-38fbdb5224c4 name=User_83_92
2025/11/08 14:46:50 INFO session updated token=037e2b69-aee3-4c8d-9bed-38fbdb5224c4 tableID=0xc00030ba30 seatIndex=0xc000301ac0
2025/11/08 14:46:50 INFO session removed token=037e2b69-aee3-4c8d-9bed-38fbdb5224c4
2025/11/08 14:46:50 INFO session created token=25d44152-4f4a-4477-933d-1d291542fff3 name=User_83_93
2025/11/08 14:46:50 INFO session updated token=25d44152-4f4a-4477-933d-1d291542fff3 tableID=0xc00030ba80 seatIndex=0xc000301b10
2025/11/08 14:46:50 INFO session removed token=25d44152-4f4a-4477-933d-1d291542fff3
2025/11/08 14:46:50 INFO session created token=6860685d-95c3-44e3-a5ac-4d5f617be152 name=User_83_94
2025/11/08 14:46:50 INFO session updated token=6860685d-95c3-44e3-a5ac-4d5f617be152 tableID=0xc00030bad0 seatIndex=0xc000301b60
2025/11/08 14:46:50 INFO session removed token=6860685d-95c3-44e3-a5ac-4d5f617be152
2025/11/08 14:46:50 INFO session created token=6f1f9b21-3c81-44b0-b332-37f30372d0f8 name=User_83_95
2025/11/08 14:46:50 INFO session updated token=6f1f9b21-3c81-44b0-b332-37f30372d0f8 tableID=0xc00030bb20 seatIndex=0xc000301bb0
2025/11/08 14:46:50 INFO session removed token=6f1f9b21-3c81-44b0-b332-37f30372d0f8
2025/11/08 14:46:50 INFO session created token=218be814-fcc0-4705-9e2b-f5da08e18446 name=User_83_96
2025/11/08 14:46:50 INFO session updated token=218be814-fcc0-4705-9e2b-f5da08e18446 tableID=0xc00030bb70 seatIndex=0xc000301c00
2025/11/08 14:46:50 INFO session removed token=218be814-fcc0-4705-9e2b-f5da08e18446
2025/11/08 14:46:50 INFO session created token=35191a81-7cd9-49b6-a4ab-bb45fc89697c name=User_83_97
2025/11/08 14:46:50 INFO session updated token=35191a81-7cd9-49b6-a4ab-bb45fc89697c tableID=0xc00030bbc0 seatIndex=0xc000301c50
2025/11/08 14:46:50 INFO session removed token=35191a81-7cd9-49b6-a4ab-bb45fc89697c
2025/11/08 14:46:50 INFO session created token=33b46889-5644-461a-9a76-8414cf7ee5c1 name=User_83_98
2025/11/08 14:46:50 INFO session updated token=33b46889-5644-461a-9a76-8414cf7ee5c1 tableID=0xc00030bc10 seatIndex=0xc000301ca0
2025/11/08 14:46:50 INFO session removed token=33b46889-5644-461a-9a76-8414cf7ee5c1
2025/11/08 14:46:50 INFO session created token=8ce52423-1780-4ea0-9e14-db1ec0f9c6f8 name=User_83_99
2025/11/08 14:46:50 INFO session updated token=8ce52423-1780-4ea0-9e14-db1ec0f9c6f8 tableID=0xc00030bc60 seatIndex=0xc000301cf0
2025/11/08 14:46:50 INFO session removed token=8ce52423-1780-4ea0-9e14-db1ec0f9c6f8
2025/11/08 14:46:50 INFO session created token=16be8819-92a8-4414-b928-70f34d3cee47 name=User_32_24
2025/11/08 14:46:50 INFO session updated token=16be8819-92a8-4414-b928-70f34d3cee47 tableID=0xc00030bcb0 seatIndex=0xc000301d20
2025/11/08 14:46:50 INFO session removed token=16be8819-92a8-4414-b928-70f34d3cee47
2025/11/08 14:46:50 INFO session created token=5b2e873e-f27c-45ac-a614-4195ffa6f696 name=User_32_25
2025/11/08 14:46:50 INFO session updated token=5b2e873e-f27c-45ac-a614-4195ffa6f696 tableID=0xc00030bd00 seatIndex=0xc000301d70
2025/11/08 14:46:50 INFO session removed token=5b2e873e-f27c-45ac-a614-4195ffa6f696
2025/11/08 14:46:50 INFO session created token=46ca5d6b-fb69-4d1b-9184-848bd13c7925 name=User_32_26
2025/11/08 14:46:50 INFO session updated token=46ca5d6b-fb69-4d1b-9184-848bd13c7925 tableID=0xc00030bd50 seatIndex=0xc000301dc0
2025/11/08 14:46:50 INFO session removed token=46ca5d6b-fb69-4d1b-9184-848bd13c7925
2025/11/08 14:46:50 INFO session created token=2a4bf361-2c5c-47f5-b775-cbbf6ab1c4a1 name=User_32_27
2025/11/08 14:46:50 INFO session updated token=2a4bf361-2c5c-47f5-b775-cbbf6ab1c4a1 tableID=0xc00030bda0 seatIndex=0xc000301e10
2025/11/08 14:46:50 INFO session removed token=2a4bf361-2c5c-47f5-b775-cbbf6ab1c4a1
2025/11/08 14:46:50 INFO session created token=7edb46b0-e32c-44f1-b054-e66facb629eb name=User_32_28
2025/11/08 14:46:50 INFO session updated token=7edb46b0-e32c-44f1-b054-e66facb629eb tableID=0xc00030bdf0 seatIndex=0xc000301e60
2025/11/08 14:46:50 INFO session removed token=7edb46b0-e32c-44f1-b054-e66facb629eb
2025/11/08 14:46:50 INFO session created token=bd277bfb-bb64-4c86-87dd-9df382723fd8 name=User_32_29
2025/11/08 14:46:50 INFO session updated token=bd277bfb-bb64-4c86-87dd-9df382723fd8 tableID=0xc00030be40 seatIndex=0xc000301eb0
2025/11/08 14:46:50 INFO session removed token=bd277bfb-bb64-4c86-87dd-9df382723fd8
2025/11/08 14:46:50 INFO session created token=21770dab-c7a2-42a4-a67a-183316e9140f name=User_32_30
2025/11/08 14:46:50 INFO session updated token=21770dab-c7a2-42a4-a67a-183316e9140f tableID=0xc00030be90 seatIndex=0xc000301f00
2025/11/08 14:46:50 INFO session removed token=21770dab-c7a2-42a4-a67a-183316e9140f
2025/11/08 14:46:50 INFO session created token=e9b4abe3-6774-4d0a-9c40-33bd1a416999 name=User_32_31
2025/11/08 14:46:50 INFO session updated token=e9b4abe3-6774-4d0a-9c40-33bd1a416999 tableID=0xc00030bee0 seatIndex=0xc000301f50
2025/11/08 14:46:50 INFO session removed token=e9b4abe3-6774-4d0a-9c40-33bd1a416999
2025/11/08 14:46:50 INFO session created token=94b96209-b1cb-43dd-aa06-c51e85b7aedb name=User_32_32
2025/11/08 14:46:50 INFO session updated token=94b96209-b1cb-43dd-aa06-c51e85b7aedb tableID=0xc00030bf30 seatIndex=0xc000301fa0
2025/11/08 14:46:50 INFO session removed token=94b96209-b1cb-43dd-aa06-c51e85b7aedb
2025/11/08 14:46:50 INFO session created token=2aea07ef-810b-4f8b-9990-02ad93b42958 name=User_32_33
2025/11/08 14:46:50 INFO session updated token=2aea07ef-810b-4f8b-9990-02ad93b42958 tableID=0xc000320000 seatIndex=0xc000301ff0
2025/11/08 14:46:50 INFO session removed token=2aea07ef-810b-4f8b-9990-02ad93b42958
2025/11/08 14:46:50 INFO session created token=3d467863-1bc2-4d23-9f15-de61abff8f01 name=User_32_34
2025/11/08 14:46:50 INFO session updated token=3d467863-1bc2-4d23-9f15-de61abff8f01 tableID=0xc000320050 seatIndex=0xc000322040
2025/11/08 14:46:50 INFO session removed token=3d467863-1bc2-4d23-9f15-de61abff8f01
2025/11/08 14:46:50 INFO session created token=dcbefeda-4416-4696-896d-0a3a5a5be28e name=User_32_35
2025/11/08 14:46:50 INFO session updated token=dcbefeda-4416-4696-896d-0a3a5a5be28e tableID=0xc0003200a0 seatIndex=0xc000322090
2025/11/08 14:46:50 INFO session removed token=dcbefeda-4416-4696-896d-0a3a5a5be28e
2025/11/08 14:46:50 INFO session created token=6add6af5-d116-4ecb-9d70-706be993de78 name=User_32_36
2025/11/08 14:46:50 INFO session updated token=6add6af5-d116-4ecb-9d70-706be993de78 tableID=0xc0003200f0 seatIndex=0xc0003220e0
2025/11/08 14:46:50 INFO session removed token=6add6af5-d116-4ecb-9d70-706be993de78
2025/11/08 14:46:50 INFO session created token=0f93178e-0ddb-4779-b7d3-b186a18de700 name=User_32_37
2025/11/08 14:46:50 INFO session updated token=0f93178e-0ddb-4779-b7d3-b186a18de700 tableID=0xc000320140 seatIndex=0xc000322130
2025/11/08 14:46:50 INFO session removed token=0f93178e-0ddb-4779-b7d3-b186a18de700
2025/11/08 14:46:50 INFO session created token=3c752c9b-7b30-4829-9086-ae2a10372b37 name=User_32_38
2025/11/08 14:46:50 INFO session updated token=3c752c9b-7b30-4829-9086-ae2a10372b37 tableID=0xc000320190 seatIndex=0xc000322180
2025/11/08 14:46:50 INFO session removed token=3c752c9b-7b30-4829-9086-ae2a10372b37
2025/11/08 14:46:50 INFO session created token=d87af733-78fa-4bc8-93d1-1cef268739e0 name=User_32_39
2025/11/08 14:46:50 INFO session updated token=d87af733-78fa-4bc8-93d1-1cef268739e0 tableID=0xc0003201e0 seatIndex=0xc0003221d0
2025/11/08 14:46:50 INFO session removed token=d87af733-78fa-4bc8-93d1-1cef268739e0
2025/11/08 14:46:50 INFO session created token=8e5ecaed-5396-48f6-9089-df664034130a name=User_32_40
2025/11/08 14:46:50 INFO session updated token=8e5ecaed-5396-48f6-9089-df664034130a tableID=0xc000320230 seatIndex=0xc000322220
2025/11/08 14:46:50 INFO session removed token=8e5ecaed-5396-48f6-9089-df664034130a
2025/11/08 14:46:50 INFO session created token=3b9375cf-835a-40b2-b22d-875cea7c3b76 name=User_32_41
2025/11/08 14:46:50 INFO session updated token=3b9375cf-835a-40b2-b22d-875cea7c3b76 tableID=0xc000320280 seatIndex=0xc000322270
2025/11/08 14:46:50 INFO session removed token=3b9375cf-835a-40b2-b22d-875cea7c3b76
2025/11/08 14:46:50 INFO session created token=715e90c5-a188-4832-b2e4-cd26b72d12d1 name=User_32_42
2025/11/08 14:46:50 INFO session updated token=715e90c5-a188-4832-b2e4-cd26b72d12d1 tableID=0xc0003202d0 seatIndex=0xc0003222c0
2025/11/08 14:46:50 INFO session removed token=715e90c5-a188-4832-b2e4-cd26b72d12d1
2025/11/08 14:46:50 INFO session created token=27754053-fabf-4978-bcd7-85a846779884 name=User_32_43
2025/11/08 14:46:50 INFO session updated token=27754053-fabf-4978-bcd7-85a846779884 tableID=0xc000320320 seatIndex=0xc000322310
2025/11/08 14:46:50 INFO session removed token=27754053-fabf-4978-bcd7-85a846779884
2025/11/08 14:46:50 INFO session created token=c683a6a8-2166-492b-a066-ae4b117d926c name=User_32_44
2025/11/08 14:46:50 INFO session updated token=c683a6a8-2166-492b-a066-ae4b117d926c tableID=0xc000320370 seatIndex=0xc000322360
2025/11/08 14:46:50 INFO session removed token=c683a6a8-2166-492b-a066-ae4b117d926c
2025/11/08 14:46:50 INFO session created token=ac66ce97-0572-4e90-b13d-9cc0e276a4a6 name=User_32_45
2025/11/08 14:46:50 INFO session updated token=ac66ce97-0572-4e90-b13d-9cc0e276a4a6 tableID=0xc0003203c0 seatIndex=0xc0003223b0
2025/11/08 14:46:50 INFO session removed token=ac66ce97-0572-4e90-b13d-9cc0e276a4a6
2025/11/08 14:46:50 INFO session created token=dd31eafb-01f1-4b9a-8910-996895d9186c name=User_32_46
2025/11/08 14:46:50 INFO session updated token=dd31eafb-01f1-4b9a-8910-996895d9186c tableID=0xc000320410 seatIndex=0xc000322400
2025/11/08 14:46:50 INFO session removed token=dd31eafb-01f1-4b9a-8910-996895d9186c
2025/11/08 14:46:50 INFO session created token=dddfa526-99bc-49a6-afbb-5e1b83d698e9 name=User_32_47
2025/11/08 14:46:50 INFO session updated token=dddfa526-99bc-49a6-afbb-5e1b83d698e9 tableID=0xc000320460 seatIndex=0xc000322450
2025/11/08 14:46:50 INFO session removed token=dddfa526-99bc-49a6-afbb-5e1b83d698e9
2025/11/08 14:46:50 INFO session created token=dea5e914-1df5-463f-918f-6a3c4837b930 name=User_32_48
2025/11/08 14:46:50 INFO session updated token=dea5e914-1df5-463f-918f-6a3c4837b930 tableID=0xc0003204b0 seatIndex=0xc0003224a0
2025/11/08 14:46:50 INFO session removed token=dea5e914-1df5-463f-918f-6a3c4837b930
2025/11/08 14:46:50 INFO session created token=b17d2159-f282-487e-9f6d-ebec4fb7d81b name=User_32_49
2025/11/08 14:46:50 INFO session removed token=509437d1-cb7d-4c11-bba7-c6c2dff5ed0b
2025/11/08 14:46:50 INFO session removed token=6d0b772e-5518-4915-b796-7549a1007ae4
2025/11/08 14:46:50 INFO session created token=2eae3a48-3d2a-48da-80f1-833b109a9382 name=User_62_25
2025/11/08 14:46:50 INFO session updated token=2eae3a48-3d2a-48da-80f1-833b109a9382 tableID=0xc0001a9480 seatIndex=0xc0001a1590
2025/11/08 14:46:50 INFO session removed token=2eae3a48-3d2a-48da-80f1-833b109a9382
2025/11/08 14:46:50 INFO session created token=8e406514-e849-46e9-a7ba-6825b6f69641 name=User_62_26
2025/11/08 14:46:50 INFO session updated token=8e406514-e849-46e9-a7ba-6825b6f69641 tableID=0xc0001a94d0 seatIndex=0xc0001a15e0
2025/11/08 14:46:50 INFO session removed token=8e406514-e849-46e9-a7ba-6825b6f69641
2025/11/08 14:46:50 INFO session created token=9052e946-99e6-4bfd-a0b5-903fe6dce4d7 name=User_62_27
2025/11/08 14:46:50 INFO session updated token=9052e946-99e6-4bfd-a0b5-903fe6dce4d7 tableID=0xc0001a9520 seatIndex=0xc0001a1630
2025/11/08 14:46:50 INFO session removed token=9052e946-99e6-4bfd-a0b5-903fe6dce4d7
2025/11/08 14:46:50 INFO session created token=8fbb5b7a-45ff-4eb3-bbc0-a94988a83465 name=User_62_28
2025/11/08 14:46:50 INFO session updated token=8fbb5b7a-45ff-4eb3-bbc0-a94988a83465 tableID=0xc0001a9570 seatIndex=0xc0001a1680
2025/11/08 14:46:50 INFO session removed token=8fbb5b7a-45ff-4eb3-bbc0-a94988a83465
2025/11/08 14:46:50 INFO session created token=ab5f743f-b0a9-4647-849e-e757e2120635 name=User_62_29
2025/11/08 14:46:50 INFO session updated token=ab5f743f-b0a9-4647-849e-e757e2120635 tableID=0xc0001a95c0 seatIndex=0xc0001a16d0
2025/11/08 14:46:50 INFO session removed token=ab5f743f-b0a9-4647-849e-e757e2120635
2025/11/08 14:46:50 INFO session created token=215925b8-1614-421e-aedb-08d502729a18 name=User_62_30
2025/11/08 14:46:50 INFO session updated token=215925b8-1614-421e-aedb-08d502729a18 tableID=0xc0001a9610 seatIndex=0xc0001a1720
2025/11/08 14:46:50 INFO session removed token=215925b8-1614-421e-aedb-08d502729a18
2025/11/08 14:46:50 INFO session created token=da0fb7e1-9301-4df6-a76d-98e3a6ea9f64 name=User_62_31
2025/11/08 14:46:50 INFO session updated token=da0fb7e1-9301-4df6-a76d-98e3a6ea9f64 tableID=0xc0001a9660 seatIndex=0xc0001a1770
2025/11/08 14:46:50 INFO session removed token=da0fb7e1-9301-4df6-a76d-98e3a6ea9f64
2025/11/08 14:46:50 INFO session created token=b34cc170-3809-4173-af85-c25edd8edbbb name=User_62_32
2025/11/08 14:46:50 INFO session updated token=b34cc170-3809-4173-af85-c25edd8edbbb tableID=0xc0001a96b0 seatIndex=0xc0001a17c0
2025/11/08 14:46:50 INFO session removed token=b34cc170-3809-4173-af85-c25edd8edbbb
2025/11/08 14:46:50 INFO session created token=b0bb838c-06a6-47d9-ba49-668a0da6c569 name=User_62_33
2025/11/08 14:46:50 INFO session removed token=67cc6a62-67e3-400a-be11-74f4008fdbf5
2025/11/08 14:46:50 INFO session updated token=b0bb838c-06a6-47d9-ba49-668a0da6c569 tableID=0xc0001a9700 seatIndex=0xc0001a1810
2025/11/08 14:46:50 INFO session removed token=b0bb838c-06a6-47d9-ba49-668a0da6c569
2025/11/08 14:46:50 INFO session created token=96f8f867-be20-42e3-b322-deb3231f6fc6 name=User_62_34
2025/11/08 14:46:50 INFO session updated token=96f8f867-be20-42e3-b322-deb3231f6fc6 tableID=0xc0001a9750 seatIndex=0xc0001a1860
2025/11/08 14:46:50 INFO session removed token=96f8f867-be20-42e3-b322-deb3231f6fc6
2025/11/08 14:46:50 INFO session created token=202a06cb-b427-4f41-b856-42f638b2fbf5 name=User_62_35
2025/11/08 14:46:50 INFO session updated token=202a06cb-b427-4f41-b856-42f638b2fbf5 tableID=0xc0001a97a0 seatIndex=0xc0001a18b0
2025/11/08 14:46:50 INFO session removed token=202a06cb-b427-4f41-b856-42f638b2fbf5
2025/11/08 14:46:50 INFO session created token=585c8653-7a34-4891-9eb1-a76a0d119a34 name=User_62_36
2025/11/08 14:46:50 INFO session updated token=585c8653-7a34-4891-9eb1-a76a0d119a34 tableID=0xc0001a97f0 seatIndex=0xc0001a1900
2025/11/08 14:46:50 INFO session removed token=585c8653-7a34-4891-9eb1-a76a0d119a34
2025/11/08 14:46:50 INFO session created token=794d93c9-4c6b-4e5d-8d6d-388481a23e68 name=User_62_37
2025/11/08 14:46:50 INFO session updated token=794d93c9-4c6b-4e5d-8d6d-388481a23e68 tableID=0xc0001a9840 seatIndex=0xc0001a1950
2025/11/08 14:46:50 INFO session removed token=794d93c9-4c6b-4e5d-8d6d-388481a23e68
2025/11/08 14:46:50 INFO session created token=7d49ebd8-70d7-4f20-89be-9041a72d33da name=User_62_38
2025/11/08 14:46:50 INFO session updated token=7d49ebd8-70d7-4f20-89be-9041a72d33da tableID=0xc0001a9890 seatIndex=0xc0001a19a0
2025/11/08 14:46:50 INFO session removed token=7d49ebd8-70d7-4f20-89be-9041a72d33da
2025/11/08 14:46:50 INFO session removed token=7bf288c7-b5d9-4888-a119-247eb70375f2
2025/11/08 14:46:50 INFO session created token=67359744-9495-4995-98f0-0c1188d90365 name=User_38_17
2025/11/08 14:46:50 INFO session created token=af2cfa52-606e-4767-a3e8-fcbee5ece328 name=User_62_39
2025/11/08 14:46:50 INFO session updated token=67359744-9495-4995-98f0-0c1188d90365 tableID=0xc000320540 seatIndex=0xc000322530
2025/11/08 14:46:50 INFO session removed token=67359744-9495-4995-98f0-0c1188d90365
2025/11/08 14:46:50 INFO session updated token=12c6256c-0b4c-47f0-9e17-0a6ceb89539a tableID=0xc0001a9320 seatIndex=0xc0001a1470
2025/11/08 14:46:50 INFO session updated token=d58f5d4b-22ea-4f07-ae86-c50664e76b4b tableID=0xc00030a660 seatIndex=0xc0003006e0
2025/11/08 14:46:50 INFO session removed token=24b4b364-ad77-496a-8df7-ecbd90863a37
2025/11/08 14:46:50 INFO session removed token=3a6d463f-4b2b-45c7-a3e4-282a6bf3ee39
2025/11/08 14:46:50 INFO session updated token=bfbbe8a1-b3df-403d-90c2-59a769f5ac9d tableID=0xc000000790 seatIndex=0xc0005925b0
2025/11/08 14:46:50 INFO session removed token=f3c41abe-8b06-435d-9731-5998b03d1f63
2025/11/08 14:46:50 INFO session removed token=810281f2-9d56-4420-8ad2-ce36f8db6a94
2025/11/08 14:46:50 INFO session removed token=a41d8148-5e2e-4f01-bbab-9f885c658a82
2025/11/08 14:46:50 INFO session updated token=b44cabf1-185c-4cb2-bb0b-060285c2493d tableID=0xc00030a690 seatIndex=0xc000300730
2025/11/08 14:46:50 INFO session updated token=d722f4ec-4eae-45a0-a502-0f6b1b2ecd61 tableID=0xc00030a6a0 seatIndex=0xc000300740
2025/11/08 14:46:50 INFO session updated token=37096876-4ee9-44ba-b5b7-338597fe301c tableID=0xc0001a9370 seatIndex=0xc0001a1480
2025/11/08 14:46:50 INFO session updated token=528697f3-bfa1-4068-b987-e06eb2d5dce6 tableID=0xc00011bcf0 seatIndex=0xc0005cfb30
2025/11/08 14:46:50 INFO session updated token=f77353e4-c7bf-43cc-84fb-073a48a1d7b3 tableID=0xc00030a6c0 seatIndex=0xc000300770
2025/11/08 14:46:50 INFO session updated token=acc135ca-bc93-4d4c-8c12-950504441f47 tableID=0xc00030a6d0 seatIndex=0xc000300780
2025/11/08 14:46:50 INFO session removed token=a067cb0c-65ce-43f1-a6c3-5ffd771a1acd
2025/11/08 14:46:50 INFO session created token=1f8720be-dccd-44ca-9c26-c082e8891d9e name=User_54_31
2025/11/08 14:46:50 INFO session created token=0e8e7bf9-1822-4097-b255-6521ec84aabd name=User_58_34
2025/11/08 14:46:50 INFO session removed token=bfbbe8a1-b3df-403d-90c2-59a769f5ac9d
2025/11/08 14:46:50 INFO session created token=581146f7-2963-4249-ac39-73cfe6902461 name=User_77_23
2025/11/08 14:46:50 INFO session created token=3d97966f-9e35-4d2e-97dc-34ecc84cddb1 name=User_41_49
2025/11/08 14:46:50 INFO session created token=ef288e4c-34b9-47bb-814b-6967eae9fb92 name=User_73_24
2025/11/08 14:46:50 INFO session removed token=b44cabf1-185c-4cb2-bb0b-060285c2493d
2025/11/08 14:46:50 INFO session created token=29dedea4-5cf8-46aa-a5af-494963a9a485 name=User_97_52
2025/11/08 14:46:50 INFO session removed token=acc135ca-bc93-4d4c-8c12-950504441f47
2025/11/08 14:46:50 INFO session updated token=3d97966f-9e35-4d2e-97dc-34ecc84cddb1 tableID=0xc0000007d0 seatIndex=0xc000592640
2025/11/08 14:46:50 INFO session removed token=3d97966f-9e35-4d2e-97dc-34ecc84cddb1
2025/11/08 14:46:50 INFO session created token=8acb5c78-4f96-4a71-af90-32750d41d067 name=User_41_50
2025/11/08 14:46:50 INFO session updated token=8acb5c78-4f96-4a71-af90-32750d41d067 tableID=0xc000000830 seatIndex=0xc0005926a0
2025/11/08 14:46:50 INFO session removed token=8acb5c78-4f96-4a71-af90-32750d41d067
2025/11/08 14:46:50 INFO session created token=ddd3cfff-d72f-4fe1-9f7b-d30e7346fa6f name=User_41_51
2025/11/08 14:46:50 INFO session updated token=ddd3cfff-d72f-4fe1-9f7b-d30e7346fa6f tableID=0xc000000880 seatIndex=0xc0005926f0
2025/11/08 14:46:50 INFO session removed token=ddd3cfff-d72f-4fe1-9f7b-d30e7346fa6f
2025/11/08 14:46:50 INFO session created token=6666b589-92a2-444f-983e-7b1983a93344 name=User_41_52
2025/11/08 14:46:50 INFO session updated token=6666b589-92a2-444f-983e-7b1983a93344 tableID=0xc0000008d0 seatIndex=0xc000592740
2025/11/08 14:46:50 INFO session removed token=6666b589-92a2-444f-983e-7b1983a93344
2025/11/08 14:46:50 INFO session created token=5ff7201b-d694-4318-b2fb-388395cb031f name=User_41_53
2025/11/08 14:46:50 INFO session updated token=5ff7201b-d694-4318-b2fb-388395cb031f tableID=0xc000000920 seatIndex=0xc000592790
2025/11/08 14:46:50 INFO session removed token=5ff7201b-d694-4318-b2fb-388395cb031f
2025/11/08 14:46:50 INFO session created token=c95ee5ba-3d8c-4371-a374-85650e783f67 name=User_41_54
2025/11/08 14:46:50 INFO session updated token=c95ee5ba-3d8c-4371-a374-85650e783f67 tableID=0xc000000970 seatIndex=0xc0005927e0
2025/11/08 14:46:50 INFO session removed token=c95ee5ba-3d8c-4371-a374-85650e783f67
2025/11/08 14:46:50 INFO session created token=96596fb6-c084-4d64-a986-974248a5bd8f name=User_41_55
2025/11/08 14:46:50 INFO session updated token=96596fb6-c084-4d64-a986-974248a5bd8f tableID=0xc0000009c0 seatIndex=0xc000592830
2025/11/08 14:46:50 INFO session removed token=96596fb6-c084-4d64-a986-974248a5bd8f
2025/11/08 14:46:50 INFO session created token=7761b3a5-94aa-4b08-b6ad-f8d929815206 name=User_41_56
2025/11/08 14:46:50 INFO session updated token=7761b3a5-94aa-4b08-b6ad-f8d929815206 tableID=0xc000000a10 seatIndex=0xc000592880
2025/11/08 14:46:50 INFO session removed token=7761b3a5-94aa-4b08-b6ad-f8d929815206
2025/11/08 14:46:50 INFO session created token=bae5f525-d365-4d2f-b8db-a6a62e40e345 name=User_41_57
2025/11/08 14:46:50 INFO session updated token=bae5f525-d365-4d2f-b8db-a6a62e40e345 tableID=0xc000000a60 seatIndex=0xc0005928d0
2025/11/08 14:46:50 INFO session removed token=bae5f525-d365-4d2f-b8db-a6a62e40e345
2025/11/08 14:46:50 INFO session created token=da9ef2e9-882b-49b4-9aa3-a2dd4c325d55 name=User_41_58
2025/11/08 14:46:50 INFO session updated token=da9ef2e9-882b-49b4-9aa3-a2dd4c325d55 tableID=0xc000000ab0 seatIndex=0xc000592920
2025/11/08 14:46:50 INFO session removed token=da9ef2e9-882b-49b4-9aa3-a2dd4c325d55
2025/11/08 14:46:50 INFO session created token=0e5af03f-fbc9-4ff9-ac90-2bc4af822d7a name=User_41_59
2025/11/08 14:46:50 INFO session updated token=0e5af03f-fbc9-4ff9-ac90-2bc4af822d7a tableID=0xc000000b00 seatIndex=0xc000592970
2025/11/08 14:46:50 INFO session removed token=0e5af03f-fbc9-4ff9-ac90-2bc4af822d7a
2025/11/08 14:46:50 INFO session created token=94d2a011-4bc0-4c8f-9ad6-c3b3c31d8c06 name=User_41_60
2025/11/08 14:46:50 INFO session updated token=94d2a011-4bc0-4c8f-9ad6-c3b3c31d8c06 tableID=0xc000000b50 seatIndex=0xc0005929c0
2025/11/08 14:46:50 INFO session removed token=94d2a011-4bc0-4c8f-9ad6-c3b3c31d8c06
2025/11/08 14:46:50 INFO session created token=6c4c3c38-16ba-40ac-8f13-655d6a000acc name=User_41_61
2025/11/08 14:46:50 INFO session updated token=6c4c3c38-16ba-40ac-8f13-655d6a000acc tableID=0xc000000ba0 seatIndex=0xc000592a10
2025/11/08 14:46:50 INFO session removed token=6c4c3c38-16ba-40ac-8f13-655d6a000acc
2025/11/08 14:46:50 INFO session created token=53e91d35-a932-46b4-a012-7eb61ea22a85 name=User_41_62
2025/11/08 14:46:50 INFO session updated token=53e91d35-a932-46b4-a012-7eb61ea22a85 tableID=0xc000000bf0 seatIndex=0xc000592a60
2025/11/08 14:46:50 INFO session removed token=53e91d35-a932-46b4-a012-7eb61ea22a85
2025/11/08 14:46:50 INFO session created token=5b74a0b3-2c04-4fb3-ab1d-08aae8c6072d name=User_41_63
2025/11/08 14:46:50 INFO session updated token=5b74a0b3-2c04-4fb3-ab1d-08aae8c6072d tableID=0xc000000c40 seatIndex=0xc000592ab0
2025/11/08 14:46:50 INFO session removed token=5b74a0b3-2c04-4fb3-ab1d-08aae8c6072d
2025/11/08 14:46:50 INFO session created token=2e209dbd-dc7d-41c4-9a95-0d74a002b4d4 name=User_41_64
2025/11/08 14:46:50 INFO session updated token=2e209dbd-dc7d-41c4-9a95-0d74a002b4d4 tableID=0xc000000c90 seatIndex=0xc000592b00
2025/11/08 14:46:50 INFO session removed token=2e209dbd-dc7d-41c4-9a95-0d74a002b4d4
2025/11/08 14:46:50 INFO session created token=42713986-8cbe-48f3-9d97-6484ffaa9bd2 name=User_41_65
2025/11/08 14:46:50 INFO session updated token=42713986-8cbe-48f3-9d97-6484ffaa9bd2 tableID=0xc000000ce0 seatIndex=0xc000592b50
2025/11/08 14:46:50 INFO session removed token=42713986-8cbe-48f3-9d97-6484ffaa9bd2
2025/11/08 14:46:50 INFO session created token=afc3745d-da28-426d-af80-6cb1e1ca9a69 name=User_41_66
2025/11/08 14:46:50 INFO session updated token=afc3745d-da28-426d-af80-6cb1e1ca9a69 tableID=0xc000000d30 seatIndex=0xc000592ba0
2025/11/08 14:46:50 INFO session removed token=afc3745d-da28-426d-af80-6cb1e1ca9a69
2025/11/08 14:46:50 INFO session created token=7786245a-13f1-4452-b127-95d7a3c8e3e5 name=User_41_67
2025/11/08 14:46:50 INFO session updated token=7786245a-13f1-4452-b127-95d7a3c8e3e5 tableID=0xc000000d80 seatIndex=0xc000592bf0
2025/11/08 14:46:50 INFO session removed token=7786245a-13f1-4452-b127-95d7a3c8e3e5
2025/11/08 14:46:50 INFO session created token=e6dd3a50-aa5e-43b8-9b16-92a2cbaee44f name=User_41_68
2025/11/08 14:46:50 INFO session updated token=e6dd3a50-aa5e-43b8-9b16-92a2cbaee44f tableID=0xc000000dd0 seatIndex=0xc000592c40
2025/11/08 14:46:50 INFO session removed token=e6dd3a50-aa5e-43b8-9b16-92a2cbaee44f
2025/11/08 14:46:50 INFO session created token=1f4c3cd0-6299-4725-9e40-99e64c0a2e12 name=User_41_69
2025/11/08 14:46:50 INFO session updated token=1f4c3cd0-6299-4725-9e40-99e64c0a2e12 tableID=0xc000000e20 seatIndex=0xc000592c90
2025/11/08 14:46:50 INFO session removed token=1f4c3cd0-6299-4725-9e40-99e64c0a2e12
2025/11/08 14:46:50 INFO session created token=a95e2785-ac21-4661-929c-7474082eae7d name=User_41_70
2025/11/08 14:46:50 INFO session updated token=a95e2785-ac21-4661-929c-7474082eae7d tableID=0xc000000e70 seatIndex=0xc000592ce0
2025/11/08 14:46:50 INFO session removed token=a95e2785-ac21-4661-929c-7474082eae7d
2025/11/08 14:46:50 INFO session created token=301707ae-005d-4fb7-86d9-3a43d1953ce8 name=User_41_71
2025/11/08 14:46:50 INFO session updated token=301707ae-005d-4fb7-86d9-3a43d1953ce8 tableID=0xc000000ec0 seatIndex=0xc000592d30
2025/11/08 14:46:50 INFO session removed token=301707ae-005d-4fb7-86d9-3a43d1953ce8
2025/11/08 14:46:50 INFO session created token=4e3fc543-2590-47f1-b675-2dd6347b651a name=User_41_72
2025/11/08 14:46:50 INFO session updated token=4e3fc543-2590-47f1-b675-2dd6347b651a tableID=0xc000000f10 seatIndex=0xc000592d80
2025/11/08 14:46:50 INFO session removed token=4e3fc543-2590-47f1-b675-2dd6347b651a
2025/11/08 14:46:50 INFO session created token=c2e08e8f-37bb-47e3-be79-aed588dac5de name=User_41_73
2025/11/08 14:46:50 INFO session updated token=c2e08e8f-37bb-47e3-be79-aed588dac5de tableID=0xc000000f60 seatIndex=0xc000592dd0
2025/11/08 14:46:50 INFO session removed token=c2e08e8f-37bb-47e3-be79-aed588dac5de
2025/11/08 14:46:50 INFO session created token=424d7ba1-72f6-48db-b89c-4a11e448eb00 name=User_41_74
2025/11/08 14:46:50 INFO session updated token=424d7ba1-72f6-48db-b89c-4a11e448eb00 tableID=0xc000000fb0 seatIndex=0xc000592e20
2025/11/08 14:46:50 INFO session removed token=424d7ba1-72f6-48db-b89c-4a11e448eb00
2025/11/08 14:46:50 INFO session created token=52db375b-b793-42ec-9ea2-4be5c2421dcb name=User_41_75
2025/11/08 14:46:50 INFO session updated token=52db375b-b793-42ec-9ea2-4be5c2421dcb tableID=0xc000001000 seatIndex=0xc000592e70
2025/11/08 14:46:50 INFO session removed token=52db375b-b793-42ec-9ea2-4be5c2421dcb
2025/11/08 14:46:50 INFO session created token=78a6c1a6-4ffc-4ba3-99d6-cf6c0b4c6f63 name=User_41_76
2025/11/08 14:46:50 INFO session updated token=78a6c1a6-4ffc-4ba3-99d6-cf6c0b4c6f63 tableID=0xc000001050 seatIndex=0xc000592ec0
2025/11/08 14:46:50 INFO session removed token=78a6c1a6-4ffc-4ba3-99d6-cf6c0b4c6f63
2025/11/08 14:46:50 INFO session created token=9e192ad5-53a9-4eb9-8308-ea3ac697590c name=User_41_77
2025/11/08 14:46:50 INFO session updated token=9e192ad5-53a9-4eb9-8308-ea3ac697590c tableID=0xc0000010a0 seatIndex=0xc000592f10
2025/11/08 14:46:50 INFO session removed token=9e192ad5-53a9-4eb9-8308-ea3ac697590c
2025/11/08 14:46:50 INFO session created token=2095288d-afa4-46c3-bc25-26c3f38d80c7 name=User_41_78
2025/11/08 14:46:50 INFO session updated token=2095288d-afa4-46c3-bc25-26c3f38d80c7 tableID=0xc0000010f0 seatIndex=0xc000592f60
2025/11/08 14:46:50 INFO session removed token=2095288d-afa4-46c3-bc25-26c3f38d80c7
2025/11/08 14:46:50 INFO session created token=9d17b1d2-fd38-45c9-995d-29a1df3e7e9d name=User_41_79
2025/11/08 14:46:50 INFO session updated token=9d17b1d2-fd38-45c9-995d-29a1df3e7e9d tableID=0xc000001140 seatIndex=0xc000592fb0
2025/11/08 14:46:50 INFO session removed token=9d17b1d2-fd38-45c9-995d-29a1df3e7e9d
2025/11/08 14:46:50 INFO session created token=95df48cd-32c9-4f6e-b87f-daa48dde53ce name=User_41_80
2025/11/08 14:46:50 INFO session updated token=95df48cd-32c9-4f6e-b87f-daa48dde53ce tableID=0xc000001190 seatIndex=0xc000593000
2025/11/08 14:46:50 INFO session removed token=95df48cd-32c9-4f6e-b87f-daa48dde53ce
2025/11/08 14:46:50 INFO session created token=675b83e1-a9a5-4b29-8a7d-e5c2e34cc438 name=User_41_81
2025/11/08 14:46:50 INFO session updated token=675b83e1-a9a5-4b29-8a7d-e5c2e34cc438 tableID=0xc0000011e0 seatIndex=0xc000593050
2025/11/08 14:46:50 INFO session removed token=675b83e1-a9a5-4b29-8a7d-e5c2e34cc438
2025/11/08 14:46:50 INFO session created token=0eda1e77-ba52-4183-b5d3-e1585fa0ee42 name=User_41_82
2025/11/08 14:46:50 INFO session updated token=0eda1e77-ba52-4183-b5d3-e1585fa0ee42 tableID=0xc000001230 seatIndex=0xc0005930a0
2025/11/08 14:46:50 INFO session removed token=0eda1e77-ba52-4183-b5d3-e1585fa0ee42
2025/11/08 14:46:50 INFO session created token=2a7e6af8-9fb4-4888-86d8-2d40804e5975 name=User_41_83
2025/11/08 14:46:50 INFO session updated token=2a7e6af8-9fb4-4888-86d8-2d40804e5975 tableID=0xc000001280 seatIndex=0xc0005930f0
2025/11/08 14:46:50 INFO session removed token=2a7e6af8-9fb4-4888-86d8-2d40804e5975
2025/11/08 14:46:50 INFO session created token=765b7bf0-5c08-4a74-861c-71639bf760f7 name=User_41_84
2025/11/08 14:46:50 INFO session updated token=765b7bf0-5c08-4a74-861c-71639bf760f7 tableID=0xc0000012d0 seatIndex=0xc000593140
2025/11/08 14:46:50 INFO session removed token=765b7bf0-5c08-4a74-861c-71639bf760f7
2025/11/08 14:46:50 INFO session created token=fb313f3d-9cc3-4061-9faf-b1cd59bad067 name=User_41_85
2025/11/08 14:46:50 INFO session updated token=fb313f3d-9cc3-4061-9faf-b1cd59bad067 tableID=0xc000001320 seatIndex=0xc000593190
2025/11/08 14:46:50 INFO session removed token=fb313f3d-9cc3-4061-9faf-b1cd59bad067
2025/11/08 14:46:50 INFO session created token=2835e9e9-206c-4a26-a7df-9bb5fcd1a4e9 name=User_41_86
2025/11/08 14:46:50 INFO session updated token=2835e9e9-206c-4a26-a7df-9bb5fcd1a4e9 tableID=0xc000001370 seatIndex=0xc0005931e0
2025/11/08 14:46:50 INFO session removed token=2835e9e9-206c-4a26-a7df-9bb5fcd1a4e9
2025/11/08 14:46:50 INFO session created token=263b155c-c348-4622-b09d-d0d7488c6776 name=User_41_87
2025/11/08 14:46:50 INFO session updated token=263b155c-c348-4622-b09d-d0d7488c6776 tableID=0xc0000013c0 seatIndex=0xc000593230
2025/11/08 14:46:50 INFO session removed token=263b155c-c348-4622-b09d-d0d7488c6776
2025/11/08 14:46:50 INFO session created token=4d7cbcc1-b18e-4835-8093-fa2bd6c30e19 name=User_41_88
2025/11/08 14:46:50 INFO session updated token=4d7cbcc1-b18e-4835-8093-fa2bd6c30e19 tableID=0xc000001410 seatIndex=0xc000593280
2025/11/08 14:46:50 INFO session removed token=4d7cbcc1-b18e-4835-8093-fa2bd6c30e19
2025/11/08 14:46:50 INFO session created token=ae3c76ed-234d-4d9e-8603-494b9d9bc681 name=User_41_89
2025/11/08 14:46:50 INFO session updated token=ae3c76ed-234d-4d9e-8603-494b9d9bc681 tableID=0xc000001460 seatIndex=0xc0005932d0
2025/11/08 14:46:50 INFO session removed token=ae3c76ed-234d-4d9e-8603-494b9d9bc681
2025/11/08 14:46:50 INFO session created token=008a8564-f8a2-4502-800e-15e40e0cab7a name=User_41_90
2025/11/08 14:46:50 INFO session updated token=008a8564-f8a2-4502-800e-15e40e0cab7a tableID=0xc0000014b0 seatIndex=0xc000593320
2025/11/08 14:46:50 INFO session removed token=008a8564-f8a2-4502-800e-15e40e0cab7a
2025/11/08 14:46:50 INFO session created token=f8f3d86b-8769-45d3-bf18-14ffd77fb70d name=User_41_91
2025/11/08 14:46:50 INFO session updated token=f8f3d86b-8769-45d3-bf18-14ffd77fb70d tableID=0xc000001500 seatIndex=0xc000593370
2025/11/08 14:46:50 INFO session removed token=f8f3d86b-8769-45d3-bf18-14ffd77fb70d
2025/11/08 14:46:50 INFO session created token=6499c23e-d6eb-40a2-9022-4295ff31626a name=User_41_92
2025/11/08 14:46:50 INFO session updated token=6499c23e-d6eb-40a2-9022-4295ff31626a tableID=0xc000001550 seatIndex=0xc0005933c0
2025/11/08 14:46:50 INFO session removed token=6499c23e-d6eb-40a2-9022-4295ff31626a
2025/11/08 14:46:50 INFO session created token=c791b330-5ea0-4646-baf4-5a13e644b246 name=User_41_93
2025/11/08 14:46:50 INFO session updated token=c791b330-5ea0-4646-baf4-5a13e644b246 tableID=0xc0000015a0 seatIndex=0xc000593410
2025/11/08 14:46:50 INFO session removed token=c791b330-5ea0-4646-baf4-5a13e644b246
2025/11/08 14:46:50 INFO session created token=6abde04c-0f65-4fe8-b7ed-a21c0223dbc7 name=User_41_94
2025/11/08 14:46:50 INFO session updated token=6abde04c-0f65-4fe8-b7ed-a21c0223dbc7 tableID=0xc0000015f0 seatIndex=0xc000593460
2025/11/08 14:46:50 INFO session removed token=6abde04c-0f65-4fe8-b7ed-a21c0223dbc7
2025/11/08 14:46:50 INFO session created token=b5ed63e1-63ee-48b6-9053-fd7e339b1452 name=User_41_95
2025/11/08 14:46:50 INFO session updated token=b5ed63e1-63ee-48b6-9053-fd7e339b1452 tableID=0xc000001640 seatIndex=0xc0005934b0
2025/11/08 14:46:50 INFO session removed token=b5ed63e1-63ee-48b6-9053-fd7e339b1452
2025/11/08 14:46:50 INFO session created token=a32a0fbf-d831-4e7d-8553-51c9e7efada4 name=User_41_96
2025/11/08 14:46:50 INFO session updated token=a32a0fbf-d831-4e7d-8553-51c9e7efada4 tableID=0xc000001690 seatIndex=0xc000593500
2025/11/08 14:46:50 INFO session removed token=a32a0fbf-d831-4e7d-8553-51c9e7efada4
2025/11/08 14:46:50 INFO session created token=d000755e-b4fb-49bd-8ec2-f10b0eb0bf29 name=User_41_97
2025/11/08 14:46:50 INFO session updated token=d000755e-b4fb-49bd-8ec2-f10b0eb0bf29 tableID=0xc0000016e0 seatIndex=0xc000593550
2025/11/08 14:46:50 INFO session removed token=d000755e-b4fb-49bd-8ec2-f10b0eb0bf29
2025/11/08 14:46:50 INFO session created token=21c9d008-2bd0-4c36-b5fd-41ba1b202bc5 name=User_41_98
2025/11/08 14:46:50 INFO session updated token=21c9d008-2bd0-4c36-b5fd-41ba1b202bc5 tableID=0xc000001730 seatIndex=0xc0005935a0
2025/11/08 14:46:50 INFO session removed token=21c9d008-2bd0-4c36-b5fd-41ba1b202bc5
2025/11/08 14:46:50 INFO session created token=bbe8432d-12d7-4bcc-b9fd-2fa1ba3aeac8 name=User_41_99
2025/11/08 14:46:50 INFO session updated token=bbe8432d-12d7-4bcc-b9fd-2fa1ba3aeac8 tableID=0xc000001780 seatIndex=0xc0005935f0
2025/11/08 14:46:50 INFO session removed token=bbe8432d-12d7-4bcc-b9fd-2fa1ba3aeac8
2025/11/08 14:46:50 INFO session created token=9034e876-34b6-4082-8222-fb1155d12715 name=User_67_40
2025/11/08 14:46:50 INFO session updated token=9034e876-34b6-4082-8222-fb1155d12715 tableID=0xc0000017d0 seatIndex=0xc000593620
2025/11/08 14:46:50 INFO session removed token=9034e876-34b6-4082-8222-fb1155d12715
2025/11/08 14:46:50 INFO session created token=4b7a87bc-794d-4a97-b54b-e014009759f2 name=User_67_41
2025/11/08 14:46:50 INFO session updated token=4b7a87bc-794d-4a97-b54b-e014009759f2 tableID=0xc000001820 seatIndex=0xc000593670
2025/11/08 14:46:50 INFO session removed token=4b7a87bc-794d-4a97-b54b-e014009759f2
2025/11/08 14:46:50 INFO session created token=5c12587f-f30e-447a-beac-1eabeb4d5fd3 name=User_67_42
2025/11/08 14:46:50 INFO session updated token=5c12587f-f30e-447a-beac-1eabeb4d5fd3 tableID=0xc000001870 seatIndex=0xc0005936c0
2025/11/08 14:46:50 INFO session removed token=5c12587f-f30e-447a-beac-1eabeb4d5fd3
2025/11/08 14:46:50 INFO session created token=d47fc20e-0b8e-4e12-a493-37c808a08368 name=User_67_43
2025/11/08 14:46:50 INFO session updated token=d47fc20e-0b8e-4e12-a493-37c808a08368 tableID=0xc0000018c0 seatIndex=0xc000593710
2025/11/08 14:46:50 INFO session removed token=d47fc20e-0b8e-4e12-a493-37c808a08368
2025/11/08 14:46:50 INFO session created token=5aa35131-ad97-45b9-b896-f1fa8695802d name=User_67_44
2025/11/08 14:46:50 INFO session updated token=5aa35131-ad97-45b9-b896-f1fa8695802d tableID=0xc000001910 seatIndex=0xc000593760
2025/11/08 14:46:50 INFO session removed token=5aa35131-ad97-45b9-b896-f1fa8695802d
2025/11/08 14:46:50 INFO session created token=658bc032-b1a8-4bce-add7-6d8b40547a3b name=User_67_45
2025/11/08 14:46:50 INFO session updated token=658bc032-b1a8-4bce-add7-6d8b40547a3b tableID=0xc000001960 seatIndex=0xc0005937b0
2025/11/08 14:46:50 INFO session removed token=658bc032-b1a8-4bce-add7-6d8b40547a3b
2025/11/08 14:46:50 INFO session created token=c57a90d2-eba2-4be8-868f-bbe57ba3a482 name=User_67_46
2025/11/08 14:46:50 INFO session updated token=c57a90d2-eba2-4be8-868f-bbe57ba3a482 tableID=0xc0000019b0 seatIndex=0xc000593800
2025/11/08 14:46:50 INFO session removed token=c57a90d2-eba2-4be8-868f-bbe57ba3a482
2025/11/08 14:46:50 INFO session created token=6517a86a-0b86-4715-b036-474cc340d0e2 name=User_67_47
2025/11/08 14:46:50 INFO session updated token=6517a86a-0b86-4715-b036-474cc340d0e2 tableID=0xc000001a00 seatIndex=0xc000593850
2025/11/08 14:46:50 INFO session removed token=6517a86a-0b86-4715-b036-474cc340d0e2
2025/11/08 14:46:50 INFO session created token=94d037f2-c614-458c-9928-0dc848b80c24 name=User_67_48
2025/11/08 14:46:50 INFO session updated token=94d037f2-c614-458c-9928-0dc848b80c24 tableID=0xc000001a50 seatIndex=0xc0005938a0
2025/11/08 14:46:50 INFO session removed token=94d037f2-c614-458c-9928-0dc848b80c24
2025/11/08 14:46:50 INFO session created token=d05948e1-8e0f-4f0b-870d-f8dcffad923a name=User_67_49
2025/11/08 14:46:50 INFO session updated token=d05948e1-8e0f-4f0b-870d-f8dcffad923a tableID=0xc000001aa0 seatIndex=0xc0005938f0
2025/11/08 14:46:50 INFO session removed token=d05948e1-8e0f-4f0b-870d-f8dcffad923a
2025/11/08 14:46:50 INFO session created token=8e73f35d-499c-483d-916a-2acf7e2f1ec8 name=User_67_50
2025/11/08 14:46:50 INFO session updated token=8e73f35d-499c-483d-916a-2acf7e2f1ec8 tableID=0xc000001af0 seatIndex=0xc000593940
2025/11/08 14:46:50 INFO session removed token=8e73f35d-499c-483d-916a-2acf7e2f1ec8
2025/11/08 14:46:50 INFO session created token=5c496aaa-7486-431d-81d9-bce7588ba0f1 name=User_67_51
2025/11/08 14:46:50 INFO session updated token=5c496aaa-7486-431d-81d9-bce7588ba0f1 tableID=0xc000001b40 seatIndex=0xc000593990
2025/11/08 14:46:50 INFO session removed token=5c496aaa-7486-431d-81d9-bce7588ba0f1
2025/11/08 14:46:50 INFO session created token=a4762783-208e-435d-b154-b297db59a001 name=User_67_52
2025/11/08 14:46:50 INFO session updated token=a4762783-208e-435d-b154-b297db59a001 tableID=0xc000001b90 seatIndex=0xc0005939e0
2025/11/08 14:46:50 INFO session removed token=a4762783-208e-435d-b154-b297db59a001
2025/11/08 14:46:50 INFO session created token=cfb70424-ac63-46aa-919c-eeefd212a5cc name=User_67_53
2025/11/08 14:46:50 INFO session updated token=cfb70424-ac63-46aa-919c-eeefd212a5cc tableID=0xc000001be0 seatIndex=0xc000593a30
2025/11/08 14:46:50 INFO session removed token=cfb70424-ac63-46aa-919c-eeefd212a5cc
2025/11/08 14:46:50 INFO session created token=e8943ade-b7b5-464e-b746-50074ce15629 name=User_67_54
2025/11/08 14:46:50 INFO session updated token=e8943ade-b7b5-464e-b746-50074ce15629 tableID=0xc000001c30 seatIndex=0xc000593a80
2025/11/08 14:46:50 INFO session removed token=e8943ade-b7b5-464e-b746-50074ce15629
2025/11/08 14:46:50 INFO session created token=c629d3e0-1b62-4cfa-91d5-d97407466f60 name=User_67_55
2025/11/08 14:46:50 INFO session updated token=c629d3e0-1b62-4cfa-91d5-d97407466f60 tableID=0xc000001c80 seatIndex=0xc000593ad0
2025/11/08 14:46:50 INFO session removed token=c629d3e0-1b62-4cfa-91d5-d97407466f60
2025/11/08 14:46:50 INFO session created token=b9bcb007-a1b5-49ca-9c34-25eae04e4701 name=User_67_56
2025/11/08 14:46:50 INFO session updated token=b9bcb007-a1b5-49ca-9c34-25eae04e4701 tableID=0xc000001cd0 seatIndex=0xc000593b20
2025/11/08 14:46:50 INFO session removed token=b9bcb007-a1b5-49ca-9c34-25eae04e4701
2025/11/08 14:46:50 INFO session created token=3498e518-0c99-4b17-98b5-984c40712439 name=User_67_57
2025/11/08 14:46:50 INFO session updated token=3498e518-0c99-4b17-98b5-984c40712439 tableID=0xc000001d20 seatIndex=0xc000593b70
2025/11/08 14:46:50 INFO session removed token=3498e518-0c99-4b17-98b5-984c40712439
2025/11/08 14:46:50 INFO session created token=569c8f7d-8f68-44e3-b744-2917efcf7ddd name=User_67_58
2025/11/08 14:46:50 INFO session updated token=569c8f7d-8f68-44e3-b744-2917efcf7ddd tableID=0xc000001d70 seatIndex=0xc000593bc0
2025/11/08 14:46:50 INFO session removed token=569c8f7d-8f68-44e3-b744-2917efcf7ddd
2025/11/08 14:46:50 INFO session created token=2416d2ee-43b2-4738-af5f-6366a0c05c8b name=User_67_59
2025/11/08 14:46:50 INFO session updated token=2416d2ee-43b2-4738-af5f-6366a0c05c8b tableID=0xc000001dc0 seatIndex=0xc000593c10
2025/11/08 14:46:50 INFO session removed token=2416d2ee-43b2-4738-af5f-6366a0c05c8b
2025/11/08 14:46:50 INFO session created token=25a93887-d8c8-41aa-b071-21ea4a9420bc name=User_67_60
2025/11/08 14:46:50 INFO session updated token=25a93887-d8c8-41aa-b071-21ea4a9420bc tableID=0xc000001e10 seatIndex=0xc000593c60
2025/11/08 14:46:50 INFO session removed token=25a93887-d8c8-41aa-b071-21ea4a9420bc
2025/11/08 14:46:50 INFO session created token=543c8049-70d6-444b-ba54-2817156a1f2f name=User_67_61
2025/11/08 14:46:50 INFO session updated token=543c8049-70d6-444b-ba54-2817156a1f2f tableID=0xc000001e60 seatIndex=0xc000593cb0
2025/11/08 14:46:50 INFO session removed token=543c8049-70d6-444b-ba54-2817156a1f2f
2025/11/08 14:46:50 INFO session created token=1ae8491c-a3bc-4e5e-9f07-832d0a2f7476 name=User_67_62
2025/11/08 14:46:50 INFO session updated token=1ae8491c-a3bc-4e5e-9f07-832d0a2f7476 tableID=0xc000001eb0 seatIndex=0xc000593d00
2025/11/08 14:46:50 INFO session removed token=1ae8491c-a3bc-4e5e-9f07-832d0a2f7476
2025/11/08 14:46:50 INFO session created token=e4be2f04-be70-4023-8fae-1ea124db0e8f name=User_67_63
2025/11/08 14:46:50 INFO session updated token=e4be2f04-be70-4023-8fae-1ea124db0e8f tableID=0xc000001f00 seatIndex=0xc000593d50
2025/11/08 14:46:50 INFO session removed token=e4be2f04-be70-4023-8fae-1ea124db0e8f
2025/11/08 14:46:50 INFO session created token=7c017d6c-95c9-4058-b0d0-5884e7b45fbc name=User_67_64
2025/11/08 14:46:50 INFO session updated token=7c017d6c-95c9-4058-b0d0-5884e7b45fbc tableID=0xc000001f50 seatIndex=0xc000593da0
2025/11/08 14:46:50 INFO session removed token=7c017d6c-95c9-4058-b0d0-5884e7b45fbc
2025/11/08 14:46:50 INFO session created token=a7cd5023-9d55-4d30-9365-59561d09609e name=User_67_65
2025/11/08 14:46:50 INFO session updated token=a7cd5023-9d55-4d30-9365-59561d09609e tableID=0xc000388020 seatIndex=0xc000593df0
2025/11/08 14:46:50 INFO session removed token=a7cd5023-9d55-4d30-9365-59561d09609e
2025/11/08 14:46:50 INFO session created token=03257fa2-7e36-4a87-8fe0-28108c7d8487 name=User_67_66
2025/11/08 14:46:50 INFO session updated token=03257fa2-7e36-4a87-8fe0-28108c7d8487 tableID=0xc000388070 seatIndex=0xc000593e40
2025/11/08 14:46:50 INFO session removed token=03257fa2-7e36-4a87-8fe0-28108c7d8487
2025/11/08 14:46:50 INFO session created token=e8ad8ed3-4e7f-43df-9319-f135b1715b95 name=User_67_67
2025/11/08 14:46:50 INFO session updated token=e8ad8ed3-4e7f-43df-9319-f135b1715b95 tableID=0xc0003880c0 seatIndex=0xc000593e90
2025/11/08 14:46:50 INFO session removed token=e8ad8ed3-4e7f-43df-9319-f135b1715b95
2025/11/08 14:46:50 INFO session created token=348afb86-dcc6-4d45-abd1-f640c5a4e245 name=User_67_68
2025/11/08 14:46:50 INFO session updated token=348afb86-dcc6-4d45-abd1-f640c5a4e245 tableID=0xc000388110 seatIndex=0xc000593ee0
2025/11/08 14:46:50 INFO session removed token=348afb86-dcc6-4d45-abd1-f640c5a4e245
2025/11/08 14:46:50 INFO session created token=dd42815e-1333-4340-b531-793f64024769 name=User_67_69
2025/11/08 14:46:50 INFO session updated token=dd42815e-1333-4340-b531-793f64024769 tableID=0xc000388160 seatIndex=0xc000593f30
2025/11/08 14:46:50 INFO session removed token=dd42815e-1333-4340-b531-793f64024769
2025/11/08 14:46:50 INFO session created token=0335c807-d78d-4b31-b709-877e32271d3a name=User_67_70
2025/11/08 14:46:50 INFO session updated token=0335c807-d78d-4b31-b709-877e32271d3a tableID=0xc0003881b0 seatIndex=0xc000593f80
2025/11/08 14:46:50 INFO session removed token=0335c807-d78d-4b31-b709-877e32271d3a
2025/11/08 14:46:50 INFO session created token=3e20306c-2770-47c4-b5dc-3433b246519b name=User_67_71
2025/11/08 14:46:50 INFO session updated token=3e20306c-2770-47c4-b5dc-3433b246519b tableID=0xc000388200 seatIndex=0xc000593fd0
2025/11/08 14:46:50 INFO session removed token=3e20306c-2770-47c4-b5dc-3433b246519b
2025/11/08 14:46:50 INFO session created token=19913f8f-3784-4caf-9b5e-104a2270168c name=User_67_72
2025/11/08 14:46:50 INFO session updated token=19913f8f-3784-4caf-9b5e-104a2270168c tableID=0xc000388250 seatIndex=0xc00038c020
2025/11/08 14:46:50 INFO session removed token=19913f8f-3784-4caf-9b5e-104a2270168c
2025/11/08 14:46:50 INFO session created token=cd562893-6bd9-4432-8826-3866a0b24410 name=User_67_73
2025/11/08 14:46:50 INFO session updated token=cd562893-6bd9-4432-8826-3866a0b24410 tableID=0xc0003882a0 seatIndex=0xc00038c070
2025/11/08 14:46:50 INFO session removed token=cd562893-6bd9-4432-8826-3866a0b24410
2025/11/08 14:46:50 INFO session created token=6e18d6d7-bf8a-4014-a256-7360878061e8 name=User_67_74
2025/11/08 14:46:50 INFO session updated token=6e18d6d7-bf8a-4014-a256-7360878061e8 tableID=0xc0003882f0 seatIndex=0xc00038c0c0
2025/11/08 14:46:50 INFO session removed token=6e18d6d7-bf8a-4014-a256-7360878061e8
2025/11/08 14:46:50 INFO session created token=4c72674d-8ea0-4cf0-ade3-173f08323bf6 name=User_67_75
2025/11/08 14:46:50 INFO session updated token=4c72674d-8ea0-4cf0-ade3-173f08323bf6 tableID=0xc000388340 seatIndex=0xc00038c110
2025/11/08 14:46:50 INFO session removed token=4c72674d-8ea0-4cf0-ade3-173f08323bf6
2025/11/08 14:46:50 INFO session created token=e65e611e-ff92-47c3-9732-3741e2bf33a8 name=User_67_76
2025/11/08 14:46:50 INFO session updated token=e65e611e-ff92-47c3-9732-3741e2bf33a8 tableID=0xc000388390 seatIndex=0xc00038c160
2025/11/08 14:46:50 INFO session removed token=e65e611e-ff92-47c3-9732-3741e2bf33a8
2025/11/08 14:46:50 INFO session created token=3a010632-2999-4735-800c-9125bacd3bd0 name=User_67_77
2025/11/08 14:46:50 INFO session updated token=3a010632-2999-4735-800c-9125bacd3bd0 tableID=0xc0003883e0 seatIndex=0xc00038c1b0
2025/11/08 14:46:50 INFO session removed token=3a010632-2999-4735-800c-9125bacd3bd0
2025/11/08 14:46:50 INFO session created token=b9d84259-121a-46a8-8950-4401e5ea31fa name=User_67_78
2025/11/08 14:46:50 INFO session updated token=b9d84259-121a-46a8-8950-4401e5ea31fa tableID=0xc000388430 seatIndex=0xc00038c200
2025/11/08 14:46:50 INFO session removed token=b9d84259-121a-46a8-8950-4401e5ea31fa
2025/11/08 14:46:50 INFO session created token=dafa15f5-1df6-450d-b505-718a2e46b1ff name=User_67_79
2025/11/08 14:46:50 INFO session updated token=dafa15f5-1df6-450d-b505-718a2e46b1ff tableID=0xc000388480 seatIndex=0xc00038c250
2025/11/08 14:46:50 INFO session removed token=dafa15f5-1df6-450d-b505-718a2e46b1ff
2025/11/08 14:46:50 INFO session created token=706b0bd2-8d3a-40c0-9c57-fa7845bea5cc name=User_67_80
2025/11/08 14:46:50 INFO session updated token=706b0bd2-8d3a-40c0-9c57-fa7845bea5cc tableID=0xc0003884d0 seatIndex=0xc00038c2a0
2025/11/08 14:46:50 INFO session removed token=706b0bd2-8d3a-40c0-9c57-fa7845bea5cc
2025/11/08 14:46:50 INFO session created token=a26c2691-bd86-4d78-bb2f-95fe6ffcb57b name=User_67_81
2025/11/08 14:46:50 INFO session updated token=a26c2691-bd86-4d78-bb2f-95fe6ffcb57b tableID=0xc000388520 seatIndex=0xc00038c2f0
2025/11/08 14:46:50 INFO session removed token=a26c2691-bd86-4d78-bb2f-95fe6ffcb57b
2025/11/08 14:46:50 INFO session created token=8e57bfd5-0855-47a1-8d83-5af256f92745 name=User_67_82
2025/11/08 14:46:50 INFO session updated token=8e57bfd5-0855-47a1-8d83-5af256f92745 tableID=0xc000388570 seatIndex=0xc00038c340
2025/11/08 14:46:50 INFO session removed token=8e57bfd5-0855-47a1-8d83-5af256f92745
2025/11/08 14:46:50 INFO session created token=f79f5b0b-b0fd-4d74-bf35-45e50b791bdc name=User_67_83
2025/11/08 14:46:50 INFO session updated token=f79f5b0b-b0fd-4d74-bf35-45e50b791bdc tableID=0xc0003885c0 seatIndex=0xc00038c390
2025/11/08 14:46:50 INFO session removed token=f79f5b0b-b0fd-4d74-bf35-45e50b791bdc
2025/11/08 14:46:50 INFO session created token=af18c4e1-9730-4076-9f95-04ce267c2c42 name=User_67_84
2025/11/08 14:46:50 INFO session updated token=af18c4e1-9730-4076-9f95-04ce267c2c42 tableID=0xc000388610 seatIndex=0xc00038c3e0
2025/11/08 14:46:50 INFO session removed token=af18c4e1-9730-4076-9f95-04ce267c2c42
2025/11/08 14:46:50 INFO session created token=2d3dcd94-fcbc-4db4-a027-ee35e37cb122 name=User_67_85
2025/11/08 14:46:50 INFO session updated token=2d3dcd94-fcbc-4db4-a027-ee35e37cb122 tableID=0xc000388660 seatIndex=0xc00038c430
2025/11/08 14:46:50 INFO session removed token=2d3dcd94-fcbc-4db4-a027-ee35e37cb122
2025/11/08 14:46:50 INFO session created token=3068cec1-cf6f-4d0f-b49f-ea10eba8a04d name=User_67_86
2025/11/08 14:46:50 INFO session updated token=3068cec1-cf6f-4d0f-b49f-ea10eba8a04d tableID=0xc0003886b0 seatIndex=0xc00038c480
2025/11/08 14:46:50 INFO session removed token=3068cec1-cf6f-4d0f-b49f-ea10eba8a04d
2025/11/08 14:46:50 INFO session created token=e746cc7c-16f5-44ac-9f02-0b23e8a1fb76 name=User_67_87
2025/11/08 14:46:50 INFO session updated token=e746cc7c-16f5-44ac-9f02-0b23e8a1fb76 tableID=0xc000388700 seatIndex=0xc00038c4d0
2025/11/08 14:46:50 INFO session removed token=e746cc7c-16f5-44ac-9f02-0b23e8a1fb76
2025/11/08 14:46:50 INFO session created token=228406b4-9ec0-425e-be91-e4de80bce97c name=User_67_88
2025/11/08 14:46:50 INFO session updated token=228406b4-9ec0-425e-be91-e4de80bce97c tableID=0xc000388750 seatIndex=0xc00038c520
2025/11/08 14:46:50 INFO session removed token=228406b4-9ec0-425e-be91-e4de80bce97c
2025/11/08 14:46:50 INFO session created token=0acb5ad7-3d04-455a-8962-9922a3d8d2a2 name=User_67_89
2025/11/08 14:46:50 INFO session updated token=0acb5ad7-3d04-455a-8962-9922a3d8d2a2 tableID=0xc0003887a0 seatIndex=0xc00038c570
2025/11/08 14:46:50 INFO session removed token=0acb5ad7-3d04-455a-8962-9922a3d8d2a2
2025/11/08 14:46:50 INFO session created token=2e104c09-e74c-450f-8e69-d90415e9cb1f name=User_67_90
2025/11/08 14:46:50 INFO session updated token=2e104c09-e74c-450f-8e69-d90415e9cb1f tableID=0xc0003887f0 seatIndex=0xc00038c5c0
2025/11/08 14:46:50 INFO session removed token=2e104c09-e74c-450f-8e69-d90415e9cb1f
2025/11/08 14:46:50 INFO session created token=12d49228-e647-4fed-bead-a6beacfec710 name=User_67_91
2025/11/08 14:46:50 INFO session updated token=12d49228-e647-4fed-bead-a6beacfec710 tableID=0xc000388840 seatIndex=0xc00038c610
2025/11/08 14:46:50 INFO session removed token=12d49228-e647-4fed-bead-a6beacfec710
2025/11/08 14:46:50 INFO session created token=cb9e0042-3c97-4f68-a628-a72cfb035233 name=User_67_92
2025/11/08 14:46:50 INFO session updated token=cb9e0042-3c97-4f68-a628-a72cfb035233 tableID=0xc000388890 seatIndex=0xc00038c660
2025/11/08 14:46:50 INFO session removed token=cb9e0042-3c97-4f68-a628-a72cfb035233
2025/11/08 14:46:50 INFO session created token=83d060f9-c0d1-4572-8c05-0024e91d641c name=User_67_93
2025/11/08 14:46:50 INFO session updated token=83d060f9-c0d1-4572-8c05-0024e91d641c tableID=0xc0003888e0 seatIndex=0xc00038c6b0
2025/11/08 14:46:50 INFO session removed token=83d060f9-c0d1-4572-8c05-0024e91d641c
2025/11/08 14:46:50 INFO session created token=2bed5d38-c9fb-4821-9d31-bd6596e81c24 name=User_67_94
2025/11/08 14:46:50 INFO session updated token=2bed5d38-c9fb-4821-9d31-bd6596e81c24 tableID=0xc000388930 seatIndex=0xc00038c700
2025/11/08 14:46:50 INFO session removed token=2bed5d38-c9fb-4821-9d31-bd6596e81c24
2025/11/08 14:46:50 INFO session created token=cdca703d-a734-4351-b02f-d19a85a82cf6 name=User_67_95
2025/11/08 14:46:50 INFO session updated token=cdca703d-a734-4351-b02f-d19a85a82cf6 tableID=0xc000388980 seatIndex=0xc00038c750
2025/11/08 14:46:50 INFO session removed token=cdca703d-a734-4351-b02f-d19a85a82cf6
2025/11/08 14:46:50 INFO session created token=4566e9c9-879f-4052-a92b-6a4578cf4ae8 name=User_67_96
2025/11/08 14:46:50 INFO session updated token=4566e9c9-879f-4052-a92b-6a4578cf4ae8 tableID=0xc0003889d0 seatIndex=0xc00038c7a0
2025/11/08 14:46:50 INFO session removed token=4566e9c9-879f-4052-a92b-6a4578cf4ae8
2025/11/08 14:46:50 INFO session created token=b6950154-8755-4127-a36a-959a1ce31061 name=User_67_97
2025/11/08 14:46:50 INFO session updated token=b6950154-8755-4127-a36a-959a1ce31061 tableID=0xc000388a20 seatIndex=0xc00038c7f0
2025/11/08 14:46:50 INFO session removed token=b6950154-8755-4127-a36a-959a1ce31061
2025/11/08 14:46:50 INFO session created token=af1bfffb-eab9-42d9-888e-de0221a3b7f9 name=User_67_98
2025/11/08 14:46:50 INFO session updated token=af1bfffb-eab9-42d9-888e-de0221a3b7f9 tableID=0xc000388a70 seatIndex=0xc00038c840
2025/11/08 14:46:50 INFO session removed token=af1bfffb-eab9-42d9-888e-de0221a3b7f9
2025/11/08 14:46:50 INFO session created token=212521ad-0f8b-4038-a24b-b395642cf7ec name=User_67_99
2025/11/08 14:46:50 INFO session updated token=212521ad-0f8b-4038-a24b-b395642cf7ec tableID=0xc000388ac0 seatIndex=0xc00038c890
2025/11/08 14:46:50 INFO session removed token=212521ad-0f8b-4038-a24b-b395642cf7ec
2025/11/08 14:46:50 INFO session created token=814e39e0-f451-43ad-8f67-c260d2dc4140 name=User_94_68
2025/11/08 14:46:50 INFO session updated token=814e39e0-f451-43ad-8f67-c260d2dc4140 tableID=0xc000388b10 seatIndex=0xc00038c8c0
2025/11/08 14:46:50 INFO session removed token=814e39e0-f451-43ad-8f67-c260d2dc4140
2025/11/08 14:46:50 INFO session created token=1ab4c28e-4cea-4656-8e77-e11a065484ad name=User_94_69
2025/11/08 14:46:50 INFO session updated token=1ab4c28e-4cea-4656-8e77-e11a065484ad tableID=0xc000388b60 seatIndex=0xc00038c910
2025/11/08 14:46:50 INFO session removed token=1ab4c28e-4cea-4656-8e77-e11a065484ad
2025/11/08 14:46:50 INFO session created token=a0087998-449d-46f5-849c-ee8bb1e3d83f name=User_94_70
2025/11/08 14:46:50 INFO session updated token=a0087998-449d-46f5-849c-ee8bb1e3d83f tableID=0xc000388bb0 seatIndex=0xc00038c960
2025/11/08 14:46:50 INFO session removed token=a0087998-449d-46f5-849c-ee8bb1e3d83f
2025/11/08 14:46:50 INFO session created token=4f933d23-c7ef-42f7-b627-d9d4b1d8c3a8 name=User_94_71
2025/11/08 14:46:50 INFO session updated token=4f933d23-c7ef-42f7-b627-d9d4b1d8c3a8 tableID=0xc000388c00 seatIndex=0xc00038c9b0
2025/11/08 14:46:50 INFO session removed token=4f933d23-c7ef-42f7-b627-d9d4b1d8c3a8
2025/11/08 14:46:50 INFO session created token=84e37a2f-6ab0-4483-87c8-0a107b253673 name=User_94_72
2025/11/08 14:46:50 INFO session updated token=84e37a2f-6ab0-4483-87c8-0a107b253673 tableID=0xc000388c50 seatIndex=0xc00038ca00
2025/11/08 14:46:50 INFO session removed token=84e37a2f-6ab0-4483-87c8-0a107b253673
2025/11/08 14:46:50 INFO session created token=1f389887-6343-4c4e-b82c-41a797d7b384 name=User_94_73
2025/11/08 14:46:50 INFO session updated token=1f389887-6343-4c4e-b82c-41a797d7b384 tableID=0xc000388ca0 seatIndex=0xc00038ca50
2025/11/08 14:46:50 INFO session removed token=1f389887-6343-4c4e-b82c-41a797d7b384
2025/11/08 14:46:50 INFO session created token=fb5b894a-9ac1-438a-9d76-7ebd80e8587f name=User_94_74
2025/11/08 14:46:50 INFO session updated token=fb5b894a-9ac1-438a-9d76-7ebd80e8587f tableID=0xc000388cf0 seatIndex=0xc00038caa0
2025/11/08 14:46:50 INFO session removed token=fb5b894a-9ac1-438a-9d76-7ebd80e8587f
2025/11/08 14:46:50 INFO session created token=bc5960ce-afff-448b-a6a5-2a5515a0483e name=User_94_75
2025/11/08 14:46:50 INFO session updated token=bc5960ce-afff-448b-a6a5-2a5515a0483e tableID=0xc000388d40 seatIndex=0xc00038caf0
2025/11/08 14:46:50 INFO session removed token=bc5960ce-afff-448b-a6a5-2a5515a0483e
2025/11/08 14:46:50 INFO session created token=fbc497a4-8946-4337-aec9-2827968604d0 name=User_94_76
2025/11/08 14:46:50 INFO session updated token=fbc497a4-8946-4337-aec9-2827968604d0 tableID=0xc000388d90 seatIndex=0xc00038cb40
2025/11/08 14:46:50 INFO session removed token=fbc497a4-8946-4337-aec9-2827968604d0
2025/11/08 14:46:50 INFO session created token=d426a496-6a90-4a1e-9b82-2cc57f937067 name=User_94_77
2025/11/08 14:46:50 INFO session updated token=d426a496-6a90-4a1e-9b82-2cc57f937067 tableID=0xc000388de0 seatIndex=0xc00038cb90
2025/11/08 14:46:50 INFO session removed token=d426a496-6a90-4a1e-9b82-2cc57f937067
2025/11/08 14:46:50 INFO session created token=e790ad10-fc74-4a2e-9a74-f8463eb87f73 name=User_94_78
2025/11/08 14:46:50 INFO session updated token=e790ad10-fc74-4a2e-9a74-f8463eb87f73 tableID=0xc000388e30 seatIndex=0xc00038cbe0
2025/11/08 14:46:50 INFO session removed token=e790ad10-fc74-4a2e-9a74-f8463eb87f73
2025/11/08 14:46:50 INFO session created token=247c86df-a5b9-498e-9897-28622c819ebd name=User_94_79
2025/11/08 14:46:50 INFO session updated token=247c86df-a5b9-498e-9897-28622c819ebd tableID=0xc000388e80 seatIndex=0xc00038cc30
2025/11/08 14:46:50 INFO session removed token=247c86df-a5b9-498e-9897-28622c819ebd
2025/11/08 14:46:50 INFO session created token=4fd0d212-df6e-4865-8835-a001d54e6eea name=User_94_80
2025/11/08 14:46:50 INFO session updated token=4fd0d212-df6e-4865-8835-a001d54e6eea tableID=0xc000388ed0 seatIndex=0xc00038cc80
2025/11/08 14:46:50 INFO session removed token=4fd0d212-df6e-4865-8835-a001d54e6eea
2025/11/08 14:46:50 INFO session created token=92e367b6-f7b9-472a-9a69-b345e485e035 name=User_94_81
2025/11/08 14:46:50 INFO session updated token=92e367b6-f7b9-472a-9a69-b345e485e035 tableID=0xc000388f20 seatIndex=0xc00038ccd0
2025/11/08 14:46:50 INFO session removed token=92e367b6-f7b9-472a-9a69-b345e485e035
2025/11/08 14:46:50 INFO session created token=b46cf330-9cef-4a58-b4db-b5fa80c4891c name=User_94_82
2025/11/08 14:46:50 INFO session updated token=b46cf330-9cef-4a58-b4db-b5fa80c4891c tableID=0xc000388f70 seatIndex=0xc00038cd20
2025/11/08 14:46:50 INFO session removed token=b46cf330-9cef-4a58-b4db-b5fa80c4891c
2025/11/08 14:46:50 INFO session created token=146a3d98-334d-4218-bba0-576042f53402 name=User_94_83
2025/11/08 14:46:50 INFO session updated token=146a3d98-334d-4218-bba0-576042f53402 tableID=0xc000388fc0 seatIndex=0xc00038cd70
2025/11/08 14:46:50 INFO session removed token=146a3d98-334d-4218-bba0-576042f53402
2025/11/08 14:46:50 INFO session created token=070643d1-edf9-4d99-bbc2-32b68c6f461e name=User_94_84
2025/11/08 14:46:50 INFO session updated token=070643d1-edf9-4d99-bbc2-32b68c6f461e tableID=0xc000389010 seatIndex=0xc00038cdc0
2025/11/08 14:46:50 INFO session removed token=070643d1-edf9-4d99-bbc2-32b68c6f461e
2025/11/08 14:46:50 INFO session created token=c71ad38b-748e-4872-b113-77595fdf7230 name=User_94_85
2025/11/08 14:46:50 INFO session updated token=c71ad38b-748e-4872-b113-77595fdf7230 tableID=0xc000389060 seatIndex=0xc00038ce10
2025/11/08 14:46:50 INFO session removed token=c71ad38b-748e-4872-b113-77595fdf7230
2025/11/08 14:46:50 INFO session created token=30bdaff2-7495-45e0-8696-59fb6b534cbd name=User_94_86
2025/11/08 14:46:50 INFO session updated token=30bdaff2-7495-45e0-8696-59fb6b534cbd tableID=0xc0003890b0 seatIndex=0xc00038ce60
2025/11/08 14:46:50 INFO session removed token=30bdaff2-7495-45e0-8696-59fb6b534cbd
2025/11/08 14:46:50 INFO session created token=24291878-af64-48a7-a635-f0f56e749575 name=User_94_87
2025/11/08 14:46:50 INFO session updated token=24291878-af64-48a7-a635-f0f56e749575 tableID=0xc000389100 seatIndex=0xc00038ceb0
2025/11/08 14:46:50 INFO session removed token=24291878-af64-48a7-a635-f0f56e749575
2025/11/08 14:46:50 INFO session created token=7c3f77a7-be7c-4597-af90-ca572204a402 name=User_94_88
2025/11/08 14:46:50 INFO session updated token=7c3f77a7-be7c-4597-af90-ca572204a402 tableID=0xc000389150 seatIndex=0xc00038cf00
2025/11/08 14:46:50 INFO session removed token=7c3f77a7-be7c-4597-af90-ca572204a402
2025/11/08 14:46:50 INFO session created token=f4d48686-d4de-4d17-90e5-9bf26ffdd048 name=User_94_89
2025/11/08 14:46:50 INFO session updated token=f4d48686-d4de-4d17-90e5-9bf26ffdd048 tableID=0xc0003891a0 seatIndex=0xc00038cf50
2025/11/08 14:46:50 INFO session removed token=f4d48686-d4de-4d17-90e5-9bf26ffdd048
2025/11/08 14:46:50 INFO session created token=d8ae3058-7627-4c5b-95dd-23bc7f73af9b name=User_94_90
2025/11/08 14:46:50 INFO session updated token=d8ae3058-7627-4c5b-95dd-23bc7f73af9b tableID=0xc0003891f0 seatIndex=0xc00038cfa0
2025/11/08 14:46:50 INFO session removed token=d8ae3058-7627-4c5b-95dd-23bc7f73af9b
2025/11/08 14:46:50 INFO session created token=b870070f-25b8-466d-8506-b3a5d338b123 name=User_94_91
2025/11/08 14:46:50 INFO session updated token=b870070f-25b8-466d-8506-b3a5d338b123 tableID=0xc000389240 seatIndex=0xc00038cff0
2025/11/08 14:46:50 INFO session removed token=b870070f-25b8-466d-8506-b3a5d338b123
2025/11/08 14:46:50 INFO session created token=63a8364c-f8dd-4701-9f6d-628a044d1e62 name=User_94_92
2025/11/08 14:46:50 INFO session updated token=63a8364c-f8dd-4701-9f6d-628a044d1e62 tableID=0xc000389290 seatIndex=0xc00038d040
2025/11/08 14:46:50 INFO session removed token=63a8364c-f8dd-4701-9f6d-628a044d1e62
2025/11/08 14:46:50 INFO session created token=514445cb-1a4f-4464-b494-412990ea836c name=User_94_93
2025/11/08 14:46:50 INFO session updated token=514445cb-1a4f-4464-b494-412990ea836c tableID=0xc0003892e0 seatIndex=0xc00038d090
2025/11/08 14:46:50 INFO session removed token=514445cb-1a4f-4464-b494-412990ea836c
2025/11/08 14:46:50 INFO session created token=9bfdfd32-d238-4311-ae77-0d4b126dcdd6 name=User_94_94
2025/11/08 14:46:50 INFO session updated token=9bfdfd32-d238-4311-ae77-0d4b126dcdd6 tableID=0xc000389330 seatIndex=0xc00038d0e0
2025/11/08 14:46:50 INFO session removed token=9bfdfd32-d238-4311-ae77-0d4b126dcdd6
2025/11/08 14:46:50 INFO session created token=eb035449-2870-4c32-8ae9-388d7c7619fa name=User_94_95
2025/11/08 14:46:50 INFO session updated token=eb035449-2870-4c32-8ae9-388d7c7619fa tableID=0xc000389380 seatIndex=0xc00038d130
2025/11/08 14:46:50 INFO session removed token=eb035449-2870-4c32-8ae9-388d7c7619fa
2025/11/08 14:46:50 INFO session created token=63eba03d-9b53-4551-9d49-d98c902e198c name=User_94_96
2025/11/08 14:46:50 INFO session updated token=63eba03d-9b53-4551-9d49-d98c902e198c tableID=0xc0003893d0 seatIndex=0xc00038d180
2025/11/08 14:46:50 INFO session removed token=63eba03d-9b53-4551-9d49-d98c902e198c
2025/11/08 14:46:50 INFO session created token=d51f42b9-0e18-43a7-94a3-5c482b13b550 name=User_94_97
2025/11/08 14:46:50 INFO session updated token=d51f42b9-0e18-43a7-94a3-5c482b13b550 tableID=0xc000389420 seatIndex=0xc00038d1d0
2025/11/08 14:46:50 INFO session removed token=d51f42b9-0e18-43a7-94a3-5c482b13b550
2025/11/08 14:46:50 INFO session created token=c503cf9c-0978-444c-8671-ffb1c0991294 name=User_94_98
2025/11/08 14:46:50 INFO session updated token=c503cf9c-0978-444c-8671-ffb1c0991294 tableID=0xc000389470 seatIndex=0xc00038d220
2025/11/08 14:46:50 INFO session removed token=c503cf9c-0978-444c-8671-ffb1c0991294
2025/11/08 14:46:50 INFO session created token=80fa0d44-ae94-4e54-8e79-4f1c94766814 name=User_94_99
2025/11/08 14:46:50 INFO session updated token=80fa0d44-ae94-4e54-8e79-4f1c94766814 tableID=0xc0003894c0 seatIndex=0xc00038d270
2025/11/08 14:46:50 INFO session removed token=80fa0d44-ae94-4e54-8e79-4f1c94766814
2025/11/08 14:46:50 INFO session updated token=3af6253f-4bf2-4c3c-86bb-02f9cc0a4aa0 tableID=0xc000283b60 seatIndex=0xc000281b30
2025/11/08 14:46:50 INFO session removed token=3af6253f-4bf2-4c3c-86bb-02f9cc0a4aa0
2025/11/08 14:46:50 INFO session created token=fde6f865-62cd-485f-a002-d8d793e42868 name=User_80_24
2025/11/08 14:46:50 INFO session updated token=fde6f865-62cd-485f-a002-d8d793e42868 tableID=0xc000389530 seatIndex=0xc00038d2e0
2025/11/08 14:46:50 INFO session removed token=fde6f865-62cd-485f-a002-d8d793e42868
2025/11/08 14:46:50 INFO session created token=91527555-c32d-4df2-abfb-4f08c33abd3e name=User_80_25
2025/11/08 14:46:50 INFO session updated token=91527555-c32d-4df2-abfb-4f08c33abd3e tableID=0xc000389580 seatIndex=0xc00038d330
2025/11/08 14:46:50 INFO session removed token=91527555-c32d-4df2-abfb-4f08c33abd3e
2025/11/08 14:46:50 INFO session created token=33ee10e1-2907-47af-b725-fea1e3269166 name=User_80_26
2025/11/08 14:46:50 INFO session updated token=33ee10e1-2907-47af-b725-fea1e3269166 tableID=0xc0003895d0 seatIndex=0xc00038d380
2025/11/08 14:46:50 INFO session removed token=33ee10e1-2907-47af-b725-fea1e3269166
2025/11/08 14:46:50 INFO session created token=325fde65-6b9e-4e1d-92ab-370ef546c8b6 name=User_80_27
2025/11/08 14:46:50 INFO session updated token=325fde65-6b9e-4e1d-92ab-370ef546c8b6 tableID=0xc000389620 seatIndex=0xc00038d3d0
2025/11/08 14:46:50 INFO session removed token=325fde65-6b9e-4e1d-92ab-370ef546c8b6
2025/11/08 14:46:50 INFO session created token=4b11cb67-f61d-4bfe-985c-8316d00def7c name=User_80_28
2025/11/08 14:46:50 INFO session updated token=4b11cb67-f61d-4bfe-985c-8316d00def7c tableID=0xc000389670 seatIndex=0xc00038d420
2025/11/08 14:46:50 INFO session removed token=4b11cb67-f61d-4bfe-985c-8316d00def7c
2025/11/08 14:46:50 INFO session created token=f41d0960-220e-48e2-ad67-1c91d47df647 name=User_80_29
2025/11/08 14:46:50 INFO session updated token=f41d0960-220e-48e2-ad67-1c91d47df647 tableID=0xc0003896c0 seatIndex=0xc00038d470
2025/11/08 14:46:50 INFO session removed token=f41d0960-220e-48e2-ad67-1c91d47df647
2025/11/08 14:46:50 INFO session created token=8c204b37-6033-4ffe-9984-a981d3266c7c name=User_80_30
2025/11/08 14:46:50 INFO session updated token=8c204b37-6033-4ffe-9984-a981d3266c7c tableID=0xc000389710 seatIndex=0xc00038d4c0
2025/11/08 14:46:50 INFO session removed token=8c204b37-6033-4ffe-9984-a981d3266c7c
2025/11/08 14:46:50 INFO session created token=9e93b1fa-921d-4c7d-a0b3-2e485c157486 name=User_80_31
2025/11/08 14:46:50 INFO session updated token=9e93b1fa-921d-4c7d-a0b3-2e485c157486 tableID=0xc000389760 seatIndex=0xc00038d510
2025/11/08 14:46:50 INFO session removed token=9e93b1fa-921d-4c7d-a0b3-2e485c157486
2025/11/08 14:46:50 INFO session created token=f1ea030d-8d30-49cf-a30e-cb3c19d2278a name=User_80_32
2025/11/08 14:46:50 INFO session updated token=f1ea030d-8d30-49cf-a30e-cb3c19d2278a tableID=0xc0003897b0 seatIndex=0xc00038d560
2025/11/08 14:46:50 INFO session removed token=f1ea030d-8d30-49cf-a30e-cb3c19d2278a
2025/11/08 14:46:50 INFO session created token=38e4a466-8aa8-4ce3-9a1a-a55876c12237 name=User_80_33
2025/11/08 14:46:50 INFO session updated token=38e4a466-8aa8-4ce3-9a1a-a55876c12237 tableID=0xc000389800 seatIndex=0xc00038d5b0
2025/11/08 14:46:50 INFO session removed token=38e4a466-8aa8-4ce3-9a1a-a55876c12237
2025/11/08 14:46:50 INFO session created token=df529e7b-a2be-4c30-8d3f-ccd0ecd91869 name=User_80_34
2025/11/08 14:46:50 INFO session updated token=df529e7b-a2be-4c30-8d3f-ccd0ecd91869 tableID=0xc000389850 seatIndex=0xc00038d600
2025/11/08 14:46:50 INFO session removed token=df529e7b-a2be-4c30-8d3f-ccd0ecd91869
2025/11/08 14:46:50 INFO session created token=60d81a5a-f0b6-4f41-bfda-5cdd5d630b8b name=User_80_35
2025/11/08 14:46:50 INFO session updated token=60d81a5a-f0b6-4f41-bfda-5cdd5d630b8b tableID=0xc0003898a0 seatIndex=0xc00038d650
2025/11/08 14:46:50 INFO session removed token=60d81a5a-f0b6-4f41-bfda-5cdd5d630b8b
2025/11/08 14:46:50 INFO session created token=10c5cc6f-6b08-479a-8816-e7c443fc805c name=User_80_36
2025/11/08 14:46:50 INFO session updated token=10c5cc6f-6b08-479a-8816-e7c443fc805c tableID=0xc0003898f0 seatIndex=0xc00038d6a0
2025/11/08 14:46:50 INFO session removed token=10c5cc6f-6b08-479a-8816-e7c443fc805c
2025/11/08 14:46:50 INFO session created token=41a2c1f2-5eba-46ef-9777-990c5ee26564 name=User_80_37
2025/11/08 14:46:50 INFO session updated token=41a2c1f2-5eba-46ef-9777-990c5ee26564 tableID=0xc000389940 seatIndex=0xc00038d6f0
2025/11/08 14:46:50 INFO session removed token=41a2c1f2-5eba-46ef-9777-990c5ee26564
2025/11/08 14:46:50 INFO session created token=e9c5ae65-42ce-490d-bd11-0b13b706d931 name=User_80_38
2025/11/08 14:46:50 INFO session updated token=e9c5ae65-42ce-490d-bd11-0b13b706d931 tableID=0xc000389990 seatIndex=0xc00038d740
2025/11/08 14:46:50 INFO session removed token=e9c5ae65-42ce-490d-bd11-0b13b706d931
2025/11/08 14:46:50 INFO session created token=fc76f036-1a8c-43c2-ae15-e1bb1a12a1d6 name=User_80_39
2025/11/08 14:46:50 INFO session updated token=fc76f036-1a8c-43c2-ae15-e1bb1a12a1d6 tableID=0xc0003899e0 seatIndex=0xc00038d790
2025/11/08 14:46:50 INFO session removed token=fc76f036-1a8c-43c2-ae15-e1bb1a12a1d6
2025/11/08 14:46:50 INFO session created token=89ac3e23-85cf-4fb7-af3e-325778ba1551 name=User_80_40
2025/11/08 14:46:50 INFO session updated token=89ac3e23-85cf-4fb7-af3e-325778ba1551 tableID=0xc000389a30 seatIndex=0xc00038d7e0
2025/11/08 14:46:50 INFO session removed token=89ac3e23-85cf-4fb7-af3e-325778ba1551
2025/11/08 14:46:50 INFO session created token=0ea3268f-7461-4bfa-9d94-8face043a0b2 name=User_80_41
2025/11/08 14:46:50 INFO session updated token=0ea3268f-7461-4bfa-9d94-8face043a0b2 tableID=0xc000389a80 seatIndex=0xc00038d830
2025/11/08 14:46:50 INFO session removed token=0ea3268f-7461-4bfa-9d94-8face043a0b2
2025/11/08 14:46:50 INFO session created token=fe9786b9-4e53-459b-8db0-254071e8ae6e name=User_80_42
2025/11/08 14:46:50 INFO session updated token=fe9786b9-4e53-459b-8db0-254071e8ae6e tableID=0xc000389ad0 seatIndex=0xc00038d880
2025/11/08 14:46:50 INFO session removed token=fe9786b9-4e53-459b-8db0-254071e8ae6e
2025/11/08 14:46:50 INFO session created token=a3269dac-9e2b-44b7-8f88-4ce27a741250 name=User_80_43
2025/11/08 14:46:50 INFO session updated token=a3269dac-9e2b-44b7-8f88-4ce27a741250 tableID=0xc000389b20 seatIndex=0xc00038d8d0
2025/11/08 14:46:50 INFO session removed token=a3269dac-9e2b-44b7-8f88-4ce27a741250
2025/11/08 14:46:50 INFO session created token=f08a347f-a0b0-49a1-81c5-54409abe5ed9 name=User_80_44
2025/11/08 14:46:50 INFO session updated token=f08a347f-a0b0-49a1-81c5-54409abe5ed9 tableID=0xc000389b70 seatIndex=0xc00038d920
2025/11/08 14:46:50 INFO session removed token=f08a347f-a0b0-49a1-81c5-54409abe5ed9
2025/11/08 14:46:50 INFO session created token=e3f1c1d4-dc2c-492b-8eb6-8520dabcafcb name=User_80_45
2025/11/08 14:46:50 INFO session updated token=e3f1c1d4-dc2c-492b-8eb6-8520dabcafcb tableID=0xc000389bc0 seatIndex=0xc00038d970
2025/11/08 14:46:50 INFO session removed token=e3f1c1d4-dc2c-492b-8eb6-8520dabcafcb
2025/11/08 14:46:50 INFO session created token=c251ee69-9c85-47de-a4bc-9e963116da72 name=User_80_46
2025/11/08 14:46:50 INFO session updated token=c251ee69-9c85-47de-a4bc-9e963116da72 tableID=0xc000389c10 seatIndex=0xc00038d9c0
2025/11/08 14:46:50 INFO session removed token=c251ee69-9c85-47de-a4bc-9e963116da72
2025/11/08 14:46:50 INFO session created token=69b384f4-bb4d-44d8-83ca-2fedd16b036d name=User_80_47
2025/11/08 14:46:50 INFO session updated token=69b384f4-bb4d-44d8-83ca-2fedd16b036d tableID=0xc000389c60 seatIndex=0xc00038da10
2025/11/08 14:46:50 INFO session removed token=69b384f4-bb4d-44d8-83ca-2fedd16b036d
2025/11/08 14:46:50 INFO session created token=82ee3c63-ebeb-4b18-85ea-13db3855ad67 name=User_80_48
2025/11/08 14:46:50 INFO session updated token=82ee3c63-ebeb-4b18-85ea-13db3855ad67 tableID=0xc000389cb0 seatIndex=0xc00038da60
2025/11/08 14:46:50 INFO session removed token=82ee3c63-ebeb-4b18-85ea-13db3855ad67
2025/11/08 14:46:50 INFO session created token=7d33b40e-ec94-46ee-b2b7-c91263939028 name=User_80_49
2025/11/08 14:46:50 INFO session updated token=7d33b40e-ec94-46ee-b2b7-c91263939028 tableID=0xc000389d00 seatIndex=0xc00038dab0
2025/11/08 14:46:50 INFO session removed token=7d33b40e-ec94-46ee-b2b7-c91263939028
2025/11/08 14:46:50 INFO session created token=7291d53e-5791-4ede-858b-752d04b42a5e name=User_80_50
2025/11/08 14:46:50 INFO session updated token=7291d53e-5791-4ede-858b-752d04b42a5e tableID=0xc000389d50 seatIndex=0xc00038db00
2025/11/08 14:46:50 INFO session removed token=7291d53e-5791-4ede-858b-752d04b42a5e
2025/11/08 14:46:50 INFO session created token=9624542c-2e03-4e23-a1c3-2b969b81d5ff name=User_80_51
2025/11/08 14:46:50 INFO session updated token=9624542c-2e03-4e23-a1c3-2b969b81d5ff tableID=0xc000389da0 seatIndex=0xc00038db50
2025/11/08 14:46:50 INFO session removed token=9624542c-2e03-4e23-a1c3-2b969b81d5ff
2025/11/08 14:46:50 INFO session created token=154fe16a-237a-4ff7-947e-db8360fabd5a name=User_80_52
2025/11/08 14:46:50 INFO session updated token=154fe16a-237a-4ff7-947e-db8360fabd5a tableID=0xc000389df0 seatIndex=0xc00038dba0
2025/11/08 14:46:50 INFO session removed token=154fe16a-237a-4ff7-947e-db8360fabd5a
2025/11/08 14:46:50 INFO session created token=cd29e6ce-86bc-4925-a083-1dd5378761ac name=User_80_53
2025/11/08 14:46:50 INFO session updated token=cd29e6ce-86bc-4925-a083-1dd5378761ac tableID=0xc000389e40 seatIndex=0xc00038dbf0
2025/11/08 14:46:50 INFO session removed token=cd29e6ce-86bc-4925-a083-1dd5378761ac
2025/11/08 14:46:50 INFO session created token=e1fd35d2-d538-4984-9216-5a0049629f05 name=User_80_54
2025/11/08 14:46:50 INFO session updated token=e1fd35d2-d538-4984-9216-5a0049629f05 tableID=0xc000389e90 seatIndex=0xc00038dc40
2025/11/08 14:46:50 INFO session removed token=e1fd35d2-d538-4984-9216-5a0049629f05
2025/11/08 14:46:50 INFO session created token=5d373765-7281-4273-956e-3753f2be74cc name=User_80_55
2025/11/08 14:46:50 INFO session updated token=5d373765-7281-4273-956e-3753f2be74cc tableID=0xc000389ee0 seatIndex=0xc00038dc90
2025/11/08 14:46:50 INFO session removed token=5d373765-7281-4273-956e-3753f2be74cc
2025/11/08 14:46:50 INFO session created token=d70b385b-0b57-43d0-92e7-4c4febbe1d37 name=User_80_56
2025/11/08 14:46:50 INFO session updated token=d70b385b-0b57-43d0-92e7-4c4febbe1d37 tableID=0xc000389f30 seatIndex=0xc00038dce0
2025/11/08 14:46:50 INFO session removed token=d70b385b-0b57-43d0-92e7-4c4febbe1d37
2025/11/08 14:46:50 INFO session created token=48dd44e6-7238-4385-8469-6744a28cc35b name=User_80_57
2025/11/08 14:46:50 INFO session updated token=48dd44e6-7238-4385-8469-6744a28cc35b tableID=0xc0003a2000 seatIndex=0xc00038dd30
2025/11/08 14:46:50 INFO session removed token=48dd44e6-7238-4385-8469-6744a28cc35b
2025/11/08 14:46:50 INFO session created token=b11022f3-07f1-49d9-8b60-c4e6682b181f name=User_80_58
2025/11/08 14:46:50 INFO session updated token=b11022f3-07f1-49d9-8b60-c4e6682b181f tableID=0xc0003a2050 seatIndex=0xc00038dd80
2025/11/08 14:46:50 INFO session removed token=b11022f3-07f1-49d9-8b60-c4e6682b181f
2025/11/08 14:46:50 INFO session created token=902f3ad4-ea3e-452d-ba6b-47ec02225b4c name=User_80_59
2025/11/08 14:46:50 INFO session updated token=902f3ad4-ea3e-452d-ba6b-47ec02225b4c tableID=0xc0003a20a0 seatIndex=0xc00038ddd0
2025/11/08 14:46:50 INFO session removed token=902f3ad4-ea3e-452d-ba6b-47ec02225b4c
2025/11/08 14:46:50 INFO session created token=af465182-6acd-4b1b-b90f-983c46cd1552 name=User_80_60
2025/11/08 14:46:50 INFO session updated token=af465182-6acd-4b1b-b90f-983c46cd1552 tableID=0xc0003a20f0 seatIndex=0xc00038de20
2025/11/08 14:46:50 INFO session removed token=af465182-6acd-4b1b-b90f-983c46cd1552
2025/11/08 14:46:50 INFO session created token=62b503a1-c8b9-4d0c-a5b2-cf9bd6c6f377 name=User_80_61
2025/11/08 14:46:50 INFO session updated token=62b503a1-c8b9-4d0c-a5b2-cf9bd6c6f377 tableID=0xc0003a2140 seatIndex=0xc00038de70
2025/11/08 14:46:50 INFO session removed token=62b503a1-c8b9-4d0c-a5b2-cf9bd6c6f377
2025/11/08 14:46:50 INFO session created token=1521aaee-783e-416b-855a-078730932040 name=User_80_62
2025/11/08 14:46:50 INFO session updated token=1521aaee-783e-416b-855a-078730932040 tableID=0xc0003a2190 seatIndex=0xc00038dec0
2025/11/08 14:46:50 INFO session removed token=1521aaee-783e-416b-855a-078730932040
2025/11/08 14:46:50 INFO session created token=d9cb94e0-39dd-45de-97d9-24775493a9b1 name=User_80_63
2025/11/08 14:46:50 INFO session updated token=d9cb94e0-39dd-45de-97d9-24775493a9b1 tableID=0xc0003a21e0 seatIndex=0xc00038df10
2025/11/08 14:46:50 INFO session removed token=d9cb94e0-39dd-45de-97d9-24775493a9b1
2025/11/08 14:46:50 INFO session created token=8bf2ddb4-c58b-4d7f-8fbc-fb2bc4399b76 name=User_80_64
2025/11/08 14:46:50 INFO session updated token=8bf2ddb4-c58b-4d7f-8fbc-fb2bc4399b76 tableID=0xc0003a2230 seatIndex=0xc00038df60
2025/11/08 14:46:50 INFO session removed token=8bf2ddb4-c58b-4d7f-8fbc-fb2bc4399b76
2025/11/08 14:46:50 INFO session created token=c90ef254-1868-4b33-b22d-0042223bd69b name=User_80_65
2025/11/08 14:46:50 INFO session updated token=c90ef254-1868-4b33-b22d-0042223bd69b tableID=0xc0003a2280 seatIndex=0xc00038dfb0
2025/11/08 14:46:50 INFO session removed token=c90ef254-1868-4b33-b22d-0042223bd69b
2025/11/08 14:46:50 INFO session created token=4b5f22b1-6f91-43a5-a8ca-ffd9c1ed5a7b name=User_80_66
2025/11/08 14:46:50 INFO session updated token=4b5f22b1-6f91-43a5-a8ca-ffd9c1ed5a7b tableID=0xc0003a22d0 seatIndex=0xc0003a4000
2025/11/08 14:46:50 INFO session removed token=4b5f22b1-6f91-43a5-a8ca-ffd9c1ed5a7b
2025/11/08 14:46:50 INFO session created token=7d310e46-9602-4811-a6e0-4315c47e97a9 name=User_80_67
2025/11/08 14:46:50 INFO session updated token=7d310e46-9602-4811-a6e0-4315c47e97a9 tableID=0xc0003a2320 seatIndex=0xc0003a4050
2025/11/08 14:46:50 INFO session removed token=7d310e46-9602-4811-a6e0-4315c47e97a9
2025/11/08 14:46:50 INFO session created token=664c01d5-bf9b-4111-baf2-b5ae40f70693 name=User_80_68
2025/11/08 14:46:50 INFO session updated token=664c01d5-bf9b-4111-baf2-b5ae40f70693 tableID=0xc0003a2370 seatIndex=0xc0003a40a0
2025/11/08 14:46:50 INFO session removed token=664c01d5-bf9b-4111-baf2-b5ae40f70693
2025/11/08 14:46:50 INFO session created token=c58e14ae-ee78-4822-bd25-4b92f755898e name=User_80_69
2025/11/08 14:46:50 INFO session updated token=c58e14ae-ee78-4822-bd25-4b92f755898e tableID=0xc0003a23c0 seatIndex=0xc0003a40f0
2025/11/08 14:46:50 INFO session removed token=c58e14ae-ee78-4822-bd25-4b92f755898e
2025/11/08 14:46:50 INFO session created token=a9bd12a2-7801-467e-b88c-9dad44aa5335 name=User_80_70
2025/11/08 14:46:50 INFO session updated token=a9bd12a2-7801-467e-b88c-9dad44aa5335 tableID=0xc0003a2410 seatIndex=0xc0003a4140
2025/11/08 14:46:50 INFO session removed token=a9bd12a2-7801-467e-b88c-9dad44aa5335
2025/11/08 14:46:50 INFO session created token=f20897ed-1165-4872-b5c8-d2516691480b name=User_80_71
2025/11/08 14:46:50 INFO session updated token=f20897ed-1165-4872-b5c8-d2516691480b tableID=0xc0003a2460 seatIndex=0xc0003a4190
2025/11/08 14:46:50 INFO session removed token=f20897ed-1165-4872-b5c8-d2516691480b
2025/11/08 14:46:50 INFO session created token=ab4d0f92-7071-451e-8266-e43c71d43537 name=User_80_72
2025/11/08 14:46:50 INFO session updated token=ab4d0f92-7071-451e-8266-e43c71d43537 tableID=0xc0003a24b0 seatIndex=0xc0003a41e0
2025/11/08 14:46:50 INFO session removed token=ab4d0f92-7071-451e-8266-e43c71d43537
2025/11/08 14:46:50 INFO session created token=454dec06-fd4e-4f45-ae22-9f81702ec3b6 name=User_80_73
2025/11/08 14:46:50 INFO session updated token=454dec06-fd4e-4f45-ae22-9f81702ec3b6 tableID=0xc0003a2500 seatIndex=0xc0003a4230
2025/11/08 14:46:50 INFO session removed token=454dec06-fd4e-4f45-ae22-9f81702ec3b6
2025/11/08 14:46:50 INFO session created token=7a2e82fb-4538-44f7-a02e-6f08336e5272 name=User_80_74
2025/11/08 14:46:50 INFO session updated token=7a2e82fb-4538-44f7-a02e-6f08336e5272 tableID=0xc0003a2550 seatIndex=0xc0003a4280
2025/11/08 14:46:50 INFO session removed token=7a2e82fb-4538-44f7-a02e-6f08336e5272
2025/11/08 14:46:50 INFO session created token=fab3aef5-cd8d-44ea-901b-784b42f06523 name=User_80_75
2025/11/08 14:46:50 INFO session updated token=fab3aef5-cd8d-44ea-901b-784b42f06523 tableID=0xc0003a25a0 seatIndex=0xc0003a42d0
2025/11/08 14:46:50 INFO session removed token=fab3aef5-cd8d-44ea-901b-784b42f06523
2025/11/08 14:46:50 INFO session created token=7384d4d6-f07c-4989-827b-c95769b9ce07 name=User_80_76
2025/11/08 14:46:50 INFO session updated token=7384d4d6-f07c-4989-827b-c95769b9ce07 tableID=0xc0003a25f0 seatIndex=0xc0003a4320
2025/11/08 14:46:50 INFO session removed token=7384d4d6-f07c-4989-827b-c95769b9ce07
2025/11/08 14:46:50 INFO session created token=a3f86b9a-db96-4c98-aa7e-d446323b3760 name=User_80_77
2025/11/08 14:46:50 INFO session updated token=a3f86b9a-db96-4c98-aa7e-d446323b3760 tableID=0xc0003a2640 seatIndex=0xc0003a4370
2025/11/08 14:46:50 INFO session removed token=a3f86b9a-db96-4c98-aa7e-d446323b3760
2025/11/08 14:46:50 INFO session created token=5a5e7ad0-654d-4e5f-a420-eaa4a007156e name=User_80_78
2025/11/08 14:46:50 INFO session updated token=5a5e7ad0-654d-4e5f-a420-eaa4a007156e tableID=0xc0003a2690 seatIndex=0xc0003a43c0
2025/11/08 14:46:50 INFO session removed token=5a5e7ad0-654d-4e5f-a420-eaa4a007156e
2025/11/08 14:46:50 INFO session created token=05faf2d7-2829-412c-bc2a-209dff288a61 name=User_80_79
2025/11/08 14:46:50 INFO session updated token=05faf2d7-2829-412c-bc2a-209dff288a61 tableID=0xc0003a26e0 seatIndex=0xc0003a4410
2025/11/08 14:46:50 INFO session removed token=05faf2d7-2829-412c-bc2a-209dff288a61
2025/11/08 14:46:50 INFO session created token=6fe84e16-78f9-4f45-ab45-c6cd1bdefdfe name=User_80_80
2025/11/08 14:46:50 INFO session updated token=6fe84e16-78f9-4f45-ab45-c6cd1bdefdfe tableID=0xc0003a2730 seatIndex=0xc0003a4460
2025/11/08 14:46:50 INFO session removed token=6fe84e16-78f9-4f45-ab45-c6cd1bdefdfe
2025/11/08 14:46:50 INFO session created token=c66190d3-932d-4e48-8946-6e92ba2110f9 name=User_80_81
2025/11/08 14:46:50 INFO session updated token=c66190d3-932d-4e48-8946-6e92ba2110f9 tableID=0xc0003a2780 seatIndex=0xc0003a44b0
2025/11/08 14:46:50 INFO session removed token=c66190d3-932d-4e48-8946-6e92ba2110f9
2025/11/08 14:46:50 INFO session created token=08325ebb-308d-4252-8d3e-6f079ef7c7a2 name=User_80_82
2025/11/08 14:46:50 INFO session updated token=08325ebb-308d-4252-8d3e-6f079ef7c7a2 tableID=0xc0003a27d0 seatIndex=0xc0003a4500
2025/11/08 14:46:50 INFO session removed token=08325ebb-308d-4252-8d3e-6f079ef7c7a2
2025/11/08 14:46:50 INFO session created token=da41f90b-cac9-43ee-a39d-41001ef77c33 name=User_80_83
2025/11/08 14:46:50 INFO session updated token=da41f90b-cac9-43ee-a39d-41001ef77c33 tableID=0xc0003a2820 seatIndex=0xc0003a4550
2025/11/08 14:46:50 INFO session removed token=da41f90b-cac9-43ee-a39d-41001ef77c33
2025/11/08 14:46:50 INFO session created token=c28bc007-0791-4f67-93b5-af05314ed521 name=User_80_84
2025/11/08 14:46:50 INFO session updated token=c28bc007-0791-4f67-93b5-af05314ed521 tableID=0xc0003a2870 seatIndex=0xc0003a45a0
2025/11/08 14:46:50 INFO session removed token=c28bc007-0791-4f67-93b5-af05314ed521
2025/11/08 14:46:50 INFO session created token=e25d3c13-fefc-449a-97c5-723cec04938d name=User_80_85
2025/11/08 14:46:50 INFO session updated token=e25d3c13-fefc-449a-97c5-723cec04938d tableID=0xc0003a28c0 seatIndex=0xc0003a45f0
2025/11/08 14:46:50 INFO session removed token=e25d3c13-fefc-449a-97c5-723cec04938d
2025/11/08 14:46:50 INFO session created token=c73f530f-d065-4911-a3b3-917d58c9dda9 name=User_80_86
2025/11/08 14:46:50 INFO session updated token=c73f530f-d065-4911-a3b3-917d58c9dda9 tableID=0xc0003a2910 seatIndex=0xc0003a4640
2025/11/08 14:46:50 INFO session removed token=c73f530f-d065-4911-a3b3-917d58c9dda9
2025/11/08 14:46:50 INFO session created token=7aea2ffc-94e3-4451-bae8-dff81ae71f8c name=User_80_87
2025/11/08 14:46:50 INFO session updated token=7aea2ffc-94e3-4451-bae8-dff81ae71f8c tableID=0xc0003a2960 seatIndex=0xc0003a4690
2025/11/08 14:46:50 INFO session removed token=7aea2ffc-94e3-4451-bae8-dff81ae71f8c
2025/11/08 14:46:50 INFO session created token=a8cf9405-28cc-439c-b99b-0e178baae1fb name=User_80_88
2025/11/08 14:46:50 INFO session updated token=a8cf9405-28cc-439c-b99b-0e178baae1fb tableID=0xc0003a29b0 seatIndex=0xc0003a46e0
2025/11/08 14:46:50 INFO session removed token=a8cf9405-28cc-439c-b99b-0e178baae1fb
2025/11/08 14:46:50 INFO session created token=ca0861a4-f492-45a0-b04e-266a0397ee45 name=User_80_89
2025/11/08 14:46:50 INFO session updated token=ca0861a4-f492-45a0-b04e-266a0397ee45 tableID=0xc0003a2a00 seatIndex=0xc0003a4730
2025/11/08 14:46:50 INFO session removed token=ca0861a4-f492-45a0-b04e-266a0397ee45
2025/11/08 14:46:50 INFO session created token=c47fdfbb-7a9e-4048-88c2-7de87b9a3054 name=User_80_90
2025/11/08 14:46:50 INFO session updated token=c47fdfbb-7a9e-4048-88c2-7de87b9a3054 tableID=0xc0003a2a50 seatIndex=0xc0003a4780
2025/11/08 14:46:50 INFO session removed token=c47fdfbb-7a9e-4048-88c2-7de87b9a3054
2025/11/08 14:46:50 INFO session created token=a996ce7b-ad23-4945-8e01-178467a50b44 name=User_80_91
2025/11/08 14:46:50 INFO session updated token=a996ce7b-ad23-4945-8e01-178467a50b44 tableID=0xc0003a2aa0 seatIndex=0xc0003a47d0
2025/11/08 14:46:50 INFO session removed token=a996ce7b-ad23-4945-8e01-178467a50b44
2025/11/08 14:46:50 INFO session created token=716aa1ae-4f0c-4554-872b-722e801251b1 name=User_80_92
2025/11/08 14:46:50 INFO session updated token=716aa1ae-4f0c-4554-872b-722e801251b1 tableID=0xc0003a2af0 seatIndex=0xc0003a4820
2025/11/08 14:46:50 INFO session removed token=716aa1ae-4f0c-4554-872b-722e801251b1
2025/11/08 14:46:50 INFO session created token=6b17a494-f20a-475e-8f5f-64a64ca426b3 name=User_80_93
2025/11/08 14:46:50 INFO session updated token=6b17a494-f20a-475e-8f5f-64a64ca426b3 tableID=0xc0003a2b40 seatIndex=0xc0003a4870
2025/11/08 14:46:50 INFO session removed token=6b17a494-f20a-475e-8f5f-64a64ca426b3
2025/11/08 14:46:50 INFO session created token=fcdf9afe-25a0-480c-9ba3-0c8bf725bdac name=User_80_94
2025/11/08 14:46:50 INFO session updated token=fcdf9afe-25a0-480c-9ba3-0c8bf725bdac tableID=0xc0003a2b90 seatIndex=0xc0003a48c0
2025/11/08 14:46:50 INFO session removed token=fcdf9afe-25a0-480c-9ba3-0c8bf725bdac
2025/11/08 14:46:50 INFO session created token=6f547eac-f951-450d-b82c-9abf8008d681 name=User_80_95
2025/11/08 14:46:50 INFO session updated token=6f547eac-f951-450d-b82c-9abf8008d681 tableID=0xc0003a2be0 seatIndex=0xc0003a4910
2025/11/08 14:46:50 INFO session removed token=6f547eac-f951-450d-b82c-9abf8008d681
2025/11/08 14:46:50 INFO session created token=33f65b50-92a5-4e43-96f6-98149ce3c2a3 name=User_80_96
2025/11/08 14:46:50 INFO session updated token=33f65b50-92a5-4e43-96f6-98149ce3c2a3 tableID=0xc0003a2c30 seatIndex=0xc0003a4960
2025/11/08 14:46:50 INFO session removed token=33f65b50-92a5-4e43-96f6-98149ce3c2a3
2025/11/08 14:46:50 INFO session created token=657a87b8-c1e6-4032-8370-80bd04cb5278 name=User_80_97
2025/11/08 14:46:50 INFO session updated token=657a87b8-c1e6-4032-8370-80bd04cb5278 tableID=0xc0003a2c80 seatIndex=0xc0003a49b0
2025/11/08 14:46:50 INFO session removed token=657a87b8-c1e6-4032-8370-80bd04cb5278
2025/11/08 14:46:50 INFO session created token=62c8cd53-988d-4067-bd60-246e1dc37bd8 name=User_80_98
2025/11/08 14:46:50 INFO session updated token=62c8cd53-988d-4067-bd60-246e1dc37bd8 tableID=0xc0003a2cd0 seatIndex=0xc0003a4a00
2025/11/08 14:46:50 INFO session removed token=62c8cd53-988d-4067-bd60-246e1dc37bd8
2025/11/08 14:46:50 INFO session created token=0c57ab82-7c47-4147-b66f-296cd1662a7c name=User_80_99
2025/11/08 14:46:50 INFO session updated token=0c57ab82-7c47-4147-b66f-296cd1662a7c tableID=0xc0003a2d20 seatIndex=0xc0003a4a50
2025/11/08 14:46:50 INFO session removed token=0c57ab82-7c47-4147-b66f-296cd1662a7c
2025/11/08 14:46:50 INFO session created token=405be990-2805-4ee2-a7ef-aa8c363bc6ec name=User_59_38
2025/11/08 14:46:50 INFO session updated token=405be990-2805-4ee2-a7ef-aa8c363bc6ec tableID=0xc0003a2d70 seatIndex=0xc0003a4a80
2025/11/08 14:46:50 INFO session removed token=405be990-2805-4ee2-a7ef-aa8c363bc6ec
2025/11/08 14:46:50 INFO session created token=366f34c4-b216-42b2-a10a-b044736df90a name=User_59_39
2025/11/08 14:46:50 INFO session updated token=366f34c4-b216-42b2-a10a-b044736df90a tableID=0xc0003a2dc0 seatIndex=0xc0003a4ad0
2025/11/08 14:46:50 INFO session removed token=366f34c4-b216-42b2-a10a-b044736df90a
2025/11/08 14:46:50 INFO session created token=cbad11a9-29bc-45eb-b3d7-26671104cc46 name=User_59_40
2025/11/08 14:46:50 INFO session updated token=cbad11a9-29bc-45eb-b3d7-26671104cc46 tableID=0xc0003a2e10 seatIndex=0xc0003a4b20
2025/11/08 14:46:50 INFO session removed token=cbad11a9-29bc-45eb-b3d7-26671104cc46
2025/11/08 14:46:50 INFO session created token=95aaabd6-264b-4db3-aff6-f7b8685815de name=User_59_41
2025/11/08 14:46:50 INFO session updated token=95aaabd6-264b-4db3-aff6-f7b8685815de tableID=0xc0003a2e60 seatIndex=0xc0003a4b70
2025/11/08 14:46:50 INFO session removed token=95aaabd6-264b-4db3-aff6-f7b8685815de
2025/11/08 14:46:50 INFO session created token=46340b2e-4c9e-4083-94f0-88b5a3ac0c6d name=User_59_42
2025/11/08 14:46:50 INFO session updated token=46340b2e-4c9e-4083-94f0-88b5a3ac0c6d tableID=0xc0003a2eb0 seatIndex=0xc0003a4bc0
2025/11/08 14:46:50 INFO session removed token=46340b2e-4c9e-4083-94f0-88b5a3ac0c6d
2025/11/08 14:46:50 INFO session created token=e386729f-b742-49e5-a363-9840fdbacf10 name=User_59_43
2025/11/08 14:46:50 INFO session updated token=e386729f-b742-49e5-a363-9840fdbacf10 tableID=0xc0003a2f00 seatIndex=0xc0003a4c10
2025/11/08 14:46:50 INFO session removed token=e386729f-b742-49e5-a363-9840fdbacf10
2025/11/08 14:46:50 INFO session created token=e41e4d15-e70f-44da-b9a2-a60dddf83ac6 name=User_59_44
2025/11/08 14:46:50 INFO session updated token=e41e4d15-e70f-44da-b9a2-a60dddf83ac6 tableID=0xc0003a2f50 seatIndex=0xc0003a4c60
2025/11/08 14:46:50 INFO session removed token=e41e4d15-e70f-44da-b9a2-a60dddf83ac6
2025/11/08 14:46:50 INFO session created token=1f2f588f-3357-489e-93ed-7542f96dbdc5 name=User_59_45
2025/11/08 14:46:50 INFO session updated token=1f2f588f-3357-489e-93ed-7542f96dbdc5 tableID=0xc0003a2fa0 seatIndex=0xc0003a4cb0
2025/11/08 14:46:50 INFO session removed token=1f2f588f-3357-489e-93ed-7542f96dbdc5
2025/11/08 14:46:50 INFO session created token=dbfa9156-5fb6-490e-bf1a-a19feb7d80af name=User_59_46
2025/11/08 14:46:50 INFO session updated token=dbfa9156-5fb6-490e-bf1a-a19feb7d80af tableID=0xc0003a2ff0 seatIndex=0xc0003a4d00
2025/11/08 14:46:50 INFO session removed token=dbfa9156-5fb6-490e-bf1a-a19feb7d80af
2025/11/08 14:46:50 INFO session created token=3eb9eb0e-670f-43bb-b39a-561517b305fb name=User_59_47
2025/11/08 14:46:50 INFO session updated token=3eb9eb0e-670f-43bb-b39a-561517b305fb tableID=0xc0003a3040 seatIndex=0xc0003a4d50
2025/11/08 14:46:50 INFO session removed token=3eb9eb0e-670f-43bb-b39a-561517b305fb
2025/11/08 14:46:50 INFO session created token=81ae78c2-f8c1-4044-a269-9d1b52e771c9 name=User_59_48
2025/11/08 14:46:50 INFO session updated token=81ae78c2-f8c1-4044-a269-9d1b52e771c9 tableID=0xc0003a3090 seatIndex=0xc0003a4da0
2025/11/08 14:46:50 INFO session removed token=81ae78c2-f8c1-4044-a269-9d1b52e771c9
2025/11/08 14:46:50 INFO session created token=5e84cfa7-4fa2-4515-ad56-a153ba93d3ed name=User_59_49
2025/11/08 14:46:50 INFO session updated token=5e84cfa7-4fa2-4515-ad56-a153ba93d3ed tableID=0xc0003a30e0 seatIndex=0xc0003a4df0
2025/11/08 14:46:50 INFO session removed token=5e84cfa7-4fa2-4515-ad56-a153ba93d3ed
2025/11/08 14:46:50 INFO session created token=f23974ea-54aa-41b5-a5ec-df2007918ad3 name=User_59_50
2025/11/08 14:46:50 INFO session updated token=f23974ea-54aa-41b5-a5ec-df2007918ad3 tableID=0xc0003a3130 seatIndex=0xc0003a4e40
2025/11/08 14:46:50 INFO session removed token=f23974ea-54aa-41b5-a5ec-df2007918ad3
2025/11/08 14:46:50 INFO session created token=39472d87-bd80-40f7-9d65-ba486f1016fb name=User_59_51
2025/11/08 14:46:50 INFO session updated token=39472d87-bd80-40f7-9d65-ba486f1016fb tableID=0xc0003a3180 seatIndex=0xc0003a4e90
2025/11/08 14:46:50 INFO session removed token=39472d87-bd80-40f7-9d65-ba486f1016fb
2025/11/08 14:46:50 INFO session created token=d338bcf3-deec-40bb-99f5-e22390868bbe name=User_59_52
2025/11/08 14:46:50 INFO session updated token=d338bcf3-deec-40bb-99f5-e22390868bbe tableID=0xc0003a31d0 seatIndex=0xc0003a4ee0
2025/11/08 14:46:50 INFO session removed token=d338bcf3-deec-40bb-99f5-e22390868bbe
2025/11/08 14:46:50 INFO session created token=45403aac-8907-41dc-87ee-d3ee9d0ddaa6 name=User_59_53
2025/11/08 14:46:50 INFO session updated token=45403aac-8907-41dc-87ee-d3ee9d0ddaa6 tableID=0xc0003a3220 seatIndex=0xc0003a4f30
2025/11/08 14:46:50 INFO session removed token=45403aac-8907-41dc-87ee-d3ee9d0ddaa6
2025/11/08 14:46:50 INFO session created token=6d02d887-c94f-4f70-8af8-64730c46ea6d name=User_59_54
2025/11/08 14:46:50 INFO session updated token=6d02d887-c94f-4f70-8af8-64730c46ea6d tableID=0xc0003a3270 seatIndex=0xc0003a4f80
2025/11/08 14:46:50 INFO session removed token=6d02d887-c94f-4f70-8af8-64730c46ea6d
2025/11/08 14:46:50 INFO session created token=22bf54fe-b414-445e-9fe5-9559a689031f name=User_59_55
2025/11/08 14:46:50 INFO session updated token=22bf54fe-b414-445e-9fe5-9559a689031f tableID=0xc0003a32c0 seatIndex=0xc0003a4fd0
2025/11/08 14:46:50 INFO session removed token=22bf54fe-b414-445e-9fe5-9559a689031f
2025/11/08 14:46:50 INFO session created token=b81d46c1-5848-416b-a1bf-f345860560bf name=User_59_56
2025/11/08 14:46:50 INFO session updated token=b81d46c1-5848-416b-a1bf-f345860560bf tableID=0xc0003a3310 seatIndex=0xc0003a5020
2025/11/08 14:46:50 INFO session removed token=b81d46c1-5848-416b-a1bf-f345860560bf
2025/11/08 14:46:50 INFO session created token=e3e3bead-5d82-4c07-abbb-7e2cea8f948e name=User_59_57
2025/11/08 14:46:50 INFO session updated token=e3e3bead-5d82-4c07-abbb-7e2cea8f948e tableID=0xc0003a3360 seatIndex=0xc0003a5070
2025/11/08 14:46:50 INFO session removed token=e3e3bead-5d82-4c07-abbb-7e2cea8f948e
2025/11/08 14:46:50 INFO session created token=ade13f27-f770-4f77-b6d4-74b31a0a3a51 name=User_59_58
2025/11/08 14:46:50 INFO session updated token=ade13f27-f770-4f77-b6d4-74b31a0a3a51 tableID=0xc0003a33b0 seatIndex=0xc0003a50c0
2025/11/08 14:46:50 INFO session removed token=ade13f27-f770-4f77-b6d4-74b31a0a3a51
2025/11/08 14:46:50 INFO session created token=bc1cabc1-e900-4615-8911-4713c6cf0cc2 name=User_59_59
2025/11/08 14:46:50 INFO session updated token=bc1cabc1-e900-4615-8911-4713c6cf0cc2 tableID=0xc0003a3400 seatIndex=0xc0003a5110
2025/11/08 14:46:50 INFO session removed token=bc1cabc1-e900-4615-8911-4713c6cf0cc2
2025/11/08 14:46:50 INFO session created token=f6930b3c-6eba-4dde-b69d-243e0246313e name=User_59_60
2025/11/08 14:46:50 INFO session updated token=f6930b3c-6eba-4dde-b69d-243e0246313e tableID=0xc0003a3450 seatIndex=0xc0003a5160
2025/11/08 14:46:50 INFO session removed token=f6930b3c-6eba-4dde-b69d-243e0246313e
2025/11/08 14:46:50 INFO session created token=75a1f783-1c58-41cd-94ed-d5d3c01eeac7 name=User_59_61
2025/11/08 14:46:50 INFO session updated token=75a1f783-1c58-41cd-94ed-d5d3c01eeac7 tableID=0xc0003a34a0 seatIndex=0xc0003a51b0
2025/11/08 14:46:50 INFO session removed token=75a1f783-1c58-41cd-94ed-d5d3c01eeac7
2025/11/08 14:46:50 INFO session created token=23ddc2aa-a7ea-4745-b302-9434ec9ed06a name=User_59_62
2025/11/08 14:46:50 INFO session updated token=23ddc2aa-a7ea-4745-b302-9434ec9ed06a tableID=0xc0003a34f0 seatIndex=0xc0003a5200
2025/11/08 14:46:50 INFO session removed token=23ddc2aa-a7ea-4745-b302-9434ec9ed06a
2025/11/08 14:46:50 INFO session created token=da9c8b6f-7431-4841-8088-569b8946fd9a name=User_59_63
2025/11/08 14:46:50 INFO session updated token=da9c8b6f-7431-4841-8088-569b8946fd9a tableID=0xc0003a3540 seatIndex=0xc0003a5250
2025/11/08 14:46:50 INFO session removed token=da9c8b6f-7431-4841-8088-569b8946fd9a
2025/11/08 14:46:50 INFO session created token=68191f02-9c45-4bfd-b2e0-39951256e696 name=User_59_64
2025/11/08 14:46:50 INFO session updated token=68191f02-9c45-4bfd-b2e0-39951256e696 tableID=0xc0003a3590 seatIndex=0xc0003a52a0
2025/11/08 14:46:50 INFO session removed token=68191f02-9c45-4bfd-b2e0-39951256e696
2025/11/08 14:46:50 INFO session created token=7bb1467c-70eb-4fed-84d8-1f26697d6410 name=User_59_65
2025/11/08 14:46:50 INFO session updated token=7bb1467c-70eb-4fed-84d8-1f26697d6410 tableID=0xc0003a35e0 seatIndex=0xc0003a52f0
2025/11/08 14:46:50 INFO session removed token=7bb1467c-70eb-4fed-84d8-1f26697d6410
2025/11/08 14:46:50 INFO session created token=b32b68fe-b821-4cef-8d5a-9029d550c8bb name=User_59_66
2025/11/08 14:46:50 INFO session updated token=b32b68fe-b821-4cef-8d5a-9029d550c8bb tableID=0xc0003a3630 seatIndex=0xc0003a5340
2025/11/08 14:46:50 INFO session removed token=b32b68fe-b821-4cef-8d5a-9029d550c8bb
2025/11/08 14:46:50 INFO session created token=87d965a5-7217-4ce3-aec2-2c14f0cb20cc name=User_59_67
2025/11/08 14:46:50 INFO session updated token=87d965a5-7217-4ce3-aec2-2c14f0cb20cc tableID=0xc0003a3680 seatIndex=0xc0003a5390
2025/11/08 14:46:50 INFO session removed token=87d965a5-7217-4ce3-aec2-2c14f0cb20cc
2025/11/08 14:46:50 INFO session created token=04aa1989-3fbd-4672-a88e-52c9b62c09f9 name=User_59_68
2025/11/08 14:46:50 INFO session updated token=04aa1989-3fbd-4672-a88e-52c9b62c09f9 tableID=0xc0003a36d0 seatIndex=0xc0003a53e0
2025/11/08 14:46:50 INFO session removed token=04aa1989-3fbd-4672-a88e-52c9b62c09f9
2025/11/08 14:46:50 INFO session created token=826a5170-ebc1-4721-b9ee-a0ab9e437446 name=User_59_69
2025/11/08 14:46:50 INFO session updated token=826a5170-ebc1-4721-b9ee-a0ab9e437446 tableID=0xc0003a3720 seatIndex=0xc0003a5430
2025/11/08 14:46:50 INFO session removed token=826a5170-ebc1-4721-b9ee-a0ab9e437446
2025/11/08 14:46:50 INFO session created token=c24424a7-1a38-4ab4-bbf5-ab38f4f6707b name=User_59_70
2025/11/08 14:46:50 INFO session updated token=c24424a7-1a38-4ab4-bbf5-ab38f4f6707b tableID=0xc0003a3770 seatIndex=0xc0003a5480
2025/11/08 14:46:50 INFO session removed token=c24424a7-1a38-4ab4-bbf5-ab38f4f6707b
2025/11/08 14:46:50 INFO session created token=b8eff060-fb99-4e38-a07b-6dd65a98adcf name=User_59_71
2025/11/08 14:46:50 INFO session updated token=b8eff060-fb99-4e38-a07b-6dd65a98adcf tableID=0xc0003a37c0 seatIndex=0xc0003a54d0
2025/11/08 14:46:50 INFO session removed token=b8eff060-fb99-4e38-a07b-6dd65a98adcf
2025/11/08 14:46:50 INFO session created token=0c89dd36-43be-4763-85c1-c83a284402aa name=User_59_72
2025/11/08 14:46:50 INFO session updated token=0c89dd36-43be-4763-85c1-c83a284402aa tableID=0xc0003a3810 seatIndex=0xc0003a5520
2025/11/08 14:46:50 INFO session removed token=0c89dd36-43be-4763-85c1-c83a284402aa
2025/11/08 14:46:50 INFO session created token=4be35ba2-85f7-4f07-b3d5-2ee6bea68345 name=User_59_73
2025/11/08 14:46:50 INFO session updated token=4be35ba2-85f7-4f07-b3d5-2ee6bea68345 tableID=0xc0003a3860 seatIndex=0xc0003a5570
2025/11/08 14:46:50 INFO session removed token=4be35ba2-85f7-4f07-b3d5-2ee6bea68345
2025/11/08 14:46:50 INFO session created token=a7139013-72d2-4ef9-93f8-9c1d83c35cc0 name=User_59_74
2025/11/08 14:46:50 INFO session updated token=a7139013-72d2-4ef9-93f8-9c1d83c35cc0 tableID=0xc0003a38b0 seatIndex=0xc0003a55c0
2025/11/08 14:46:50 INFO session removed token=a7139013-72d2-4ef9-93f8-9c1d83c35cc0
2025/11/08 14:46:50 INFO session created token=ac00b950-d4e1-46da-b053-d92c9a87f6f4 name=User_59_75
2025/11/08 14:46:50 INFO session updated token=ac00b950-d4e1-46da-b053-d92c9a87f6f4 tableID=0xc0003a3900 seatIndex=0xc0003a5610
2025/11/08 14:46:50 INFO session removed token=ac00b950-d4e1-46da-b053-d92c9a87f6f4
2025/11/08 14:46:50 INFO session created token=6e3fc2b8-0694-41c2-9eac-1221ced603b9 name=User_59_76
2025/11/08 14:46:50 INFO session updated token=6e3fc2b8-0694-41c2-9eac-1221ced603b9 tableID=0xc0003a3950 seatIndex=0xc0003a5660
2025/11/08 14:46:50 INFO session removed token=6e3fc2b8-0694-41c2-9eac-1221ced603b9
2025/11/08 14:46:50 INFO session created token=648ccc97-8bf9-4442-839d-c32c9f7a17d9 name=User_59_77
2025/11/08 14:46:50 INFO session updated token=648ccc97-8bf9-4442-839d-c32c9f7a17d9 tableID=0xc0003a39a0 seatIndex=0xc0003a56b0
2025/11/08 14:46:50 INFO session removed token=648ccc97-8bf9-4442-839d-c32c9f7a17d9
2025/11/08 14:46:50 INFO session created token=a1d93f50-8b33-40c9-b63e-11d7b0a3afee name=User_59_78
2025/11/08 14:46:50 INFO session updated token=a1d93f50-8b33-40c9-b63e-11d7b0a3afee tableID=0xc0003a39f0 seatIndex=0xc0003a5700
2025/11/08 14:46:50 INFO session removed token=a1d93f50-8b33-40c9-b63e-11d7b0a3afee
2025/11/08 14:46:50 INFO session created token=68a92765-0417-4555-9dd8-16a40197b325 name=User_59_79
2025/11/08 14:46:50 INFO session updated token=68a92765-0417-4555-9dd8-16a40197b325 tableID=0xc0003a3a40 seatIndex=0xc0003a5750
2025/11/08 14:46:50 INFO session removed token=68a92765-0417-4555-9dd8-16a40197b325
2025/11/08 14:46:50 INFO session created token=8cb8cd5e-84ec-40b4-ac02-f4dc8218519f name=User_59_80
2025/11/08 14:46:50 INFO session updated token=8cb8cd5e-84ec-40b4-ac02-f4dc8218519f tableID=0xc0003a3a90 seatIndex=0xc0003a57a0
2025/11/08 14:46:50 INFO session removed token=8cb8cd5e-84ec-40b4-ac02-f4dc8218519f
2025/11/08 14:46:50 INFO session created token=1618fca9-f0f0-461a-87f6-cbbca270d26a name=User_59_81
2025/11/08 14:46:50 INFO session updated token=1618fca9-f0f0-461a-87f6-cbbca270d26a tableID=0xc0003a3ae0 seatIndex=0xc0003a57f0
2025/11/08 14:46:50 INFO session removed token=1618fca9-f0f0-461a-87f6-cbbca270d26a
2025/11/08 14:46:50 INFO session created token=54b825fd-d3d5-4e29-9809-89be951d0598 name=User_59_82
2025/11/08 14:46:50 INFO session updated token=54b825fd-d3d5-4e29-9809-89be951d0598 tableID=0xc0003a3b30 seatIndex=0xc0003a5840
2025/11/08 14:46:50 INFO session removed token=54b825fd-d3d5-4e29-9809-89be951d0598
2025/11/08 14:46:50 INFO session created token=4dc477de-1dba-4c67-9518-c66f44fdf1ac name=User_59_83
2025/11/08 14:46:50 INFO session updated token=4dc477de-1dba-4c67-9518-c66f44fdf1ac tableID=0xc0003a3b80 seatIndex=0xc0003a5890
2025/11/08 14:46:50 INFO session removed token=4dc477de-1dba-4c67-9518-c66f44fdf1ac
2025/11/08 14:46:50 INFO session created token=fd798005-4d40-4dd3-b216-e0f13155eb5f name=User_59_84
2025/11/08 14:46:50 INFO session updated token=fd798005-4d40-4dd3-b216-e0f13155eb5f tableID=0xc0003a3bd0 seatIndex=0xc0003a58e0
2025/11/08 14:46:50 INFO session removed token=fd798005-4d40-4dd3-b216-e0f13155eb5f
2025/11/08 14:46:50 INFO session created token=78ebed63-d78d-4968-8384-e65ee9e68b71 name=User_59_85
2025/11/08 14:46:50 INFO session updated token=78ebed63-d78d-4968-8384-e65ee9e68b71 tableID=0xc0003a3c20 seatIndex=0xc0003a5930
2025/11/08 14:46:50 INFO session removed token=78ebed63-d78d-4968-8384-e65ee9e68b71
2025/11/08 14:46:50 INFO session created token=2ac9be94-5340-430b-9050-189efaa300f1 name=User_59_86
2025/11/08 14:46:50 INFO session updated token=2ac9be94-5340-430b-9050-189efaa300f1 tableID=0xc0003a3c70 seatIndex=0xc0003a5980
2025/11/08 14:46:50 INFO session removed token=2ac9be94-5340-430b-9050-189efaa300f1
2025/11/08 14:46:50 INFO session created token=0d1d7a1b-8ddb-4cd4-b0e5-009c4ca722be name=User_59_87
2025/11/08 14:46:50 INFO session updated token=0d1d7a1b-8ddb-4cd4-b0e5-009c4ca722be tableID=0xc0003a3cc0 seatIndex=0xc0003a59d0
2025/11/08 14:46:50 INFO session removed token=0d1d7a1b-8ddb-4cd4-b0e5-009c4ca722be
2025/11/08 14:46:50 INFO session created token=cbd4cc98-16ff-4421-bcf7-e2c3e53ef4c2 name=User_59_88
2025/11/08 14:46:50 INFO session updated token=cbd4cc98-16ff-4421-bcf7-e2c3e53ef4c2 tableID=0xc0003a3d10 seatIndex=0xc0003a5a20
2025/11/08 14:46:50 INFO session removed token=cbd4cc98-16ff-4421-bcf7-e2c3e53ef4c2
2025/11/08 14:46:50 INFO session created token=fc447386-6a0f-40b7-b560-517e83c6ae8c name=User_59_89
2025/11/08 14:46:50 INFO session updated token=fc447386-6a0f-40b7-b560-517e83c6ae8c tableID=0xc0003a3d60 seatIndex=0xc0003a5a70
2025/11/08 14:46:50 INFO session removed token=fc447386-6a0f-40b7-b560-517e83c6ae8c
2025/11/08 14:46:50 INFO session created token=9634c5f9-5da8-47a8-a4c1-595a67c42787 name=User_59_90
2025/11/08 14:46:50 INFO session updated token=9634c5f9-5da8-47a8-a4c1-595a67c42787 tableID=0xc0003a3db0 seatIndex=0xc0003a5ac0
2025/11/08 14:46:50 INFO session removed token=9634c5f9-5da8-47a8-a4c1-595a67c42787
2025/11/08 14:46:50 INFO session created token=58d84d3d-a9b2-4848-88b2-2592bdd01b2c name=User_59_91
2025/11/08 14:46:50 INFO session updated token=58d84d3d-a9b2-4848-88b2-2592bdd01b2c tableID=0xc0003a3e00 seatIndex=0xc0003a5b10
2025/11/08 14:46:50 INFO session removed token=58d84d3d-a9b2-4848-88b2-2592bdd01b2c
2025/11/08 14:46:50 INFO session created token=bff30af9-aa9d-4034-8fa5-13dfdbe81115 name=User_59_92
2025/11/08 14:46:50 INFO session updated token=d2d599fc-904b-4b73-82ff-a43638304a9d tableID=0xc000282d50 seatIndex=0xc000280d30
2025/11/08 14:46:50 INFO session removed token=d2d599fc-904b-4b73-82ff-a43638304a9d
2025/11/08 14:46:50 INFO session removed token=648c36b4-bcb5-466d-a344-cf5ade0ed593
2025/11/08 14:46:50 INFO session updated token=041d96ab-3f4e-456c-a0ef-c1a79b8430e4 tableID=0xc0000f3780 seatIndex=0xc0002115b0
2025/11/08 14:46:50 INFO session updated token=4d4bf6cf-7e46-4f35-b865-b0c3e23b3b00 tableID=0xc000283b90 seatIndex=0xc000281b80
2025/11/08 14:46:50 INFO session removed token=edff95b3-72f2-4492-b3e0-d7caf5e37808
2025/11/08 14:46:50 INFO session removed token=ba050ab4-f990-432b-8fed-493d676fa310
2025/11/08 14:46:50 INFO session removed token=b95dc269-0453-4dce-99f1-c5cfd0acae74
2025/11/08 14:46:50 INFO session updated token=3120be30-556c-4ae1-9c06-dcd755055ab4 tableID=0xc000283c00 seatIndex=0xc000281c10
2025/11/08 14:46:50 INFO session created token=742df4e0-1925-4372-b91c-b30acb8345ef name=User_8_20
2025/11/08 14:46:50 INFO session created token=f584ba28-478c-4016-ac33-a098e646918c name=User_24_69
2025/11/08 14:46:50 INFO session removed token=78f700d2-895e-4d5a-8d09-9375c0f6512c
2025/11/08 14:46:50 INFO session created token=6d6db446-634c-4c12-8416-c063c70bc563 name=User_74_31
2025/11/08 14:46:50 INFO session created token=a5caf1ff-4a8b-4a2a-91c0-532f72bea648 name=User_63_27
2025/11/08 14:46:50 INFO session created token=f0f99d3d-cb39-4722-aeee-8d0fdc61e24f name=User_13_17
2025/11/08 14:46:50 INFO session created token=3828f5a9-7dc8-44fd-a41f-a8bac5fc8c69 name=User_99_62
2025/11/08 14:46:50 INFO session updated token=caa73c0f-8577-4343-8f01-326a29524ac5 tableID=0xc00028e050 seatIndex=0xc000281f90
2025/11/08 14:46:50 INFO session updated token=399b19ba-9c15-4512-9c04-4226edb7a204 tableID=0xc0000f3860 seatIndex=0xc000211660
2025/11/08 14:46:50 INFO session updated token=5623bd5d-7dc2-4b25-bfea-308198862687 tableID=0xc0000f3880 seatIndex=0xc000211690
2025/11/08 14:46:50 INFO session updated token=2255125e-868c-44d3-b35e-7cccc37b306a tableID=0xc00028e1d0 seatIndex=0xc000290100
2025/11/08 14:46:50 INFO session removed token=5204c67a-fa6d-44f5-ae2e-4473f287992b
2025/11/08 14:46:50 INFO session created token=0d10046e-b205-41b9-839e-3717e2c74d5f name=User_53_25
2025/11/08 14:46:50 INFO session removed token=e8bac98c-29f9-494b-aac0-a0d20e7a44ff
2025/11/08 14:46:50 INFO session created token=239416a4-f1c0-413b-aac5-2359b2d9ba1b name=User_34_61
2025/11/08 14:46:50 INFO session created token=00907593-84de-40a4-9d4e-2aa2f65d64fc name=User_14_36
2025/11/08 14:46:50 INFO session updated token=f4c3d177-b772-41e7-8030-56585b534dda tableID=0xc0001a9400 seatIndex=0xc0001a1510
2025/11/08 14:46:50 INFO session updated token=7ba89ae3-24ac-40f4-93f6-6e5da0fcb082 tableID=0xc0000f3a00 seatIndex=0xc000211840
2025/11/08 14:46:50 INFO session updated token=dd103ce1-8b83-4b2c-aafe-e45d4b19b899 tableID=0xc0000f3a10 seatIndex=0xc000211850
2025/11/08 14:46:50 INFO session updated token=0ba5f1f4-e9e4-448a-a7a5-1226bea81a54 tableID=0xc0000f3a20 seatIndex=0xc000211860
2025/11/08 14:46:50 INFO session removed token=9b04e91a-8869-438d-aeba-5796f1d9dea9
2025/11/08 14:46:50 INFO session updated token=26bc702f-3a21-48c4-8522-0c8597cc1e70 tableID=0xc00028e280 seatIndex=0xc000290170
2025/11/08 14:46:50 INFO session updated token=843e23b2-dbdb-4718-9be4-de6cc09e4158 tableID=0xc00028e2a0 seatIndex=0xc000290180
2025/11/08 14:46:50 INFO session updated token=bf9f70bd-7775-47ef-a137-2403d4bf8d27 tableID=0xc00028e2b0 seatIndex=0xc000290190
2025/11/08 14:46:50 INFO session created token=7ee516cc-1cfa-47fc-9ca1-772fa6017d1d name=User_44_30
2025/11/08 14:46:50 INFO session updated token=b5daa0f5-dbcd-4a5f-b311-23aa3b9ca607 tableID=0xc00028e2c0 seatIndex=0xc0002901a0
2025/11/08 14:46:50 INFO session created token=3cc1957e-4792-425b-ad40-d5b94e917fb7 name=User_42_53
2025/11/08 14:46:50 INFO session created token=2c02a84b-f017-4884-a41f-b84851aef0ee name=User_88_26
2025/11/08 14:46:50 INFO session created token=9b1a1fa3-bca1-4ccd-8666-cb76673f54a1 name=User_84_83
2025/11/08 14:46:50 INFO session updated token=8d54ef0f-a795-4245-b75f-59a011fc7520 tableID=0xc0001a9240 seatIndex=0xc0001a1360
2025/11/08 14:46:50 INFO session updated token=b17d2159-f282-487e-9f6d-ebec4fb7d81b tableID=0xc0001a9440 seatIndex=0xc0001a1560
2025/11/08 14:46:50 INFO session updated token=af2cfa52-606e-4767-a3e8-fcbee5ece328 tableID=0xc000320560 seatIndex=0xc000322560
2025/11/08 14:46:50 INFO session removed token=d58f5d4b-22ea-4f07-ae86-c50664e76b4b
2025/11/08 14:46:50 INFO session removed token=528697f3-bfa1-4068-b987-e06eb2d5dce6
2025/11/08 14:46:50 INFO session removed token=12c6256c-0b4c-47f0-9e17-0a6ceb89539a
2025/11/08 14:46:50 INFO session removed token=d722f4ec-4eae-45a0-a502-0f6b1b2ecd61
2025/11/08 14:46:50 INFO session updated token=581146f7-2963-4249-ac39-73cfe6902461 tableID=0xc0003206b0 seatIndex=0xc0003226d0
2025/11/08 14:46:50 INFO session removed token=f77353e4-c7bf-43cc-84fb-073a48a1d7b3
2025/11/08 14:46:50 INFO session updated token=0e8e7bf9-1822-4097-b255-6521ec84aabd tableID=0xc0000f3a60 seatIndex=0xc0002118d0
2025/11/08 14:46:50 INFO session removed token=37096876-4ee9-44ba-b5b7-338597fe301c
2025/11/08 14:46:50 INFO session created token=49f75969-fea3-4fe1-92cc-920df5a46a8c name=User_9_23
2025/11/08 14:46:50 INFO session created token=8ceb97fb-69ab-43dc-bd93-8870c6d11185 name=User_64_17
2025/11/08 14:46:50 INFO session created token=08064645-24a4-45c3-87b2-32bc578041aa name=User_38_18
2025/11/08 14:46:50 INFO session created token=48f08722-bc01-4d27-92a2-33977ff6dfa5 name=User_28_43
2025/11/08 14:46:50 INFO session created token=b8cbb473-3e83-48ef-8375-a1636ba38d10 name=User_15_46
2025/11/08 14:46:50 INFO session created token=ae4414f8-1d63-43a1-b64b-0e155e908ea3 name=User_86_27
2025/11/08 14:46:50 INFO session updated token=1f8720be-dccd-44ca-9c26-c082e8891d9e tableID=0xc0000f3a80 seatIndex=0xc000211900
2025/11/08 14:46:50 INFO session created token=02a991da-adab-419c-967f-8d9b2ad3e9f5 name=User_52_23
2025/11/08 14:46:50 INFO session created token=da9349c4-352b-4bde-ba9a-8d547da3db87 name=User_35_35
2025/11/08 14:46:50 INFO session created token=97e2015a-a2dc-4bbe-8bbc-ce3890fb02ea name=User_16_19
2025/11/08 14:46:50 INFO session created token=a3e81679-a16d-4b82-9ea4-581a41516266 name=User_47_20
2025/11/08 14:46:50 INFO session created token=4228fedc-e6f6-4315-98d2-c0ac97b6bab0 name=User_76_24
2025/11/08 14:46:50 INFO session created token=9eb3ce54-ba3e-4771-a2b4-e2164376bce0 name=User_93_38
2025/11/08 14:46:50 INFO session updated token=02a991da-adab-419c-967f-8d9b2ad3e9f5 tableID=0xc00011bf50 seatIndex=0xc0005cfd10
2025/11/08 14:46:50 INFO session removed token=02a991da-adab-419c-967f-8d9b2ad3e9f5
2025/11/08 14:46:50 INFO session updated token=29dedea4-5cf8-46aa-a5af-494963a9a485 tableID=0xc000320700 seatIndex=0xc0003226e0
2025/11/08 14:46:50 INFO session updated token=bff30af9-aa9d-4034-8fa5-13dfdbe81115 tableID=0xc00011bd10 seatIndex=0xc0005cfb60
2025/11/08 14:46:50 INFO session removed token=bff30af9-aa9d-4034-8fa5-13dfdbe81115
2025/11/08 14:46:50 INFO session created token=339ef5ea-ad78-4767-ad93-5c4235a46230 name=User_59_93
2025/11/08 14:46:50 INFO session created token=98ae6c58-113f-4d58-bdbf-9d27bb02aa2a name=User_6_19
2025/11/08 14:46:50 INFO session created token=014b40bb-e525-42de-9fc4-3bc45c3a2573 name=User_52_24
2025/11/08 14:46:50 INFO session updated token=339ef5ea-ad78-4767-ad93-5c4235a46230 tableID=0xc0003207a0 seatIndex=0xc000322780
2025/11/08 14:46:50 INFO session removed token=339ef5ea-ad78-4767-ad93-5c4235a46230
2025/11/08 14:46:50 INFO session created token=309ed42b-4bb2-47aa-b56c-86ccda0027f4 name=User_59_94
2025/11/08 14:46:50 INFO session updated token=309ed42b-4bb2-47aa-b56c-86ccda0027f4 tableID=0xc00028e560 seatIndex=0xc000290500
2025/11/08 14:46:50 INFO session removed token=309ed42b-4bb2-47aa-b56c-86ccda0027f4
2025/11/08 14:46:50 INFO session created token=8a9e0dc9-bb44-4447-ac4a-fcfdd8032f95 name=User_59_95
2025/11/08 14:46:50 INFO session updated token=8a9e0dc9-bb44-4447-ac4a-fcfdd8032f95 tableID=0xc00028e5b0 seatIndex=0xc000290550
2025/11/08 14:46:50 INFO session removed token=8a9e0dc9-bb44-4447-ac4a-fcfdd8032f95
2025/11/08 14:46:50 INFO session created token=47a74cfc-0c95-4c94-95b5-6fe638a45123 name=User_59_96
2025/11/08 14:46:50 INFO session updated token=47a74cfc-0c95-4c94-95b5-6fe638a45123 tableID=0xc00028e600 seatIndex=0xc0002905a0
2025/11/08 14:46:50 INFO session removed token=47a74cfc-0c95-4c94-95b5-6fe638a45123
2025/11/08 14:46:50 INFO session created token=463cee52-a827-4fff-b6e1-1d68c4509c91 name=User_59_97
2025/11/08 14:46:50 INFO session updated token=463cee52-a827-4fff-b6e1-1d68c4509c91 tableID=0xc00028e650 seatIndex=0xc0002905f0
2025/11/08 14:46:50 INFO session removed token=463cee52-a827-4fff-b6e1-1d68c4509c91
2025/11/08 14:46:50 INFO session created token=be06b384-b11d-4a45-af41-a7e4afd85237 name=User_59_98
2025/11/08 14:46:50 INFO session updated token=be06b384-b11d-4a45-af41-a7e4afd85237 tableID=0xc00028e6a0 seatIndex=0xc000290640
2025/11/08 14:46:50 INFO session removed token=be06b384-b11d-4a45-af41-a7e4afd85237
2025/11/08 14:46:50 INFO session created token=73e1916c-e376-46f8-9568-7b644975a49a name=User_59_99
2025/11/08 14:46:50 INFO session removed token=041d96ab-3f4e-456c-a0ef-c1a79b8430e4
2025/11/08 14:46:50 INFO session created token=dcc72584-7d93-4a5a-8dcf-d8522090d2db name=User_22_30
2025/11/08 14:46:50 INFO session updated token=dcc72584-7d93-4a5a-8dcf-d8522090d2db tableID=0xc0000f3d70 seatIndex=0xc000211b80
2025/11/08 14:46:50 INFO session removed token=dcc72584-7d93-4a5a-8dcf-d8522090d2db
2025/11/08 14:46:50 INFO session created token=f659e3eb-bdd5-4e55-ad2b-6471d8dd5db2 name=User_22_31
2025/11/08 14:46:50 INFO session updated token=f659e3eb-bdd5-4e55-ad2b-6471d8dd5db2 tableID=0xc0000f3dc0 seatIndex=0xc000211bd0
2025/11/08 14:46:50 INFO session removed token=f659e3eb-bdd5-4e55-ad2b-6471d8dd5db2
2025/11/08 14:46:50 INFO session created token=b031f6b3-9de8-42be-9b9a-0c5386540143 name=User_22_32
2025/11/08 14:46:50 INFO session updated token=b031f6b3-9de8-42be-9b9a-0c5386540143 tableID=0xc0000f3e10 seatIndex=0xc000211c20
2025/11/08 14:46:50 INFO session removed token=b031f6b3-9de8-42be-9b9a-0c5386540143
2025/11/08 14:46:50 INFO session created token=ae642823-f552-4b2d-881f-cee6e606567a name=User_22_33
2025/11/08 14:46:50 INFO session updated token=ae642823-f552-4b2d-881f-cee6e606567a tableID=0xc0000f3e60 seatIndex=0xc000211c70
2025/11/08 14:46:50 INFO session removed token=ae642823-f552-4b2d-881f-cee6e606567a
2025/11/08 14:46:50 INFO session created token=cb040099-c90b-4bab-b9c4-1dfcf1d62bc5 name=User_22_34
2025/11/08 14:46:50 INFO session updated token=cb040099-c90b-4bab-b9c4-1dfcf1d62bc5 tableID=0xc0000f3eb0 seatIndex=0xc000211cc0
2025/11/08 14:46:50 INFO session removed token=cb040099-c90b-4bab-b9c4-1dfcf1d62bc5
2025/11/08 14:46:50 INFO session created token=a38b98f1-5f9d-40bb-827a-05d3424dcfcf name=User_22_35
2025/11/08 14:46:50 INFO session updated token=a38b98f1-5f9d-40bb-827a-05d3424dcfcf tableID=0xc0000f3f00 seatIndex=0xc000211d10
2025/11/08 14:46:50 INFO session removed token=a38b98f1-5f9d-40bb-827a-05d3424dcfcf
2025/11/08 14:46:50 INFO session created token=377e0545-b9f7-42cc-9797-5fe4191049e0 name=User_22_36
2025/11/08 14:46:50 INFO session updated token=377e0545-b9f7-42cc-9797-5fe4191049e0 tableID=0xc0000f3f50 seatIndex=0xc000211d60
2025/11/08 14:46:50 INFO session removed token=377e0545-b9f7-42cc-9797-5fe4191049e0
2025/11/08 14:46:50 INFO session created token=f1414746-eb56-4030-92fa-31e53dacdb18 name=User_22_37
2025/11/08 14:46:50 INFO session updated token=f1414746-eb56-4030-92fa-31e53dacdb18 tableID=0xc000224020 seatIndex=0xc000211db0
2025/11/08 14:46:50 INFO session removed token=f1414746-eb56-4030-92fa-31e53dacdb18
2025/11/08 14:46:50 INFO session created token=424bff2e-afeb-4bae-8e86-759f365993d9 name=User_22_38
2025/11/08 14:46:50 INFO session updated token=424bff2e-afeb-4bae-8e86-759f365993d9 tableID=0xc000224070 seatIndex=0xc000211e00
2025/11/08 14:46:50 INFO session removed token=424bff2e-afeb-4bae-8e86-759f365993d9
2025/11/08 14:46:50 INFO session created token=7f4d8d1f-cbcc-41f1-846e-8b339ed6a5dc name=User_22_39
2025/11/08 14:46:50 INFO session updated token=7f4d8d1f-cbcc-41f1-846e-8b339ed6a5dc tableID=0xc0002240c0 seatIndex=0xc000211e50
2025/11/08 14:46:50 INFO session removed token=7f4d8d1f-cbcc-41f1-846e-8b339ed6a5dc
2025/11/08 14:46:50 INFO session created token=34a92e95-3792-428e-84b8-d5f6b9d3a40b name=User_22_40
2025/11/08 14:46:50 INFO session updated token=34a92e95-3792-428e-84b8-d5f6b9d3a40b tableID=0xc000224110 seatIndex=0xc000211ea0
2025/11/08 14:46:50 INFO session removed token=34a92e95-3792-428e-84b8-d5f6b9d3a40b
2025/11/08 14:46:50 INFO session created token=6812e9e0-8b93-40f9-9916-93a7a790fd8a name=User_22_41
2025/11/08 14:46:50 INFO session created token=ef0df0b5-474a-49fa-8736-1175f7a9611b name=User_70_60
2025/11/08 14:46:50 INFO session created token=63a4c625-15ac-453b-b135-bff92a51d533 name=User_18_43
2025/11/08 14:46:50 INFO session updated token=ef0df0b5-474a-49fa-8736-1175f7a9611b tableID=0xc000224160 seatIndex=0xc000211ef0
2025/11/08 14:46:50 INFO session removed token=ef0df0b5-474a-49fa-8736-1175f7a9611b
2025/11/08 14:46:50 INFO session created token=076bc4ed-02f4-4934-9c0d-e0527d2ff827 name=User_70_61
2025/11/08 14:46:50 INFO session updated token=076bc4ed-02f4-4934-9c0d-e0527d2ff827 tableID=0xc0001a99b0 seatIndex=0xc0001a1a80
2025/11/08 14:46:50 INFO session removed token=076bc4ed-02f4-4934-9c0d-e0527d2ff827
2025/11/08 14:46:50 INFO session created token=a4a8d6d6-c810-4ae6-8b31-9cb6bf86f8fc name=User_70_62
2025/11/08 14:46:50 INFO session updated token=a4a8d6d6-c810-4ae6-8b31-9cb6bf86f8fc tableID=0xc0001a9a00 seatIndex=0xc0001a1ad0
2025/11/08 14:46:50 INFO session removed token=a4a8d6d6-c810-4ae6-8b31-9cb6bf86f8fc
2025/11/08 14:46:50 INFO session created token=a10b0bb4-ccf0-470d-aa6e-6c368193ddeb name=User_70_63
2025/11/08 14:46:50 INFO session updated token=a10b0bb4-ccf0-470d-aa6e-6c368193ddeb tableID=0xc0001a9a50 seatIndex=0xc0001a1b20
2025/11/08 14:46:50 INFO session removed token=a10b0bb4-ccf0-470d-aa6e-6c368193ddeb
2025/11/08 14:46:50 INFO session created token=a6047674-2ba3-40fc-9cff-191edf6aba8c name=User_70_64
2025/11/08 14:46:50 INFO session updated token=a6047674-2ba3-40fc-9cff-191edf6aba8c tableID=0xc0001a9aa0 seatIndex=0xc0001a1b70
2025/11/08 14:46:50 INFO session removed token=a6047674-2ba3-40fc-9cff-191edf6aba8c
2025/11/08 14:46:50 INFO session created token=18ad2324-c5d7-4ff8-bd10-ba5ec328486d name=User_70_65
2025/11/08 14:46:50 INFO session updated token=18ad2324-c5d7-4ff8-bd10-ba5ec328486d tableID=0xc0001a9af0 seatIndex=0xc0001a1bc0
2025/11/08 14:46:50 INFO session removed token=18ad2324-c5d7-4ff8-bd10-ba5ec328486d
2025/11/08 14:46:50 INFO session created token=432b8c1f-ee68-4c0e-a90a-01c66d7943e3 name=User_70_66
2025/11/08 14:46:50 INFO session updated token=432b8c1f-ee68-4c0e-a90a-01c66d7943e3 tableID=0xc0001a9b40 seatIndex=0xc0001a1c10
2025/11/08 14:46:50 INFO session removed token=432b8c1f-ee68-4c0e-a90a-01c66d7943e3
2025/11/08 14:46:50 INFO session created token=0d2c5ea3-fee6-43e4-b2e6-f02ddc62b1af name=User_70_67
2025/11/08 14:46:50 INFO session updated token=0d2c5ea3-fee6-43e4-b2e6-f02ddc62b1af tableID=0xc0001a9b90 seatIndex=0xc0001a1c60
2025/11/08 14:46:50 INFO session removed token=0d2c5ea3-fee6-43e4-b2e6-f02ddc62b1af
2025/11/08 14:46:50 INFO session created token=e62ae57c-d63f-457b-ab22-8f1ca769cfa9 name=User_70_68
2025/11/08 14:46:50 INFO session updated token=e62ae57c-d63f-457b-ab22-8f1ca769cfa9 tableID=0xc0001a9be0 seatIndex=0xc0001a1cb0
2025/11/08 14:46:50 INFO session removed token=e62ae57c-d63f-457b-ab22-8f1ca769cfa9
2025/11/08 14:46:50 INFO session created token=5178622b-5612-4ed4-abe7-205080380c93 name=User_70_69
2025/11/08 14:46:50 INFO session updated token=5178622b-5612-4ed4-abe7-205080380c93 tableID=0xc0001a9c30 seatIndex=0xc0001a1d00
2025/11/08 14:46:50 INFO session removed token=5178622b-5612-4ed4-abe7-205080380c93
2025/11/08 14:46:50 INFO session updated token=6812e9e0-8b93-40f9-9916-93a7a790fd8a tableID=0xc0001a9950 seatIndex=0xc0001a1a20
2025/11/08 14:46:50 INFO session removed token=6812e9e0-8b93-40f9-9916-93a7a790fd8a
2025/11/08 14:46:50 INFO session removed token=4d4bf6cf-7e46-4f35-b865-b0c3e23b3b00
2025/11/08 14:46:50 INFO session created token=0846ee49-9cd8-4c1c-9c6a-2977e6718129 name=User_10_18
2025/11/08 14:46:50 INFO session created token=56709b28-42ae-47e6-9fc0-503b156c9d0e name=User_22_42
2025/11/08 14:46:50 INFO session updated token=742df4e0-1925-4372-b91c-b30acb8345ef tableID=0xc0000f3ac0 seatIndex=0xc000211990
2025/11/08 14:46:50 INFO session removed token=742df4e0-1925-4372-b91c-b30acb8345ef
2025/11/08 14:46:50 INFO session created token=6cbb296d-0ea3-4f2c-aa61-e7359e6fbe98 name=User_8_21
2025/11/08 14:46:50 INFO session updated token=6cbb296d-0ea3-4f2c-aa61-e7359e6fbe98 tableID=0xc000320860 seatIndex=0xc000322850
2025/11/08 14:46:50 INFO session removed token=6cbb296d-0ea3-4f2c-aa61-e7359e6fbe98
2025/11/08 14:46:50 INFO session created token=7dbd68a5-2ed0-4374-a9ad-56a9109a35d4 name=User_8_22
2025/11/08 14:46:50 INFO session updated token=7dbd68a5-2ed0-4374-a9ad-56a9109a35d4 tableID=0xc0003208b0 seatIndex=0xc0003228a0
2025/11/08 14:46:50 INFO session removed token=7dbd68a5-2ed0-4374-a9ad-56a9109a35d4
2025/11/08 14:46:50 INFO session created token=44069c9b-7ea2-418f-8a69-32cdd4cc1b34 name=User_8_23
2025/11/08 14:46:50 INFO session updated token=44069c9b-7ea2-418f-8a69-32cdd4cc1b34 tableID=0xc000320900 seatIndex=0xc0003228f0
2025/11/08 14:46:50 INFO session removed token=44069c9b-7ea2-418f-8a69-32cdd4cc1b34
2025/11/08 14:46:50 INFO session created token=99f313a4-3d32-41e6-9454-1fa202841b12 name=User_8_24
2025/11/08 14:46:50 INFO session updated token=99f313a4-3d32-41e6-9454-1fa202841b12 tableID=0xc000320950 seatIndex=0xc000322940
2025/11/08 14:46:50 INFO session removed token=99f313a4-3d32-41e6-9454-1fa202841b12
2025/11/08 14:46:50 INFO session created token=ac32b8c3-7116-4def-9d7a-c6017337115b name=User_8_25
2025/11/08 14:46:50 INFO session created token=09ab72a1-222a-4622-95fb-92efbb5b135e name=User_11_37
2025/11/08 14:46:50 INFO session updated token=ac32b8c3-7116-4def-9d7a-c6017337115b tableID=0xc0003209a0 seatIndex=0xc000322990
2025/11/08 14:46:50 INFO session removed token=ac32b8c3-7116-4def-9d7a-c6017337115b
2025/11/08 14:46:50 INFO session created token=494998eb-4d74-448e-afab-f04795ea877f name=User_8_26
2025/11/08 14:46:50 INFO session updated token=494998eb-4d74-448e-afab-f04795ea877f tableID=0xc000320a00 seatIndex=0xc0003229f0
2025/11/08 14:46:50 INFO session removed token=494998eb-4d74-448e-afab-f04795ea877f
2025/11/08 14:46:50 INFO session created token=7da7e07a-03dd-4d17-a4f0-13400830e2cd name=User_8_27
2025/11/08 14:46:50 INFO session updated token=7da7e07a-03dd-4d17-a4f0-13400830e2cd tableID=0xc000320a50 seatIndex=0xc000322a40
2025/11/08 14:46:50 INFO session removed token=7da7e07a-03dd-4d17-a4f0-13400830e2cd
2025/11/08 14:46:50 INFO session created token=6e653b14-7e2f-40af-9312-d7acbdb4ea25 name=User_8_28
2025/11/08 14:46:50 INFO session updated token=6e653b14-7e2f-40af-9312-d7acbdb4ea25 tableID=0xc000320aa0 seatIndex=0xc000322a90
2025/11/08 14:46:50 INFO session removed token=6e653b14-7e2f-40af-9312-d7acbdb4ea25
2025/11/08 14:46:50 INFO session created token=321ed00c-5d1e-4294-91d1-22586a6b7db1 name=User_8_29
2025/11/08 14:46:50 INFO session updated token=321ed00c-5d1e-4294-91d1-22586a6b7db1 tableID=0xc000320af0 seatIndex=0xc000322ae0
2025/11/08 14:46:50 INFO session removed token=321ed00c-5d1e-4294-91d1-22586a6b7db1
2025/11/08 14:46:50 INFO session created token=333f8d13-87cb-4a31-9951-455d97e1bddb name=User_8_30
2025/11/08 14:46:50 INFO session updated token=333f8d13-87cb-4a31-9951-455d97e1bddb tableID=0xc000320b40 seatIndex=0xc000322b30
2025/11/08 14:46:50 INFO session removed token=333f8d13-87cb-4a31-9951-455d97e1bddb
2025/11/08 14:46:50 INFO session created token=34a46fdf-7a2f-4662-ae6a-f89319414347 name=User_8_31
2025/11/08 14:46:50 INFO session created token=a1eccc12-8c91-47ab-8729-5c66b7f02c23 name=User_20_52
2025/11/08 14:46:50 INFO session updated token=34a46fdf-7a2f-4662-ae6a-f89319414347 tableID=0xc000320b90 seatIndex=0xc000322b80
2025/11/08 14:46:50 INFO session removed token=34a46fdf-7a2f-4662-ae6a-f89319414347
2025/11/08 14:46:50 INFO session created token=0a060951-40c3-4f47-b5a9-79782594521d name=User_8_32
2025/11/08 14:46:50 INFO session updated token=0a060951-40c3-4f47-b5a9-79782594521d tableID=0xc000320bf0 seatIndex=0xc000322be0
2025/11/08 14:46:50 INFO session removed token=0a060951-40c3-4f47-b5a9-79782594521d
2025/11/08 14:46:50 INFO session created token=287dd8e9-8af3-4f01-805d-2103e3e1b447 name=User_8_33
2025/11/08 14:46:50 INFO session updated token=287dd8e9-8af3-4f01-805d-2103e3e1b447 tableID=0xc000320c40 seatIndex=0xc000322c30
2025/11/08 14:46:50 INFO session removed token=287dd8e9-8af3-4f01-805d-2103e3e1b447
2025/11/08 14:46:50 INFO session created token=c01d0651-40e6-417c-9a71-a00c032ce4f3 name=User_8_34
2025/11/08 14:46:50 INFO session updated token=6d6db446-634c-4c12-8416-c063c70bc563 tableID=0xc0000f3af0 seatIndex=0xc0002119c0
2025/11/08 14:46:50 INFO session removed token=6d6db446-634c-4c12-8416-c063c70bc563
2025/11/08 14:46:50 INFO session removed token=3120be30-556c-4ae1-9c06-dcd755055ab4
2025/11/08 14:46:50 INFO session created token=5afacb94-d07b-4a54-9696-97376622569f name=User_75_32
2025/11/08 14:46:50 INFO session updated token=f0f99d3d-cb39-4722-aeee-8d0fdc61e24f tableID=0xc0000f3b10 seatIndex=0xc0002119f0
2025/11/08 14:46:50 INFO session updated token=3828f5a9-7dc8-44fd-a41f-a8bac5fc8c69 tableID=0xc0000f3b20 seatIndex=0xc000211a00
2025/11/08 14:46:50 INFO session removed token=caa73c0f-8577-4343-8f01-326a29524ac5
2025/11/08 14:46:50 INFO session updated token=a5caf1ff-4a8b-4a2a-91c0-532f72bea648 tableID=0xc00028e3c0 seatIndex=0xc0002902e0
2025/11/08 14:46:50 INFO session updated token=f584ba28-478c-4016-ac33-a098e646918c tableID=0xc0000f3b30 seatIndex=0xc000211a10
2025/11/08 14:46:50 INFO session removed token=399b19ba-9c15-4512-9c04-4226edb7a204
2025/11/08 14:46:50 INFO session removed token=5623bd5d-7dc2-4b25-bfea-308198862687
2025/11/08 14:46:50 INFO session removed token=2255125e-868c-44d3-b35e-7cccc37b306a
2025/11/08 14:46:50 INFO session updated token=0d10046e-b205-41b9-839e-3717e2c74d5f tableID=0xc00028e3f0 seatIndex=0xc0002902f0
2025/11/08 14:46:50 INFO session updated token=239416a4-f1c0-413b-aac5-2359b2d9ba1b tableID=0xc00028e400 seatIndex=0xc000290300
2025/11/08 14:46:50 INFO session updated token=00907593-84de-40a4-9d4e-2aa2f65d64fc tableID=0xc00028e420 seatIndex=0xc000290330
2025/11/08 14:46:50 INFO session removed token=0ba5f1f4-e9e4-448a-a7a5-1226bea81a54
2025/11/08 14:46:50 INFO session created token=3f3f0a91-66e7-4fef-bda0-8187c8df7e27 name=User_98_27
2025/11/08 14:46:50 INFO session created token=d7dfd44d-ec95-4bde-9528-3698a7021d9b name=User_12_67
2025/11/08 14:46:50 INFO session updated token=3f3f0a91-66e7-4fef-bda0-8187c8df7e27 tableID=0xc0002242c0 seatIndex=0xc000234040
2025/11/08 14:46:50 INFO session created token=07f5a480-16c3-47a9-8e6a-121a34e63502 name=User_30_31
2025/11/08 14:46:50 INFO session created token=3a87580e-c075-4f8a-8961-bcec4876eaf8 name=User_19_27
2025/11/08 14:46:50 INFO session removed token=3f3f0a91-66e7-4fef-bda0-8187c8df7e27
2025/11/08 14:46:50 INFO session updated token=07f5a480-16c3-47a9-8e6a-121a34e63502 tableID=0xc00028e750 seatIndex=0xc0002906b0
2025/11/08 14:46:50 INFO session removed token=07f5a480-16c3-47a9-8e6a-121a34e63502
2025/11/08 14:46:50 INFO session created token=7334861a-0c40-4546-abe0-67d21fd88e2a name=User_30_32
2025/11/08 14:46:50 INFO session updated token=7334861a-0c40-4546-abe0-67d21fd88e2a tableID=0xc000224370 seatIndex=0xc0002340f0
2025/11/08 14:46:50 INFO session removed token=7334861a-0c40-4546-abe0-67d21fd88e2a
2025/11/08 14:46:50 INFO session created token=756ed3f4-3ddd-4a4f-8600-6fb120d5b800 name=User_30_33
2025/11/08 14:46:50 INFO session updated token=756ed3f4-3ddd-4a4f-8600-6fb120d5b800 tableID=0xc0002243c0 seatIndex=0xc000234140
2025/11/08 14:46:50 INFO session removed token=756ed3f4-3ddd-4a4f-8600-6fb120d5b800
2025/11/08 14:46:50 INFO session created token=3866a679-9fb0-4ac1-bb29-1f879f3b2a45 name=User_30_34
2025/11/08 14:46:50 INFO session updated token=3866a679-9fb0-4ac1-bb29-1f879f3b2a45 tableID=0xc000224410 seatIndex=0xc000234190
2025/11/08 14:46:50 INFO session removed token=3866a679-9fb0-4ac1-bb29-1f879f3b2a45
2025/11/08 14:46:50 INFO session created token=6befd34e-3aee-463c-bddb-924cf7319966 name=User_30_35
2025/11/08 14:46:50 INFO session updated token=6befd34e-3aee-463c-bddb-924cf7319966 tableID=0xc000224460 seatIndex=0xc0002341e0
2025/11/08 14:46:50 INFO session removed token=6befd34e-3aee-463c-bddb-924cf7319966
2025/11/08 14:46:50 INFO session removed token=0d10046e-b205-41b9-839e-3717e2c74d5f
2025/11/08 14:46:50 INFO session created token=15924e25-7442-42ec-8513-190ebb23c9af name=User_53_26
2025/11/08 14:46:50 INFO session created token=40528b44-9cbe-4ad6-8dd6-fb7c6f7ee720 name=User_30_36
2025/11/08 14:46:50 INFO session updated token=15924e25-7442-42ec-8513-190ebb23c9af tableID=0xc0001a9d20 seatIndex=0xc0001a1e10
2025/11/08 14:46:50 INFO session removed token=15924e25-7442-42ec-8513-190ebb23c9af
2025/11/08 14:46:50 INFO session removed token=7ba89ae3-24ac-40f4-93f6-6e5da0fcb082
2025/11/08 14:46:50 INFO session removed token=dd103ce1-8b83-4b2c-aafe-e45d4b19b899
2025/11/08 14:46:50 INFO session removed token=26bc702f-3a21-48c4-8522-0c8597cc1e70
2025/11/08 14:46:50 INFO session removed token=843e23b2-dbdb-4718-9be4-de6cc09e4158
2025/11/08 14:46:50 INFO session removed token=bf9f70bd-7775-47ef-a137-2403d4bf8d27
2025/11/08 14:46:50 INFO session removed token=b5daa0f5-dbcd-4a5f-b311-23aa3b9ca607
2025/11/08 14:46:50 INFO session updated token=7ee516cc-1cfa-47fc-9ca1-772fa6017d1d tableID=0xc00011bdb0 seatIndex=0xc0005cfc10
2025/11/08 14:46:50 INFO session updated token=3cc1957e-4792-425b-ad40-d5b94e917fb7 tableID=0xc00011bdf0 seatIndex=0xc0005cfc40
2025/11/08 14:46:50 INFO session updated token=2c02a84b-f017-4884-a41f-b84851aef0ee tableID=0xc00011be00 seatIndex=0xc0005cfc50
2025/11/08 14:46:50 INFO session updated token=9b1a1fa3-bca1-4ccd-8666-cb76673f54a1 tableID=0xc00011be10 seatIndex=0xc0005cfc60
2025/11/08 14:46:50 INFO session removed token=af2cfa52-606e-4767-a3e8-fcbee5ece328
2025/11/08 14:46:50 INFO session removed token=8d54ef0f-a795-4245-b75f-59a011fc7520
2025/11/08 14:46:50 INFO session removed token=b17d2159-f282-487e-9f6d-ebec4fb7d81b
2025/11/08 14:46:50 INFO session removed token=581146f7-2963-4249-ac39-73cfe6902461
2025/11/08 14:46:50 INFO session removed token=1f8720be-dccd-44ca-9c26-c082e8891d9e
2025/11/08 14:46:50 INFO session created token=071b7976-6c19-47e1-9695-6bcc1a662c2d name=User_72_22
2025/11/08 14:46:50 INFO session updated token=ef288e4c-34b9-47bb-814b-6967eae9fb92 tableID=0xc0000007e0 seatIndex=0xc000592650
2025/11/08 14:46:50 INFO session created token=7b6bec6a-9475-4492-9b64-d28a13077da8 name=User_17_42
2025/11/08 14:46:50 INFO session created token=bca8fe82-cecb-4dd2-bfa3-fdb321dbcd24 name=User_57_93
2025/11/08 14:46:50 INFO session created token=9a94ab78-f814-4b7b-9254-0a62bedbe141 name=User_46_77
2025/11/08 14:46:50 INFO session created token=1fcbb466-a608-4a16-9167-e83e45eed281 name=User_27_76
2025/11/08 14:46:50 INFO session removed token=0e8e7bf9-1822-4097-b255-6521ec84aabd
2025/11/08 14:46:50 INFO session updated token=97e2015a-a2dc-4bbe-8bbc-ce3890fb02ea tableID=0xc0000f3c70 seatIndex=0xc000211aa0
2025/11/08 14:46:50 INFO session updated token=a3e81679-a16d-4b82-9ea4-581a41516266 tableID=0xc0000f3c80 seatIndex=0xc000211ab0
2025/11/08 14:46:50 INFO session created token=5ed4763d-5a7b-46eb-9cf5-4ca07da90e9f name=User_37_40
2025/11/08 14:46:50 INFO session updated token=49f75969-fea3-4fe1-92cc-920df5a46a8c tableID=0xc0000f3c90 seatIndex=0xc000211ac0
2025/11/08 14:46:50 INFO session updated token=8ceb97fb-69ab-43dc-bd93-8870c6d11185 tableID=0xc0000f3ca0 seatIndex=0xc000211ad0
2025/11/08 14:46:50 INFO session updated token=da9349c4-352b-4bde-ba9a-8d547da3db87 tableID=0xc0001a9940 seatIndex=0xc0001a1a10
2025/11/08 14:46:50 INFO session updated token=08064645-24a4-45c3-87b2-32bc578041aa tableID=0xc0000f3cb0 seatIndex=0xc000211ae0
2025/11/08 14:46:50 INFO session updated token=4228fedc-e6f6-4315-98d2-c0ac97b6bab0 tableID=0xc0000f3cd0 seatIndex=0xc000211b10
2025/11/08 14:46:50 INFO session updated token=b8cbb473-3e83-48ef-8375-a1636ba38d10 tableID=0xc0000f3ce0 seatIndex=0xc000211b20
2025/11/08 14:46:50 INFO session updated token=9eb3ce54-ba3e-4771-a2b4-e2164376bce0 tableID=0xc0000f3cf0 seatIndex=0xc000211b30
2025/11/08 14:46:50 INFO session updated token=48f08722-bc01-4d27-92a2-33977ff6dfa5 tableID=0xc0000f3d00 seatIndex=0xc000211b40
2025/11/08 14:46:50 INFO session updated token=ae4414f8-1d63-43a1-b64b-0e155e908ea3 tableID=0xc000320730 seatIndex=0xc000322710
2025/11/08 14:46:50 INFO session created token=fe06a620-a69e-4d7b-9d55-9b016ccae8de name=User_95_17
2025/11/08 14:46:50 INFO session removed token=29dedea4-5cf8-46aa-a5af-494963a9a485
2025/11/08 14:46:50 INFO session updated token=014b40bb-e525-42de-9fc4-3bc45c3a2573 tableID=0xc00028e510 seatIndex=0xc0002904c0
2025/11/08 14:46:50 INFO session updated token=98ae6c58-113f-4d58-bdbf-9d27bb02aa2a tableID=0xc00028e520 seatIndex=0xc0002904d0
2025/11/08 14:46:50 INFO session updated token=73e1916c-e376-46f8-9568-7b644975a49a tableID=0xc0000f3d40 seatIndex=0xc000211b70
2025/11/08 14:46:50 INFO session removed token=73e1916c-e376-46f8-9568-7b644975a49a
2025/11/08 14:46:50 INFO session removed token=98ae6c58-113f-4d58-bdbf-9d27bb02aa2a
2025/11/08 14:46:50 INFO session updated token=63a4c625-15ac-453b-b135-bff92a51d533 tableID=0xc0001a9970 seatIndex=0xc0001a1a50
2025/11/08 14:46:50 INFO session removed token=63a4c625-15ac-453b-b135-bff92a51d533
2025/11/08 14:46:50 INFO session created token=0b735dc8-e207-40e8-aa0f-82fdc694affd name=User_6_20
2025/11/08 14:46:50 INFO session created token=a24e8e57-ef42-40a6-a265-db2619fdbb12 name=User_96_54
2025/11/08 14:46:50 INFO session created token=91d7bf13-01c6-4cf5-8a3b-897dd497d5f3 name=User_18_44
2025/11/08 14:46:50 INFO session updated token=0b735dc8-e207-40e8-aa0f-82fdc694affd tableID=0xc000224640 seatIndex=0xc000234490
2025/11/08 14:46:50 INFO session removed token=0b735dc8-e207-40e8-aa0f-82fdc694affd
2025/11/08 14:46:50 INFO session updated token=91d7bf13-01c6-4cf5-8a3b-897dd497d5f3 tableID=0xc0003a3ed0 seatIndex=0xc0003a5b80
2025/11/08 14:46:50 INFO session removed token=91d7bf13-01c6-4cf5-8a3b-897dd497d5f3
2025/11/08 14:46:50 INFO session created token=122ea8fd-14b0-4fc6-9549-ebff0e481c11 name=User_18_45
2025/11/08 14:46:50 INFO session updated token=122ea8fd-14b0-4fc6-9549-ebff0e481c11 tableID=0xc0003a3f20 seatIndex=0xc0003a5bd0
2025/11/08 14:46:50 INFO session removed token=122ea8fd-14b0-4fc6-9549-ebff0e481c11
2025/11/08 14:46:50 INFO session created token=82ac9e5b-a674-43c6-85c1-a9396ee2f340 name=User_18_46
2025/11/08 14:46:50 INFO session updated token=82ac9e5b-a674-43c6-85c1-a9396ee2f340 tableID=0xc0003a3f70 seatIndex=0xc0003a5c20
2025/11/08 14:46:50 INFO session removed token=82ac9e5b-a674-43c6-85c1-a9396ee2f340
2025/11/08 14:46:50 INFO session created token=51d50a9c-546e-4cf7-ac18-f2af2c645a33 name=User_18_47
2025/11/08 14:46:50 INFO session updated token=51d50a9c-546e-4cf7-ac18-f2af2c645a33 tableID=0xc0003c2040 seatIndex=0xc0003a5c70
2025/11/08 14:46:50 INFO session removed token=51d50a9c-546e-4cf7-ac18-f2af2c645a33
2025/11/08 14:46:50 INFO session created token=98073cb2-a011-4a6f-b862-fae6e17a3cb0 name=User_18_48
2025/11/08 14:46:50 INFO session updated token=98073cb2-a011-4a6f-b862-fae6e17a3cb0 tableID=0xc0003c2090 seatIndex=0xc0003a5cc0
2025/11/08 14:46:50 INFO session removed token=98073cb2-a011-4a6f-b862-fae6e17a3cb0
2025/11/08 14:46:50 INFO session created token=11f74f2e-4df5-4f56-ab7f-acd803238f64 name=User_18_49
2025/11/08 14:46:50 INFO session created token=f6657e42-42b4-494d-bee2-51006b50ce81 name=User_70_70
2025/11/08 14:46:50 INFO session updated token=11f74f2e-4df5-4f56-ab7f-acd803238f64 tableID=0xc0003c20e0 seatIndex=0xc0003a5d10
2025/11/08 14:46:50 INFO session removed token=11f74f2e-4df5-4f56-ab7f-acd803238f64
2025/11/08 14:46:50 INFO session created token=00f62343-52a1-4b53-aaa1-67ce2a5898eb name=User_18_50
2025/11/08 14:46:50 INFO session updated token=00f62343-52a1-4b53-aaa1-67ce2a5898eb tableID=0xc0003c2140 seatIndex=0xc0003a5d70
2025/11/08 14:46:50 INFO session removed token=00f62343-52a1-4b53-aaa1-67ce2a5898eb
2025/11/08 14:46:50 INFO session created token=c39f5c38-63a9-4025-8c68-3a593f614ec3 name=User_18_51
2025/11/08 14:46:50 INFO session updated token=c39f5c38-63a9-4025-8c68-3a593f614ec3 tableID=0xc0003c2190 seatIndex=0xc0003a5dc0
2025/11/08 14:46:50 INFO session removed token=c39f5c38-63a9-4025-8c68-3a593f614ec3
2025/11/08 14:46:50 INFO session created token=ca7a6dc4-ba71-474d-9f76-b566e3f1fb2d name=User_18_52
2025/11/08 14:46:50 INFO session updated token=ca7a6dc4-ba71-474d-9f76-b566e3f1fb2d tableID=0xc0003c21e0 seatIndex=0xc0003a5e10
2025/11/08 14:46:50 INFO session removed token=ca7a6dc4-ba71-474d-9f76-b566e3f1fb2d
2025/11/08 14:46:50 INFO session created token=086c5565-e3b8-4bfe-9c1b-704887ca97b6 name=User_18_53
2025/11/08 14:46:50 INFO session updated token=086c5565-e3b8-4bfe-9c1b-704887ca97b6 tableID=0xc0003c2230 seatIndex=0xc0003a5e60
2025/11/08 14:46:50 INFO session removed token=086c5565-e3b8-4bfe-9c1b-704887ca97b6
2025/11/08 14:46:50 INFO session created token=58f14665-6389-44c6-a3e1-b0a063d1c50a name=User_18_54
2025/11/08 14:46:50 INFO session updated token=58f14665-6389-44c6-a3e1-b0a063d1c50a tableID=0xc0003c2280 seatIndex=0xc0003a5eb0
2025/11/08 14:46:50 INFO session removed token=58f14665-6389-44c6-a3e1-b0a063d1c50a
2025/11/08 14:46:50 INFO session created token=48020edf-d6ca-438c-91ac-7fd1aaa52f6f name=User_18_55
2025/11/08 14:46:50 INFO session updated token=48020edf-d6ca-438c-91ac-7fd1aaa52f6f tableID=0xc0003c22d0 seatIndex=0xc0003a5f00
2025/11/08 14:46:50 INFO session removed token=48020edf-d6ca-438c-91ac-7fd1aaa52f6f
2025/11/08 14:46:50 INFO session updated token=0846ee49-9cd8-4c1c-9c6a-2977e6718129 tableID=0xc000320810 seatIndex=0xc000322810
2025/11/08 14:46:50 INFO session removed token=0846ee49-9cd8-4c1c-9c6a-2977e6718129
2025/11/08 14:46:50 INFO session created token=f75e0cec-61da-4b1d-b1f9-cf0d71441279 name=User_10_19
2025/11/08 14:46:50 INFO session updated token=f75e0cec-61da-4b1d-b1f9-cf0d71441279 tableID=0xc0002246c0 seatIndex=0xc000234530
2025/11/08 14:46:50 INFO session removed token=f75e0cec-61da-4b1d-b1f9-cf0d71441279
2025/11/08 14:46:50 INFO session created token=8429617b-8c72-4860-8add-fda839d93a19 name=User_10_20
2025/11/08 14:46:50 INFO session updated token=8429617b-8c72-4860-8add-fda839d93a19 tableID=0xc000224710 seatIndex=0xc000234580
2025/11/08 14:46:50 INFO session removed token=8429617b-8c72-4860-8add-fda839d93a19
2025/11/08 14:46:50 INFO session created token=83142bf8-b07e-4622-a642-bcf257170089 name=User_10_21
2025/11/08 14:46:50 INFO session updated token=83142bf8-b07e-4622-a642-bcf257170089 tableID=0xc000224760 seatIndex=0xc0002345d0
2025/11/08 14:46:50 INFO session removed token=83142bf8-b07e-4622-a642-bcf257170089
2025/11/08 14:46:50 INFO session created token=25149ae1-8731-477d-9246-70bf188dc68a name=User_10_22
2025/11/08 14:46:50 INFO session updated token=25149ae1-8731-477d-9246-70bf188dc68a tableID=0xc0002247b0 seatIndex=0xc000234620
2025/11/08 14:46:50 INFO session removed token=25149ae1-8731-477d-9246-70bf188dc68a
2025/11/08 14:46:50 INFO session created token=5992e526-b336-4f06-b897-64fa9280d116 name=User_10_23
2025/11/08 14:46:50 INFO session updated token=5992e526-b336-4f06-b897-64fa9280d116 tableID=0xc000224800 seatIndex=0xc000234670
2025/11/08 14:46:50 INFO session removed token=5992e526-b336-4f06-b897-64fa9280d116
2025/11/08 14:46:50 INFO session created token=3553c37b-b88a-4688-a7ff-6abc71347244 name=User_10_24
2025/11/08 14:46:50 INFO session updated token=56709b28-42ae-47e6-9fc0-503b156c9d0e tableID=0xc000320820 seatIndex=0xc000322820
2025/11/08 14:46:50 INFO session removed token=56709b28-42ae-47e6-9fc0-503b156c9d0e
2025/11/08 14:46:50 INFO session created token=a4a272cb-7b6d-4bac-9134-c9f60b7e1819 name=User_22_43
2025/11/08 14:46:50 INFO session updated token=a4a272cb-7b6d-4bac-9134-c9f60b7e1819 tableID=0xc0003c2350 seatIndex=0xc0003a5fa0
2025/11/08 14:46:50 INFO session removed token=a4a272cb-7b6d-4bac-9134-c9f60b7e1819
2025/11/08 14:46:50 INFO session created token=cea83f5d-31b1-4c96-8b23-026ea857f08b name=User_22_44
2025/11/08 14:46:50 INFO session updated token=cea83f5d-31b1-4c96-8b23-026ea857f08b tableID=0xc0003c23a0 seatIndex=0xc0003a5ff0
2025/11/08 14:46:50 INFO session removed token=cea83f5d-31b1-4c96-8b23-026ea857f08b
2025/11/08 14:46:50 INFO session created token=2ec3bc6b-2190-415c-adf6-ab55df36a0c3 name=User_22_45
2025/11/08 14:46:50 INFO session updated token=2ec3bc6b-2190-415c-adf6-ab55df36a0c3 tableID=0xc0003c23f0 seatIndex=0xc0003c4040
2025/11/08 14:46:50 INFO session removed token=2ec3bc6b-2190-415c-adf6-ab55df36a0c3
2025/11/08 14:46:50 INFO session updated token=09ab72a1-222a-4622-95fb-92efbb5b135e tableID=0xc0003209c0 seatIndex=0xc0003229c0
2025/11/08 14:46:50 INFO session removed token=09ab72a1-222a-4622-95fb-92efbb5b135e
2025/11/08 14:46:50 INFO session created token=441021fa-34df-4743-b660-a4a6e21a6137 name=User_11_38
2025/11/08 14:46:50 INFO session updated token=441021fa-34df-4743-b660-a4a6e21a6137 tableID=0xc000320d30 seatIndex=0xc000322d20
2025/11/08 14:46:50 INFO session removed token=441021fa-34df-4743-b660-a4a6e21a6137
2025/11/08 14:46:50 INFO session created token=2e5d2b3d-e3a5-4a2f-b177-ddc250a979b6 name=User_11_39
2025/11/08 14:46:50 INFO session updated token=2e5d2b3d-e3a5-4a2f-b177-ddc250a979b6 tableID=0xc000320d80 seatIndex=0xc000322d70
2025/11/08 14:46:50 INFO session removed token=2e5d2b3d-e3a5-4a2f-b177-ddc250a979b6
2025/11/08 14:46:50 INFO session created token=89446eeb-7fb4-40a3-9793-6798ce12abdd name=User_11_40
2025/11/08 14:46:50 INFO session updated token=89446eeb-7fb4-40a3-9793-6798ce12abdd tableID=0xc000320dd0 seatIndex=0xc000322dc0
2025/11/08 14:46:50 INFO session removed token=89446eeb-7fb4-40a3-9793-6798ce12abdd
2025/11/08 14:46:50 INFO session created token=6ec97554-beca-4465-be13-6a64041ccde7 name=User_11_41
2025/11/08 14:46:50 INFO session updated token=6ec97554-beca-4465-be13-6a64041ccde7 tableID=0xc000320e20 seatIndex=0xc000322e10
2025/11/08 14:46:50 INFO session removed token=6ec97554-beca-4465-be13-6a64041ccde7
2025/11/08 14:46:50 INFO session created token=0777be6d-80d6-400d-8297-c15284a5e744 name=User_11_42
2025/11/08 14:46:50 INFO session updated token=0777be6d-80d6-400d-8297-c15284a5e744 tableID=0xc000320e70 seatIndex=0xc000322e60
2025/11/08 14:46:50 INFO session removed token=0777be6d-80d6-400d-8297-c15284a5e744
2025/11/08 14:46:50 INFO session created token=0b5ab881-69c6-4958-8ab5-9e1e118ad41a name=User_11_43
2025/11/08 14:46:50 INFO session updated token=0b5ab881-69c6-4958-8ab5-9e1e118ad41a tableID=0xc000320ec0 seatIndex=0xc000322eb0
2025/11/08 14:46:50 INFO session removed token=0b5ab881-69c6-4958-8ab5-9e1e118ad41a
2025/11/08 14:46:50 INFO session created token=00093d09-e37c-4695-8002-aeb30e419a88 name=User_11_44
2025/11/08 14:46:50 INFO session updated token=00093d09-e37c-4695-8002-aeb30e419a88 tableID=0xc000320f10 seatIndex=0xc000322f00
2025/11/08 14:46:50 INFO session removed token=00093d09-e37c-4695-8002-aeb30e419a88
2025/11/08 14:46:50 INFO session created token=762abe81-bd20-46ab-9bba-be5e1afc09fb name=User_11_45
2025/11/08 14:46:50 INFO session updated token=762abe81-bd20-46ab-9bba-be5e1afc09fb tableID=0xc000320f60 seatIndex=0xc000322f50
2025/11/08 14:46:50 INFO session removed token=762abe81-bd20-46ab-9bba-be5e1afc09fb
2025/11/08 14:46:50 INFO session created token=51f46862-171b-4925-81a6-8d94e00d163d name=User_11_46
2025/11/08 14:46:50 INFO session updated token=51f46862-171b-4925-81a6-8d94e00d163d tableID=0xc000320fb0 seatIndex=0xc000322fa0
2025/11/08 14:46:50 INFO session removed token=51f46862-171b-4925-81a6-8d94e00d163d
2025/11/08 14:46:50 INFO session created token=c7b4c598-0ae8-49ed-8c49-93b09b4ce39a name=User_11_47
2025/11/08 14:46:50 INFO session updated token=c7b4c598-0ae8-49ed-8c49-93b09b4ce39a tableID=0xc000321000 seatIndex=0xc000322ff0
2025/11/08 14:46:50 INFO session removed token=c7b4c598-0ae8-49ed-8c49-93b09b4ce39a
2025/11/08 14:46:50 INFO session created token=908aa8f5-81bd-45cf-badb-ea66befee0f6 name=User_11_48
2025/11/08 14:46:50 INFO session updated token=908aa8f5-81bd-45cf-badb-ea66befee0f6 tableID=0xc000321050 seatIndex=0xc000323040
2025/11/08 14:46:50 INFO session removed token=908aa8f5-81bd-45cf-badb-ea66befee0f6
2025/11/08 14:46:50 INFO session updated token=a1eccc12-8c91-47ab-8729-5c66b7f02c23 tableID=0xc000320bb0 seatIndex=0xc000322bb0
2025/11/08 14:46:50 INFO session removed token=a1eccc12-8c91-47ab-8729-5c66b7f02c23
2025/11/08 14:46:50 INFO session updated token=c01d0651-40e6-417c-9a71-a00c032ce4f3 tableID=0xc0002241a0 seatIndex=0xc000211f20
2025/11/08 14:46:50 INFO session removed token=c01d0651-40e6-417c-9a71-a00c032ce4f3
2025/11/08 14:46:50 INFO session created token=57ed8d8b-afab-4489-8344-3a2ecf171047 name=User_8_35
2025/11/08 14:46:50 INFO session updated token=57ed8d8b-afab-4489-8344-3a2ecf171047 tableID=0xc0003210c0 seatIndex=0xc0003230d0
2025/11/08 14:46:50 INFO session removed token=57ed8d8b-afab-4489-8344-3a2ecf171047
2025/11/08 14:46:50 INFO session created token=780e94f8-4d48-47e5-ab99-d16f824471b4 name=User_8_36
2025/11/08 14:46:50 INFO session updated token=780e94f8-4d48-47e5-ab99-d16f824471b4 tableID=0xc000321110 seatIndex=0xc000323120
2025/11/08 14:46:50 INFO session removed token=780e94f8-4d48-47e5-ab99-d16f824471b4
2025/11/08 14:46:50 INFO session created token=093b000e-fd1d-446b-9c75-31c3a23dcac2 name=User_8_37
2025/11/08 14:46:50 INFO session updated token=093b000e-fd1d-446b-9c75-31c3a23dcac2 tableID=0xc000321160 seatIndex=0xc000323170
2025/11/08 14:46:50 INFO session removed token=093b000e-fd1d-446b-9c75-31c3a23dcac2
2025/11/08 14:46:50 INFO session created token=61f29a1f-bb09-4cff-b856-e962f0dde831 name=User_8_38
2025/11/08 14:46:50 INFO session updated token=61f29a1f-bb09-4cff-b856-e962f0dde831 tableID=0xc0003211b0 seatIndex=0xc0003231c0
2025/11/08 14:46:50 INFO session removed token=61f29a1f-bb09-4cff-b856-e962f0dde831
2025/11/08 14:46:50 INFO session created token=c960f826-790c-4cab-91a4-619e84b575ed name=User_8_39
2025/11/08 14:46:50 INFO session updated token=c960f826-790c-4cab-91a4-619e84b575ed tableID=0xc000321200 seatIndex=0xc000323210
2025/11/08 14:46:50 INFO session removed token=c960f826-790c-4cab-91a4-619e84b575ed
2025/11/08 14:46:50 INFO session created token=5171c4dd-c50b-430f-9422-1945a0e4a5b8 name=User_8_40
2025/11/08 14:46:50 INFO session created token=6710a464-bfba-4bbe-8c68-ccce13111677 name=User_74_32
2025/11/08 14:46:50 INFO session updated token=5171c4dd-c50b-430f-9422-1945a0e4a5b8 tableID=0xc000321250 seatIndex=0xc000323260
2025/11/08 14:46:50 INFO session removed token=5171c4dd-c50b-430f-9422-1945a0e4a5b8
2025/11/08 14:46:50 INFO session created token=3f641ccb-68e8-441e-9030-c81023f21bec name=User_8_41
2025/11/08 14:46:50 INFO session created token=5c65d47e-a376-45bc-9e27-a47d51ca5d4b name=User_49_46
2025/11/08 14:46:50 INFO session updated token=5afacb94-d07b-4a54-9696-97376622569f tableID=0xc0002241e0 seatIndex=0xc000211f50
2025/11/08 14:46:50 INFO session removed token=5afacb94-d07b-4a54-9696-97376622569f
2025/11/08 14:46:50 INFO session removed token=f0f99d3d-cb39-4722-aeee-8d0fdc61e24f
2025/11/08 14:46:50 INFO session removed token=3828f5a9-7dc8-44fd-a41f-a8bac5fc8c69
2025/11/08 14:46:50 INFO session created token=c7bda23b-9ade-462c-afe1-5616b4fb4c05 name=User_99_63
2025/11/08 14:46:50 INFO session updated token=c7bda23b-9ade-462c-afe1-5616b4fb4c05 tableID=0xc000321330 seatIndex=0xc000323320
2025/11/08 14:46:50 INFO session removed token=c7bda23b-9ade-462c-afe1-5616b4fb4c05
2025/11/08 14:46:50 INFO session created token=8b007436-b724-4567-b119-970b67d83740 name=User_99_64
2025/11/08 14:46:50 INFO session updated token=8b007436-b724-4567-b119-970b67d83740 tableID=0xc000321380 seatIndex=0xc000323370
2025/11/08 14:46:50 INFO session removed token=8b007436-b724-4567-b119-970b67d83740
2025/11/08 14:46:50 INFO session created token=cee6d0fd-041e-4d19-858f-72f0dfef5958 name=User_99_65
2025/11/08 14:46:50 INFO session updated token=cee6d0fd-041e-4d19-858f-72f0dfef5958 tableID=0xc0003213d0 seatIndex=0xc0003233c0
2025/11/08 14:46:50 INFO session removed token=cee6d0fd-041e-4d19-858f-72f0dfef5958
2025/11/08 14:46:50 INFO session created token=f1d94afe-ef7c-48a7-b0ec-a645adda94d1 name=User_75_33
2025/11/08 14:46:50 INFO session created token=e71b158d-b413-479b-9b19-325fd13b72c4 name=User_48_78
2025/11/08 14:46:50 INFO session updated token=f1d94afe-ef7c-48a7-b0ec-a645adda94d1 tableID=0xc0003c2480 seatIndex=0xc0003c40f0
2025/11/08 14:46:50 INFO session created token=423f6e27-7446-4ef6-8e71-66d3696bae84 name=User_99_66
2025/11/08 14:46:50 INFO session removed token=f1d94afe-ef7c-48a7-b0ec-a645adda94d1
2025/11/08 14:46:50 INFO session removed token=239416a4-f1c0-413b-aac5-2359b2d9ba1b
2025/11/08 14:46:50 INFO session removed token=00907593-84de-40a4-9d4e-2aa2f65d64fc
2025/11/08 14:46:50 INFO session removed token=f4c3d177-b772-41e7-8030-56585b534dda
2025/11/08 14:46:50 INFO session updated token=d7dfd44d-ec95-4bde-9528-3698a7021d9b tableID=0xc000224300 seatIndex=0xc000234070
2025/11/08 14:46:50 INFO session removed token=f584ba28-478c-4016-ac33-a098e646918c
2025/11/08 14:46:50 INFO session updated token=3a87580e-c075-4f8a-8961-bcec4876eaf8 tableID=0xc000224320 seatIndex=0xc0002340a0
2025/11/08 14:46:50 INFO session removed token=a5caf1ff-4a8b-4a2a-91c0-532f72bea648
2025/11/08 14:46:50 INFO session updated token=40528b44-9cbe-4ad6-8dd6-fb7c6f7ee720 tableID=0xc0001a9d40 seatIndex=0xc0001a1e40
2025/11/08 14:46:50 INFO session removed token=40528b44-9cbe-4ad6-8dd6-fb7c6f7ee720
2025/11/08 14:46:50 INFO session created token=765d032b-734e-41a7-bb63-596200c998c4 name=User_30_37
2025/11/08 14:46:50 INFO session updated token=765d032b-734e-41a7-bb63-596200c998c4 tableID=0xc0003c2580 seatIndex=0xc0003c41c0
2025/11/08 14:46:50 INFO session removed token=765d032b-734e-41a7-bb63-596200c998c4
2025/11/08 14:46:50 INFO session created token=ac109a5d-e5fc-4bdb-bc25-f06c0aac085f name=User_30_38
2025/11/08 14:46:50 INFO session removed token=d7dfd44d-ec95-4bde-9528-3698a7021d9b
2025/11/08 14:46:50 INFO session created token=778ce1e9-4bf9-42d4-b292-cb100882fcc8 name=User_98_28
2025/11/08 14:46:50 INFO session created token=7b0feae3-0129-499a-9247-97c008bb9bdf name=User_63_28
2025/11/08 14:46:50 INFO session created token=ecbf1e5b-cc59-4730-a42d-781da204ff59 name=User_75_34
2025/11/08 14:46:50 INFO session updated token=ac109a5d-e5fc-4bdb-bc25-f06c0aac085f tableID=0xc00012a0b0 seatIndex=0xc0005cfe70
2025/11/08 14:46:50 INFO session created token=34c7dd67-bef8-4532-b9c4-27d79b3f0ae7 name=User_33_39
2025/11/08 14:46:50 INFO session created token=0e073804-b623-4648-be2c-89d87343922e name=User_40_34
2025/11/08 14:46:50 INFO session removed token=ac109a5d-e5fc-4bdb-bc25-f06c0aac085f
2025/11/08 14:46:50 INFO session updated token=34c7dd67-bef8-4532-b9c4-27d79b3f0ae7 tableID=0xc0002248e0 seatIndex=0xc0002346f0
2025/11/08 14:46:50 INFO session removed token=34c7dd67-bef8-4532-b9c4-27d79b3f0ae7
2025/11/08 14:46:50 INFO session created token=82fdfa1a-f423-43e8-b71d-6997fcb11c3b name=User_33_40
2025/11/08 14:46:50 INFO session updated token=82fdfa1a-f423-43e8-b71d-6997fcb11c3b tableID=0xc00012a140 seatIndex=0xc0005cff20
2025/11/08 14:46:50 INFO session removed token=82fdfa1a-f423-43e8-b71d-6997fcb11c3b
2025/11/08 14:46:50 INFO session created token=e84bc2d3-dc84-45a4-815f-ba38581aa102 name=User_33_41
2025/11/08 14:46:50 INFO session updated token=e84bc2d3-dc84-45a4-815f-ba38581aa102 tableID=0xc00012a190 seatIndex=0xc0005cff80
2025/11/08 14:46:50 INFO session removed token=e84bc2d3-dc84-45a4-815f-ba38581aa102
2025/11/08 14:46:50 INFO session created token=b497d43b-6507-41d0-9df4-17fe5c4008de name=User_33_42
2025/11/08 14:46:50 INFO session updated token=b497d43b-6507-41d0-9df4-17fe5c4008de tableID=0xc00012a1e0 seatIndex=0xc0005cffd0
2025/11/08 14:46:50 INFO session removed token=b497d43b-6507-41d0-9df4-17fe5c4008de
2025/11/08 14:46:50 INFO session created token=bb0b3a00-54a8-4a97-946f-cc0e703c48eb name=User_33_43
2025/11/08 14:46:50 INFO session updated token=bb0b3a00-54a8-4a97-946f-cc0e703c48eb tableID=0xc00012a230 seatIndex=0xc000136020
2025/11/08 14:46:50 INFO session removed token=bb0b3a00-54a8-4a97-946f-cc0e703c48eb
2025/11/08 14:46:50 INFO session created token=ecd15ee0-2e4c-4db4-8f68-12fd99a659e0 name=User_33_44
2025/11/08 14:46:50 INFO session updated token=ecd15ee0-2e4c-4db4-8f68-12fd99a659e0 tableID=0xc00012a280 seatIndex=0xc000136070
2025/11/08 14:46:50 INFO session removed token=ecd15ee0-2e4c-4db4-8f68-12fd99a659e0
2025/11/08 14:46:50 INFO session created token=c4901ab4-8cc8-4c8a-b964-2a92dc249d51 name=User_33_45
2025/11/08 14:46:50 INFO session updated token=c4901ab4-8cc8-4c8a-b964-2a92dc249d51 tableID=0xc00012a2d0 seatIndex=0xc0001360c0
2025/11/08 14:46:50 INFO session removed token=c4901ab4-8cc8-4c8a-b964-2a92dc249d51
2025/11/08 14:46:50 INFO session created token=cf12a6fc-6aa7-401d-9a24-3711e13f60c6 name=User_33_46
2025/11/08 14:46:50 INFO session updated token=cf12a6fc-6aa7-401d-9a24-3711e13f60c6 tableID=0xc00012a320 seatIndex=0xc000136110
2025/11/08 14:46:50 INFO session removed token=cf12a6fc-6aa7-401d-9a24-3711e13f60c6
2025/11/08 14:46:50 INFO session created token=f64d00f2-b640-42fc-8742-7b51897f45a9 name=User_33_47
2025/11/08 14:46:50 INFO session updated token=f64d00f2-b640-42fc-8742-7b51897f45a9 tableID=0xc00012a370 seatIndex=0xc000136160
2025/11/08 14:46:50 INFO session removed token=f64d00f2-b640-42fc-8742-7b51897f45a9
2025/11/08 14:46:50 INFO session created token=3b7432e6-958c-4f18-a2f9-7b63a6a59e51 name=User_33_48
2025/11/08 14:46:50 INFO session updated token=3b7432e6-958c-4f18-a2f9-7b63a6a59e51 tableID=0xc00012a3c0 seatIndex=0xc0001361b0
2025/11/08 14:46:50 INFO session removed token=3b7432e6-958c-4f18-a2f9-7b63a6a59e51
2025/11/08 14:46:50 INFO session created token=8b4705eb-b9aa-47bf-a687-bd384681a29f name=User_33_49
2025/11/08 14:46:50 INFO session updated token=8b4705eb-b9aa-47bf-a687-bd384681a29f tableID=0xc00012a410 seatIndex=0xc000136200
2025/11/08 14:46:50 INFO session removed token=8b4705eb-b9aa-47bf-a687-bd384681a29f
2025/11/08 14:46:50 INFO session created token=77e5c54a-ae6b-4e57-90a4-952e2eeba963 name=User_33_50
2025/11/08 14:46:50 INFO session created token=ee97aa4a-f984-4bd2-97df-a09cf68091e1 name=User_79_30
2025/11/08 14:46:50 INFO session updated token=77e5c54a-ae6b-4e57-90a4-952e2eeba963 tableID=0xc00012a460 seatIndex=0xc000136250
2025/11/08 14:46:50 INFO session removed token=77e5c54a-ae6b-4e57-90a4-952e2eeba963
2025/11/08 14:46:50 INFO session created token=37d40275-320c-4a65-b175-fd2782f28f74 name=User_12_68
2025/11/08 14:46:50 INFO session created token=ebaf410e-0b2e-4ab5-84f0-3f35bd5d706a name=User_33_51
2025/11/08 14:46:50 INFO session updated token=37d40275-320c-4a65-b175-fd2782f28f74 tableID=0xc00028e7e0 seatIndex=0xc000290740
2025/11/08 14:46:50 INFO session removed token=37d40275-320c-4a65-b175-fd2782f28f74
2025/11/08 14:46:50 INFO session created token=8089a79d-56c4-493d-ad37-0d3e25736699 name=User_12_69
2025/11/08 14:46:50 INFO session updated token=8089a79d-56c4-493d-ad37-0d3e25736699 tableID=0xc00028e840 seatIndex=0xc0002907a0
2025/11/08 14:46:50 INFO session removed token=8089a79d-56c4-493d-ad37-0d3e25736699
2025/11/08 14:46:50 INFO session created token=d7c5cef1-8c07-4ab7-8298-5194ea9f5b87 name=User_12_70
2025/11/08 14:46:50 INFO session updated token=d7c5cef1-8c07-4ab7-8298-5194ea9f5b87 tableID=0xc00028e890 seatIndex=0xc0002907f0
2025/11/08 14:46:50 INFO session removed token=d7c5cef1-8c07-4ab7-8298-5194ea9f5b87
2025/11/08 14:46:50 INFO session created token=ae1632bc-4fbf-445d-a4cb-fbc7ed378c29 name=User_12_71
2025/11/08 14:46:50 INFO session updated token=ae1632bc-4fbf-445d-a4cb-fbc7ed378c29 tableID=0xc00028e8e0 seatIndex=0xc000290840
2025/11/08 14:46:50 INFO session removed token=ae1632bc-4fbf-445d-a4cb-fbc7ed378c29
2025/11/08 14:46:50 INFO session created token=cc979c17-afaa-4400-9ecc-dae2f969c6fc name=User_12_72
2025/11/08 14:46:50 INFO session created token=4fa298f3-1094-40ae-b85a-26ebd92fb96b name=User_61_67
2025/11/08 14:46:50 INFO session updated token=cc979c17-afaa-4400-9ecc-dae2f969c6fc tableID=0xc00028e930 seatIndex=0xc000290890
2025/11/08 14:46:50 INFO session removed token=cc979c17-afaa-4400-9ecc-dae2f969c6fc
2025/11/08 14:46:50 INFO session created token=38314f0f-48db-4f2e-8b02-a652e77ff075 name=User_53_27
2025/11/08 14:46:50 INFO session created token=866acdbc-0aa5-4681-b9fc-246059206222 name=User_12_73
2025/11/08 14:46:50 INFO session updated token=ebaf410e-0b2e-4ab5-84f0-3f35bd5d706a tableID=0xc00028e800 seatIndex=0xc000290770
2025/11/08 14:46:50 INFO session removed token=ebaf410e-0b2e-4ab5-84f0-3f35bd5d706a
2025/11/08 14:46:50 INFO session removed token=7ee516cc-1cfa-47fc-9ca1-772fa6017d1d
2025/11/08 14:46:50 INFO session removed token=3cc1957e-4792-425b-ad40-d5b94e917fb7
2025/11/08 14:46:50 INFO session created token=6de0c607-dc23-4966-b36c-3cc474d9424b name=User_56_36
2025/11/08 14:46:50 INFO session removed token=2c02a84b-f017-4884-a41f-b84851aef0ee
2025/11/08 14:46:50 INFO session created token=edb33a53-e0cc-4d35-a4a7-5bd24795ebd0 name=User_3_46
2025/11/08 14:46:50 INFO session created token=c20a820a-d56e-4dff-8e7a-b46effb7e1ed name=User_0_72
2025/11/08 14:46:50 INFO session created token=589ae050-870a-4987-81a9-d0f0ecdc8476 name=User_32_50
2025/11/08 14:46:50 INFO session created token=ecbc43f7-b9ed-4bcc-b896-d0682eb1b55c name=User_42_54
2025/11/08 14:46:50 INFO session updated token=589ae050-870a-4987-81a9-d0f0ecdc8476 tableID=0xc00028e9c0 seatIndex=0xc000290900
2025/11/08 14:46:50 INFO session removed token=589ae050-870a-4987-81a9-d0f0ecdc8476
2025/11/08 14:46:50 INFO session removed token=ef288e4c-34b9-47bb-814b-6967eae9fb92
2025/11/08 14:46:50 INFO session updated token=071b7976-6c19-47e1-9695-6bcc1a662c2d tableID=0xc0002244b0 seatIndex=0xc000234250
2025/11/08 14:46:50 INFO session updated token=bca8fe82-cecb-4dd2-bfa3-fdb321dbcd24 tableID=0xc00012a020 seatIndex=0xc0005cfde0
2025/11/08 14:46:50 INFO session updated token=7b6bec6a-9475-4492-9b64-d28a13077da8 tableID=0xc0002244c0 seatIndex=0xc000234260
2025/11/08 14:46:50 INFO session updated token=9a94ab78-f814-4b7b-9254-0a62bedbe141 tableID=0xc0002244e0 seatIndex=0xc000234270
2025/11/08 14:46:50 INFO session updated token=1fcbb466-a608-4a16-9167-e83e45eed281 tableID=0xc0002244f0 seatIndex=0xc000234280
2025/11/08 14:46:50 INFO session removed token=97e2015a-a2dc-4bbe-8bbc-ce3890fb02ea
2025/11/08 14:46:50 INFO session removed token=a3e81679-a16d-4b82-9ea4-581a41516266
2025/11/08 14:46:50 INFO session removed token=49f75969-fea3-4fe1-92cc-920df5a46a8c
2025/11/08 14:46:50 INFO session updated token=5ed4763d-5a7b-46eb-9cf5-4ca07da90e9f tableID=0xc000224530 seatIndex=0xc0002342f0
2025/11/08 14:46:50 INFO session removed token=08064645-24a4-45c3-87b2-32bc578041aa
2025/11/08 14:46:50 INFO session removed token=8ceb97fb-69ab-43dc-bd93-8870c6d11185
2025/11/08 14:46:50 INFO session removed token=da9349c4-352b-4bde-ba9a-8d547da3db87
2025/11/08 14:46:50 INFO session created token=28f68f62-0691-4514-a8cf-3ad303863146 name=User_62_40
2025/11/08 14:46:50 INFO session created token=97f42c11-b8d2-4a84-9eab-eff75b1cad5d name=User_58_35
2025/11/08 14:46:50 INFO session created token=cfb494ee-30eb-492a-b3b9-4c917d10ecdc name=User_54_32
2025/11/08 14:46:50 INFO session created token=7f8dc536-465b-467f-9433-3066c6ab13cf name=User_77_24
2025/11/08 14:46:50 INFO session removed token=4228fedc-e6f6-4315-98d2-c0ac97b6bab0
2025/11/08 14:46:50 INFO session created token=f038baa0-53b5-42f0-a6c5-06bd2aa570b5 name=User_36_71
2025/11/08 14:46:50 INFO session created token=181a9942-f857-42c8-aa32-92589926fd8c name=User_88_27
2025/11/08 14:46:50 INFO session removed token=9eb3ce54-ba3e-4771-a2b4-e2164376bce0
2025/11/08 14:46:50 INFO session created token=fb79d040-f214-4926-9175-bc5614af140d name=User_76_25
2025/11/08 14:46:50 INFO session updated token=cfb494ee-30eb-492a-b3b9-4c917d10ecdc tableID=0xc0003c2610 seatIndex=0xc0003c42b0
2025/11/08 14:46:50 INFO session removed token=cfb494ee-30eb-492a-b3b9-4c917d10ecdc
2025/11/08 14:46:50 INFO session removed token=48f08722-bc01-4d27-92a2-33977ff6dfa5
2025/11/08 14:46:50 INFO session removed token=ae4414f8-1d63-43a1-b64b-0e155e908ea3
2025/11/08 14:46:50 INFO session updated token=fe06a620-a69e-4d7b-9d55-9b016ccae8de tableID=0xc0002245d0 seatIndex=0xc000234400
2025/11/08 14:46:50 INFO session removed token=014b40bb-e525-42de-9fc4-3bc45c3a2573
2025/11/08 14:46:50 INFO session updated token=a24e8e57-ef42-40a6-a265-db2619fdbb12 tableID=0xc000224660 seatIndex=0xc0002344c0
2025/11/08 14:46:50 INFO session updated token=f6657e42-42b4-494d-bee2-51006b50ce81 tableID=0xc0003c2100 seatIndex=0xc0003a5d40
2025/11/08 14:46:50 INFO session created token=9fe8084c-0b70-4987-8aa5-3f3b5a9c05ed name=User_18_56
2025/11/08 14:46:50 INFO session updated token=9fe8084c-0b70-4987-8aa5-3f3b5a9c05ed tableID=0xc0003c26d0 seatIndex=0xc0003c4350
2025/11/08 14:46:50 INFO session removed token=9fe8084c-0b70-4987-8aa5-3f3b5a9c05ed
2025/11/08 14:46:50 INFO session created token=b6229c1b-8160-4be5-b30a-10a26a001e53 name=User_18_57
2025/11/08 14:46:50 INFO session updated token=b6229c1b-8160-4be5-b30a-10a26a001e53 tableID=0xc0003c2720 seatIndex=0xc0003c43a0
2025/11/08 14:46:50 INFO session removed token=b6229c1b-8160-4be5-b30a-10a26a001e53
2025/11/08 14:46:50 INFO session created token=f230abb1-2ea2-4383-9f06-7b55fd2dffd6 name=User_97_53
2025/11/08 14:46:50 INFO session created token=2ade615a-ab10-446d-ad01-030d1d0a78e5 name=User_18_58
2025/11/08 14:46:50 INFO session updated token=3553c37b-b88a-4688-a7ff-6abc71347244 tableID=0xc0003c2310 seatIndex=0xc0003a5f70
2025/11/08 14:46:50 INFO session removed token=3553c37b-b88a-4688-a7ff-6abc71347244
2025/11/08 14:46:50 INFO session created token=33ae20b2-8b60-4ded-a3de-c0edca9684a6 name=User_6_21
2025/11/08 14:46:50 INFO session removed token=fe06a620-a69e-4d7b-9d55-9b016ccae8de
2025/11/08 14:46:50 INFO session created token=31f2b4b8-df1b-40bb-9104-af6ac63e774d name=User_22_46
2025/11/08 14:46:50 INFO session created token=3c76a2f4-d8b4-47cb-ad6f-1e784e24b49e name=User_95_18
2025/11/08 14:46:50 INFO session updated token=31f2b4b8-df1b-40bb-9104-af6ac63e774d tableID=0xc00012a610 seatIndex=0xc0001363b0
2025/11/08 14:46:50 INFO session removed token=31f2b4b8-df1b-40bb-9104-af6ac63e774d
2025/11/08 14:46:50 INFO session created token=45aec702-8816-43b6-adc5-16c8002e11f1 name=User_22_47
2025/11/08 14:46:50 INFO session updated token=45aec702-8816-43b6-adc5-16c8002e11f1 tableID=0xc00012a670 seatIndex=0xc000136410
2025/11/08 14:46:50 INFO session removed token=45aec702-8816-43b6-adc5-16c8002e11f1
2025/11/08 14:46:50 INFO session created token=d2ca36ba-416b-4a66-b96f-44512ed7bcf5 name=User_22_48
2025/11/08 14:46:50 INFO session updated token=d2ca36ba-416b-4a66-b96f-44512ed7bcf5 tableID=0xc00012a6c0 seatIndex=0xc000136460
2025/11/08 14:46:50 INFO session removed token=d2ca36ba-416b-4a66-b96f-44512ed7bcf5
2025/11/08 14:46:50 INFO session created token=a534e6a7-0e74-45a8-beed-a7ff13767d55 name=User_22_49
2025/11/08 14:46:50 INFO session updated token=a534e6a7-0e74-45a8-beed-a7ff13767d55 tableID=0xc00012a710 seatIndex=0xc0001364b0
2025/11/08 14:46:50 INFO session removed token=a534e6a7-0e74-45a8-beed-a7ff13767d55
2025/11/08 14:46:50 INFO session created token=4dc4a244-59e7-44a2-a525-c7366b14440d name=User_22_50
2025/11/08 14:46:50 INFO session updated token=4dc4a244-59e7-44a2-a525-c7366b14440d tableID=0xc00012a760 seatIndex=0xc000136500
2025/11/08 14:46:50 INFO session removed token=4dc4a244-59e7-44a2-a525-c7366b14440d
2025/11/08 14:46:50 INFO session created token=5982ad63-1619-4ac0-ad64-48898908f9b2 name=User_22_51
2025/11/08 14:46:50 INFO session created token=ca50652c-4ab9-4614-80d2-bca4dda7403c name=User_20_53
2025/11/08 14:46:50 INFO session updated token=5982ad63-1619-4ac0-ad64-48898908f9b2 tableID=0xc00012a7b0 seatIndex=0xc000136550
2025/11/08 14:46:50 INFO session created token=ebc71d12-b80c-43d2-936e-c21d5c3c1de7 name=User_11_49
2025/11/08 14:46:50 INFO session removed token=5982ad63-1619-4ac0-ad64-48898908f9b2
2025/11/08 14:46:50 INFO session created token=d38fb0d5-2307-4f79-849d-05b8d2895502 name=User_22_52
2025/11/08 14:46:50 INFO session updated token=d38fb0d5-2307-4f79-849d-05b8d2895502 tableID=0xc00012a820 seatIndex=0xc0001365c0
2025/11/08 14:46:50 INFO session removed token=d38fb0d5-2307-4f79-849d-05b8d2895502
2025/11/08 14:46:50 INFO session created token=7f8343fb-dbbe-41ce-9e76-7c3df3e66b9f name=User_22_53
2025/11/08 14:46:50 INFO session updated token=7f8343fb-dbbe-41ce-9e76-7c3df3e66b9f tableID=0xc00012a870 seatIndex=0xc000136610
2025/11/08 14:46:50 INFO session removed token=7f8343fb-dbbe-41ce-9e76-7c3df3e66b9f
2025/11/08 14:46:50 INFO session created token=cc342b2c-2d19-419b-be34-c21b89543df0 name=User_22_54
2025/11/08 14:46:50 INFO session updated token=cc342b2c-2d19-419b-be34-c21b89543df0 tableID=0xc00012a8c0 seatIndex=0xc000136660
2025/11/08 14:46:50 INFO session removed token=cc342b2c-2d19-419b-be34-c21b89543df0
2025/11/08 14:46:50 INFO session created token=fc616ea8-4d2f-4b51-b2da-93329eb878aa name=User_22_55
2025/11/08 14:46:50 INFO session updated token=fc616ea8-4d2f-4b51-b2da-93329eb878aa tableID=0xc00012a910 seatIndex=0xc0001366b0
2025/11/08 14:46:50 INFO session removed token=fc616ea8-4d2f-4b51-b2da-93329eb878aa
2025/11/08 14:46:50 INFO session created token=4da7fff1-1c2f-4fef-be63-751eb2c33c42 name=User_22_56
2025/11/08 14:46:50 INFO session updated token=4da7fff1-1c2f-4fef-be63-751eb2c33c42 tableID=0xc00012a960 seatIndex=0xc000136700
2025/11/08 14:46:50 INFO session removed token=4da7fff1-1c2f-4fef-be63-751eb2c33c42
2025/11/08 14:46:50 INFO session created token=160ed9de-cb03-4ceb-a7ac-1516309c7582 name=User_22_57
2025/11/08 14:46:50 INFO session updated token=160ed9de-cb03-4ceb-a7ac-1516309c7582 tableID=0xc00012a9b0 seatIndex=0xc000136750
2025/11/08 14:46:50 INFO session removed token=160ed9de-cb03-4ceb-a7ac-1516309c7582
2025/11/08 14:46:50 INFO session created token=3cb05664-aadb-4b5b-8fb6-37cdfe6ba43c name=User_22_58
2025/11/08 14:46:50 INFO session updated token=3cb05664-aadb-4b5b-8fb6-37cdfe6ba43c tableID=0xc00012aa00 seatIndex=0xc0001367a0
2025/11/08 14:46:50 INFO session removed token=3cb05664-aadb-4b5b-8fb6-37cdfe6ba43c
2025/11/08 14:46:50 INFO session created token=21207b00-bdc4-4945-a163-d09d942fa239 name=User_22_59
2025/11/08 14:46:50 INFO session updated token=21207b00-bdc4-4945-a163-d09d942fa239 tableID=0xc00012aa50 seatIndex=0xc0001367f0
2025/11/08 14:46:50 INFO session removed token=21207b00-bdc4-4945-a163-d09d942fa239
2025/11/08 14:46:50 INFO session created token=1dc82d51-52ef-40e6-9f75-b731eca8b52a name=User_22_60
2025/11/08 14:46:50 INFO session updated token=1dc82d51-52ef-40e6-9f75-b731eca8b52a tableID=0xc00012aaa0 seatIndex=0xc000136840
2025/11/08 14:46:50 INFO session removed token=1dc82d51-52ef-40e6-9f75-b731eca8b52a
2025/11/08 14:46:50 INFO session created token=abcba2f3-615e-4336-b0c5-e134368cae74 name=User_22_61
2025/11/08 14:46:50 INFO session updated token=abcba2f3-615e-4336-b0c5-e134368cae74 tableID=0xc00012aaf0 seatIndex=0xc000136890
2025/11/08 14:46:50 INFO session removed token=abcba2f3-615e-4336-b0c5-e134368cae74
2025/11/08 14:46:50 INFO session created token=adbcad34-faa8-4768-ab25-09d00308c5e4 name=User_22_62
2025/11/08 14:46:50 INFO session updated token=adbcad34-faa8-4768-ab25-09d00308c5e4 tableID=0xc00012ab40 seatIndex=0xc0001368e0
2025/11/08 14:46:50 INFO session removed token=adbcad34-faa8-4768-ab25-09d00308c5e4
2025/11/08 14:46:50 INFO session created token=6ad1e2ab-93d4-452e-a923-0d6750d7f08f name=User_22_63
2025/11/08 14:46:50 INFO session updated token=6ad1e2ab-93d4-452e-a923-0d6750d7f08f tableID=0xc00012ab90 seatIndex=0xc000136930
2025/11/08 14:46:50 INFO session removed token=6ad1e2ab-93d4-452e-a923-0d6750d7f08f
2025/11/08 14:46:50 INFO session created token=7d3d6691-026d-43e7-bae5-7d97f74648bf name=User_22_64
2025/11/08 14:46:50 INFO session updated token=7d3d6691-026d-43e7-bae5-7d97f74648bf tableID=0xc00012abe0 seatIndex=0xc000136980
2025/11/08 14:46:50 INFO session removed token=7d3d6691-026d-43e7-bae5-7d97f74648bf
2025/11/08 14:46:50 INFO session created token=b230a825-7397-4663-a1a4-f76e666a2431 name=User_22_65
2025/11/08 14:46:50 INFO session updated token=b230a825-7397-4663-a1a4-f76e666a2431 tableID=0xc00012ac30 seatIndex=0xc0001369d0
2025/11/08 14:46:50 INFO session removed token=b230a825-7397-4663-a1a4-f76e666a2431
2025/11/08 14:46:50 INFO session created token=d9dd5b36-e1f8-4729-bb3a-de24693af313 name=User_22_66
2025/11/08 14:46:50 INFO session updated token=d9dd5b36-e1f8-4729-bb3a-de24693af313 tableID=0xc00012ac80 seatIndex=0xc000136a20
2025/11/08 14:46:50 INFO session removed token=d9dd5b36-e1f8-4729-bb3a-de24693af313
2025/11/08 14:46:50 INFO session created token=475f58bf-9a75-4e99-9020-3e87e3f39ba0 name=User_22_67
2025/11/08 14:46:50 INFO session updated token=3c76a2f4-d8b4-47cb-ad6f-1e784e24b49e tableID=0xc00012a630 seatIndex=0xc0001363e0
2025/11/08 14:46:50 INFO session removed token=3c76a2f4-d8b4-47cb-ad6f-1e784e24b49e
2025/11/08 14:46:50 INFO session created token=9f833808-5bfe-4c6f-be7a-87561ae74b86 name=User_95_19
2025/11/08 14:46:50 INFO session updated token=9f833808-5bfe-4c6f-be7a-87561ae74b86 tableID=0xc000224a20 seatIndex=0xc0002347f0
2025/11/08 14:46:50 INFO session removed token=9f833808-5bfe-4c6f-be7a-87561ae74b86
2025/11/08 14:46:50 INFO session created token=45010826-6745-4c5c-814f-b9d1e314689a name=User_95_20
2025/11/08 14:46:50 INFO session updated token=45010826-6745-4c5c-814f-b9d1e314689a tableID=0xc000224a70 seatIndex=0xc000234840
2025/11/08 14:46:50 INFO session removed token=45010826-6745-4c5c-814f-b9d1e314689a
2025/11/08 14:46:50 INFO session created token=311f14b0-76a4-4fcf-91a3-5752a56589d5 name=User_95_21
2025/11/08 14:46:50 INFO session updated token=311f14b0-76a4-4fcf-91a3-5752a56589d5 tableID=0xc000224ac0 seatIndex=0xc000234890
2025/11/08 14:46:50 INFO session removed token=311f14b0-76a4-4fcf-91a3-5752a56589d5
2025/11/08 14:46:50 INFO session created token=e3922225-567f-45f3-83e4-f4c1f0eefb43 name=User_95_22
2025/11/08 14:46:50 INFO session updated token=e3922225-567f-45f3-83e4-f4c1f0eefb43 tableID=0xc000224b10 seatIndex=0xc0002348e0
2025/11/08 14:46:50 INFO session removed token=e3922225-567f-45f3-83e4-f4c1f0eefb43
2025/11/08 14:46:50 INFO session created token=e81de1fc-c5a2-45fc-83d9-4f6d29230e5f name=User_95_23
2025/11/08 14:46:50 INFO session updated token=e81de1fc-c5a2-45fc-83d9-4f6d29230e5f tableID=0xc000224b60 seatIndex=0xc000234930
2025/11/08 14:46:50 INFO session removed token=e81de1fc-c5a2-45fc-83d9-4f6d29230e5f
2025/11/08 14:46:50 INFO session created token=ee9b7842-d377-496d-b598-a9dc1b854494 name=User_95_24
2025/11/08 14:46:50 INFO session updated token=ee9b7842-d377-496d-b598-a9dc1b854494 tableID=0xc000224bb0 seatIndex=0xc000234980
2025/11/08 14:46:50 INFO session removed token=ee9b7842-d377-496d-b598-a9dc1b854494
2025/11/08 14:46:50 INFO session updated token=6710a464-bfba-4bbe-8c68-ccce13111677 tableID=0xc000321270 seatIndex=0xc000323290
2025/11/08 14:46:50 INFO session removed token=6710a464-bfba-4bbe-8c68-ccce13111677
2025/11/08 14:46:50 INFO session created token=693821e3-109c-4596-b341-1ee1e2639988 name=User_74_33
2025/11/08 14:46:50 INFO session updated token=693821e3-109c-4596-b341-1ee1e2639988 tableID=0xc0001b4000 seatIndex=0xc0001b2030
2025/11/08 14:46:50 INFO session removed token=693821e3-109c-4596-b341-1ee1e2639988
2025/11/08 14:46:50 INFO session created token=ddc8630a-f2ea-45f6-aab8-30b715a173c5 name=User_74_34
2025/11/08 14:46:50 INFO session updated token=ddc8630a-f2ea-45f6-aab8-30b715a173c5 tableID=0xc0001b4050 seatIndex=0xc0001b2080
2025/11/08 14:46:50 INFO session removed token=ddc8630a-f2ea-45f6-aab8-30b715a173c5
2025/11/08 14:46:50 INFO session created token=a7634dbe-dfef-4b02-9b79-0f6438dd03d5 name=User_74_35
2025/11/08 14:46:50 INFO session updated token=a7634dbe-dfef-4b02-9b79-0f6438dd03d5 tableID=0xc0001b40a0 seatIndex=0xc0001b20d0
2025/11/08 14:46:50 INFO session removed token=a7634dbe-dfef-4b02-9b79-0f6438dd03d5
2025/11/08 14:46:50 INFO session created token=6c30e973-a71d-482f-b52e-3b75c81c03da name=User_74_36
2025/11/08 14:46:50 INFO session updated token=6c30e973-a71d-482f-b52e-3b75c81c03da tableID=0xc0001b40f0 seatIndex=0xc0001b2120
2025/11/08 14:46:50 INFO session removed token=6c30e973-a71d-482f-b52e-3b75c81c03da
2025/11/08 14:46:50 INFO session created token=5fe3083f-64cc-410a-acf6-adff7e22424b name=User_74_37
2025/11/08 14:46:50 INFO session updated token=5fe3083f-64cc-410a-acf6-adff7e22424b tableID=0xc0001b4140 seatIndex=0xc0001b2170
2025/11/08 14:46:50 INFO session removed token=5fe3083f-64cc-410a-acf6-adff7e22424b
2025/11/08 14:46:50 INFO session updated token=3f641ccb-68e8-441e-9030-c81023f21bec tableID=0xc0003212b0 seatIndex=0xc0003232c0
2025/11/08 14:46:50 INFO session removed token=3f641ccb-68e8-441e-9030-c81023f21bec
2025/11/08 14:46:50 INFO session created token=cce5c725-9dce-41ce-9df7-71ba23856140 name=User_8_42
2025/11/08 14:46:50 INFO session updated token=cce5c725-9dce-41ce-9df7-71ba23856140 tableID=0xc000224c20 seatIndex=0xc000234a10
2025/11/08 14:46:50 INFO session removed token=cce5c725-9dce-41ce-9df7-71ba23856140
2025/11/08 14:46:50 INFO session created token=002d94f1-9239-4201-955e-cfc5c58468ea name=User_8_43
2025/11/08 14:46:50 INFO session updated token=002d94f1-9239-4201-955e-cfc5c58468ea tableID=0xc000224c70 seatIndex=0xc000234a60
2025/11/08 14:46:50 INFO session removed token=002d94f1-9239-4201-955e-cfc5c58468ea
2025/11/08 14:46:50 INFO session created token=a478dc9f-6cf7-477d-8c56-76a9d204ade1 name=User_8_44
2025/11/08 14:46:50 INFO session updated token=a478dc9f-6cf7-477d-8c56-76a9d204ade1 tableID=0xc000224cc0 seatIndex=0xc000234ab0
2025/11/08 14:46:50 INFO session removed token=a478dc9f-6cf7-477d-8c56-76a9d204ade1
2025/11/08 14:46:50 INFO session created token=b75cdc08-b8b4-42b6-9691-1ddaa2cfd11d name=User_8_45
2025/11/08 14:46:50 INFO session updated token=b75cdc08-b8b4-42b6-9691-1ddaa2cfd11d tableID=0xc000224d10 seatIndex=0xc000234b00
2025/11/08 14:46:50 INFO session removed token=b75cdc08-b8b4-42b6-9691-1ddaa2cfd11d
2025/11/08 14:46:50 INFO session created token=2f3b55ce-864d-465c-a3ed-cf9b61f8a3aa name=User_8_46
2025/11/08 14:46:50 INFO session updated token=2f3b55ce-864d-465c-a3ed-cf9b61f8a3aa tableID=0xc000224d60 seatIndex=0xc000234b50
2025/11/08 14:46:50 INFO session removed token=2f3b55ce-864d-465c-a3ed-cf9b61f8a3aa
2025/11/08 14:46:50 INFO session created token=98cf5a4a-da80-40bf-89c0-3b9bef727721 name=User_8_47
2025/11/08 14:46:50 INFO session updated token=98cf5a4a-da80-40bf-89c0-3b9bef727721 tableID=0xc000224db0 seatIndex=0xc000234ba0
2025/11/08 14:46:50 INFO session removed token=98cf5a4a-da80-40bf-89c0-3b9bef727721
2025/11/08 14:46:50 INFO session updated token=5c65d47e-a376-45bc-9e27-a47d51ca5d4b tableID=0xc0003212d0 seatIndex=0xc0003232f0
2025/11/08 14:46:50 INFO session removed token=5c65d47e-a376-45bc-9e27-a47d51ca5d4b
2025/11/08 14:46:50 INFO session created token=94a948f5-f5cc-4512-9bb0-5ccde32abcec name=User_49_47
2025/11/08 14:46:50 INFO session created token=0555e74c-c135-4df0-b7c7-2de3856cca5c name=User_8_48
2025/11/08 14:46:50 INFO session updated token=94a948f5-f5cc-4512-9bb0-5ccde32abcec tableID=0xc0001b41b0 seatIndex=0xc0001b2200
2025/11/08 14:46:50 INFO session removed token=94a948f5-f5cc-4512-9bb0-5ccde32abcec
2025/11/08 14:46:50 INFO session updated token=e71b158d-b413-479b-9b19-325fd13b72c4 tableID=0xc0003c24a0 seatIndex=0xc0003c4120
2025/11/08 14:46:50 INFO session removed token=e71b158d-b413-479b-9b19-325fd13b72c4
2025/11/08 14:46:50 INFO session created token=50259aa1-83fa-4b28-a61e-eed7ddbfd3e2 name=User_48_79
2025/11/08 14:46:50 INFO session updated token=50259aa1-83fa-4b28-a61e-eed7ddbfd3e2 tableID=0xc000224e40 seatIndex=0xc000234c30
2025/11/08 14:46:50 INFO session removed token=50259aa1-83fa-4b28-a61e-eed7ddbfd3e2
2025/11/08 14:46:50 INFO session created token=68293219-16b5-4d7a-a9bb-051b744047d0 name=User_48_80
2025/11/08 14:46:50 INFO session updated token=68293219-16b5-4d7a-a9bb-051b744047d0 tableID=0xc000224e90 seatIndex=0xc000234c80
2025/11/08 14:46:50 INFO session removed token=68293219-16b5-4d7a-a9bb-051b744047d0
2025/11/08 14:46:50 INFO session created token=bae37bf6-4d16-4bae-89db-eae8a7ed768b name=User_48_81
2025/11/08 14:46:50 INFO session updated token=bae37bf6-4d16-4bae-89db-eae8a7ed768b tableID=0xc000224ee0 seatIndex=0xc000234cd0
2025/11/08 14:46:50 INFO session removed token=bae37bf6-4d16-4bae-89db-eae8a7ed768b
2025/11/08 14:46:50 INFO session created token=e082e07a-33bf-4f96-83af-0b11e6fee555 name=User_48_82
2025/11/08 14:46:50 INFO session updated token=e082e07a-33bf-4f96-83af-0b11e6fee555 tableID=0xc000224f30 seatIndex=0xc000234d20
2025/11/08 14:46:50 INFO session removed token=e082e07a-33bf-4f96-83af-0b11e6fee555
2025/11/08 14:46:50 INFO session created token=ae72ef7f-4bfd-466b-b97e-851d297bc99f name=User_48_83
2025/11/08 14:46:50 INFO session updated token=ae72ef7f-4bfd-466b-b97e-851d297bc99f tableID=0xc000224f80 seatIndex=0xc000234d70
2025/11/08 14:46:50 INFO session removed token=ae72ef7f-4bfd-466b-b97e-851d297bc99f
2025/11/08 14:46:50 INFO session created token=6a495ec8-7cd1-400c-bb47-5f19e88207fd name=User_48_84
2025/11/08 14:46:50 INFO session updated token=6a495ec8-7cd1-400c-bb47-5f19e88207fd tableID=0xc000224fd0 seatIndex=0xc000234dc0
2025/11/08 14:46:50 INFO session removed token=6a495ec8-7cd1-400c-bb47-5f19e88207fd
2025/11/08 14:46:50 INFO session created token=c65b4b9a-b8c5-4bcd-91d6-abf6e7294a32 name=User_48_85
2025/11/08 14:46:50 INFO session updated token=c65b4b9a-b8c5-4bcd-91d6-abf6e7294a32 tableID=0xc000225020 seatIndex=0xc000234e10
2025/11/08 14:46:50 INFO session removed token=c65b4b9a-b8c5-4bcd-91d6-abf6e7294a32
2025/11/08 14:46:50 INFO session created token=e48bdabb-c421-4fe7-b838-507f6d324ac2 name=User_48_86
2025/11/08 14:46:50 INFO session updated token=e48bdabb-c421-4fe7-b838-507f6d324ac2 tableID=0xc000225070 seatIndex=0xc000234e60
2025/11/08 14:46:50 INFO session removed token=e48bdabb-c421-4fe7-b838-507f6d324ac2
2025/11/08 14:46:50 INFO session created token=55aeee83-ba75-4901-a4d7-fe4f45578a5e name=User_48_87
2025/11/08 14:46:50 INFO session updated token=55aeee83-ba75-4901-a4d7-fe4f45578a5e tableID=0xc0002250c0 seatIndex=0xc000234eb0
2025/11/08 14:46:50 INFO session removed token=55aeee83-ba75-4901-a4d7-fe4f45578a5e
2025/11/08 14:46:50 INFO session created token=f6ab5062-870e-4bbc-88ce-8f95615b2c97 name=User_48_88
2025/11/08 14:46:50 INFO session updated token=f6ab5062-870e-4bbc-88ce-8f95615b2c97 tableID=0xc000225110 seatIndex=0xc000234f00
2025/11/08 14:46:50 INFO session removed token=f6ab5062-870e-4bbc-88ce-8f95615b2c97
2025/11/08 14:46:50 INFO session created token=a5b2d4da-420c-4352-aaf3-53bedcf6d27d name=User_48_89
2025/11/08 14:46:50 INFO session created token=e3002561-4d02-48f1-9274-f029329f0bb3 name=User_13_18
2025/11/08 14:46:50 INFO session updated token=423f6e27-7446-4ef6-8e71-66d3696bae84 tableID=0xc0003c24c0 seatIndex=0xc0003c4130
2025/11/08 14:46:50 INFO session removed token=423f6e27-7446-4ef6-8e71-66d3696bae84
2025/11/08 14:46:50 INFO session removed token=3a87580e-c075-4f8a-8961-bcec4876eaf8
2025/11/08 14:46:50 INFO session updated token=778ce1e9-4bf9-42d4-b292-cb100882fcc8 tableID=0xc000224890 seatIndex=0xc0002346e0
2025/11/08 14:46:50 INFO session updated token=ecbf1e5b-cc59-4730-a42d-781da204ff59 tableID=0xc00012a0d0 seatIndex=0xc0005cfea0
2025/11/08 14:46:50 INFO session updated token=7b0feae3-0129-499a-9247-97c008bb9bdf tableID=0xc00012a0f0 seatIndex=0xc0005cfed0
2025/11/08 14:46:50 INFO session updated token=0e073804-b623-4648-be2c-89d87343922e tableID=0xc0002248f0 seatIndex=0xc000234700
2025/11/08 14:46:50 INFO session updated token=ee97aa4a-f984-4bd2-97df-a09cf68091e1 tableID=0xc00012a480 seatIndex=0xc000136280
2025/11/08 14:46:50 INFO session removed token=ee97aa4a-f984-4bd2-97df-a09cf68091e1
2025/11/08 14:46:50 INFO session created token=dcff010f-9045-4887-b21f-95422279e494 name=User_79_31
2025/11/08 14:46:50 INFO session updated token=dcff010f-9045-4887-b21f-95422279e494 tableID=0xc00012adc0 seatIndex=0xc000136b70
2025/11/08 14:46:50 INFO session removed token=dcff010f-9045-4887-b21f-95422279e494
2025/11/08 14:46:50 INFO session created token=05bd3620-6051-4231-a0aa-16274dea2505 name=User_14_37
2025/11/08 14:46:50 INFO session created token=926b6f3a-5189-43d5-9f57-833976115ff5 name=User_79_32
2025/11/08 14:46:50 INFO session updated token=05bd3620-6051-4231-a0aa-16274dea2505 tableID=0xc0001b4210 seatIndex=0xc0001b2260
2025/11/08 14:46:50 INFO session created token=2a6cce52-38de-4338-a4c0-d4c072b16452 name=User_30_39
2025/11/08 14:46:50 INFO session removed token=05bd3620-6051-4231-a0aa-16274dea2505
2025/11/08 14:46:50 INFO session created token=d170a9a4-eeb5-4b8e-a56d-a2acf3f2b061 name=User_4_63
2025/11/08 14:46:50 INFO session created token=f20f28fc-cec7-4067-b1f4-9a027157178c name=User_34_62
2025/11/08 14:46:50 INFO session created token=5d8298f2-bd55-4a41-a3a7-58b0e357594c name=User_14_38
2025/11/08 14:46:50 INFO session created token=faf95132-ecf0-43b7-af97-9f17e6c8359a name=User_24_70
2025/11/08 14:46:50 INFO session created token=49816695-db48-4527-8c7d-ea15bea7c89e name=User_99_67
2025/11/08 14:46:50 INFO session updated token=2a6cce52-38de-4338-a4c0-d4c072b16452 tableID=0xc0002251d0 seatIndex=0xc000234f60
2025/11/08 14:46:50 INFO session removed token=2a6cce52-38de-4338-a4c0-d4c072b16452
2025/11/08 14:46:50 INFO session updated token=faf95132-ecf0-43b7-af97-9f17e6c8359a tableID=0xc00028eb10 seatIndex=0xc000290a70
2025/11/08 14:46:50 INFO session removed token=faf95132-ecf0-43b7-af97-9f17e6c8359a
2025/11/08 14:46:50 INFO session created token=096619fb-0bbd-4f40-b7c8-f2bb0d53e952 name=User_24_71
2025/11/08 14:46:50 INFO session updated token=096619fb-0bbd-4f40-b7c8-f2bb0d53e952 tableID=0xc00028eb60 seatIndex=0xc000290ac0
2025/11/08 14:46:50 INFO session removed token=096619fb-0bbd-4f40-b7c8-f2bb0d53e952
2025/11/08 14:46:50 INFO session created token=7274f92f-d63d-4270-a5ce-913c467f48d5 name=User_24_72
2025/11/08 14:46:50 INFO session updated token=7274f92f-d63d-4270-a5ce-913c467f48d5 tableID=0xc00028ebb0 seatIndex=0xc000290b10
2025/11/08 14:46:50 INFO session removed token=7274f92f-d63d-4270-a5ce-913c467f48d5
2025/11/08 14:46:50 INFO session created token=e3a924b3-8e0d-4b57-b162-2528351fec26 name=User_24_73
2025/11/08 14:46:50 INFO session updated token=e3a924b3-8e0d-4b57-b162-2528351fec26 tableID=0xc00028ec00 seatIndex=0xc000290b60
2025/11/08 14:46:50 INFO session removed token=e3a924b3-8e0d-4b57-b162-2528351fec26
2025/11/08 14:46:50 INFO session created token=e3947e32-2a3c-4e27-9461-8e0aa7aad62d name=User_24_74
2025/11/08 14:46:50 INFO session updated token=e3947e32-2a3c-4e27-9461-8e0aa7aad62d tableID=0xc00028ec50 seatIndex=0xc000290bb0
2025/11/08 14:46:50 INFO session removed token=e3947e32-2a3c-4e27-9461-8e0aa7aad62d
2025/11/08 14:46:50 INFO session created token=9988d6d5-b252-4e0c-9227-37a5ba1a94fb name=User_24_75
2025/11/08 14:46:50 INFO session updated token=9988d6d5-b252-4e0c-9227-37a5ba1a94fb tableID=0xc00028eca0 seatIndex=0xc000290c00
2025/11/08 14:46:50 INFO session removed token=9988d6d5-b252-4e0c-9227-37a5ba1a94fb
2025/11/08 14:46:50 INFO session created token=af7f6699-ddfc-4d4d-8483-edfd12e7390a name=User_24_76
2025/11/08 14:46:50 INFO session updated token=af7f6699-ddfc-4d4d-8483-edfd12e7390a tableID=0xc00028ecf0 seatIndex=0xc000290c50
2025/11/08 14:46:50 INFO session removed token=af7f6699-ddfc-4d4d-8483-edfd12e7390a
2025/11/08 14:46:50 INFO session created token=0516675a-2b7b-45b0-9880-aae86f1aa374 name=User_24_77
2025/11/08 14:46:50 INFO session updated token=0516675a-2b7b-45b0-9880-aae86f1aa374 tableID=0xc00028ed40 seatIndex=0xc000290ca0
2025/11/08 14:46:50 INFO session removed token=0516675a-2b7b-45b0-9880-aae86f1aa374
2025/11/08 14:46:50 INFO session created token=296988e5-35b4-44e0-b183-e1cc6b347ab5 name=User_24_78
2025/11/08 14:46:50 INFO session updated token=296988e5-35b4-44e0-b183-e1cc6b347ab5 tableID=0xc00028ed90 seatIndex=0xc000290cf0
2025/11/08 14:46:50 INFO session removed token=296988e5-35b4-44e0-b183-e1cc6b347ab5
2025/11/08 14:46:50 INFO session created token=4c8dbd33-46ac-429e-b956-c921565d38ef name=User_24_79
2025/11/08 14:46:50 INFO session updated token=4c8dbd33-46ac-429e-b956-c921565d38ef tableID=0xc00028ede0 seatIndex=0xc000290d40
2025/11/08 14:46:50 INFO session removed token=4c8dbd33-46ac-429e-b956-c921565d38ef
2025/11/08 14:46:50 INFO session updated token=4fa298f3-1094-40ae-b85a-26ebd92fb96b tableID=0xc00028e950 seatIndex=0xc0002908c0
2025/11/08 14:46:50 INFO session removed token=4fa298f3-1094-40ae-b85a-26ebd92fb96b
2025/11/08 14:46:50 INFO session created token=9f6365c6-9db0-4b51-9acd-ddf2466c911d name=User_61_68
2025/11/08 14:46:50 INFO session updated token=9f6365c6-9db0-4b51-9acd-ddf2466c911d tableID=0xc000225220 seatIndex=0xc000234fb0
2025/11/08 14:46:50 INFO session removed token=9f6365c6-9db0-4b51-9acd-ddf2466c911d
2025/11/08 14:46:50 INFO session created token=7eff032e-e9a0-4808-85e0-fb59d3561d31 name=User_61_69
2025/11/08 14:46:50 INFO session updated token=7eff032e-e9a0-4808-85e0-fb59d3561d31 tableID=0xc000225270 seatIndex=0xc000235000
2025/11/08 14:46:50 INFO session removed token=7eff032e-e9a0-4808-85e0-fb59d3561d31
2025/11/08 14:46:50 INFO session created token=0ad85f65-485e-457c-b0af-b21ea1c8d1c3 name=User_61_70
2025/11/08 14:46:50 INFO session updated token=0ad85f65-485e-457c-b0af-b21ea1c8d1c3 tableID=0xc0002252c0 seatIndex=0xc000235050
2025/11/08 14:46:50 INFO session removed token=0ad85f65-485e-457c-b0af-b21ea1c8d1c3
2025/11/08 14:46:50 INFO session created token=a4de79ad-4787-4b70-998a-6cc408213565 name=User_61_71
2025/11/08 14:46:50 INFO session updated token=a4de79ad-4787-4b70-998a-6cc408213565 tableID=0xc000225310 seatIndex=0xc0002350a0
2025/11/08 14:46:50 INFO session removed token=a4de79ad-4787-4b70-998a-6cc408213565
2025/11/08 14:46:50 INFO session created token=5a037656-9918-46ea-b71a-bf5e085236aa name=User_61_72
2025/11/08 14:46:50 INFO session updated token=5a037656-9918-46ea-b71a-bf5e085236aa tableID=0xc000225360 seatIndex=0xc0002350f0
2025/11/08 14:46:50 INFO session removed token=5a037656-9918-46ea-b71a-bf5e085236aa
2025/11/08 14:46:50 INFO session created token=87938b89-ceb3-46d0-9d4a-80f36ef27c6c name=User_61_73
2025/11/08 14:46:50 INFO session updated token=38314f0f-48db-4f2e-8b02-a652e77ff075 tableID=0xc000224940 seatIndex=0xc000234710
2025/11/08 14:46:50 INFO session removed token=38314f0f-48db-4f2e-8b02-a652e77ff075
2025/11/08 14:46:50 INFO session updated token=866acdbc-0aa5-4681-b9fc-246059206222 tableID=0xc0001a9e80 seatIndex=0xc0001a1f30
2025/11/08 14:46:50 INFO session created token=a8cbb439-8007-4e4c-9844-a806901ebf47 name=User_51_18
2025/11/08 14:46:50 INFO session created token=bb34862b-c8cb-4429-89de-86af62f2c718 name=User_33_52
2025/11/08 14:46:50 INFO session updated token=6de0c607-dc23-4966-b36c-3cc474d9424b tableID=0xc00028e990 seatIndex=0xc0002908f0
2025/11/08 14:46:50 INFO session created token=a0cd6723-0a24-4686-a466-fbc77b40fe39 name=User_44_31
2025/11/08 14:46:50 INFO session updated token=c20a820a-d56e-4dff-8e7a-b46effb7e1ed tableID=0xc00012a530 seatIndex=0xc0001362d0
2025/11/08 14:46:50 INFO session removed token=9b1a1fa3-bca1-4ccd-8666-cb76673f54a1
2025/11/08 14:46:50 INFO session updated token=edb33a53-e0cc-4d35-a4a7-5bd24795ebd0 tableID=0xc00012a560 seatIndex=0xc0001362e0
2025/11/08 14:46:50 INFO session updated token=ecbc43f7-b9ed-4bcc-b896-d0682eb1b55c tableID=0xc00028e9e0 seatIndex=0xc000290930
2025/11/08 14:46:50 INFO session removed token=071b7976-6c19-47e1-9695-6bcc1a662c2d
2025/11/08 14:46:50 INFO session created token=3bbd4d3b-8c04-4884-8911-c70e63262246 name=User_32_51
2025/11/08 14:46:50 INFO session removed token=1fcbb466-a608-4a16-9167-e83e45eed281
2025/11/08 14:46:50 INFO session created token=fa3be84a-aa09-45bd-9687-230d28b811a7 name=User_73_25
2025/11/08 14:46:50 INFO session removed token=bca8fe82-cecb-4dd2-bfa3-fdb321dbcd24
2025/11/08 14:46:50 INFO session removed token=5ed4763d-5a7b-46eb-9cf5-4ca07da90e9f
2025/11/08 14:46:50 INFO session created token=3e66dfa2-f584-4d00-a1c2-e53b3089c004 name=User_9_24
2025/11/08 14:46:50 INFO session removed token=9a94ab78-f814-4b7b-9254-0a62bedbe141
2025/11/08 14:46:50 INFO session created token=651bc412-60d6-4908-b722-9a36ad3b9302 name=User_64_18
2025/11/08 14:46:50 INFO session removed token=7b6bec6a-9475-4492-9b64-d28a13077da8
2025/11/08 14:46:50 INFO session created token=c0e3d119-9653-4713-a1ae-d2174e6ca116 name=User_38_19
2025/11/08 14:46:50 INFO session created token=fffe57f0-b2ed-410b-8c01-77d23766ef85 name=User_16_20
2025/11/08 14:46:50 INFO session created token=9aec9441-0140-4c28-a698-7d023a7c1b9d name=User_35_36
2025/11/08 14:46:50 INFO session updated token=f038baa0-53b5-42f0-a6c5-06bd2aa570b5 tableID=0xc00028eb00 seatIndex=0xc000290a60
2025/11/08 14:46:50 INFO session created token=19e845a2-0546-4064-ae5e-fab37b97f899 name=User_47_21
2025/11/08 14:46:50 INFO session updated token=97f42c11-b8d2-4a84-9eab-eff75b1cad5d tableID=0xc00012a590 seatIndex=0xc0001362f0
2025/11/08 14:46:50 INFO session updated token=28f68f62-0691-4514-a8cf-3ad303863146 tableID=0xc00012a5a0 seatIndex=0xc000136300
2025/11/08 14:46:50 INFO session updated token=7f8dc536-465b-467f-9433-3066c6ab13cf tableID=0xc000224970 seatIndex=0xc000234780
2025/11/08 14:46:50 INFO session removed token=b8cbb473-3e83-48ef-8375-a1636ba38d10
2025/11/08 14:46:50 INFO session updated token=181a9942-f857-42c8-aa32-92589926fd8c tableID=0xc0001a9f10 seatIndex=0xc0001a1fc0
2025/11/08 14:46:50 INFO session updated token=fb79d040-f214-4926-9175-bc5614af140d tableID=0xc0003c2630 seatIndex=0xc0003c42e0
2025/11/08 14:46:50 INFO session removed token=a24e8e57-ef42-40a6-a265-db2619fdbb12
2025/11/08 14:46:50 INFO session updated token=2ade615a-ab10-446d-ad01-030d1d0a78e5 tableID=0xc0003c2780 seatIndex=0xc0003c4410
2025/11/08 14:46:50 INFO session updated token=f230abb1-2ea2-4383-9f06-7b55fd2dffd6 tableID=0xc0003c2790 seatIndex=0xc0003c4420
2025/11/08 14:46:50 INFO session removed token=f6657e42-42b4-494d-bee2-51006b50ce81
2025/11/08 14:46:50 INFO session updated token=33ae20b2-8b60-4ded-a3de-c0edca9684a6 tableID=0xc0002249a0 seatIndex=0xc000234790
2025/11/08 14:46:50 INFO session updated token=ca50652c-4ab9-4614-80d2-bca4dda7403c tableID=0xc00012a7d0 seatIndex=0xc000136580
2025/11/08 14:46:50 INFO session updated token=ebc71d12-b80c-43d2-936e-c21d5c3c1de7 tableID=0xc00012a7f0 seatIndex=0xc0001365b0
2025/11/08 14:46:50 INFO session updated token=475f58bf-9a75-4e99-9020-3e87e3f39ba0 tableID=0xc0002249e0 seatIndex=0xc0002347c0
2025/11/08 14:46:50 INFO session removed token=475f58bf-9a75-4e99-9020-3e87e3f39ba0
2025/11/08 14:46:50 INFO session created token=10ee3d8e-a6f2-4b16-b4aa-588e2fc3ce3a name=User_22_68
2025/11/08 14:46:50 INFO session updated token=10ee3d8e-a6f2-4b16-b4aa-588e2fc3ce3a tableID=0xc000225590 seatIndex=0xc000235330
2025/11/08 14:46:50 INFO session removed token=10ee3d8e-a6f2-4b16-b4aa-588e2fc3ce3a
2025/11/08 14:46:50 INFO session created token=8f632472-5fd0-429e-8ff9-eb79d7be90e9 name=User_22_69
2025/11/08 14:46:50 INFO session updated token=8f632472-5fd0-429e-8ff9-eb79d7be90e9 tableID=0xc0002255e0 seatIndex=0xc000235380
2025/11/08 14:46:50 INFO session removed token=8f632472-5fd0-429e-8ff9-eb79d7be90e9
2025/11/08 14:46:50 INFO session created token=243e669f-fcaa-4a96-82ba-4bf502005e13 name=User_22_70
2025/11/08 14:46:50 INFO session updated token=243e669f-fcaa-4a96-82ba-4bf502005e13 tableID=0xc000225630 seatIndex=0xc0002353d0
2025/11/08 14:46:50 INFO session removed token=243e669f-fcaa-4a96-82ba-4bf502005e13
2025/11/08 14:46:50 INFO session created token=c8500e80-8979-42a6-94fc-d0b5b3653fa1 name=User_22_71
2025/11/08 14:46:50 INFO session updated token=c8500e80-8979-42a6-94fc-d0b5b3653fa1 tableID=0xc000225680 seatIndex=0xc000235420
2025/11/08 14:46:50 INFO session removed token=c8500e80-8979-42a6-94fc-d0b5b3653fa1
2025/11/08 14:46:50 INFO session created token=0417f176-c04a-4454-99aa-db86ee471aa7 name=User_22_72
2025/11/08 14:46:50 INFO session updated token=0417f176-c04a-4454-99aa-db86ee471aa7 tableID=0xc0002256d0 seatIndex=0xc000235470
2025/11/08 14:46:50 INFO session removed token=0417f176-c04a-4454-99aa-db86ee471aa7
2025/11/08 14:46:50 INFO session created token=d55552fc-b532-4436-8dfd-00b7e2aea260 name=User_22_73
2025/11/08 14:46:50 INFO session updated token=d55552fc-b532-4436-8dfd-00b7e2aea260 tableID=0xc000225720 seatIndex=0xc0002354c0
2025/11/08 14:46:50 INFO session removed token=d55552fc-b532-4436-8dfd-00b7e2aea260
2025/11/08 14:46:50 INFO session created token=1fe898ca-2e19-47d7-99f2-6b124a353dc6 name=User_22_74
2025/11/08 14:46:50 INFO session updated token=1fe898ca-2e19-47d7-99f2-6b124a353dc6 tableID=0xc000225770 seatIndex=0xc000235510
2025/11/08 14:46:50 INFO session removed token=1fe898ca-2e19-47d7-99f2-6b124a353dc6
2025/11/08 14:46:50 INFO session created token=b13ddc4c-3b10-42d7-be34-b65f2da12331 name=User_22_75
2025/11/08 14:46:50 INFO session updated token=b13ddc4c-3b10-42d7-be34-b65f2da12331 tableID=0xc0002257c0 seatIndex=0xc000235560
2025/11/08 14:46:50 INFO session removed token=b13ddc4c-3b10-42d7-be34-b65f2da12331
2025/11/08 14:46:50 INFO session created token=ddb9a786-f914-4482-8739-b26ff64aad8d name=User_22_76
2025/11/08 14:46:50 INFO session updated token=ddb9a786-f914-4482-8739-b26ff64aad8d tableID=0xc000225810 seatIndex=0xc0002355b0
2025/11/08 14:46:50 INFO session removed token=ddb9a786-f914-4482-8739-b26ff64aad8d
2025/11/08 14:46:50 INFO session created token=e72de5f6-423d-4bec-a4e8-e5643eeb1677 name=User_22_77
2025/11/08 14:46:50 INFO session updated token=e72de5f6-423d-4bec-a4e8-e5643eeb1677 tableID=0xc000225860 seatIndex=0xc000235600
2025/11/08 14:46:50 INFO session removed token=e72de5f6-423d-4bec-a4e8-e5643eeb1677
2025/11/08 14:46:50 INFO session created token=b03da0ff-749f-4341-be73-15d7c72a402d name=User_22_78
2025/11/08 14:46:50 INFO session updated token=b03da0ff-749f-4341-be73-15d7c72a402d tableID=0xc0002258b0 seatIndex=0xc000235650
2025/11/08 14:46:50 INFO session removed token=b03da0ff-749f-4341-be73-15d7c72a402d
2025/11/08 14:46:50 INFO session created token=a8e50ee8-13d3-4337-b9cb-57387def095e name=User_22_79
2025/11/08 14:46:50 INFO session updated token=a8e50ee8-13d3-4337-b9cb-57387def095e tableID=0xc000225900 seatIndex=0xc0002356a0
2025/11/08 14:46:50 INFO session removed token=a8e50ee8-13d3-4337-b9cb-57387def095e
2025/11/08 14:46:50 INFO session created token=0e1ada19-b0ff-4803-825f-979d2abadee3 name=User_22_80
2025/11/08 14:46:50 INFO session updated token=0e1ada19-b0ff-4803-825f-979d2abadee3 tableID=0xc000225950 seatIndex=0xc0002356f0
2025/11/08 14:46:50 INFO session removed token=0e1ada19-b0ff-4803-825f-979d2abadee3
2025/11/08 14:46:50 INFO session created token=9a4ced5d-cc6f-4041-868c-c75a5d2e0b17 name=User_22_81
2025/11/08 14:46:50 INFO session updated token=9a4ced5d-cc6f-4041-868c-c75a5d2e0b17 tableID=0xc0002259a0 seatIndex=0xc000235740
2025/11/08 14:46:50 INFO session removed token=9a4ced5d-cc6f-4041-868c-c75a5d2e0b17
2025/11/08 14:46:50 INFO session created token=9cdb719c-b9c2-470b-bb05-07968541b7d3 name=User_22_82
2025/11/08 14:46:50 INFO session updated token=9cdb719c-b9c2-470b-bb05-07968541b7d3 tableID=0xc0002259f0 seatIndex=0xc000235790
2025/11/08 14:46:50 INFO session removed token=9cdb719c-b9c2-470b-bb05-07968541b7d3
2025/11/08 14:46:50 INFO session created token=e9e21ce3-ddaa-4220-a364-1a16316ae4cd name=User_22_83
2025/11/08 14:46:50 INFO session updated token=e9e21ce3-ddaa-4220-a364-1a16316ae4cd tableID=0xc000225a40 seatIndex=0xc0002357e0
2025/11/08 14:46:50 INFO session removed token=e9e21ce3-ddaa-4220-a364-1a16316ae4cd
2025/11/08 14:46:50 INFO session created token=d0a6d661-3738-4148-a74d-1bc3fb3be120 name=User_22_84
2025/11/08 14:46:50 INFO session updated token=d0a6d661-3738-4148-a74d-1bc3fb3be120 tableID=0xc000225a90 seatIndex=0xc000235830
2025/11/08 14:46:50 INFO session removed token=d0a6d661-3738-4148-a74d-1bc3fb3be120
2025/11/08 14:46:50 INFO session created token=55bc60b8-a640-44ba-a12e-af46aef1bf5f name=User_22_85
2025/11/08 14:46:50 INFO session updated token=55bc60b8-a640-44ba-a12e-af46aef1bf5f tableID=0xc000225ae0 seatIndex=0xc000235880
2025/11/08 14:46:50 INFO session removed token=55bc60b8-a640-44ba-a12e-af46aef1bf5f
2025/11/08 14:46:50 INFO session created token=e21f259a-3456-4743-994d-36165c378305 name=User_22_86
2025/11/08 14:46:50 INFO session updated token=e21f259a-3456-4743-994d-36165c378305 tableID=0xc000225b30 seatIndex=0xc0002358d0
2025/11/08 14:46:50 INFO session removed token=e21f259a-3456-4743-994d-36165c378305
2025/11/08 14:46:50 INFO session created token=2766d499-a163-461e-ae21-efa27dde44f4 name=User_22_87
2025/11/08 14:46:50 INFO session updated token=2766d499-a163-461e-ae21-efa27dde44f4 tableID=0xc000225b80 seatIndex=0xc000235920
2025/11/08 14:46:50 INFO session removed token=2766d499-a163-461e-ae21-efa27dde44f4
2025/11/08 14:46:50 INFO session created token=070f5de4-b6f8-48c8-9268-d81931401532 name=User_22_88
2025/11/08 14:46:50 INFO session updated token=070f5de4-b6f8-48c8-9268-d81931401532 tableID=0xc000225bd0 seatIndex=0xc000235970
2025/11/08 14:46:50 INFO session removed token=070f5de4-b6f8-48c8-9268-d81931401532
2025/11/08 14:46:50 INFO session created token=59b93fc9-36a3-437a-911c-4135229b2e5b name=User_22_89
2025/11/08 14:46:50 INFO session updated token=59b93fc9-36a3-437a-911c-4135229b2e5b tableID=0xc000225c20 seatIndex=0xc0002359c0
2025/11/08 14:46:50 INFO session removed token=59b93fc9-36a3-437a-911c-4135229b2e5b
2025/11/08 14:46:50 INFO session created token=b1cc95a0-6d02-499b-8075-aa73711e2a42 name=User_22_90
2025/11/08 14:46:50 INFO session updated token=b1cc95a0-6d02-499b-8075-aa73711e2a42 tableID=0xc000225c70 seatIndex=0xc000235a10
2025/11/08 14:46:50 INFO session removed token=b1cc95a0-6d02-499b-8075-aa73711e2a42
2025/11/08 14:46:50 INFO session created token=760da877-ce85-4909-b736-d3d779c7df9b name=User_22_91
2025/11/08 14:46:50 INFO session updated token=760da877-ce85-4909-b736-d3d779c7df9b tableID=0xc000225cc0 seatIndex=0xc000235a60
2025/11/08 14:46:50 INFO session removed token=760da877-ce85-4909-b736-d3d779c7df9b
2025/11/08 14:46:50 INFO session created token=6680dab3-9f6a-46c6-a273-816650e1bf4d name=User_22_92
2025/11/08 14:46:50 INFO session updated token=6680dab3-9f6a-46c6-a273-816650e1bf4d tableID=0xc000225d10 seatIndex=0xc000235ab0
2025/11/08 14:46:50 INFO session removed token=6680dab3-9f6a-46c6-a273-816650e1bf4d
2025/11/08 14:46:50 INFO session created token=97f9984e-7204-416d-a638-b8baf5f4a619 name=User_22_93
2025/11/08 14:46:50 INFO session updated token=97f9984e-7204-416d-a638-b8baf5f4a619 tableID=0xc000225d60 seatIndex=0xc000235b00
2025/11/08 14:46:50 INFO session removed token=97f9984e-7204-416d-a638-b8baf5f4a619
2025/11/08 14:46:50 INFO session created token=9521c695-692f-4232-b336-e6be7ffa2900 name=User_22_94
2025/11/08 14:46:50 INFO session updated token=9521c695-692f-4232-b336-e6be7ffa2900 tableID=0xc000225db0 seatIndex=0xc000235b50
2025/11/08 14:46:50 INFO session removed token=9521c695-692f-4232-b336-e6be7ffa2900
2025/11/08 14:46:50 INFO session created token=7c28ae95-7555-474b-900e-5b907ef0669d name=User_22_95
2025/11/08 14:46:50 INFO session updated token=7c28ae95-7555-474b-900e-5b907ef0669d tableID=0xc000225e00 seatIndex=0xc000235ba0
2025/11/08 14:46:50 INFO session removed token=7c28ae95-7555-474b-900e-5b907ef0669d
2025/11/08 14:46:50 INFO session created token=9ac725f0-ef69-4ca8-b69c-433dacda2d1a name=User_22_96
2025/11/08 14:46:50 INFO session updated token=9ac725f0-ef69-4ca8-b69c-433dacda2d1a tableID=0xc000225e50 seatIndex=0xc000235bf0
2025/11/08 14:46:50 INFO session removed token=9ac725f0-ef69-4ca8-b69c-433dacda2d1a
2025/11/08 14:46:50 INFO session created token=5b80d34d-011b-49c2-8854-cd1b63c811b1 name=User_22_97
2025/11/08 14:46:50 INFO session updated token=5b80d34d-011b-49c2-8854-cd1b63c811b1 tableID=0xc000225ea0 seatIndex=0xc000235c40
2025/11/08 14:46:50 INFO session removed token=5b80d34d-011b-49c2-8854-cd1b63c811b1
2025/11/08 14:46:50 INFO session created token=aedcbea3-c6e9-4874-8d24-94ab97a4d9e3 name=User_22_98
2025/11/08 14:46:50 INFO session updated token=aedcbea3-c6e9-4874-8d24-94ab97a4d9e3 tableID=0xc000225ef0 seatIndex=0xc000235c90
2025/11/08 14:46:50 INFO session removed token=aedcbea3-c6e9-4874-8d24-94ab97a4d9e3
2025/11/08 14:46:50 INFO session created token=bd371141-4feb-4900-9aac-a7bf300e96c8 name=User_22_99
2025/11/08 14:46:50 INFO session updated token=bd371141-4feb-4900-9aac-a7bf300e96c8 tableID=0xc000225f40 seatIndex=0xc000235ce0
2025/11/08 14:46:50 INFO session removed token=bd371141-4feb-4900-9aac-a7bf300e96c8
2025/11/08 14:46:50 INFO session created token=b33ab295-e64c-46d9-b660-58fadfe3af3c name=User_95_25
2025/11/08 14:46:50 INFO session updated token=b33ab295-e64c-46d9-b660-58fadfe3af3c tableID=0xc00023e010 seatIndex=0xc000235d10
2025/11/08 14:46:50 INFO session removed token=b33ab295-e64c-46d9-b660-58fadfe3af3c
2025/11/08 14:46:50 INFO session created token=c22c486a-4a82-4b8e-8cae-3bb98c916e6b name=User_95_26
2025/11/08 14:46:50 INFO session updated token=c22c486a-4a82-4b8e-8cae-3bb98c916e6b tableID=0xc00023e060 seatIndex=0xc000235d60
2025/11/08 14:46:50 INFO session removed token=c22c486a-4a82-4b8e-8cae-3bb98c916e6b
2025/11/08 14:46:50 INFO session created token=0cce594c-b1b6-4e38-8ade-00cb436ddb44 name=User_95_27
2025/11/08 14:46:50 INFO session updated token=0cce594c-b1b6-4e38-8ade-00cb436ddb44 tableID=0xc00023e0b0 seatIndex=0xc000235db0
2025/11/08 14:46:50 INFO session removed token=0cce594c-b1b6-4e38-8ade-00cb436ddb44
2025/11/08 14:46:50 INFO session created token=14d11ce7-2401-4a27-b51b-290addd94119 name=User_95_28
2025/11/08 14:46:50 INFO session updated token=14d11ce7-2401-4a27-b51b-290addd94119 tableID=0xc00023e100 seatIndex=0xc000235e00
2025/11/08 14:46:50 INFO session removed token=14d11ce7-2401-4a27-b51b-290addd94119
2025/11/08 14:46:50 INFO session created token=aabe5f34-5bb8-45fa-8316-6ae4ccb9c7a6 name=User_95_29
2025/11/08 14:46:50 INFO session updated token=aabe5f34-5bb8-45fa-8316-6ae4ccb9c7a6 tableID=0xc00023e150 seatIndex=0xc000235e50
2025/11/08 14:46:50 INFO session removed token=aabe5f34-5bb8-45fa-8316-6ae4ccb9c7a6
2025/11/08 14:46:50 INFO session created token=0d8cc2d5-24d5-4007-8ba6-a3f61a18b28f name=User_95_30
2025/11/08 14:46:50 INFO session updated token=0d8cc2d5-24d5-4007-8ba6-a3f61a18b28f tableID=0xc00023e1a0 seatIndex=0xc000235ea0
2025/11/08 14:46:50 INFO session removed token=0d8cc2d5-24d5-4007-8ba6-a3f61a18b28f
2025/11/08 14:46:50 INFO session created token=c1b4c413-0221-4530-864f-ac16ad5c8487 name=User_95_31
2025/11/08 14:46:50 INFO session updated token=c1b4c413-0221-4530-864f-ac16ad5c8487 tableID=0xc00023e1f0 seatIndex=0xc000235ef0
2025/11/08 14:46:50 INFO session removed token=c1b4c413-0221-4530-864f-ac16ad5c8487
2025/11/08 14:46:50 INFO session created token=7af8413a-53ba-4a36-9ffa-2531ba0b9868 name=User_95_32
2025/11/08 14:46:50 INFO session updated token=7af8413a-53ba-4a36-9ffa-2531ba0b9868 tableID=0xc00023e240 seatIndex=0xc000235f40
2025/11/08 14:46:50 INFO session removed token=7af8413a-53ba-4a36-9ffa-2531ba0b9868
2025/11/08 14:46:50 INFO session created token=73112e64-3794-402a-a56f-0230f11dbd2d name=User_95_33
2025/11/08 14:46:50 INFO session updated token=73112e64-3794-402a-a56f-0230f11dbd2d tableID=0xc00023e290 seatIndex=0xc000235f90
2025/11/08 14:46:50 INFO session removed token=73112e64-3794-402a-a56f-0230f11dbd2d
2025/11/08 14:46:50 INFO session created token=c7b453db-6792-4726-b6e7-3cdf1989b798 name=User_95_34
2025/11/08 14:46:50 INFO session updated token=c7b453db-6792-4726-b6e7-3cdf1989b798 tableID=0xc00023e2e0 seatIndex=0xc000235fe0
2025/11/08 14:46:50 INFO session removed token=c7b453db-6792-4726-b6e7-3cdf1989b798
2025/11/08 14:46:50 INFO session created token=3cb361a2-72a7-4c7d-a848-cc7d75188dd4 name=User_95_35
2025/11/08 14:46:50 INFO session updated token=3cb361a2-72a7-4c7d-a848-cc7d75188dd4 tableID=0xc00023e330 seatIndex=0xc000242030
2025/11/08 14:46:50 INFO session removed token=3cb361a2-72a7-4c7d-a848-cc7d75188dd4
2025/11/08 14:46:50 INFO session created token=7271927d-a23d-4c37-b561-e70db2a6ee1e name=User_95_36
2025/11/08 14:46:50 INFO session updated token=7271927d-a23d-4c37-b561-e70db2a6ee1e tableID=0xc00023e380 seatIndex=0xc000242080
2025/11/08 14:46:50 INFO session removed token=7271927d-a23d-4c37-b561-e70db2a6ee1e
2025/11/08 14:46:50 INFO session created token=55c3ba4e-b543-4746-99ca-9ce465619ad7 name=User_95_37
2025/11/08 14:46:50 INFO session updated token=55c3ba4e-b543-4746-99ca-9ce465619ad7 tableID=0xc00023e3d0 seatIndex=0xc0002420d0
2025/11/08 14:46:50 INFO session removed token=55c3ba4e-b543-4746-99ca-9ce465619ad7
2025/11/08 14:46:50 INFO session created token=3da4d926-abe6-4399-9827-1122132d91b9 name=User_95_38
2025/11/08 14:46:50 INFO session updated token=3da4d926-abe6-4399-9827-1122132d91b9 tableID=0xc00023e420 seatIndex=0xc000242120
2025/11/08 14:46:50 INFO session removed token=3da4d926-abe6-4399-9827-1122132d91b9
2025/11/08 14:46:50 INFO session created token=211b9729-ec15-47b2-a32b-36f836ca4df5 name=User_95_39
2025/11/08 14:46:50 INFO session updated token=211b9729-ec15-47b2-a32b-36f836ca4df5 tableID=0xc00023e470 seatIndex=0xc000242170
2025/11/08 14:46:50 INFO session removed token=211b9729-ec15-47b2-a32b-36f836ca4df5
2025/11/08 14:46:50 INFO session created token=ce7ac4fb-c225-441c-8d9d-9928cfd74080 name=User_95_40
2025/11/08 14:46:50 INFO session updated token=ce7ac4fb-c225-441c-8d9d-9928cfd74080 tableID=0xc00023e4c0 seatIndex=0xc0002421c0
2025/11/08 14:46:50 INFO session removed token=ce7ac4fb-c225-441c-8d9d-9928cfd74080
2025/11/08 14:46:50 INFO session created token=03a63099-149f-4a3a-8f68-a76d4f66fa5f name=User_95_41
2025/11/08 14:46:50 INFO session updated token=03a63099-149f-4a3a-8f68-a76d4f66fa5f tableID=0xc00023e510 seatIndex=0xc000242210
2025/11/08 14:46:50 INFO session removed token=03a63099-149f-4a3a-8f68-a76d4f66fa5f
2025/11/08 14:46:50 INFO session created token=25385c02-079d-484a-90da-6f56defb5e66 name=User_95_42
2025/11/08 14:46:50 INFO session updated token=25385c02-079d-484a-90da-6f56defb5e66 tableID=0xc00023e560 seatIndex=0xc000242260
2025/11/08 14:46:50 INFO session removed token=25385c02-079d-484a-90da-6f56defb5e66
2025/11/08 14:46:50 INFO session created token=7f426327-8234-419d-abef-a78b310d4629 name=User_95_43
2025/11/08 14:46:50 INFO session updated token=7f426327-8234-419d-abef-a78b310d4629 tableID=0xc00023e5b0 seatIndex=0xc0002422b0
2025/11/08 14:46:50 INFO session removed token=7f426327-8234-419d-abef-a78b310d4629
2025/11/08 14:46:50 INFO session created token=e81705c5-5380-4ac2-8be0-915d888fe64a name=User_95_44
2025/11/08 14:46:50 INFO session updated token=e81705c5-5380-4ac2-8be0-915d888fe64a tableID=0xc00023e600 seatIndex=0xc000242300
2025/11/08 14:46:50 INFO session removed token=e81705c5-5380-4ac2-8be0-915d888fe64a
2025/11/08 14:46:50 INFO session created token=5267365e-ebfe-4a4a-99fa-7421358d7f7c name=User_95_45
2025/11/08 14:46:50 INFO session updated token=5267365e-ebfe-4a4a-99fa-7421358d7f7c tableID=0xc00023e650 seatIndex=0xc000242350
2025/11/08 14:46:50 INFO session removed token=5267365e-ebfe-4a4a-99fa-7421358d7f7c
2025/11/08 14:46:50 INFO session created token=826b6777-3290-49a4-a238-45f7467dacf9 name=User_95_46
2025/11/08 14:46:50 INFO session updated token=826b6777-3290-49a4-a238-45f7467dacf9 tableID=0xc00023e6a0 seatIndex=0xc0002423a0
2025/11/08 14:46:50 INFO session removed token=826b6777-3290-49a4-a238-45f7467dacf9
2025/11/08 14:46:50 INFO session created token=aae41d31-a80b-455b-8478-f404cf7c0c0b name=User_95_47
2025/11/08 14:46:50 INFO session updated token=aae41d31-a80b-455b-8478-f404cf7c0c0b tableID=0xc00023e6f0 seatIndex=0xc0002423f0
2025/11/08 14:46:50 INFO session removed token=aae41d31-a80b-455b-8478-f404cf7c0c0b
2025/11/08 14:46:50 INFO session created token=0a655148-7ddf-4da4-9841-f943b2df7730 name=User_95_48
2025/11/08 14:46:50 INFO session updated token=0a655148-7ddf-4da4-9841-f943b2df7730 tableID=0xc00023e740 seatIndex=0xc000242440
2025/11/08 14:46:50 INFO session removed token=0a655148-7ddf-4da4-9841-f943b2df7730
2025/11/08 14:46:50 INFO session created token=ca1951b3-9568-4f2d-b6ec-a4528dd99091 name=User_95_49
2025/11/08 14:46:50 INFO session updated token=ca1951b3-9568-4f2d-b6ec-a4528dd99091 tableID=0xc00023e790 seatIndex=0xc000242490
2025/11/08 14:46:50 INFO session removed token=ca1951b3-9568-4f2d-b6ec-a4528dd99091
2025/11/08 14:46:50 INFO session created token=6b055fcc-bc32-4ad9-9767-92d37f1e3a81 name=User_95_50
2025/11/08 14:46:50 INFO session updated token=6b055fcc-bc32-4ad9-9767-92d37f1e3a81 tableID=0xc00023e7e0 seatIndex=0xc0002424e0
2025/11/08 14:46:50 INFO session removed token=6b055fcc-bc32-4ad9-9767-92d37f1e3a81
2025/11/08 14:46:50 INFO session created token=1432b598-a62f-4ee0-b92e-52b848f6fd05 name=User_95_51
2025/11/08 14:46:50 INFO session updated token=1432b598-a62f-4ee0-b92e-52b848f6fd05 tableID=0xc00023e830 seatIndex=0xc000242530
2025/11/08 14:46:50 INFO session removed token=1432b598-a62f-4ee0-b92e-52b848f6fd05
2025/11/08 14:46:50 INFO session created token=c79e69d7-b1d8-4d49-98a3-85195b273c10 name=User_95_52
2025/11/08 14:46:50 INFO session updated token=c79e69d7-b1d8-4d49-98a3-85195b273c10 tableID=0xc00023e880 seatIndex=0xc000242580
2025/11/08 14:46:50 INFO session removed token=c79e69d7-b1d8-4d49-98a3-85195b273c10
2025/11/08 14:46:50 INFO session created token=9062ba0b-92d4-4f1f-95d5-ec2ec2dac19c name=User_95_53
2025/11/08 14:46:50 INFO session updated token=9062ba0b-92d4-4f1f-95d5-ec2ec2dac19c tableID=0xc00023e8d0 seatIndex=0xc0002425d0
2025/11/08 14:46:50 INFO session removed token=9062ba0b-92d4-4f1f-95d5-ec2ec2dac19c
2025/11/08 14:46:50 INFO session created token=715a5ce5-8e19-4a1f-a6fb-57409c62e39c name=User_95_54
2025/11/08 14:46:50 INFO session updated token=715a5ce5-8e19-4a1f-a6fb-57409c62e39c tableID=0xc00023e920 seatIndex=0xc000242620
2025/11/08 14:46:50 INFO session removed token=715a5ce5-8e19-4a1f-a6fb-57409c62e39c
2025/11/08 14:46:50 INFO session created token=d91389b2-4ee3-4763-be89-f4eaa431b376 name=User_95_55
2025/11/08 14:46:50 INFO session updated token=d91389b2-4ee3-4763-be89-f4eaa431b376 tableID=0xc00023e970 seatIndex=0xc000242670
2025/11/08 14:46:50 INFO session removed token=d91389b2-4ee3-4763-be89-f4eaa431b376
2025/11/08 14:46:50 INFO session created token=b96ee7b9-ed54-40cb-a201-1b6afcb0f331 name=User_95_56
2025/11/08 14:46:50 INFO session updated token=b96ee7b9-ed54-40cb-a201-1b6afcb0f331 tableID=0xc00023e9c0 seatIndex=0xc0002426c0
2025/11/08 14:46:50 INFO session removed token=b96ee7b9-ed54-40cb-a201-1b6afcb0f331
2025/11/08 14:46:50 INFO session created token=ce7092d0-b32b-4852-96ae-22cd86d626b9 name=User_95_57
2025/11/08 14:46:50 INFO session updated token=ce7092d0-b32b-4852-96ae-22cd86d626b9 tableID=0xc00023ea10 seatIndex=0xc000242710
2025/11/08 14:46:50 INFO session removed token=ce7092d0-b32b-4852-96ae-22cd86d626b9
2025/11/08 14:46:50 INFO session created token=0a30718c-a603-4cb9-b283-a5c6bc9caca0 name=User_95_58
2025/11/08 14:46:50 INFO session updated token=0a30718c-a603-4cb9-b283-a5c6bc9caca0 tableID=0xc00023ea60 seatIndex=0xc000242760
2025/11/08 14:46:50 INFO session removed token=0a30718c-a603-4cb9-b283-a5c6bc9caca0
2025/11/08 14:46:50 INFO session created token=42c2b0cb-455b-4e07-bb3b-2ecf0006cc4c name=User_95_59
2025/11/08 14:46:50 INFO session updated token=42c2b0cb-455b-4e07-bb3b-2ecf0006cc4c tableID=0xc00023eab0 seatIndex=0xc0002427b0
2025/11/08 14:46:50 INFO session removed token=42c2b0cb-455b-4e07-bb3b-2ecf0006cc4c
2025/11/08 14:46:50 INFO session created token=883b831b-a29d-4610-8196-d3bcdb8ab67d name=User_95_60
2025/11/08 14:46:50 INFO session updated token=883b831b-a29d-4610-8196-d3bcdb8ab67d tableID=0xc00023eb00 seatIndex=0xc000242800
2025/11/08 14:46:50 INFO session removed token=883b831b-a29d-4610-8196-d3bcdb8ab67d
2025/11/08 14:46:50 INFO session created token=bede8d32-131f-4c5f-a2d6-5ba33fa3db51 name=User_95_61
2025/11/08 14:46:50 INFO session updated token=bede8d32-131f-4c5f-a2d6-5ba33fa3db51 tableID=0xc00023eb50 seatIndex=0xc000242850
2025/11/08 14:46:50 INFO session removed token=bede8d32-131f-4c5f-a2d6-5ba33fa3db51
2025/11/08 14:46:50 INFO session created token=3c1e6300-ffe9-429a-8e91-f640a20fc5bd name=User_95_62
2025/11/08 14:46:50 INFO session updated token=3c1e6300-ffe9-429a-8e91-f640a20fc5bd tableID=0xc00023eba0 seatIndex=0xc0002428a0
2025/11/08 14:46:50 INFO session removed token=3c1e6300-ffe9-429a-8e91-f640a20fc5bd
2025/11/08 14:46:50 INFO session created token=2903a9c3-0fab-4615-9d85-b932e540ab62 name=User_95_63
2025/11/08 14:46:50 INFO session updated token=2903a9c3-0fab-4615-9d85-b932e540ab62 tableID=0xc00023ebf0 seatIndex=0xc0002428f0
2025/11/08 14:46:50 INFO session removed token=2903a9c3-0fab-4615-9d85-b932e540ab62
2025/11/08 14:46:50 INFO session created token=9b886cab-b0da-4544-b97f-a465507aa7be name=User_95_64
2025/11/08 14:46:50 INFO session updated token=9b886cab-b0da-4544-b97f-a465507aa7be tableID=0xc00023ec40 seatIndex=0xc000242940
2025/11/08 14:46:50 INFO session removed token=9b886cab-b0da-4544-b97f-a465507aa7be
2025/11/08 14:46:50 INFO session created token=4cc45a9f-cf1e-4f72-ab1b-bfca7e957e8a name=User_93_39
2025/11/08 14:46:50 INFO session created token=cb769fe0-6a6c-41fa-8a3e-c636fe46ce03 name=User_52_25
2025/11/08 14:46:50 INFO session created token=a8f4366d-7e0b-4476-8374-9a32c5f7c36d name=User_28_44
2025/11/08 14:46:50 INFO session created token=666aa1b5-8d69-46a5-a1f4-4a19847e3a63 name=User_54_33
2025/11/08 14:46:50 INFO session created token=1f17afc5-42ea-4830-8c65-5a7ff7361914 name=User_10_25
2025/11/08 14:46:50 INFO session created token=e343e6e9-4d88-469d-83b0-feb9eb7b44b9 name=User_86_28
2025/11/08 14:46:50 INFO session updated token=cb769fe0-6a6c-41fa-8a3e-c636fe46ce03 tableID=0xc00023ec70 seatIndex=0xc000242970
2025/11/08 14:46:50 INFO session removed token=cb769fe0-6a6c-41fa-8a3e-c636fe46ce03
2025/11/08 14:46:50 INFO session removed token=2ade615a-ab10-446d-ad01-030d1d0a78e5
2025/11/08 14:46:50 INFO session updated token=4cc45a9f-cf1e-4f72-ab1b-bfca7e957e8a tableID=0xc00028efa0 seatIndex=0xc000290ee0
2025/11/08 14:46:50 INFO session removed token=4cc45a9f-cf1e-4f72-ab1b-bfca7e957e8a
2025/11/08 14:46:50 INFO session created token=392b4dd7-a88a-4e65-a4bd-2c1e1db58236 name=User_93_40
2025/11/08 14:46:50 INFO session created token=b3ffe3e6-450f-4f63-91d1-cb690678a69e name=User_52_26
2025/11/08 14:46:50 INFO session updated token=392b4dd7-a88a-4e65-a4bd-2c1e1db58236 tableID=0xc00028f060 seatIndex=0xc000290f90
2025/11/08 14:46:50 INFO session removed token=392b4dd7-a88a-4e65-a4bd-2c1e1db58236
2025/11/08 14:46:50 INFO session updated token=0555e74c-c135-4df0-b7c7-2de3856cca5c tableID=0xc0001b41d0 seatIndex=0xc0001b2230
2025/11/08 14:46:50 INFO session created token=c3b0dff7-5504-4fd2-a0af-0ea7a7182aab name=User_49_48
2025/11/08 14:46:50 INFO session created token=b34587c9-3ae1-457c-baa5-3fd3dbda49b1 name=User_93_41
2025/11/08 14:46:50 INFO session updated token=c3b0dff7-5504-4fd2-a0af-0ea7a7182aab tableID=0xc00028f0d0 seatIndex=0xc000290ff0
2025/11/08 14:46:50 INFO session removed token=c3b0dff7-5504-4fd2-a0af-0ea7a7182aab
2025/11/08 14:46:50 INFO session removed token=0555e74c-c135-4df0-b7c7-2de3856cca5c
2025/11/08 14:46:50 INFO session created token=1b80ba7b-919d-4b1d-89a6-7af5256dafd9 name=User_8_49
2025/11/08 14:46:50 INFO session updated token=1b80ba7b-919d-4b1d-89a6-7af5256dafd9 tableID=0xc0003c2910 seatIndex=0xc0003c4550
2025/11/08 14:46:50 INFO session removed token=1b80ba7b-919d-4b1d-89a6-7af5256dafd9
2025/11/08 14:46:50 INFO session created token=39f30a74-6287-49f6-a299-ba19aa3de207 name=User_8_50
2025/11/08 14:46:50 INFO session updated token=39f30a74-6287-49f6-a299-ba19aa3de207 tableID=0xc0003c2960 seatIndex=0xc0003c45a0
2025/11/08 14:46:50 INFO session removed token=39f30a74-6287-49f6-a299-ba19aa3de207
2025/11/08 14:46:50 INFO session created token=c2c1b09f-3861-48cc-b94a-127aa9a7b448 name=User_8_51
2025/11/08 14:46:50 INFO session updated token=c2c1b09f-3861-48cc-b94a-127aa9a7b448 tableID=0xc0003c29b0 seatIndex=0xc0003c45f0
2025/11/08 14:46:50 INFO session removed token=c2c1b09f-3861-48cc-b94a-127aa9a7b448
2025/11/08 14:46:50 INFO session updated token=e3002561-4d02-48f1-9274-f029329f0bb3 tableID=0xc00012ad10 seatIndex=0xc000136aa0
2025/11/08 14:46:50 INFO session removed token=e3002561-4d02-48f1-9274-f029329f0bb3
2025/11/08 14:46:50 INFO session created token=5e3bc6b1-d42a-461c-a82d-20adb65ce19f name=User_13_19
2025/11/08 14:46:50 INFO session updated token=5e3bc6b1-d42a-461c-a82d-20adb65ce19f tableID=0xc00023ecc0 seatIndex=0xc0002429c0
2025/11/08 14:46:50 INFO session removed token=5e3bc6b1-d42a-461c-a82d-20adb65ce19f
2025/11/08 14:46:50 INFO session created token=79230c61-6983-4652-988b-13e7baf591bc name=User_13_20
2025/11/08 14:46:50 INFO session updated token=79230c61-6983-4652-988b-13e7baf591bc tableID=0xc00023ed10 seatIndex=0xc000242a10
2025/11/08 14:46:50 INFO session removed token=79230c61-6983-4652-988b-13e7baf591bc
2025/11/08 14:46:50 INFO session created token=1133cd3c-683e-4cb4-a849-1a86a36cdd7c name=User_13_21
2025/11/08 14:46:50 INFO session updated token=1133cd3c-683e-4cb4-a849-1a86a36cdd7c tableID=0xc00023ed60 seatIndex=0xc000242a60
2025/11/08 14:46:50 INFO session removed token=1133cd3c-683e-4cb4-a849-1a86a36cdd7c
2025/11/08 14:46:50 INFO session created token=fc98457b-07a7-4109-b401-3ffabcb10ce6 name=User_13_22
2025/11/08 14:46:50 INFO session updated token=fc98457b-07a7-4109-b401-3ffabcb10ce6 tableID=0xc00023edb0 seatIndex=0xc000242ab0
2025/11/08 14:46:50 INFO session removed token=fc98457b-07a7-4109-b401-3ffabcb10ce6
2025/11/08 14:46:50 INFO session removed token=7b0feae3-0129-499a-9247-97c008bb9bdf
2025/11/08 14:46:50 INFO session updated token=926b6f3a-5189-43d5-9f57-833976115ff5 tableID=0xc0001b4230 seatIndex=0xc0001b2290
2025/11/08 14:46:50 INFO session removed token=ecbf1e5b-cc59-4730-a42d-781da204ff59
2025/11/08 14:46:50 INFO session removed token=0e073804-b623-4648-be2c-89d87343922e
2025/11/08 14:46:50 INFO session created token=8b3aa66e-e688-489d-b34e-a1f43467fa14 name=User_40_35
2025/11/08 14:46:50 INFO session created token=6ce40125-be24-408f-88f4-ba00ead350bc name=User_19_28
2025/11/08 14:46:50 INFO session created token=81f46663-d2b9-44ff-a031-328956db2329 name=User_75_35
2025/11/08 14:46:50 INFO session updated token=8b3aa66e-e688-489d-b34e-a1f43467fa14 tableID=0xc00023ee40 seatIndex=0xc000242b20
2025/11/08 14:46:50 INFO session removed token=8b3aa66e-e688-489d-b34e-a1f43467fa14
2025/11/08 14:46:50 INFO session updated token=f20f28fc-cec7-4067-b1f4-9a027157178c tableID=0xc0001b4270 seatIndex=0xc0001b22c0
2025/11/08 14:46:50 INFO session updated token=5d8298f2-bd55-4a41-a3a7-58b0e357594c tableID=0xc0001b42a0 seatIndex=0xc0001b22d0
2025/11/08 14:46:50 INFO session removed token=778ce1e9-4bf9-42d4-b292-cb100882fcc8
2025/11/08 14:46:50 INFO session updated token=49816695-db48-4527-8c7d-ea15bea7c89e tableID=0xc0001b42c0 seatIndex=0xc0001b2300
2025/11/08 14:46:50 INFO session updated token=87938b89-ceb3-46d0-9d4a-80f36ef27c6c tableID=0xc00028ee20 seatIndex=0xc000290db0
2025/11/08 14:46:50 INFO session removed token=866acdbc-0aa5-4681-b9fc-246059206222
2025/11/08 14:46:50 INFO session updated token=a8cbb439-8007-4e4c-9844-a806901ebf47 tableID=0xc00028ee60 seatIndex=0xc000290e00
2025/11/08 14:46:50 INFO session updated token=bb34862b-c8cb-4429-89de-86af62f2c718 tableID=0xc00028ee70 seatIndex=0xc000290e10
2025/11/08 14:46:50 INFO session created token=f16dcbe4-5409-43d3-8767-e46c0414cc81 name=User_24_80
2025/11/08 14:46:50 INFO session removed token=6de0c607-dc23-4966-b36c-3cc474d9424b
2025/11/08 14:46:50 INFO session created token=70fee726-8235-4aa4-8a44-7f62b1403566 name=User_30_40
2025/11/08 14:46:50 INFO session updated token=a0cd6723-0a24-4686-a466-fbc77b40fe39 tableID=0xc00028ee90 seatIndex=0xc000290e40
2025/11/08 14:46:50 INFO session created token=c6bafdb2-dc62-48a7-a7e1-0048f98d6c40 name=User_53_28
2025/11/08 14:46:50 INFO session removed token=c20a820a-d56e-4dff-8e7a-b46effb7e1ed
2025/11/08 14:46:50 INFO session removed token=edb33a53-e0cc-4d35-a4a7-5bd24795ebd0
2025/11/08 14:46:50 INFO session removed token=ecbc43f7-b9ed-4bcc-b896-d0682eb1b55c
2025/11/08 14:46:50 INFO session updated token=3bbd4d3b-8c04-4884-8911-c70e63262246 tableID=0xc00028eef0 seatIndex=0xc000290e90
2025/11/08 14:46:50 INFO session created token=a1ecfe4d-0b38-4144-9264-6ba62f7cb1fc name=User_84_84
2025/11/08 14:46:50 INFO session updated token=fa3be84a-aa09-45bd-9687-230d28b811a7 tableID=0xc00028ef10 seatIndex=0xc000290ea0
2025/11/08 14:46:50 INFO session created token=9af89c54-2570-4493-a7db-cb593c85fa49 name=User_72_23
2025/11/08 14:46:50 INFO session created token=1f16eb29-4762-4a36-ba22-da058cce8626 name=User_57_94
2025/11/08 14:46:50 INFO session updated token=3e66dfa2-f584-4d00-a1c2-e53b3089c004 tableID=0xc00028ef40 seatIndex=0xc000290eb0
2025/11/08 14:46:50 INFO session created token=a0bb6dbb-33d1-4f79-9e9c-c890dac676f9 name=User_27_77
2025/11/08 14:46:50 INFO session created token=2beeaacc-11d8-4ea0-8572-78b6ec91dab8 name=User_37_41
2025/11/08 14:46:50 INFO session created token=8ed1b875-0d3e-4057-9b83-150c02e7f1fb name=User_46_78
2025/11/08 14:46:50 INFO session updated token=c0e3d119-9653-4713-a1ae-d2174e6ca116 tableID=0xc0003c2830 seatIndex=0xc0003c4490
2025/11/08 14:46:50 INFO session created token=1bd3fdd0-290d-4884-b626-0d2609ceb629 name=User_17_43
2025/11/08 14:46:50 INFO session updated token=19e845a2-0546-4064-ae5e-fab37b97f899 tableID=0xc000225450 seatIndex=0xc000235180
2025/11/08 14:46:50 INFO session updated token=fffe57f0-b2ed-410b-8c01-77d23766ef85 tableID=0xc000225460 seatIndex=0xc000235190
2025/11/08 14:46:50 INFO session updated token=9aec9441-0140-4c28-a698-7d023a7c1b9d tableID=0xc0003c2850 seatIndex=0xc0003c44c0
2025/11/08 14:46:50 INFO session removed token=f038baa0-53b5-42f0-a6c5-06bd2aa570b5
2025/11/08 14:46:50 INFO session updated token=651bc412-60d6-4908-b722-9a36ad3b9302 tableID=0xc000225470 seatIndex=0xc0002351a0
2025/11/08 14:46:50 INFO session removed token=97f42c11-b8d2-4a84-9eab-eff75b1cad5d
2025/11/08 14:46:50 INFO session removed token=28f68f62-0691-4514-a8cf-3ad303863146
2025/11/08 14:46:50 INFO session removed token=7f8dc536-465b-467f-9433-3066c6ab13cf
2025/11/08 14:46:50 INFO session created token=16628f8a-8f41-49cc-a5fc-634dd7387136 name=User_96_55
2025/11/08 14:46:50 INFO session created token=e1781b4e-73b6-4609-bc1c-49b1f1699fa3 name=User_62_41
2025/11/08 14:46:50 INFO session created token=9c2d1c61-fa3f-47af-94f5-66d3824c3f9f name=User_77_25
2025/11/08 14:46:50 INFO session updated token=16628f8a-8f41-49cc-a5fc-634dd7387136 tableID=0xc00023efe0 seatIndex=0xc000242cf0
2025/11/08 14:46:50 INFO session created token=000630db-dfa0-4048-8cfa-b91fba398f85 name=User_15_47
2025/11/08 14:46:50 INFO session removed token=16628f8a-8f41-49cc-a5fc-634dd7387136
2025/11/08 14:46:50 INFO session removed token=f230abb1-2ea2-4383-9f06-7b55fd2dffd6
2025/11/08 14:46:50 INFO session created token=d29606a9-2098-4579-8c15-3c8734b238f8 name=User_96_56
2025/11/08 14:46:50 INFO session created token=9f940e5a-62fe-4b3c-8f58-5195b2228ab6 name=User_70_71
2025/11/08 14:46:50 INFO session updated token=d29606a9-2098-4579-8c15-3c8734b238f8 tableID=0xc0001b4380 seatIndex=0xc0001b23d0
2025/11/08 14:46:50 INFO session removed token=d29606a9-2098-4579-8c15-3c8734b238f8
2025/11/08 14:46:50 INFO session created token=5204431d-2bcf-4424-b8b7-ea169c6586af name=User_97_54
2025/11/08 14:46:50 INFO session removed token=181a9942-f857-42c8-aa32-92589926fd8c
2025/11/08 14:46:50 INFO session removed token=ca50652c-4ab9-4614-80d2-bca4dda7403c
2025/11/08 14:46:50 INFO session removed token=ebc71d12-b80c-43d2-936e-c21d5c3c1de7
2025/11/08 14:46:50 INFO session created token=268908f8-cd1d-4eba-8a9e-74d4da2b6a7a name=User_74_38
2025/11/08 14:46:50 INFO session created token=9156c0e9-5593-40c7-8e5e-8409e0f77c57 name=User_95_65
2025/11/08 14:46:50 INFO session updated token=a8f4366d-7e0b-4476-8374-9a32c5f7c36d tableID=0xc00028efc0 seatIndex=0xc000290f10
2025/11/08 14:46:50 INFO session removed token=a8f4366d-7e0b-4476-8374-9a32c5f7c36d
2025/11/08 14:46:50 INFO session created token=88e08972-a1ed-4f3a-ac5f-63338beca61a name=User_11_50
2025/11/08 14:46:50 INFO session created token=7567d21f-c78a-4c0b-91f0-c916c893b66d name=User_28_45
2025/11/08 14:46:50 INFO session updated token=88e08972-a1ed-4f3a-ac5f-63338beca61a tableID=0xc00023f0d0 seatIndex=0xc000242df0
2025/11/08 14:46:50 INFO session removed token=88e08972-a1ed-4f3a-ac5f-63338beca61a
2025/11/08 14:46:50 INFO session created token=b0912934-a395-479a-b57a-09fde6fc40e5 name=User_11_51
2025/11/08 14:46:50 INFO session updated token=666aa1b5-8d69-46a5-a1f4-4a19847e3a63 tableID=0xc00028efd0 seatIndex=0xc000290f20
2025/11/08 14:46:50 INFO session removed token=666aa1b5-8d69-46a5-a1f4-4a19847e3a63
2025/11/08 14:46:50 INFO session created token=78f3ceb3-5dc4-42c8-9ee9-ccbf204f217b name=User_54_34
2025/11/08 14:46:50 INFO session updated token=78f3ceb3-5dc4-42c8-9ee9-ccbf204f217b tableID=0xc00028f2e0 seatIndex=0xc000291210
2025/11/08 14:46:50 INFO session removed token=78f3ceb3-5dc4-42c8-9ee9-ccbf204f217b
2025/11/08 14:46:50 INFO session created token=6e88604f-ccb7-4eae-81c2-949964ac4071 name=User_54_35
2025/11/08 14:46:50 INFO session updated token=6e88604f-ccb7-4eae-81c2-949964ac4071 tableID=0xc00028f330 seatIndex=0xc000291260
2025/11/08 14:46:50 INFO session removed token=6e88604f-ccb7-4eae-81c2-949964ac4071
2025/11/08 14:46:50 INFO session created token=a90af9d1-5d9a-4fc9-bcb1-67814173891b name=User_54_36
2025/11/08 14:46:50 INFO session updated token=a90af9d1-5d9a-4fc9-bcb1-67814173891b tableID=0xc00028f380 seatIndex=0xc0002912b0
2025/11/08 14:46:50 INFO session removed token=a90af9d1-5d9a-4fc9-bcb1-67814173891b
2025/11/08 14:46:50 INFO session updated token=7567d21f-c78a-4c0b-91f0-c916c893b66d tableID=0xc00023f0f0 seatIndex=0xc000242e20
2025/11/08 14:46:50 INFO session removed token=7567d21f-c78a-4c0b-91f0-c916c893b66d
2025/11/08 14:46:50 INFO session created token=17a98969-faa1-4c9c-8978-fc594bb7b77e name=User_28_46
2025/11/08 14:46:50 INFO session updated token=17a98969-faa1-4c9c-8978-fc594bb7b77e tableID=0xc0001b44c0 seatIndex=0xc0001b24c0
2025/11/08 14:46:50 INFO session removed token=17a98969-faa1-4c9c-8978-fc594bb7b77e
2025/11/08 14:46:50 INFO session created token=974e43d5-2572-424c-83f8-b58268a7fb57 name=User_28_47
2025/11/08 14:46:50 INFO session updated token=974e43d5-2572-424c-83f8-b58268a7fb57 tableID=0xc0001b4510 seatIndex=0xc0001b2510
2025/11/08 14:46:50 INFO session removed token=974e43d5-2572-424c-83f8-b58268a7fb57
2025/11/08 14:46:50 INFO session created token=ab11a6d5-bfde-4537-8907-826afc3be45c name=User_28_48
2025/11/08 14:46:50 INFO session updated token=ab11a6d5-bfde-4537-8907-826afc3be45c tableID=0xc0001b4560 seatIndex=0xc0001b2560
2025/11/08 14:46:50 INFO session removed token=ab11a6d5-bfde-4537-8907-826afc3be45c
2025/11/08 14:46:50 INFO session created token=6761af67-d6e9-4292-b07c-82e229341e41 name=User_28_49
2025/11/08 14:46:50 INFO session updated token=6761af67-d6e9-4292-b07c-82e229341e41 tableID=0xc0001b45b0 seatIndex=0xc0001b25b0
2025/11/08 14:46:50 INFO session removed token=6761af67-d6e9-4292-b07c-82e229341e41
2025/11/08 14:46:50 INFO session updated token=1f17afc5-42ea-4830-8c65-5a7ff7361914 tableID=0xc00028efe0 seatIndex=0xc000290f30
2025/11/08 14:46:50 INFO session removed token=1f17afc5-42ea-4830-8c65-5a7ff7361914
2025/11/08 14:46:50 INFO session updated token=e343e6e9-4d88-469d-83b0-feb9eb7b44b9 tableID=0xc00028eff0 seatIndex=0xc000290f40
2025/11/08 14:46:50 INFO session removed token=e343e6e9-4d88-469d-83b0-feb9eb7b44b9
2025/11/08 14:46:50 INFO session created token=c1d55187-9761-4dd0-8374-6813b0e9b360 name=User_86_29
2025/11/08 14:46:50 INFO session updated token=c1d55187-9761-4dd0-8374-6813b0e9b360 tableID=0xc0001b4620 seatIndex=0xc0001b2640
2025/11/08 14:46:50 INFO session removed token=c1d55187-9761-4dd0-8374-6813b0e9b360
2025/11/08 14:46:50 INFO session created token=4a11de46-8ef6-4b3f-b8a2-680b433d6d3b name=User_86_30
2025/11/08 14:46:50 INFO session updated token=4a11de46-8ef6-4b3f-b8a2-680b433d6d3b tableID=0xc0001b4670 seatIndex=0xc0001b2690
2025/11/08 14:46:50 INFO session removed token=4a11de46-8ef6-4b3f-b8a2-680b433d6d3b
2025/11/08 14:46:50 INFO session created token=1051757f-71af-4303-86d2-5a1eb6d9658e name=User_86_31
2025/11/08 14:46:50 INFO session updated token=1051757f-71af-4303-86d2-5a1eb6d9658e tableID=0xc0001b46c0 seatIndex=0xc0001b26e0
2025/11/08 14:46:50 INFO session removed token=1051757f-71af-4303-86d2-5a1eb6d9658e
2025/11/08 14:46:50 INFO session created token=44a3e9cd-9277-4dca-8f7a-87ad50470f11 name=User_86_32
2025/11/08 14:46:50 INFO session updated token=44a3e9cd-9277-4dca-8f7a-87ad50470f11 tableID=0xc0001b4710 seatIndex=0xc0001b2730
2025/11/08 14:46:50 INFO session removed token=44a3e9cd-9277-4dca-8f7a-87ad50470f11
2025/11/08 14:46:50 INFO session created token=ae9414b7-51b8-4aae-9951-2038c5bf0071 name=User_86_33
2025/11/08 14:46:50 INFO session updated token=ae9414b7-51b8-4aae-9951-2038c5bf0071 tableID=0xc0001b4760 seatIndex=0xc0001b2780
2025/11/08 14:46:50 INFO session removed token=ae9414b7-51b8-4aae-9951-2038c5bf0071
2025/11/08 14:46:50 INFO session created token=5c4c8831-3d5d-4611-b01f-366108ca4e7e name=User_86_34
2025/11/08 14:46:50 INFO session updated token=5c4c8831-3d5d-4611-b01f-366108ca4e7e tableID=0xc0001b47b0 seatIndex=0xc0001b27d0
2025/11/08 14:46:50 INFO session removed token=5c4c8831-3d5d-4611-b01f-366108ca4e7e
2025/11/08 14:46:50 INFO session updated token=b3ffe3e6-450f-4f63-91d1-cb690678a69e tableID=0xc00028f080 seatIndex=0xc000290fc0
2025/11/08 14:46:50 INFO session removed token=b3ffe3e6-450f-4f63-91d1-cb690678a69e
2025/11/08 14:46:50 INFO session created token=774f369a-1c06-44a9-b471-5d8ab55b4e39 name=User_52_27
2025/11/08 14:46:50 INFO session updated token=774f369a-1c06-44a9-b471-5d8ab55b4e39 tableID=0xc00028f410 seatIndex=0xc000291380
2025/11/08 14:46:50 INFO session removed token=774f369a-1c06-44a9-b471-5d8ab55b4e39
2025/11/08 14:46:50 INFO session created token=bb02f88c-cfbf-45b8-b062-090709ce2d53 name=User_52_28
2025/11/08 14:46:50 INFO session updated token=bb02f88c-cfbf-45b8-b062-090709ce2d53 tableID=0xc00028f460 seatIndex=0xc0002913d0
2025/11/08 14:46:50 INFO session removed token=bb02f88c-cfbf-45b8-b062-090709ce2d53
2025/11/08 14:46:50 INFO session created token=84a3b346-5fa8-47e2-8967-c4d3f881a085 name=User_52_29
2025/11/08 14:46:50 INFO session updated token=84a3b346-5fa8-47e2-8967-c4d3f881a085 tableID=0xc00028f4b0 seatIndex=0xc000291420
2025/11/08 14:46:50 INFO session removed token=84a3b346-5fa8-47e2-8967-c4d3f881a085
2025/11/08 14:46:50 INFO session created token=acdc2a5f-408f-4961-978f-39487239cbdf name=User_52_30
2025/11/08 14:46:50 INFO session updated token=acdc2a5f-408f-4961-978f-39487239cbdf tableID=0xc00028f500 seatIndex=0xc000291470
2025/11/08 14:46:50 INFO session removed token=acdc2a5f-408f-4961-978f-39487239cbdf
2025/11/08 14:46:50 INFO session created token=bd6f1b7d-cbbc-4a2b-a625-e0812145cea6 name=User_52_31
2025/11/08 14:46:50 INFO session updated token=bd6f1b7d-cbbc-4a2b-a625-e0812145cea6 tableID=0xc00028f550 seatIndex=0xc0002914c0
2025/11/08 14:46:50 INFO session removed token=bd6f1b7d-cbbc-4a2b-a625-e0812145cea6
2025/11/08 14:46:50 INFO session created token=164f7a86-79eb-46fd-b3ab-ddad481f3a80 name=User_52_32
2025/11/08 14:46:50 INFO session created token=7d39fde8-4a82-4a35-bdaf-b165a4715ecc name=User_18_59
2025/11/08 14:46:50 INFO session updated token=164f7a86-79eb-46fd-b3ab-ddad481f3a80 tableID=0xc00028f5a0 seatIndex=0xc000291510
2025/11/08 14:46:50 INFO session removed token=164f7a86-79eb-46fd-b3ab-ddad481f3a80
2025/11/08 14:46:50 INFO session created token=d49317b4-8b50-4cd0-be73-91951ce496a6 name=User_52_33
2025/11/08 14:46:50 INFO session updated token=d49317b4-8b50-4cd0-be73-91951ce496a6 tableID=0xc00028f600 seatIndex=0xc000291570
2025/11/08 14:46:50 INFO session removed token=d49317b4-8b50-4cd0-be73-91951ce496a6
2025/11/08 14:46:50 INFO session created token=9299eda1-a814-4d78-bdd8-ae9d887f0e32 name=User_52_34
2025/11/08 14:46:50 INFO session updated token=9299eda1-a814-4d78-bdd8-ae9d887f0e32 tableID=0xc00028f650 seatIndex=0xc0002915c0
2025/11/08 14:46:50 INFO session removed token=9299eda1-a814-4d78-bdd8-ae9d887f0e32
2025/11/08 14:46:50 INFO session created token=8a413adb-ad0b-4a87-b903-65f78dc9a28a name=User_52_35
2025/11/08 14:46:50 INFO session updated token=8a413adb-ad0b-4a87-b903-65f78dc9a28a tableID=0xc00028f6a0 seatIndex=0xc000291610
2025/11/08 14:46:50 INFO session removed token=8a413adb-ad0b-4a87-b903-65f78dc9a28a
2025/11/08 14:46:50 INFO session created token=39179cd0-ede3-47a0-9f2e-178cf70f356c name=User_52_36
2025/11/08 14:46:50 INFO session updated token=39179cd0-ede3-47a0-9f2e-178cf70f356c tableID=0xc00028f6f0 seatIndex=0xc000291660
2025/11/08 14:46:50 INFO session removed token=39179cd0-ede3-47a0-9f2e-178cf70f356c
2025/11/08 14:46:50 INFO session created token=0f11a734-0851-4767-bb43-e4cddd37ddc5 name=User_52_37
2025/11/08 14:46:50 INFO session updated token=0f11a734-0851-4767-bb43-e4cddd37ddc5 tableID=0xc00028f740 seatIndex=0xc0002916b0
2025/11/08 14:46:50 INFO session removed token=0f11a734-0851-4767-bb43-e4cddd37ddc5
2025/11/08 14:46:50 INFO session created token=ec5b1b41-584a-4ba4-90b4-c1b8cdf86713 name=User_52_38
2025/11/08 14:46:50 INFO session updated token=b34587c9-3ae1-457c-baa5-3fd3dbda49b1 tableID=0xc00028f0f0 seatIndex=0xc000291020
2025/11/08 14:46:50 INFO session removed token=b34587c9-3ae1-457c-baa5-3fd3dbda49b1
2025/11/08 14:46:50 INFO session created token=e8c88d6d-420a-4821-856b-26c1a24fce1c name=User_93_42
2025/11/08 14:46:50 INFO session updated token=e8c88d6d-420a-4821-856b-26c1a24fce1c tableID=0xc0001b4850 seatIndex=0xc0001b2870
2025/11/08 14:46:50 INFO session removed token=e8c88d6d-420a-4821-856b-26c1a24fce1c
2025/11/08 14:46:50 INFO session created token=c8186b61-1d9e-4a68-b105-f2de7bd7e2d4 name=User_93_43
2025/11/08 14:46:50 INFO session updated token=c8186b61-1d9e-4a68-b105-f2de7bd7e2d4 tableID=0xc0001b48a0 seatIndex=0xc0001b28c0
2025/11/08 14:46:50 INFO session removed token=c8186b61-1d9e-4a68-b105-f2de7bd7e2d4
2025/11/08 14:46:50 INFO session created token=2700343c-caf7-4e7f-bc59-6cf06e36e851 name=User_93_44
2025/11/08 14:46:50 INFO session updated token=2700343c-caf7-4e7f-bc59-6cf06e36e851 tableID=0xc0001b48f0 seatIndex=0xc0001b2910
2025/11/08 14:46:50 INFO session removed token=2700343c-caf7-4e7f-bc59-6cf06e36e851
2025/11/08 14:46:50 INFO session created token=d16f43c7-1ba9-4e03-a1a7-3f86ff7f5589 name=User_93_45
2025/11/08 14:46:50 INFO session updated token=d16f43c7-1ba9-4e03-a1a7-3f86ff7f5589 tableID=0xc0001b4940 seatIndex=0xc0001b2960
2025/11/08 14:46:50 INFO session removed token=d16f43c7-1ba9-4e03-a1a7-3f86ff7f5589
2025/11/08 14:46:50 INFO session created token=31b3671a-94c5-4219-95d1-b6db42e14c1e name=User_93_46
2025/11/08 14:46:50 INFO session updated token=31b3671a-94c5-4219-95d1-b6db42e14c1e tableID=0xc0001b4990 seatIndex=0xc0001b29b0
2025/11/08 14:46:50 INFO session removed token=31b3671a-94c5-4219-95d1-b6db42e14c1e
2025/11/08 14:46:50 INFO session created token=13f823d4-93f5-4359-b080-596dfc5fd347 name=User_93_47
2025/11/08 14:46:50 INFO session updated token=13f823d4-93f5-4359-b080-596dfc5fd347 tableID=0xc0001b49e0 seatIndex=0xc0001b2a00
2025/11/08 14:46:50 INFO session removed token=13f823d4-93f5-4359-b080-596dfc5fd347
2025/11/08 14:46:50 INFO session created token=6533ac96-6969-453e-8748-59b357cbecea name=User_93_48
2025/11/08 14:46:50 INFO session updated token=6533ac96-6969-453e-8748-59b357cbecea tableID=0xc0001b4a30 seatIndex=0xc0001b2a50
2025/11/08 14:46:50 INFO session removed token=6533ac96-6969-453e-8748-59b357cbecea
2025/11/08 14:46:50 INFO session created token=03eaf781-46ec-424a-b3b2-689d0e436faa name=User_93_49
2025/11/08 14:46:50 INFO session updated token=03eaf781-46ec-424a-b3b2-689d0e436faa tableID=0xc0001b4a80 seatIndex=0xc0001b2aa0
2025/11/08 14:46:50 INFO session removed token=03eaf781-46ec-424a-b3b2-689d0e436faa
2025/11/08 14:46:50 INFO session created token=f2f277b5-ffe8-47ef-8fd6-cff17a1b70ce name=User_93_50
2025/11/08 14:46:50 INFO session updated token=f2f277b5-ffe8-47ef-8fd6-cff17a1b70ce tableID=0xc0001b4ad0 seatIndex=0xc0001b2af0
2025/11/08 14:46:50 INFO session removed token=f2f277b5-ffe8-47ef-8fd6-cff17a1b70ce
2025/11/08 14:46:50 INFO session created token=d71cdace-e370-45b3-ba18-2f456ff0f78b name=User_93_51
2025/11/08 14:46:50 INFO session updated token=d71cdace-e370-45b3-ba18-2f456ff0f78b tableID=0xc0001b4b20 seatIndex=0xc0001b2b40
2025/11/08 14:46:50 INFO session removed token=d71cdace-e370-45b3-ba18-2f456ff0f78b
2025/11/08 14:46:50 INFO session created token=3e7c78e4-49ef-4f81-b6f1-ab61c89c70b3 name=User_93_52
2025/11/08 14:46:50 INFO session updated token=3e7c78e4-49ef-4f81-b6f1-ab61c89c70b3 tableID=0xc0001b4b70 seatIndex=0xc0001b2b90
2025/11/08 14:46:50 INFO session removed token=3e7c78e4-49ef-4f81-b6f1-ab61c89c70b3
2025/11/08 14:46:50 INFO session created token=73afb35c-5b40-4aeb-a2b2-c7e647d95b03 name=User_93_53
2025/11/08 14:46:50 INFO session created token=532b038e-646f-47c5-8684-410db6e0615c name=User_49_49
2025/11/08 14:46:50 INFO session updated token=73afb35c-5b40-4aeb-a2b2-c7e647d95b03 tableID=0xc0001b4bc0 seatIndex=0xc0001b2be0
2025/11/08 14:46:50 INFO session removed token=73afb35c-5b40-4aeb-a2b2-c7e647d95b03
2025/11/08 14:46:50 INFO session updated token=a5b2d4da-420c-4352-aaf3-53bedcf6d27d tableID=0xc00012ad00 seatIndex=0xc000136a90
2025/11/08 14:46:50 INFO session created token=fd03ca40-401e-4183-84a9-506ebcd59d55 name=User_8_52
2025/11/08 14:46:50 INFO session updated token=fd03ca40-401e-4183-84a9-506ebcd59d55 tableID=0xc0001b4c30 seatIndex=0xc0001b2c40
2025/11/08 14:46:50 INFO session removed token=fd03ca40-401e-4183-84a9-506ebcd59d55
2025/11/08 14:46:50 INFO session created token=74bc655d-0380-474c-8df0-7cd8facfd75d name=User_8_53
2025/11/08 14:46:50 INFO session updated token=74bc655d-0380-474c-8df0-7cd8facfd75d tableID=0xc0001b4c80 seatIndex=0xc0001b2c90
2025/11/08 14:46:50 INFO session removed token=74bc655d-0380-474c-8df0-7cd8facfd75d
2025/11/08 14:46:50 INFO session created token=4823108e-6e25-40f3-9d07-61a9769d70d7 name=User_8_54
2025/11/08 14:46:50 INFO session created token=fa4abf1b-5c1b-4319-8adc-ec794a91f078 name=User_93_54
2025/11/08 14:46:50 INFO session updated token=4823108e-6e25-40f3-9d07-61a9769d70d7 tableID=0xc0001b4cd0 seatIndex=0xc0001b2ce0
2025/11/08 14:46:50 INFO session removed token=4823108e-6e25-40f3-9d07-61a9769d70d7
2025/11/08 14:46:50 INFO session created token=d0c99776-8b3a-4744-a634-bbed1214bdf5 name=User_8_55
2025/11/08 14:46:50 INFO session updated token=d0c99776-8b3a-4744-a634-bbed1214bdf5 tableID=0xc0001b4d30 seatIndex=0xc0001b2d40
2025/11/08 14:46:50 INFO session removed token=d0c99776-8b3a-4744-a634-bbed1214bdf5
2025/11/08 14:46:50 INFO session created token=fa5ed1ff-7195-4b6a-8b78-9a46286c15b2 name=User_8_56
2025/11/08 14:46:50 INFO session updated token=fa5ed1ff-7195-4b6a-8b78-9a46286c15b2 tableID=0xc0001b4d80 seatIndex=0xc0001b2d90
2025/11/08 14:46:50 INFO session removed token=fa5ed1ff-7195-4b6a-8b78-9a46286c15b2
2025/11/08 14:46:50 INFO session created token=385140ba-5ce6-4340-8a69-14be50fa725c name=User_8_57
2025/11/08 14:46:50 INFO session updated token=385140ba-5ce6-4340-8a69-14be50fa725c tableID=0xc0001b4dd0 seatIndex=0xc0001b2de0
2025/11/08 14:46:50 INFO session removed token=385140ba-5ce6-4340-8a69-14be50fa725c
2025/11/08 14:46:50 INFO session created token=4087d43a-18f7-4f38-b280-c3c50916f930 name=User_8_58
2025/11/08 14:46:50 INFO session updated token=4087d43a-18f7-4f38-b280-c3c50916f930 tableID=0xc0001b4e20 seatIndex=0xc0001b2e30
2025/11/08 14:46:50 INFO session removed token=4087d43a-18f7-4f38-b280-c3c50916f930
2025/11/08 14:46:50 INFO session created token=9f9d12d7-10a0-4787-8d5a-c04ab86478f5 name=User_8_59
2025/11/08 14:46:50 INFO session updated token=9f9d12d7-10a0-4787-8d5a-c04ab86478f5 tableID=0xc0001b4e70 seatIndex=0xc0001b2e80
2025/11/08 14:46:50 INFO session removed token=9f9d12d7-10a0-4787-8d5a-c04ab86478f5
2025/11/08 14:46:50 INFO session created token=e7a0e51a-73a4-4ccc-a02d-5835faed2093 name=User_8_60
2025/11/08 14:46:50 INFO session updated token=e7a0e51a-73a4-4ccc-a02d-5835faed2093 tableID=0xc0001b4ec0 seatIndex=0xc0001b2ed0
2025/11/08 14:46:50 INFO session removed token=e7a0e51a-73a4-4ccc-a02d-5835faed2093
2025/11/08 14:46:50 INFO session created token=283eda48-dbd6-42d9-a044-1830ca3a4921 name=User_8_61
2025/11/08 14:46:50 INFO session updated token=283eda48-dbd6-42d9-a044-1830ca3a4921 tableID=0xc0001b4f10 seatIndex=0xc0001b2f20
2025/11/08 14:46:50 INFO session removed token=283eda48-dbd6-42d9-a044-1830ca3a4921
2025/11/08 14:46:50 INFO session updated token=fa4abf1b-5c1b-4319-8adc-ec794a91f078 tableID=0xc0001b4cf0 seatIndex=0xc0001b2d10
2025/11/08 14:46:50 INFO session removed token=fa4abf1b-5c1b-4319-8adc-ec794a91f078
2025/11/08 14:46:50 INFO session created token=18b4426a-3055-4198-b271-40d41ef70370 name=User_93_55
2025/11/08 14:46:50 INFO session updated token=18b4426a-3055-4198-b271-40d41ef70370 tableID=0xc00028f7f0 seatIndex=0xc000291740
2025/11/08 14:46:50 INFO session removed token=18b4426a-3055-4198-b271-40d41ef70370
2025/11/08 14:46:50 INFO session created token=5488139b-bcf7-42ce-960d-2b282315bcbe name=User_93_56
2025/11/08 14:46:50 INFO session updated token=5488139b-bcf7-42ce-960d-2b282315bcbe tableID=0xc00028f840 seatIndex=0xc000291790
2025/11/08 14:46:50 INFO session removed token=5488139b-bcf7-42ce-960d-2b282315bcbe
2025/11/08 14:46:50 INFO session created token=227ba930-a6c9-4be2-b771-5c64c074c87b name=User_93_57
2025/11/08 14:46:50 INFO session updated token=227ba930-a6c9-4be2-b771-5c64c074c87b tableID=0xc00028f890 seatIndex=0xc0002917e0
2025/11/08 14:46:50 INFO session removed token=227ba930-a6c9-4be2-b771-5c64c074c87b
2025/11/08 14:46:50 INFO session created token=18370f69-f02c-4b7d-8ec9-4576543c5ef6 name=User_93_58
2025/11/08 14:46:50 INFO session updated token=18370f69-f02c-4b7d-8ec9-4576543c5ef6 tableID=0xc00028f8e0 seatIndex=0xc000291830
2025/11/08 14:46:50 INFO session removed token=18370f69-f02c-4b7d-8ec9-4576543c5ef6
2025/11/08 14:46:50 INFO session created token=21dacf11-fe73-483d-90ee-2b574aae47f9 name=User_93_59
2025/11/08 14:46:50 INFO session updated token=21dacf11-fe73-483d-90ee-2b574aae47f9 tableID=0xc00028f930 seatIndex=0xc000291880
2025/11/08 14:46:50 INFO session removed token=21dacf11-fe73-483d-90ee-2b574aae47f9
2025/11/08 14:46:50 INFO session removed token=926b6f3a-5189-43d5-9f57-833976115ff5
2025/11/08 14:46:50 INFO session created token=11f33c9b-7e95-4ef8-9813-c15cfbf46fc1 name=User_93_60
2025/11/08 14:46:50 INFO session created token=3dc74711-c89f-4b5c-abc8-25966dd80fcc name=User_79_33
2025/11/08 14:46:50 INFO session updated token=11f33c9b-7e95-4ef8-9813-c15cfbf46fc1 tableID=0xc00028f980 seatIndex=0xc0002918d0
2025/11/08 14:46:50 INFO session removed token=11f33c9b-7e95-4ef8-9813-c15cfbf46fc1
2025/11/08 14:46:50 INFO session updated token=81f46663-d2b9-44ff-a031-328956db2329 tableID=0xc00023ee60 seatIndex=0xc000242b50
2025/11/08 14:46:50 INFO session updated token=d170a9a4-eeb5-4b8e-a56d-a2acf3f2b061 tableID=0xc0002251a0 seatIndex=0xc000234f50
2025/11/08 14:46:50 INFO session updated token=6ce40125-be24-408f-88f4-ba00ead350bc tableID=0xc00023ee70 seatIndex=0xc000242b60
2025/11/08 14:46:50 INFO session removed token=f20f28fc-cec7-4067-b1f4-9a027157178c
2025/11/08 14:46:50 INFO session removed token=5d8298f2-bd55-4a41-a3a7-58b0e357594c
2025/11/08 14:46:50 INFO session removed token=a8cbb439-8007-4e4c-9844-a806901ebf47
2025/11/08 14:46:50 INFO session removed token=bb34862b-c8cb-4429-89de-86af62f2c718
2025/11/08 14:46:50 INFO session removed token=49816695-db48-4527-8c7d-ea15bea7c89e
2025/11/08 14:46:50 INFO session updated token=f16dcbe4-5409-43d3-8767-e46c0414cc81 tableID=0xc00023ef20 seatIndex=0xc000242c30
2025/11/08 14:46:50 INFO session removed token=87938b89-ceb3-46d0-9d4a-80f36ef27c6c
2025/11/08 14:46:50 INFO session removed token=a0cd6723-0a24-4686-a466-fbc77b40fe39
2025/11/08 14:46:50 INFO session updated token=c6bafdb2-dc62-48a7-a7e1-0048f98d6c40 tableID=0xc00028f130 seatIndex=0xc0002910b0
2025/11/08 14:46:50 INFO session updated token=70fee726-8235-4aa4-8a44-7f62b1403566 tableID=0xc00028f150 seatIndex=0xc0002910c0
2025/11/08 14:46:50 INFO session created token=c06b84c7-c9e3-4eba-acce-3ed610326523 name=User_0_73
2025/11/08 14:46:50 INFO session updated token=c06b84c7-c9e3-4eba-acce-3ed610326523 tableID=0xc00028fab0 seatIndex=0xc0002919d0
2025/11/08 14:46:50 INFO session removed token=c06b84c7-c9e3-4eba-acce-3ed610326523
2025/11/08 14:46:50 INFO session created token=a0e68b16-b94c-4c77-bef9-98e8d2e73e79 name=User_63_29
2025/11/08 14:46:50 INFO session created token=2c2717b7-ec8f-4412-baa4-3f96d6d5cd61 name=User_61_74
2025/11/08 14:46:50 INFO session created token=9ac869f4-4f49-4e48-a992-9e4aeed9bca9 name=User_40_36
2025/11/08 14:46:50 INFO session created token=de45a630-8412-4c6f-aaac-2f482ddcf14b name=User_0_74
2025/11/08 14:46:50 INFO session updated token=a0e68b16-b94c-4c77-bef9-98e8d2e73e79 tableID=0xc000321540 seatIndex=0xc000323530
2025/11/08 14:46:50 INFO session created token=6ffce207-5899-4bb6-994d-7bfb08292d56 name=User_56_37
2025/11/08 14:46:50 INFO session created token=11d32eb5-c840-4b11-baad-d4642d7244f9 name=User_12_74
2025/11/08 14:46:50 INFO session removed token=a0e68b16-b94c-4c77-bef9-98e8d2e73e79
2025/11/08 14:46:50 INFO session created token=bc7b3bc4-056f-4cae-a042-45d5c3b5c6a3 name=User_98_29
2025/11/08 14:46:50 INFO session created token=3bc42c0a-ae99-4a46-b9e5-004c23667e90 name=User_44_32
2025/11/08 14:46:50 INFO session removed token=c6bafdb2-dc62-48a7-a7e1-0048f98d6c40
2025/11/08 14:46:50 INFO session removed token=70fee726-8235-4aa4-8a44-7f62b1403566
2025/11/08 14:46:50 INFO session created token=5445eb1c-9562-48dd-b3e1-9a11458e5d04 name=User_30_41
2025/11/08 14:46:50 INFO session updated token=5445eb1c-9562-48dd-b3e1-9a11458e5d04 tableID=0xc00023f240 seatIndex=0xc000242f20
2025/11/08 14:46:50 INFO session removed token=5445eb1c-9562-48dd-b3e1-9a11458e5d04
2025/11/08 14:46:50 INFO session created token=ffe36397-8e10-4ff8-9a5d-5cd30d2b3a2e name=User_30_42
2025/11/08 14:46:50 INFO session updated token=ffe36397-8e10-4ff8-9a5d-5cd30d2b3a2e tableID=0xc00023f290 seatIndex=0xc000242f70
2025/11/08 14:46:50 INFO session removed token=ffe36397-8e10-4ff8-9a5d-5cd30d2b3a2e
2025/11/08 14:46:50 INFO session created token=e647e5bf-3159-439e-9d0d-0cff77b9b63f name=User_30_43
2025/11/08 14:46:50 INFO session created token=e03f407f-e296-4c97-a009-b9cae15bbf27 name=User_33_53
2025/11/08 14:46:50 INFO session updated token=e647e5bf-3159-439e-9d0d-0cff77b9b63f tableID=0xc00023f2e0 seatIndex=0xc000242fc0
2025/11/08 14:46:50 INFO session removed token=e647e5bf-3159-439e-9d0d-0cff77b9b63f
2025/11/08 14:46:50 INFO session created token=f8598707-a399-4335-97be-557e1e0baeb5 name=User_30_44
2025/11/08 14:46:50 INFO session updated token=f8598707-a399-4335-97be-557e1e0baeb5 tableID=0xc00023f340 seatIndex=0xc000243020
2025/11/08 14:46:50 INFO session removed token=f8598707-a399-4335-97be-557e1e0baeb5
2025/11/08 14:46:50 INFO session created token=58e7f841-b13b-4414-a18f-124b85b714e3 name=User_30_45
2025/11/08 14:46:50 INFO session updated token=58e7f841-b13b-4414-a18f-124b85b714e3 tableID=0xc00023f390 seatIndex=0xc000243070
2025/11/08 14:46:50 INFO session removed token=58e7f841-b13b-4414-a18f-124b85b714e3
2025/11/08 14:46:50 INFO session created token=fb3c08a5-2925-433f-835e-fe13456ca525 name=User_30_46
2025/11/08 14:46:50 INFO session updated token=fb3c08a5-2925-433f-835e-fe13456ca525 tableID=0xc00023f3e0 seatIndex=0xc0002430c0
2025/11/08 14:46:50 INFO session removed token=fb3c08a5-2925-433f-835e-fe13456ca525
2025/11/08 14:46:50 INFO session created token=aa2d44f0-d5ab-4471-8ccc-b6ec19cb9ef0 name=User_30_47
2025/11/08 14:46:50 INFO session updated token=aa2d44f0-d5ab-4471-8ccc-b6ec19cb9ef0 tableID=0xc00023f430 seatIndex=0xc000243110
2025/11/08 14:46:50 INFO session removed token=aa2d44f0-d5ab-4471-8ccc-b6ec19cb9ef0
2025/11/08 14:46:50 INFO session created token=2c447291-7348-4628-bfdc-6403bd8b9f6e name=User_30_48
2025/11/08 14:46:50 INFO session updated token=2c447291-7348-4628-bfdc-6403bd8b9f6e tableID=0xc00023f480 seatIndex=0xc000243160
2025/11/08 14:46:50 INFO session removed token=2c447291-7348-4628-bfdc-6403bd8b9f6e
2025/11/08 14:46:50 INFO session created token=a860693f-3c40-4241-99eb-9029f7b109dd name=User_30_49
2025/11/08 14:46:50 INFO session updated token=a860693f-3c40-4241-99eb-9029f7b109dd tableID=0xc00023f4d0 seatIndex=0xc0002431b0
2025/11/08 14:46:50 INFO session removed token=a860693f-3c40-4241-99eb-9029f7b109dd
2025/11/08 14:46:50 INFO session created token=b5696de0-71e8-406c-a699-4849e002ff9e name=User_53_29
2025/11/08 14:46:50 INFO session removed token=3bbd4d3b-8c04-4884-8911-c70e63262246
2025/11/08 14:46:50 INFO session created token=0bdd4a27-d861-48f2-8b42-88d2e957f452 name=User_32_52
2025/11/08 14:46:50 INFO session updated token=0bdd4a27-d861-48f2-8b42-88d2e957f452 tableID=0xc0003215c0 seatIndex=0xc0003235f0
2025/11/08 14:46:50 INFO session removed token=0bdd4a27-d861-48f2-8b42-88d2e957f452
2025/11/08 14:46:50 INFO session created token=c831d332-d622-45ad-a9f8-2bc10d1ecb41 name=User_32_53
2025/11/08 14:46:50 INFO session updated token=c831d332-d622-45ad-a9f8-2bc10d1ecb41 tableID=0xc000321610 seatIndex=0xc000323640
2025/11/08 14:46:50 INFO session removed token=c831d332-d622-45ad-a9f8-2bc10d1ecb41
2025/11/08 14:46:50 INFO session created token=a99ba96a-7b7d-4246-931d-ee57dfac5d41 name=User_32_54
2025/11/08 14:46:50 INFO session updated token=a99ba96a-7b7d-4246-931d-ee57dfac5d41 tableID=0xc000321660 seatIndex=0xc000323690
2025/11/08 14:46:50 INFO session removed token=a99ba96a-7b7d-4246-931d-ee57dfac5d41
2025/11/08 14:46:50 INFO session created token=a6b94aa2-9901-4a74-b484-9f8b28786b3b name=User_32_55
2025/11/08 14:46:50 INFO session updated token=a6b94aa2-9901-4a74-b484-9f8b28786b3b tableID=0xc0003216b0 seatIndex=0xc0003236e0
2025/11/08 14:46:50 INFO session removed token=a6b94aa2-9901-4a74-b484-9f8b28786b3b
2025/11/08 14:46:50 INFO session created token=b382f981-8b7f-4eb4-bc30-efc3d1debfd9 name=User_32_56
2025/11/08 14:46:50 INFO session updated token=b382f981-8b7f-4eb4-bc30-efc3d1debfd9 tableID=0xc000321700 seatIndex=0xc000323730
2025/11/08 14:46:50 INFO session removed token=b382f981-8b7f-4eb4-bc30-efc3d1debfd9
2025/11/08 14:46:50 INFO session created token=d0ddf4e0-4a43-488a-9c54-97e615b4ecac name=User_32_57
2025/11/08 14:46:50 INFO session updated token=d0ddf4e0-4a43-488a-9c54-97e615b4ecac tableID=0xc000321750 seatIndex=0xc000323780
2025/11/08 14:46:50 INFO session removed token=d0ddf4e0-4a43-488a-9c54-97e615b4ecac
2025/11/08 14:46:50 INFO session created token=3f2588a3-0d9b-42d5-8b7f-44535fa8025a name=User_32_58
2025/11/08 14:46:50 INFO session updated token=3f2588a3-0d9b-42d5-8b7f-44535fa8025a tableID=0xc0003217a0 seatIndex=0xc0003237d0
2025/11/08 14:46:50 INFO session removed token=3f2588a3-0d9b-42d5-8b7f-44535fa8025a
2025/11/08 14:46:50 INFO session created token=730707ae-ef60-4527-bb03-5ed7ab27389c name=User_32_59
2025/11/08 14:46:50 INFO session updated token=730707ae-ef60-4527-bb03-5ed7ab27389c tableID=0xc0003217f0 seatIndex=0xc000323820
2025/11/08 14:46:50 INFO session removed token=730707ae-ef60-4527-bb03-5ed7ab27389c
2025/11/08 14:46:50 INFO session created token=21f8e2d7-b710-43cb-97be-fc3f3df9a944 name=User_32_60
2025/11/08 14:46:50 INFO session updated token=21f8e2d7-b710-43cb-97be-fc3f3df9a944 tableID=0xc000321840 seatIndex=0xc000323870
2025/11/08 14:46:50 INFO session removed token=21f8e2d7-b710-43cb-97be-fc3f3df9a944
2025/11/08 14:46:50 INFO session created token=1f90852a-7c9c-4133-8be9-2caa015eb89b name=User_32_61
2025/11/08 14:46:50 INFO session created token=0ad1b73b-9f39-46ca-a9be-c127c0589caa name=User_93_61
2025/11/08 14:46:50 INFO session updated token=1f90852a-7c9c-4133-8be9-2caa015eb89b tableID=0xc000321890 seatIndex=0xc0003238c0
2025/11/08 14:46:50 INFO session removed token=1f90852a-7c9c-4133-8be9-2caa015eb89b
2025/11/08 14:46:50 INFO session created token=e583a7a9-e48b-4c2a-b0d5-7b6958834d06 name=User_32_62
2025/11/08 14:46:50 INFO session created token=6ceae5fe-5a36-45be-9361-a1beb79dc205 name=User_3_47
2025/11/08 14:46:50 INFO session updated token=e583a7a9-e48b-4c2a-b0d5-7b6958834d06 tableID=0xc0003218f0 seatIndex=0xc000323920
2025/11/08 14:46:50 INFO session removed token=e583a7a9-e48b-4c2a-b0d5-7b6958834d06
2025/11/08 14:46:50 INFO session updated token=a1ecfe4d-0b38-4144-9264-6ba62f7cb1fc tableID=0xc0003c2a00 seatIndex=0xc0003c46a0
2025/11/08 14:46:50 INFO session removed token=a1ecfe4d-0b38-4144-9264-6ba62f7cb1fc
2025/11/08 14:46:50 INFO session created token=3286a37b-8ae8-4a4f-87cd-c69d5b0c5728 name=User_84_85
2025/11/08 14:46:50 INFO session updated token=3286a37b-8ae8-4a4f-87cd-c69d5b0c5728 tableID=0xc00023f560 seatIndex=0xc000243240
2025/11/08 14:46:50 INFO session removed token=3286a37b-8ae8-4a4f-87cd-c69d5b0c5728
2025/11/08 14:46:50 INFO session created token=5e7ca88a-9a51-4ffc-97f3-d61047732d55 name=User_84_86
2025/11/08 14:46:50 INFO session updated token=5e7ca88a-9a51-4ffc-97f3-d61047732d55 tableID=0xc00023f5b0 seatIndex=0xc000243290
2025/11/08 14:46:50 INFO session removed token=5e7ca88a-9a51-4ffc-97f3-d61047732d55
2025/11/08 14:46:50 INFO session created token=ac5fb4b8-c81c-48d9-9e39-0a9eecc873ef name=User_84_87
2025/11/08 14:46:50 INFO session updated token=ac5fb4b8-c81c-48d9-9e39-0a9eecc873ef tableID=0xc00023f600 seatIndex=0xc0002432e0
2025/11/08 14:46:50 INFO session removed token=ac5fb4b8-c81c-48d9-9e39-0a9eecc873ef
2025/11/08 14:46:50 INFO session created token=81707461-eefd-465b-9b4e-07f64331980e name=User_84_88
2025/11/08 14:46:50 INFO session updated token=81707461-eefd-465b-9b4e-07f64331980e tableID=0xc00023f650 seatIndex=0xc000243330
2025/11/08 14:46:50 INFO session removed token=81707461-eefd-465b-9b4e-07f64331980e
2025/11/08 14:46:50 INFO session created token=6495f5ce-fde8-4030-aa9b-36ac40220c2e name=User_84_89
2025/11/08 14:46:50 INFO session updated token=6495f5ce-fde8-4030-aa9b-36ac40220c2e tableID=0xc00023f6a0 seatIndex=0xc000243380
2025/11/08 14:46:50 INFO session removed token=6495f5ce-fde8-4030-aa9b-36ac40220c2e
2025/11/08 14:46:50 INFO session created token=240c9b03-6ff2-4cf7-8d71-5eecedf1779b name=User_84_90
2025/11/08 14:46:50 INFO session updated token=240c9b03-6ff2-4cf7-8d71-5eecedf1779b tableID=0xc00023f6f0 seatIndex=0xc0002433d0
2025/11/08 14:46:50 INFO session removed token=240c9b03-6ff2-4cf7-8d71-5eecedf1779b
2025/11/08 14:46:50 INFO session updated token=9af89c54-2570-4493-a7db-cb593c85fa49 tableID=0xc00028f1c0 seatIndex=0xc000291130
2025/11/08 14:46:50 INFO session removed token=fa3be84a-aa09-45bd-9687-230d28b811a7
2025/11/08 14:46:50 INFO session updated token=a0bb6dbb-33d1-4f79-9e9c-c890dac676f9 tableID=0xc00028f210 seatIndex=0xc000291140
2025/11/08 14:46:50 INFO session updated token=2beeaacc-11d8-4ea0-8572-78b6ec91dab8 tableID=0xc0003c2a40 seatIndex=0xc0003c46d0
2025/11/08 14:46:50 INFO session removed token=3e66dfa2-f584-4d00-a1c2-e53b3089c004
2025/11/08 14:46:50 INFO session updated token=8ed1b875-0d3e-4057-9b83-150c02e7f1fb tableID=0xc00028f240 seatIndex=0xc000291150
2025/11/08 14:46:50 INFO session removed token=c0e3d119-9653-4713-a1ae-d2174e6ca116
2025/11/08 14:46:50 INFO session updated token=1f16eb29-4762-4a36-ba22-da058cce8626 tableID=0xc0003c2a60 seatIndex=0xc0003c4700
2025/11/08 14:46:50 INFO session removed token=19e845a2-0546-4064-ae5e-fab37b97f899
2025/11/08 14:46:50 INFO session updated token=1bd3fdd0-290d-4884-b626-0d2609ceb629 tableID=0xc00023ef40 seatIndex=0xc000242c80
2025/11/08 14:46:50 INFO session removed token=fffe57f0-b2ed-410b-8c01-77d23766ef85
2025/11/08 14:46:50 INFO session removed token=9aec9441-0140-4c28-a698-7d023a7c1b9d
2025/11/08 14:46:50 INFO session removed token=651bc412-60d6-4908-b722-9a36ad3b9302
2025/11/08 14:46:50 INFO session removed token=fb79d040-f214-4926-9175-bc5614af140d
2025/11/08 14:46:50 INFO session updated token=9c2d1c61-fa3f-47af-94f5-66d3824c3f9f tableID=0xc00023f000 seatIndex=0xc000242d20
2025/11/08 14:46:50 INFO session updated token=e1781b4e-73b6-4609-bc1c-49b1f1699fa3 tableID=0xc00023f010 seatIndex=0xc000242d30
2025/11/08 14:46:50 INFO session updated token=000630db-dfa0-4048-8cfa-b91fba398f85 tableID=0xc00023f030 seatIndex=0xc000242d40
2025/11/08 14:46:50 INFO session updated token=9f940e5a-62fe-4b3c-8f58-5195b2228ab6 tableID=0xc0001b43a0 seatIndex=0xc0001b2400
2025/11/08 14:46:50 INFO session removed token=33ae20b2-8b60-4ded-a3de-c0edca9684a6
2025/11/08 14:46:50 INFO session created token=77811000-0635-4ae3-b3cd-a32e926c80ee name=User_36_72
2025/11/08 14:46:50 INFO session updated token=5204431d-2bcf-4424-b8b7-ea169c6586af tableID=0xc0001b43d0 seatIndex=0xc0001b2410
2025/11/08 14:46:50 INFO session created token=80c68d4d-bd20-4ac3-8b0a-e7a4368964c8 name=User_58_36
2025/11/08 14:46:50 INFO session created token=defb2837-1972-4462-a12c-bc73c2273493 name=User_96_57
2025/11/08 14:46:50 INFO session created token=296d3ac1-9231-4e49-98aa-cc210f0df264 name=User_88_28
2025/11/08 14:46:50 INFO session created token=01b6812e-7d4a-4bb0-98b4-1b0c1ab7a04c name=User_20_54
2025/11/08 14:46:50 INFO session updated token=268908f8-cd1d-4eba-8a9e-74d4da2b6a7a tableID=0xc0001b4430 seatIndex=0xc0001b2440
2025/11/08 14:46:50 INFO session updated token=9156c0e9-5593-40c7-8e5e-8409e0f77c57 tableID=0xc0001b4440 seatIndex=0xc0001b2450
2025/11/08 14:46:50 INFO session updated token=b0912934-a395-479a-b57a-09fde6fc40e5 tableID=0xc00028f2a0 seatIndex=0xc0002911e0
2025/11/08 14:46:50 INFO session updated token=7d39fde8-4a82-4a35-bdaf-b165a4715ecc tableID=0xc00028f5c0 seatIndex=0xc000291540
2025/11/08 14:46:50 INFO session updated token=ec5b1b41-584a-4ba4-90b4-c1b8cdf86713 tableID=0xc0001b4810 seatIndex=0xc0001b2840
2025/11/08 14:46:50 INFO session updated token=532b038e-646f-47c5-8684-410db6e0615c tableID=0xc0001b4be0 seatIndex=0xc0001b2c10
2025/11/08 14:46:50 INFO session removed token=532b038e-646f-47c5-8684-410db6e0615c
2025/11/08 14:46:50 INFO session created token=d52910be-0c3b-4cea-a1d2-f20ac0a01d1f name=User_49_50
2025/11/08 14:46:50 INFO session updated token=d52910be-0c3b-4cea-a1d2-f20ac0a01d1f tableID=0xc000321a00 seatIndex=0xc000323b20
2025/11/08 14:46:50 INFO session created token=014bfc07-defa-4609-b0f4-4f832eba21ed name=User_28_50
2025/11/08 14:46:50 INFO session removed token=d52910be-0c3b-4cea-a1d2-f20ac0a01d1f
2025/11/08 14:46:50 INFO session created token=ca8b0d6c-e779-4229-90d1-a3e277d6229e name=User_54_37
2025/11/08 14:46:50 INFO session created token=09905035-c531-4bf0-b863-5774a879915c name=User_10_26
2025/11/08 14:46:50 INFO session removed token=9156c0e9-5593-40c7-8e5e-8409e0f77c57
2025/11/08 14:46:50 INFO session created token=ec61f262-3ded-429b-88eb-bc95ba3063d9 name=User_86_35
2025/11/08 14:46:50 INFO session removed token=ec5b1b41-584a-4ba4-90b4-c1b8cdf86713
2025/11/08 14:46:50 INFO session updated token=09905035-c531-4bf0-b863-5774a879915c tableID=0xc0003c2ac0 seatIndex=0xc0003c4750
2025/11/08 14:46:50 INFO session removed token=09905035-c531-4bf0-b863-5774a879915c
2025/11/08 14:46:50 INFO session created token=327e892d-4245-4ffe-a01f-0c870be3ace8 name=User_10_27
2025/11/08 14:46:50 INFO session updated token=327e892d-4245-4ffe-a01f-0c870be3ace8 tableID=0xc0003c2b10 seatIndex=0xc0003c47a0
2025/11/08 14:46:50 INFO session removed token=327e892d-4245-4ffe-a01f-0c870be3ace8
2025/11/08 14:46:50 INFO session created token=d14f6066-10c1-468e-8f5a-a0b64d583bce name=User_10_28
2025/11/08 14:46:50 INFO session updated token=d14f6066-10c1-468e-8f5a-a0b64d583bce tableID=0xc0003c2b60 seatIndex=0xc0003c47f0
2025/11/08 14:46:50 INFO session removed token=d14f6066-10c1-468e-8f5a-a0b64d583bce
2025/11/08 14:46:50 INFO session created token=67dd1746-5c1b-4ef6-86e2-cb5e7b1351ac name=User_10_29
2025/11/08 14:46:50 INFO session updated token=67dd1746-5c1b-4ef6-86e2-cb5e7b1351ac tableID=0xc0003c2bb0 seatIndex=0xc0003c4840
2025/11/08 14:46:50 INFO session removed token=67dd1746-5c1b-4ef6-86e2-cb5e7b1351ac
2025/11/08 14:46:50 INFO session created token=b6d58cbc-6d88-415a-9a32-ebe06e5a2495 name=User_10_30
2025/11/08 14:46:50 INFO session updated token=b6d58cbc-6d88-415a-9a32-ebe06e5a2495 tableID=0xc0003c2c00 seatIndex=0xc0003c4890
2025/11/08 14:46:50 INFO session removed token=b6d58cbc-6d88-415a-9a32-ebe06e5a2495
2025/11/08 14:46:50 INFO session created token=b629a58a-4f52-45d1-b361-a746572985fa name=User_10_31
2025/11/08 14:46:50 INFO session updated token=b629a58a-4f52-45d1-b361-a746572985fa tableID=0xc0003c2c50 seatIndex=0xc0003c48e0
2025/11/08 14:46:50 INFO session removed token=b629a58a-4f52-45d1-b361-a746572985fa
2025/11/08 14:46:50 INFO session created token=97f50c4e-a276-413d-b423-4a1dcbe8ff6d name=User_10_32
2025/11/08 14:46:50 INFO session updated token=97f50c4e-a276-413d-b423-4a1dcbe8ff6d tableID=0xc0003c2ca0 seatIndex=0xc0003c4930
2025/11/08 14:46:50 INFO session removed token=97f50c4e-a276-413d-b423-4a1dcbe8ff6d
2025/11/08 14:46:50 INFO session created token=9d785408-ab3c-4bc0-9fb1-e5c23c626597 name=User_10_33
2025/11/08 14:46:50 INFO session updated token=9d785408-ab3c-4bc0-9fb1-e5c23c626597 tableID=0xc0003c2cf0 seatIndex=0xc0003c4980
2025/11/08 14:46:50 INFO session removed token=9d785408-ab3c-4bc0-9fb1-e5c23c626597
2025/11/08 14:46:50 INFO session created token=ad1919cf-fe55-441a-a51c-9271a6106df6 name=User_10_34
2025/11/08 14:46:50 INFO session updated token=ad1919cf-fe55-441a-a51c-9271a6106df6 tableID=0xc0003c2d40 seatIndex=0xc0003c49d0
2025/11/08 14:46:50 INFO session removed token=ad1919cf-fe55-441a-a51c-9271a6106df6
2025/11/08 14:46:50 INFO session created token=4c94cddb-1179-4b30-9b87-8029b5f175de name=User_10_35
2025/11/08 14:46:50 INFO session removed token=b0912934-a395-479a-b57a-09fde6fc40e5
2025/11/08 14:46:50 INFO session created token=4afbf5d2-cb6d-4522-a9de-25ae6fdb1442 name=User_11_52
2025/11/08 14:46:50 INFO session updated token=4afbf5d2-cb6d-4522-a9de-25ae6fdb1442 tableID=0xc0003c2dc0 seatIndex=0xc0003c4a30
2025/11/08 14:46:50 INFO session removed token=4afbf5d2-cb6d-4522-a9de-25ae6fdb1442
2025/11/08 14:46:50 INFO session created token=8df21723-8599-42a9-8094-0e0cab5cc0ee name=User_11_53
2025/11/08 14:46:50 INFO session updated token=8df21723-8599-42a9-8094-0e0cab5cc0ee tableID=0xc0003c2e10 seatIndex=0xc0003c4a80
2025/11/08 14:46:50 INFO session removed token=8df21723-8599-42a9-8094-0e0cab5cc0ee
2025/11/08 14:46:50 INFO session created token=10241110-055f-4b8b-a6f7-377f565bc10c name=User_11_54
2025/11/08 14:46:50 INFO session updated token=10241110-055f-4b8b-a6f7-377f565bc10c tableID=0xc0003c2e60 seatIndex=0xc0003c4ad0
2025/11/08 14:46:50 INFO session removed token=10241110-055f-4b8b-a6f7-377f565bc10c
2025/11/08 14:46:50 INFO session created token=d72fa4cd-219a-456c-8cc7-47754a55ec1f name=User_11_55
2025/11/08 14:46:50 INFO session updated token=d72fa4cd-219a-456c-8cc7-47754a55ec1f tableID=0xc0003c2eb0 seatIndex=0xc0003c4b20
2025/11/08 14:46:50 INFO session removed token=d72fa4cd-219a-456c-8cc7-47754a55ec1f
2025/11/08 14:46:50 INFO session created token=d6acc34b-5a36-43ed-9260-8a801633a4be name=User_52_39
2025/11/08 14:46:50 INFO session created token=75f4c99e-300c-4370-80a3-2aa676865f3e name=User_11_56
2025/11/08 14:46:50 INFO session updated token=d6acc34b-5a36-43ed-9260-8a801633a4be tableID=0xc00012af10 seatIndex=0xc000136cf0
2025/11/08 14:46:50 INFO session removed token=d6acc34b-5a36-43ed-9260-8a801633a4be
2025/11/08 14:46:50 INFO session created token=ed152271-276d-426d-9659-a0e460ec8f2f name=User_52_40
2025/11/08 14:46:50 INFO session updated token=ed152271-276d-426d-9659-a0e460ec8f2f tableID=0xc00012af70 seatIndex=0xc000136d50
2025/11/08 14:46:50 INFO session removed token=ed152271-276d-426d-9659-a0e460ec8f2f
2025/11/08 14:46:50 INFO session created token=3784b474-637e-4ae1-94a2-242918f6469e name=User_52_41
2025/11/08 14:46:50 INFO session updated token=3784b474-637e-4ae1-94a2-242918f6469e tableID=0xc00012afc0 seatIndex=0xc000136da0
2025/11/08 14:46:50 INFO session removed token=3784b474-637e-4ae1-94a2-242918f6469e
2025/11/08 14:46:50 INFO session created token=afcaf734-26ed-4e57-b672-b72160551590 name=User_52_42
2025/11/08 14:46:50 INFO session updated token=afcaf734-26ed-4e57-b672-b72160551590 tableID=0xc00012b010 seatIndex=0xc000136df0
2025/11/08 14:46:50 INFO session removed token=afcaf734-26ed-4e57-b672-b72160551590
2025/11/08 14:46:50 INFO session created token=dfda2060-5c2b-4e20-9676-58e27c227295 name=User_52_43
2025/11/08 14:46:50 INFO session updated token=dfda2060-5c2b-4e20-9676-58e27c227295 tableID=0xc00012b060 seatIndex=0xc000136e40
2025/11/08 14:46:50 INFO session removed token=dfda2060-5c2b-4e20-9676-58e27c227295
2025/11/08 14:46:50 INFO session created token=4365cb40-e5a0-4046-9ceb-8b361881b1c6 name=User_52_44
2025/11/08 14:46:50 INFO session created token=ed563daa-398c-4ca7-8878-a85ef6a64287 name=User_49_51
2025/11/08 14:46:50 INFO session updated token=4365cb40-e5a0-4046-9ceb-8b361881b1c6 tableID=0xc00012b0b0 seatIndex=0xc000136e90
2025/11/08 14:46:50 INFO session removed token=4365cb40-e5a0-4046-9ceb-8b361881b1c6
2025/11/08 14:46:50 INFO session created token=3563b2b9-9900-4840-a47f-8994a23ae22b name=User_52_45
2025/11/08 14:46:50 INFO session updated token=3563b2b9-9900-4840-a47f-8994a23ae22b tableID=0xc000321b10 seatIndex=0xc000323c00
2025/11/08 14:46:50 INFO session removed token=3563b2b9-9900-4840-a47f-8994a23ae22b
2025/11/08 14:46:50 INFO session created token=0c0fea28-1504-4e81-b82d-da1975bfbba4 name=User_52_46
2025/11/08 14:46:50 INFO session updated token=0c0fea28-1504-4e81-b82d-da1975bfbba4 tableID=0xc000321b60 seatIndex=0xc000323c50
2025/11/08 14:46:50 INFO session removed token=0c0fea28-1504-4e81-b82d-da1975bfbba4
2025/11/08 14:46:50 INFO session created token=cbc2ae4c-1f92-4fcb-ba1c-699b8a0f003e name=User_52_47
2025/11/08 14:46:50 INFO session updated token=cbc2ae4c-1f92-4fcb-ba1c-699b8a0f003e tableID=0xc000321bb0 seatIndex=0xc000323ca0
2025/11/08 14:46:50 INFO session removed token=cbc2ae4c-1f92-4fcb-ba1c-699b8a0f003e
2025/11/08 14:46:50 INFO session created token=d074b796-93e3-40fc-b922-3064164338d9 name=User_52_48
2025/11/08 14:46:50 INFO session updated token=d074b796-93e3-40fc-b922-3064164338d9 tableID=0xc000321c00 seatIndex=0xc000323cf0
2025/11/08 14:46:50 INFO session removed token=d074b796-93e3-40fc-b922-3064164338d9
2025/11/08 14:46:50 INFO session created token=16eb8ac4-8e41-4485-8161-d810aa0d9fe5 name=User_52_49
2025/11/08 14:46:50 INFO session updated token=16eb8ac4-8e41-4485-8161-d810aa0d9fe5 tableID=0xc000321c50 seatIndex=0xc000323d40
2025/11/08 14:46:50 INFO session removed token=16eb8ac4-8e41-4485-8161-d810aa0d9fe5
2025/11/08 14:46:50 INFO session created token=efb0ed8a-cdc2-440d-a242-9ea7e4566330 name=User_52_50
2025/11/08 14:46:50 INFO session updated token=efb0ed8a-cdc2-440d-a242-9ea7e4566330 tableID=0xc000321ca0 seatIndex=0xc000323d90
2025/11/08 14:46:50 INFO session removed token=efb0ed8a-cdc2-440d-a242-9ea7e4566330
2025/11/08 14:46:50 INFO session created token=087abcb4-8d17-4e89-9617-8a3cef45c6f7 name=User_52_51
2025/11/08 14:46:50 INFO session updated token=087abcb4-8d17-4e89-9617-8a3cef45c6f7 tableID=0xc000321cf0 seatIndex=0xc000323de0
2025/11/08 14:46:50 INFO session removed token=087abcb4-8d17-4e89-9617-8a3cef45c6f7
2025/11/08 14:46:50 INFO session created token=3b9d8a9b-e978-41ef-af03-10873dc2ca0c name=User_52_52
2025/11/08 14:46:50 INFO session updated token=3b9d8a9b-e978-41ef-af03-10873dc2ca0c tableID=0xc000321d40 seatIndex=0xc000323e30
2025/11/08 14:46:50 INFO session removed token=3b9d8a9b-e978-41ef-af03-10873dc2ca0c
2025/11/08 14:46:50 INFO session created token=6d0bff23-4a25-4bbd-b0db-4a15248d6044 name=User_52_53
2025/11/08 14:46:50 INFO session updated token=6d0bff23-4a25-4bbd-b0db-4a15248d6044 tableID=0xc000321d90 seatIndex=0xc000323e80
2025/11/08 14:46:50 INFO session removed token=6d0bff23-4a25-4bbd-b0db-4a15248d6044
2025/11/08 14:46:50 INFO session created token=1550b10d-e5e2-4ca7-9a1b-af37d0fadf50 name=User_52_54
2025/11/08 14:46:50 INFO session updated token=1550b10d-e5e2-4ca7-9a1b-af37d0fadf50 tableID=0xc000321de0 seatIndex=0xc000323ed0
2025/11/08 14:46:50 INFO session removed token=1550b10d-e5e2-4ca7-9a1b-af37d0fadf50
2025/11/08 14:46:50 INFO session created token=f28f86c0-2519-4867-8b68-57fa780d31bf name=User_52_55
2025/11/08 14:46:50 INFO session updated token=75f4c99e-300c-4370-80a3-2aa676865f3e tableID=0xc00012af30 seatIndex=0xc000136d20
2025/11/08 14:46:50 INFO session removed token=75f4c99e-300c-4370-80a3-2aa676865f3e
2025/11/08 14:46:50 INFO session updated token=3dc74711-c89f-4b5c-abc8-25966dd80fcc tableID=0xc00028f9a0 seatIndex=0xc000291900
2025/11/08 14:46:50 INFO session created token=69668e58-a240-4e27-80c6-61ba5a249e09 name=User_8_62
2025/11/08 14:46:50 INFO session removed token=d170a9a4-eeb5-4b8e-a56d-a2acf3f2b061
2025/11/08 14:46:50 INFO session created token=ee03d745-6adb-4961-9f22-ed37c85dd5af name=User_42_55
2025/11/08 14:46:50 INFO session created token=f1fe5ef8-b4d8-4ab6-9e0f-a8d763779d27 name=User_14_39
2025/11/08 14:46:50 INFO session removed token=f16dcbe4-5409-43d3-8767-e46c0414cc81
2025/11/08 14:46:50 INFO session created token=f28e4d34-1805-49b2-a20b-a1d34fa870c1 name=User_99_68
2025/11/08 14:46:50 INFO session created token=80295743-859f-4e7f-b3e3-590bba53fd39 name=User_34_63
2025/11/08 14:46:50 INFO session created token=09e592c5-0885-489e-9d20-4413bc91bd95 name=User_51_19
2025/11/08 14:46:50 INFO session updated token=de45a630-8412-4c6f-aaac-2f482ddcf14b tableID=0xc0001b4f90 seatIndex=0xc0001b2f90
2025/11/08 14:46:50 INFO session updated token=2c2717b7-ec8f-4412-baa4-3f96d6d5cd61 tableID=0xc0001b4fa0 seatIndex=0xc0001b2fa0
2025/11/08 14:46:50 INFO session updated token=9ac869f4-4f49-4e48-a992-9e4aeed9bca9 tableID=0xc0001b4fb0 seatIndex=0xc0001b2fb0
2025/11/08 14:46:50 INFO session removed token=81f46663-d2b9-44ff-a031-328956db2329
2025/11/08 14:46:50 INFO session removed token=6ce40125-be24-408f-88f4-ba00ead350bc
2025/11/08 14:46:50 INFO session updated token=bc7b3bc4-056f-4cae-a042-45d5c3b5c6a3 tableID=0xc00023f1b0 seatIndex=0xc000242eb0
2025/11/08 14:46:50 INFO session updated token=6ffce207-5899-4bb6-994d-7bfb08292d56 tableID=0xc00028fb20 seatIndex=0xc000291a40
2025/11/08 14:46:50 INFO session updated token=3bc42c0a-ae99-4a46-b9e5-004c23667e90 tableID=0xc00023f1e0 seatIndex=0xc000242ec0
2025/11/08 14:46:50 INFO session updated token=11d32eb5-c840-4b11-baad-d4642d7244f9 tableID=0xc00023f200 seatIndex=0xc000242ef0
2025/11/08 14:46:50 INFO session updated token=e03f407f-e296-4c97-a009-b9cae15bbf27 tableID=0xc00023f300 seatIndex=0xc000242ff0
2025/11/08 14:46:50 INFO session updated token=b5696de0-71e8-406c-a699-4849e002ff9e tableID=0xc000321590 seatIndex=0xc0003235e0
2025/11/08 14:46:50 INFO session removed token=b5696de0-71e8-406c-a699-4849e002ff9e
2025/11/08 14:46:50 INFO session removed token=e03f407f-e296-4c97-a009-b9cae15bbf27
2025/11/08 14:46:50 INFO session created token=b4537df9-3b3e-46a0-9572-963507ad60f6 name=User_63_30
2025/11/08 14:46:50 INFO session created token=7ddf9941-2bfd-4149-91f0-10cb3ed0c5db name=User_30_50
2025/11/08 14:46:50 INFO session created token=6b1daa26-b0f3-4b10-9fe7-a338f02c1f76 name=User_75_36
2025/11/08 14:46:50 INFO session updated token=b4537df9-3b3e-46a0-9572-963507ad60f6 tableID=0xc0003c2f60 seatIndex=0xc0003c4b70
2025/11/08 14:46:50 INFO session created token=be2ea7d1-45dc-4a50-959e-1124c6b387f4 name=User_33_54
2025/11/08 14:46:50 INFO session removed token=b4537df9-3b3e-46a0-9572-963507ad60f6
2025/11/08 14:46:50 INFO session removed token=6ffce207-5899-4bb6-994d-7bfb08292d56
2025/11/08 14:46:50 INFO session removed token=bc7b3bc4-056f-4cae-a042-45d5c3b5c6a3
2025/11/08 14:46:50 INFO session created token=ce1d10ea-34f1-4315-8ce9-df5a62754965 name=User_98_30
2025/11/08 14:46:50 INFO session updated token=ce1d10ea-34f1-4315-8ce9-df5a62754965 tableID=0xc00012b130 seatIndex=0xc000136ef0
2025/11/08 14:46:50 INFO session removed token=ce1d10ea-34f1-4315-8ce9-df5a62754965
2025/11/08 14:46:50 INFO session created token=2ea6ba82-0ded-4248-a039-022e9177db73 name=User_98_31
2025/11/08 14:46:50 INFO session updated token=2ea6ba82-0ded-4248-a039-022e9177db73 tableID=0xc00012b180 seatIndex=0xc000136f40
2025/11/08 14:46:50 INFO session removed token=2ea6ba82-0ded-4248-a039-022e9177db73
2025/11/08 14:46:50 INFO session created token=e2965a5a-82c6-4af0-8049-d930f1b297f7 name=User_98_32
2025/11/08 14:46:50 INFO session updated token=e2965a5a-82c6-4af0-8049-d930f1b297f7 tableID=0xc00012b1d0 seatIndex=0xc000136f90
2025/11/08 14:46:50 INFO session removed token=e2965a5a-82c6-4af0-8049-d930f1b297f7
2025/11/08 14:46:50 INFO session created token=4cf04132-4e51-4264-b596-1ff2d7b9eeb4 name=User_98_33
2025/11/08 14:46:50 INFO session updated token=4cf04132-4e51-4264-b596-1ff2d7b9eeb4 tableID=0xc00012b220 seatIndex=0xc000136fe0
2025/11/08 14:46:50 INFO session removed token=4cf04132-4e51-4264-b596-1ff2d7b9eeb4
2025/11/08 14:46:50 INFO session created token=b916e194-0804-4a30-9238-dfdb1a1da59f name=User_98_34
2025/11/08 14:46:50 INFO session updated token=b916e194-0804-4a30-9238-dfdb1a1da59f tableID=0xc00012b270 seatIndex=0xc000137030
2025/11/08 14:46:50 INFO session removed token=b916e194-0804-4a30-9238-dfdb1a1da59f
2025/11/08 14:46:50 INFO session created token=30b33a26-74de-4a72-b101-5019b7ef98c3 name=User_98_35
2025/11/08 14:46:50 INFO session updated token=30b33a26-74de-4a72-b101-5019b7ef98c3 tableID=0xc00012b2c0 seatIndex=0xc000137080
2025/11/08 14:46:50 INFO session removed token=30b33a26-74de-4a72-b101-5019b7ef98c3
2025/11/08 14:46:50 INFO session created token=6028c19a-32d1-492a-adde-361b1a884c39 name=User_98_36
2025/11/08 14:46:50 INFO session removed token=3bc42c0a-ae99-4a46-b9e5-004c23667e90
2025/11/08 14:46:50 INFO session created token=b70abc32-3fdf-46fd-b167-a11ae45fde4c name=User_44_33
2025/11/08 14:46:50 INFO session updated token=b70abc32-3fdf-46fd-b167-a11ae45fde4c tableID=0xc00028fb60 seatIndex=0xc000291a70
2025/11/08 14:46:50 INFO session removed token=b70abc32-3fdf-46fd-b167-a11ae45fde4c
2025/11/08 14:46:50 INFO session created token=b1452d6b-5069-4962-94dd-1aa1ef2146c2 name=User_44_34
2025/11/08 14:46:50 INFO session updated token=b1452d6b-5069-4962-94dd-1aa1ef2146c2 tableID=0xc00028fbb0 seatIndex=0xc000291ac0
2025/11/08 14:46:50 INFO session created token=03797f19-a0ec-4feb-9b5e-d29915c3c1ae name=User_56_38
2025/11/08 14:46:50 INFO session removed token=b1452d6b-5069-4962-94dd-1aa1ef2146c2
2025/11/08 14:46:50 INFO session updated token=6ceae5fe-5a36-45be-9361-a1beb79dc205 tableID=0xc000321910 seatIndex=0xc000323950
2025/11/08 14:46:50 INFO session removed token=6ceae5fe-5a36-45be-9361-a1beb79dc205
2025/11/08 14:46:50 INFO session created token=99df25f0-7064-47d8-9929-3b2ca07aef9b name=User_3_48
2025/11/08 14:46:50 INFO session updated token=99df25f0-7064-47d8-9929-3b2ca07aef9b tableID=0xc00028fc30 seatIndex=0xc000291b60
2025/11/08 14:46:50 INFO session removed token=99df25f0-7064-47d8-9929-3b2ca07aef9b
2025/11/08 14:46:50 INFO session created token=a89a0b2b-558e-4484-9a08-8f1d6a2cd3d6 name=User_3_49
2025/11/08 14:46:50 INFO session updated token=a89a0b2b-558e-4484-9a08-8f1d6a2cd3d6 tableID=0xc00028fc80 seatIndex=0xc000291bb0
2025/11/08 14:46:50 INFO session removed token=a89a0b2b-558e-4484-9a08-8f1d6a2cd3d6
2025/11/08 14:46:50 INFO session created token=ba05db74-d813-4fa4-8892-b2fa3e571175 name=User_3_50
2025/11/08 14:46:50 INFO session updated token=ba05db74-d813-4fa4-8892-b2fa3e571175 tableID=0xc00028fcd0 seatIndex=0xc000291c00
2025/11/08 14:46:50 INFO session removed token=ba05db74-d813-4fa4-8892-b2fa3e571175
2025/11/08 14:46:50 INFO session created token=fb62cfe1-471c-4a93-a5d3-8ed8d7e41a7d name=User_3_51
2025/11/08 14:46:50 INFO session created token=3bdc072d-195e-4ced-bff1-228527e79cb3 name=User_84_91
2025/11/08 14:46:50 INFO session updated token=fb62cfe1-471c-4a93-a5d3-8ed8d7e41a7d tableID=0xc00028fd20 seatIndex=0xc000291c50
2025/11/08 14:46:50 INFO session removed token=fb62cfe1-471c-4a93-a5d3-8ed8d7e41a7d
2025/11/08 14:46:50 INFO session created token=23e66d72-f44a-4a96-a2cd-9f43f0f88044 name=User_3_52
2025/11/08 14:46:50 INFO session created token=8c1cc396-5d0e-41ff-b8a3-955cf75dc85c name=User_32_63
2025/11/08 14:46:50 INFO session removed token=9af89c54-2570-4493-a7db-cb593c85fa49
2025/11/08 14:46:50 INFO session created token=e3b55fcc-eda8-4199-8b51-cfacbd05627c name=User_72_24
2025/11/08 14:46:50 INFO session updated token=e3b55fcc-eda8-4199-8b51-cfacbd05627c tableID=0xc00012b3d0 seatIndex=0xc000137120
2025/11/08 14:46:50 INFO session removed token=e3b55fcc-eda8-4199-8b51-cfacbd05627c
2025/11/08 14:46:50 INFO session created token=8cd2ccd8-1622-44d3-a4fc-40f1bfbb6c39 name=User_72_25
2025/11/08 14:46:50 INFO session updated token=8cd2ccd8-1622-44d3-a4fc-40f1bfbb6c39 tableID=0xc00012b420 seatIndex=0xc000137170
2025/11/08 14:46:50 INFO session removed token=8cd2ccd8-1622-44d3-a4fc-40f1bfbb6c39
2025/11/08 14:46:50 INFO session created token=964bd020-6694-4004-81c7-e0ecc262eb83 name=User_72_26
2025/11/08 14:46:50 INFO session updated token=964bd020-6694-4004-81c7-e0ecc262eb83 tableID=0xc00012b470 seatIndex=0xc0001371c0
2025/11/08 14:46:50 INFO session removed token=964bd020-6694-4004-81c7-e0ecc262eb83
2025/11/08 14:46:50 INFO session created token=d6c91a95-f553-4aa1-b206-5cec7ee81d0d name=User_72_27
2025/11/08 14:46:50 INFO session updated token=d6c91a95-f553-4aa1-b206-5cec7ee81d0d tableID=0xc00012b4c0 seatIndex=0xc000137210
2025/11/08 14:46:50 INFO session removed token=d6c91a95-f553-4aa1-b206-5cec7ee81d0d
2025/11/08 14:46:50 INFO session created token=1973d798-c238-45a4-aa16-3e141d042d39 name=User_72_28
2025/11/08 14:46:50 INFO session updated token=1973d798-c238-45a4-aa16-3e141d042d39 tableID=0xc00012b510 seatIndex=0xc000137260
2025/11/08 14:46:50 INFO session removed token=1973d798-c238-45a4-aa16-3e141d042d39
2025/11/08 14:46:50 INFO session created token=530ff93c-6df4-48c2-8c18-5f1ed9e7e844 name=User_72_29
2025/11/08 14:46:50 INFO session updated token=530ff93c-6df4-48c2-8c18-5f1ed9e7e844 tableID=0xc00012b560 seatIndex=0xc0001372b0
2025/11/08 14:46:50 INFO session removed token=530ff93c-6df4-48c2-8c18-5f1ed9e7e844
2025/11/08 14:46:50 INFO session removed token=a0bb6dbb-33d1-4f79-9e9c-c890dac676f9
2025/11/08 14:46:50 INFO session removed token=2beeaacc-11d8-4ea0-8572-78b6ec91dab8
2025/11/08 14:46:50 INFO session created token=45bb7ffb-0ec4-4d97-a131-f19beaf14883 name=User_9_25
2025/11/08 14:46:50 INFO session created token=42ab8794-0c37-45d4-ab4b-72a728b7909b name=User_27_78
2025/11/08 14:46:50 INFO session created token=5dea39fb-1edc-4f55-bdf5-90b93dbd6bfb name=User_37_42
2025/11/08 14:46:50 INFO session removed token=8ed1b875-0d3e-4057-9b83-150c02e7f1fb
2025/11/08 14:46:50 INFO session removed token=1f16eb29-4762-4a36-ba22-da058cce8626
2025/11/08 14:46:50 INFO session removed token=1bd3fdd0-290d-4884-b626-0d2609ceb629
2025/11/08 14:46:50 INFO session removed token=e1781b4e-73b6-4609-bc1c-49b1f1699fa3
2025/11/08 14:46:50 INFO session removed token=9f940e5a-62fe-4b3c-8f58-5195b2228ab6
2025/11/08 14:46:50 INFO session removed token=000630db-dfa0-4048-8cfa-b91fba398f85
2025/11/08 14:46:50 INFO session removed token=9c2d1c61-fa3f-47af-94f5-66d3824c3f9f
2025/11/08 14:46:50 INFO session updated token=77811000-0635-4ae3-b3cd-a32e926c80ee tableID=0xc00023f860 seatIndex=0xc000243560
2025/11/08 14:46:50 INFO session removed token=5204431d-2bcf-4424-b8b7-ea169c6586af
2025/11/08 14:46:50 INFO session updated token=80c68d4d-bd20-4ac3-8b0a-e7a4368964c8 tableID=0xc000321930 seatIndex=0xc000323a00
2025/11/08 14:46:50 INFO session updated token=defb2837-1972-4462-a12c-bc73c2273493 tableID=0xc000321950 seatIndex=0xc000323a30
2025/11/08 14:46:50 INFO session updated token=296d3ac1-9231-4e49-98aa-cc210f0df264 tableID=0xc000321960 seatIndex=0xc000323a40
2025/11/08 14:46:50 INFO session updated token=01b6812e-7d4a-4bb0-98b4-1b0c1ab7a04c tableID=0xc000321970 seatIndex=0xc000323a50
2025/11/08 14:46:50 INFO session created token=9ba5c20b-a52e-4fe9-a92f-7e2c4885c86a name=User_46_79
2025/11/08 14:46:50 INFO session created token=9b06e492-0107-48a9-bf52-72c137661e32 name=User_76_26
2025/11/08 14:46:50 INFO session updated token=ca8b0d6c-e779-4229-90d1-a3e277d6229e tableID=0xc00012aed0 seatIndex=0xc000136cc0
2025/11/08 14:46:50 INFO session created token=702f1df8-e503-49e3-bb78-be7e9ca7ddba name=User_64_19
2025/11/08 14:46:50 INFO session created token=54818b7b-3688-4416-b66a-0bf00db00354 name=User_6_22
2025/11/08 14:46:50 INFO session removed token=ca8b0d6c-e779-4229-90d1-a3e277d6229e
2025/11/08 14:46:50 INFO session created token=c7001dd8-e15c-4b49-b2a2-f1f6a98f159a name=User_47_22
2025/11/08 14:46:50 INFO session created token=db694741-ffb9-4df5-87f1-b455254e40a3 name=User_35_37
2025/11/08 14:46:50 INFO session removed token=80c68d4d-bd20-4ac3-8b0a-e7a4368964c8
2025/11/08 14:46:50 INFO session created token=27745395-eef6-4656-bee4-4e484205cd13 name=User_16_21
2025/11/08 14:46:50 INFO session updated token=9ba5c20b-a52e-4fe9-a92f-7e2c4885c86a tableID=0xc0002f6b00 seatIndex=0xc0001290a0
2025/11/08 14:46:50 INFO session removed token=9ba5c20b-a52e-4fe9-a92f-7e2c4885c86a
2025/11/08 14:46:50 INFO session created token=c7bb0546-fd57-40a9-bbcd-15870441a9ce name=User_46_80
2025/11/08 14:46:50 INFO session updated token=c7bb0546-fd57-40a9-bbcd-15870441a9ce tableID=0xc00028ff30 seatIndex=0xc000291e50
2025/11/08 14:46:50 INFO session removed token=c7bb0546-fd57-40a9-bbcd-15870441a9ce
2025/11/08 14:46:50 INFO session created token=f12f0dec-a9be-4404-b47e-faba9ffc4b22 name=User_46_81
2025/11/08 14:46:50 INFO session updated token=f12f0dec-a9be-4404-b47e-faba9ffc4b22 tableID=0xc0002b0000 seatIndex=0xc000291ea0
2025/11/08 14:46:50 INFO session removed token=f12f0dec-a9be-4404-b47e-faba9ffc4b22
2025/11/08 14:46:50 INFO session created token=5f68ca21-723e-4417-b217-827a22e3bc3c name=User_46_82
2025/11/08 14:46:50 INFO session updated token=5f68ca21-723e-4417-b217-827a22e3bc3c tableID=0xc0002b0050 seatIndex=0xc000291ef0
2025/11/08 14:46:50 INFO session removed token=5f68ca21-723e-4417-b217-827a22e3bc3c
2025/11/08 14:46:50 INFO session created token=3a1b226c-9263-4dcf-829b-7a88b6580c06 name=User_46_83
2025/11/08 14:46:50 INFO session updated token=3a1b226c-9263-4dcf-829b-7a88b6580c06 tableID=0xc0002b00a0 seatIndex=0xc000291f40
2025/11/08 14:46:50 INFO session removed token=3a1b226c-9263-4dcf-829b-7a88b6580c06
2025/11/08 14:46:50 INFO session created token=c103c68d-5767-4583-88fe-0f07afc0a574 name=User_46_84
2025/11/08 14:46:50 INFO session updated token=c103c68d-5767-4583-88fe-0f07afc0a574 tableID=0xc0002b00f0 seatIndex=0xc000291f90
2025/11/08 14:46:50 INFO session removed token=c103c68d-5767-4583-88fe-0f07afc0a574
2025/11/08 14:46:50 INFO session removed token=268908f8-cd1d-4eba-8a9e-74d4da2b6a7a
2025/11/08 14:46:50 INFO session created token=ed8b6d59-72c5-4546-b7ea-5b44062b0003 name=User_74_39
2025/11/08 14:46:50 INFO session updated token=ed8b6d59-72c5-4546-b7ea-5b44062b0003 tableID=0xc0003c2fc0 seatIndex=0xc0003c4bd0
2025/11/08 14:46:50 INFO session removed token=ed8b6d59-72c5-4546-b7ea-5b44062b0003
2025/11/08 14:46:50 INFO session created token=9c1676e7-961a-40a5-9cc7-18010e9dc15f name=User_74_40
2025/11/08 14:46:50 INFO session updated token=9c1676e7-961a-40a5-9cc7-18010e9dc15f tableID=0xc0003c3010 seatIndex=0xc0003c4c20
2025/11/08 14:46:50 INFO session removed token=9c1676e7-961a-40a5-9cc7-18010e9dc15f
2025/11/08 14:46:50 INFO session created token=0b8e396e-174c-47c8-811b-d2c56e6a824a name=User_74_41
2025/11/08 14:46:50 INFO session updated token=0b8e396e-174c-47c8-811b-d2c56e6a824a tableID=0xc0003c3060 seatIndex=0xc0003c4c70
2025/11/08 14:46:50 INFO session removed token=0b8e396e-174c-47c8-811b-d2c56e6a824a
2025/11/08 14:46:50 INFO session created token=f7c891e7-c08c-4c8f-b9da-a17326a42399 name=User_74_42
2025/11/08 14:46:50 INFO session updated token=f7c891e7-c08c-4c8f-b9da-a17326a42399 tableID=0xc0003c30b0 seatIndex=0xc0003c4cc0
2025/11/08 14:46:50 INFO session removed token=f7c891e7-c08c-4c8f-b9da-a17326a42399
2025/11/08 14:46:50 INFO session created token=dec4ed9d-c71b-4d2d-ae39-75510faeeebf name=User_74_43
2025/11/08 14:46:50 INFO session updated token=dec4ed9d-c71b-4d2d-ae39-75510faeeebf tableID=0xc0003c3100 seatIndex=0xc0003c4d10
2025/11/08 14:46:50 INFO session removed token=dec4ed9d-c71b-4d2d-ae39-75510faeeebf
2025/11/08 14:46:50 INFO session created token=159db7bf-1eaf-475d-9de5-486a13fe9488 name=User_74_44
2025/11/08 14:46:50 INFO session updated token=ec61f262-3ded-429b-88eb-bc95ba3063d9 tableID=0xc000321a70 seatIndex=0xc000323b70
2025/11/08 14:46:50 INFO session removed token=ec61f262-3ded-429b-88eb-bc95ba3063d9
2025/11/08 14:46:50 INFO session removed token=a5b2d4da-420c-4352-aaf3-53bedcf6d27d
2025/11/08 14:46:50 INFO session updated token=014bfc07-defa-4609-b0f4-4f832eba21ed tableID=0xc000321a80 seatIndex=0xc000323b80
2025/11/08 14:46:50 INFO session removed token=7d39fde8-4a82-4a35-bdaf-b165a4715ecc
2025/11/08 14:46:50 INFO session created token=b8e637c3-6ea9-4b60-9e70-6298e7ea25fc name=User_95_66
2025/11/08 14:46:50 INFO session updated token=4c94cddb-1179-4b30-9b87-8029b5f175de tableID=0xc0003c2d90 seatIndex=0xc0003c4a20
2025/11/08 14:46:50 INFO session updated token=ed563daa-398c-4ca7-8878-a85ef6a64287 tableID=0xc000321ad0 seatIndex=0xc000323bd0
2025/11/08 14:46:50 INFO session removed token=ed563daa-398c-4ca7-8878-a85ef6a64287
2025/11/08 14:46:50 INFO session removed token=4c94cddb-1179-4b30-9b87-8029b5f175de
2025/11/08 14:46:50 INFO session created token=b7c6703d-acd3-41fa-8f12-4ef3c2a86586 name=User_49_52
2025/11/08 14:46:50 INFO session created token=a880578b-2e86-474c-8ac8-b4a9bb6d1a46 name=User_10_36
2025/11/08 14:46:50 INFO session updated token=b7c6703d-acd3-41fa-8f12-4ef3c2a86586 tableID=0xc0002f6bc0 seatIndex=0xc000129160
2025/11/08 14:46:50 INFO session removed token=b7c6703d-acd3-41fa-8f12-4ef3c2a86586
2025/11/08 14:46:50 INFO session created token=7f398fbe-085e-4fe6-b8d0-794ad4e36af2 name=User_13_23
2025/11/08 14:46:50 INFO session created token=52af8914-7ad1-4391-88a8-9f7bfd92db76 name=User_49_53
2025/11/08 14:46:50 INFO session updated token=7f398fbe-085e-4fe6-b8d0-794ad4e36af2 tableID=0xc0003c31a0 seatIndex=0xc0003c4da0
2025/11/08 14:46:50 INFO session removed token=7f398fbe-085e-4fe6-b8d0-794ad4e36af2
2025/11/08 14:46:50 INFO session created token=6cef2e27-6a56-45d8-bb70-a05abf4356e3 name=User_13_24
2025/11/08 14:46:50 INFO session updated token=6cef2e27-6a56-45d8-bb70-a05abf4356e3 tableID=0xc0003c3200 seatIndex=0xc0003c4e00
2025/11/08 14:46:50 INFO session removed token=6cef2e27-6a56-45d8-bb70-a05abf4356e3
2025/11/08 14:46:50 INFO session created token=dd8bc999-2864-4f59-a521-c331a77a451b name=User_13_25
2025/11/08 14:46:50 INFO session updated token=dd8bc999-2864-4f59-a521-c331a77a451b tableID=0xc0003c3250 seatIndex=0xc0003c4e50
2025/11/08 14:46:50 INFO session removed token=dd8bc999-2864-4f59-a521-c331a77a451b
2025/11/08 14:46:50 INFO session created token=19b35d6c-be09-47dc-a4a6-d6b818e83a4f name=User_13_26
2025/11/08 14:46:50 INFO session updated token=19b35d6c-be09-47dc-a4a6-d6b818e83a4f tableID=0xc0003c32a0 seatIndex=0xc0003c4ea0
2025/11/08 14:46:50 INFO session removed token=19b35d6c-be09-47dc-a4a6-d6b818e83a4f
2025/11/08 14:46:50 INFO session created token=64571d6f-b10e-4692-ba65-8c7e36050f7d name=User_13_27
2025/11/08 14:46:50 INFO session updated token=f28f86c0-2519-4867-8b68-57fa780d31bf tableID=0xc00023f8a0 seatIndex=0xc000243590
2025/11/08 14:46:50 INFO session removed token=f28f86c0-2519-4867-8b68-57fa780d31bf
2025/11/08 14:46:50 INFO session created token=6f445fb6-e752-4e00-ac90-39cc887ededd name=User_52_56
2025/11/08 14:46:50 INFO session updated token=6f445fb6-e752-4e00-ac90-39cc887ededd tableID=0xc0002f6c70 seatIndex=0xc000129210
2025/11/08 14:46:50 INFO session removed token=6f445fb6-e752-4e00-ac90-39cc887ededd
2025/11/08 14:46:50 INFO session created token=d2a3f99b-e52b-46b2-8956-5edfb64e9ee3 name=User_52_57
2025/11/08 14:46:50 INFO session updated token=d2a3f99b-e52b-46b2-8956-5edfb64e9ee3 tableID=0xc0002f6cc0 seatIndex=0xc000129260
2025/11/08 14:46:50 INFO session removed token=d2a3f99b-e52b-46b2-8956-5edfb64e9ee3
2025/11/08 14:46:50 INFO session created token=c5c4583b-3416-40e1-b463-e9ea9557e1f1 name=User_52_58
2025/11/08 14:46:50 INFO session updated token=c5c4583b-3416-40e1-b463-e9ea9557e1f1 tableID=0xc0002f6d10 seatIndex=0xc0001292b0
2025/11/08 14:46:50 INFO session removed token=c5c4583b-3416-40e1-b463-e9ea9557e1f1
2025/11/08 14:46:50 INFO session created token=51738db1-3b5e-4827-ab8b-954551054ee9 name=User_52_59
2025/11/08 14:46:50 INFO session updated token=51738db1-3b5e-4827-ab8b-954551054ee9 tableID=0xc0002f6d60 seatIndex=0xc000129300
2025/11/08 14:46:50 INFO session removed token=51738db1-3b5e-4827-ab8b-954551054ee9
2025/11/08 14:46:50 INFO session created token=bd2bb1c6-5406-4276-8e8b-b25009c49f01 name=User_52_60
2025/11/08 14:46:50 INFO session updated token=bd2bb1c6-5406-4276-8e8b-b25009c49f01 tableID=0xc0002f6db0 seatIndex=0xc000129350
2025/11/08 14:46:50 INFO session removed token=bd2bb1c6-5406-4276-8e8b-b25009c49f01
2025/11/08 14:46:50 INFO session created token=e0cf3bf2-6db0-4691-9483-0c8ded59df48 name=User_52_61
2025/11/08 14:46:50 INFO session updated token=e0cf3bf2-6db0-4691-9483-0c8ded59df48 tableID=0xc0002f6e00 seatIndex=0xc0001293a0
2025/11/08 14:46:50 INFO session removed token=e0cf3bf2-6db0-4691-9483-0c8ded59df48
2025/11/08 14:46:50 INFO session created token=d7f24f4a-2ee6-4f7e-a384-f115bb35c254 name=User_52_62
2025/11/08 14:46:50 INFO session updated token=d7f24f4a-2ee6-4f7e-a384-f115bb35c254 tableID=0xc0002f6e50 seatIndex=0xc0001293f0
2025/11/08 14:46:50 INFO session removed token=d7f24f4a-2ee6-4f7e-a384-f115bb35c254
2025/11/08 14:46:50 INFO session updated token=52af8914-7ad1-4391-88a8-9f7bfd92db76 tableID=0xc0003c31c0 seatIndex=0xc0003c4dd0
2025/11/08 14:46:50 INFO session removed token=52af8914-7ad1-4391-88a8-9f7bfd92db76
2025/11/08 14:46:50 INFO session created token=34a57f24-1765-4eb6-98b8-bf58b59d06d7 name=User_49_54
2025/11/08 14:46:50 INFO session updated token=34a57f24-1765-4eb6-98b8-bf58b59d06d7 tableID=0xc0002b0180 seatIndex=0xc0002b2060
2025/11/08 14:46:50 INFO session removed token=34a57f24-1765-4eb6-98b8-bf58b59d06d7
2025/11/08 14:46:50 INFO session created token=28dd564b-53e4-4178-a032-f8197835e598 name=User_49_55
2025/11/08 14:46:50 INFO session updated token=28dd564b-53e4-4178-a032-f8197835e598 tableID=0xc0002b01d0 seatIndex=0xc0002b20b0
2025/11/08 14:46:50 INFO session removed token=28dd564b-53e4-4178-a032-f8197835e598
2025/11/08 14:46:50 INFO session created token=bea38d1b-0c5c-42a3-93d3-97888d1e116d name=User_49_56
2025/11/08 14:46:50 INFO session updated token=bea38d1b-0c5c-42a3-93d3-97888d1e116d tableID=0xc0002b0220 seatIndex=0xc0002b2100
2025/11/08 14:46:50 INFO session removed token=bea38d1b-0c5c-42a3-93d3-97888d1e116d
2025/11/08 14:46:50 INFO session created token=d3b8e5e6-eb65-4626-a32e-1a263c421001 name=User_49_57
2025/11/08 14:46:50 INFO session updated token=d3b8e5e6-eb65-4626-a32e-1a263c421001 tableID=0xc0002b0270 seatIndex=0xc0002b2150
2025/11/08 14:46:50 INFO session removed token=d3b8e5e6-eb65-4626-a32e-1a263c421001
2025/11/08 14:46:50 INFO session created token=b45634a0-869e-4d41-bdef-90e458012dc8 name=User_49_58
2025/11/08 14:46:50 INFO session updated token=b45634a0-869e-4d41-bdef-90e458012dc8 tableID=0xc0002b02c0 seatIndex=0xc0002b21a0
2025/11/08 14:46:50 INFO session removed token=b45634a0-869e-4d41-bdef-90e458012dc8
2025/11/08 14:46:50 INFO session created token=21166243-6039-4831-83d2-1c8f64bf6a02 name=User_49_59
2025/11/08 14:46:50 INFO session updated token=21166243-6039-4831-83d2-1c8f64bf6a02 tableID=0xc0002b0310 seatIndex=0xc0002b21f0
2025/11/08 14:46:50 INFO session removed token=21166243-6039-4831-83d2-1c8f64bf6a02
2025/11/08 14:46:50 INFO session created token=7c6b02b8-5b18-4bd0-b314-12514212b1fb name=User_11_57
2025/11/08 14:46:50 INFO session removed token=3dc74711-c89f-4b5c-abc8-25966dd80fcc
2025/11/08 14:46:50 INFO session updated token=69668e58-a240-4e27-80c6-61ba5a249e09 tableID=0xc00023f8e0 seatIndex=0xc0002435c0
2025/11/08 14:46:50 INFO session updated token=ee03d745-6adb-4961-9f22-ed37c85dd5af tableID=0xc00023f8f0 seatIndex=0xc0002435d0
2025/11/08 14:46:50 INFO session updated token=f28e4d34-1805-49b2-a20b-a1d34fa870c1 tableID=0xc000321e70 seatIndex=0xc000323f60
2025/11/08 14:46:50 INFO session updated token=80295743-859f-4e7f-b3e3-590bba53fd39 tableID=0xc00012b0f0 seatIndex=0xc000136ec0
2025/11/08 14:46:50 INFO session updated token=f1fe5ef8-b4d8-4ab6-9e0f-a8d763779d27 tableID=0xc00023f910 seatIndex=0xc000243600
2025/11/08 14:46:50 INFO session updated token=09e592c5-0885-489e-9d20-4413bc91bd95 tableID=0xc00023f930 seatIndex=0xc000243630
2025/11/08 14:46:50 INFO session created token=b3dbff03-d967-489f-918e-ac08c726fa2d name=User_19_29
2025/11/08 14:46:50 INFO session updated token=b3dbff03-d967-489f-918e-ac08c726fa2d tableID=0xc0002f6f40 seatIndex=0xc000129530
2025/11/08 14:46:50 INFO session removed token=b3dbff03-d967-489f-918e-ac08c726fa2d
2025/11/08 14:46:50 INFO session created token=dcbfa836-9ca7-4058-be07-59d2cb923fc8 name=User_19_30
2025/11/08 14:46:50 INFO session updated token=dcbfa836-9ca7-4058-be07-59d2cb923fc8 tableID=0xc0002f6f90 seatIndex=0xc000129580
2025/11/08 14:46:50 INFO session removed token=dcbfa836-9ca7-4058-be07-59d2cb923fc8
2025/11/08 14:46:50 INFO session created token=56da8222-453f-467d-bf61-0683e4bc3e08 name=User_19_31
2025/11/08 14:46:50 INFO session removed token=f28e4d34-1805-49b2-a20b-a1d34fa870c1
2025/11/08 14:46:50 INFO session created token=8e0c4565-1593-4858-a90a-968b0ebfa0ee name=User_79_34
2025/11/08 14:46:50 INFO session removed token=09e592c5-0885-489e-9d20-4413bc91bd95
2025/11/08 14:46:50 INFO session created token=0df0f84e-9063-486c-87f1-07e5673c209f name=User_4_64
2025/11/08 14:46:50 INFO session created token=4badc9a4-80b3-48b9-ab27-009b753bab41 name=User_24_81
2025/11/08 14:46:50 INFO session removed token=69668e58-a240-4e27-80c6-61ba5a249e09
2025/11/08 14:46:50 INFO session updated token=8e0c4565-1593-4858-a90a-968b0ebfa0ee tableID=0xc0002b0340 seatIndex=0xc0002b2240
2025/11/08 14:46:50 INFO session removed token=8e0c4565-1593-4858-a90a-968b0ebfa0ee
2025/11/08 14:46:50 INFO session created token=762f0db1-22b6-4215-886c-bb4c7086d2ad name=User_79_35
2025/11/08 14:46:50 INFO session updated token=762f0db1-22b6-4215-886c-bb4c7086d2ad tableID=0xc0002f70b0 seatIndex=0xc000129650
2025/11/08 14:46:50 INFO session removed token=762f0db1-22b6-4215-886c-bb4c7086d2ad
2025/11/08 14:46:50 INFO session created token=6cd50f32-73d1-4968-832a-5a86b51574c1 name=User_79_36
2025/11/08 14:46:50 INFO session updated token=6cd50f32-73d1-4968-832a-5a86b51574c1 tableID=0xc0002f7100 seatIndex=0xc0001296a0
2025/11/08 14:46:50 INFO session removed token=6cd50f32-73d1-4968-832a-5a86b51574c1
2025/11/08 14:46:50 INFO session created token=b24a2064-3741-486d-a44f-f88729fd7567 name=User_79_37
2025/11/08 14:46:50 INFO session updated token=b24a2064-3741-486d-a44f-f88729fd7567 tableID=0xc0002f7150 seatIndex=0xc0001296f0
2025/11/08 14:46:50 INFO session removed token=b24a2064-3741-486d-a44f-f88729fd7567
2025/11/08 14:46:50 INFO session created token=386a20f6-3d35-4ff5-9cdb-00b465ef2939 name=User_79_38
2025/11/08 14:46:50 INFO session updated token=386a20f6-3d35-4ff5-9cdb-00b465ef2939 tableID=0xc0002f71a0 seatIndex=0xc000129740
2025/11/08 14:46:50 INFO session removed token=386a20f6-3d35-4ff5-9cdb-00b465ef2939
2025/11/08 14:46:50 INFO session created token=73629271-61b1-4ec8-b1ac-699df1235fb6 name=User_79_39
2025/11/08 14:46:50 INFO session updated token=73629271-61b1-4ec8-b1ac-699df1235fb6 tableID=0xc0002f71f0 seatIndex=0xc000129790
2025/11/08 14:46:50 INFO session removed token=73629271-61b1-4ec8-b1ac-699df1235fb6
2025/11/08 14:46:50 INFO session removed token=de45a630-8412-4c6f-aaac-2f482ddcf14b
2025/11/08 14:46:50 INFO session created token=18a12995-2534-489e-bea9-5e2a71cb64da name=User_79_40
2025/11/08 14:46:50 INFO session created token=6be22f54-de23-400e-8dda-d2053ff87059 name=User_0_75
2025/11/08 14:46:50 INFO session updated token=18a12995-2534-489e-bea9-5e2a71cb64da tableID=0xc0002f7240 seatIndex=0xc0001297e0
2025/11/08 14:46:50 INFO session removed token=18a12995-2534-489e-bea9-5e2a71cb64da
2025/11/08 14:46:50 INFO session removed token=2c2717b7-ec8f-4412-baa4-3f96d6d5cd61
2025/11/08 14:46:50 INFO session created token=27abb825-d46d-40ef-bb7f-dc740b8f4134 name=User_79_41
2025/11/08 14:46:50 INFO session created token=593e336a-22b8-4b4a-8548-5c682278a239 name=User_61_75
2025/11/08 14:46:50 INFO session updated token=27abb825-d46d-40ef-bb7f-dc740b8f4134 tableID=0xc0002f72a0 seatIndex=0xc000129840
2025/11/08 14:46:50 INFO session removed token=27abb825-d46d-40ef-bb7f-dc740b8f4134
2025/11/08 14:46:50 INFO session created token=002c109c-276a-445c-84f6-22a615736924 name=User_79_42
2025/11/08 14:46:50 INFO session updated token=002c109c-276a-445c-84f6-22a615736924 tableID=0xc0002f7300 seatIndex=0xc0001298a0
2025/11/08 14:46:50 INFO session removed token=002c109c-276a-445c-84f6-22a615736924
2025/11/08 14:46:50 INFO session created token=ac1242de-ab0d-44ca-8df4-52f68221350f name=User_79_43
2025/11/08 14:46:50 INFO session updated token=ac1242de-ab0d-44ca-8df4-52f68221350f tableID=0xc0002f7350 seatIndex=0xc0001298f0
2025/11/08 14:46:50 INFO session removed token=ac1242de-ab0d-44ca-8df4-52f68221350f
2025/11/08 14:46:50 INFO session removed token=9ac869f4-4f49-4e48-a992-9e4aeed9bca9
2025/11/08 14:46:50 INFO session created token=7152f8bf-b4d5-417e-9e87-4bd66bbf6831 name=User_40_37
2025/11/08 14:46:50 INFO session updated token=7152f8bf-b4d5-417e-9e87-4bd66bbf6831 tableID=0xc0002b0380 seatIndex=0xc0002b2270
2025/11/08 14:46:50 INFO session removed token=7152f8bf-b4d5-417e-9e87-4bd66bbf6831
2025/11/08 14:46:50 INFO session created token=d80e7702-5717-4c43-8720-8587f85bc26c name=User_40_38
2025/11/08 14:46:50 INFO session updated token=d80e7702-5717-4c43-8720-8587f85bc26c tableID=0xc0002b03d0 seatIndex=0xc0002b22c0
2025/11/08 14:46:50 INFO session removed token=d80e7702-5717-4c43-8720-8587f85bc26c
2025/11/08 14:46:50 INFO session created token=5122471d-50e1-49c5-8e4b-bed10b740e26 name=User_40_39
2025/11/08 14:46:50 INFO session updated token=5122471d-50e1-49c5-8e4b-bed10b740e26 tableID=0xc0002b0420 seatIndex=0xc0002b2310
2025/11/08 14:46:50 INFO session removed token=5122471d-50e1-49c5-8e4b-bed10b740e26
2025/11/08 14:46:50 INFO session created token=8de4359e-a500-4c9f-ad8c-617807d224a5 name=User_40_40
2025/11/08 14:46:50 INFO session updated token=8de4359e-a500-4c9f-ad8c-617807d224a5 tableID=0xc0002b0470 seatIndex=0xc0002b2360
2025/11/08 14:46:50 INFO session removed token=8de4359e-a500-4c9f-ad8c-617807d224a5
2025/11/08 14:46:50 INFO session created token=eb375f5d-5505-4c27-a547-6f81e053468d name=User_40_41
2025/11/08 14:46:50 INFO session updated token=eb375f5d-5505-4c27-a547-6f81e053468d tableID=0xc0002b04c0 seatIndex=0xc0002b23b0
2025/11/08 14:46:50 INFO session removed token=eb375f5d-5505-4c27-a547-6f81e053468d
2025/11/08 14:46:50 INFO session created token=e36530df-e049-49c8-8dc8-ac2f1468515f name=User_40_42
2025/11/08 14:46:50 INFO session updated token=e36530df-e049-49c8-8dc8-ac2f1468515f tableID=0xc0002b0510 seatIndex=0xc0002b2400
2025/11/08 14:46:50 INFO session removed token=e36530df-e049-49c8-8dc8-ac2f1468515f
2025/11/08 14:46:50 INFO session updated token=593e336a-22b8-4b4a-8548-5c682278a239 tableID=0xc0002f72c0 seatIndex=0xc000129870
2025/11/08 14:46:50 INFO session removed token=593e336a-22b8-4b4a-8548-5c682278a239
2025/11/08 14:46:50 INFO session created token=9eab7251-c956-4962-8b2f-8ac00537165e name=User_61_76
2025/11/08 14:46:50 INFO session updated token=9eab7251-c956-4962-8b2f-8ac00537165e tableID=0xc00012b6e0 seatIndex=0xc0001373d0
2025/11/08 14:46:50 INFO session removed token=9eab7251-c956-4962-8b2f-8ac00537165e
2025/11/08 14:46:50 INFO session created token=70802a4b-4417-48b1-8861-6bee1f3981d0 name=User_61_77
2025/11/08 14:46:50 INFO session updated token=70802a4b-4417-48b1-8861-6bee1f3981d0 tableID=0xc00012b730 seatIndex=0xc000137420
2025/11/08 14:46:50 INFO session removed token=70802a4b-4417-48b1-8861-6bee1f3981d0
2025/11/08 14:46:50 INFO session created token=a33f5618-5edd-4a10-b061-abb63893af7d name=User_61_78
2025/11/08 14:46:50 INFO session updated token=a33f5618-5edd-4a10-b061-abb63893af7d tableID=0xc00012b780 seatIndex=0xc000137470
2025/11/08 14:46:50 INFO session removed token=a33f5618-5edd-4a10-b061-abb63893af7d
2025/11/08 14:46:50 INFO session created token=0348276c-88a9-4034-b3fa-f6dceabf45fd name=User_61_79
2025/11/08 14:46:50 INFO session updated token=0348276c-88a9-4034-b3fa-f6dceabf45fd tableID=0xc00012b7d0 seatIndex=0xc0001374c0
2025/11/08 14:46:50 INFO session removed token=0348276c-88a9-4034-b3fa-f6dceabf45fd
2025/11/08 14:46:50 INFO session created token=181d588b-e6b3-4e51-bc44-490493088282 name=User_61_80
2025/11/08 14:46:50 INFO session updated token=181d588b-e6b3-4e51-bc44-490493088282 tableID=0xc00012b820 seatIndex=0xc000137510
2025/11/08 14:46:50 INFO session removed token=181d588b-e6b3-4e51-bc44-490493088282
2025/11/08 14:46:50 INFO session created token=0678e123-ef5b-4daf-a874-6128b2487d74 name=User_61_81
2025/11/08 14:46:50 INFO session updated token=0678e123-ef5b-4daf-a874-6128b2487d74 tableID=0xc00012b870 seatIndex=0xc000137560
2025/11/08 14:46:50 INFO session removed token=0678e123-ef5b-4daf-a874-6128b2487d74
2025/11/08 14:46:50 INFO session updated token=0ad1b73b-9f39-46ca-a9be-c127c0589caa tableID=0xc0003218b0 seatIndex=0xc0003238f0
2025/11/08 14:46:50 INFO session created token=448466a4-7b62-47f3-8110-90409c4bfbf5 name=User_53_30
2025/11/08 14:46:50 INFO session removed token=11d32eb5-c840-4b11-baad-d4642d7244f9
2025/11/08 14:46:50 INFO session updated token=7ddf9941-2bfd-4149-91f0-10cb3ed0c5db tableID=0xc0001b5060 seatIndex=0xc0001b3040
2025/11/08 14:46:50 INFO session updated token=6b1daa26-b0f3-4b10-9fe7-a338f02c1f76 tableID=0xc0003c2f80 seatIndex=0xc0003c4ba0
2025/11/08 14:46:50 INFO session updated token=be2ea7d1-45dc-4a50-959e-1124c6b387f4 tableID=0xc0001b5080 seatIndex=0xc0001b3070
2025/11/08 14:46:50 INFO session updated token=6028c19a-32d1-492a-adde-361b1a884c39 tableID=0xc00012b310 seatIndex=0xc0001370d0
2025/11/08 14:46:50 INFO session created token=5d994e41-296c-45e8-96c2-f69432a2db3c name=User_63_31
2025/11/08 14:46:50 INFO session updated token=03797f19-a0ec-4feb-9b5e-d29915c3c1ae tableID=0xc00028fbe0 seatIndex=0xc000291b10
2025/11/08 14:46:50 INFO session created token=833b3750-a883-4078-8dc6-7d6769f4d085 name=User_44_35
2025/11/08 14:46:50 INFO session updated token=3bdc072d-195e-4ced-bff1-228527e79cb3 tableID=0xc00028fd40 seatIndex=0xc000291c80
2025/11/08 14:46:50 INFO session updated token=23e66d72-f44a-4a96-a2cd-9f43f0f88044 tableID=0xc00012b390 seatIndex=0xc000137100
2025/11/08 14:46:50 INFO session updated token=8c1cc396-5d0e-41ff-b8a3-955cf75dc85c tableID=0xc00012b3a0 seatIndex=0xc000137110
2025/11/08 14:46:50 INFO session updated token=42ab8794-0c37-45d4-ab4b-72a728b7909b tableID=0xc0002f6ad0 seatIndex=0xc000129050
2025/11/08 14:46:50 INFO session updated token=5dea39fb-1edc-4f55-bdf5-90b93dbd6bfb tableID=0xc00028fda0 seatIndex=0xc000291cd0
2025/11/08 14:46:50 INFO session updated token=45bb7ffb-0ec4-4d97-a131-f19beaf14883 tableID=0xc00028fdc0 seatIndex=0xc000291d00
2025/11/08 14:46:50 INFO session created token=3d448bb3-7fa2-4fd1-a6bb-ee90144025f0 name=User_70_72
2025/11/08 14:46:50 INFO session updated token=3d448bb3-7fa2-4fd1-a6bb-ee90144025f0 tableID=0xc0002b0610 seatIndex=0xc0002b2540
2025/11/08 14:46:50 INFO session removed token=3d448bb3-7fa2-4fd1-a6bb-ee90144025f0
2025/11/08 14:46:50 INFO session created token=96e403d4-b76c-4f23-8eff-60931518e960 name=User_70_73
2025/11/08 14:46:50 INFO session updated token=96e403d4-b76c-4f23-8eff-60931518e960 tableID=0xc0002b0660 seatIndex=0xc0002b2590
2025/11/08 14:46:50 INFO session removed token=96e403d4-b76c-4f23-8eff-60931518e960
2025/11/08 14:46:50 INFO session created token=1fc27bd6-620e-4d1a-9a0d-85bba00c1855 name=User_70_74
2025/11/08 14:46:50 INFO session updated token=1fc27bd6-620e-4d1a-9a0d-85bba00c1855 tableID=0xc0002b06b0 seatIndex=0xc0002b25e0
2025/11/08 14:46:50 INFO session created token=b03e7333-ee10-4fe8-9491-a0192a724528 name=User_72_30
2025/11/08 14:46:50 INFO session removed token=1fc27bd6-620e-4d1a-9a0d-85bba00c1855
2025/11/08 14:46:50 INFO session created token=4372b4c0-cb0e-4382-b49a-531075ae2836 name=User_38_20
2025/11/08 14:46:50 INFO session created token=d6bc42e4-45d0-4641-a0b4-20d250a966a3 name=User_73_26
2025/11/08 14:46:50 INFO session removed token=77811000-0635-4ae3-b3cd-a32e926c80ee
2025/11/08 14:46:50 INFO session created token=c04b61bf-a6cb-498b-90d6-2e6cf085ab0b name=User_36_73
2025/11/08 14:46:50 INFO session created token=865d79af-e888-44be-ae14-2bdb41de0d93 name=User_15_48
2025/11/08 14:46:50 INFO session removed token=defb2837-1972-4462-a12c-bc73c2273493
2025/11/08 14:46:50 INFO session updated token=c04b61bf-a6cb-498b-90d6-2e6cf085ab0b tableID=0xc0001b50c0 seatIndex=0xc0001b30c0
2025/11/08 14:46:50 INFO session removed token=c04b61bf-a6cb-498b-90d6-2e6cf085ab0b
2025/11/08 14:46:50 INFO session created token=41a341ba-982b-4620-8e10-6776fb9d7fd1 name=User_36_74
2025/11/08 14:46:50 INFO session updated token=41a341ba-982b-4620-8e10-6776fb9d7fd1 tableID=0xc0002f7440 seatIndex=0xc0001299f0
2025/11/08 14:46:50 INFO session removed token=41a341ba-982b-4620-8e10-6776fb9d7fd1
2025/11/08 14:46:50 INFO session created token=d3e7e7a8-8014-437b-9bb6-996d8cf93c81 name=User_36_75
2025/11/08 14:46:50 INFO session updated token=d3e7e7a8-8014-437b-9bb6-996d8cf93c81 tableID=0xc0002f7490 seatIndex=0xc000129a40
2025/11/08 14:46:50 INFO session removed token=d3e7e7a8-8014-437b-9bb6-996d8cf93c81
2025/11/08 14:46:50 INFO session created token=5695540c-ca84-408a-a17b-5e4f9dba88fa name=User_96_58
2025/11/08 14:46:50 INFO session created token=4c6185f1-0342-4519-b6cc-829b82208c19 name=User_36_76
2025/11/08 14:46:50 INFO session updated token=5695540c-ca84-408a-a17b-5e4f9dba88fa tableID=0xc00012b930 seatIndex=0xc000137650
2025/11/08 14:46:50 INFO session removed token=5695540c-ca84-408a-a17b-5e4f9dba88fa
2025/11/08 14:46:50 INFO session created token=f0a48977-c445-4bf2-8107-0ed29479911e name=User_96_59
2025/11/08 14:46:50 INFO session updated token=f0a48977-c445-4bf2-8107-0ed29479911e tableID=0xc00012b990 seatIndex=0xc0001376b0
2025/11/08 14:46:50 INFO session removed token=f0a48977-c445-4bf2-8107-0ed29479911e
2025/11/08 14:46:50 INFO session created token=34a698c9-3881-445c-b36a-0a8adfd50e9b name=User_96_60
2025/11/08 14:46:50 INFO session updated token=34a698c9-3881-445c-b36a-0a8adfd50e9b tableID=0xc00012b9e0 seatIndex=0xc000137700
2025/11/08 14:46:50 INFO session removed token=34a698c9-3881-445c-b36a-0a8adfd50e9b
2025/11/08 14:46:50 INFO session created token=55416bdb-5ef1-42b1-a192-5df41bef78ab name=User_96_61
2025/11/08 14:46:50 INFO session updated token=55416bdb-5ef1-42b1-a192-5df41bef78ab tableID=0xc00012ba30 seatIndex=0xc000137750
2025/11/08 14:46:50 INFO session removed token=55416bdb-5ef1-42b1-a192-5df41bef78ab
2025/11/08 14:46:50 INFO session created token=52ef89a0-8d9a-4dcb-b35c-a97eb0145599 name=User_96_62
2025/11/08 14:46:50 INFO session updated token=52ef89a0-8d9a-4dcb-b35c-a97eb0145599 tableID=0xc00012ba80 seatIndex=0xc0001377a0
2025/11/08 14:46:50 INFO session removed token=52ef89a0-8d9a-4dcb-b35c-a97eb0145599
2025/11/08 14:46:50 INFO session created token=efeec474-5698-4dc1-9792-e7728bb33812 name=User_96_63
2025/11/08 14:46:50 INFO session updated token=9b06e492-0107-48a9-bf52-72c137661e32 tableID=0xc00012b5f0 seatIndex=0xc000137300
2025/11/08 14:46:50 INFO session removed token=9b06e492-0107-48a9-bf52-72c137661e32
2025/11/08 14:46:50 INFO session created token=1b168531-9a2d-4862-8fd3-4b0bc641f985 name=User_76_27
2025/11/08 14:46:50 INFO session updated token=1b168531-9a2d-4862-8fd3-4b0bc641f985 tableID=0xc0003c33d0 seatIndex=0xc0003c4fd0
2025/11/08 14:46:50 INFO session removed token=1b168531-9a2d-4862-8fd3-4b0bc641f985
2025/11/08 14:46:50 INFO session created token=587ef70a-663e-4e02-a027-11af1863c886 name=User_76_28
2025/11/08 14:46:50 INFO session updated token=587ef70a-663e-4e02-a027-11af1863c886 tableID=0xc0003c3420 seatIndex=0xc0003c5020
2025/11/08 14:46:50 INFO session removed token=587ef70a-663e-4e02-a027-11af1863c886
2025/11/08 14:46:50 INFO session created token=829a6baf-4187-4d0e-8722-fe2d0c411569 name=User_76_29
2025/11/08 14:46:50 INFO session updated token=829a6baf-4187-4d0e-8722-fe2d0c411569 tableID=0xc0003c3470 seatIndex=0xc0003c5070
2025/11/08 14:46:50 INFO session removed token=829a6baf-4187-4d0e-8722-fe2d0c411569
2025/11/08 14:46:50 INFO session created token=e85593da-f3af-4c1a-ae2d-99c7662954d8 name=User_76_30
2025/11/08 14:46:50 INFO session updated token=e85593da-f3af-4c1a-ae2d-99c7662954d8 tableID=0xc0003c34c0 seatIndex=0xc0003c50c0
2025/11/08 14:46:50 INFO session removed token=e85593da-f3af-4c1a-ae2d-99c7662954d8
2025/11/08 14:46:50 INFO session created token=9d57b72c-b685-4cd6-ba0a-ac91312c27fc name=User_76_31
2025/11/08 14:46:50 INFO session updated token=9d57b72c-b685-4cd6-ba0a-ac91312c27fc tableID=0xc0003c3510 seatIndex=0xc0003c5110
2025/11/08 14:46:50 INFO session removed token=9d57b72c-b685-4cd6-ba0a-ac91312c27fc
2025/11/08 14:46:50 INFO session created token=3cea6266-2b39-4596-aab1-3d9a10b7c04e name=User_76_32
2025/11/08 14:46:50 INFO session updated token=3cea6266-2b39-4596-aab1-3d9a10b7c04e tableID=0xc0003c3560 seatIndex=0xc0003c5160
2025/11/08 14:46:50 INFO session removed token=3cea6266-2b39-4596-aab1-3d9a10b7c04e
2025/11/08 14:46:50 INFO session created token=4b7c04c7-429f-4b40-8649-448aca3b247c name=User_76_33
2025/11/08 14:46:50 INFO session updated token=4b7c04c7-429f-4b40-8649-448aca3b247c tableID=0xc0003c35b0 seatIndex=0xc0003c51b0
2025/11/08 14:46:50 INFO session removed token=4b7c04c7-429f-4b40-8649-448aca3b247c
2025/11/08 14:46:50 INFO session created token=7f50b2fa-8790-486a-849a-23aa1641fc7e name=User_76_34
2025/11/08 14:46:50 INFO session updated token=4c6185f1-0342-4519-b6cc-829b82208c19 tableID=0xc00012b950 seatIndex=0xc000137680
2025/11/08 14:46:50 INFO session removed token=4c6185f1-0342-4519-b6cc-829b82208c19
2025/11/08 14:46:50 INFO session created token=d1470500-6751-40b6-9461-8766d75ffdbe name=User_36_77
2025/11/08 14:46:50 INFO session updated token=d1470500-6751-40b6-9461-8766d75ffdbe tableID=0xc0002f7520 seatIndex=0xc000129ad0
2025/11/08 14:46:50 INFO session removed token=d1470500-6751-40b6-9461-8766d75ffdbe
2025/11/08 14:46:50 INFO session created token=ee898e03-ae72-4242-ba85-44faf0637a72 name=User_36_78
2025/11/08 14:46:50 INFO session updated token=ee898e03-ae72-4242-ba85-44faf0637a72 tableID=0xc0002f7570 seatIndex=0xc000129b20
2025/11/08 14:46:50 INFO session removed token=ee898e03-ae72-4242-ba85-44faf0637a72
2025/11/08 14:46:50 INFO session created token=314b06fb-380c-407c-afbe-8abce6533686 name=User_36_79
2025/11/08 14:46:50 INFO session updated token=314b06fb-380c-407c-afbe-8abce6533686 tableID=0xc0002f75c0 seatIndex=0xc000129b70
2025/11/08 14:46:50 INFO session removed token=314b06fb-380c-407c-afbe-8abce6533686
2025/11/08 14:46:50 INFO session created token=026f27ff-b813-400b-97f7-c4a48ae099d2 name=User_36_80
2025/11/08 14:46:50 INFO session updated token=026f27ff-b813-400b-97f7-c4a48ae099d2 tableID=0xc0002f7610 seatIndex=0xc000129bc0
2025/11/08 14:46:50 INFO session removed token=026f27ff-b813-400b-97f7-c4a48ae099d2
2025/11/08 14:46:50 INFO session created token=f6263593-3411-44b0-bb96-fd2d2937ba46 name=User_97_55
2025/11/08 14:46:50 INFO session created token=7754e629-4946-4b28-a803-b6298d259506 name=User_36_81
2025/11/08 14:46:50 INFO session updated token=f6263593-3411-44b0-bb96-fd2d2937ba46 tableID=0xc0003c3630 seatIndex=0xc0003c5210
2025/11/08 14:46:50 INFO session removed token=f6263593-3411-44b0-bb96-fd2d2937ba46
2025/11/08 14:46:50 INFO session created token=ba3e5529-4faa-44e7-89c2-a941534c07d5 name=User_97_56
2025/11/08 14:46:50 INFO session updated token=ba3e5529-4faa-44e7-89c2-a941534c07d5 tableID=0xc0003c3690 seatIndex=0xc0003c5270
2025/11/08 14:46:50 INFO session removed token=ba3e5529-4faa-44e7-89c2-a941534c07d5
2025/11/08 14:46:50 INFO session created token=2a3ddbbe-5f1f-4542-91b7-9361c2e9434a name=User_97_57
2025/11/08 14:46:50 INFO session updated token=2a3ddbbe-5f1f-4542-91b7-9361c2e9434a tableID=0xc0003c36e0 seatIndex=0xc0003c52c0
2025/11/08 14:46:50 INFO session removed token=2a3ddbbe-5f1f-4542-91b7-9361c2e9434a
2025/11/08 14:46:50 INFO session created token=59c89f1f-ffeb-4f04-95b2-590665886660 name=User_97_58
2025/11/08 14:46:50 INFO session updated token=59c89f1f-ffeb-4f04-95b2-590665886660 tableID=0xc0003c3730 seatIndex=0xc0003c5310
2025/11/08 14:46:50 INFO session removed token=59c89f1f-ffeb-4f04-95b2-590665886660
2025/11/08 14:46:50 INFO session created token=5194a4d5-9268-431b-8fc8-bd18fe213908 name=User_97_59
2025/11/08 14:46:50 INFO session updated token=5194a4d5-9268-431b-8fc8-bd18fe213908 tableID=0xc0003c3780 seatIndex=0xc0003c5360
2025/11/08 14:46:50 INFO session removed token=5194a4d5-9268-431b-8fc8-bd18fe213908
2025/11/08 14:46:50 INFO session updated token=702f1df8-e503-49e3-bb78-be7e9ca7ddba tableID=0xc000321f00 seatIndex=0xc000323fd0
2025/11/08 14:46:50 INFO session removed token=702f1df8-e503-49e3-bb78-be7e9ca7ddba
2025/11/08 14:46:50 INFO session created token=70d17d97-9b15-4e43-9ddb-e2786417105d name=User_64_20
2025/11/08 14:46:50 INFO session updated token=70d17d97-9b15-4e43-9ddb-e2786417105d tableID=0xc00012bb10 seatIndex=0xc000137830
2025/11/08 14:46:50 INFO session removed token=70d17d97-9b15-4e43-9ddb-e2786417105d
2025/11/08 14:46:50 INFO session created token=24cbf9a7-c73e-456d-9521-3e634f4468b6 name=User_64_21
2025/11/08 14:46:50 INFO session updated token=24cbf9a7-c73e-456d-9521-3e634f4468b6 tableID=0xc00012bb60 seatIndex=0xc000137880
2025/11/08 14:46:50 INFO session removed token=24cbf9a7-c73e-456d-9521-3e634f4468b6
2025/11/08 14:46:50 INFO session created token=f6d4e94f-ddef-499b-b797-1508e99d7c8c name=User_64_22
2025/11/08 14:46:50 INFO session updated token=f6d4e94f-ddef-499b-b797-1508e99d7c8c tableID=0xc00012bbb0 seatIndex=0xc0001378d0
2025/11/08 14:46:50 INFO session removed token=f6d4e94f-ddef-499b-b797-1508e99d7c8c
2025/11/08 14:46:50 INFO session created token=f180771e-220d-4a8e-b06c-09424c81bcb0 name=User_64_23
2025/11/08 14:46:50 INFO session updated token=f180771e-220d-4a8e-b06c-09424c81bcb0 tableID=0xc00012bc00 seatIndex=0xc000137920
2025/11/08 14:46:50 INFO session removed token=f180771e-220d-4a8e-b06c-09424c81bcb0
2025/11/08 14:46:50 INFO session created token=6a300f06-5cd8-4777-8e0c-6d3e3c7e4ea4 name=User_64_24
2025/11/08 14:46:50 INFO session updated token=6a300f06-5cd8-4777-8e0c-6d3e3c7e4ea4 tableID=0xc00012bc50 seatIndex=0xc000137970
2025/11/08 14:46:50 INFO session removed token=6a300f06-5cd8-4777-8e0c-6d3e3c7e4ea4
2025/11/08 14:46:50 INFO session created token=dfd2f71c-1777-4db7-93b7-e5e2cc4b6933 name=User_64_25
2025/11/08 14:46:50 INFO session updated token=dfd2f71c-1777-4db7-93b7-e5e2cc4b6933 tableID=0xc00012bca0 seatIndex=0xc0001379c0
2025/11/08 14:46:50 INFO session removed token=dfd2f71c-1777-4db7-93b7-e5e2cc4b6933
2025/11/08 14:46:50 INFO session updated token=7754e629-4946-4b28-a803-b6298d259506 tableID=0xc0003c3650 seatIndex=0xc0003c5240
2025/11/08 14:46:50 INFO session removed token=7754e629-4946-4b28-a803-b6298d259506
2025/11/08 14:46:50 INFO session removed token=01b6812e-7d4a-4bb0-98b4-1b0c1ab7a04c
2025/11/08 14:46:50 INFO session created token=efbdc35c-35f1-485a-9ce8-bf3a74014fa5 name=User_20_55
2025/11/08 14:46:50 INFO session created token=720add79-eead-4faa-9fda-a62a7a35733e name=User_36_82
2025/11/08 14:46:50 INFO session updated token=efbdc35c-35f1-485a-9ce8-bf3a74014fa5 tableID=0xc00012bd00 seatIndex=0xc000137a30
2025/11/08 14:46:50 INFO session removed token=efbdc35c-35f1-485a-9ce8-bf3a74014fa5
2025/11/08 14:46:50 INFO session created token=868eaa52-acdb-4f47-885d-59010d0961ba name=User_20_56
2025/11/08 14:46:50 INFO session updated token=868eaa52-acdb-4f47-885d-59010d0961ba tableID=0xc00012bd60 seatIndex=0xc000137a90
2025/11/08 14:46:50 INFO session created token=f9dd27f0-85cf-4496-b527-6e2aeb6736f7 name=User_54_38
2025/11/08 14:46:50 INFO session created token=bda2438a-c35f-4f73-ae84-d8b083e37ccc name=User_77_26
2025/11/08 14:46:50 INFO session removed token=868eaa52-acdb-4f47-885d-59010d0961ba
2025/11/08 14:46:50 INFO session updated token=c7001dd8-e15c-4b49-b2a2-f1f6a98f159a tableID=0xc00028fec0 seatIndex=0xc000291dd0
2025/11/08 14:46:50 INFO session updated token=db694741-ffb9-4df5-87f1-b455254e40a3 tableID=0xc00028fee0 seatIndex=0xc000291e00
2025/11/08 14:46:50 INFO session updated token=27745395-eef6-4656-bee4-4e484205cd13 tableID=0xc00012b620 seatIndex=0xc000137330
2025/11/08 14:46:50 INFO session updated token=159db7bf-1eaf-475d-9de5-486a13fe9488 tableID=0xc0002f6b20 seatIndex=0xc0001290d0
2025/11/08 14:46:50 INFO session removed token=014bfc07-defa-4609-b0f4-4f832eba21ed
2025/11/08 14:46:50 INFO session updated token=b8e637c3-6ea9-4b60-9e70-6298e7ea25fc tableID=0xc00012b630 seatIndex=0xc000137340
2025/11/08 14:46:50 INFO session updated token=a880578b-2e86-474c-8ac8-b4a9bb6d1a46 tableID=0xc0002f6be0 seatIndex=0xc000129190
2025/11/08 14:46:50 INFO session updated token=64571d6f-b10e-4692-ba65-8c7e36050f7d tableID=0xc0002f6c30 seatIndex=0xc0001291e0
2025/11/08 14:46:50 INFO session created token=e40ad575-38a4-4433-979f-e1d9ea74d556 name=User_46_85
2025/11/08 14:46:50 INFO session updated token=7c6b02b8-5b18-4bd0-b314-12514212b1fb tableID=0xc0002f6eb0 seatIndex=0xc000129460
2025/11/08 14:46:50 INFO session created token=f2d1465d-d526-43c5-bfa9-e7324e872076 name=User_52_63
2025/11/08 14:46:50 INFO session created token=ea98b888-7fb4-4205-b40b-e1a630bdad12 name=User_18_60
2025/11/08 14:46:50 INFO session removed token=80295743-859f-4e7f-b3e3-590bba53fd39
2025/11/08 14:46:50 INFO session created token=a061b77f-c874-4ae9-8967-bc3b5c527c0b name=User_58_37
2025/11/08 14:46:50 INFO session created token=aaec5f3f-1e82-4aed-8583-d7711393cc14 name=User_48_90
2025/11/08 14:46:50 INFO session created token=50dc2ec9-be00-4eb9-a98f-8e3369df80da name=User_49_60
2025/11/08 14:46:50 INFO session created token=22631a31-a69f-4209-b7f3-5ba054ea76f5 name=User_86_36
2025/11/08 14:46:50 INFO session removed token=f1fe5ef8-b4d8-4ab6-9e0f-a8d763779d27
2025/11/08 14:46:50 INFO session created token=861dde5b-cb94-4604-a07f-7f6d08006ca1 name=User_17_44
2025/11/08 14:46:50 INFO session created token=83ffc9f3-26e8-4bfe-9edc-1f6b79e879e5 name=User_62_42
2025/11/08 14:46:50 INFO session removed token=ee03d745-6adb-4961-9f22-ed37c85dd5af
2025/11/08 14:46:50 INFO session updated token=56da8222-453f-467d-bf61-0683e4bc3e08 tableID=0xc0003c3300 seatIndex=0xc0003c4f10
2025/11/08 14:46:50 INFO session updated token=0df0f84e-9063-486c-87f1-07e5673c209f tableID=0xc0002f7040 seatIndex=0xc0001295d0
2025/11/08 14:46:50 INFO session updated token=4badc9a4-80b3-48b9-ab27-009b753bab41 tableID=0xc0002f7060 seatIndex=0xc000129600
2025/11/08 14:46:50 INFO session updated token=6be22f54-de23-400e-8dda-d2053ff87059 tableID=0xc0002f7260 seatIndex=0xc000129810
2025/11/08 14:46:50 INFO session removed token=6be22f54-de23-400e-8dda-d2053ff87059
2025/11/08 14:46:50 INFO session created token=d7f3c094-539d-4b43-b711-27dcec8b6c61 name=User_0_76
2025/11/08 14:46:50 INFO session updated token=d7f3c094-539d-4b43-b711-27dcec8b6c61 tableID=0xc0001b51b0 seatIndex=0xc0001b31b0
2025/11/08 14:46:50 INFO session removed token=d7f3c094-539d-4b43-b711-27dcec8b6c61
2025/11/08 14:46:50 INFO session created token=3a13a8b9-3e06-4032-b1ef-43e438a3e901 name=User_0_77
2025/11/08 14:46:50 INFO session updated token=3a13a8b9-3e06-4032-b1ef-43e438a3e901 tableID=0xc0001b5200 seatIndex=0xc0001b3200
2025/11/08 14:46:50 INFO session created token=db1cd9cb-b90e-44a5-8b4b-c5afc5f31096 name=User_51_20
2025/11/08 14:46:50 INFO session removed token=3a13a8b9-3e06-4032-b1ef-43e438a3e901
2025/11/08 14:46:50 INFO session created token=35a842a5-03d3-4eab-8da3-6f74c05c6c7c name=User_99_69
2025/11/08 14:46:50 INFO session created token=2bdd9014-28cc-47ce-a4cd-5b7d6a22f38b name=User_8_63
2025/11/08 14:46:50 INFO session removed token=56da8222-453f-467d-bf61-0683e4bc3e08
2025/11/08 14:46:50 INFO session created token=187e69b9-c490-40a2-9333-88ed928046af name=User_42_56
2025/11/08 14:46:50 INFO session updated token=35a842a5-03d3-4eab-8da3-6f74c05c6c7c tableID=0xc0003c3880 seatIndex=0xc0003c5410
2025/11/08 14:46:50 INFO session removed token=35a842a5-03d3-4eab-8da3-6f74c05c6c7c
2025/11/08 14:46:50 INFO session created token=b8090814-c3e2-432d-a608-4efb603916fd name=User_99_70
2025/11/08 14:46:50 INFO session updated token=b8090814-c3e2-432d-a608-4efb603916fd tableID=0xc0003c38e0 seatIndex=0xc0003c5470
2025/11/08 14:46:50 INFO session removed token=b8090814-c3e2-432d-a608-4efb603916fd
2025/11/08 14:46:50 INFO session created token=1be30a11-8e2f-4b9a-a01f-4b6348effe28 name=User_99_71
2025/11/08 14:46:50 INFO session updated token=1be30a11-8e2f-4b9a-a01f-4b6348effe28 tableID=0xc0003c3930 seatIndex=0xc0003c54c0
2025/11/08 14:46:50 INFO session removed token=1be30a11-8e2f-4b9a-a01f-4b6348effe28
2025/11/08 14:46:50 INFO session created token=826e789d-6f31-4c52-b3b8-48dd54824412 name=User_99_72
2025/11/08 14:46:50 INFO session updated token=826e789d-6f31-4c52-b3b8-48dd54824412 tableID=0xc0003c3980 seatIndex=0xc0003c5510
2025/11/08 14:46:50 INFO session removed token=826e789d-6f31-4c52-b3b8-48dd54824412
2025/11/08 14:46:50 INFO session created token=90fa57ab-facc-47ec-a3cc-a91b77ad1341 name=User_99_73
2025/11/08 14:46:50 INFO session updated token=90fa57ab-facc-47ec-a3cc-a91b77ad1341 tableID=0xc0003c39d0 seatIndex=0xc0003c5560
2025/11/08 14:46:50 INFO session removed token=90fa57ab-facc-47ec-a3cc-a91b77ad1341
2025/11/08 14:46:50 INFO session created token=56c7083d-1321-4098-988f-b0d41f230041 name=User_99_74
2025/11/08 14:46:50 INFO session updated token=56c7083d-1321-4098-988f-b0d41f230041 tableID=0xc0003c3a20 seatIndex=0xc0003c55b0
2025/11/08 14:46:50 INFO session removed token=56c7083d-1321-4098-988f-b0d41f230041
2025/11/08 14:46:50 INFO session created token=8bf2b116-2c2c-4108-a042-30bfbb514313 name=User_99_75
2025/11/08 14:46:50 INFO session updated token=8bf2b116-2c2c-4108-a042-30bfbb514313 tableID=0xc0003c3a70 seatIndex=0xc0003c5600
2025/11/08 14:46:50 INFO session removed token=8bf2b116-2c2c-4108-a042-30bfbb514313
2025/11/08 14:46:50 INFO session created token=b6480985-05ae-4d91-b958-c1facaffd56b name=User_99_76
2025/11/08 14:46:50 INFO session updated token=b6480985-05ae-4d91-b958-c1facaffd56b tableID=0xc0003c3ac0 seatIndex=0xc0003c5650
2025/11/08 14:46:50 INFO session removed token=b6480985-05ae-4d91-b958-c1facaffd56b
2025/11/08 14:46:50 INFO session created token=bc43edcd-d210-4396-97f0-73711334a259 name=User_99_77
2025/11/08 14:46:50 INFO session updated token=bc43edcd-d210-4396-97f0-73711334a259 tableID=0xc0003c3b10 seatIndex=0xc0003c56a0
2025/11/08 14:46:50 INFO session removed token=bc43edcd-d210-4396-97f0-73711334a259
2025/11/08 14:46:50 INFO session created token=665288f4-9583-4dc4-9088-248fb8dbf7a4 name=User_99_78
2025/11/08 14:46:50 INFO session updated token=665288f4-9583-4dc4-9088-248fb8dbf7a4 tableID=0xc0003c3b60 seatIndex=0xc0003c56f0
2025/11/08 14:46:50 INFO session removed token=665288f4-9583-4dc4-9088-248fb8dbf7a4
2025/11/08 14:46:50 INFO session created token=7a3bd25a-3a0a-4a75-9e6a-7f0e3750c71e name=User_99_79
2025/11/08 14:46:50 INFO session updated token=7a3bd25a-3a0a-4a75-9e6a-7f0e3750c71e tableID=0xc0003c3bb0 seatIndex=0xc0003c5740
2025/11/08 14:46:50 INFO session removed token=7a3bd25a-3a0a-4a75-9e6a-7f0e3750c71e
2025/11/08 14:46:50 INFO session created token=b8956674-6ddb-4368-bb63-f98d6cc372f4 name=User_99_80
2025/11/08 14:46:50 INFO session created token=686e8218-596f-4072-bc8a-32123156c29a name=User_0_78
2025/11/08 14:46:50 INFO session updated token=b8956674-6ddb-4368-bb63-f98d6cc372f4 tableID=0xc0003c3c00 seatIndex=0xc0003c5790
2025/11/08 14:46:50 INFO session removed token=b8956674-6ddb-4368-bb63-f98d6cc372f4
2025/11/08 14:46:50 INFO session created token=8a230c2b-0c19-4a90-b7f2-9b89a299d5e6 name=User_99_81
2025/11/08 14:46:50 INFO session created token=e8f312c4-8bec-4e90-82d2-94c7bbad1204 name=User_61_82
2025/11/08 14:46:50 INFO session updated token=8a230c2b-0c19-4a90-b7f2-9b89a299d5e6 tableID=0xc0003c3c60 seatIndex=0xc0003c57f0
2025/11/08 14:46:50 INFO session removed token=8a230c2b-0c19-4a90-b7f2-9b89a299d5e6
2025/11/08 14:46:50 INFO session created token=e8c43a97-ca30-4e38-a59d-0535f07f80d7 name=User_40_43
2025/11/08 14:46:50 INFO session removed token=0ad1b73b-9f39-46ca-a9be-c127c0589caa
2025/11/08 14:46:50 INFO session created token=2669d484-6770-479f-a33b-0185ced235fa name=User_93_62
2025/11/08 14:46:50 INFO session updated token=2669d484-6770-479f-a33b-0185ced235fa tableID=0xc000334030 seatIndex=0xc00032a040
2025/11/08 14:46:50 INFO session removed token=2669d484-6770-479f-a33b-0185ced235fa
2025/11/08 14:46:50 INFO session created token=535f21f0-46e7-4521-b71c-ad5ad6808648 name=User_93_63
2025/11/08 14:46:50 INFO session updated token=535f21f0-46e7-4521-b71c-ad5ad6808648 tableID=0xc000334080 seatIndex=0xc00032a090
2025/11/08 14:46:50 INFO session removed token=535f21f0-46e7-4521-b71c-ad5ad6808648
2025/11/08 14:46:50 INFO session created token=8e293377-3da8-4647-b1b0-a7129739fee4 name=User_93_64
2025/11/08 14:46:50 INFO session updated token=8e293377-3da8-4647-b1b0-a7129739fee4 tableID=0xc0003340d0 seatIndex=0xc00032a0e0
2025/11/08 14:46:50 INFO session removed token=8e293377-3da8-4647-b1b0-a7129739fee4
2025/11/08 14:46:50 INFO session created token=ad30c52b-7644-4431-8c41-863acb6564c3 name=User_93_65
2025/11/08 14:46:50 INFO session updated token=ad30c52b-7644-4431-8c41-863acb6564c3 tableID=0xc000334120 seatIndex=0xc00032a130
2025/11/08 14:46:50 INFO session removed token=ad30c52b-7644-4431-8c41-863acb6564c3
2025/11/08 14:46:50 INFO session created token=81d2d2ea-0596-4790-a4e3-509d39043ec6 name=User_93_66
2025/11/08 14:46:50 INFO session updated token=81d2d2ea-0596-4790-a4e3-509d39043ec6 tableID=0xc000334170 seatIndex=0xc00032a180
2025/11/08 14:46:50 INFO session removed token=81d2d2ea-0596-4790-a4e3-509d39043ec6
2025/11/08 14:46:50 INFO session created token=51a8b561-7bdf-4522-9304-907ea1e4eeff name=User_93_67
2025/11/08 14:46:50 INFO session updated token=51a8b561-7bdf-4522-9304-907ea1e4eeff tableID=0xc0003341c0 seatIndex=0xc00032a1d0
2025/11/08 14:46:50 INFO session removed token=51a8b561-7bdf-4522-9304-907ea1e4eeff
2025/11/08 14:46:50 INFO session created token=4422b173-d224-4a6a-b98b-68e74f159670 name=User_93_68
2025/11/08 14:46:50 INFO session updated token=4422b173-d224-4a6a-b98b-68e74f159670 tableID=0xc000334210 seatIndex=0xc00032a220
2025/11/08 14:46:50 INFO session removed token=4422b173-d224-4a6a-b98b-68e74f159670
2025/11/08 14:46:50 INFO session created token=517182fd-d159-4e3d-b8a8-b28ab9708f3a name=User_93_69
2025/11/08 14:46:50 INFO session updated token=517182fd-d159-4e3d-b8a8-b28ab9708f3a tableID=0xc000334260 seatIndex=0xc00032a270
2025/11/08 14:46:50 INFO session removed token=517182fd-d159-4e3d-b8a8-b28ab9708f3a
2025/11/08 14:46:50 INFO session updated token=448466a4-7b62-47f3-8110-90409c4bfbf5 tableID=0xc0002b0560 seatIndex=0xc0002b2450
2025/11/08 14:46:50 INFO session removed token=448466a4-7b62-47f3-8110-90409c4bfbf5
2025/11/08 14:46:50 INFO session created token=be066dcb-93ef-433a-8852-cbd81baf8bed name=User_53_31
2025/11/08 14:46:50 INFO session updated token=be066dcb-93ef-433a-8852-cbd81baf8bed tableID=0xc00012bf50 seatIndex=0xc000137c80
2025/11/08 14:46:50 INFO session removed token=be066dcb-93ef-433a-8852-cbd81baf8bed
2025/11/08 14:46:50 INFO session created token=82c0767d-bce1-4e6b-af8d-3fa27a989787 name=User_53_32
2025/11/08 14:46:50 INFO session updated token=82c0767d-bce1-4e6b-af8d-3fa27a989787 tableID=0xc000148020 seatIndex=0xc000137cd0
2025/11/08 14:46:50 INFO session removed token=82c0767d-bce1-4e6b-af8d-3fa27a989787
2025/11/08 14:46:50 INFO session created token=2fbf2b11-8a51-47a4-84f7-cfb2ae0c3423 name=User_53_33
2025/11/08 14:46:50 INFO session updated token=2fbf2b11-8a51-47a4-84f7-cfb2ae0c3423 tableID=0xc000148070 seatIndex=0xc000137d20
2025/11/08 14:46:50 INFO session removed token=2fbf2b11-8a51-47a4-84f7-cfb2ae0c3423
2025/11/08 14:46:50 INFO session created token=6889328e-dd32-4fdb-82aa-4bbc13eb8b0b name=User_53_34
2025/11/08 14:46:50 INFO session updated token=6889328e-dd32-4fdb-82aa-4bbc13eb8b0b tableID=0xc0001480c0 seatIndex=0xc000137d70
2025/11/08 14:46:50 INFO session removed token=6889328e-dd32-4fdb-82aa-4bbc13eb8b0b
2025/11/08 14:46:50 INFO session created token=87e900f5-f1cd-45fd-abb7-525caadc1a68 name=User_53_35
2025/11/08 14:46:50 INFO session updated token=87e900f5-f1cd-45fd-abb7-525caadc1a68 tableID=0xc000148110 seatIndex=0xc000137dc0
2025/11/08 14:46:50 INFO session removed token=87e900f5-f1cd-45fd-abb7-525caadc1a68
2025/11/08 14:46:50 INFO session created token=733e650c-1b1a-4721-83ac-8101e1a7df70 name=User_53_36
2025/11/08 14:46:50 INFO session created token=40ec5277-1fc2-452a-87e8-2e652387f716 name=User_12_75
2025/11/08 14:46:50 INFO session updated token=733e650c-1b1a-4721-83ac-8101e1a7df70 tableID=0xc000148160 seatIndex=0xc000137e10
2025/11/08 14:46:50 INFO session removed token=733e650c-1b1a-4721-83ac-8101e1a7df70
2025/11/08 14:46:50 INFO session removed token=7ddf9941-2bfd-4149-91f0-10cb3ed0c5db
2025/11/08 14:46:50 INFO session removed token=6b1daa26-b0f3-4b10-9fe7-a338f02c1f76
2025/11/08 14:46:50 INFO session removed token=be2ea7d1-45dc-4a50-959e-1124c6b387f4
2025/11/08 14:46:50 INFO session removed token=6028c19a-32d1-492a-adde-361b1a884c39
2025/11/08 14:46:50 INFO session removed token=03797f19-a0ec-4feb-9b5e-d29915c3c1ae
2025/11/08 14:46:50 INFO session updated token=5d994e41-296c-45e8-96c2-f69432a2db3c tableID=0xc0002b0570 seatIndex=0xc0002b2460
2025/11/08 14:46:50 INFO session updated token=833b3750-a883-4078-8dc6-7d6769f4d085 tableID=0xc0002b0590 seatIndex=0xc0002b2490
2025/11/08 14:46:50 INFO session removed token=42ab8794-0c37-45d4-ab4b-72a728b7909b
2025/11/08 14:46:50 INFO session removed token=23e66d72-f44a-4a96-a2cd-9f43f0f88044
2025/11/08 14:46:50 INFO session updated token=4372b4c0-cb0e-4382-b49a-531075ae2836 tableID=0xc0002b0700 seatIndex=0xc0002b2610
2025/11/08 14:46:50 INFO session removed token=8c1cc396-5d0e-41ff-b8a3-955cf75dc85c
2025/11/08 14:46:50 INFO session removed token=3bdc072d-195e-4ced-bff1-228527e79cb3
2025/11/08 14:46:50 INFO session removed token=45bb7ffb-0ec4-4d97-a131-f19beaf14883
2025/11/08 14:46:50 INFO session updated token=d6bc42e4-45d0-4641-a0b4-20d250a966a3 tableID=0xc0002f73a0 seatIndex=0xc000129960
2025/11/08 14:46:50 INFO session updated token=b03e7333-ee10-4fe8-9491-a0192a724528 tableID=0xc0002f73b0 seatIndex=0xc000129970
2025/11/08 14:46:50 INFO session removed token=5dea39fb-1edc-4f55-bdf5-90b93dbd6bfb
2025/11/08 14:46:50 INFO session removed token=296d3ac1-9231-4e49-98aa-cc210f0df264
2025/11/08 14:46:50 INFO session updated token=865d79af-e888-44be-ae14-2bdb41de0d93 tableID=0xc0002f73f0 seatIndex=0xc0001299a0
2025/11/08 14:46:50 INFO session updated token=efeec474-5698-4dc1-9792-e7728bb33812 tableID=0xc0003c3390 seatIndex=0xc0003c4fa0
2025/11/08 14:46:50 INFO session removed token=efeec474-5698-4dc1-9792-e7728bb33812
2025/11/08 14:46:50 INFO session created token=1f22cd32-7b7c-4a71-98ce-63410532e6d6 name=User_70_75
2025/11/08 14:46:50 INFO session created token=dccf7d95-7e5c-4447-886d-6e3299430296 name=User_33_55
2025/11/08 14:46:50 INFO session created token=a05c56f7-df07-4e4c-a23b-8bfd5310282c name=User_30_51
2025/11/08 14:46:50 INFO session updated token=1f22cd32-7b7c-4a71-98ce-63410532e6d6 tableID=0xc0002b07b0 seatIndex=0xc0002b2690
2025/11/08 14:46:50 INFO session created token=239f1000-800b-4257-ba1a-ecea440efbd3 name=User_57_95
2025/11/08 14:46:50 INFO session removed token=1f22cd32-7b7c-4a71-98ce-63410532e6d6
2025/11/08 14:46:50 INFO session created token=16eb325c-5409-46d5-8f1c-f3198740c4a5 name=User_96_64
2025/11/08 14:46:50 INFO session removed token=865d79af-e888-44be-ae14-2bdb41de0d93
2025/11/08 14:46:50 INFO session created token=da27c40d-c714-4060-a4e2-ebe9834e4f75 name=User_15_49
2025/11/08 14:46:50 INFO session updated token=da27c40d-c714-4060-a4e2-ebe9834e4f75 tableID=0xc0001b52a0 seatIndex=0xc0001b32c0
2025/11/08 14:46:50 INFO session removed token=da27c40d-c714-4060-a4e2-ebe9834e4f75
2025/11/08 14:46:50 INFO session created token=af788ccf-6062-4480-9d31-0f871ee6e776 name=User_15_50
2025/11/08 14:46:50 INFO session updated token=af788ccf-6062-4480-9d31-0f871ee6e776 tableID=0xc0001b52f0 seatIndex=0xc0001b3310
2025/11/08 14:46:50 INFO session removed token=af788ccf-6062-4480-9d31-0f871ee6e776
2025/11/08 14:46:50 INFO session created token=ece7c755-064e-4eef-9b20-a8a681fb333e name=User_15_51
2025/11/08 14:46:50 INFO session updated token=ece7c755-064e-4eef-9b20-a8a681fb333e tableID=0xc0001b5340 seatIndex=0xc0001b3360
2025/11/08 14:46:50 INFO session removed token=ece7c755-064e-4eef-9b20-a8a681fb333e
2025/11/08 14:46:50 INFO session created token=125b4abf-a4d3-42c3-9463-a9f9a7157d33 name=User_15_52
2025/11/08 14:46:50 INFO session updated token=125b4abf-a4d3-42c3-9463-a9f9a7157d33 tableID=0xc0001b5390 seatIndex=0xc0001b33b0
2025/11/08 14:46:50 INFO session removed token=125b4abf-a4d3-42c3-9463-a9f9a7157d33
2025/11/08 14:46:50 INFO session created token=5cb5333a-2f48-4956-a3eb-293b16f4a986 name=User_15_53
2025/11/08 14:46:50 INFO session updated token=5cb5333a-2f48-4956-a3eb-293b16f4a986 tableID=0xc0001b53e0 seatIndex=0xc0001b3400
2025/11/08 14:46:50 INFO session removed token=5cb5333a-2f48-4956-a3eb-293b16f4a986
2025/11/08 14:46:50 INFO session created token=d95e3f6c-6735-49dc-beaa-28e355d4c94b name=User_15_54
2025/11/08 14:46:50 INFO session updated token=d95e3f6c-6735-49dc-beaa-28e355d4c94b tableID=0xc0001b5430 seatIndex=0xc0001b3450
2025/11/08 14:46:50 INFO session removed token=d95e3f6c-6735-49dc-beaa-28e355d4c94b
2025/11/08 14:46:50 INFO session created token=2d634250-cdef-42aa-923a-687002d1c3b3 name=User_15_55
2025/11/08 14:46:50 INFO session updated token=2d634250-cdef-42aa-923a-687002d1c3b3 tableID=0xc0001b5480 seatIndex=0xc0001b34a0
2025/11/08 14:46:50 INFO session removed token=2d634250-cdef-42aa-923a-687002d1c3b3
2025/11/08 14:46:50 INFO session updated token=7f50b2fa-8790-486a-849a-23aa1641fc7e tableID=0xc0003c3600 seatIndex=0xc0003c5200
2025/11/08 14:46:50 INFO session removed token=7f50b2fa-8790-486a-849a-23aa1641fc7e
2025/11/08 14:46:50 INFO session created token=b228bc02-ad70-48a0-bc7c-f52f29e68afd name=User_76_35
2025/11/08 14:46:50 INFO session updated token=b228bc02-ad70-48a0-bc7c-f52f29e68afd tableID=0xc0002b0820 seatIndex=0xc0002b2750
2025/11/08 14:46:50 INFO session removed token=b228bc02-ad70-48a0-bc7c-f52f29e68afd
2025/11/08 14:46:50 INFO session created token=f5832ec6-31fa-46d0-a30d-2235f5dc5f7a name=User_76_36
2025/11/08 14:46:50 INFO session created token=4ed7d755-fcb3-4c82-8324-8f9f4223fb10 name=User_97_60
2025/11/08 14:46:50 INFO session updated token=f5832ec6-31fa-46d0-a30d-2235f5dc5f7a tableID=0xc0002b0870 seatIndex=0xc0002b27a0
2025/11/08 14:46:50 INFO session removed token=f5832ec6-31fa-46d0-a30d-2235f5dc5f7a
2025/11/08 14:46:50 INFO session created token=1bf5de3e-4fb5-4efe-ac27-da41fd90f7cd name=User_76_37
2025/11/08 14:46:50 INFO session updated token=1bf5de3e-4fb5-4efe-ac27-da41fd90f7cd tableID=0xc0002b08d0 seatIndex=0xc0002b2800
2025/11/08 14:46:50 INFO session removed token=1bf5de3e-4fb5-4efe-ac27-da41fd90f7cd
2025/11/08 14:46:50 INFO session created token=b0859053-70ed-461b-a600-c7d18dfe9066 name=User_76_38
2025/11/08 14:46:50 INFO session updated token=b0859053-70ed-461b-a600-c7d18dfe9066 tableID=0xc0002b0920 seatIndex=0xc0002b2850
2025/11/08 14:46:50 INFO session removed token=b0859053-70ed-461b-a600-c7d18dfe9066
2025/11/08 14:46:50 INFO session created token=447819d1-ee74-449d-895d-a2c50f7abb5f name=User_76_39
2025/11/08 14:46:50 INFO session updated token=447819d1-ee74-449d-895d-a2c50f7abb5f tableID=0xc0002b0970 seatIndex=0xc0002b28a0
2025/11/08 14:46:50 INFO session removed token=447819d1-ee74-449d-895d-a2c50f7abb5f
2025/11/08 14:46:50 INFO session created token=5331f910-2eb8-4e34-a93e-fc37c9fb84cd name=User_76_40
2025/11/08 14:46:50 INFO session updated token=5331f910-2eb8-4e34-a93e-fc37c9fb84cd tableID=0xc0002b09c0 seatIndex=0xc0002b28f0
2025/11/08 14:46:50 INFO session removed token=5331f910-2eb8-4e34-a93e-fc37c9fb84cd
2025/11/08 14:46:50 INFO session created token=2b75620f-12b6-4e99-a52f-3901792c5fa9 name=User_76_41
2025/11/08 14:46:50 INFO session updated token=2b75620f-12b6-4e99-a52f-3901792c5fa9 tableID=0xc0002b0a10 seatIndex=0xc0002b2940
2025/11/08 14:46:50 INFO session removed token=2b75620f-12b6-4e99-a52f-3901792c5fa9
2025/11/08 14:46:50 INFO session created token=40306cc2-0a4c-4108-a249-1a828037769b name=User_76_42
2025/11/08 14:46:50 INFO session updated token=40306cc2-0a4c-4108-a249-1a828037769b tableID=0xc0002b0a60 seatIndex=0xc0002b2990
2025/11/08 14:46:50 INFO session removed token=40306cc2-0a4c-4108-a249-1a828037769b
2025/11/08 14:46:50 INFO session created token=0a611d02-3fab-4495-b12a-53aa883cc580 name=User_76_43
2025/11/08 14:46:50 INFO session updated token=0a611d02-3fab-4495-b12a-53aa883cc580 tableID=0xc0002b0ab0 seatIndex=0xc0002b29e0
2025/11/08 14:46:50 INFO session removed token=0a611d02-3fab-4495-b12a-53aa883cc580
2025/11/08 14:46:50 INFO session created token=6abdde2b-db65-4b2a-a955-d7c676ef412e name=User_64_26
2025/11/08 14:46:50 INFO session updated token=720add79-eead-4faa-9fda-a62a7a35733e tableID=0xc00012bd20 seatIndex=0xc000137a60
2025/11/08 14:46:50 INFO session removed token=720add79-eead-4faa-9fda-a62a7a35733e
2025/11/08 14:46:50 INFO session updated token=54818b7b-3688-4416-b66a-0bf00db00354 tableID=0xc000321f20 seatIndex=0xc00032a000
2025/11/08 14:46:50 INFO session updated token=f9dd27f0-85cf-4496-b527-6e2aeb6736f7 tableID=0xc00012bd90 seatIndex=0xc000137ac0
2025/11/08 14:46:50 INFO session removed token=f9dd27f0-85cf-4496-b527-6e2aeb6736f7
2025/11/08 14:46:50 INFO session created token=a5eec1c4-af85-4f61-952c-24804593113e name=User_54_39
2025/11/08 14:46:50 INFO session updated token=a5eec1c4-af85-4f61-952c-24804593113e tableID=0xc0001b5550 seatIndex=0xc0001b3580
2025/11/08 14:46:50 INFO session removed token=a5eec1c4-af85-4f61-952c-24804593113e
2025/11/08 14:46:50 INFO session created token=3364b74a-ff55-47d4-a394-5494cadf7c49 name=User_54_40
2025/11/08 14:46:50 INFO session updated token=3364b74a-ff55-47d4-a394-5494cadf7c49 tableID=0xc0001b55a0 seatIndex=0xc0001b35d0
2025/11/08 14:46:50 INFO session removed token=3364b74a-ff55-47d4-a394-5494cadf7c49
2025/11/08 14:46:50 INFO session created token=c818748b-d949-4f44-aaf2-594c379f0fef name=User_54_41
2025/11/08 14:46:50 INFO session updated token=c818748b-d949-4f44-aaf2-594c379f0fef tableID=0xc0001b55f0 seatIndex=0xc0001b3620
2025/11/08 14:46:50 INFO session removed token=c818748b-d949-4f44-aaf2-594c379f0fef
2025/11/08 14:46:50 INFO session created token=ac16c950-5dae-4944-91eb-1c5d87c22e4c name=User_54_42
2025/11/08 14:46:50 INFO session updated token=ac16c950-5dae-4944-91eb-1c5d87c22e4c tableID=0xc0001b5640 seatIndex=0xc0001b3670
2025/11/08 14:46:50 INFO session removed token=ac16c950-5dae-4944-91eb-1c5d87c22e4c
2025/11/08 14:46:50 INFO session created token=2c30b6ec-2291-4787-b6f3-48a1bca0ccc4 name=User_54_43
2025/11/08 14:46:50 INFO session created token=4e1d3419-41a1-4762-8b1b-086999c2acdb name=User_36_83
2025/11/08 14:46:50 INFO session updated token=2c30b6ec-2291-4787-b6f3-48a1bca0ccc4 tableID=0xc0001b5690 seatIndex=0xc0001b36c0
2025/11/08 14:46:50 INFO session removed token=2c30b6ec-2291-4787-b6f3-48a1bca0ccc4
2025/11/08 14:46:50 INFO session removed token=54818b7b-3688-4416-b66a-0bf00db00354
2025/11/08 14:46:50 INFO session created token=32860612-55d7-42e5-a184-0245ba793ce7 name=User_54_44
2025/11/08 14:46:50 INFO session created token=66acf47a-de29-4e20-b5d3-f74335062d74 name=User_6_23
2025/11/08 14:46:50 INFO session updated token=32860612-55d7-42e5-a184-0245ba793ce7 tableID=0xc0001b56f0 seatIndex=0xc0001b3720
2025/11/08 14:46:50 INFO session removed token=32860612-55d7-42e5-a184-0245ba793ce7
2025/11/08 14:46:50 INFO session created token=5312b090-4882-4bea-8bce-3b4d5940bdf1 name=User_54_45
2025/11/08 14:46:50 INFO session updated token=5312b090-4882-4bea-8bce-3b4d5940bdf1 tableID=0xc0001b5750 seatIndex=0xc0001b3780
2025/11/08 14:46:50 INFO session removed token=5312b090-4882-4bea-8bce-3b4d5940bdf1
2025/11/08 14:46:50 INFO session created token=f985c0cb-d83e-4e2d-a1ca-1a3bee368eb1 name=User_54_46
2025/11/08 14:46:50 INFO session updated token=f985c0cb-d83e-4e2d-a1ca-1a3bee368eb1 tableID=0xc0001b57a0 seatIndex=0xc0001b37d0
2025/11/08 14:46:50 INFO session removed token=f985c0cb-d83e-4e2d-a1ca-1a3bee368eb1
2025/11/08 14:46:50 INFO session created token=8a014963-1ca4-45d9-981b-9a061d4a859e name=User_54_47
2025/11/08 14:46:50 INFO session updated token=8a014963-1ca4-45d9-981b-9a061d4a859e tableID=0xc0001b57f0 seatIndex=0xc0001b3820
2025/11/08 14:46:50 INFO session removed token=8a014963-1ca4-45d9-981b-9a061d4a859e
2025/11/08 14:46:50 INFO session created token=df3aee01-a0a4-4b59-94d6-adf54d9bb206 name=User_54_48
2025/11/08 14:46:50 INFO session updated token=df3aee01-a0a4-4b59-94d6-adf54d9bb206 tableID=0xc0001b5840 seatIndex=0xc0001b3870
2025/11/08 14:46:50 INFO session removed token=df3aee01-a0a4-4b59-94d6-adf54d9bb206
2025/11/08 14:46:50 INFO session created token=f579f443-3f90-41ae-a13e-0b2d80f015c3 name=User_54_49
2025/11/08 14:46:50 INFO session updated token=f579f443-3f90-41ae-a13e-0b2d80f015c3 tableID=0xc0001b5890 seatIndex=0xc0001b38c0
2025/11/08 14:46:50 INFO session removed token=f579f443-3f90-41ae-a13e-0b2d80f015c3
2025/11/08 14:46:50 INFO session created token=d9511444-5342-48a4-9f8f-952038f1234c name=User_54_50
2025/11/08 14:46:50 INFO session updated token=d9511444-5342-48a4-9f8f-952038f1234c tableID=0xc0001b58e0 seatIndex=0xc0001b3910
2025/11/08 14:46:50 INFO session removed token=d9511444-5342-48a4-9f8f-952038f1234c
2025/11/08 14:46:50 INFO session created token=2d35afc7-9bea-460a-b25a-efb1be86ea8b name=User_54_51
2025/11/08 14:46:50 INFO session updated token=2d35afc7-9bea-460a-b25a-efb1be86ea8b tableID=0xc0001b5930 seatIndex=0xc0001b3960
2025/11/08 14:46:50 INFO session removed token=2d35afc7-9bea-460a-b25a-efb1be86ea8b
2025/11/08 14:46:50 INFO session created token=4b1ae3d1-6fe5-41b6-a1ed-9865843cae02 name=User_54_52
2025/11/08 14:46:50 INFO session updated token=4b1ae3d1-6fe5-41b6-a1ed-9865843cae02 tableID=0xc0001b5980 seatIndex=0xc0001b39b0
2025/11/08 14:46:50 INFO session removed token=4b1ae3d1-6fe5-41b6-a1ed-9865843cae02
2025/11/08 14:46:50 INFO session created token=2594efeb-050b-4c48-9b85-ffc8a4b60b16 name=User_54_53
2025/11/08 14:46:50 INFO session updated token=2594efeb-050b-4c48-9b85-ffc8a4b60b16 tableID=0xc0001b59d0 seatIndex=0xc0001b3a00
2025/11/08 14:46:50 INFO session removed token=2594efeb-050b-4c48-9b85-ffc8a4b60b16
2025/11/08 14:46:50 INFO session created token=969139ad-3fdf-4231-a081-f598876dada7 name=User_54_54
2025/11/08 14:46:50 INFO session updated token=66acf47a-de29-4e20-b5d3-f74335062d74 tableID=0xc0001b5710 seatIndex=0xc0001b3750
2025/11/08 14:46:50 INFO session removed token=66acf47a-de29-4e20-b5d3-f74335062d74
2025/11/08 14:46:50 INFO session created token=fec326f1-a4f3-44cd-8f7a-82a84cd10734 name=User_6_24
2025/11/08 14:46:50 INFO session updated token=fec326f1-a4f3-44cd-8f7a-82a84cd10734 tableID=0xc0003c3d10 seatIndex=0xc0003c5900
2025/11/08 14:46:50 INFO session removed token=fec326f1-a4f3-44cd-8f7a-82a84cd10734
2025/11/08 14:46:50 INFO session created token=2c62b7c1-f574-4879-abef-7b4c371ca943 name=User_6_25
2025/11/08 14:46:50 INFO session updated token=2c62b7c1-f574-4879-abef-7b4c371ca943 tableID=0xc0003c3d60 seatIndex=0xc0003c5950
2025/11/08 14:46:50 INFO session removed token=2c62b7c1-f574-4879-abef-7b4c371ca943
2025/11/08 14:46:50 INFO session created token=06de2c76-a104-4f79-b957-5974b899ada0 name=User_6_26
2025/11/08 14:46:50 INFO session updated token=06de2c76-a104-4f79-b957-5974b899ada0 tableID=0xc0003c3db0 seatIndex=0xc0003c59a0
2025/11/08 14:46:50 INFO session removed token=06de2c76-a104-4f79-b957-5974b899ada0
2025/11/08 14:46:50 INFO session created token=e02469a1-8e2a-4703-9a42-93d282cd015f name=User_6_27
2025/11/08 14:46:50 INFO session updated token=e02469a1-8e2a-4703-9a42-93d282cd015f tableID=0xc0003c3e00 seatIndex=0xc0003c59f0
2025/11/08 14:46:50 INFO session removed token=e02469a1-8e2a-4703-9a42-93d282cd015f
2025/11/08 14:46:50 INFO session created token=8aaafd64-c189-4123-a42f-b61de0c502df name=User_6_28
2025/11/08 14:46:50 INFO session updated token=8aaafd64-c189-4123-a42f-b61de0c502df tableID=0xc0003c3e50 seatIndex=0xc0003c5a40
2025/11/08 14:46:50 INFO session removed token=8aaafd64-c189-4123-a42f-b61de0c502df
2025/11/08 14:46:50 INFO session created token=35c8c0de-31e8-468a-b1d4-01d37ed9be00 name=User_6_29
2025/11/08 14:46:50 INFO session updated token=35c8c0de-31e8-468a-b1d4-01d37ed9be00 tableID=0xc0003c3ea0 seatIndex=0xc0003c5a90
2025/11/08 14:46:50 INFO session removed token=35c8c0de-31e8-468a-b1d4-01d37ed9be00
2025/11/08 14:46:50 INFO session created token=4bc10370-4f66-427c-b900-fd2929905df7 name=User_6_30
2025/11/08 14:46:50 INFO session updated token=4bc10370-4f66-427c-b900-fd2929905df7 tableID=0xc0003c3ef0 seatIndex=0xc0003c5ae0
2025/11/08 14:46:50 INFO session removed token=4bc10370-4f66-427c-b900-fd2929905df7
2025/11/08 14:46:50 INFO session removed token=b8e637c3-6ea9-4b60-9e70-6298e7ea25fc
2025/11/08 14:46:50 INFO session created token=a2465275-d181-4e39-a6e8-ea7576325c57 name=User_95_67
2025/11/08 14:46:50 INFO session created token=b1dbd4a4-c2d0-498e-9c35-ca2df23637d5 name=User_20_57
2025/11/08 14:46:50 INFO session updated token=a2465275-d181-4e39-a6e8-ea7576325c57 tableID=0xc00023fa80 seatIndex=0xc0002437a0
2025/11/08 14:46:50 INFO session removed token=a2465275-d181-4e39-a6e8-ea7576325c57
2025/11/08 14:46:50 INFO session created token=67147fb6-4387-41e9-9d32-a45ad86f9f41 name=User_6_31
2025/11/08 14:46:50 INFO session removed token=a880578b-2e86-474c-8ac8-b4a9bb6d1a46
2025/11/08 14:46:50 INFO session removed token=64571d6f-b10e-4692-ba65-8c7e36050f7d
2025/11/08 14:46:50 INFO session removed token=c7001dd8-e15c-4b49-b2a2-f1f6a98f159a
2025/11/08 14:46:50 INFO session updated token=f2d1465d-d526-43c5-bfa9-e7324e872076 tableID=0xc00012be60 seatIndex=0xc000137be0
2025/11/08 14:46:50 INFO session removed token=db694741-ffb9-4df5-87f1-b455254e40a3
2025/11/08 14:46:50 INFO session removed token=27745395-eef6-4656-bee4-4e484205cd13
2025/11/08 14:46:50 INFO session removed token=159db7bf-1eaf-475d-9de5-486a13fe9488
2025/11/08 14:46:50 INFO session updated token=aaec5f3f-1e82-4aed-8583-d7711393cc14 tableID=0xc0003c3850 seatIndex=0xc0003c53d0
2025/11/08 14:46:50 INFO session updated token=a061b77f-c874-4ae9-8967-bc3b5c527c0b tableID=0xc0002f7700 seatIndex=0xc000129c50
2025/11/08 14:46:50 INFO session removed token=7c6b02b8-5b18-4bd0-b314-12514212b1fb
2025/11/08 14:46:50 INFO session updated token=e40ad575-38a4-4433-979f-e1d9ea74d556 tableID=0xc0002b0740 seatIndex=0xc0002b2660
2025/11/08 14:46:50 INFO session updated token=50dc2ec9-be00-4eb9-a98f-8e3369df80da tableID=0xc0001b50f0 seatIndex=0xc0001b30d0
2025/11/08 14:46:50 INFO session removed token=f2d1465d-d526-43c5-bfa9-e7324e872076
2025/11/08 14:46:50 INFO session created token=933129fa-0e54-4c38-b05c-0367ba65e5ec name=User_34_64
2025/11/08 14:46:50 INFO session created token=ce65bdef-28c7-47a6-a65f-94dd79a99d79 name=User_16_22
2025/11/08 14:46:50 INFO session created token=d9f998dc-b761-4a77-9f62-d11763f9ac8a name=User_52_64
2025/11/08 14:46:50 INFO session updated token=933129fa-0e54-4c38-b05c-0367ba65e5ec tableID=0xc00023fba0 seatIndex=0xc0002438a0
2025/11/08 14:46:50 INFO session created token=14857ec8-7b08-4842-b39b-1e37f5343b0c name=User_28_51
2025/11/08 14:46:50 INFO session updated token=22631a31-a69f-4209-b7f3-5ba054ea76f5 tableID=0xc0001b5100 seatIndex=0xc0001b30e0
2025/11/08 14:46:50 INFO session updated token=d9f998dc-b761-4a77-9f62-d11763f9ac8a tableID=0xc0003ca020 seatIndex=0xc0003c5bc0
2025/11/08 14:46:50 INFO session removed token=d9f998dc-b761-4a77-9f62-d11763f9ac8a
2025/11/08 14:46:50 INFO session created token=ed7f9e3e-6923-452f-ac43-4b6b4b743154 name=User_52_65
2025/11/08 14:46:50 INFO session updated token=ed7f9e3e-6923-452f-ac43-4b6b4b743154 tableID=0xc0003ca080 seatIndex=0xc0003c5c20
2025/11/08 14:46:50 INFO session removed token=ed7f9e3e-6923-452f-ac43-4b6b4b743154
2025/11/08 14:46:50 INFO session created token=4f686aab-c106-4774-bd19-09c97dad663e name=User_52_66
2025/11/08 14:46:50 INFO session updated token=4f686aab-c106-4774-bd19-09c97dad663e tableID=0xc0003ca0d0 seatIndex=0xc0003c5c70
2025/11/08 14:46:50 INFO session removed token=4f686aab-c106-4774-bd19-09c97dad663e
2025/11/08 14:46:50 INFO session created token=c42cc3f4-1477-4aca-bec0-94700394340c name=User_52_67
2025/11/08 14:46:50 INFO session updated token=c42cc3f4-1477-4aca-bec0-94700394340c tableID=0xc0003ca120 seatIndex=0xc0003c5cc0
2025/11/08 14:46:50 INFO session removed token=c42cc3f4-1477-4aca-bec0-94700394340c
2025/11/08 14:46:50 INFO session updated token=861dde5b-cb94-4604-a07f-7f6d08006ca1 tableID=0xc0001b5120 seatIndex=0xc0001b30f0
2025/11/08 14:46:50 INFO session removed token=861dde5b-cb94-4604-a07f-7f6d08006ca1
2025/11/08 14:46:50 INFO session created token=e872a015-de96-45df-b46e-ff81e4120732 name=User_17_45
2025/11/08 14:46:50 INFO session updated token=e872a015-de96-45df-b46e-ff81e4120732 tableID=0xc0002f7750 seatIndex=0xc000129cc0
2025/11/08 14:46:50 INFO session removed token=e872a015-de96-45df-b46e-ff81e4120732
2025/11/08 14:46:50 INFO session created token=04419ab1-5d0d-4431-9f0d-b5e0c47bbf4c name=User_17_46
2025/11/08 14:46:50 INFO session updated token=04419ab1-5d0d-4431-9f0d-b5e0c47bbf4c tableID=0xc0002f77a0 seatIndex=0xc000129d10
2025/11/08 14:46:50 INFO session removed token=04419ab1-5d0d-4431-9f0d-b5e0c47bbf4c
2025/11/08 14:46:50 INFO session created token=6a129109-b331-4454-bc82-1cfcc6a30d4e name=User_17_47
2025/11/08 14:46:50 INFO session updated token=6a129109-b331-4454-bc82-1cfcc6a30d4e tableID=0xc0002f77f0 seatIndex=0xc000129d60
2025/11/08 14:46:50 INFO session removed token=6a129109-b331-4454-bc82-1cfcc6a30d4e
2025/11/08 14:46:50 INFO session created token=ca1f77bc-3034-4a51-bd16-721c9a1f1406 name=User_17_48
2025/11/08 14:46:50 INFO session updated token=ca1f77bc-3034-4a51-bd16-721c9a1f1406 tableID=0xc0002f7840 seatIndex=0xc000129db0
2025/11/08 14:46:50 INFO session removed token=ca1f77bc-3034-4a51-bd16-721c9a1f1406
2025/11/08 14:46:50 INFO session created token=2fd0966c-edb7-4b14-98ef-6b042d2afb76 name=User_17_49
2025/11/08 14:46:50 INFO session updated token=83ffc9f3-26e8-4bfe-9edc-1f6b79e879e5 tableID=0xc0001b5130 seatIndex=0xc0001b3100
2025/11/08 14:46:50 INFO session removed token=83ffc9f3-26e8-4bfe-9edc-1f6b79e879e5
2025/11/08 14:46:50 INFO session updated token=db1cd9cb-b90e-44a5-8b4b-c5afc5f31096 tableID=0xc0001b5230 seatIndex=0xc0001b3250
2025/11/08 14:46:50 INFO session removed token=4badc9a4-80b3-48b9-ab27-009b753bab41
2025/11/08 14:46:50 INFO session removed token=0df0f84e-9063-486c-87f1-07e5673c209f
2025/11/08 14:46:50 INFO session created token=819eee7b-f60c-4890-a9fe-15947aaaecf9 name=User_79_44
2025/11/08 14:46:50 INFO session updated token=2bdd9014-28cc-47ce-a4cd-5b7d6a22f38b tableID=0xc00012bee0 seatIndex=0xc000137c30
2025/11/08 14:46:50 INFO session created token=cfd58acf-379e-4ffd-97ce-cf3f72d9131f name=User_19_32
2025/11/08 14:46:50 INFO session updated token=187e69b9-c490-40a2-9333-88ed928046af tableID=0xc0003c38a0 seatIndex=0xc0003c5440
2025/11/08 14:46:50 INFO session updated token=686e8218-596f-4072-bc8a-32123156c29a tableID=0xc0003c3c20 seatIndex=0xc0003c57c0
2025/11/08 14:46:50 INFO session updated token=e8f312c4-8bec-4e90-82d2-94c7bbad1204 tableID=0xc0003c3c80 seatIndex=0xc0003c5820
2025/11/08 14:46:50 INFO session updated token=e8c43a97-ca30-4e38-a59d-0535f07f80d7 tableID=0xc000334000 seatIndex=0xc00032a030
2025/11/08 14:46:50 INFO session created token=8acbad3d-05ac-45f4-b819-2995b807a9b0 name=User_93_70
2025/11/08 14:46:50 INFO session updated token=8acbad3d-05ac-45f4-b819-2995b807a9b0 tableID=0xc0002f7950 seatIndex=0xc000129ec0
2025/11/08 14:46:50 INFO session removed token=8acbad3d-05ac-45f4-b819-2995b807a9b0
2025/11/08 14:46:50 INFO session created token=9b5efcd2-fb39-4171-bda6-fd3e5fd488d4 name=User_93_71
2025/11/08 14:46:50 INFO session updated token=9b5efcd2-fb39-4171-bda6-fd3e5fd488d4 tableID=0xc0002f79a0 seatIndex=0xc000129f10
2025/11/08 14:46:50 INFO session removed token=9b5efcd2-fb39-4171-bda6-fd3e5fd488d4
2025/11/08 14:46:50 INFO session created token=d59d6ca7-b92f-4262-bb3f-0a8187e0739f name=User_99_82
2025/11/08 14:46:50 INFO session removed token=686e8218-596f-4072-bc8a-32123156c29a
2025/11/08 14:46:50 INFO session removed token=e8c43a97-ca30-4e38-a59d-0535f07f80d7
2025/11/08 14:46:50 INFO session created token=ed54985e-a316-4f86-a07b-b329bb949d9f name=User_40_44
2025/11/08 14:46:50 INFO session updated token=ed54985e-a316-4f86-a07b-b329bb949d9f tableID=0xc0003ca210 seatIndex=0xc0003c5dd0
2025/11/08 14:46:50 INFO session removed token=ed54985e-a316-4f86-a07b-b329bb949d9f
2025/11/08 14:46:50 INFO session created token=908e1023-eac1-49ea-b6a6-991d7c83f808 name=User_40_45
2025/11/08 14:46:50 INFO session updated token=908e1023-eac1-49ea-b6a6-991d7c83f808 tableID=0xc0003ca260 seatIndex=0xc0003c5e20
2025/11/08 14:46:50 INFO session removed token=908e1023-eac1-49ea-b6a6-991d7c83f808
2025/11/08 14:46:50 INFO session created token=91d74560-bb2f-4d9f-965b-b931b3dab495 name=User_40_46
2025/11/08 14:46:50 INFO session updated token=91d74560-bb2f-4d9f-965b-b931b3dab495 tableID=0xc0003ca2b0 seatIndex=0xc0003c5e70
2025/11/08 14:46:50 INFO session removed token=91d74560-bb2f-4d9f-965b-b931b3dab495
2025/11/08 14:46:50 INFO session created token=58159d32-5d18-4c03-a4bc-de8a02532ed7 name=User_40_47
2025/11/08 14:46:50 INFO session updated token=58159d32-5d18-4c03-a4bc-de8a02532ed7 tableID=0xc0003ca300 seatIndex=0xc0003c5ec0
2025/11/08 14:46:50 INFO session removed token=58159d32-5d18-4c03-a4bc-de8a02532ed7
2025/11/08 14:46:50 INFO session created token=63fb6afd-9e66-4200-a3e4-f870e56d955e name=User_40_48
2025/11/08 14:46:50 INFO session updated token=63fb6afd-9e66-4200-a3e4-f870e56d955e tableID=0xc0003ca350 seatIndex=0xc0003c5f10
2025/11/08 14:46:50 INFO session removed token=63fb6afd-9e66-4200-a3e4-f870e56d955e
2025/11/08 14:46:50 INFO session removed token=e8f312c4-8bec-4e90-82d2-94c7bbad1204
2025/11/08 14:46:50 INFO session created token=1a328c63-3a69-4829-818e-a5c0c90100c4 name=User_61_83
2025/11/08 14:46:50 INFO session updated token=1a328c63-3a69-4829-818e-a5c0c90100c4 tableID=0xc0002b0b40 seatIndex=0xc0002b2a90
2025/11/08 14:46:50 INFO session removed token=1a328c63-3a69-4829-818e-a5c0c90100c4
2025/11/08 14:46:50 INFO session created token=576039e8-7e72-49fd-8022-ff394adc992a name=User_61_84
2025/11/08 14:46:50 INFO session updated token=576039e8-7e72-49fd-8022-ff394adc992a tableID=0xc0002b0b90 seatIndex=0xc0002b2ae0
2025/11/08 14:46:50 INFO session removed token=576039e8-7e72-49fd-8022-ff394adc992a
2025/11/08 14:46:50 INFO session created token=656a742c-88f2-43cb-adf1-41d0d8e85a7e name=User_61_85
2025/11/08 14:46:50 INFO session updated token=656a742c-88f2-43cb-adf1-41d0d8e85a7e tableID=0xc0002b0be0 seatIndex=0xc0002b2b30
2025/11/08 14:46:50 INFO session removed token=656a742c-88f2-43cb-adf1-41d0d8e85a7e
2025/11/08 14:46:50 INFO session created token=a65ffb9d-4e6b-494a-a96e-1186b281c8c6 name=User_61_86
2025/11/08 14:46:50 INFO session updated token=a65ffb9d-4e6b-494a-a96e-1186b281c8c6 tableID=0xc0002b0c30 seatIndex=0xc0002b2b80
2025/11/08 14:46:50 INFO session removed token=a65ffb9d-4e6b-494a-a96e-1186b281c8c6
2025/11/08 14:46:50 INFO session created token=1a7ee2f3-a4cc-451c-881c-6117b0bdfe72 name=User_61_87
2025/11/08 14:46:50 INFO session updated token=1a7ee2f3-a4cc-451c-881c-6117b0bdfe72 tableID=0xc0002b0c80 seatIndex=0xc0002b2bd0
2025/11/08 14:46:50 INFO session removed token=1a7ee2f3-a4cc-451c-881c-6117b0bdfe72
2025/11/08 14:46:50 INFO session created token=79e79691-8ccd-4729-b05c-b25d0bf0d267 name=User_61_88
2025/11/08 14:46:50 INFO session updated token=79e79691-8ccd-4729-b05c-b25d0bf0d267 tableID=0xc0002b0cd0 seatIndex=0xc0002b2c20
2025/11/08 14:46:50 INFO session removed token=79e79691-8ccd-4729-b05c-b25d0bf0d267
2025/11/08 14:46:50 INFO session removed token=5d994e41-296c-45e8-96c2-f69432a2db3c
2025/11/08 14:46:50 INFO session removed token=833b3750-a883-4078-8dc6-7d6769f4d085
2025/11/08 14:46:50 INFO session created token=9922d2fe-69c6-4b8f-92e7-54a33b673c85 name=User_53_37
2025/11/08 14:46:50 INFO session created token=3937ac0a-5a72-4bc8-831a-200f9dd4b6eb name=User_56_39
2025/11/08 14:46:50 INFO session created token=a922548a-0955-4748-90d0-c3c41db86e7a name=User_88_29
2025/11/08 14:46:50 INFO session created token=44e59bd9-ce58-4733-85ad-a923fa42987d name=User_37_43
2025/11/08 14:46:50 INFO session created token=15ac87ae-54c7-492b-a193-f1fe9a07a33b name=User_27_79
2025/11/08 14:46:50 INFO session created token=7071a9fb-0bb6-42b1-8032-884e78dcbf7f name=User_98_37
2025/11/08 14:46:50 INFO session removed token=d6bc42e4-45d0-4641-a0b4-20d250a966a3
2025/11/08 14:46:50 INFO session created token=83237a78-29fa-4f29-a4e2-8a558dd39b18 name=User_75_37
2025/11/08 14:46:50 INFO session updated token=dccf7d95-7e5c-4447-886d-6e3299430296 tableID=0xc0002b07d0 seatIndex=0xc0002b26c0
2025/11/08 14:46:50 INFO session updated token=a05c56f7-df07-4e4c-a23b-8bfd5310282c tableID=0xc0003342d0 seatIndex=0xc00032a360
2025/11/08 14:46:50 INFO session removed token=b03e7333-ee10-4fe8-9491-a0192a724528
2025/11/08 14:46:50 INFO session removed token=4372b4c0-cb0e-4382-b49a-531075ae2836
2025/11/08 14:46:50 INFO session created token=9de336e8-66ff-4021-bd80-29aa343a851e name=User_70_76
2025/11/08 14:46:50 INFO session updated token=16eb325c-5409-46d5-8f1c-f3198740c4a5 tableID=0xc0001b5250 seatIndex=0xc0001b3280
2025/11/08 14:46:50 INFO session created token=95ea97f0-5aa1-4f90-971d-1032dff1ad3b name=User_9_26
2025/11/08 14:46:50 INFO session created token=20d13f97-e337-421c-85cd-e78b4bb6149d name=User_84_92
2025/11/08 14:46:50 INFO session created token=aba5d5b8-2260-4c30-92db-4ecfb9591214 name=User_3_53
2025/11/08 14:46:50 INFO session updated token=239f1000-800b-4257-ba1a-ecea440efbd3 tableID=0xc0001b5270 seatIndex=0xc0001b32b0
2025/11/08 14:46:50 INFO session created token=e1d72f8a-e349-4353-90e8-9ec8a75438d3 name=User_32_64
2025/11/08 14:46:50 INFO session updated token=4ed7d755-fcb3-4c82-8324-8f9f4223fb10 tableID=0xc0002b0890 seatIndex=0xc0002b27d0
2025/11/08 14:46:50 INFO session created token=be63a833-c487-4845-8e46-c68089b30d0f name=User_15_56
2025/11/08 14:46:50 INFO session updated token=6abdde2b-db65-4b2a-a955-d7c676ef412e tableID=0xc0001b54e0 seatIndex=0xc0001b3510
2025/11/08 14:46:50 INFO session updated token=bda2438a-c35f-4f73-ae84-d8b083e37ccc tableID=0xc00012bda0 seatIndex=0xc000137ad0
2025/11/08 14:46:50 INFO session updated token=4e1d3419-41a1-4762-8b1b-086999c2acdb tableID=0xc0001b56b0 seatIndex=0xc0001b36f0
2025/11/08 14:46:50 INFO session created token=3e44e1c9-efad-42c2-897d-66f936e112a1 name=User_76_44
2025/11/08 14:46:50 INFO session updated token=969139ad-3fdf-4231-a081-f598876dada7 tableID=0xc0003c3cd0 seatIndex=0xc0003c58d0
2025/11/08 14:46:50 INFO session updated token=b1dbd4a4-c2d0-498e-9c35-ca2df23637d5 tableID=0xc00023faa0 seatIndex=0xc0002437d0
2025/11/08 14:46:50 INFO session updated token=67147fb6-4387-41e9-9d32-a45ad86f9f41 tableID=0xc0003c3f60 seatIndex=0xc0003c5b50
2025/11/08 14:46:50 INFO session created token=59978261-34e5-4909-b5d5-dd1c2b1e504b name=User_95_68
2025/11/08 14:46:50 INFO session removed token=50dc2ec9-be00-4eb9-a98f-8e3369df80da
2025/11/08 14:46:50 INFO session created token=dbf9faa1-b58a-4846-9606-f2ea493fb491 name=User_10_37
2025/11/08 14:46:50 INFO session created token=1b2e6734-c6d5-4071-bc5d-e30315e8ec60 name=User_13_28
2025/11/08 14:46:50 INFO session created token=e67c4fbc-0f8f-43f0-889c-684d0e9ffc91 name=User_74_45
2025/11/08 14:46:50 INFO session updated token=ea98b888-7fb4-4205-b40b-e1a630bdad12 tableID=0xc0003c3870 seatIndex=0xc0003c53e0
2025/11/08 14:46:50 INFO session removed token=aaec5f3f-1e82-4aed-8583-d7711393cc14
2025/11/08 14:46:50 INFO session created token=f5190421-5822-4ea2-b9f3-bca9a9acc7c8 name=User_35_38
2025/11/08 14:46:50 INFO session removed token=a061b77f-c874-4ae9-8967-bc3b5c527c0b
2025/11/08 14:46:50 INFO session created token=930592ce-94f4-4807-be45-af49c06326a7 name=User_11_58
2025/11/08 14:46:50 INFO session removed token=933129fa-0e54-4c38-b05c-0367ba65e5ec
2025/11/08 14:46:50 INFO session updated token=ce65bdef-28c7-47a6-a65f-94dd79a99d79 tableID=0xc0001b5a40 seatIndex=0xc0001b3ab0
2025/11/08 14:46:50 INFO session removed token=22631a31-a69f-4209-b7f3-5ba054ea76f5
2025/11/08 14:46:50 INFO session updated token=14857ec8-7b08-4842-b39b-1e37f5343b0c tableID=0xc0003ca030 seatIndex=0xc0003c5bd0
2025/11/08 14:46:50 INFO session removed token=e40ad575-38a4-4433-979f-e1d9ea74d556
2025/11/08 14:46:50 INFO session updated token=2fd0966c-edb7-4b14-98ef-6b042d2afb76 tableID=0xc0003ca160 seatIndex=0xc0003c5d30
2025/11/08 14:46:50 INFO session removed token=2bdd9014-28cc-47ce-a4cd-5b7d6a22f38b
2025/11/08 14:46:50 INFO session updated token=cfd58acf-379e-4ffd-97ce-cf3f72d9131f tableID=0xc0002f78d0 seatIndex=0xc000129e20
2025/11/08 14:46:50 INFO session created token=675d2f58-550a-4efd-a1da-c406384032e0 name=User_62_43
2025/11/08 14:46:50 INFO session updated token=819eee7b-f60c-4890-a9fe-15947aaaecf9 tableID=0xc0002f78f0 seatIndex=0xc000129e50
2025/11/08 14:46:50 INFO session created token=f4ef00c0-1a7d-4c97-9863-e29bc53e16cc name=User_52_68
2025/11/08 14:46:50 INFO session created token=1fb2e77a-5601-4872-a39d-8fc133597813 name=User_24_82
2025/11/08 14:46:50 INFO session created token=dfd8415d-53f6-4777-9cec-1e910dc58fe3 name=User_47_23
2025/11/08 14:46:50 INFO session created token=048f5a2d-8f6c-41c3-b55f-05fe080116f6 name=User_4_65
2025/11/08 14:46:50 INFO session removed token=187e69b9-c490-40a2-9333-88ed928046af
2025/11/08 14:46:50 INFO session removed token=db1cd9cb-b90e-44a5-8b4b-c5afc5f31096
2025/11/08 14:46:50 INFO session updated token=40ec5277-1fc2-452a-87e8-2e652387f716 tableID=0xc000148180 seatIndex=0xc000137e40
2025/11/08 14:46:50 INFO session created token=c8d489a4-74ad-4cd6-a296-9c164e552d7f name=User_93_72
2025/11/08 14:46:50 INFO session updated token=d59d6ca7-b92f-4262-bb3f-0a8187e0739f tableID=0xc0003ca1d0 seatIndex=0xc0003c5da0
2025/11/08 14:46:50 INFO session created token=9ea48eaf-831e-47ff-a7bf-97cb59c49952 name=User_0_79
2025/11/08 14:46:50 INFO session created token=9b86351d-f2b9-471b-b02b-bd11aa93b57f name=User_61_89
2025/11/08 14:46:50 INFO session created token=8699f926-a5c5-4c9d-a3e4-47f7d5dea319 name=User_40_49
2025/11/08 14:46:50 INFO session updated token=9ea48eaf-831e-47ff-a7bf-97cb59c49952 tableID=0xc0003ca400 seatIndex=0xc0003cc000
2025/11/08 14:46:50 INFO session created token=9f80fb29-ad59-45cb-a80e-8df2c0c6e1a9 name=User_14_40
2025/11/08 14:46:50 INFO session removed token=9ea48eaf-831e-47ff-a7bf-97cb59c49952
2025/11/08 14:46:50 INFO session created token=ae5e427e-f909-4022-98c0-e8e0ae71cc7a name=User_0_80
2025/11/08 14:46:50 INFO session updated token=ae5e427e-f909-4022-98c0-e8e0ae71cc7a tableID=0xc0003ca480 seatIndex=0xc0003cc080
2025/11/08 14:46:50 INFO session removed token=ae5e427e-f909-4022-98c0-e8e0ae71cc7a
2025/11/08 14:46:50 INFO session created token=afd82702-764d-4932-95b1-c0050d54c103 name=User_0_81
2025/11/08 14:46:50 INFO session updated token=afd82702-764d-4932-95b1-c0050d54c103 tableID=0xc0003ca4d0 seatIndex=0xc0003cc0d0
2025/11/08 14:46:50 INFO session removed token=afd82702-764d-4932-95b1-c0050d54c103
2025/11/08 14:46:50 INFO session created token=401079f3-a427-41c0-bf26-2b4f55443e27 name=User_0_82
2025/11/08 14:46:50 INFO session updated token=401079f3-a427-41c0-bf26-2b4f55443e27 tableID=0xc0003ca520 seatIndex=0xc0003cc120
2025/11/08 14:46:50 INFO session removed token=401079f3-a427-41c0-bf26-2b4f55443e27
2025/11/08 14:46:50 INFO session created token=2467089d-18e0-4bd1-97a7-632b071d140f name=User_0_83
2025/11/08 14:46:50 INFO session updated token=2467089d-18e0-4bd1-97a7-632b071d140f tableID=0xc0003ca570 seatIndex=0xc0003cc170
2025/11/08 14:46:50 INFO session removed token=2467089d-18e0-4bd1-97a7-632b071d140f
2025/11/08 14:46:50 INFO session created token=db5453c8-0593-49e5-9f8d-1da01fd6e50b name=User_0_84
2025/11/08 14:46:50 INFO session updated token=db5453c8-0593-49e5-9f8d-1da01fd6e50b tableID=0xc0003ca5c0 seatIndex=0xc0003cc1c0
2025/11/08 14:46:50 INFO session removed token=db5453c8-0593-49e5-9f8d-1da01fd6e50b
2025/11/08 14:46:50 INFO session created token=082a246d-c87c-43cc-a9bb-b2f54157c798 name=User_0_85
2025/11/08 14:46:50 INFO session updated token=082a246d-c87c-43cc-a9bb-b2f54157c798 tableID=0xc0003ca610 seatIndex=0xc0003cc210
2025/11/08 14:46:50 INFO session removed token=082a246d-c87c-43cc-a9bb-b2f54157c798
2025/11/08 14:46:50 INFO session created token=e1713b65-9b2d-4c24-92b2-3e5e27aa24fc name=User_0_86
2025/11/08 14:46:50 INFO session updated token=e1713b65-9b2d-4c24-92b2-3e5e27aa24fc tableID=0xc0003ca660 seatIndex=0xc0003cc260
2025/11/08 14:46:50 INFO session removed token=e1713b65-9b2d-4c24-92b2-3e5e27aa24fc
2025/11/08 14:46:50 INFO session updated token=9922d2fe-69c6-4b8f-92e7-54a33b673c85 tableID=0xc0002f79f0 seatIndex=0xc000129f60
2025/11/08 14:46:50 INFO session removed token=9922d2fe-69c6-4b8f-92e7-54a33b673c85
2025/11/08 14:46:50 INFO session created token=0c8cd7c9-5a86-4680-ab89-7a314bc3af76 name=User_53_38
2025/11/08 14:46:50 INFO session updated token=0c8cd7c9-5a86-4680-ab89-7a314bc3af76 tableID=0xc000334520 seatIndex=0xc00032a580
2025/11/08 14:46:50 INFO session removed token=0c8cd7c9-5a86-4680-ab89-7a314bc3af76
2025/11/08 14:46:50 INFO session created token=b2010012-914c-4c66-99fa-25f81cff98b1 name=User_53_39
2025/11/08 14:46:50 INFO session updated token=b2010012-914c-4c66-99fa-25f81cff98b1 tableID=0xc000334570 seatIndex=0xc00032a5d0
2025/11/08 14:46:50 INFO session removed token=b2010012-914c-4c66-99fa-25f81cff98b1
2025/11/08 14:46:50 INFO session created token=0b11b8dc-574b-4088-92fa-5463464cf462 name=User_53_40
2025/11/08 14:46:50 INFO session updated token=0b11b8dc-574b-4088-92fa-5463464cf462 tableID=0xc0003345c0 seatIndex=0xc00032a620
2025/11/08 14:46:50 INFO session removed token=0b11b8dc-574b-4088-92fa-5463464cf462
2025/11/08 14:46:50 INFO session created token=e6e4c8ef-2986-416f-8032-4581d87ef56f name=User_53_41
2025/11/08 14:46:50 INFO session updated token=e6e4c8ef-2986-416f-8032-4581d87ef56f tableID=0xc000334610 seatIndex=0xc00032a670
2025/11/08 14:46:50 INFO session removed token=e6e4c8ef-2986-416f-8032-4581d87ef56f
2025/11/08 14:46:50 INFO session created token=75ecb28b-0e9d-4c83-a6be-0bb40d67e249 name=User_53_42
2025/11/08 14:46:50 INFO session updated token=75ecb28b-0e9d-4c83-a6be-0bb40d67e249 tableID=0xc000334660 seatIndex=0xc00032a6c0
2025/11/08 14:46:50 INFO session removed token=75ecb28b-0e9d-4c83-a6be-0bb40d67e249
2025/11/08 14:46:50 INFO session created token=8bec296f-32bf-429f-8523-bb327b747d04 name=User_53_43
2025/11/08 14:46:50 INFO session updated token=8bec296f-32bf-429f-8523-bb327b747d04 tableID=0xc0003346b0 seatIndex=0xc00032a710
2025/11/08 14:46:50 INFO session removed token=8bec296f-32bf-429f-8523-bb327b747d04
2025/11/08 14:46:50 INFO session created token=59bb6c53-9d92-49b1-9d2a-d5d69b855d5a name=User_53_44
2025/11/08 14:46:50 INFO session updated token=59bb6c53-9d92-49b1-9d2a-d5d69b855d5a tableID=0xc000334700 seatIndex=0xc00032a760
2025/11/08 14:46:50 INFO session removed token=59bb6c53-9d92-49b1-9d2a-d5d69b855d5a
2025/11/08 14:46:50 INFO session created token=3e580ff2-081d-4589-b4e9-e0ed96f0bfd5 name=User_53_45
2025/11/08 14:46:50 INFO session updated token=3e580ff2-081d-4589-b4e9-e0ed96f0bfd5 tableID=0xc000334750 seatIndex=0xc00032a7b0
2025/11/08 14:46:50 INFO session removed token=3e580ff2-081d-4589-b4e9-e0ed96f0bfd5
2025/11/08 14:46:50 INFO session created token=12894f02-9577-4447-85a3-a842fcae6f70 name=User_53_46
2025/11/08 14:46:50 INFO session updated token=12894f02-9577-4447-85a3-a842fcae6f70 tableID=0xc0003347a0 seatIndex=0xc00032a800
2025/11/08 14:46:50 INFO session removed token=12894f02-9577-4447-85a3-a842fcae6f70
2025/11/08 14:46:50 INFO session created token=3b348e4a-644c-49ee-a198-85a2bc442cee name=User_53_47
2025/11/08 14:46:50 INFO session updated token=3b348e4a-644c-49ee-a198-85a2bc442cee tableID=0xc0003347f0 seatIndex=0xc00032a850
2025/11/08 14:46:50 INFO session removed token=3b348e4a-644c-49ee-a198-85a2bc442cee
2025/11/08 14:46:50 INFO session created token=01484432-14fa-461c-8054-140a2544f947 name=User_53_48
2025/11/08 14:46:50 INFO session created token=4d5de6dc-9c87-44af-a898-422b8f94008a name=User_44_36
2025/11/08 14:46:50 INFO session updated token=01484432-14fa-461c-8054-140a2544f947 tableID=0xc000334840 seatIndex=0xc00032a8a0
2025/11/08 14:46:50 INFO session removed token=01484432-14fa-461c-8054-140a2544f947
2025/11/08 14:46:50 INFO session created token=dc9bc7de-1ed4-43ff-ba22-795fc39a3996 name=User_53_49
2025/11/08 14:46:50 INFO session updated token=dc9bc7de-1ed4-43ff-ba22-795fc39a3996 tableID=0xc0003348a0 seatIndex=0xc00032a900
2025/11/08 14:46:50 INFO session removed token=dc9bc7de-1ed4-43ff-ba22-795fc39a3996
2025/11/08 14:46:50 INFO session created token=dee5a9a4-c2c2-45d7-be7b-5878b73def0d name=User_53_50
2025/11/08 14:46:50 INFO session updated token=dee5a9a4-c2c2-45d7-be7b-5878b73def0d tableID=0xc0003348f0 seatIndex=0xc00032a950
2025/11/08 14:46:50 INFO session removed token=dee5a9a4-c2c2-45d7-be7b-5878b73def0d
2025/11/08 14:46:50 INFO session created token=59ec6674-af92-495e-b54b-b4cad1ca320e name=User_53_51
2025/11/08 14:46:50 INFO session updated token=59ec6674-af92-495e-b54b-b4cad1ca320e tableID=0xc000334940 seatIndex=0xc00032a9a0
2025/11/08 14:46:50 INFO session removed token=59ec6674-af92-495e-b54b-b4cad1ca320e
2025/11/08 14:46:50 INFO session created token=131ec719-8f26-4c8c-99b3-00dfb652b68b name=User_53_52
2025/11/08 14:46:50 INFO session updated token=131ec719-8f26-4c8c-99b3-00dfb652b68b tableID=0xc000334990 seatIndex=0xc00032a9f0
2025/11/08 14:46:50 INFO session removed token=131ec719-8f26-4c8c-99b3-00dfb652b68b
2025/11/08 14:46:50 INFO session created token=e3d87a3f-0ad7-4008-ba8e-1491aec142da name=User_53_53
2025/11/08 14:46:50 INFO session updated token=83237a78-29fa-4f29-a4e2-8a558dd39b18 tableID=0xc0001b5a80 seatIndex=0xc0001b3b00
2025/11/08 14:46:50 INFO session created token=eaa8de8b-8b66-4f0f-9754-0743a5dbb6ac name=User_63_32
2025/11/08 14:46:50 INFO session removed token=83237a78-29fa-4f29-a4e2-8a558dd39b18
2025/11/08 14:46:50 INFO session created token=93eaf469-b9df-4aec-81fe-2c42c242f983 name=User_75_38
2025/11/08 14:46:50 INFO session updated token=4d5de6dc-9c87-44af-a898-422b8f94008a tableID=0xc000334860 seatIndex=0xc00032a8d0
2025/11/08 14:46:50 INFO session removed token=4d5de6dc-9c87-44af-a898-422b8f94008a
2025/11/08 14:46:50 INFO session created token=c7fe896a-e3d7-438f-87fe-b432599d3e37 name=User_44_37
2025/11/08 14:46:50 INFO session updated token=c7fe896a-e3d7-438f-87fe-b432599d3e37 tableID=0xc0002f7c00 seatIndex=0xc0002f8170
2025/11/08 14:46:50 INFO session removed token=c7fe896a-e3d7-438f-87fe-b432599d3e37
2025/11/08 14:46:50 INFO session created token=00275022-f999-4917-9e37-edec5b8a640c name=User_44_38
2025/11/08 14:46:50 INFO session updated token=00275022-f999-4917-9e37-edec5b8a640c tableID=0xc0002f7c50 seatIndex=0xc0002f81c0
2025/11/08 14:46:50 INFO session removed token=00275022-f999-4917-9e37-edec5b8a640c
2025/11/08 14:46:50 INFO session created token=7ac1bb04-bc2f-498d-82ff-78aa73ba7e9c name=User_44_39
2025/11/08 14:46:50 INFO session updated token=7ac1bb04-bc2f-498d-82ff-78aa73ba7e9c tableID=0xc0002f7ca0 seatIndex=0xc0002f8210
2025/11/08 14:46:50 INFO session removed token=7ac1bb04-bc2f-498d-82ff-78aa73ba7e9c
2025/11/08 14:46:50 INFO session created token=4530433b-da38-477f-92d6-1156eba6a964 name=User_44_40
2025/11/08 14:46:50 INFO session updated token=4530433b-da38-477f-92d6-1156eba6a964 tableID=0xc0002f7cf0 seatIndex=0xc0002f8260
2025/11/08 14:46:50 INFO session removed token=4530433b-da38-477f-92d6-1156eba6a964
2025/11/08 14:46:50 INFO session updated token=3937ac0a-5a72-4bc8-831a-200f9dd4b6eb tableID=0xc000334330 seatIndex=0xc00032a3b0
2025/11/08 14:46:50 INFO session removed token=3937ac0a-5a72-4bc8-831a-200f9dd4b6eb
2025/11/08 14:46:50 INFO session created token=a0cb7be8-46f8-4755-a690-306da53e8120 name=User_56_40
2025/11/08 14:46:50 INFO session updated token=a0cb7be8-46f8-4755-a690-306da53e8120 tableID=0xc0002b0eb0 seatIndex=0xc0002b2d40
2025/11/08 14:46:50 INFO session removed token=a0cb7be8-46f8-4755-a690-306da53e8120
2025/11/08 14:46:50 INFO session created token=75459b0d-cc42-4df3-8f04-e4d66e331d22 name=User_56_41
2025/11/08 14:46:50 INFO session updated token=75459b0d-cc42-4df3-8f04-e4d66e331d22 tableID=0xc0002b0f00 seatIndex=0xc0002b2d90
2025/11/08 14:46:50 INFO session removed token=75459b0d-cc42-4df3-8f04-e4d66e331d22
2025/11/08 14:46:50 INFO session created token=b7392eb5-827f-4388-892c-beeddb2c6320 name=User_56_42
2025/11/08 14:46:50 INFO session updated token=b7392eb5-827f-4388-892c-beeddb2c6320 tableID=0xc0002b0f50 seatIndex=0xc0002b2de0
2025/11/08 14:46:50 INFO session removed token=b7392eb5-827f-4388-892c-beeddb2c6320
2025/11/08 14:46:50 INFO session created token=aa8f6847-66ce-491b-821c-a4145d4189b7 name=User_56_43
2025/11/08 14:46:50 INFO session updated token=aa8f6847-66ce-491b-821c-a4145d4189b7 tableID=0xc0002b0fa0 seatIndex=0xc0002b2e30
2025/11/08 14:46:50 INFO session removed token=aa8f6847-66ce-491b-821c-a4145d4189b7
2025/11/08 14:46:50 INFO session updated token=15ac87ae-54c7-492b-a193-f1fe9a07a33b tableID=0xc0001b5a90 seatIndex=0xc0001b3b10
2025/11/08 14:46:50 INFO session removed token=15ac87ae-54c7-492b-a193-f1fe9a07a33b
2025/11/08 14:46:50 INFO session created token=3e2fbce1-6e5f-47d2-a790-f893dd0d305e name=User_27_80
2025/11/08 14:46:50 INFO session updated token=3e2fbce1-6e5f-47d2-a790-f893dd0d305e tableID=0xc0002f7d60 seatIndex=0xc0002f82f0
2025/11/08 14:46:50 INFO session removed token=3e2fbce1-6e5f-47d2-a790-f893dd0d305e
2025/11/08 14:46:50 INFO session created token=ad6071a1-6b59-482d-b788-664ca449a05b name=User_27_81
2025/11/08 14:46:50 INFO session updated token=ad6071a1-6b59-482d-b788-664ca449a05b tableID=0xc0002f7db0 seatIndex=0xc0002f8340
2025/11/08 14:46:50 INFO session removed token=ad6071a1-6b59-482d-b788-664ca449a05b
2025/11/08 14:46:50 INFO session created token=eb41bb4c-3ed5-4926-a792-54876ab9fd96 name=User_27_82
2025/11/08 14:46:50 INFO session updated token=eb41bb4c-3ed5-4926-a792-54876ab9fd96 tableID=0xc0002f7e00 seatIndex=0xc0002f8390
2025/11/08 14:46:50 INFO session removed token=eb41bb4c-3ed5-4926-a792-54876ab9fd96
2025/11/08 14:46:50 INFO session created token=5d3486c5-7058-4bbc-bd3e-3bc405f09523 name=User_27_83
2025/11/08 14:46:50 INFO session updated token=7071a9fb-0bb6-42b1-8032-884e78dcbf7f tableID=0xc000334340 seatIndex=0xc00032a3c0
2025/11/08 14:46:50 INFO session removed token=7071a9fb-0bb6-42b1-8032-884e78dcbf7f
2025/11/08 14:46:50 INFO session created token=2792974d-c540-4874-bd11-95016cd6d9d8 name=User_98_38
2025/11/08 14:46:50 INFO session updated token=2792974d-c540-4874-bd11-95016cd6d9d8 tableID=0xc0002b1010 seatIndex=0xc0002b2ec0
2025/11/08 14:46:50 INFO session removed token=2792974d-c540-4874-bd11-95016cd6d9d8
2025/11/08 14:46:50 INFO session created token=ddf7bd2e-9f16-44fb-ac61-dcec963c57f7 name=User_98_39
2025/11/08 14:46:50 INFO session updated token=ddf7bd2e-9f16-44fb-ac61-dcec963c57f7 tableID=0xc0002b1060 seatIndex=0xc0002b2f10
2025/11/08 14:46:50 INFO session removed token=ddf7bd2e-9f16-44fb-ac61-dcec963c57f7
2025/11/08 14:46:50 INFO session created token=76ada35a-4105-4895-832e-187aef21634f name=User_98_40
2025/11/08 14:46:50 INFO session updated token=76ada35a-4105-4895-832e-187aef21634f tableID=0xc0002b10b0 seatIndex=0xc0002b2f60
2025/11/08 14:46:50 INFO session removed token=76ada35a-4105-4895-832e-187aef21634f
2025/11/08 14:46:50 INFO session created token=f04611e9-6238-4282-9151-1f6302f93be5 name=User_98_41
2025/11/08 14:46:50 INFO session updated token=f04611e9-6238-4282-9151-1f6302f93be5 tableID=0xc0002b1100 seatIndex=0xc0002b2fb0
2025/11/08 14:46:50 INFO session removed token=f04611e9-6238-4282-9151-1f6302f93be5
2025/11/08 14:46:50 INFO session updated token=a922548a-0955-4748-90d0-c3c41db86e7a tableID=0xc0001b5aa0 seatIndex=0xc0001b3b20
2025/11/08 14:46:50 INFO session removed token=a922548a-0955-4748-90d0-c3c41db86e7a
2025/11/08 14:46:50 INFO session created token=f05acaf6-4c0c-472f-adba-fd46fc46fe21 name=User_88_30
2025/11/08 14:46:50 INFO session updated token=f05acaf6-4c0c-472f-adba-fd46fc46fe21 tableID=0xc0002f7ea0 seatIndex=0xc0002f8430
2025/11/08 14:46:50 INFO session removed token=f05acaf6-4c0c-472f-adba-fd46fc46fe21
2025/11/08 14:46:50 INFO session created token=2ae86f1d-fc2f-4ac1-a96b-8e7194f6b5a5 name=User_88_31
2025/11/08 14:46:50 INFO session updated token=2ae86f1d-fc2f-4ac1-a96b-8e7194f6b5a5 tableID=0xc0002f7ef0 seatIndex=0xc0002f8480
2025/11/08 14:46:50 INFO session removed token=2ae86f1d-fc2f-4ac1-a96b-8e7194f6b5a5
2025/11/08 14:46:50 INFO session updated token=44e59bd9-ce58-4733-85ad-a923fa42987d tableID=0xc0001b5ac0 seatIndex=0xc0001b3b50
2025/11/08 14:46:50 INFO session removed token=dccf7d95-7e5c-4447-886d-6e3299430296
2025/11/08 14:46:50 INFO session removed token=a05c56f7-df07-4e4c-a23b-8bfd5310282c
2025/11/08 14:46:50 INFO session created token=e1a7d79a-d99b-430e-8f08-f9888cec4c05 name=User_73_27
2025/11/08 14:46:50 INFO session created token=c2435aec-54b0-4dc0-8f4f-a202996b9210 name=User_72_31
2025/11/08 14:46:50 INFO session updated token=95ea97f0-5aa1-4f90-971d-1032dff1ad3b tableID=0xc00023fc00 seatIndex=0xc0002438d0
2025/11/08 14:46:50 INFO session created token=566b8d42-fed0-422f-80d3-50cd7eab303c name=User_38_21
2025/11/08 14:46:50 INFO session removed token=16eb325c-5409-46d5-8f1c-f3198740c4a5
2025/11/08 14:46:50 INFO session updated token=9de336e8-66ff-4021-bd80-29aa343a851e tableID=0xc000334390 seatIndex=0xc00032a430
2025/11/08 14:46:50 INFO session updated token=20d13f97-e337-421c-85cd-e78b4bb6149d tableID=0xc0003343a0 seatIndex=0xc00032a440
2025/11/08 14:46:50 INFO session updated token=aba5d5b8-2260-4c30-92db-4ecfb9591214 tableID=0xc0002f7a30 seatIndex=0xc000129f70
2025/11/08 14:46:50 INFO session removed token=239f1000-800b-4257-ba1a-ecea440efbd3
2025/11/08 14:46:50 INFO session updated token=be63a833-c487-4845-8e46-c68089b30d0f tableID=0xc0002f7a70 seatIndex=0xc000129fa0
2025/11/08 14:46:50 INFO session updated token=e1d72f8a-e349-4353-90e8-9ec8a75438d3 tableID=0xc0002f7a80 seatIndex=0xc000129fb0
2025/11/08 14:46:50 INFO session removed token=6abdde2b-db65-4b2a-a955-d7c676ef412e
2025/11/08 14:46:50 INFO session removed token=4ed7d755-fcb3-4c82-8324-8f9f4223fb10
2025/11/08 14:46:50 INFO session removed token=bda2438a-c35f-4f73-ae84-d8b083e37ccc
2025/11/08 14:46:50 INFO session removed token=4e1d3419-41a1-4762-8b1b-086999c2acdb
2025/11/08 14:46:50 INFO session updated token=3e44e1c9-efad-42c2-897d-66f936e112a1 tableID=0xc0002f7ad0 seatIndex=0xc0002f8040
2025/11/08 14:46:50 INFO session removed token=969139ad-3fdf-4231-a081-f598876dada7
2025/11/08 14:46:50 INFO session removed token=b1dbd4a4-c2d0-498e-9c35-ca2df23637d5
2025/11/08 14:46:50 INFO session updated token=59978261-34e5-4909-b5d5-dd1c2b1e504b tableID=0xc00023fc50 seatIndex=0xc0002438e0
2025/11/08 14:46:50 INFO session removed token=67147fb6-4387-41e9-9d32-a45ad86f9f41
2025/11/08 14:46:50 INFO session updated token=dbf9faa1-b58a-4846-9606-f2ea493fb491 tableID=0xc000334400 seatIndex=0xc00032a470
2025/11/08 14:46:50 INFO session updated token=1b2e6734-c6d5-4071-bc5d-e30315e8ec60 tableID=0xc00023fc80 seatIndex=0xc0002438f0
2025/11/08 14:46:50 INFO session updated token=e67c4fbc-0f8f-43f0-889c-684d0e9ffc91 tableID=0xc0001b5b30 seatIndex=0xc0001b3ba0
2025/11/08 14:46:50 INFO session removed token=ea98b888-7fb4-4205-b40b-e1a630bdad12
2025/11/08 14:46:50 INFO session created token=627050d8-057e-4eee-ac40-c2e1ea921d2f name=User_49_61
2025/11/08 14:46:50 INFO session updated token=f5190421-5822-4ea2-b9f3-bca9a9acc7c8 tableID=0xc000334410 seatIndex=0xc00032a480
2025/11/08 14:46:50 INFO session created token=ea5cbcf5-8826-49e3-8f3d-be19ad79f036 name=User_48_91
2025/11/08 14:46:50 INFO session updated token=930592ce-94f4-4807-be45-af49c06326a7 tableID=0xc000334430 seatIndex=0xc00032a490
2025/11/08 14:46:50 INFO session created token=d3b99941-9a7e-4a3a-a3c0-20a2425063d0 name=User_58_38
2025/11/08 14:46:50 INFO session removed token=14857ec8-7b08-4842-b39b-1e37f5343b0c
2025/11/08 14:46:50 INFO session removed token=930592ce-94f4-4807-be45-af49c06326a7
2025/11/08 14:46:50 INFO session created token=c172307d-55fe-45ae-8fdb-f96bcf8b3734 name=User_11_59
2025/11/08 14:46:50 INFO session updated token=c172307d-55fe-45ae-8fdb-f96bcf8b3734 tableID=0xc0002fc020 seatIndex=0xc0002f85a0
2025/11/08 14:46:50 INFO session removed token=c172307d-55fe-45ae-8fdb-f96bcf8b3734
2025/11/08 14:46:50 INFO session created token=ab63e4a1-a5e5-4e3c-b154-d075d65b1fde name=User_11_60
2025/11/08 14:46:50 INFO session updated token=ab63e4a1-a5e5-4e3c-b154-d075d65b1fde tableID=0xc0002fc070 seatIndex=0xc0002f85f0
2025/11/08 14:46:50 INFO session removed token=ab63e4a1-a5e5-4e3c-b154-d075d65b1fde
2025/11/08 14:46:50 INFO session created token=77ca61a6-0710-4295-9985-d00f3e602208 name=User_11_61
2025/11/08 14:46:50 INFO session updated token=77ca61a6-0710-4295-9985-d00f3e602208 tableID=0xc0002fc0c0 seatIndex=0xc0002f8640
2025/11/08 14:46:50 INFO session removed token=77ca61a6-0710-4295-9985-d00f3e602208
2025/11/08 14:46:50 INFO session created token=d92f3a12-ea7f-418c-9904-19add116d59c name=User_11_62
2025/11/08 14:46:50 INFO session updated token=d92f3a12-ea7f-418c-9904-19add116d59c tableID=0xc0002fc110 seatIndex=0xc0002f8690
2025/11/08 14:46:50 INFO session removed token=d92f3a12-ea7f-418c-9904-19add116d59c
2025/11/08 14:46:50 INFO session created token=fbc1b133-9b7d-4523-bdba-22e4492c67b5 name=User_11_63
2025/11/08 14:46:50 INFO session updated token=fbc1b133-9b7d-4523-bdba-22e4492c67b5 tableID=0xc0002fc160 seatIndex=0xc0002f86e0
2025/11/08 14:46:50 INFO session removed token=fbc1b133-9b7d-4523-bdba-22e4492c67b5
2025/11/08 14:46:50 INFO session created token=61a3d87d-1636-428b-abaa-2b409cee6ac8 name=User_28_52
2025/11/08 14:46:50 INFO session created token=78dd9022-7ee9-4388-9f08-6d6cc11ce384 name=User_11_64
2025/11/08 14:46:50 INFO session removed token=ce65bdef-28c7-47a6-a65f-94dd79a99d79
2025/11/08 14:46:50 INFO session removed token=cfd58acf-379e-4ffd-97ce-cf3f72d9131f
2025/11/08 14:46:50 INFO session removed token=819eee7b-f60c-4890-a9fe-15947aaaecf9
2025/11/08 14:46:50 INFO session removed token=2fd0966c-edb7-4b14-98ef-6b042d2afb76
2025/11/08 14:46:50 INFO session updated token=675d2f58-550a-4efd-a1da-c406384032e0 tableID=0xc0002b0d60 seatIndex=0xc0002b2c50
2025/11/08 14:46:50 INFO session updated token=f4ef00c0-1a7d-4c97-9863-e29bc53e16cc tableID=0xc0002b0d80 seatIndex=0xc0002b2c60
2025/11/08 14:46:50 INFO session updated token=1fb2e77a-5601-4872-a39d-8fc133597813 tableID=0xc0002b0d90 seatIndex=0xc0002b2c70
2025/11/08 14:46:50 INFO session updated token=dfd8415d-53f6-4777-9cec-1e910dc58fe3 tableID=0xc0002b0da0 seatIndex=0xc0002b2c80
2025/11/08 14:46:50 INFO session updated token=048f5a2d-8f6c-41c3-b55f-05fe080116f6 tableID=0xc0002b0db0 seatIndex=0xc0002b2c90
2025/11/08 14:46:50 INFO session removed token=40ec5277-1fc2-452a-87e8-2e652387f716
2025/11/08 14:46:50 INFO session updated token=c8d489a4-74ad-4cd6-a296-9c164e552d7f tableID=0xc0002b0df0 seatIndex=0xc0002b2ce0
2025/11/08 14:46:50 INFO session removed token=d59d6ca7-b92f-4262-bb3f-0a8187e0739f
2025/11/08 14:46:50 INFO session created token=ae8d882c-5820-4f56-b832-a364b6f90857 name=User_16_23
2025/11/08 14:46:50 INFO session updated token=9b86351d-f2b9-471b-b02b-bd11aa93b57f tableID=0xc0003ca420 seatIndex=0xc0003cc030
2025/11/08 14:46:50 INFO session created token=620bc3cc-a8b2-4326-bfcf-df2eb3bb2ec6 name=User_86_37
2025/11/08 14:46:50 INFO session created token=7c41c83e-2790-4398-b850-9f51c63e215a name=User_51_21
2025/11/08 14:46:50 INFO session created token=1aa69683-db93-4e05-83df-16ae38944579 name=User_42_57
2025/11/08 14:46:50 INFO session updated token=8699f926-a5c5-4c9d-a3e4-47f7d5dea319 tableID=0xc0003ca430 seatIndex=0xc0003cc040
2025/11/08 14:46:50 INFO session created token=7455a50c-f924-4eb8-a194-76824afefd10 name=User_46_86
2025/11/08 14:46:50 INFO session created token=a277ef12-d190-4b03-83a1-feca6945687d name=User_8_64
2025/11/08 14:46:50 INFO session updated token=9f80fb29-ad59-45cb-a80e-8df2c0c6e1a9 tableID=0xc0003ca450 seatIndex=0xc0003cc070
2025/11/08 14:46:50 INFO session updated token=e3d87a3f-0ad7-4008-ba8e-1491aec142da tableID=0xc0002f7b90 seatIndex=0xc0002f80f0
2025/11/08 14:46:50 INFO session removed token=e3d87a3f-0ad7-4008-ba8e-1491aec142da
2025/11/08 14:46:50 INFO session created token=b56897de-a7cd-4f4f-8946-637a3902fa4e name=User_0_87
2025/11/08 14:46:50 INFO session created token=f8cba3e1-b6ad-4798-a0a1-d16e0aa12a12 name=User_53_54
2025/11/08 14:46:50 INFO session updated token=b56897de-a7cd-4f4f-8946-637a3902fa4e tableID=0xc0002b13a0 seatIndex=0xc0002b3200
2025/11/08 14:46:50 INFO session removed token=b56897de-a7cd-4f4f-8946-637a3902fa4e
2025/11/08 14:46:50 INFO session created token=6dbe5c8d-95a5-486b-bfa3-7bad4f30654c name=User_0_88
2025/11/08 14:46:50 INFO session updated token=6dbe5c8d-95a5-486b-bfa3-7bad4f30654c tableID=0xc0002b1400 seatIndex=0xc0002b3260
2025/11/08 14:46:50 INFO session removed token=6dbe5c8d-95a5-486b-bfa3-7bad4f30654c
2025/11/08 14:46:50 INFO session created token=9e388c61-89d0-4318-b13a-76f39155d306 name=User_0_89
2025/11/08 14:46:50 INFO session updated token=9e388c61-89d0-4318-b13a-76f39155d306 tableID=0xc0002b1450 seatIndex=0xc0002b32b0
2025/11/08 14:46:50 INFO session removed token=9e388c61-89d0-4318-b13a-76f39155d306
2025/11/08 14:46:50 INFO session created token=50ae8f2c-a1c1-410d-902b-cb87d8e3ee75 name=User_0_90
2025/11/08 14:46:50 INFO session updated token=50ae8f2c-a1c1-410d-902b-cb87d8e3ee75 tableID=0xc0002b14a0 seatIndex=0xc0002b3300
2025/11/08 14:46:50 INFO session removed token=50ae8f2c-a1c1-410d-902b-cb87d8e3ee75
2025/11/08 14:46:50 INFO session created token=1554e248-3be6-4092-a8d4-f4c01c7a9b6f name=User_0_91
2025/11/08 14:46:50 INFO session updated token=1554e248-3be6-4092-a8d4-f4c01c7a9b6f tableID=0xc0002b14f0 seatIndex=0xc0002b3350
2025/11/08 14:46:50 INFO session removed token=1554e248-3be6-4092-a8d4-f4c01c7a9b6f
2025/11/08 14:46:50 INFO session created token=fa25bccf-e925-4bff-ad67-da4c10e5909d name=User_0_92
2025/11/08 14:46:50 INFO session updated token=fa25bccf-e925-4bff-ad67-da4c10e5909d tableID=0xc0002b1540 seatIndex=0xc0002b33a0
2025/11/08 14:46:50 INFO session removed token=fa25bccf-e925-4bff-ad67-da4c10e5909d
2025/11/08 14:46:50 INFO session created token=7cefd5a2-e67a-4542-a6b1-29daa8713e9d name=User_0_93
2025/11/08 14:46:50 INFO session updated token=7cefd5a2-e67a-4542-a6b1-29daa8713e9d tableID=0xc0002b1590 seatIndex=0xc0002b33f0
2025/11/08 14:46:50 INFO session removed token=7cefd5a2-e67a-4542-a6b1-29daa8713e9d
2025/11/08 14:46:50 INFO session created token=08d656b4-a5cc-49f6-829a-e8036fe3255a name=User_0_94
2025/11/08 14:46:50 INFO session updated token=08d656b4-a5cc-49f6-829a-e8036fe3255a tableID=0xc0002b15e0 seatIndex=0xc0002b3440
2025/11/08 14:46:50 INFO session removed token=08d656b4-a5cc-49f6-829a-e8036fe3255a
2025/11/08 14:46:50 INFO session created token=a552a9a7-caf2-4d76-86f0-fdef5b883616 name=User_0_95
2025/11/08 14:46:50 INFO session updated token=a552a9a7-caf2-4d76-86f0-fdef5b883616 tableID=0xc0002b1630 seatIndex=0xc0002b3490
2025/11/08 14:46:50 INFO session removed token=a552a9a7-caf2-4d76-86f0-fdef5b883616
2025/11/08 14:46:50 INFO session created token=39568d47-9aa6-469f-8ee2-d660d23e8745 name=User_0_96
2025/11/08 14:46:50 INFO session updated token=39568d47-9aa6-469f-8ee2-d660d23e8745 tableID=0xc0002b1680 seatIndex=0xc0002b34e0
2025/11/08 14:46:50 INFO session removed token=39568d47-9aa6-469f-8ee2-d660d23e8745
2025/11/08 14:46:50 INFO session created token=ea3db547-d74e-4738-b227-f1ea91063dae name=User_0_97
2025/11/08 14:46:50 INFO session updated token=eaa8de8b-8b66-4f0f-9754-0743a5dbb6ac tableID=0xc0002b0e40 seatIndex=0xc0002b2cf0
2025/11/08 14:46:50 INFO session removed token=eaa8de8b-8b66-4f0f-9754-0743a5dbb6ac
2025/11/08 14:46:50 INFO session created token=42588f8b-7154-4fd6-9ad5-53fb92d1751a name=User_63_33
2025/11/08 14:46:50 INFO session updated token=42588f8b-7154-4fd6-9ad5-53fb92d1751a tableID=0xc0003ca740 seatIndex=0xc0003cc420
2025/11/08 14:46:50 INFO session removed token=42588f8b-7154-4fd6-9ad5-53fb92d1751a
2025/11/08 14:46:50 INFO session created token=4462acc9-da59-493d-81a0-5b358856641f name=User_63_34
2025/11/08 14:46:50 INFO session updated token=4462acc9-da59-493d-81a0-5b358856641f tableID=0xc0003ca790 seatIndex=0xc0003cc470
2025/11/08 14:46:50 INFO session removed token=4462acc9-da59-493d-81a0-5b358856641f
2025/11/08 14:46:50 INFO session created token=7a4bbb74-4ac9-4111-9c26-be659ef165a3 name=User_63_35
2025/11/08 14:46:50 INFO session updated token=7a4bbb74-4ac9-4111-9c26-be659ef165a3 tableID=0xc0003ca7e0 seatIndex=0xc0003cc4c0
2025/11/08 14:46:50 INFO session removed token=7a4bbb74-4ac9-4111-9c26-be659ef165a3
2025/11/08 14:46:50 INFO session updated token=93eaf469-b9df-4aec-81fe-2c42c242f983 tableID=0xc0002f7bc0 seatIndex=0xc0002f8140
2025/11/08 14:46:50 INFO session removed token=93eaf469-b9df-4aec-81fe-2c42c242f983
2025/11/08 14:46:50 INFO session created token=f096e62c-82c3-4528-93b0-1bc0a0b87af6 name=User_75_39
2025/11/08 14:46:50 INFO session updated token=f096e62c-82c3-4528-93b0-1bc0a0b87af6 tableID=0xc0002b1710 seatIndex=0xc0002b3570
2025/11/08 14:46:50 INFO session removed token=f096e62c-82c3-4528-93b0-1bc0a0b87af6
2025/11/08 14:46:50 INFO session created token=bf452807-59d2-49d6-93cc-3a2e7b7e69e3 name=User_75_40
2025/11/08 14:46:50 INFO session updated token=bf452807-59d2-49d6-93cc-3a2e7b7e69e3 tableID=0xc0002b1760 seatIndex=0xc0002b35c0
2025/11/08 14:46:50 INFO session removed token=bf452807-59d2-49d6-93cc-3a2e7b7e69e3
2025/11/08 14:46:50 INFO session created token=b6c1bacd-057b-47ad-ad00-16559d36f456 name=User_75_41
2025/11/08 14:46:50 INFO session updated token=b6c1bacd-057b-47ad-ad00-16559d36f456 tableID=0xc0002b17b0 seatIndex=0xc0002b3610
2025/11/08 14:46:50 INFO session removed token=b6c1bacd-057b-47ad-ad00-16559d36f456
2025/11/08 14:46:50 INFO session created token=b75e664e-1f38-4ed8-8926-228b85a34baf name=User_75_42
2025/11/08 14:46:50 INFO session updated token=b75e664e-1f38-4ed8-8926-228b85a34baf tableID=0xc0002b1800 seatIndex=0xc0002b3660
2025/11/08 14:46:50 INFO session removed token=b75e664e-1f38-4ed8-8926-228b85a34baf
2025/11/08 14:46:50 INFO session created token=1573709a-b63f-43d7-9004-f91e8c036412 name=User_75_43
2025/11/08 14:46:50 INFO session updated token=1573709a-b63f-43d7-9004-f91e8c036412 tableID=0xc0002b1850 seatIndex=0xc0002b36b0
2025/11/08 14:46:50 INFO session removed token=1573709a-b63f-43d7-9004-f91e8c036412
2025/11/08 14:46:50 INFO session created token=28a3450a-878e-4c55-aa76-820f222a1460 name=User_75_44
2025/11/08 14:46:50 INFO session created token=4ca99233-58e6-4e5a-bc7c-f3d56b2cf841 name=User_44_41
2025/11/08 14:46:50 INFO session created token=232c200a-1c32-4b8b-9072-d1ca3441404d name=User_56_44
2025/11/08 14:46:50 INFO session updated token=4ca99233-58e6-4e5a-bc7c-f3d56b2cf841 tableID=0xc00023fd10 seatIndex=0xc000243980
2025/11/08 14:46:50 INFO session removed token=4ca99233-58e6-4e5a-bc7c-f3d56b2cf841
2025/11/08 14:46:50 INFO session created token=dc95ec45-05db-4fb7-9747-899c08c86ba9 name=User_44_42
2025/11/08 14:46:50 INFO session updated token=dc95ec45-05db-4fb7-9747-899c08c86ba9 tableID=0xc00023fd70 seatIndex=0xc0002439e0
2025/11/08 14:46:50 INFO session removed token=dc95ec45-05db-4fb7-9747-899c08c86ba9
2025/11/08 14:46:50 INFO session created token=826377a1-c508-40d6-a0b7-5310d99ca7a6 name=User_44_43
2025/11/08 14:46:50 INFO session updated token=826377a1-c508-40d6-a0b7-5310d99ca7a6 tableID=0xc00023fdc0 seatIndex=0xc000243a30
2025/11/08 14:46:50 INFO session removed token=826377a1-c508-40d6-a0b7-5310d99ca7a6
2025/11/08 14:46:50 INFO session created token=eb6a6a04-283f-4d72-8f4b-4a2096963571 name=User_44_44
2025/11/08 14:46:50 INFO session updated token=eb6a6a04-283f-4d72-8f4b-4a2096963571 tableID=0xc00023fe10 seatIndex=0xc000243a80
2025/11/08 14:46:50 INFO session removed token=eb6a6a04-283f-4d72-8f4b-4a2096963571
2025/11/08 14:46:50 INFO session created token=d17b0384-b606-4aeb-93d4-df69b0b0d239 name=User_44_45
2025/11/08 14:46:50 INFO session updated token=d17b0384-b606-4aeb-93d4-df69b0b0d239 tableID=0xc00023fe60 seatIndex=0xc000243ad0
2025/11/08 14:46:50 INFO session removed token=d17b0384-b606-4aeb-93d4-df69b0b0d239
2025/11/08 14:46:50 INFO session created token=756b7f70-4b7d-4651-ad76-b403e054c913 name=User_44_46
2025/11/08 14:46:50 INFO session updated token=756b7f70-4b7d-4651-ad76-b403e054c913 tableID=0xc00023feb0 seatIndex=0xc000243b20
2025/11/08 14:46:50 INFO session removed token=756b7f70-4b7d-4651-ad76-b403e054c913
2025/11/08 14:46:50 INFO session created token=dcc16f73-ee6b-4899-a84a-be2d16aa732a name=User_44_47
2025/11/08 14:46:50 INFO session updated token=dcc16f73-ee6b-4899-a84a-be2d16aa732a tableID=0xc00023ff00 seatIndex=0xc000243b70
2025/11/08 14:46:50 INFO session removed token=dcc16f73-ee6b-4899-a84a-be2d16aa732a
2025/11/08 14:46:50 INFO session created token=0e15c6c7-2083-4fef-836d-e1fb52dee044 name=User_44_48
2025/11/08 14:46:50 INFO session updated token=5d3486c5-7058-4bbc-bd3e-3bc405f09523 tableID=0xc0002f7e50 seatIndex=0xc0002f83e0
2025/11/08 14:46:50 INFO session removed token=5d3486c5-7058-4bbc-bd3e-3bc405f09523
2025/11/08 14:46:50 INFO session created token=3a3042db-3745-41e1-9285-37a0d57a22e9 name=User_27_84
2025/11/08 14:46:50 INFO session updated token=3a3042db-3745-41e1-9285-37a0d57a22e9 tableID=0xc000252010 seatIndex=0xc000243bf0
2025/11/08 14:46:50 INFO session removed token=3a3042db-3745-41e1-9285-37a0d57a22e9
2025/11/08 14:46:50 INFO session created token=e268efa3-48d8-4f1f-ac55-1163336cb6f1 name=User_27_85
2025/11/08 14:46:50 INFO session updated token=e268efa3-48d8-4f1f-ac55-1163336cb6f1 tableID=0xc000252060 seatIndex=0xc000243c40
2025/11/08 14:46:50 INFO session removed token=e268efa3-48d8-4f1f-ac55-1163336cb6f1
2025/11/08 14:46:50 INFO session created token=20df8988-6f3e-403c-97c2-c6aceda7fd74 name=User_27_86
2025/11/08 14:46:50 INFO session updated token=20df8988-6f3e-403c-97c2-c6aceda7fd74 tableID=0xc0002520b0 seatIndex=0xc000243c90
2025/11/08 14:46:50 INFO session removed token=20df8988-6f3e-403c-97c2-c6aceda7fd74
2025/11/08 14:46:50 INFO session created token=1c646df3-ff26-49d3-bf0f-ae5662993437 name=User_27_87
2025/11/08 14:46:50 INFO session created token=8bc9dbe7-e82c-40f4-a7e1-77d3c86ff2e3 name=User_98_42
2025/11/08 14:46:50 INFO session updated token=1c646df3-ff26-49d3-bf0f-ae5662993437 tableID=0xc000252100 seatIndex=0xc000243ce0
2025/11/08 14:46:50 INFO session removed token=1c646df3-ff26-49d3-bf0f-ae5662993437
2025/11/08 14:46:50 INFO session created token=ca96e8f7-0783-46a1-8ebf-5b74f4b01304 name=User_27_88
2025/11/08 14:46:50 INFO session updated token=ca96e8f7-0783-46a1-8ebf-5b74f4b01304 tableID=0xc000252160 seatIndex=0xc000243d40
2025/11/08 14:46:50 INFO session removed token=ca96e8f7-0783-46a1-8ebf-5b74f4b01304
2025/11/08 14:46:50 INFO session created token=e20c9ba2-40dd-4430-ba8c-e1bc55ee0796 name=User_27_89
2025/11/08 14:46:50 INFO session updated token=e20c9ba2-40dd-4430-ba8c-e1bc55ee0796 tableID=0xc0002521b0 seatIndex=0xc000243d90
2025/11/08 14:46:50 INFO session removed token=e20c9ba2-40dd-4430-ba8c-e1bc55ee0796
2025/11/08 14:46:50 INFO session created token=e2c8b0db-4dc9-4569-a6ae-5b7bc4b898c4 name=User_27_90
2025/11/08 14:46:50 INFO session created token=9a87479b-fa57-4bcf-b388-d85771a467d0 name=User_88_32
2025/11/08 14:46:50 INFO session updated token=e2c8b0db-4dc9-4569-a6ae-5b7bc4b898c4 tableID=0xc000252200 seatIndex=0xc000243de0
2025/11/08 14:46:50 INFO session removed token=e2c8b0db-4dc9-4569-a6ae-5b7bc4b898c4
2025/11/08 14:46:50 INFO session created token=328753c0-5729-4f6f-b96b-6efd3fc36057 name=User_27_91
2025/11/08 14:46:50 INFO session updated token=328753c0-5729-4f6f-b96b-6efd3fc36057 tableID=0xc000252260 seatIndex=0xc000243e40
2025/11/08 14:46:50 INFO session removed token=328753c0-5729-4f6f-b96b-6efd3fc36057
2025/11/08 14:46:50 INFO session created token=941bf26d-89dd-45b7-b8dd-b43f0e9cf13d name=User_27_92
2025/11/08 14:46:50 INFO session updated token=941bf26d-89dd-45b7-b8dd-b43f0e9cf13d tableID=0xc0002522b0 seatIndex=0xc000243e90
2025/11/08 14:46:50 INFO session removed token=941bf26d-89dd-45b7-b8dd-b43f0e9cf13d
2025/11/08 14:46:50 INFO session created token=66a5032b-4067-4b0b-ad10-4e8669f59499 name=User_27_93
2025/11/08 14:46:50 INFO session updated token=66a5032b-4067-4b0b-ad10-4e8669f59499 tableID=0xc000252300 seatIndex=0xc000243ee0
2025/11/08 14:46:50 INFO session removed token=66a5032b-4067-4b0b-ad10-4e8669f59499
2025/11/08 14:46:50 INFO session removed token=44e59bd9-ce58-4733-85ad-a923fa42987d
2025/11/08 14:46:50 INFO session created token=3c45ab36-888a-48f9-9889-0d02a2b7f60c name=User_37_44
2025/11/08 14:46:50 INFO session updated token=3c45ab36-888a-48f9-9889-0d02a2b7f60c tableID=0xc0002b1930 seatIndex=0xc0002b3750
2025/11/08 14:46:50 INFO session created token=9b5eb071-bbe9-43b9-9236-78ba94b81733 name=User_33_56
2025/11/08 14:46:50 INFO session removed token=3c45ab36-888a-48f9-9889-0d02a2b7f60c
2025/11/08 14:46:50 INFO session created token=294e69a0-2216-45a4-b984-a05753a7facf name=User_27_94
2025/11/08 14:46:50 INFO session created token=cfa9eded-c1f1-4a3c-9c27-22e24abd6cea name=User_30_52
2025/11/08 14:46:50 INFO session updated token=cfa9eded-c1f1-4a3c-9c27-22e24abd6cea tableID=0xc0002b1990 seatIndex=0xc0002b3790
2025/11/08 14:46:50 INFO session updated token=566b8d42-fed0-422f-80d3-50cd7eab303c tableID=0xc0002b1170 seatIndex=0xc0002b3020
2025/11/08 14:46:50 INFO session updated token=e1a7d79a-d99b-430e-8f08-f9888cec4c05 tableID=0xc0002f7f60 seatIndex=0xc0002f84f0
2025/11/08 14:46:50 INFO session removed token=95ea97f0-5aa1-4f90-971d-1032dff1ad3b
2025/11/08 14:46:50 INFO session updated token=c2435aec-54b0-4dc0-8f4f-a202996b9210 tableID=0xc0003349e0 seatIndex=0xc00032aa40
2025/11/08 14:46:50 INFO session removed token=be63a833-c487-4845-8e46-c68089b30d0f
2025/11/08 14:46:50 INFO session removed token=9de336e8-66ff-4021-bd80-29aa343a851e
2025/11/08 14:46:50 INFO session removed token=20d13f97-e337-421c-85cd-e78b4bb6149d
2025/11/08 14:46:50 INFO session removed token=aba5d5b8-2260-4c30-92db-4ecfb9591214
2025/11/08 14:46:50 INFO session removed token=e1d72f8a-e349-4353-90e8-9ec8a75438d3
2025/11/08 14:46:50 INFO session created token=db28785a-9a9f-41e1-87cd-2906bd98eef4 name=User_57_96
2025/11/08 14:46:50 INFO session created token=c8219a69-77f5-4303-8dbe-786f36201c17 name=User_77_27
2025/11/08 14:46:50 INFO session created token=214e4fbf-ae60-42c7-9eb7-3e227ffaa5c8 name=User_96_65
2025/11/08 14:46:50 INFO session created token=a12d1cb4-3a64-4027-ab65-64b3846a6e9f name=User_36_84
2025/11/08 14:46:50 INFO session removed token=3e44e1c9-efad-42c2-897d-66f936e112a1
2025/11/08 14:46:50 INFO session created token=dcc2c84a-04ee-4443-a71a-1ead8f45481c name=User_97_61
2025/11/08 14:46:50 INFO session created token=0294e3e6-5ebb-4b09-be9d-62fa055ccf38 name=User_64_27
2025/11/08 14:46:50 INFO session created token=3edb2744-4ca0-489a-b42f-d3877773c5d9 name=User_54_55
2025/11/08 14:46:50 INFO session removed token=59978261-34e5-4909-b5d5-dd1c2b1e504b
2025/11/08 14:46:50 INFO session removed token=dbf9faa1-b58a-4846-9606-f2ea493fb491
2025/11/08 14:46:50 INFO session removed token=1b2e6734-c6d5-4071-bc5d-e30315e8ec60
2025/11/08 14:46:50 INFO session removed token=e67c4fbc-0f8f-43f0-889c-684d0e9ffc91
2025/11/08 14:46:50 INFO session updated token=627050d8-057e-4eee-ac40-c2e1ea921d2f tableID=0xc0002b11a0 seatIndex=0xc0002b3030
2025/11/08 14:46:50 INFO session updated token=ea5cbcf5-8826-49e3-8f3d-be19ad79f036 tableID=0xc0002b11d0 seatIndex=0xc0002b3060
2025/11/08 14:46:50 INFO session removed token=f5190421-5822-4ea2-b9f3-bca9a9acc7c8
2025/11/08 14:46:50 INFO session updated token=d3b99941-9a7e-4a3a-a3c0-20a2425063d0 tableID=0xc0002b1200 seatIndex=0xc0002b3070
2025/11/08 14:46:50 INFO session updated token=61a3d87d-1636-428b-abaa-2b409cee6ac8 tableID=0xc0002b1230 seatIndex=0xc0002b3080
2025/11/08 14:46:50 INFO session removed token=61a3d87d-1636-428b-abaa-2b409cee6ac8
2025/11/08 14:46:50 INFO session created token=6a0a50df-77ac-4dd3-a992-d1eed43f46d4 name=User_28_53
2025/11/08 14:46:50 INFO session updated token=6a0a50df-77ac-4dd3-a992-d1eed43f46d4 tableID=0xc0002fc290 seatIndex=0xc0002f8810
2025/11/08 14:46:50 INFO session removed token=6a0a50df-77ac-4dd3-a992-d1eed43f46d4
2025/11/08 14:46:50 INFO session created token=18fc53a4-3d62-4c37-979b-6269c0722756 name=User_95_69
2025/11/08 14:46:50 INFO session created token=417325da-3ef0-44e9-87bb-b9c818c88726 name=User_28_54
2025/11/08 14:46:50 INFO session updated token=18fc53a4-3d62-4c37-979b-6269c0722756 tableID=0xc0002b1af0 seatIndex=0xc0002b3880
2025/11/08 14:46:50 INFO session created token=ba565b33-546f-4cf0-b897-a622b259efdc name=User_34_65
2025/11/08 14:46:50 INFO session created token=d61b2b1a-a5fe-4cca-8f61-27dd00bfef87 name=User_6_32
2025/11/08 14:46:50 INFO session created token=5788a2c5-117c-4dff-92c6-7b87fc88f3ab name=User_18_61
2025/11/08 14:46:50 INFO session created token=cd58d86d-e51d-4329-a2c5-f37217aa5f81 name=User_35_39
2025/11/08 14:46:50 INFO session created token=78451e9c-9a6a-47a0-beb0-47dfa9a24ab4 name=User_13_29
2025/11/08 14:46:50 INFO session updated token=417325da-3ef0-44e9-87bb-b9c818c88726 tableID=0xc0002b1b10 seatIndex=0xc0002b38f0
2025/11/08 14:46:50 INFO session created token=a4d29ba4-21de-40e1-9438-ed4b60b88a1b name=User_20_58
2025/11/08 14:46:50 INFO session created token=4b03debf-7797-4a73-b189-77d29db0b2d9 name=User_74_46
2025/11/08 14:46:50 INFO session removed token=417325da-3ef0-44e9-87bb-b9c818c88726
2025/11/08 14:46:50 INFO session created token=0f90baf5-0de4-4536-86dc-168917793bf1 name=User_28_55
2025/11/08 14:46:50 INFO session updated token=0f90baf5-0de4-4536-86dc-168917793bf1 tableID=0xc0002fc3c0 seatIndex=0xc0002f88d0
2025/11/08 14:46:50 INFO session removed token=0f90baf5-0de4-4536-86dc-168917793bf1
2025/11/08 14:46:50 INFO session created token=7702a858-f5b8-4b36-8a60-cff75e6958f3 name=User_28_56
2025/11/08 14:46:50 INFO session updated token=7702a858-f5b8-4b36-8a60-cff75e6958f3 tableID=0xc0002fc410 seatIndex=0xc0002f8920
2025/11/08 14:46:50 INFO session removed token=7702a858-f5b8-4b36-8a60-cff75e6958f3
2025/11/08 14:46:50 INFO session created token=7ae73027-78e9-4a02-9472-b178be4e5a0c name=User_28_57
2025/11/08 14:46:50 INFO session updated token=7ae73027-78e9-4a02-9472-b178be4e5a0c tableID=0xc0002fc460 seatIndex=0xc0002f8970
2025/11/08 14:46:50 INFO session removed token=7ae73027-78e9-4a02-9472-b178be4e5a0c
2025/11/08 14:46:50 INFO session created token=b3df6255-ffc4-4a48-a2b0-80dd34b06921 name=User_28_58
2025/11/08 14:46:50 INFO session updated token=b3df6255-ffc4-4a48-a2b0-80dd34b06921 tableID=0xc0002fc4b0 seatIndex=0xc0002f89c0
2025/11/08 14:46:50 INFO session removed token=b3df6255-ffc4-4a48-a2b0-80dd34b06921
2025/11/08 14:46:50 INFO session created token=d19ff094-afbe-4a52-ab3c-8fe9ce06665a name=User_28_59
2025/11/08 14:46:50 INFO session updated token=d19ff094-afbe-4a52-ab3c-8fe9ce06665a tableID=0xc0002fc500 seatIndex=0xc0002f8a10
2025/11/08 14:46:50 INFO session removed token=d19ff094-afbe-4a52-ab3c-8fe9ce06665a
2025/11/08 14:46:50 INFO session created token=371f0fc0-5be2-4b66-ba26-5362894a94e8 name=User_28_60
2025/11/08 14:46:50 INFO session updated token=371f0fc0-5be2-4b66-ba26-5362894a94e8 tableID=0xc0002fc550 seatIndex=0xc0002f8a60
2025/11/08 14:46:50 INFO session removed token=371f0fc0-5be2-4b66-ba26-5362894a94e8
2025/11/08 14:46:50 INFO session removed token=18fc53a4-3d62-4c37-979b-6269c0722756
2025/11/08 14:46:50 INFO session created token=5b55cec5-0aec-4812-976a-47605832870a name=User_95_70
2025/11/08 14:46:50 INFO session created token=f13b864f-b084-4507-8021-474b81c9c0cd name=User_28_61
2025/11/08 14:46:50 INFO session updated token=5b55cec5-0aec-4812-976a-47605832870a tableID=0xc0002b1b90 seatIndex=0xc0002b3950
2025/11/08 14:46:50 INFO session removed token=5b55cec5-0aec-4812-976a-47605832870a
2025/11/08 14:46:50 INFO session removed token=675d2f58-550a-4efd-a1da-c406384032e0
2025/11/08 14:46:50 INFO session created token=af2de17e-b064-4ac5-a6c6-09479ad7267d name=User_95_71
2025/11/08 14:46:50 INFO session created token=15f4fea5-f13f-4ac7-a2d0-df0491416e6e name=User_62_44
2025/11/08 14:46:50 INFO session updated token=af2de17e-b064-4ac5-a6c6-09479ad7267d tableID=0xc0002b1bf0 seatIndex=0xc0002b39b0
2025/11/08 14:46:50 INFO session removed token=af2de17e-b064-4ac5-a6c6-09479ad7267d
2025/11/08 14:46:50 INFO session created token=d7bf8afe-7080-4979-97b3-426b6133ed12 name=User_95_72
2025/11/08 14:46:50 INFO session updated token=d7bf8afe-7080-4979-97b3-426b6133ed12 tableID=0xc0002b1c50 seatIndex=0xc0002b3a10
2025/11/08 14:46:50 INFO session removed token=d7bf8afe-7080-4979-97b3-426b6133ed12
2025/11/08 14:46:50 INFO session created token=ea0ec713-da75-4266-b501-36ca8d6e3fe6 name=User_95_73
2025/11/08 14:46:50 INFO session updated token=ea0ec713-da75-4266-b501-36ca8d6e3fe6 tableID=0xc0002b1ca0 seatIndex=0xc0002b3a60
2025/11/08 14:46:50 INFO session removed token=ea0ec713-da75-4266-b501-36ca8d6e3fe6
2025/11/08 14:46:50 INFO session created token=4f41bd6d-60ff-43b6-b4c3-eb06a54dffb9 name=User_95_74
2025/11/08 14:46:50 INFO session updated token=4f41bd6d-60ff-43b6-b4c3-eb06a54dffb9 tableID=0xc0002b1cf0 seatIndex=0xc0002b3ab0
2025/11/08 14:46:50 INFO session removed token=4f41bd6d-60ff-43b6-b4c3-eb06a54dffb9
2025/11/08 14:46:50 INFO session updated token=620bc3cc-a8b2-4326-bfcf-df2eb3bb2ec6 tableID=0xc000334ba0 seatIndex=0xc00032abf0
2025/11/08 14:46:50 INFO session removed token=620bc3cc-a8b2-4326-bfcf-df2eb3bb2ec6
2025/11/08 14:46:50 INFO session created token=39e3695b-91eb-40bd-be7f-a921ad62c916 name=User_86_38
2025/11/08 14:46:50 INFO session updated token=39e3695b-91eb-40bd-be7f-a921ad62c916 tableID=0xc0003ca880 seatIndex=0xc0003cc580
2025/11/08 14:46:50 INFO session removed token=39e3695b-91eb-40bd-be7f-a921ad62c916
2025/11/08 14:46:50 INFO session created token=77268dc0-e563-42f5-861c-6c4ec34c7909 name=User_86_39
2025/11/08 14:46:50 INFO session updated token=77268dc0-e563-42f5-861c-6c4ec34c7909 tableID=0xc0003ca8d0 seatIndex=0xc0003cc5d0
2025/11/08 14:46:50 INFO session removed token=77268dc0-e563-42f5-861c-6c4ec34c7909
2025/11/08 14:46:50 INFO session created token=4e9dca21-42c4-4f15-8074-7b391764858e name=User_86_40
2025/11/08 14:46:50 INFO session updated token=4e9dca21-42c4-4f15-8074-7b391764858e tableID=0xc0003ca920 seatIndex=0xc0003cc620
2025/11/08 14:46:50 INFO session removed token=4e9dca21-42c4-4f15-8074-7b391764858e
2025/11/08 14:46:50 INFO session created token=171ee820-5005-4661-b6c2-4904387952ba name=User_86_41
2025/11/08 14:46:50 INFO session updated token=15f4fea5-f13f-4ac7-a2d0-df0491416e6e tableID=0xc0002b1c10 seatIndex=0xc0002b39e0
2025/11/08 14:46:50 INFO session removed token=15f4fea5-f13f-4ac7-a2d0-df0491416e6e
2025/11/08 14:46:50 INFO session removed token=9b86351d-f2b9-471b-b02b-bd11aa93b57f
2025/11/08 14:46:50 INFO session removed token=f4ef00c0-1a7d-4c97-9863-e29bc53e16cc
2025/11/08 14:46:50 INFO session removed token=1fb2e77a-5601-4872-a39d-8fc133597813
2025/11/08 14:46:50 INFO session created token=fdbd7585-c229-4fc8-9289-f252bd0c92f9 name=User_12_76
2025/11/08 14:46:50 INFO session removed token=dfd8415d-53f6-4777-9cec-1e910dc58fe3
2025/11/08 14:46:50 INFO session removed token=048f5a2d-8f6c-41c3-b55f-05fe080116f6
2025/11/08 14:46:50 INFO session removed token=c8d489a4-74ad-4cd6-a296-9c164e552d7f
2025/11/08 14:46:50 INFO session updated token=ae8d882c-5820-4f56-b832-a364b6f90857 tableID=0xc0002b1340 seatIndex=0xc0002b31c0
2025/11/08 14:46:50 INFO session updated token=7c41c83e-2790-4398-b850-9f51c63e215a tableID=0xc0002b1350 seatIndex=0xc0002b31d0
2025/11/08 14:46:50 INFO session updated token=7455a50c-f924-4eb8-a194-76824afefd10 tableID=0xc000334be0 seatIndex=0xc00032ac20
2025/11/08 14:46:50 INFO session created token=9283c201-e760-4e62-a9d3-4c9d075bda8d name=User_19_33
2025/11/08 14:46:50 INFO session created token=5fa88057-1ca6-41dc-a354-2eaeb491eed1 name=User_17_50
2025/11/08 14:46:50 INFO session created token=98338ff9-3ad2-467a-b0fa-051a4c22cdec name=User_79_45
2025/11/08 14:46:50 INFO session created token=013a76b7-3e0d-4a15-b7f7-27a0bfd5b747 name=User_99_83
2025/11/08 14:46:50 INFO session removed token=8699f926-a5c5-4c9d-a3e4-47f7d5dea319
2025/11/08 14:46:50 INFO session updated token=1aa69683-db93-4e05-83df-16ae38944579 tableID=0xc000334c00 seatIndex=0xc00032ac50
2025/11/08 14:46:50 INFO session updated token=a277ef12-d190-4b03-83a1-feca6945687d tableID=0xc000334c10 seatIndex=0xc00032ac60
2025/11/08 14:46:50 INFO session removed token=9f80fb29-ad59-45cb-a80e-8df2c0c6e1a9
2025/11/08 14:46:50 INFO session updated token=f8cba3e1-b6ad-4798-a0a1-d16e0aa12a12 tableID=0xc0002b13c0 seatIndex=0xc0002b3230
2025/11/08 14:46:50 INFO session updated token=ea3db547-d74e-4738-b227-f1ea91063dae tableID=0xc0003ca700 seatIndex=0xc0003cc3f0
2025/11/08 14:46:50 INFO session updated token=28a3450a-878e-4c55-aa76-820f222a1460 tableID=0xc0002b18a0 seatIndex=0xc0002b3700
2025/11/08 14:46:50 INFO session removed token=28a3450a-878e-4c55-aa76-820f222a1460
2025/11/08 14:46:50 INFO session created token=cc22a9fa-f9a9-46a2-8868-81ea22b4cdc8 name=User_75_45
2025/11/08 14:46:50 INFO session updated token=cc22a9fa-f9a9-46a2-8868-81ea22b4cdc8 tableID=0xc0001b5c90 seatIndex=0xc0001b3d30
2025/11/08 14:46:50 INFO session removed token=cc22a9fa-f9a9-46a2-8868-81ea22b4cdc8
2025/11/08 14:46:50 INFO session created token=8f587b8d-b0c1-4cd7-827d-c071fcc13551 name=User_75_46
2025/11/08 14:46:50 INFO session updated token=8f587b8d-b0c1-4cd7-827d-c071fcc13551 tableID=0xc0001b5ce0 seatIndex=0xc0001b3d80
2025/11/08 14:46:50 INFO session removed token=8f587b8d-b0c1-4cd7-827d-c071fcc13551
2025/11/08 14:46:50 INFO session created token=dd089023-7a94-40aa-95ab-4ec4041b544e name=User_75_47
2025/11/08 14:46:50 INFO session updated token=dd089023-7a94-40aa-95ab-4ec4041b544e tableID=0xc0001b5d30 seatIndex=0xc0001b3dd0
2025/11/08 14:46:50 INFO session removed token=dd089023-7a94-40aa-95ab-4ec4041b544e
2025/11/08 14:46:50 INFO session created token=bcafc425-196a-4bf7-ab61-8256a5a999d6 name=User_63_36
2025/11/08 14:46:50 INFO session removed token=f8cba3e1-b6ad-4798-a0a1-d16e0aa12a12
2025/11/08 14:46:50 INFO session created token=b781e5b9-2588-4c9a-9818-2005558cea0b name=User_53_55
2025/11/08 14:46:50 INFO session created token=2cced32a-0673-45da-be15-2d565c69bf75 name=User_14_41
2025/11/08 14:46:50 INFO session updated token=b781e5b9-2588-4c9a-9818-2005558cea0b tableID=0xc0001b5db0 seatIndex=0xc0001b3e30
2025/11/08 14:46:50 INFO session removed token=b781e5b9-2588-4c9a-9818-2005558cea0b
2025/11/08 14:46:50 INFO session updated token=0e15c6c7-2083-4fef-836d-e1fb52dee044 tableID=0xc00023ff50 seatIndex=0xc000243bc0
2025/11/08 14:46:50 INFO session removed token=0e15c6c7-2083-4fef-836d-e1fb52dee044
2025/11/08 14:46:50 INFO session created token=d753b37e-1d0b-4aa3-8ddb-f0aed036bc35 name=User_44_49
2025/11/08 14:46:50 INFO session updated token=d753b37e-1d0b-4aa3-8ddb-f0aed036bc35 tableID=0xc0003ca9e0 seatIndex=0xc0003cc6f0
2025/11/08 14:46:50 INFO session removed token=d753b37e-1d0b-4aa3-8ddb-f0aed036bc35
2025/11/08 14:46:50 INFO session created token=e5fea37f-535d-49e7-b74e-e9a95c468305 name=User_44_50
2025/11/08 14:46:50 INFO session updated token=e5fea37f-535d-49e7-b74e-e9a95c468305 tableID=0xc0003caa30 seatIndex=0xc0003cc740
2025/11/08 14:46:50 INFO session removed token=e5fea37f-535d-49e7-b74e-e9a95c468305
2025/11/08 14:46:50 INFO session created token=9feb76e7-a009-4576-bb2e-3277e51c846b name=User_44_51
2025/11/08 14:46:50 INFO session updated token=9feb76e7-a009-4576-bb2e-3277e51c846b tableID=0xc0003caa80 seatIndex=0xc0003cc790
2025/11/08 14:46:50 INFO session removed token=9feb76e7-a009-4576-bb2e-3277e51c846b
2025/11/08 14:46:50 INFO session created token=2f68ed9f-e04e-429e-9bec-95c6c377dcc2 name=User_44_52
2025/11/08 14:46:50 INFO session updated token=2f68ed9f-e04e-429e-9bec-95c6c377dcc2 tableID=0xc0003caad0 seatIndex=0xc0003cc7e0
2025/11/08 14:46:50 INFO session removed token=2f68ed9f-e04e-429e-9bec-95c6c377dcc2
2025/11/08 14:46:50 INFO session created token=d66f1fe6-1503-46aa-a5fc-299a3dedafae name=User_44_53
2025/11/08 14:46:50 INFO session updated token=d66f1fe6-1503-46aa-a5fc-299a3dedafae tableID=0xc0003cab20 seatIndex=0xc0003cc830
2025/11/08 14:46:50 INFO session removed token=d66f1fe6-1503-46aa-a5fc-299a3dedafae
2025/11/08 14:46:50 INFO session created token=2f9fad6a-144f-49ce-8cdc-cdd5e4b63ab8 name=User_44_54
2025/11/08 14:46:50 INFO session updated token=8bc9dbe7-e82c-40f4-a7e1-77d3c86ff2e3 tableID=0xc000252120 seatIndex=0xc000243d10
2025/11/08 14:46:50 INFO session removed token=8bc9dbe7-e82c-40f4-a7e1-77d3c86ff2e3
2025/11/08 14:46:50 INFO session created token=f397208f-f484-496c-9f46-133a92ed92ea name=User_98_43
2025/11/08 14:46:50 INFO session updated token=f397208f-f484-496c-9f46-133a92ed92ea tableID=0xc0002b1e10 seatIndex=0xc0002b3c00
2025/11/08 14:46:50 INFO session removed token=f397208f-f484-496c-9f46-133a92ed92ea
2025/11/08 14:46:50 INFO session created token=2744f90e-4652-4064-a189-7b58ebc077e5 name=User_98_44
2025/11/08 14:46:50 INFO session updated token=2744f90e-4652-4064-a189-7b58ebc077e5 tableID=0xc0002b1e60 seatIndex=0xc0002b3c50
2025/11/08 14:46:50 INFO session removed token=2744f90e-4652-4064-a189-7b58ebc077e5
2025/11/08 14:46:50 INFO session created token=f170a7c7-9222-4288-8c4a-bf26f34060ae name=User_98_45
2025/11/08 14:46:50 INFO session updated token=f170a7c7-9222-4288-8c4a-bf26f34060ae tableID=0xc0002b1eb0 seatIndex=0xc0002b3ca0
2025/11/08 14:46:50 INFO session removed token=f170a7c7-9222-4288-8c4a-bf26f34060ae
2025/11/08 14:46:50 INFO session created token=d394edf9-bee0-4658-be41-3c998a45b41d name=User_98_46
2025/11/08 14:46:50 INFO session updated token=d394edf9-bee0-4658-be41-3c998a45b41d tableID=0xc0002b1f00 seatIndex=0xc0002b3cf0
2025/11/08 14:46:50 INFO session removed token=d394edf9-bee0-4658-be41-3c998a45b41d
2025/11/08 14:46:50 INFO session created token=20d2e421-f05f-44f1-9af2-3947ae1615d6 name=User_98_47
2025/11/08 14:46:50 INFO session updated token=20d2e421-f05f-44f1-9af2-3947ae1615d6 tableID=0xc0002b1f50 seatIndex=0xc0002b3d40
2025/11/08 14:46:50 INFO session removed token=20d2e421-f05f-44f1-9af2-3947ae1615d6
2025/11/08 14:46:50 INFO session updated token=9a87479b-fa57-4bcf-b388-d85771a467d0 tableID=0xc000252220 seatIndex=0xc000243e10
2025/11/08 14:46:50 INFO session removed token=9a87479b-fa57-4bcf-b388-d85771a467d0
2025/11/08 14:46:50 INFO session created token=1acd8783-7c2f-420e-aee1-9f72e110c9b6 name=User_37_45
2025/11/08 14:46:50 INFO session created token=d738497c-8605-4406-9524-7ed0ac94ea4e name=User_88_33
2025/11/08 14:46:50 INFO session updated token=1acd8783-7c2f-420e-aee1-9f72e110c9b6 tableID=0xc0002b6020 seatIndex=0xc0002b3d90
2025/11/08 14:46:50 INFO session removed token=1acd8783-7c2f-420e-aee1-9f72e110c9b6
2025/11/08 14:46:50 INFO session updated token=294e69a0-2216-45a4-b984-a05753a7facf tableID=0xc0002b1960 seatIndex=0xc0002b3780
2025/11/08 14:46:50 INFO session removed token=294e69a0-2216-45a4-b984-a05753a7facf
2025/11/08 14:46:50 INFO session created token=74770c7b-205b-4cd9-96c0-0e576538ebe2 name=User_27_95
2025/11/08 14:46:50 INFO session updated token=74770c7b-205b-4cd9-96c0-0e576538ebe2 tableID=0xc0003cabf0 seatIndex=0xc0003cc900
2025/11/08 14:46:50 INFO session removed token=74770c7b-205b-4cd9-96c0-0e576538ebe2
2025/11/08 14:46:50 INFO session created token=57b0a12b-d6ec-407c-a743-c8341bef4756 name=User_27_96
2025/11/08 14:46:50 INFO session updated token=57b0a12b-d6ec-407c-a743-c8341bef4756 tableID=0xc0003cac40 seatIndex=0xc0003cc950
2025/11/08 14:46:50 INFO session removed token=57b0a12b-d6ec-407c-a743-c8341bef4756
2025/11/08 14:46:50 INFO session created token=9c20c75d-14ae-4c5e-9913-c4f95cfadf48 name=User_27_97
2025/11/08 14:46:50 INFO session updated token=9c20c75d-14ae-4c5e-9913-c4f95cfadf48 tableID=0xc0003cac90 seatIndex=0xc0003cc9a0
2025/11/08 14:46:50 INFO session removed token=9c20c75d-14ae-4c5e-9913-c4f95cfadf48
2025/11/08 14:46:50 INFO session created token=cdc9170d-b0c8-49e1-a427-f89af3631484 name=User_27_98
2025/11/08 14:46:50 INFO session updated token=9b5eb071-bbe9-43b9-9236-78ba94b81733 tableID=0xc0002b19a0 seatIndex=0xc0002b37a0
2025/11/08 14:46:50 INFO session removed token=9b5eb071-bbe9-43b9-9236-78ba94b81733
2025/11/08 14:46:50 INFO session created token=4594f0e4-a711-4b03-b598-be48cb2c731a name=User_33_57
2025/11/08 14:46:50 INFO session updated token=4594f0e4-a711-4b03-b598-be48cb2c731a tableID=0xc0002b60b0 seatIndex=0xc0002b3e40
2025/11/08 14:46:50 INFO session removed token=4594f0e4-a711-4b03-b598-be48cb2c731a
2025/11/08 14:46:50 INFO session created token=84730b21-18f2-40df-892a-7b662f35acd6 name=User_33_58
2025/11/08 14:46:50 INFO session updated token=84730b21-18f2-40df-892a-7b662f35acd6 tableID=0xc0002b6100 seatIndex=0xc0002b3e90
2025/11/08 14:46:50 INFO session removed token=84730b21-18f2-40df-892a-7b662f35acd6
2025/11/08 14:46:50 INFO session created token=ea5c471d-591c-445e-b9f9-c833e26b462d name=User_33_59
2025/11/08 14:46:50 INFO session updated token=ea5c471d-591c-445e-b9f9-c833e26b462d tableID=0xc0002b6150 seatIndex=0xc0002b3ee0
2025/11/08 14:46:50 INFO session removed token=ea5c471d-591c-445e-b9f9-c833e26b462d
2025/11/08 14:46:50 INFO session created token=f5d69659-49bc-4158-80a2-4a2b5a50a5e4 name=User_33_60
2025/11/08 14:46:50 INFO session updated token=f5d69659-49bc-4158-80a2-4a2b5a50a5e4 tableID=0xc0002b61a0 seatIndex=0xc0002b3f30
2025/11/08 14:46:50 INFO session removed token=f5d69659-49bc-4158-80a2-4a2b5a50a5e4
2025/11/08 14:46:50 INFO session created token=3dbd8b47-7a9a-4e05-892f-a561f3ab4920 name=User_9_27
2025/11/08 14:46:50 INFO session created token=27bcd52e-ff0a-4e92-b062-092bf859b1ef name=User_33_61
2025/11/08 14:46:50 INFO session updated token=3dbd8b47-7a9a-4e05-892f-a561f3ab4920 tableID=0xc0001b5e10 seatIndex=0xc0001b3e90
2025/11/08 14:46:50 INFO session removed token=3dbd8b47-7a9a-4e05-892f-a561f3ab4920
2025/11/08 14:46:50 INFO session created token=804efbdf-9bed-40d0-b649-d110475edf20 name=User_9_28
2025/11/08 14:46:50 INFO session updated token=804efbdf-9bed-40d0-b649-d110475edf20 tableID=0xc0001b5e70 seatIndex=0xc0001b3ef0
2025/11/08 14:46:50 INFO session removed token=804efbdf-9bed-40d0-b649-d110475edf20
2025/11/08 14:46:50 INFO session created token=0cd89f68-cd67-401c-b2d8-8dd3bdd40ec6 name=User_9_29
2025/11/08 14:46:50 INFO session updated token=0cd89f68-cd67-401c-b2d8-8dd3bdd40ec6 tableID=0xc0001b5ec0 seatIndex=0xc0001b3f40
2025/11/08 14:46:50 INFO session removed token=0cd89f68-cd67-401c-b2d8-8dd3bdd40ec6
2025/11/08 14:46:50 INFO session created token=edbd17bc-907d-44cb-8ebe-1818139d5a59 name=User_9_30
2025/11/08 14:46:50 INFO session updated token=edbd17bc-907d-44cb-8ebe-1818139d5a59 tableID=0xc0001b5f10 seatIndex=0xc0001b3f90
2025/11/08 14:46:50 INFO session removed token=edbd17bc-907d-44cb-8ebe-1818139d5a59
2025/11/08 14:46:50 INFO session created token=e40ce218-2a76-4bef-8b13-18b63faea623 name=User_9_31
2025/11/08 14:46:50 INFO session updated token=e40ce218-2a76-4bef-8b13-18b63faea623 tableID=0xc0001b5f60 seatIndex=0xc0001b3fe0
2025/11/08 14:46:50 INFO session removed token=e40ce218-2a76-4bef-8b13-18b63faea623
2025/11/08 14:46:50 INFO session created token=ffe8b6db-7218-4fde-bae0-c51bd60e7074 name=User_9_32
2025/11/08 14:46:50 INFO session updated token=ffe8b6db-7218-4fde-bae0-c51bd60e7074 tableID=0xc0001fa030 seatIndex=0xc0001e6030
2025/11/08 14:46:50 INFO session removed token=ffe8b6db-7218-4fde-bae0-c51bd60e7074
2025/11/08 14:46:50 INFO session created token=766f094b-428b-46dc-b492-0bbcadda8ae8 name=User_9_33
2025/11/08 14:46:50 INFO session removed token=cfa9eded-c1f1-4a3c-9c27-22e24abd6cea
2025/11/08 14:46:50 INFO session created token=cf9562cd-aa7f-4902-96d9-6da9fc9ddd1c name=User_30_53
2025/11/08 14:46:50 INFO session updated token=cf9562cd-aa7f-4902-96d9-6da9fc9ddd1c tableID=0xc0003cad20 seatIndex=0xc0003cca20
2025/11/08 14:46:50 INFO session removed token=cf9562cd-aa7f-4902-96d9-6da9fc9ddd1c
2025/11/08 14:46:50 INFO session created token=e289acc8-d455-4ae1-8886-165258ae1f0a name=User_30_54
2025/11/08 14:46:50 INFO session updated token=e289acc8-d455-4ae1-8886-165258ae1f0a tableID=0xc0003cad70 seatIndex=0xc0003cca70
2025/11/08 14:46:50 INFO session removed token=e289acc8-d455-4ae1-8886-165258ae1f0a
2025/11/08 14:46:50 INFO session created token=938c1fc9-5801-4e79-8183-9dd65a44a61d name=User_30_55
2025/11/08 14:46:50 INFO session updated token=938c1fc9-5801-4e79-8183-9dd65a44a61d tableID=0xc0003cadc0 seatIndex=0xc0003ccac0
2025/11/08 14:46:50 INFO session removed token=938c1fc9-5801-4e79-8183-9dd65a44a61d
2025/11/08 14:46:50 INFO session created token=ac3c7056-2994-4da6-8621-2d0f3afd8c94 name=User_30_56
2025/11/08 14:46:50 INFO session updated token=ac3c7056-2994-4da6-8621-2d0f3afd8c94 tableID=0xc0003cae10 seatIndex=0xc0003ccb10
2025/11/08 14:46:50 INFO session removed token=ac3c7056-2994-4da6-8621-2d0f3afd8c94
2025/11/08 14:46:50 INFO session created token=9c649ca8-31a2-421c-9ccf-7754a8190237 name=User_30_57
2025/11/08 14:46:50 INFO session updated token=9c649ca8-31a2-421c-9ccf-7754a8190237 tableID=0xc0003cae60 seatIndex=0xc0003ccb60
2025/11/08 14:46:50 INFO session removed token=9c649ca8-31a2-421c-9ccf-7754a8190237
2025/11/08 14:46:50 INFO session created token=1cae21f6-1cc0-489a-a589-9081e1249748 name=User_30_58
2025/11/08 14:46:50 INFO session updated token=1cae21f6-1cc0-489a-a589-9081e1249748 tableID=0xc0003caeb0 seatIndex=0xc0003ccbb0
2025/11/08 14:46:50 INFO session removed token=1cae21f6-1cc0-489a-a589-9081e1249748
2025/11/08 14:46:50 INFO session created token=69c26669-0d32-4b5f-81b9-b27f68925057 name=User_30_59
2025/11/08 14:46:50 INFO session updated token=69c26669-0d32-4b5f-81b9-b27f68925057 tableID=0xc0003caf00 seatIndex=0xc0003ccc00
2025/11/08 14:46:50 INFO session removed token=69c26669-0d32-4b5f-81b9-b27f68925057
2025/11/08 14:46:50 INFO session created token=8252195c-441b-4c89-862c-080aa3c24243 name=User_30_60
2025/11/08 14:46:50 INFO session updated token=8252195c-441b-4c89-862c-080aa3c24243 tableID=0xc0003caf50 seatIndex=0xc0003ccc50
2025/11/08 14:46:50 INFO session removed token=8252195c-441b-4c89-862c-080aa3c24243
2025/11/08 14:46:50 INFO session created token=5eb4752a-25bc-4eae-aa79-affe653e2e2a name=User_30_61
2025/11/08 14:46:50 INFO session updated token=5eb4752a-25bc-4eae-aa79-affe653e2e2a tableID=0xc0003cafa0 seatIndex=0xc0003ccca0
2025/11/08 14:46:50 INFO session removed token=5eb4752a-25bc-4eae-aa79-affe653e2e2a
2025/11/08 14:46:50 INFO session created token=b6f8b2ee-4b16-42ec-9515-373180d1ed31 name=User_30_62
2025/11/08 14:46:50 INFO session updated token=b6f8b2ee-4b16-42ec-9515-373180d1ed31 tableID=0xc0003caff0 seatIndex=0xc0003cccf0
2025/11/08 14:46:50 INFO session removed token=b6f8b2ee-4b16-42ec-9515-373180d1ed31
2025/11/08 14:46:50 INFO session created token=8ef791ae-5181-469a-b8a9-052a927246ba name=User_30_63
2025/11/08 14:46:50 INFO session updated token=27bcd52e-ff0a-4e92-b062-092bf859b1ef tableID=0xc0001b5e30 seatIndex=0xc0001b3ec0
2025/11/08 14:46:50 INFO session removed token=27bcd52e-ff0a-4e92-b062-092bf859b1ef
2025/11/08 14:46:50 INFO session removed token=566b8d42-fed0-422f-80d3-50cd7eab303c
2025/11/08 14:46:50 INFO session removed token=e1a7d79a-d99b-430e-8f08-f9888cec4c05
2025/11/08 14:46:50 INFO session removed token=c2435aec-54b0-4dc0-8f4f-a202996b9210
2025/11/08 14:46:50 INFO session created token=00a61da5-a70d-4a73-9d75-2dfc56dfdcef name=User_70_77
2025/11/08 14:46:50 INFO session created token=8f92ed16-aaa1-4e2f-a4aa-19f71275dff2 name=User_3_54
2025/11/08 14:46:50 INFO session updated token=c8219a69-77f5-4303-8dbe-786f36201c17 tableID=0xc000252390 seatIndex=0xc000243fb0
2025/11/08 14:46:50 INFO session created token=8e8e3a84-b5b0-47bd-b2f4-297055fcb8a2 name=User_32_65
2025/11/08 14:46:50 INFO session created token=965dfc64-697d-4457-8e0b-9180c949a302 name=User_84_93
2025/11/08 14:46:50 INFO session created token=f2e181b7-2fcb-4dcb-9e9d-4f0ce6acbfa1 name=User_15_57
2025/11/08 14:46:50 INFO session updated token=dcc2c84a-04ee-4443-a71a-1ead8f45481c tableID=0xc0003ca830 seatIndex=0xc0003cc510
2025/11/08 14:46:50 INFO session updated token=0294e3e6-5ebb-4b09-be9d-62fa055ccf38 tableID=0xc0002b1ac0 seatIndex=0xc0002b3830
2025/11/08 14:46:50 INFO session updated token=a12d1cb4-3a64-4027-ab65-64b3846a6e9f tableID=0xc0002523a0 seatIndex=0xc000243fc0
2025/11/08 14:46:50 INFO session updated token=214e4fbf-ae60-42c7-9eb7-3e227ffaa5c8 tableID=0xc000334ca0 seatIndex=0xc00032ad10
2025/11/08 14:46:50 INFO session updated token=db28785a-9a9f-41e1-87cd-2906bd98eef4 tableID=0xc0002fc1b0 seatIndex=0xc0002f8750
2025/11/08 14:46:50 INFO session updated token=3edb2744-4ca0-489a-b42f-d3877773c5d9 tableID=0xc0002fc1d0 seatIndex=0xc0002f8760
2025/11/08 14:46:50 INFO session removed token=d3b99941-9a7e-4a3a-a3c0-20a2425063d0
2025/11/08 14:46:50 INFO session removed token=627050d8-057e-4eee-ac40-c2e1ea921d2f
2025/11/08 14:46:50 INFO session updated token=ba565b33-546f-4cf0-b897-a622b259efdc tableID=0xc0002fc300 seatIndex=0xc0002f8860
2025/11/08 14:46:50 INFO session updated token=78dd9022-7ee9-4388-9f08-6d6cc11ce384 tableID=0xc0002b1250 seatIndex=0xc0002b30b0
2025/11/08 14:46:50 INFO session updated token=5788a2c5-117c-4dff-92c6-7b87fc88f3ab tableID=0xc0002fc350 seatIndex=0xc0002f8870
2025/11/08 14:46:50 INFO session updated token=78451e9c-9a6a-47a0-beb0-47dfa9a24ab4 tableID=0xc0002b1b50 seatIndex=0xc0002b3920
2025/11/08 14:46:50 INFO session created token=0079073c-1ca7-45dd-afbd-c76b1c696033 name=User_76_45
2025/11/08 14:46:50 INFO session updated token=d61b2b1a-a5fe-4cca-8f61-27dd00bfef87 tableID=0xc0002fc360 seatIndex=0xc0002f8880
2025/11/08 14:46:50 INFO session created token=0cf2e290-1233-4a03-8777-71ac03185427 name=User_10_38
2025/11/08 14:46:50 INFO session updated token=a4d29ba4-21de-40e1-9438-ed4b60b88a1b tableID=0xc000334d10 seatIndex=0xc00032ad20
2025/11/08 14:46:50 INFO session removed token=ea5cbcf5-8826-49e3-8f3d-be19ad79f036
2025/11/08 14:46:50 INFO session updated token=cd58d86d-e51d-4329-a2c5-f37217aa5f81 tableID=0xc0002fc380 seatIndex=0xc0002f88b0
2025/11/08 14:46:50 INFO session updated token=4b03debf-7797-4a73-b189-77d29db0b2d9 tableID=0xc0002fc390 seatIndex=0xc0002f88c0
2025/11/08 14:46:50 INFO session updated token=f13b864f-b084-4507-8021-474b81c9c0cd tableID=0xc0002b1bb0 seatIndex=0xc0002b3980
2025/11/08 14:46:50 INFO session updated token=171ee820-5005-4661-b6c2-4904387952ba tableID=0xc0002fc5e0 seatIndex=0xc0002f8af0
2025/11/08 14:46:50 INFO session removed token=171ee820-5005-4661-b6c2-4904387952ba
2025/11/08 14:46:50 INFO session created token=3832bf2e-2d82-4494-a588-8b8d7611a675 name=User_86_42
2025/11/08 14:46:50 INFO session updated token=3832bf2e-2d82-4494-a588-8b8d7611a675 tableID=0xc0001fa280 seatIndex=0xc0001e6320
2025/11/08 14:46:50 INFO session removed token=3832bf2e-2d82-4494-a588-8b8d7611a675
2025/11/08 14:46:50 INFO session created token=d5c98a5e-4df7-477e-9a32-9abeb00c19a6 name=User_86_43
2025/11/08 14:46:50 INFO session updated token=d5c98a5e-4df7-477e-9a32-9abeb00c19a6 tableID=0xc0001fa2d0 seatIndex=0xc0001e6370
2025/11/08 14:46:50 INFO session removed token=d5c98a5e-4df7-477e-9a32-9abeb00c19a6
2025/11/08 14:46:50 INFO session created token=bbbb738a-301c-4af5-be60-a9e46865dcf9 name=User_86_44
2025/11/08 14:46:50 INFO session updated token=bbbb738a-301c-4af5-be60-a9e46865dcf9 tableID=0xc0001fa320 seatIndex=0xc0001e63c0
2025/11/08 14:46:50 INFO session removed token=bbbb738a-301c-4af5-be60-a9e46865dcf9
2025/11/08 14:46:50 INFO session removed token=4b03debf-7797-4a73-b189-77d29db0b2d9
2025/11/08 14:46:50 INFO session created token=3c6e12f6-771a-4a63-a55b-450b22821352 name=User_95_75
2025/11/08 14:46:50 INFO session created token=fc9ae8ed-850a-4c8c-8b04-5d7f42cf8673 name=User_74_47
2025/11/08 14:46:50 INFO session updated token=3c6e12f6-771a-4a63-a55b-450b22821352 tableID=0xc0002b6250 seatIndex=0xc0002b3fc0
2025/11/08 14:46:50 INFO session removed token=3c6e12f6-771a-4a63-a55b-450b22821352
2025/11/08 14:46:50 INFO session created token=a5102c0d-ba21-4db4-ae94-b5a245379108 name=User_95_76
2025/11/08 14:46:50 INFO session updated token=a5102c0d-ba21-4db4-ae94-b5a245379108 tableID=0xc0002b62b0 seatIndex=0xc0002ba020
2025/11/08 14:46:50 INFO session removed token=a5102c0d-ba21-4db4-ae94-b5a245379108
2025/11/08 14:46:50 INFO session created token=8f92f7be-b22d-44e3-ab1a-6b7f7ca476f8 name=User_95_77
2025/11/08 14:46:50 INFO session updated token=8f92f7be-b22d-44e3-ab1a-6b7f7ca476f8 tableID=0xc0002b6300 seatIndex=0xc0002ba070
2025/11/08 14:46:50 INFO session removed token=8f92f7be-b22d-44e3-ab1a-6b7f7ca476f8
2025/11/08 14:46:50 INFO session created token=73cbf1a2-f13b-4cb8-8555-908e4d6c7838 name=User_95_78
2025/11/08 14:46:50 INFO session updated token=73cbf1a2-f13b-4cb8-8555-908e4d6c7838 tableID=0xc0002b6350 seatIndex=0xc0002ba0c0
2025/11/08 14:46:50 INFO session removed token=73cbf1a2-f13b-4cb8-8555-908e4d6c7838
2025/11/08 14:46:50 INFO session created token=bda247d8-561b-478c-a566-d2c6aa11e812 name=User_95_79
2025/11/08 14:46:50 INFO session updated token=bda247d8-561b-478c-a566-d2c6aa11e812 tableID=0xc0002b63a0 seatIndex=0xc0002ba110
2025/11/08 14:46:50 INFO session removed token=bda247d8-561b-478c-a566-d2c6aa11e812
2025/11/08 14:46:50 INFO session created token=66fc72e8-a184-44d7-b141-3a7a3b946e79 name=User_95_80
2025/11/08 14:46:50 INFO session updated token=66fc72e8-a184-44d7-b141-3a7a3b946e79 tableID=0xc0002b63f0 seatIndex=0xc0002ba160
2025/11/08 14:46:50 INFO session removed token=66fc72e8-a184-44d7-b141-3a7a3b946e79
2025/11/08 14:46:50 INFO session created token=77a42ef3-5323-4888-81cf-6fe0708dcdfb name=User_95_81
2025/11/08 14:46:50 INFO session removed token=f13b864f-b084-4507-8021-474b81c9c0cd
2025/11/08 14:46:50 INFO session created token=55ab5035-68eb-464b-9f6b-c71d2161defd name=User_28_62
2025/11/08 14:46:50 INFO session updated token=55ab5035-68eb-464b-9f6b-c71d2161defd tableID=0xc000334e60 seatIndex=0xc00032ae50
2025/11/08 14:46:50 INFO session removed token=55ab5035-68eb-464b-9f6b-c71d2161defd
2025/11/08 14:46:50 INFO session created token=981ad97c-8f99-466d-ac12-27fe61958e25 name=User_28_63
2025/11/08 14:46:50 INFO session updated token=981ad97c-8f99-466d-ac12-27fe61958e25 tableID=0xc000334eb0 seatIndex=0xc00032aea0
2025/11/08 14:46:50 INFO session removed token=981ad97c-8f99-466d-ac12-27fe61958e25
2025/11/08 14:46:50 INFO session created token=8721372f-ebc1-46d3-a503-8c8020080075 name=User_28_64
2025/11/08 14:46:50 INFO session updated token=8721372f-ebc1-46d3-a503-8c8020080075 tableID=0xc000334f00 seatIndex=0xc00032aef0
2025/11/08 14:46:50 INFO session removed token=8721372f-ebc1-46d3-a503-8c8020080075
2025/11/08 14:46:50 INFO session created token=21d458ca-983a-440d-aa54-97855043984c name=User_28_65
2025/11/08 14:46:50 INFO session updated token=21d458ca-983a-440d-aa54-97855043984c tableID=0xc000334f50 seatIndex=0xc00032af40
2025/11/08 14:46:50 INFO session removed token=21d458ca-983a-440d-aa54-97855043984c
2025/11/08 14:46:50 INFO session created token=ee11374c-1ff4-49b0-93c8-e906c083eca9 name=User_28_66
2025/11/08 14:46:50 INFO session created token=48796ff5-b908-42c5-b08f-32a33b143107 name=User_86_45
2025/11/08 14:46:50 INFO session updated token=ee11374c-1ff4-49b0-93c8-e906c083eca9 tableID=0xc000334fa0 seatIndex=0xc00032af90
2025/11/08 14:46:50 INFO session removed token=ee11374c-1ff4-49b0-93c8-e906c083eca9
2025/11/08 14:46:50 INFO session updated token=fdbd7585-c229-4fc8-9289-f252bd0c92f9 tableID=0xc0002b1d40 seatIndex=0xc0002b3b40
2025/11/08 14:46:50 INFO session removed token=ae8d882c-5820-4f56-b832-a364b6f90857
2025/11/08 14:46:50 INFO session removed token=7c41c83e-2790-4398-b850-9f51c63e215a
2025/11/08 14:46:50 INFO session removed token=7455a50c-f924-4eb8-a194-76824afefd10
2025/11/08 14:46:50 INFO session created token=5825d3a0-88c0-45b5-86fa-41c12b39e082 name=User_52_69
2025/11/08 14:46:50 INFO session updated token=9283c201-e760-4e62-a9d3-4c9d075bda8d tableID=0xc000334d40 seatIndex=0xc00032ad70
2025/11/08 14:46:50 INFO session created token=83a9d174-f42b-4258-bd41-31499882071c name=User_61_90
2025/11/08 14:46:50 INFO session created token=f78b5d07-fcf4-424e-bd25-b71a02eb5f9c name=User_93_73
2025/11/08 14:46:50 INFO session updated token=5fa88057-1ca6-41dc-a354-2eaeb491eed1 tableID=0xc0001b5be0 seatIndex=0xc0001b3c30
2025/11/08 14:46:50 INFO session created token=88461716-0983-47b0-88b7-f34f5db5c1ad name=User_47_24
2025/11/08 14:46:50 INFO session created token=c592f632-f6fd-4bee-a660-4b3d6577330c name=User_24_83
2025/11/08 14:46:50 INFO session updated token=013a76b7-3e0d-4a15-b7f7-27a0bfd5b747 tableID=0xc000334d80 seatIndex=0xc00032ad80
2025/11/08 14:46:50 INFO session created token=c1f91678-519d-48a0-aab6-504cf169d6ad name=User_4_66
2025/11/08 14:46:50 INFO session created token=587a7a06-8544-42f5-91b8-ca2e734d5168 name=User_40_50
2025/11/08 14:46:50 INFO session updated token=98338ff9-3ad2-467a-b0fa-051a4c22cdec tableID=0xc0001b5bf0 seatIndex=0xc0001b3c60
2025/11/08 14:46:50 INFO session removed token=1aa69683-db93-4e05-83df-16ae38944579
2025/11/08 14:46:50 INFO session removed token=ea3db547-d74e-4738-b227-f1ea91063dae
2025/11/08 14:46:50 INFO session updated token=232c200a-1c32-4b8b-9072-d1ca3441404d tableID=0xc00023fd30 seatIndex=0xc0002439b0
2025/11/08 14:46:50 INFO session created token=9acad061-f70e-4126-be73-84b971b7e8a1 name=User_75_48
2025/11/08 14:46:50 INFO session removed token=a277ef12-d190-4b03-83a1-feca6945687d
2025/11/08 14:46:50 INFO session updated token=bcafc425-196a-4bf7-ab61-8256a5a999d6 tableID=0xc0001b5d80 seatIndex=0xc0001b3e20
2025/11/08 14:46:50 INFO session updated token=2cced32a-0673-45da-be15-2d565c69bf75 tableID=0xc0001b5dd0 seatIndex=0xc0001b3e60
2025/11/08 14:46:50 INFO session created token=73e441de-ec2c-4093-9510-ddfb055a415c name=User_8_65
2025/11/08 14:46:50 INFO session removed token=2cced32a-0673-45da-be15-2d565c69bf75
2025/11/08 14:46:50 INFO session created token=252f0fb6-c41a-4148-87a8-ad840a45079f name=User_53_56
2025/11/08 14:46:50 INFO session updated token=2f9fad6a-144f-49ce-8cdc-cdd5e4b63ab8 tableID=0xc0002b1dd0 seatIndex=0xc0002b3bd0
2025/11/08 14:46:50 INFO session removed token=2f9fad6a-144f-49ce-8cdc-cdd5e4b63ab8
2025/11/08 14:46:50 INFO session updated token=d738497c-8605-4406-9524-7ed0ac94ea4e tableID=0xc0002b6040 seatIndex=0xc0002b3dc0
2025/11/08 14:46:50 INFO session updated token=cdc9170d-b0c8-49e1-a427-f89af3631484 tableID=0xc0002b6070 seatIndex=0xc0002b3e10
2025/11/08 14:46:50 INFO session updated token=766f094b-428b-46dc-b492-0bbcadda8ae8 tableID=0xc0003cacf0 seatIndex=0xc0003cca10
2025/11/08 14:46:50 INFO session removed token=766f094b-428b-46dc-b492-0bbcadda8ae8
2025/11/08 14:46:50 INFO session created token=0285510d-31f1-45ed-b4e0-937df70889b3 name=User_9_34
2025/11/08 14:46:50 INFO session removed token=d738497c-8605-4406-9524-7ed0ac94ea4e
2025/11/08 14:46:50 INFO session created token=769e625b-77b2-4a6d-a097-bf32a511afc9 name=User_37_46
2025/11/08 14:46:50 INFO session removed token=cdc9170d-b0c8-49e1-a427-f89af3631484
2025/11/08 14:46:50 INFO session created token=6bbdf23d-e4bb-4674-a524-5378e95eba14 name=User_44_55
2025/11/08 14:46:50 INFO session updated token=6bbdf23d-e4bb-4674-a524-5378e95eba14 tableID=0xc0003cb170 seatIndex=0xc0003ccec0
2025/11/08 14:46:50 INFO session removed token=6bbdf23d-e4bb-4674-a524-5378e95eba14
2025/11/08 14:46:50 INFO session created token=5436c492-4cd6-4d46-be45-451808bb649d name=User_44_56
2025/11/08 14:46:50 INFO session updated token=5436c492-4cd6-4d46-be45-451808bb649d tableID=0xc0003cb1c0 seatIndex=0xc0003ccf10
2025/11/08 14:46:50 INFO session removed token=5436c492-4cd6-4d46-be45-451808bb649d
2025/11/08 14:46:50 INFO session created token=4d997950-5639-4f9d-82b0-c2033dd3597c name=User_44_57
2025/11/08 14:46:50 INFO session updated token=4d997950-5639-4f9d-82b0-c2033dd3597c tableID=0xc0003cb210 seatIndex=0xc0003ccf60
2025/11/08 14:46:50 INFO session removed token=4d997950-5639-4f9d-82b0-c2033dd3597c
2025/11/08 14:46:50 INFO session created token=f7074a9e-5916-4b8a-934d-e9839cec14ee name=User_44_58
2025/11/08 14:46:50 INFO session updated token=f7074a9e-5916-4b8a-934d-e9839cec14ee tableID=0xc0003cb260 seatIndex=0xc0003ccfb0
2025/11/08 14:46:50 INFO session removed token=f7074a9e-5916-4b8a-934d-e9839cec14ee
2025/11/08 14:46:50 INFO session created token=f5340a2d-f258-4470-8aeb-b8d2aab448ae name=User_44_59
2025/11/08 14:46:50 INFO session updated token=f5340a2d-f258-4470-8aeb-b8d2aab448ae tableID=0xc0003cb2b0 seatIndex=0xc0003cd000
2025/11/08 14:46:50 INFO session removed token=f5340a2d-f258-4470-8aeb-b8d2aab448ae
2025/11/08 14:46:50 INFO session created token=1ce245bc-a887-4b75-8dae-ee49246502a4 name=User_44_60
2025/11/08 14:46:50 INFO session updated token=1ce245bc-a887-4b75-8dae-ee49246502a4 tableID=0xc0003cb300 seatIndex=0xc0003cd050
2025/11/08 14:46:50 INFO session removed token=1ce245bc-a887-4b75-8dae-ee49246502a4
2025/11/08 14:46:50 INFO session created token=3b66ec16-0ca9-444a-95b6-f6027d0709e0 name=User_44_61
2025/11/08 14:46:50 INFO session updated token=8ef791ae-5181-469a-b8a9-052a927246ba tableID=0xc000334da0 seatIndex=0xc00032add0
2025/11/08 14:46:50 INFO session removed token=8ef791ae-5181-469a-b8a9-052a927246ba
2025/11/08 14:46:50 INFO session created token=93894bfe-00ce-4300-9908-12650bbfc0f5 name=User_30_64
2025/11/08 14:46:50 INFO session updated token=93894bfe-00ce-4300-9908-12650bbfc0f5 tableID=0xc0002b6620 seatIndex=0xc0002ba3b0
2025/11/08 14:46:50 INFO session removed token=93894bfe-00ce-4300-9908-12650bbfc0f5
2025/11/08 14:46:50 INFO session created token=008043d9-7a59-4792-86f4-b2ce277d6377 name=User_30_65
2025/11/08 14:46:50 INFO session updated token=008043d9-7a59-4792-86f4-b2ce277d6377 tableID=0xc0002b6670 seatIndex=0xc0002ba400
2025/11/08 14:46:50 INFO session removed token=008043d9-7a59-4792-86f4-b2ce277d6377
2025/11/08 14:46:50 INFO session created token=cd072e0f-3102-4b93-b387-f56272c235d4 name=User_30_66
2025/11/08 14:46:50 INFO session updated token=cd072e0f-3102-4b93-b387-f56272c235d4 tableID=0xc0002b66c0 seatIndex=0xc0002ba450
2025/11/08 14:46:50 INFO session removed token=cd072e0f-3102-4b93-b387-f56272c235d4
2025/11/08 14:46:50 INFO session created token=e59d8211-85e1-46a6-ac80-11556226d5f5 name=User_30_67
2025/11/08 14:46:50 INFO session updated token=e59d8211-85e1-46a6-ac80-11556226d5f5 tableID=0xc0002b6710 seatIndex=0xc0002ba4a0
2025/11/08 14:46:50 INFO session removed token=e59d8211-85e1-46a6-ac80-11556226d5f5
2025/11/08 14:46:50 INFO session created token=8b1f6006-a8ab-41fa-8295-cbd267693479 name=User_30_68
2025/11/08 14:46:50 INFO session updated token=769e625b-77b2-4a6d-a097-bf32a511afc9 tableID=0xc0003cb120 seatIndex=0xc0003cce80
2025/11/08 14:46:50 INFO session removed token=769e625b-77b2-4a6d-a097-bf32a511afc9
2025/11/08 14:46:50 INFO session created token=a6a6edf2-14e4-4875-98c7-69becf91e9fe name=User_37_47
2025/11/08 14:46:50 INFO session updated token=a6a6edf2-14e4-4875-98c7-69becf91e9fe tableID=0xc0003350a0 seatIndex=0xc00032b0c0
2025/11/08 14:46:50 INFO session removed token=a6a6edf2-14e4-4875-98c7-69becf91e9fe
2025/11/08 14:46:50 INFO session created token=5ad78e44-2bb2-4c13-b65a-6c4e02182c27 name=User_33_62
2025/11/08 14:46:50 INFO session created token=146aec8b-1081-4fb1-a8ab-e5be6a72c8e2 name=User_37_48
2025/11/08 14:46:50 INFO session updated token=5ad78e44-2bb2-4c13-b65a-6c4e02182c27 tableID=0xc0003cb370 seatIndex=0xc0003cd0a0
2025/11/08 14:46:50 INFO session removed token=5ad78e44-2bb2-4c13-b65a-6c4e02182c27
2025/11/08 14:46:50 INFO session created token=70edb0ec-a7c2-4279-bbb1-965d890634b6 name=User_33_63
2025/11/08 14:46:50 INFO session updated token=70edb0ec-a7c2-4279-bbb1-965d890634b6 tableID=0xc0003cb3d0 seatIndex=0xc0003cd100
2025/11/08 14:46:50 INFO session removed token=70edb0ec-a7c2-4279-bbb1-965d890634b6
2025/11/08 14:46:50 INFO session created token=41ae8683-d85a-48c3-95db-e166d5eeb5e2 name=User_33_64
2025/11/08 14:46:50 INFO session updated token=41ae8683-d85a-48c3-95db-e166d5eeb5e2 tableID=0xc0003cb420 seatIndex=0xc0003cd150
2025/11/08 14:46:50 INFO session removed token=41ae8683-d85a-48c3-95db-e166d5eeb5e2
2025/11/08 14:46:50 INFO session created token=c567fe26-ad5f-4c12-b1f1-3a1bdddcf131 name=User_33_65
2025/11/08 14:46:50 INFO session created token=66f85fc3-b54c-4bbd-a5e6-6467630d8dc7 name=User_73_28
2025/11/08 14:46:50 INFO session updated token=c567fe26-ad5f-4c12-b1f1-3a1bdddcf131 tableID=0xc0003cb470 seatIndex=0xc0003cd1a0
2025/11/08 14:46:50 INFO session created token=06be94cf-b7c7-404d-b6df-0fb9c901a9b7 name=User_38_22
2025/11/08 14:46:50 INFO session removed token=c567fe26-ad5f-4c12-b1f1-3a1bdddcf131
2025/11/08 14:46:50 INFO session created token=71134615-5cb4-46be-a6f5-c2d19555ad00 name=User_33_66
2025/11/08 14:46:50 INFO session updated token=06be94cf-b7c7-404d-b6df-0fb9c901a9b7 tableID=0xc0001fa3c0 seatIndex=0xc0001e6470
2025/11/08 14:46:50 INFO session removed token=06be94cf-b7c7-404d-b6df-0fb9c901a9b7
2025/11/08 14:46:50 INFO session created token=7637da36-ffec-42ca-b848-a58eddc186df name=User_38_23
2025/11/08 14:46:50 INFO session updated token=7637da36-ffec-42ca-b848-a58eddc186df tableID=0xc0001fa420 seatIndex=0xc0001e64d0
2025/11/08 14:46:50 INFO session removed token=7637da36-ffec-42ca-b848-a58eddc186df
2025/11/08 14:46:50 INFO session created token=a1de699c-03b8-4c0d-849b-db17d1c51efa name=User_38_24
2025/11/08 14:46:50 INFO session updated token=a1de699c-03b8-4c0d-849b-db17d1c51efa tableID=0xc0001fa470 seatIndex=0xc0001e6520
2025/11/08 14:46:50 INFO session removed token=a1de699c-03b8-4c0d-849b-db17d1c51efa
2025/11/08 14:46:50 INFO session created token=080409f2-c2ec-439d-b207-bcacc6e676b3 name=User_38_25
2025/11/08 14:46:50 INFO session updated token=080409f2-c2ec-439d-b207-bcacc6e676b3 tableID=0xc0001fa4c0 seatIndex=0xc0001e6570
2025/11/08 14:46:50 INFO session removed token=080409f2-c2ec-439d-b207-bcacc6e676b3
2025/11/08 14:46:50 INFO session created token=c5ed3a30-4803-4c42-9185-73798c931d94 name=User_38_26
2025/11/08 14:46:50 INFO session updated token=c5ed3a30-4803-4c42-9185-73798c931d94 tableID=0xc0001fa510 seatIndex=0xc0001e65c0
2025/11/08 14:46:50 INFO session removed token=c5ed3a30-4803-4c42-9185-73798c931d94
2025/11/08 14:46:50 INFO session created token=ea90050d-48fe-477d-b191-040c461a7f42 name=User_38_27
2025/11/08 14:46:50 INFO session updated token=ea90050d-48fe-477d-b191-040c461a7f42 tableID=0xc0001fa560 seatIndex=0xc0001e6610
2025/11/08 14:46:50 INFO session removed token=ea90050d-48fe-477d-b191-040c461a7f42
2025/11/08 14:46:50 INFO session created token=7c62a625-e787-470b-855d-2e2390843237 name=User_38_28
2025/11/08 14:46:50 INFO session updated token=7c62a625-e787-470b-855d-2e2390843237 tableID=0xc0001fa5b0 seatIndex=0xc0001e6660
2025/11/08 14:46:50 INFO session removed token=7c62a625-e787-470b-855d-2e2390843237
2025/11/08 14:46:50 INFO session created token=1d58bf87-cffa-44e1-b575-e7e2e7900a0a name=User_38_29
2025/11/08 14:46:50 INFO session updated token=1d58bf87-cffa-44e1-b575-e7e2e7900a0a tableID=0xc0001fa600 seatIndex=0xc0001e66b0
2025/11/08 14:46:50 INFO session removed token=1d58bf87-cffa-44e1-b575-e7e2e7900a0a
2025/11/08 14:46:50 INFO session created token=80ae03de-a6e2-41f1-ba44-51a99d7d8eeb name=User_38_30
2025/11/08 14:46:50 INFO session updated token=80ae03de-a6e2-41f1-ba44-51a99d7d8eeb tableID=0xc0001fa650 seatIndex=0xc0001e6700
2025/11/08 14:46:50 INFO session removed token=80ae03de-a6e2-41f1-ba44-51a99d7d8eeb
2025/11/08 14:46:50 INFO session created token=2685ed63-adad-47ab-a60b-d6b144501aa6 name=User_38_31
2025/11/08 14:46:50 INFO session updated token=2685ed63-adad-47ab-a60b-d6b144501aa6 tableID=0xc0001fa6a0 seatIndex=0xc0001e6750
2025/11/08 14:46:50 INFO session removed token=2685ed63-adad-47ab-a60b-d6b144501aa6
2025/11/08 14:46:50 INFO session created token=52967db3-da58-4cc3-bf39-e9bc3260edff name=User_38_32
2025/11/08 14:46:50 INFO session updated token=52967db3-da58-4cc3-bf39-e9bc3260edff tableID=0xc0001fa6f0 seatIndex=0xc0001e67a0
2025/11/08 14:46:50 INFO session removed token=52967db3-da58-4cc3-bf39-e9bc3260edff
2025/11/08 14:46:50 INFO session created token=6643e5ee-058c-43e5-8d85-8e4ce46339a4 name=User_38_33
2025/11/08 14:46:50 INFO session updated token=6643e5ee-058c-43e5-8d85-8e4ce46339a4 tableID=0xc0001fa740 seatIndex=0xc0001e67f0
2025/11/08 14:46:50 INFO session removed token=6643e5ee-058c-43e5-8d85-8e4ce46339a4
2025/11/08 14:46:50 INFO session created token=853f06b7-ebfa-4f47-9c66-e0b9a2d747b3 name=User_38_34
2025/11/08 14:46:50 INFO session updated token=853f06b7-ebfa-4f47-9c66-e0b9a2d747b3 tableID=0xc0001fa790 seatIndex=0xc0001e6840
2025/11/08 14:46:50 INFO session removed token=853f06b7-ebfa-4f47-9c66-e0b9a2d747b3
2025/11/08 14:46:50 INFO session created token=219cc953-2d90-46e1-8532-3a82504c64ae name=User_38_35
2025/11/08 14:46:50 INFO session updated token=219cc953-2d90-46e1-8532-3a82504c64ae tableID=0xc0001fa7e0 seatIndex=0xc0001e6890
2025/11/08 14:46:50 INFO session removed token=219cc953-2d90-46e1-8532-3a82504c64ae
2025/11/08 14:46:50 INFO session created token=650c91ff-8512-4efb-a238-b9ca81de2994 name=User_38_36
2025/11/08 14:46:50 INFO session updated token=650c91ff-8512-4efb-a238-b9ca81de2994 tableID=0xc0001fa830 seatIndex=0xc0001e68e0
2025/11/08 14:46:50 INFO session removed token=650c91ff-8512-4efb-a238-b9ca81de2994
2025/11/08 14:46:50 INFO session created token=93dd2a18-b34c-4802-9723-e916d986e52e name=User_38_37
2025/11/08 14:46:50 INFO session updated token=93dd2a18-b34c-4802-9723-e916d986e52e tableID=0xc0001fa880 seatIndex=0xc0001e6930
2025/11/08 14:46:50 INFO session removed token=93dd2a18-b34c-4802-9723-e916d986e52e
2025/11/08 14:46:50 INFO session created token=83551952-cdce-446c-9013-a1c93d1001ce name=User_38_38
2025/11/08 14:46:50 INFO session updated token=83551952-cdce-446c-9013-a1c93d1001ce tableID=0xc0001fa8d0 seatIndex=0xc0001e6980
2025/11/08 14:46:50 INFO session removed token=83551952-cdce-446c-9013-a1c93d1001ce
2025/11/08 14:46:50 INFO session created token=778b2d02-cf07-4b7f-a271-50638f00211a name=User_38_39
2025/11/08 14:46:50 INFO session updated token=778b2d02-cf07-4b7f-a271-50638f00211a tableID=0xc0001fa920 seatIndex=0xc0001e69d0
2025/11/08 14:46:50 INFO session removed token=778b2d02-cf07-4b7f-a271-50638f00211a
2025/11/08 14:46:50 INFO session created token=c1469265-a19c-4f3e-8c23-ba47e414adf1 name=User_38_40
2025/11/08 14:46:50 INFO session updated token=c1469265-a19c-4f3e-8c23-ba47e414adf1 tableID=0xc0001fa970 seatIndex=0xc0001e6a20
2025/11/08 14:46:50 INFO session removed token=c1469265-a19c-4f3e-8c23-ba47e414adf1
2025/11/08 14:46:50 INFO session created token=4206c9ec-3f01-48ce-9ad5-ecc6477d069d name=User_38_41
2025/11/08 14:46:50 INFO session updated token=4206c9ec-3f01-48ce-9ad5-ecc6477d069d tableID=0xc0001fa9c0 seatIndex=0xc0001e6a70
2025/11/08 14:46:50 INFO session removed token=4206c9ec-3f01-48ce-9ad5-ecc6477d069d
2025/11/08 14:46:50 INFO session created token=747d6afc-21bf-4627-9b7d-d29ef6cd388e name=User_38_42
2025/11/08 14:46:50 INFO session updated token=747d6afc-21bf-4627-9b7d-d29ef6cd388e tableID=0xc0001faa10 seatIndex=0xc0001e6ac0
2025/11/08 14:46:50 INFO session removed token=747d6afc-21bf-4627-9b7d-d29ef6cd388e
2025/11/08 14:46:50 INFO session created token=c0e54d4f-fccd-483a-81cc-b7952e95d663 name=User_38_43
2025/11/08 14:46:50 INFO session updated token=c0e54d4f-fccd-483a-81cc-b7952e95d663 tableID=0xc0001faa60 seatIndex=0xc0001e6b10
2025/11/08 14:46:50 INFO session removed token=c0e54d4f-fccd-483a-81cc-b7952e95d663
2025/11/08 14:46:50 INFO session created token=62f9726a-523c-4757-ba71-dcc1cc8a93f0 name=User_38_44
2025/11/08 14:46:50 INFO session updated token=62f9726a-523c-4757-ba71-dcc1cc8a93f0 tableID=0xc0001faab0 seatIndex=0xc0001e6b60
2025/11/08 14:46:50 INFO session removed token=62f9726a-523c-4757-ba71-dcc1cc8a93f0
2025/11/08 14:46:50 INFO session created token=e8c43c4d-ce1a-4189-90c4-083f96f2a208 name=User_38_45
2025/11/08 14:46:50 INFO session updated token=e8c43c4d-ce1a-4189-90c4-083f96f2a208 tableID=0xc0001fab00 seatIndex=0xc0001e6bb0
2025/11/08 14:46:50 INFO session removed token=e8c43c4d-ce1a-4189-90c4-083f96f2a208
2025/11/08 14:46:50 INFO session created token=df9e1fc3-034b-45ee-bfe9-4876f8675bbf name=User_38_46
2025/11/08 14:46:50 INFO session updated token=df9e1fc3-034b-45ee-bfe9-4876f8675bbf tableID=0xc0001fab50 seatIndex=0xc0001e6c00
2025/11/08 14:46:50 INFO session removed token=df9e1fc3-034b-45ee-bfe9-4876f8675bbf
2025/11/08 14:46:50 INFO session created token=3fc64201-e45f-4838-b2c0-456923720c4d name=User_38_47
2025/11/08 14:46:50 INFO session updated token=3fc64201-e45f-4838-b2c0-456923720c4d tableID=0xc0001faba0 seatIndex=0xc0001e6c50
2025/11/08 14:46:50 INFO session removed token=3fc64201-e45f-4838-b2c0-456923720c4d
2025/11/08 14:46:50 INFO session created token=cd6dfaaf-f1e3-4597-9a4a-10551774b859 name=User_38_48
2025/11/08 14:46:50 INFO session updated token=cd6dfaaf-f1e3-4597-9a4a-10551774b859 tableID=0xc0001fabf0 seatIndex=0xc0001e6ca0
2025/11/08 14:46:50 INFO session removed token=cd6dfaaf-f1e3-4597-9a4a-10551774b859
2025/11/08 14:46:50 INFO session created token=ea4ed08f-48f8-4bce-8d35-92cfcabf42b7 name=User_38_49
2025/11/08 14:46:50 INFO session updated token=ea4ed08f-48f8-4bce-8d35-92cfcabf42b7 tableID=0xc0001fac40 seatIndex=0xc0001e6cf0
2025/11/08 14:46:50 INFO session removed token=ea4ed08f-48f8-4bce-8d35-92cfcabf42b7
2025/11/08 14:46:50 INFO session created token=e121f1a8-ed40-4863-8f65-7ffd7e322ee6 name=User_38_50
2025/11/08 14:46:50 INFO session updated token=e121f1a8-ed40-4863-8f65-7ffd7e322ee6 tableID=0xc0001fac90 seatIndex=0xc0001e6d40
2025/11/08 14:46:50 INFO session removed token=e121f1a8-ed40-4863-8f65-7ffd7e322ee6
2025/11/08 14:46:50 INFO session created token=eff14410-fabf-491b-a941-feb85e994f31 name=User_38_51
2025/11/08 14:46:50 INFO session updated token=eff14410-fabf-491b-a941-feb85e994f31 tableID=0xc0001face0 seatIndex=0xc0001e6d90
2025/11/08 14:46:50 INFO session removed token=eff14410-fabf-491b-a941-feb85e994f31
2025/11/08 14:46:50 INFO session created token=6e03461b-5ccd-4eb2-a7b3-94f5c0f3f898 name=User_38_52
2025/11/08 14:46:50 INFO session updated token=6e03461b-5ccd-4eb2-a7b3-94f5c0f3f898 tableID=0xc0001fad30 seatIndex=0xc0001e6de0
2025/11/08 14:46:50 INFO session removed token=6e03461b-5ccd-4eb2-a7b3-94f5c0f3f898
2025/11/08 14:46:50 INFO session created token=eaf3b208-f9f6-4e78-8a27-be973a5c2c99 name=User_38_53
2025/11/08 14:46:50 INFO session updated token=eaf3b208-f9f6-4e78-8a27-be973a5c2c99 tableID=0xc0001fad80 seatIndex=0xc0001e6e30
2025/11/08 14:46:50 INFO session removed token=eaf3b208-f9f6-4e78-8a27-be973a5c2c99
2025/11/08 14:46:50 INFO session created token=d877bd08-ba90-411f-aeda-224bdfd38195 name=User_38_54
2025/11/08 14:46:50 INFO session updated token=d877bd08-ba90-411f-aeda-224bdfd38195 tableID=0xc0001fadd0 seatIndex=0xc0001e6e80
2025/11/08 14:46:50 INFO session removed token=d877bd08-ba90-411f-aeda-224bdfd38195
2025/11/08 14:46:50 INFO session created token=7d29fe81-0ea0-4343-ae32-3d8c15d8a005 name=User_38_55
2025/11/08 14:46:50 INFO session updated token=7d29fe81-0ea0-4343-ae32-3d8c15d8a005 tableID=0xc0001fae20 seatIndex=0xc0001e6ed0
2025/11/08 14:46:50 INFO session removed token=7d29fe81-0ea0-4343-ae32-3d8c15d8a005
2025/11/08 14:46:50 INFO session created token=7614b3e4-3e37-4ba9-b475-91844c64cfa8 name=User_38_56
2025/11/08 14:46:50 INFO session updated token=7614b3e4-3e37-4ba9-b475-91844c64cfa8 tableID=0xc0001fae70 seatIndex=0xc0001e6f20
2025/11/08 14:46:50 INFO session removed token=7614b3e4-3e37-4ba9-b475-91844c64cfa8
2025/11/08 14:46:50 INFO session created token=703e9fe7-f234-4bd8-af1a-1dc6de7dea48 name=User_38_57
2025/11/08 14:46:50 INFO session updated token=703e9fe7-f234-4bd8-af1a-1dc6de7dea48 tableID=0xc0001faec0 seatIndex=0xc0001e6f70
2025/11/08 14:46:50 INFO session removed token=703e9fe7-f234-4bd8-af1a-1dc6de7dea48
2025/11/08 14:46:50 INFO session created token=ca0004f3-6b49-4984-81e7-8050516877b4 name=User_38_58
2025/11/08 14:46:50 INFO session updated token=ca0004f3-6b49-4984-81e7-8050516877b4 tableID=0xc0001faf10 seatIndex=0xc0001e6fc0
2025/11/08 14:46:50 INFO session removed token=ca0004f3-6b49-4984-81e7-8050516877b4
2025/11/08 14:46:50 INFO session created token=8178fe91-2fa9-4e51-81c2-28278f78de0d name=User_38_59
2025/11/08 14:46:50 INFO session updated token=8178fe91-2fa9-4e51-81c2-28278f78de0d tableID=0xc0001faf60 seatIndex=0xc0001e7010
2025/11/08 14:46:50 INFO session removed token=8178fe91-2fa9-4e51-81c2-28278f78de0d
2025/11/08 14:46:50 INFO session created token=c6e62ad2-a765-4ee2-b037-4dd7cda2701c name=User_38_60
2025/11/08 14:46:50 INFO session updated token=c6e62ad2-a765-4ee2-b037-4dd7cda2701c tableID=0xc0001fafb0 seatIndex=0xc0001e7060
2025/11/08 14:46:50 INFO session removed token=c6e62ad2-a765-4ee2-b037-4dd7cda2701c
2025/11/08 14:46:50 INFO session created token=590fdb87-374d-4cee-b02c-5a3809944223 name=User_38_61
2025/11/08 14:46:50 INFO session updated token=590fdb87-374d-4cee-b02c-5a3809944223 tableID=0xc0001fb000 seatIndex=0xc0001e70b0
2025/11/08 14:46:50 INFO session removed token=590fdb87-374d-4cee-b02c-5a3809944223
2025/11/08 14:46:50 INFO session created token=5af48d23-e84c-4a71-ba8a-b04bb56aa34f name=User_38_62
2025/11/08 14:46:50 INFO session updated token=5af48d23-e84c-4a71-ba8a-b04bb56aa34f tableID=0xc0001fb050 seatIndex=0xc0001e7100
2025/11/08 14:46:50 INFO session removed token=5af48d23-e84c-4a71-ba8a-b04bb56aa34f
2025/11/08 14:46:50 INFO session created token=46af1f40-8a06-4f0b-8304-b2cfefa36482 name=User_38_63
2025/11/08 14:46:50 INFO session updated token=46af1f40-8a06-4f0b-8304-b2cfefa36482 tableID=0xc0001fb0a0 seatIndex=0xc0001e7150
2025/11/08 14:46:50 INFO session removed token=46af1f40-8a06-4f0b-8304-b2cfefa36482
2025/11/08 14:46:50 INFO session created token=2096f6c4-bcdb-452e-86f2-2af6abb31e54 name=User_38_64
2025/11/08 14:46:50 INFO session updated token=2096f6c4-bcdb-452e-86f2-2af6abb31e54 tableID=0xc0001fb0f0 seatIndex=0xc0001e71a0
2025/11/08 14:46:50 INFO session removed token=2096f6c4-bcdb-452e-86f2-2af6abb31e54
2025/11/08 14:46:50 INFO session created token=a1cae737-e7b9-498c-b042-ffb590d3b723 name=User_38_65
2025/11/08 14:46:50 INFO session updated token=a1cae737-e7b9-498c-b042-ffb590d3b723 tableID=0xc0001fb140 seatIndex=0xc0001e71f0
2025/11/08 14:46:50 INFO session removed token=a1cae737-e7b9-498c-b042-ffb590d3b723
2025/11/08 14:46:50 INFO session created token=0b1db78c-5df4-4926-8e5e-ec933ff47917 name=User_38_66
2025/11/08 14:46:50 INFO session updated token=0b1db78c-5df4-4926-8e5e-ec933ff47917 tableID=0xc0001fb190 seatIndex=0xc0001e7240
2025/11/08 14:46:50 INFO session removed token=0b1db78c-5df4-4926-8e5e-ec933ff47917
2025/11/08 14:46:50 INFO session created token=95020594-2d5b-4115-a01b-d68a5a655677 name=User_38_67
2025/11/08 14:46:50 INFO session updated token=95020594-2d5b-4115-a01b-d68a5a655677 tableID=0xc0001fb1e0 seatIndex=0xc0001e7290
2025/11/08 14:46:50 INFO session removed token=95020594-2d5b-4115-a01b-d68a5a655677
2025/11/08 14:46:50 INFO session created token=1dc80246-80ee-41e8-b577-f49a2863e6b6 name=User_38_68
2025/11/08 14:46:50 INFO session updated token=1dc80246-80ee-41e8-b577-f49a2863e6b6 tableID=0xc0001fb230 seatIndex=0xc0001e72e0
2025/11/08 14:46:50 INFO session removed token=1dc80246-80ee-41e8-b577-f49a2863e6b6
2025/11/08 14:46:50 INFO session created token=3b98cd88-3086-4363-bfd8-ab96ab8efb5f name=User_38_69
2025/11/08 14:46:50 INFO session updated token=3b98cd88-3086-4363-bfd8-ab96ab8efb5f tableID=0xc0001fb280 seatIndex=0xc0001e7330
2025/11/08 14:46:50 INFO session removed token=3b98cd88-3086-4363-bfd8-ab96ab8efb5f
2025/11/08 14:46:50 INFO session created token=8edfe01a-78a2-4aca-b61d-4b4429545ea8 name=User_38_70
2025/11/08 14:46:50 INFO session updated token=8edfe01a-78a2-4aca-b61d-4b4429545ea8 tableID=0xc0001fb2d0 seatIndex=0xc0001e7380
2025/11/08 14:46:50 INFO session removed token=8edfe01a-78a2-4aca-b61d-4b4429545ea8
2025/11/08 14:46:50 INFO session created token=5bb57768-9480-4445-af17-5e28f7e6e85f name=User_38_71
2025/11/08 14:46:50 INFO session updated token=5bb57768-9480-4445-af17-5e28f7e6e85f tableID=0xc0001fb320 seatIndex=0xc0001e73d0
2025/11/08 14:46:50 INFO session removed token=5bb57768-9480-4445-af17-5e28f7e6e85f
2025/11/08 14:46:50 INFO session created token=b08671a0-fd6f-40c1-be5a-82732d67c7d2 name=User_38_72
2025/11/08 14:46:50 INFO session updated token=b08671a0-fd6f-40c1-be5a-82732d67c7d2 tableID=0xc0001fb370 seatIndex=0xc0001e7420
2025/11/08 14:46:50 INFO session removed token=b08671a0-fd6f-40c1-be5a-82732d67c7d2
2025/11/08 14:46:50 INFO session created token=cac8721b-fa2d-4b87-8201-5a7c43e43451 name=User_38_73
2025/11/08 14:46:50 INFO session updated token=cac8721b-fa2d-4b87-8201-5a7c43e43451 tableID=0xc0001fb3c0 seatIndex=0xc0001e7470
2025/11/08 14:46:50 INFO session removed token=cac8721b-fa2d-4b87-8201-5a7c43e43451
2025/11/08 14:46:50 INFO session created token=f427dc6c-abe2-4a90-857d-8b811bbca79e name=User_38_74
2025/11/08 14:46:50 INFO session updated token=f427dc6c-abe2-4a90-857d-8b811bbca79e tableID=0xc0001fb410 seatIndex=0xc0001e74c0
2025/11/08 14:46:50 INFO session removed token=f427dc6c-abe2-4a90-857d-8b811bbca79e
2025/11/08 14:46:50 INFO session created token=7b0ad8cb-886e-4460-9105-b5f82ff8dfd4 name=User_38_75
2025/11/08 14:46:50 INFO session updated token=7b0ad8cb-886e-4460-9105-b5f82ff8dfd4 tableID=0xc0001fb460 seatIndex=0xc0001e7510
2025/11/08 14:46:50 INFO session removed token=7b0ad8cb-886e-4460-9105-b5f82ff8dfd4
2025/11/08 14:46:50 INFO session created token=65776f22-3ce6-4e2f-8df9-c47ca6978007 name=User_38_76
2025/11/08 14:46:50 INFO session updated token=65776f22-3ce6-4e2f-8df9-c47ca6978007 tableID=0xc0001fb4b0 seatIndex=0xc0001e7560
2025/11/08 14:46:50 INFO session removed token=65776f22-3ce6-4e2f-8df9-c47ca6978007
2025/11/08 14:46:50 INFO session created token=15683f96-0f38-48cc-b320-70d18de04b94 name=User_38_77
2025/11/08 14:46:50 INFO session updated token=15683f96-0f38-48cc-b320-70d18de04b94 tableID=0xc0001fb500 seatIndex=0xc0001e75b0
2025/11/08 14:46:50 INFO session removed token=15683f96-0f38-48cc-b320-70d18de04b94
2025/11/08 14:46:50 INFO session created token=65e46c47-03e2-4f65-a16a-a6ace92f6365 name=User_38_78
2025/11/08 14:46:50 INFO session updated token=65e46c47-03e2-4f65-a16a-a6ace92f6365 tableID=0xc0001fb550 seatIndex=0xc0001e7600
2025/11/08 14:46:50 INFO session removed token=65e46c47-03e2-4f65-a16a-a6ace92f6365
2025/11/08 14:46:50 INFO session created token=ffd20ee8-c8fe-4e14-bd2b-5e1c1ce64cef name=User_38_79
2025/11/08 14:46:50 INFO session updated token=ffd20ee8-c8fe-4e14-bd2b-5e1c1ce64cef tableID=0xc0001fb5a0 seatIndex=0xc0001e7650
2025/11/08 14:46:50 INFO session removed token=ffd20ee8-c8fe-4e14-bd2b-5e1c1ce64cef
2025/11/08 14:46:50 INFO session created token=f4567cb5-e2b8-45d3-a96e-e004f4e0d71f name=User_38_80
2025/11/08 14:46:50 INFO session updated token=f4567cb5-e2b8-45d3-a96e-e004f4e0d71f tableID=0xc0001fb5f0 seatIndex=0xc0001e76a0
2025/11/08 14:46:50 INFO session removed token=f4567cb5-e2b8-45d3-a96e-e004f4e0d71f
2025/11/08 14:46:50 INFO session created token=700b2da8-35fb-4e0f-998d-3ed90354bbfc name=User_38_81
2025/11/08 14:46:50 INFO session updated token=700b2da8-35fb-4e0f-998d-3ed90354bbfc tableID=0xc0001fb640 seatIndex=0xc0001e76f0
2025/11/08 14:46:50 INFO session removed token=700b2da8-35fb-4e0f-998d-3ed90354bbfc
2025/11/08 14:46:50 INFO session created token=59dcd7ba-cfca-41f3-866a-541a3d70fb56 name=User_38_82
2025/11/08 14:46:50 INFO session updated token=59dcd7ba-cfca-41f3-866a-541a3d70fb56 tableID=0xc0001fb690 seatIndex=0xc0001e7740
2025/11/08 14:46:50 INFO session removed token=59dcd7ba-cfca-41f3-866a-541a3d70fb56
2025/11/08 14:46:50 INFO session created token=703e9878-3381-48f9-b59a-26203302dc41 name=User_38_83
2025/11/08 14:46:50 INFO session updated token=703e9878-3381-48f9-b59a-26203302dc41 tableID=0xc0001fb6e0 seatIndex=0xc0001e7790
2025/11/08 14:46:50 INFO session removed token=703e9878-3381-48f9-b59a-26203302dc41
2025/11/08 14:46:50 INFO session created token=de0edf58-8797-4409-9655-eace0d009904 name=User_38_84
2025/11/08 14:46:50 INFO session updated token=de0edf58-8797-4409-9655-eace0d009904 tableID=0xc0001fb730 seatIndex=0xc0001e77e0
2025/11/08 14:46:50 INFO session removed token=de0edf58-8797-4409-9655-eace0d009904
2025/11/08 14:46:50 INFO session created token=9266fd01-a1f7-4c69-9994-ac77444e476b name=User_38_85
2025/11/08 14:46:50 INFO session updated token=9266fd01-a1f7-4c69-9994-ac77444e476b tableID=0xc0001fb780 seatIndex=0xc0001e7830
2025/11/08 14:46:50 INFO session removed token=9266fd01-a1f7-4c69-9994-ac77444e476b
2025/11/08 14:46:50 INFO session created token=eab5d9c2-6320-4c13-8552-fccad856d23e name=User_38_86
2025/11/08 14:46:50 INFO session updated token=eab5d9c2-6320-4c13-8552-fccad856d23e tableID=0xc0001fb7d0 seatIndex=0xc0001e7880
2025/11/08 14:46:50 INFO session removed token=eab5d9c2-6320-4c13-8552-fccad856d23e
2025/11/08 14:46:50 INFO session created token=a54f1fe1-81b5-4af4-83ef-1d1e9f1a04d6 name=User_38_87
2025/11/08 14:46:50 INFO session updated token=a54f1fe1-81b5-4af4-83ef-1d1e9f1a04d6 tableID=0xc0001fb820 seatIndex=0xc0001e78d0
2025/11/08 14:46:50 INFO session removed token=a54f1fe1-81b5-4af4-83ef-1d1e9f1a04d6
2025/11/08 14:46:50 INFO session created token=99bbd5d6-b13e-4c93-bd03-a6af7a8e4b23 name=User_38_88
2025/11/08 14:46:50 INFO session updated token=99bbd5d6-b13e-4c93-bd03-a6af7a8e4b23 tableID=0xc0001fb870 seatIndex=0xc0001e7920
2025/11/08 14:46:50 INFO session removed token=99bbd5d6-b13e-4c93-bd03-a6af7a8e4b23
2025/11/08 14:46:50 INFO session created token=4d23a862-50ed-4aa3-a751-1de7aac31904 name=User_38_89
2025/11/08 14:46:50 INFO session updated token=4d23a862-50ed-4aa3-a751-1de7aac31904 tableID=0xc0001fb8c0 seatIndex=0xc0001e7970
2025/11/08 14:46:50 INFO session removed token=4d23a862-50ed-4aa3-a751-1de7aac31904
2025/11/08 14:46:50 INFO session created token=ba5bf15a-c420-4846-898d-dc47749c564f name=User_38_90
2025/11/08 14:46:50 INFO session updated token=ba5bf15a-c420-4846-898d-dc47749c564f tableID=0xc0001fb910 seatIndex=0xc0001e79c0
2025/11/08 14:46:50 INFO session removed token=ba5bf15a-c420-4846-898d-dc47749c564f
2025/11/08 14:46:50 INFO session created token=7689f38f-8ed0-4515-b382-be912d1206db name=User_38_91
2025/11/08 14:46:50 INFO session updated token=7689f38f-8ed0-4515-b382-be912d1206db tableID=0xc0001fb960 seatIndex=0xc0001e7a10
2025/11/08 14:46:50 INFO session removed token=7689f38f-8ed0-4515-b382-be912d1206db
2025/11/08 14:46:50 INFO session created token=6d33fe21-a424-4f6c-bf5b-39e87cc5837c name=User_38_92
2025/11/08 14:46:50 INFO session updated token=6d33fe21-a424-4f6c-bf5b-39e87cc5837c tableID=0xc0001fb9b0 seatIndex=0xc0001e7a60
2025/11/08 14:46:50 INFO session removed token=6d33fe21-a424-4f6c-bf5b-39e87cc5837c
2025/11/08 14:46:50 INFO session created token=2959bda1-391b-486f-ae10-b156e5339d4e name=User_38_93
2025/11/08 14:46:50 INFO session updated token=2959bda1-391b-486f-ae10-b156e5339d4e tableID=0xc0001fba00 seatIndex=0xc0001e7ab0
2025/11/08 14:46:50 INFO session removed token=2959bda1-391b-486f-ae10-b156e5339d4e
2025/11/08 14:46:50 INFO session created token=80e6bc6a-f6f9-450a-bc5b-3a0806e2d857 name=User_38_94
2025/11/08 14:46:50 INFO session updated token=80e6bc6a-f6f9-450a-bc5b-3a0806e2d857 tableID=0xc0001fba50 seatIndex=0xc0001e7b00
2025/11/08 14:46:50 INFO session removed token=80e6bc6a-f6f9-450a-bc5b-3a0806e2d857
2025/11/08 14:46:50 INFO session created token=09623abf-3163-4302-9c51-acb8f9738b71 name=User_38_95
2025/11/08 14:46:50 INFO session updated token=09623abf-3163-4302-9c51-acb8f9738b71 tableID=0xc0001fbaa0 seatIndex=0xc0001e7b50
2025/11/08 14:46:50 INFO session removed token=09623abf-3163-4302-9c51-acb8f9738b71
2025/11/08 14:46:50 INFO session created token=8c722e9e-0696-4b1e-927c-1fc00eeafe2b name=User_38_96
2025/11/08 14:46:50 INFO session updated token=8c722e9e-0696-4b1e-927c-1fc00eeafe2b tableID=0xc0001fbaf0 seatIndex=0xc0001e7ba0
2025/11/08 14:46:50 INFO session removed token=8c722e9e-0696-4b1e-927c-1fc00eeafe2b
2025/11/08 14:46:50 INFO session created token=3acb551f-fb4d-42d4-b891-7fb6b07476fa name=User_38_97
2025/11/08 14:46:50 INFO session updated token=3acb551f-fb4d-42d4-b891-7fb6b07476fa tableID=0xc0001fbb40 seatIndex=0xc0001e7bf0
2025/11/08 14:46:50 INFO session removed token=3acb551f-fb4d-42d4-b891-7fb6b07476fa
2025/11/08 14:46:50 INFO session created token=3cee5dc1-816c-4cb9-ac26-7f3854296939 name=User_38_98
2025/11/08 14:46:50 INFO session updated token=3cee5dc1-816c-4cb9-ac26-7f3854296939 tableID=0xc0001fbb90 seatIndex=0xc0001e7c40
2025/11/08 14:46:50 INFO session removed token=3cee5dc1-816c-4cb9-ac26-7f3854296939
2025/11/08 14:46:50 INFO session created token=35b77c06-e4d3-4ca6-b751-b15ae87a2657 name=User_38_99
2025/11/08 14:46:50 INFO session updated token=35b77c06-e4d3-4ca6-b751-b15ae87a2657 tableID=0xc0001fbbe0 seatIndex=0xc0001e7c90
2025/11/08 14:46:50 INFO session removed token=35b77c06-e4d3-4ca6-b751-b15ae87a2657
2025/11/08 14:46:50 INFO session updated token=146aec8b-1081-4fb1-a8ab-e5be6a72c8e2 tableID=0xc0003cb390 seatIndex=0xc0003cd0d0
2025/11/08 14:46:50 INFO session removed token=146aec8b-1081-4fb1-a8ab-e5be6a72c8e2
2025/11/08 14:46:50 INFO session created token=9310c7fc-eda2-4af8-bdae-fcaeb33bf7ec name=User_37_49
2025/11/08 14:46:50 INFO session updated token=9310c7fc-eda2-4af8-bdae-fcaeb33bf7ec tableID=0xc0001fbc50 seatIndex=0xc0001e7d00
2025/11/08 14:46:50 INFO session removed token=9310c7fc-eda2-4af8-bdae-fcaeb33bf7ec
2025/11/08 14:46:50 INFO session created token=3f40497c-1faa-416b-a7a0-4c47af1cfe33 name=User_37_50
2025/11/08 14:46:50 INFO session updated token=3f40497c-1faa-416b-a7a0-4c47af1cfe33 tableID=0xc0001fbca0 seatIndex=0xc0001e7d50
2025/11/08 14:46:50 INFO session removed token=3f40497c-1faa-416b-a7a0-4c47af1cfe33
2025/11/08 14:46:50 INFO session created token=1e9abab1-ac82-47f7-b511-5879bf97ca2b name=User_37_51
2025/11/08 14:46:50 INFO session updated token=1e9abab1-ac82-47f7-b511-5879bf97ca2b tableID=0xc0001fbcf0 seatIndex=0xc0001e7da0
2025/11/08 14:46:50 INFO session removed token=1e9abab1-ac82-47f7-b511-5879bf97ca2b
2025/11/08 14:46:50 INFO session created token=df76557f-3022-4b0c-9bf8-89b472276e5f name=User_37_52
2025/11/08 14:46:50 INFO session updated token=df76557f-3022-4b0c-9bf8-89b472276e5f tableID=0xc0001fbd40 seatIndex=0xc0001e7df0
2025/11/08 14:46:50 INFO session removed token=df76557f-3022-4b0c-9bf8-89b472276e5f
2025/11/08 14:46:50 INFO session created token=24f6e535-575f-4bab-bb2c-e06c581ad979 name=User_37_53
2025/11/08 14:46:50 INFO session updated token=24f6e535-575f-4bab-bb2c-e06c581ad979 tableID=0xc0001fbd90 seatIndex=0xc0001e7e40
2025/11/08 14:46:50 INFO session removed token=24f6e535-575f-4bab-bb2c-e06c581ad979
2025/11/08 14:46:50 INFO session created token=e7052d21-e14d-4d3f-a5ad-5933a1f0f3a5 name=User_37_54
2025/11/08 14:46:50 INFO session updated token=e7052d21-e14d-4d3f-a5ad-5933a1f0f3a5 tableID=0xc0001fbde0 seatIndex=0xc0001e7e90
2025/11/08 14:46:50 INFO session removed token=e7052d21-e14d-4d3f-a5ad-5933a1f0f3a5
2025/11/08 14:46:50 INFO session created token=7c9079c0-35cf-41a7-8810-ace1a69a3813 name=User_37_55
2025/11/08 14:46:50 INFO session updated token=7c9079c0-35cf-41a7-8810-ace1a69a3813 tableID=0xc0001fbe30 seatIndex=0xc0001e7ee0
2025/11/08 14:46:50 INFO session removed token=7c9079c0-35cf-41a7-8810-ace1a69a3813
2025/11/08 14:46:50 INFO session created token=d3d20117-1b1a-4045-a248-f3991cdf0bf4 name=User_37_56
2025/11/08 14:46:50 INFO session updated token=d3d20117-1b1a-4045-a248-f3991cdf0bf4 tableID=0xc0001fbe80 seatIndex=0xc0001e7f30
2025/11/08 14:46:50 INFO session removed token=d3d20117-1b1a-4045-a248-f3991cdf0bf4
2025/11/08 14:46:50 INFO session created token=ee07dc26-7482-488f-8964-087c197e454b name=User_37_57
2025/11/08 14:46:50 INFO session updated token=ee07dc26-7482-488f-8964-087c197e454b tableID=0xc0001fbed0 seatIndex=0xc0001e7f80
2025/11/08 14:46:50 INFO session removed token=ee07dc26-7482-488f-8964-087c197e454b
2025/11/08 14:46:50 INFO session created token=df063508-bd76-4860-8fa6-f14de9853f6e name=User_37_58
2025/11/08 14:46:50 INFO session updated token=df063508-bd76-4860-8fa6-f14de9853f6e tableID=0xc0001fbf20 seatIndex=0xc0001e7fd0
2025/11/08 14:46:50 INFO session removed token=df063508-bd76-4860-8fa6-f14de9853f6e
2025/11/08 14:46:50 INFO session created token=b2543c1d-c792-482c-81e9-252cb12b19f8 name=User_37_59
2025/11/08 14:46:50 INFO session updated token=b2543c1d-c792-482c-81e9-252cb12b19f8 tableID=0xc0001fbf70 seatIndex=0xc000402020
2025/11/08 14:46:50 INFO session removed token=b2543c1d-c792-482c-81e9-252cb12b19f8
2025/11/08 14:46:50 INFO session created token=17c7dd9a-100b-40c6-9e8f-80aedd2e01a3 name=User_37_60
2025/11/08 14:46:50 INFO session updated token=17c7dd9a-100b-40c6-9e8f-80aedd2e01a3 tableID=0xc000404040 seatIndex=0xc000402070
2025/11/08 14:46:50 INFO session removed token=17c7dd9a-100b-40c6-9e8f-80aedd2e01a3
2025/11/08 14:46:50 INFO session created token=4fd4afce-2c22-44c6-b151-765a8b1199c1 name=User_37_61
2025/11/08 14:46:50 INFO session updated token=4fd4afce-2c22-44c6-b151-765a8b1199c1 tableID=0xc000404090 seatIndex=0xc0004020c0
2025/11/08 14:46:50 INFO session removed token=4fd4afce-2c22-44c6-b151-765a8b1199c1
2025/11/08 14:46:50 INFO session created token=d74c8aa4-bf49-447b-b76f-cba683a16850 name=User_37_62
2025/11/08 14:46:50 INFO session updated token=d74c8aa4-bf49-447b-b76f-cba683a16850 tableID=0xc0004040e0 seatIndex=0xc000402110
2025/11/08 14:46:50 INFO session removed token=d74c8aa4-bf49-447b-b76f-cba683a16850
2025/11/08 14:46:50 INFO session created token=1f453824-efed-4dbd-a407-a3ba08f000c6 name=User_37_63
2025/11/08 14:46:50 INFO session updated token=1f453824-efed-4dbd-a407-a3ba08f000c6 tableID=0xc000404130 seatIndex=0xc000402160
2025/11/08 14:46:50 INFO session removed token=1f453824-efed-4dbd-a407-a3ba08f000c6
2025/11/08 14:46:50 INFO session created token=d638a60a-aa0c-4c75-9794-b546ca033abb name=User_37_64
2025/11/08 14:46:50 INFO session updated token=d638a60a-aa0c-4c75-9794-b546ca033abb tableID=0xc000404180 seatIndex=0xc0004021b0
2025/11/08 14:46:50 INFO session removed token=d638a60a-aa0c-4c75-9794-b546ca033abb
2025/11/08 14:46:50 INFO session created token=f0d34465-2d55-4503-949b-30b58115d19c name=User_37_65
2025/11/08 14:46:50 INFO session updated token=f0d34465-2d55-4503-949b-30b58115d19c tableID=0xc0004041d0 seatIndex=0xc000402200
2025/11/08 14:46:50 INFO session removed token=f0d34465-2d55-4503-949b-30b58115d19c
2025/11/08 14:46:50 INFO session created token=386db2ad-3c49-4eac-b62a-0001ed7241f0 name=User_37_66
2025/11/08 14:46:50 INFO session updated token=386db2ad-3c49-4eac-b62a-0001ed7241f0 tableID=0xc000404220 seatIndex=0xc000402250
2025/11/08 14:46:50 INFO session removed token=386db2ad-3c49-4eac-b62a-0001ed7241f0
2025/11/08 14:46:50 INFO session created token=cc9a2c1f-6533-4e3a-870e-40407874c996 name=User_37_67
2025/11/08 14:46:50 INFO session updated token=cc9a2c1f-6533-4e3a-870e-40407874c996 tableID=0xc000404270 seatIndex=0xc0004022a0
2025/11/08 14:46:50 INFO session removed token=cc9a2c1f-6533-4e3a-870e-40407874c996
2025/11/08 14:46:50 INFO session created token=8b604049-d1af-4835-ac77-bb149f0ee980 name=User_37_68
2025/11/08 14:46:50 INFO session updated token=8b604049-d1af-4835-ac77-bb149f0ee980 tableID=0xc0004042c0 seatIndex=0xc0004022f0
2025/11/08 14:46:50 INFO session removed token=8b604049-d1af-4835-ac77-bb149f0ee980
2025/11/08 14:46:50 INFO session created token=501b9f79-242b-4ad0-99fc-939df13691d2 name=User_37_69
2025/11/08 14:46:50 INFO session updated token=501b9f79-242b-4ad0-99fc-939df13691d2 tableID=0xc000404310 seatIndex=0xc000402340
2025/11/08 14:46:50 INFO session removed token=501b9f79-242b-4ad0-99fc-939df13691d2
2025/11/08 14:46:50 INFO session created token=25052e28-fbb8-458b-ac69-603efd4b66f6 name=User_37_70
2025/11/08 14:46:50 INFO session updated token=25052e28-fbb8-458b-ac69-603efd4b66f6 tableID=0xc000404360 seatIndex=0xc000402390
2025/11/08 14:46:50 INFO session removed token=25052e28-fbb8-458b-ac69-603efd4b66f6
2025/11/08 14:46:50 INFO session created token=8e6bb0f5-b727-4a2a-a0d3-f04b676be4c1 name=User_37_71
2025/11/08 14:46:50 INFO session updated token=8e6bb0f5-b727-4a2a-a0d3-f04b676be4c1 tableID=0xc0004043b0 seatIndex=0xc0004023e0
2025/11/08 14:46:50 INFO session removed token=8e6bb0f5-b727-4a2a-a0d3-f04b676be4c1
2025/11/08 14:46:50 INFO session created token=14fe6e25-2ae4-4a13-9373-9df957949228 name=User_37_72
2025/11/08 14:46:50 INFO session updated token=14fe6e25-2ae4-4a13-9373-9df957949228 tableID=0xc000404400 seatIndex=0xc000402430
2025/11/08 14:46:50 INFO session removed token=14fe6e25-2ae4-4a13-9373-9df957949228
2025/11/08 14:46:50 INFO session created token=17dd2cb2-b2db-4066-a8db-7c7f46f81553 name=User_37_73
2025/11/08 14:46:50 INFO session updated token=17dd2cb2-b2db-4066-a8db-7c7f46f81553 tableID=0xc000404450 seatIndex=0xc000402480
2025/11/08 14:46:50 INFO session removed token=17dd2cb2-b2db-4066-a8db-7c7f46f81553
2025/11/08 14:46:50 INFO session created token=ed0a9a36-5408-4c55-bb4e-f0d6f7bbe950 name=User_37_74
2025/11/08 14:46:50 INFO session updated token=ed0a9a36-5408-4c55-bb4e-f0d6f7bbe950 tableID=0xc0004044a0 seatIndex=0xc0004024d0
2025/11/08 14:46:50 INFO session removed token=ed0a9a36-5408-4c55-bb4e-f0d6f7bbe950
2025/11/08 14:46:50 INFO session created token=774b87a5-c997-40b0-bca8-8f86035cf099 name=User_37_75
2025/11/08 14:46:50 INFO session updated token=774b87a5-c997-40b0-bca8-8f86035cf099 tableID=0xc0004044f0 seatIndex=0xc000402520
2025/11/08 14:46:50 INFO session removed token=774b87a5-c997-40b0-bca8-8f86035cf099
2025/11/08 14:46:50 INFO session created token=5efc6512-e49e-4bda-8222-4afbbed709fe name=User_37_76
2025/11/08 14:46:50 INFO session updated token=5efc6512-e49e-4bda-8222-4afbbed709fe tableID=0xc000404540 seatIndex=0xc000402570
2025/11/08 14:46:50 INFO session removed token=5efc6512-e49e-4bda-8222-4afbbed709fe
2025/11/08 14:46:50 INFO session created token=56fca346-4582-4300-acef-809ec7da7b98 name=User_37_77
2025/11/08 14:46:50 INFO session updated token=56fca346-4582-4300-acef-809ec7da7b98 tableID=0xc000404590 seatIndex=0xc0004025c0
2025/11/08 14:46:50 INFO session removed token=56fca346-4582-4300-acef-809ec7da7b98
2025/11/08 14:46:50 INFO session created token=cf463e6e-9781-4555-ac99-097b8c97f9c8 name=User_37_78
2025/11/08 14:46:50 INFO session updated token=cf463e6e-9781-4555-ac99-097b8c97f9c8 tableID=0xc0004045e0 seatIndex=0xc000402610
2025/11/08 14:46:50 INFO session removed token=cf463e6e-9781-4555-ac99-097b8c97f9c8
2025/11/08 14:46:50 INFO session created token=7f28f654-3152-44cc-bf00-4b8284b7b903 name=User_37_79
2025/11/08 14:46:50 INFO session updated token=7f28f654-3152-44cc-bf00-4b8284b7b903 tableID=0xc000404630 seatIndex=0xc000402660
2025/11/08 14:46:50 INFO session removed token=7f28f654-3152-44cc-bf00-4b8284b7b903
2025/11/08 14:46:50 INFO session created token=99cd435d-9232-4049-8742-715908ebfcaa name=User_37_80
2025/11/08 14:46:50 INFO session updated token=99cd435d-9232-4049-8742-715908ebfcaa tableID=0xc000404680 seatIndex=0xc0004026b0
2025/11/08 14:46:50 INFO session removed token=99cd435d-9232-4049-8742-715908ebfcaa
2025/11/08 14:46:50 INFO session created token=e819774d-bd7d-4d5e-ade5-ea185f083e40 name=User_37_81
2025/11/08 14:46:50 INFO session updated token=e819774d-bd7d-4d5e-ade5-ea185f083e40 tableID=0xc0004046d0 seatIndex=0xc000402700
2025/11/08 14:46:50 INFO session removed token=e819774d-bd7d-4d5e-ade5-ea185f083e40
2025/11/08 14:46:50 INFO session created token=779e4de1-7999-485d-8601-2b7f692b444e name=User_37_82
2025/11/08 14:46:50 INFO session updated token=779e4de1-7999-485d-8601-2b7f692b444e tableID=0xc000404720 seatIndex=0xc000402750
2025/11/08 14:46:50 INFO session removed token=779e4de1-7999-485d-8601-2b7f692b444e
2025/11/08 14:46:50 INFO session created token=7d1b0b6f-f717-48cf-8def-fd156d95db24 name=User_37_83
2025/11/08 14:46:50 INFO session updated token=7d1b0b6f-f717-48cf-8def-fd156d95db24 tableID=0xc000404770 seatIndex=0xc0004027a0
2025/11/08 14:46:50 INFO session removed token=7d1b0b6f-f717-48cf-8def-fd156d95db24
2025/11/08 14:46:50 INFO session created token=d8138b7c-a6f5-4b0a-a4dc-66c5a832e127 name=User_37_84
2025/11/08 14:46:50 INFO session updated token=d8138b7c-a6f5-4b0a-a4dc-66c5a832e127 tableID=0xc0004047c0 seatIndex=0xc0004027f0
2025/11/08 14:46:50 INFO session removed token=d8138b7c-a6f5-4b0a-a4dc-66c5a832e127
2025/11/08 14:46:50 INFO session created token=22d58401-1be8-40d8-8a4d-2cf78ad7df70 name=User_37_85
2025/11/08 14:46:50 INFO session updated token=22d58401-1be8-40d8-8a4d-2cf78ad7df70 tableID=0xc000404810 seatIndex=0xc000402840
2025/11/08 14:46:50 INFO session removed token=22d58401-1be8-40d8-8a4d-2cf78ad7df70
2025/11/08 14:46:50 INFO session created token=161c1971-4028-4f5a-821d-27f38d65e334 name=User_37_86
2025/11/08 14:46:50 INFO session updated token=161c1971-4028-4f5a-821d-27f38d65e334 tableID=0xc000404860 seatIndex=0xc000402890
2025/11/08 14:46:50 INFO session removed token=161c1971-4028-4f5a-821d-27f38d65e334
2025/11/08 14:46:50 INFO session created token=4d8fa15c-c4d9-41b5-ac7a-fe21e7956f2d name=User_37_87
2025/11/08 14:46:50 INFO session updated token=4d8fa15c-c4d9-41b5-ac7a-fe21e7956f2d tableID=0xc0004048b0 seatIndex=0xc0004028e0
2025/11/08 14:46:50 INFO session removed token=4d8fa15c-c4d9-41b5-ac7a-fe21e7956f2d
2025/11/08 14:46:50 INFO session created token=2bfdc18a-d6df-44bb-afc0-019a71d929eb name=User_37_88
2025/11/08 14:46:50 INFO session updated token=2bfdc18a-d6df-44bb-afc0-019a71d929eb tableID=0xc000404900 seatIndex=0xc000402930
2025/11/08 14:46:50 INFO session removed token=2bfdc18a-d6df-44bb-afc0-019a71d929eb
2025/11/08 14:46:50 INFO session created token=117baa41-8f3c-41b4-9d48-217e89af681a name=User_37_89
2025/11/08 14:46:50 INFO session updated token=117baa41-8f3c-41b4-9d48-217e89af681a tableID=0xc000404950 seatIndex=0xc000402980
2025/11/08 14:46:50 INFO session removed token=117baa41-8f3c-41b4-9d48-217e89af681a
2025/11/08 14:46:50 INFO session created token=f776f2c8-425d-4a91-957d-376013637c72 name=User_37_90
2025/11/08 14:46:50 INFO session updated token=f776f2c8-425d-4a91-957d-376013637c72 tableID=0xc0004049a0 seatIndex=0xc0004029d0
2025/11/08 14:46:50 INFO session removed token=f776f2c8-425d-4a91-957d-376013637c72
2025/11/08 14:46:50 INFO session created token=5e990b51-a34a-4daa-b005-6c9ae099bae6 name=User_37_91
2025/11/08 14:46:50 INFO session updated token=5e990b51-a34a-4daa-b005-6c9ae099bae6 tableID=0xc0004049f0 seatIndex=0xc000402a20
2025/11/08 14:46:50 INFO session removed token=5e990b51-a34a-4daa-b005-6c9ae099bae6
2025/11/08 14:46:50 INFO session created token=eb418944-09ec-40c5-9860-d4b99bbf8071 name=User_37_92
2025/11/08 14:46:50 INFO session updated token=eb418944-09ec-40c5-9860-d4b99bbf8071 tableID=0xc000404a40 seatIndex=0xc000402a70
2025/11/08 14:46:50 INFO session removed token=eb418944-09ec-40c5-9860-d4b99bbf8071
2025/11/08 14:46:50 INFO session created token=0e478069-486a-4bba-b131-5781065ef673 name=User_37_93
2025/11/08 14:46:50 INFO session updated token=0e478069-486a-4bba-b131-5781065ef673 tableID=0xc000404a90 seatIndex=0xc000402ac0
2025/11/08 14:46:50 INFO session removed token=0e478069-486a-4bba-b131-5781065ef673
2025/11/08 14:46:50 INFO session created token=98014d32-a6c7-4c3c-a631-33e97ac7c568 name=User_37_94
2025/11/08 14:46:50 INFO session updated token=98014d32-a6c7-4c3c-a631-33e97ac7c568 tableID=0xc000404ae0 seatIndex=0xc000402b10
2025/11/08 14:46:50 INFO session removed token=98014d32-a6c7-4c3c-a631-33e97ac7c568
2025/11/08 14:46:50 INFO session created token=b6f08ecf-2ca4-4df3-8f2c-6c105ffea094 name=User_37_95
2025/11/08 14:46:50 INFO session updated token=b6f08ecf-2ca4-4df3-8f2c-6c105ffea094 tableID=0xc000404b30 seatIndex=0xc000402b60
2025/11/08 14:46:50 INFO session removed token=b6f08ecf-2ca4-4df3-8f2c-6c105ffea094
2025/11/08 14:46:50 INFO session created token=da3757c3-ae88-4b34-a5a5-f16ac38b6883 name=User_37_96
2025/11/08 14:46:50 INFO session updated token=da3757c3-ae88-4b34-a5a5-f16ac38b6883 tableID=0xc000404b80 seatIndex=0xc000402bb0
2025/11/08 14:46:50 INFO session removed token=da3757c3-ae88-4b34-a5a5-f16ac38b6883
2025/11/08 14:46:50 INFO session created token=9202a53b-ce91-4f19-8757-902eb7513fc4 name=User_37_97
2025/11/08 14:46:50 INFO session updated token=9202a53b-ce91-4f19-8757-902eb7513fc4 tableID=0xc000404bd0 seatIndex=0xc000402c00
2025/11/08 14:46:50 INFO session removed token=9202a53b-ce91-4f19-8757-902eb7513fc4
2025/11/08 14:46:50 INFO session created token=abaabbb1-551a-4a51-a96f-e5429cb58459 name=User_37_98
2025/11/08 14:46:50 INFO session updated token=abaabbb1-551a-4a51-a96f-e5429cb58459 tableID=0xc000404c20 seatIndex=0xc000402c50
2025/11/08 14:46:50 INFO session removed token=abaabbb1-551a-4a51-a96f-e5429cb58459
2025/11/08 14:46:50 INFO session created token=435f95d3-7104-44f9-8ead-276b86566951 name=User_37_99
2025/11/08 14:46:50 INFO session updated token=435f95d3-7104-44f9-8ead-276b86566951 tableID=0xc000404c70 seatIndex=0xc000402ca0
2025/11/08 14:46:50 INFO session removed token=435f95d3-7104-44f9-8ead-276b86566951
2025/11/08 14:46:50 INFO session created token=15a73b00-34ed-4524-a68e-c4b0a5c0d657 name=User_72_32
2025/11/08 14:46:50 INFO session updated token=15a73b00-34ed-4524-a68e-c4b0a5c0d657 tableID=0xc000404cc0 seatIndex=0xc000402cd0
2025/11/08 14:46:50 INFO session removed token=15a73b00-34ed-4524-a68e-c4b0a5c0d657
2025/11/08 14:46:50 INFO session created token=8f4eaab6-401e-4bdf-b59a-451dd6d893ef name=User_72_33
2025/11/08 14:46:50 INFO session updated token=8f4eaab6-401e-4bdf-b59a-451dd6d893ef tableID=0xc000404d10 seatIndex=0xc000402d20
2025/11/08 14:46:50 INFO session removed token=8f4eaab6-401e-4bdf-b59a-451dd6d893ef
2025/11/08 14:46:50 INFO session created token=c5d9b25c-66f2-4068-9ee8-494cfe614188 name=User_72_34
2025/11/08 14:46:50 INFO session updated token=c5d9b25c-66f2-4068-9ee8-494cfe614188 tableID=0xc000404d60 seatIndex=0xc000402d70
2025/11/08 14:46:50 INFO session removed token=c5d9b25c-66f2-4068-9ee8-494cfe614188
2025/11/08 14:46:50 INFO session created token=aa3365c4-0a45-4bc8-87b8-28e53c3f17cf name=User_72_35
2025/11/08 14:46:50 INFO session updated token=aa3365c4-0a45-4bc8-87b8-28e53c3f17cf tableID=0xc000404db0 seatIndex=0xc000402dc0
2025/11/08 14:46:50 INFO session removed token=aa3365c4-0a45-4bc8-87b8-28e53c3f17cf
2025/11/08 14:46:50 INFO session created token=d3dd5344-2533-4e27-afe3-0e901f6ecce3 name=User_72_36
2025/11/08 14:46:50 INFO session updated token=d3dd5344-2533-4e27-afe3-0e901f6ecce3 tableID=0xc000404e00 seatIndex=0xc000402e10
2025/11/08 14:46:50 INFO session removed token=d3dd5344-2533-4e27-afe3-0e901f6ecce3
2025/11/08 14:46:50 INFO session created token=200b58ff-eff2-44b1-a144-9d389dbbc0b9 name=User_72_37
2025/11/08 14:46:50 INFO session updated token=200b58ff-eff2-44b1-a144-9d389dbbc0b9 tableID=0xc000404e50 seatIndex=0xc000402e60
2025/11/08 14:46:50 INFO session removed token=200b58ff-eff2-44b1-a144-9d389dbbc0b9
2025/11/08 14:46:50 INFO session created token=f668510e-dd1c-47b5-8018-57ca46e6ff7d name=User_72_38
2025/11/08 14:46:50 INFO session updated token=f668510e-dd1c-47b5-8018-57ca46e6ff7d tableID=0xc000404ea0 seatIndex=0xc000402eb0
2025/11/08 14:46:50 INFO session removed token=f668510e-dd1c-47b5-8018-57ca46e6ff7d
2025/11/08 14:46:50 INFO session created token=6fc4af8a-714d-4aed-88b5-06f8ae24b07b name=User_72_39
2025/11/08 14:46:50 INFO session updated token=6fc4af8a-714d-4aed-88b5-06f8ae24b07b tableID=0xc000404ef0 seatIndex=0xc000402f00
2025/11/08 14:46:50 INFO session removed token=6fc4af8a-714d-4aed-88b5-06f8ae24b07b
2025/11/08 14:46:50 INFO session created token=f0535041-a3e7-4efb-ac50-ad66cc477ff7 name=User_72_40
2025/11/08 14:46:50 INFO session updated token=f0535041-a3e7-4efb-ac50-ad66cc477ff7 tableID=0xc000404f40 seatIndex=0xc000402f50
2025/11/08 14:46:50 INFO session removed token=f0535041-a3e7-4efb-ac50-ad66cc477ff7
2025/11/08 14:46:50 INFO session created token=c5e8d7fb-3ee2-4aeb-ab6b-80ff7eb08e3a name=User_72_41
2025/11/08 14:46:50 INFO session updated token=c5e8d7fb-3ee2-4aeb-ab6b-80ff7eb08e3a tableID=0xc000404f90 seatIndex=0xc000402fa0
2025/11/08 14:46:50 INFO session removed token=c5e8d7fb-3ee2-4aeb-ab6b-80ff7eb08e3a
2025/11/08 14:46:50 INFO session created token=f91599fc-097f-44ab-9b81-60daeb04ee47 name=User_72_42
2025/11/08 14:46:50 INFO session updated token=f91599fc-097f-44ab-9b81-60daeb04ee47 tableID=0xc000404fe0 seatIndex=0xc000402ff0
2025/11/08 14:46:50 INFO session removed token=f91599fc-097f-44ab-9b81-60daeb04ee47
2025/11/08 14:46:50 INFO session created token=f5e2e80e-7696-45d6-9b9f-060b86aa39f5 name=User_72_43
2025/11/08 14:46:50 INFO session updated token=f5e2e80e-7696-45d6-9b9f-060b86aa39f5 tableID=0xc000405030 seatIndex=0xc000403040
2025/11/08 14:46:50 INFO session removed token=f5e2e80e-7696-45d6-9b9f-060b86aa39f5
2025/11/08 14:46:50 INFO session created token=c88413f1-587f-468e-b0c6-f583dc593aa9 name=User_72_44
2025/11/08 14:46:50 INFO session updated token=c88413f1-587f-468e-b0c6-f583dc593aa9 tableID=0xc000405080 seatIndex=0xc000403090
2025/11/08 14:46:50 INFO session removed token=c88413f1-587f-468e-b0c6-f583dc593aa9
2025/11/08 14:46:50 INFO session created token=fdb47274-194b-4225-8563-60f23ff8cae9 name=User_72_45
2025/11/08 14:46:50 INFO session updated token=fdb47274-194b-4225-8563-60f23ff8cae9 tableID=0xc0004050d0 seatIndex=0xc0004030e0
2025/11/08 14:46:50 INFO session removed token=fdb47274-194b-4225-8563-60f23ff8cae9
2025/11/08 14:46:50 INFO session created token=40a05c5c-4ac2-4189-908f-08adc906cab9 name=User_72_46
2025/11/08 14:46:50 INFO session updated token=40a05c5c-4ac2-4189-908f-08adc906cab9 tableID=0xc000405120 seatIndex=0xc000403130
2025/11/08 14:46:50 INFO session removed token=40a05c5c-4ac2-4189-908f-08adc906cab9
2025/11/08 14:46:50 INFO session created token=ecf487ac-a82b-4b95-95c8-d595b227f3c9 name=User_72_47
2025/11/08 14:46:50 INFO session updated token=ecf487ac-a82b-4b95-95c8-d595b227f3c9 tableID=0xc000405170 seatIndex=0xc000403180
2025/11/08 14:46:50 INFO session removed token=ecf487ac-a82b-4b95-95c8-d595b227f3c9
2025/11/08 14:46:50 INFO session created token=164d4d57-27eb-43ec-a501-018246f83603 name=User_72_48
2025/11/08 14:46:50 INFO session updated token=164d4d57-27eb-43ec-a501-018246f83603 tableID=0xc0004051c0 seatIndex=0xc0004031d0
2025/11/08 14:46:50 INFO session removed token=164d4d57-27eb-43ec-a501-018246f83603
2025/11/08 14:46:50 INFO session created token=38450d27-ab50-4611-be3f-629e87b41c45 name=User_72_49
2025/11/08 14:46:50 INFO session updated token=38450d27-ab50-4611-be3f-629e87b41c45 tableID=0xc000405210 seatIndex=0xc000403220
2025/11/08 14:46:50 INFO session removed token=38450d27-ab50-4611-be3f-629e87b41c45
2025/11/08 14:46:50 INFO session created token=a568b9fb-7e54-425b-b73d-4909ae525655 name=User_72_50
2025/11/08 14:46:50 INFO session updated token=a568b9fb-7e54-425b-b73d-4909ae525655 tableID=0xc000405260 seatIndex=0xc000403270
2025/11/08 14:46:50 INFO session removed token=a568b9fb-7e54-425b-b73d-4909ae525655
2025/11/08 14:46:50 INFO session created token=fee18202-205c-4c3d-93be-287a2bcd2734 name=User_72_51
2025/11/08 14:46:50 INFO session updated token=fee18202-205c-4c3d-93be-287a2bcd2734 tableID=0xc0004052b0 seatIndex=0xc0004032c0
2025/11/08 14:46:50 INFO session removed token=fee18202-205c-4c3d-93be-287a2bcd2734
2025/11/08 14:46:50 INFO session created token=fb0d8511-5dc5-4923-be40-2e22e8357798 name=User_72_52
2025/11/08 14:46:50 INFO session updated token=fb0d8511-5dc5-4923-be40-2e22e8357798 tableID=0xc000405300 seatIndex=0xc000403310
2025/11/08 14:46:50 INFO session removed token=fb0d8511-5dc5-4923-be40-2e22e8357798
2025/11/08 14:46:50 INFO session created token=19dac882-1b7e-4dd1-a877-8a8ce9869917 name=User_72_53
2025/11/08 14:46:50 INFO session updated token=19dac882-1b7e-4dd1-a877-8a8ce9869917 tableID=0xc000405350 seatIndex=0xc000403360
2025/11/08 14:46:50 INFO session removed token=19dac882-1b7e-4dd1-a877-8a8ce9869917
2025/11/08 14:46:50 INFO session created token=b36d05fb-09a7-4281-92a5-83eac38064ea name=User_72_54
2025/11/08 14:46:50 INFO session updated token=b36d05fb-09a7-4281-92a5-83eac38064ea tableID=0xc0004053a0 seatIndex=0xc0004033b0
2025/11/08 14:46:50 INFO session removed token=b36d05fb-09a7-4281-92a5-83eac38064ea
2025/11/08 14:46:50 INFO session created token=52aa199e-b686-4169-acb2-1b0710b2cdae name=User_72_55
2025/11/08 14:46:50 INFO session updated token=52aa199e-b686-4169-acb2-1b0710b2cdae tableID=0xc0004053f0 seatIndex=0xc000403400
2025/11/08 14:46:50 INFO session removed token=52aa199e-b686-4169-acb2-1b0710b2cdae
2025/11/08 14:46:50 INFO session created token=809526ef-c154-48a3-81c2-51511b1bbc96 name=User_72_56
2025/11/08 14:46:50 INFO session updated token=809526ef-c154-48a3-81c2-51511b1bbc96 tableID=0xc000405440 seatIndex=0xc000403450
2025/11/08 14:46:50 INFO session removed token=809526ef-c154-48a3-81c2-51511b1bbc96
2025/11/08 14:46:50 INFO session created token=1a3fb43c-86c0-403d-8ca5-ec8e19b1ee7b name=User_72_57
2025/11/08 14:46:50 INFO session updated token=1a3fb43c-86c0-403d-8ca5-ec8e19b1ee7b tableID=0xc000405490 seatIndex=0xc0004034a0
2025/11/08 14:46:50 INFO session removed token=1a3fb43c-86c0-403d-8ca5-ec8e19b1ee7b
2025/11/08 14:46:50 INFO session created token=273eacd7-8857-469e-b1dc-aa6add5d00a7 name=User_72_58
2025/11/08 14:46:50 INFO session updated token=273eacd7-8857-469e-b1dc-aa6add5d00a7 tableID=0xc0004054e0 seatIndex=0xc0004034f0
2025/11/08 14:46:50 INFO session removed token=273eacd7-8857-469e-b1dc-aa6add5d00a7
2025/11/08 14:46:50 INFO session created token=952a1c5d-d772-4d77-a75d-efb6859232dc name=User_72_59
2025/11/08 14:46:50 INFO session updated token=952a1c5d-d772-4d77-a75d-efb6859232dc tableID=0xc000405530 seatIndex=0xc000403540
2025/11/08 14:46:50 INFO session removed token=952a1c5d-d772-4d77-a75d-efb6859232dc
2025/11/08 14:46:50 INFO session created token=d494c36e-62b7-4189-a94a-6a5a627cc9a1 name=User_72_60
2025/11/08 14:46:50 INFO session updated token=d494c36e-62b7-4189-a94a-6a5a627cc9a1 tableID=0xc000405580 seatIndex=0xc000403590
2025/11/08 14:46:50 INFO session removed token=d494c36e-62b7-4189-a94a-6a5a627cc9a1
2025/11/08 14:46:50 INFO session created token=254c6765-1ba8-4e3a-a28f-b63f0d6b48a3 name=User_72_61
2025/11/08 14:46:50 INFO session updated token=254c6765-1ba8-4e3a-a28f-b63f0d6b48a3 tableID=0xc0004055d0 seatIndex=0xc0004035e0
2025/11/08 14:46:50 INFO session removed token=254c6765-1ba8-4e3a-a28f-b63f0d6b48a3
2025/11/08 14:46:50 INFO session created token=6622872c-2172-4c24-a949-350af8001c96 name=User_72_62
2025/11/08 14:46:50 INFO session updated token=6622872c-2172-4c24-a949-350af8001c96 tableID=0xc000405620 seatIndex=0xc000403630
2025/11/08 14:46:50 INFO session removed token=6622872c-2172-4c24-a949-350af8001c96
2025/11/08 14:46:50 INFO session created token=79e0c7b5-5711-4b98-aa91-6fe1576cceed name=User_72_63
2025/11/08 14:46:50 INFO session updated token=79e0c7b5-5711-4b98-aa91-6fe1576cceed tableID=0xc000405670 seatIndex=0xc000403680
2025/11/08 14:46:50 INFO session removed token=79e0c7b5-5711-4b98-aa91-6fe1576cceed
2025/11/08 14:46:50 INFO session created token=94733042-a276-4521-bd41-0ca4f7ac359b name=User_72_64
2025/11/08 14:46:50 INFO session updated token=94733042-a276-4521-bd41-0ca4f7ac359b tableID=0xc0004056c0 seatIndex=0xc0004036d0
2025/11/08 14:46:50 INFO session removed token=94733042-a276-4521-bd41-0ca4f7ac359b
2025/11/08 14:46:50 INFO session created token=8330bb26-6c2e-4a6b-a949-054b456591e3 name=User_72_65
2025/11/08 14:46:50 INFO session updated token=8330bb26-6c2e-4a6b-a949-054b456591e3 tableID=0xc000405710 seatIndex=0xc000403720
2025/11/08 14:46:50 INFO session removed token=8330bb26-6c2e-4a6b-a949-054b456591e3
2025/11/08 14:46:50 INFO session created token=a59509b9-0dab-4717-9145-a17a57ce4f1d name=User_72_66
2025/11/08 14:46:50 INFO session updated token=a59509b9-0dab-4717-9145-a17a57ce4f1d tableID=0xc000405760 seatIndex=0xc000403770
2025/11/08 14:46:50 INFO session removed token=a59509b9-0dab-4717-9145-a17a57ce4f1d
2025/11/08 14:46:50 INFO session created token=725ce6d7-0714-4a84-90e7-07e420ade831 name=User_72_67
2025/11/08 14:46:50 INFO session updated token=725ce6d7-0714-4a84-90e7-07e420ade831 tableID=0xc0004057b0 seatIndex=0xc0004037c0
2025/11/08 14:46:50 INFO session removed token=725ce6d7-0714-4a84-90e7-07e420ade831
2025/11/08 14:46:50 INFO session created token=4d6d5447-072f-491d-b3fc-072edb3f8415 name=User_72_68
2025/11/08 14:46:50 INFO session updated token=4d6d5447-072f-491d-b3fc-072edb3f8415 tableID=0xc000405800 seatIndex=0xc000403810
2025/11/08 14:46:50 INFO session removed token=4d6d5447-072f-491d-b3fc-072edb3f8415
2025/11/08 14:46:50 INFO session created token=48a232b8-8834-46d2-9314-2aaa94f19c99 name=User_72_69
2025/11/08 14:46:50 INFO session updated token=48a232b8-8834-46d2-9314-2aaa94f19c99 tableID=0xc000405850 seatIndex=0xc000403860
2025/11/08 14:46:50 INFO session removed token=48a232b8-8834-46d2-9314-2aaa94f19c99
2025/11/08 14:46:50 INFO session created token=6261a054-0bd7-48ca-9735-53e1a65a8c05 name=User_72_70
2025/11/08 14:46:50 INFO session updated token=6261a054-0bd7-48ca-9735-53e1a65a8c05 tableID=0xc0004058a0 seatIndex=0xc0004038b0
2025/11/08 14:46:50 INFO session removed token=6261a054-0bd7-48ca-9735-53e1a65a8c05
2025/11/08 14:46:50 INFO session created token=d49d71b4-3893-4b11-b221-73ce1f7a5731 name=User_72_71
2025/11/08 14:46:50 INFO session updated token=d49d71b4-3893-4b11-b221-73ce1f7a5731 tableID=0xc0004058f0 seatIndex=0xc000403900
2025/11/08 14:46:50 INFO session removed token=d49d71b4-3893-4b11-b221-73ce1f7a5731
2025/11/08 14:46:50 INFO session created token=a5e04834-3489-438e-adc6-91b68b8db32d name=User_72_72
2025/11/08 14:46:50 INFO session updated token=a5e04834-3489-438e-adc6-91b68b8db32d tableID=0xc000405940 seatIndex=0xc000403950
2025/11/08 14:46:50 INFO session removed token=a5e04834-3489-438e-adc6-91b68b8db32d
2025/11/08 14:46:50 INFO session created token=af11d20d-8677-4804-8a49-9e38bcff148f name=User_72_73
2025/11/08 14:46:50 INFO session updated token=af11d20d-8677-4804-8a49-9e38bcff148f tableID=0xc000405990 seatIndex=0xc0004039a0
2025/11/08 14:46:50 INFO session removed token=af11d20d-8677-4804-8a49-9e38bcff148f
2025/11/08 14:46:50 INFO session created token=fb0ddf77-946a-4b7b-a13f-745fe8ca8a6b name=User_72_74
2025/11/08 14:46:50 INFO session updated token=fb0ddf77-946a-4b7b-a13f-745fe8ca8a6b tableID=0xc0004059e0 seatIndex=0xc0004039f0
2025/11/08 14:46:50 INFO session removed token=fb0ddf77-946a-4b7b-a13f-745fe8ca8a6b
2025/11/08 14:46:50 INFO session created token=e10a8b7f-04cc-4629-8a1c-8d80c082cdb6 name=User_72_75
2025/11/08 14:46:50 INFO session updated token=e10a8b7f-04cc-4629-8a1c-8d80c082cdb6 tableID=0xc000405a30 seatIndex=0xc000403a40
2025/11/08 14:46:50 INFO session removed token=e10a8b7f-04cc-4629-8a1c-8d80c082cdb6
2025/11/08 14:46:50 INFO session created token=17546db6-60db-4d8d-9c13-defba5937a5a name=User_72_76
2025/11/08 14:46:50 INFO session updated token=17546db6-60db-4d8d-9c13-defba5937a5a tableID=0xc000405a80 seatIndex=0xc000403a90
2025/11/08 14:46:50 INFO session removed token=17546db6-60db-4d8d-9c13-defba5937a5a
2025/11/08 14:46:50 INFO session created token=d5c6ca52-1c20-4d89-8c94-4f41f6a6deec name=User_72_77
2025/11/08 14:46:50 INFO session updated token=d5c6ca52-1c20-4d89-8c94-4f41f6a6deec tableID=0xc000405ad0 seatIndex=0xc000403ae0
2025/11/08 14:46:50 INFO session removed token=d5c6ca52-1c20-4d89-8c94-4f41f6a6deec
2025/11/08 14:46:50 INFO session created token=bdde2416-f404-46c1-8758-2b2e687b2da9 name=User_72_78
2025/11/08 14:46:50 INFO session updated token=bdde2416-f404-46c1-8758-2b2e687b2da9 tableID=0xc000405b20 seatIndex=0xc000403b30
2025/11/08 14:46:50 INFO session removed token=bdde2416-f404-46c1-8758-2b2e687b2da9
2025/11/08 14:46:50 INFO session created token=42455541-5992-44b6-8f53-d3eba6c79a84 name=User_72_79
2025/11/08 14:46:50 INFO session updated token=42455541-5992-44b6-8f53-d3eba6c79a84 tableID=0xc000405b70 seatIndex=0xc000403b80
2025/11/08 14:46:50 INFO session removed token=42455541-5992-44b6-8f53-d3eba6c79a84
2025/11/08 14:46:50 INFO session created token=a5499622-ce14-4332-a031-05b4c8e72e3d name=User_72_80
2025/11/08 14:46:50 INFO session updated token=a5499622-ce14-4332-a031-05b4c8e72e3d tableID=0xc000405bc0 seatIndex=0xc000403bd0
2025/11/08 14:46:50 INFO session removed token=a5499622-ce14-4332-a031-05b4c8e72e3d
2025/11/08 14:46:50 INFO session created token=82826885-dee4-419d-b3a5-f2c43ebffab4 name=User_72_81
2025/11/08 14:46:50 INFO session updated token=82826885-dee4-419d-b3a5-f2c43ebffab4 tableID=0xc000405c10 seatIndex=0xc000403c20
2025/11/08 14:46:50 INFO session removed token=82826885-dee4-419d-b3a5-f2c43ebffab4
2025/11/08 14:46:50 INFO session created token=98e8b934-4543-4ebb-8a6d-59b6bebdfb30 name=User_72_82
2025/11/08 14:46:50 INFO session updated token=98e8b934-4543-4ebb-8a6d-59b6bebdfb30 tableID=0xc000405c60 seatIndex=0xc000403c70
2025/11/08 14:46:50 INFO session removed token=98e8b934-4543-4ebb-8a6d-59b6bebdfb30
2025/11/08 14:46:50 INFO session created token=9568c194-e8c7-4f19-a442-f6cb86b3b513 name=User_72_83
2025/11/08 14:46:50 INFO session updated token=9568c194-e8c7-4f19-a442-f6cb86b3b513 tableID=0xc000405cb0 seatIndex=0xc000403cc0
2025/11/08 14:46:50 INFO session removed token=9568c194-e8c7-4f19-a442-f6cb86b3b513
2025/11/08 14:46:50 INFO session created token=9e11bace-e513-4797-b82a-9d4ad5d2fb43 name=User_72_84
2025/11/08 14:46:50 INFO session updated token=9e11bace-e513-4797-b82a-9d4ad5d2fb43 tableID=0xc000405d00 seatIndex=0xc000403d10
2025/11/08 14:46:50 INFO session removed token=9e11bace-e513-4797-b82a-9d4ad5d2fb43
2025/11/08 14:46:50 INFO session created token=52d6b68f-8dd6-42fc-ad7d-c8d5603db7e1 name=User_72_85
2025/11/08 14:46:50 INFO session updated token=00a61da5-a70d-4a73-9d75-2dfc56dfdcef tableID=0xc0003cb060 seatIndex=0xc0003ccda0
2025/11/08 14:46:50 INFO session removed token=00a61da5-a70d-4a73-9d75-2dfc56dfdcef
2025/11/08 14:46:50 INFO session updated token=8f92ed16-aaa1-4e2f-a4aa-19f71275dff2 tableID=0xc0001fa0c0 seatIndex=0xc0001e60a0
2025/11/08 14:46:50 INFO session removed token=c8219a69-77f5-4303-8dbe-786f36201c17
2025/11/08 14:46:50 INFO session updated token=8e8e3a84-b5b0-47bd-b2f4-297055fcb8a2 tableID=0xc0001fa0e0 seatIndex=0xc0001e60d0
2025/11/08 14:46:50 INFO session updated token=965dfc64-697d-4457-8e0b-9180c949a302 tableID=0xc0001fa0f0 seatIndex=0xc0001e60e0
2025/11/08 14:46:50 INFO session updated token=f2e181b7-2fcb-4dcb-9e9d-4f0ce6acbfa1 tableID=0xc0001fa100 seatIndex=0xc0001e60f0
2025/11/08 14:46:50 INFO session removed token=3edb2744-4ca0-489a-b42f-d3877773c5d9
2025/11/08 14:46:50 INFO session removed token=dcc2c84a-04ee-4443-a71a-1ead8f45481c
2025/11/08 14:46:50 INFO session removed token=0294e3e6-5ebb-4b09-be9d-62fa055ccf38
2025/11/08 14:46:50 INFO session removed token=a12d1cb4-3a64-4027-ab65-64b3846a6e9f
2025/11/08 14:46:50 INFO session removed token=214e4fbf-ae60-42c7-9eb7-3e227ffaa5c8
2025/11/08 14:46:50 INFO session removed token=db28785a-9a9f-41e1-87cd-2906bd98eef4
2025/11/08 14:46:50 INFO session removed token=ba565b33-546f-4cf0-b897-a622b259efdc
2025/11/08 14:46:50 INFO session removed token=78dd9022-7ee9-4388-9f08-6d6cc11ce384
2025/11/08 14:46:50 INFO session removed token=5788a2c5-117c-4dff-92c6-7b87fc88f3ab
2025/11/08 14:46:50 INFO session removed token=78451e9c-9a6a-47a0-beb0-47dfa9a24ab4
2025/11/08 14:46:50 INFO session updated token=0079073c-1ca7-45dd-afbd-c76b1c696033 tableID=0xc0001fa1d0 seatIndex=0xc0001e6240
2025/11/08 14:46:50 INFO session removed token=d61b2b1a-a5fe-4cca-8f61-27dd00bfef87
2025/11/08 14:46:50 INFO session updated token=0cf2e290-1233-4a03-8777-71ac03185427 tableID=0xc0001fa1f0 seatIndex=0xc0001e6270
2025/11/08 14:46:50 INFO session removed token=a4d29ba4-21de-40e1-9438-ed4b60b88a1b
2025/11/08 14:46:50 INFO session created token=38a0d96e-2896-4080-b621-31827f5ee983 name=User_49_62
2025/11/08 14:46:50 INFO session removed token=cd58d86d-e51d-4329-a2c5-f37217aa5f81
2025/11/08 14:46:50 INFO session created token=7a2b9faf-430b-49e1-afcf-f8f10bfb8c22 name=User_48_92
2025/11/08 14:46:50 INFO session created token=8662c9cd-cafe-4453-86c8-88648399ec6b name=User_58_39
2025/11/08 14:46:50 INFO session created token=56c46fd7-5a2e-4d65-bd97-ac583711fbf1 name=User_62_45
2025/11/08 14:46:50 INFO session updated token=fc9ae8ed-850a-4c8c-8b04-5d7f42cf8673 tableID=0xc0002b6270 seatIndex=0xc0002b3ff0
2025/11/08 14:46:50 INFO session updated token=77a42ef3-5323-4888-81cf-6fe0708dcdfb tableID=0xc000334e30 seatIndex=0xc00032ae40
2025/11/08 14:46:50 INFO session updated token=48796ff5-b908-42c5-b08f-32a33b143107 tableID=0xc000334fc0 seatIndex=0xc00032afc0
2025/11/08 14:46:50 INFO session created token=be7f6c91-14ba-4f15-8125-056ce48381e5 name=User_28_67
2025/11/08 14:46:50 INFO session updated token=83a9d174-f42b-4258-bd41-31499882071c tableID=0xc0002b6480 seatIndex=0xc0002ba1d0
2025/11/08 14:46:50 INFO session removed token=9283c201-e760-4e62-a9d3-4c9d075bda8d
2025/11/08 14:46:50 INFO session created token=ec40ebf0-b486-4a8b-9c67-b1142b36efa7 name=User_16_24
2025/11/08 14:46:50 INFO session created token=a133c75b-5a38-44d9-92d7-f40609aa09f5 name=User_51_22
2025/11/08 14:46:50 INFO session updated token=f78b5d07-fcf4-424e-bd25-b71a02eb5f9c tableID=0xc0002b64a0 seatIndex=0xc0002ba200
2025/11/08 14:46:50 INFO session created token=eb0ff233-9048-492b-a8e0-1e91792a3652 name=User_46_87
2025/11/08 14:46:50 INFO session updated token=5825d3a0-88c0-45b5-86fa-41c12b39e082 tableID=0xc0002b64b0 seatIndex=0xc0002ba210
2025/11/08 14:46:50 INFO session removed token=fdbd7585-c229-4fc8-9289-f252bd0c92f9
2025/11/08 14:46:50 INFO session removed token=5fa88057-1ca6-41dc-a354-2eaeb491eed1
2025/11/08 14:46:50 INFO session updated token=88461716-0983-47b0-88b7-f34f5db5c1ad tableID=0xc0002b64d0 seatIndex=0xc0002ba240
2025/11/08 14:46:50 INFO session updated token=c592f632-f6fd-4bee-a660-4b3d6577330c tableID=0xc0002b64e0 seatIndex=0xc0002ba250
2025/11/08 14:46:50 INFO session removed token=013a76b7-3e0d-4a15-b7f7-27a0bfd5b747
2025/11/08 14:46:50 INFO session updated token=c1f91678-519d-48a0-aab6-504cf169d6ad tableID=0xc0002b6500 seatIndex=0xc0002ba280
2025/11/08 14:46:50 INFO session updated token=587a7a06-8544-42f5-91b8-ca2e734d5168 tableID=0xc0002b6510 seatIndex=0xc0002ba290
2025/11/08 14:46:50 INFO session removed token=98338ff9-3ad2-467a-b0fa-051a4c22cdec
2025/11/08 14:46:50 INFO session removed token=232c200a-1c32-4b8b-9072-d1ca3441404d
2025/11/08 14:46:50 INFO session updated token=9acad061-f70e-4126-be73-84b971b7e8a1 tableID=0xc0002b6560 seatIndex=0xc0002ba2c0
2025/11/08 14:46:50 INFO session removed token=bcafc425-196a-4bf7-ab61-8256a5a999d6
2025/11/08 14:46:50 INFO session updated token=73e441de-ec2c-4093-9510-ddfb055a415c tableID=0xc0002b65a0 seatIndex=0xc0002ba330
2025/11/08 14:46:50 INFO session updated token=252f0fb6-c41a-4148-87a8-ad840a45079f tableID=0xc0003cb080 seatIndex=0xc0003ccdf0
2025/11/08 14:46:50 INFO session updated token=0285510d-31f1-45ed-b4e0-937df70889b3 tableID=0xc0003cb140 seatIndex=0xc0003cceb0
2025/11/08 14:46:50 INFO session updated token=3b66ec16-0ca9-444a-95b6-f6027d0709e0 tableID=0xc0002b65e0 seatIndex=0xc0002ba380
2025/11/08 14:46:50 INFO session updated token=8b1f6006-a8ab-41fa-8295-cbd267693479 tableID=0xc000335060 seatIndex=0xc00032b090
2025/11/08 14:46:50 INFO session updated token=66f85fc3-b54c-4bbd-a5e6-6467630d8dc7 tableID=0xc0003cb490 seatIndex=0xc0003cd1d0
2025/11/08 14:46:50 INFO session updated token=71134615-5cb4-46be-a6f5-c2d19555ad00 tableID=0xc0001fa3e0 seatIndex=0xc0001e64a0
2025/11/08 14:46:50 INFO session updated token=52d6b68f-8dd6-42fc-ad7d-c8d5603db7e1 tableID=0xc0002fc720 seatIndex=0xc0002f8b60
2025/11/08 14:46:50 INFO session removed token=52d6b68f-8dd6-42fc-ad7d-c8d5603db7e1
2025/11/08 14:46:50 INFO session created token=f9f71fc2-58d0-4426-9f32-4835e14b0836 name=User_72_86
2025/11/08 14:46:50 INFO session updated token=f9f71fc2-58d0-4426-9f32-4835e14b0836 tableID=0xc0002b69e0 seatIndex=0xc0002ba760
2025/11/08 14:46:50 INFO session removed token=f9f71fc2-58d0-4426-9f32-4835e14b0836
2025/11/08 14:46:50 INFO session created token=af964e8b-5137-4af3-b860-005cdf0e8fcd name=User_14_42
2025/11/08 14:46:50 INFO session created token=b7ff67d3-2496-4704-8c6a-d6aad0f1eadd name=User_70_78
2025/11/08 14:46:50 INFO session updated token=af964e8b-5137-4af3-b860-005cdf0e8fcd tableID=0xc000405dd0 seatIndex=0xc000403e50
2025/11/08 14:46:50 INFO session created token=3619fa73-a9c9-4b2f-b0c9-58d974082129 name=User_27_99
2025/11/08 14:46:50 INFO session removed token=af964e8b-5137-4af3-b860-005cdf0e8fcd
2025/11/08 14:46:50 INFO session created token=8f51fe4b-afcf-4aae-81c9-d9a046f5be3c name=User_42_58
2025/11/08 14:46:50 INFO session created token=18594219-89ea-48c6-a78f-69a7b767d213 name=User_88_34
2025/11/08 14:46:50 INFO session removed token=252f0fb6-c41a-4148-87a8-ad840a45079f
2025/11/08 14:46:50 INFO session created token=74a5f43e-b6ae-4d02-97f6-bfb1e3db672d name=User_72_87
2025/11/08 14:46:50 INFO session created token=0fb6bd82-094f-47a1-8a3e-03ec43c8c9ef name=User_98_48
2025/11/08 14:46:50 INFO session created token=6c2a2ea2-040e-4420-913a-28c5bcabfc86 name=User_53_57
2025/11/08 14:46:50 INFO session created token=7cd20519-1873-4a24-82e9-c7ef3707d477 name=User_0_98
2025/11/08 14:46:50 INFO session created token=da5d6a1f-1525-4c6c-8782-fb4f815d343d name=User_79_46
2025/11/08 14:46:50 INFO session removed token=9acad061-f70e-4126-be73-84b971b7e8a1
2025/11/08 14:46:50 INFO session created token=a687b974-9585-4326-a8e3-1fddd387c14e name=User_75_49
2025/11/08 14:46:50 INFO session updated token=18594219-89ea-48c6-a78f-69a7b767d213 tableID=0xc0002fc8e0 seatIndex=0xc0002f8cb0
2025/11/08 14:46:50 INFO session removed token=18594219-89ea-48c6-a78f-69a7b767d213
2025/11/08 14:46:50 INFO session created token=c0b9ea0e-aa2f-4ab5-8602-787996853aa2 name=User_88_35
2025/11/08 14:46:50 INFO session updated token=c0b9ea0e-aa2f-4ab5-8602-787996853aa2 tableID=0xc0002fc940 seatIndex=0xc0002f8d10
2025/11/08 14:46:50 INFO session removed token=c0b9ea0e-aa2f-4ab5-8602-787996853aa2
2025/11/08 14:46:50 INFO session created token=cac72ed3-39c7-45be-b785-da3abd9c4376 name=User_88_36
2025/11/08 14:46:50 INFO session updated token=cac72ed3-39c7-45be-b785-da3abd9c4376 tableID=0xc0002fc990 seatIndex=0xc0002f8d60
2025/11/08 14:46:50 INFO session removed token=cac72ed3-39c7-45be-b785-da3abd9c4376
2025/11/08 14:46:50 INFO session created token=5598499b-972f-44c2-8603-4fc496070184 name=User_88_37
2025/11/08 14:46:50 INFO session updated token=5598499b-972f-44c2-8603-4fc496070184 tableID=0xc0002fc9e0 seatIndex=0xc0002f8db0
2025/11/08 14:46:50 INFO session removed token=5598499b-972f-44c2-8603-4fc496070184
2025/11/08 14:46:50 INFO session created token=263004d8-6f47-4c88-8b7e-806c51be7560 name=User_88_38
2025/11/08 14:46:50 INFO session updated token=263004d8-6f47-4c88-8b7e-806c51be7560 tableID=0xc0002fca30 seatIndex=0xc0002f8e00
2025/11/08 14:46:50 INFO session removed token=263004d8-6f47-4c88-8b7e-806c51be7560
2025/11/08 14:46:50 INFO session created token=e1d0bc3e-f701-4112-b313-219f9858278c name=User_88_39
2025/11/08 14:46:50 INFO session updated token=e1d0bc3e-f701-4112-b313-219f9858278c tableID=0xc0002fca80 seatIndex=0xc0002f8e50
2025/11/08 14:46:50 INFO session removed token=e1d0bc3e-f701-4112-b313-219f9858278c
2025/11/08 14:46:50 INFO session created token=7a32819d-709b-4c4f-8895-54cac47623fe name=User_88_40
2025/11/08 14:46:50 INFO session updated token=7a32819d-709b-4c4f-8895-54cac47623fe tableID=0xc0002fcad0 seatIndex=0xc0002f8ea0
2025/11/08 14:46:50 INFO session removed token=7a32819d-709b-4c4f-8895-54cac47623fe
2025/11/08 14:46:50 INFO session created token=b3fd844c-3a72-4bf5-80de-b3df189bd6d0 name=User_88_41
2025/11/08 14:46:50 INFO session updated token=b3fd844c-3a72-4bf5-80de-b3df189bd6d0 tableID=0xc0002fcb20 seatIndex=0xc0002f8ef0
2025/11/08 14:46:50 INFO session removed token=b3fd844c-3a72-4bf5-80de-b3df189bd6d0
2025/11/08 14:46:50 INFO session created token=d3005762-7a8e-4de5-852c-61ddd2f475d1 name=User_88_42
2025/11/08 14:46:50 INFO session updated token=d3005762-7a8e-4de5-852c-61ddd2f475d1 tableID=0xc0002fcb70 seatIndex=0xc0002f8f40
2025/11/08 14:46:50 INFO session removed token=d3005762-7a8e-4de5-852c-61ddd2f475d1
2025/11/08 14:46:50 INFO session created token=26eaaa1e-5bcd-4836-aeb3-d0d1d679d1fe name=User_88_43
2025/11/08 14:46:50 INFO session updated token=26eaaa1e-5bcd-4836-aeb3-d0d1d679d1fe tableID=0xc0002fcbc0 seatIndex=0xc0002f8f90
2025/11/08 14:46:50 INFO session removed token=26eaaa1e-5bcd-4836-aeb3-d0d1d679d1fe
2025/11/08 14:46:50 INFO session created token=78fa5e29-03f3-4512-8991-2fc5acaae0c5 name=User_88_44
2025/11/08 14:46:50 INFO session updated token=78fa5e29-03f3-4512-8991-2fc5acaae0c5 tableID=0xc0002fcc10 seatIndex=0xc0002f8fe0
2025/11/08 14:46:50 INFO session removed token=78fa5e29-03f3-4512-8991-2fc5acaae0c5
2025/11/08 14:46:50 INFO session created token=09d1fc5f-0712-4e6e-9f36-a5f9df7c79a0 name=User_88_45
2025/11/08 14:46:50 INFO session updated token=09d1fc5f-0712-4e6e-9f36-a5f9df7c79a0 tableID=0xc0002fcc60 seatIndex=0xc0002f9030
2025/11/08 14:46:50 INFO session removed token=09d1fc5f-0712-4e6e-9f36-a5f9df7c79a0
2025/11/08 14:46:50 INFO session created token=62b3e46f-c624-4a6c-bdfb-e83958d38f7c name=User_63_37
2025/11/08 14:46:50 INFO session created token=93db4ffe-abfa-40e0-81f7-54a8f1e67b9e name=User_56_45
2025/11/08 14:46:50 INFO session updated token=62b3e46f-c624-4a6c-bdfb-e83958d38f7c tableID=0xc0002fcc90 seatIndex=0xc0002f9080
2025/11/08 14:46:50 INFO session removed token=62b3e46f-c624-4a6c-bdfb-e83958d38f7c
2025/11/08 14:46:50 INFO session created token=d8314c67-80e9-4de1-8317-cf4331cbc146 name=User_77_28
2025/11/08 14:46:50 INFO session created token=0ada7fcf-10d6-41e3-a4fe-7131ac554557 name=User_63_38
2025/11/08 14:46:50 INFO session updated token=d8314c67-80e9-4de1-8317-cf4331cbc146 tableID=0xc000405ee0 seatIndex=0xc000403ee0
2025/11/08 14:46:50 INFO session removed token=d8314c67-80e9-4de1-8317-cf4331cbc146
2025/11/08 14:46:50 INFO session created token=14609c7b-ae50-4b67-a062-be6ab62c5c16 name=User_77_29
2025/11/08 14:46:50 INFO session created token=f3b6a0ab-08b4-4475-b17d-58a184d19c4d name=User_14_43
2025/11/08 14:46:50 INFO session removed token=8f92ed16-aaa1-4e2f-a4aa-19f71275dff2
2025/11/08 14:46:50 INFO session created token=c959ff4d-4dc4-47ba-927e-ccc88cd8d125 name=User_3_55
2025/11/08 14:46:50 INFO session updated token=c959ff4d-4dc4-47ba-927e-ccc88cd8d125 tableID=0xc0003351f0 seatIndex=0xc00032b210
2025/11/08 14:46:50 INFO session removed token=c959ff4d-4dc4-47ba-927e-ccc88cd8d125
2025/11/08 14:46:50 INFO session created token=aed58e41-b74c-43b1-9fe3-3a60e8581612 name=User_3_56
2025/11/08 14:46:50 INFO session updated token=aed58e41-b74c-43b1-9fe3-3a60e8581612 tableID=0xc000335240 seatIndex=0xc00032b260
2025/11/08 14:46:50 INFO session removed token=aed58e41-b74c-43b1-9fe3-3a60e8581612
2025/11/08 14:46:50 INFO session created token=f0d3ea25-7d4e-4921-99a6-a56431f41359 name=User_3_57
2025/11/08 14:46:50 INFO session updated token=f0d3ea25-7d4e-4921-99a6-a56431f41359 tableID=0xc000335290 seatIndex=0xc00032b2b0
2025/11/08 14:46:50 INFO session removed token=f0d3ea25-7d4e-4921-99a6-a56431f41359
2025/11/08 14:46:50 INFO session created token=3d54e4e7-bfd7-4234-b84e-de8f92191980 name=User_3_58
2025/11/08 14:46:50 INFO session updated token=3d54e4e7-bfd7-4234-b84e-de8f92191980 tableID=0xc0003352e0 seatIndex=0xc00032b300
2025/11/08 14:46:50 INFO session removed token=3d54e4e7-bfd7-4234-b84e-de8f92191980
2025/11/08 14:46:50 INFO session created token=c14101b6-1f79-4865-a0d7-d8310e337f2f name=User_3_59
2025/11/08 14:46:50 INFO session updated token=c14101b6-1f79-4865-a0d7-d8310e337f2f tableID=0xc000335330 seatIndex=0xc00032b350
2025/11/08 14:46:50 INFO session removed token=c14101b6-1f79-4865-a0d7-d8310e337f2f
2025/11/08 14:46:50 INFO session created token=a78fd353-c2da-4242-9303-3352a30a0e63 name=User_3_60
2025/11/08 14:46:50 INFO session updated token=a78fd353-c2da-4242-9303-3352a30a0e63 tableID=0xc000335380 seatIndex=0xc00032b3a0
2025/11/08 14:46:50 INFO session removed token=a78fd353-c2da-4242-9303-3352a30a0e63
2025/11/08 14:46:50 INFO session created token=2d354cd8-bf4f-4844-a683-1d7ccba01252 name=User_3_61
2025/11/08 14:46:50 INFO session updated token=2d354cd8-bf4f-4844-a683-1d7ccba01252 tableID=0xc0003353d0 seatIndex=0xc00032b3f0
2025/11/08 14:46:50 INFO session removed token=2d354cd8-bf4f-4844-a683-1d7ccba01252
2025/11/08 14:46:50 INFO session created token=f34474d4-fde2-4c2a-a949-cbb35959886f name=User_3_62
2025/11/08 14:46:50 INFO session updated token=f34474d4-fde2-4c2a-a949-cbb35959886f tableID=0xc000335420 seatIndex=0xc00032b440
2025/11/08 14:46:50 INFO session removed token=f34474d4-fde2-4c2a-a949-cbb35959886f
2025/11/08 14:46:50 INFO session created token=91b87c64-9157-42e1-bddc-b461cdab1d0b name=User_3_63
2025/11/08 14:46:50 INFO session updated token=91b87c64-9157-42e1-bddc-b461cdab1d0b tableID=0xc000335470 seatIndex=0xc00032b490
2025/11/08 14:46:50 INFO session removed token=91b87c64-9157-42e1-bddc-b461cdab1d0b
2025/11/08 14:46:50 INFO session created token=34c8b3b2-9e95-4970-b88f-170e5d937dd0 name=User_3_64
2025/11/08 14:46:50 INFO session updated token=34c8b3b2-9e95-4970-b88f-170e5d937dd0 tableID=0xc0003354c0 seatIndex=0xc00032b4e0
2025/11/08 14:46:50 INFO session removed token=34c8b3b2-9e95-4970-b88f-170e5d937dd0
2025/11/08 14:46:50 INFO session created token=5879021f-298b-44d9-9c12-a72650434f1c name=User_3_65
2025/11/08 14:46:50 INFO session updated token=5879021f-298b-44d9-9c12-a72650434f1c tableID=0xc000335510 seatIndex=0xc00032b530
2025/11/08 14:46:50 INFO session removed token=5879021f-298b-44d9-9c12-a72650434f1c
2025/11/08 14:46:50 INFO session created token=6fbfe5de-de61-4cad-823d-f6f646900b4c name=User_3_66
2025/11/08 14:46:50 INFO session updated token=6fbfe5de-de61-4cad-823d-f6f646900b4c tableID=0xc000335560 seatIndex=0xc00032b580
2025/11/08 14:46:50 INFO session removed token=6fbfe5de-de61-4cad-823d-f6f646900b4c
2025/11/08 14:46:50 INFO session created token=c3ba1ff5-9dfb-4a05-9729-de6def45eb19 name=User_3_67
2025/11/08 14:46:50 INFO session updated token=c3ba1ff5-9dfb-4a05-9729-de6def45eb19 tableID=0xc0003355b0 seatIndex=0xc00032b5d0
2025/11/08 14:46:50 INFO session removed token=c3ba1ff5-9dfb-4a05-9729-de6def45eb19
2025/11/08 14:46:50 INFO session created token=04b0df57-da2b-4de9-89b0-77574b1926f1 name=User_3_68
2025/11/08 14:46:50 INFO session removed token=8e8e3a84-b5b0-47bd-b2f4-297055fcb8a2
2025/11/08 14:46:50 INFO session created token=b3c00a2b-8fee-4215-a55e-9c3bae73057f name=User_32_66
2025/11/08 14:46:50 INFO session updated token=b3c00a2b-8fee-4215-a55e-9c3bae73057f tableID=0xc0002fcd30 seatIndex=0xc0002f9110
2025/11/08 14:46:50 INFO session removed token=b3c00a2b-8fee-4215-a55e-9c3bae73057f
2025/11/08 14:46:50 INFO session created token=a52a65ff-65ad-4601-9520-b1a3ed4bab87 name=User_32_67
2025/11/08 14:46:50 INFO session updated token=a52a65ff-65ad-4601-9520-b1a3ed4bab87 tableID=0xc0002fcd80 seatIndex=0xc0002f9160
2025/11/08 14:46:50 INFO session removed token=a52a65ff-65ad-4601-9520-b1a3ed4bab87
2025/11/08 14:46:50 INFO session created token=ed6d740c-d38d-4671-a3dd-370447cfd622 name=User_32_68
2025/11/08 14:46:50 INFO session updated token=ed6d740c-d38d-4671-a3dd-370447cfd622 tableID=0xc0002fcdd0 seatIndex=0xc0002f91b0
2025/11/08 14:46:50 INFO session removed token=ed6d740c-d38d-4671-a3dd-370447cfd622
2025/11/08 14:46:50 INFO session created token=7f2d9539-76ef-4a9d-ab7a-9905461da2e5 name=User_32_69
2025/11/08 14:46:50 INFO session updated token=7f2d9539-76ef-4a9d-ab7a-9905461da2e5 tableID=0xc0002fce20 seatIndex=0xc0002f9200
2025/11/08 14:46:50 INFO session removed token=7f2d9539-76ef-4a9d-ab7a-9905461da2e5
2025/11/08 14:46:50 INFO session created token=1c684b27-487d-4c00-a138-ed8f8225e647 name=User_32_70
2025/11/08 14:46:50 INFO session updated token=1c684b27-487d-4c00-a138-ed8f8225e647 tableID=0xc0002fce70 seatIndex=0xc0002f9250
2025/11/08 14:46:50 INFO session removed token=1c684b27-487d-4c00-a138-ed8f8225e647
2025/11/08 14:46:50 INFO session created token=ec0d84f8-62be-421e-b1cc-cffdcf16d0cd name=User_32_71
2025/11/08 14:46:50 INFO session updated token=ec0d84f8-62be-421e-b1cc-cffdcf16d0cd tableID=0xc0002fcec0 seatIndex=0xc0002f92a0
2025/11/08 14:46:50 INFO session removed token=ec0d84f8-62be-421e-b1cc-cffdcf16d0cd
2025/11/08 14:46:50 INFO session created token=6fd93cd9-7f85-416e-8b59-63567e6c71a6 name=User_32_72
2025/11/08 14:46:50 INFO session updated token=6fd93cd9-7f85-416e-8b59-63567e6c71a6 tableID=0xc0002fcf10 seatIndex=0xc0002f92f0
2025/11/08 14:46:50 INFO session removed token=6fd93cd9-7f85-416e-8b59-63567e6c71a6
2025/11/08 14:46:50 INFO session created token=dbac2232-f3a3-42c1-9009-e08d64b1758d name=User_32_73
2025/11/08 14:46:50 INFO session updated token=dbac2232-f3a3-42c1-9009-e08d64b1758d tableID=0xc0002fcf60 seatIndex=0xc0002f9340
2025/11/08 14:46:50 INFO session removed token=dbac2232-f3a3-42c1-9009-e08d64b1758d
2025/11/08 14:46:50 INFO session created token=387cc2f3-8754-4515-bc7d-218797161a15 name=User_32_74
2025/11/08 14:46:50 INFO session updated token=387cc2f3-8754-4515-bc7d-218797161a15 tableID=0xc0002fcfb0 seatIndex=0xc0002f9390
2025/11/08 14:46:50 INFO session removed token=387cc2f3-8754-4515-bc7d-218797161a15
2025/11/08 14:46:50 INFO session created token=0e388954-b282-4530-98d2-f90aeaf8db48 name=User_32_75
2025/11/08 14:46:50 INFO session updated token=0e388954-b282-4530-98d2-f90aeaf8db48 tableID=0xc0002fd000 seatIndex=0xc0002f93e0
2025/11/08 14:46:50 INFO session removed token=0e388954-b282-4530-98d2-f90aeaf8db48
2025/11/08 14:46:50 INFO session created token=4e8e216f-0377-4b14-9f64-e3b72750a1d1 name=User_32_76
2025/11/08 14:46:50 INFO session updated token=4e8e216f-0377-4b14-9f64-e3b72750a1d1 tableID=0xc0002fd050 seatIndex=0xc0002f9430
2025/11/08 14:46:50 INFO session removed token=4e8e216f-0377-4b14-9f64-e3b72750a1d1
2025/11/08 14:46:50 INFO session removed token=965dfc64-697d-4457-8e0b-9180c949a302
2025/11/08 14:46:50 INFO session created token=06a945e3-3389-46dd-b8ca-e919e8225c37 name=User_84_94
2025/11/08 14:46:50 INFO session created token=e22a6da1-c166-4df6-8269-1333c1e616cd name=User_32_77
2025/11/08 14:46:50 INFO session removed token=f2e181b7-2fcb-4dcb-9e9d-4f0ce6acbfa1
2025/11/08 14:46:50 INFO session updated token=e22a6da1-c166-4df6-8269-1333c1e616cd tableID=0xc000405f70 seatIndex=0xc000403f60
2025/11/08 14:46:50 INFO session removed token=e22a6da1-c166-4df6-8269-1333c1e616cd
2025/11/08 14:46:50 INFO session created token=fbd2b569-f5e0-4445-be55-b31283f16a68 name=User_32_78
2025/11/08 14:46:50 INFO session updated token=fbd2b569-f5e0-4445-be55-b31283f16a68 tableID=0xc000408050 seatIndex=0xc000403fc0
2025/11/08 14:46:50 INFO session removed token=fbd2b569-f5e0-4445-be55-b31283f16a68
2025/11/08 14:46:50 INFO session created token=d7a70891-8e8b-4988-ae85-e7bfa1e383ad name=User_32_79
2025/11/08 14:46:50 INFO session updated token=d7a70891-8e8b-4988-ae85-e7bfa1e383ad tableID=0xc0004080a0 seatIndex=0xc00040a010
2025/11/08 14:46:50 INFO session removed token=d7a70891-8e8b-4988-ae85-e7bfa1e383ad
2025/11/08 14:46:50 INFO session created token=30915cd6-7a36-4824-bd22-95e6afd917ce name=User_32_80
2025/11/08 14:46:50 INFO session updated token=30915cd6-7a36-4824-bd22-95e6afd917ce tableID=0xc0004080f0 seatIndex=0xc00040a060
2025/11/08 14:46:50 INFO session removed token=30915cd6-7a36-4824-bd22-95e6afd917ce
2025/11/08 14:46:50 INFO session created token=3041c3f9-61fc-42ca-b3d7-663f4c861989 name=User_32_81
2025/11/08 14:46:50 INFO session updated token=3041c3f9-61fc-42ca-b3d7-663f4c861989 tableID=0xc000408140 seatIndex=0xc00040a0b0
2025/11/08 14:46:50 INFO session removed token=3041c3f9-61fc-42ca-b3d7-663f4c861989
2025/11/08 14:46:50 INFO session created token=32c87160-5c3e-4498-a9de-2cb4c60cb761 name=User_32_82
2025/11/08 14:46:50 INFO session updated token=32c87160-5c3e-4498-a9de-2cb4c60cb761 tableID=0xc000408190 seatIndex=0xc00040a100
2025/11/08 14:46:50 INFO session removed token=32c87160-5c3e-4498-a9de-2cb4c60cb761
2025/11/08 14:46:50 INFO session created token=17e93028-fed7-4f78-81c1-c0f39299681d name=User_32_83
2025/11/08 14:46:50 INFO session updated token=17e93028-fed7-4f78-81c1-c0f39299681d tableID=0xc0004081e0 seatIndex=0xc00040a150
2025/11/08 14:46:50 INFO session removed token=17e93028-fed7-4f78-81c1-c0f39299681d
2025/11/08 14:46:50 INFO session created token=60f9a801-36ae-4722-86d0-ca2cac7315f2 name=User_32_84
2025/11/08 14:46:50 INFO session updated token=60f9a801-36ae-4722-86d0-ca2cac7315f2 tableID=0xc000408230 seatIndex=0xc00040a1a0
2025/11/08 14:46:50 INFO session removed token=60f9a801-36ae-4722-86d0-ca2cac7315f2
2025/11/08 14:46:50 INFO session created token=db7691c3-63df-43e4-8f4b-bd312e3b3730 name=User_32_85
2025/11/08 14:46:50 INFO session updated token=db7691c3-63df-43e4-8f4b-bd312e3b3730 tableID=0xc000408280 seatIndex=0xc00040a1f0
2025/11/08 14:46:50 INFO session removed token=db7691c3-63df-43e4-8f4b-bd312e3b3730
2025/11/08 14:46:50 INFO session created token=0c6e13d3-f077-4cd6-bfdb-01d53a5799fe name=User_32_86
2025/11/08 14:46:50 INFO session created token=6077e240-71c2-4924-bd0c-d9388e7db451 name=User_15_58
2025/11/08 14:46:50 INFO session updated token=0c6e13d3-f077-4cd6-bfdb-01d53a5799fe tableID=0xc0004082d0 seatIndex=0xc00040a240
2025/11/08 14:46:50 INFO session removed token=0c6e13d3-f077-4cd6-bfdb-01d53a5799fe
2025/11/08 14:46:50 INFO session created token=2844520f-5bf8-4008-9e95-dbb109e03145 name=User_32_87
2025/11/08 14:46:50 INFO session updated token=2844520f-5bf8-4008-9e95-dbb109e03145 tableID=0xc000408330 seatIndex=0xc00040a2a0
2025/11/08 14:46:50 INFO session removed token=2844520f-5bf8-4008-9e95-dbb109e03145
2025/11/08 14:46:50 INFO session created token=a341b7f3-0601-41e0-b52b-ba2a29887ebd name=User_32_88
2025/11/08 14:46:50 INFO session updated token=a341b7f3-0601-41e0-b52b-ba2a29887ebd tableID=0xc000408380 seatIndex=0xc00040a2f0
2025/11/08 14:46:50 INFO session removed token=a341b7f3-0601-41e0-b52b-ba2a29887ebd
2025/11/08 14:46:50 INFO session created token=e093d528-dc09-4226-9ee8-de9120b2b2a7 name=User_32_89
2025/11/08 14:46:50 INFO session updated token=e093d528-dc09-4226-9ee8-de9120b2b2a7 tableID=0xc0004083d0 seatIndex=0xc00040a340
2025/11/08 14:46:50 INFO session removed token=e093d528-dc09-4226-9ee8-de9120b2b2a7
2025/11/08 14:46:50 INFO session created token=9549ac24-8762-4cd1-a223-625ed2ec759a name=User_32_90
2025/11/08 14:46:50 INFO session updated token=9549ac24-8762-4cd1-a223-625ed2ec759a tableID=0xc000408420 seatIndex=0xc00040a390
2025/11/08 14:46:50 INFO session removed token=9549ac24-8762-4cd1-a223-625ed2ec759a
2025/11/08 14:46:50 INFO session created token=a13aa55e-bfd8-4cba-b755-d4e1197890f5 name=User_32_91
2025/11/08 14:46:50 INFO session updated token=a13aa55e-bfd8-4cba-b755-d4e1197890f5 tableID=0xc000408470 seatIndex=0xc00040a3e0
2025/11/08 14:46:50 INFO session removed token=a13aa55e-bfd8-4cba-b755-d4e1197890f5
2025/11/08 14:46:50 INFO session created token=9392755c-4790-4767-8a2a-e66121e993b3 name=User_32_92
2025/11/08 14:46:50 INFO session updated token=9392755c-4790-4767-8a2a-e66121e993b3 tableID=0xc0004084c0 seatIndex=0xc00040a430
2025/11/08 14:46:50 INFO session removed token=9392755c-4790-4767-8a2a-e66121e993b3
2025/11/08 14:46:50 INFO session created token=3512adf5-aa45-4afd-ab88-0473df10a7ea name=User_32_93
2025/11/08 14:46:50 INFO session updated token=3512adf5-aa45-4afd-ab88-0473df10a7ea tableID=0xc000408510 seatIndex=0xc00040a480
2025/11/08 14:46:50 INFO session removed token=3512adf5-aa45-4afd-ab88-0473df10a7ea
2025/11/08 14:46:50 INFO session created token=30056f6c-d981-4207-afae-d7cc51f18566 name=User_32_94
2025/11/08 14:46:50 INFO session updated token=30056f6c-d981-4207-afae-d7cc51f18566 tableID=0xc000408560 seatIndex=0xc00040a4d0
2025/11/08 14:46:50 INFO session removed token=30056f6c-d981-4207-afae-d7cc51f18566
2025/11/08 14:46:50 INFO session created token=ddac3f50-9dbd-4910-aa1d-0d2942cc73a8 name=User_97_62
2025/11/08 14:46:50 INFO session created token=5ca8d718-5474-403c-9431-68ee692b2297 name=User_32_95
2025/11/08 14:46:50 INFO session updated token=ddac3f50-9dbd-4910-aa1d-0d2942cc73a8 tableID=0xc000335620 seatIndex=0xc00032b620
2025/11/08 14:46:50 INFO session removed token=ddac3f50-9dbd-4910-aa1d-0d2942cc73a8
2025/11/08 14:46:50 INFO session created token=9f74dad4-031a-4e2b-8193-2a6a80068498 name=User_97_63
2025/11/08 14:46:50 INFO session updated token=9f74dad4-031a-4e2b-8193-2a6a80068498 tableID=0xc000335680 seatIndex=0xc00032b680
2025/11/08 14:46:50 INFO session removed token=9f74dad4-031a-4e2b-8193-2a6a80068498
2025/11/08 14:46:50 INFO session created token=3f1762b4-e5c8-464f-a652-0ed587b61c08 name=User_97_64
2025/11/08 14:46:50 INFO session updated token=3f1762b4-e5c8-464f-a652-0ed587b61c08 tableID=0xc0003356d0 seatIndex=0xc00032b6d0
2025/11/08 14:46:50 INFO session removed token=3f1762b4-e5c8-464f-a652-0ed587b61c08
2025/11/08 14:46:50 INFO session created token=7dfe12f8-68f1-4934-8e72-4a02d3340409 name=User_97_65
2025/11/08 14:46:50 INFO session updated token=7dfe12f8-68f1-4934-8e72-4a02d3340409 tableID=0xc000335720 seatIndex=0xc00032b720
2025/11/08 14:46:50 INFO session removed token=7dfe12f8-68f1-4934-8e72-4a02d3340409
2025/11/08 14:46:50 INFO session created token=92c7ed76-19ba-4f55-8375-ed4712039c10 name=User_97_66
2025/11/08 14:46:50 INFO session updated token=92c7ed76-19ba-4f55-8375-ed4712039c10 tableID=0xc000335770 seatIndex=0xc00032b770
2025/11/08 14:46:50 INFO session removed token=92c7ed76-19ba-4f55-8375-ed4712039c10
2025/11/08 14:46:50 INFO session created token=bea52325-bf28-4bde-b7a0-5f4585da08b3 name=User_97_67
2025/11/08 14:46:50 INFO session created token=2ebfae29-159f-4cca-a23e-1536eecb4147 name=User_64_28
2025/11/08 14:46:50 INFO session updated token=bea52325-bf28-4bde-b7a0-5f4585da08b3 tableID=0xc0003357c0 seatIndex=0xc00032b7c0
2025/11/08 14:46:50 INFO session removed token=bea52325-bf28-4bde-b7a0-5f4585da08b3
2025/11/08 14:46:50 INFO session created token=50753002-f91c-4542-ae88-a119f9413a73 name=User_97_68
2025/11/08 14:46:50 INFO session updated token=50753002-f91c-4542-ae88-a119f9413a73 tableID=0xc0002fd130 seatIndex=0xc0002f94d0
2025/11/08 14:46:50 INFO session removed token=50753002-f91c-4542-ae88-a119f9413a73
2025/11/08 14:46:50 INFO session created token=a9861ca8-2ccd-4ea3-9bbc-4373323d4186 name=User_97_69
2025/11/08 14:46:50 INFO session updated token=a9861ca8-2ccd-4ea3-9bbc-4373323d4186 tableID=0xc0002fd180 seatIndex=0xc0002f9520
2025/11/08 14:46:50 INFO session removed token=a9861ca8-2ccd-4ea3-9bbc-4373323d4186
2025/11/08 14:46:50 INFO session created token=dca45294-aa8c-44e0-ba5d-463221130bc8 name=User_97_70
2025/11/08 14:46:50 INFO session updated token=dca45294-aa8c-44e0-ba5d-463221130bc8 tableID=0xc0002fd1d0 seatIndex=0xc0002f9570
2025/11/08 14:46:50 INFO session removed token=dca45294-aa8c-44e0-ba5d-463221130bc8
2025/11/08 14:46:50 INFO session created token=936c86d3-07d7-45e8-89c6-b1a00aded318 name=User_97_71
2025/11/08 14:46:50 INFO session updated token=936c86d3-07d7-45e8-89c6-b1a00aded318 tableID=0xc0002fd220 seatIndex=0xc0002f95c0
2025/11/08 14:46:50 INFO session removed token=936c86d3-07d7-45e8-89c6-b1a00aded318
2025/11/08 14:46:50 INFO session created token=5b3e1415-5d22-422e-bf5a-24c60c90fff5 name=User_97_72
2025/11/08 14:46:50 INFO session updated token=5b3e1415-5d22-422e-bf5a-24c60c90fff5 tableID=0xc0002fd270 seatIndex=0xc0002f9610
2025/11/08 14:46:50 INFO session removed token=5b3e1415-5d22-422e-bf5a-24c60c90fff5
2025/11/08 14:46:50 INFO session created token=0ab46eaa-95c4-48e7-a086-3bcacb7b64a6 name=User_97_73
2025/11/08 14:46:50 INFO session updated token=0ab46eaa-95c4-48e7-a086-3bcacb7b64a6 tableID=0xc0002fd2c0 seatIndex=0xc0002f9660
2025/11/08 14:46:50 INFO session removed token=0ab46eaa-95c4-48e7-a086-3bcacb7b64a6
2025/11/08 14:46:50 INFO session created token=91b8cad6-62dd-4e7b-b2b6-99d1c60cd343 name=User_97_74
2025/11/08 14:46:50 INFO session updated token=91b8cad6-62dd-4e7b-b2b6-99d1c60cd343 tableID=0xc0002fd310 seatIndex=0xc0002f96b0
2025/11/08 14:46:50 INFO session removed token=91b8cad6-62dd-4e7b-b2b6-99d1c60cd343
2025/11/08 14:46:50 INFO session created token=6bad130f-6a35-4f2c-bd18-f5535a31dbb2 name=User_97_75
2025/11/08 14:46:50 INFO session updated token=6bad130f-6a35-4f2c-bd18-f5535a31dbb2 tableID=0xc0002fd360 seatIndex=0xc0002f9700
2025/11/08 14:46:50 INFO session removed token=6bad130f-6a35-4f2c-bd18-f5535a31dbb2
2025/11/08 14:46:50 INFO session created token=385ba6fc-7b29-4dfa-8af9-2473537b04b5 name=User_97_76
2025/11/08 14:46:50 INFO session updated token=385ba6fc-7b29-4dfa-8af9-2473537b04b5 tableID=0xc0002fd3b0 seatIndex=0xc0002f9750
2025/11/08 14:46:50 INFO session removed token=385ba6fc-7b29-4dfa-8af9-2473537b04b5
2025/11/08 14:46:50 INFO session updated token=5ca8d718-5474-403c-9431-68ee692b2297 tableID=0xc000335640 seatIndex=0xc00032b650
2025/11/08 14:46:50 INFO session removed token=5ca8d718-5474-403c-9431-68ee692b2297
2025/11/08 14:46:50 INFO session created token=8b1b5852-fb55-4da0-8523-46df661e4959 name=User_32_96
2025/11/08 14:46:50 INFO session updated token=8b1b5852-fb55-4da0-8523-46df661e4959 tableID=0xc0004085f0 seatIndex=0xc00040a560
2025/11/08 14:46:50 INFO session removed token=8b1b5852-fb55-4da0-8523-46df661e4959
2025/11/08 14:46:50 INFO session created token=1e5da911-b188-472c-bac3-15d6bcff4245 name=User_32_97
2025/11/08 14:46:50 INFO session updated token=1e5da911-b188-472c-bac3-15d6bcff4245 tableID=0xc000408640 seatIndex=0xc00040a5b0
2025/11/08 14:46:50 INFO session removed token=1e5da911-b188-472c-bac3-15d6bcff4245
2025/11/08 14:46:50 INFO session created token=fd9f3017-4c9a-4f8e-b8fc-c05327b86c76 name=User_32_98
2025/11/08 14:46:50 INFO session updated token=fd9f3017-4c9a-4f8e-b8fc-c05327b86c76 tableID=0xc000408690 seatIndex=0xc00040a600
2025/11/08 14:46:50 INFO session removed token=fd9f3017-4c9a-4f8e-b8fc-c05327b86c76
2025/11/08 14:46:50 INFO session created token=286add05-08f0-4d3f-8fa4-dd2bc1fdaebe name=User_32_99
2025/11/08 14:46:50 INFO session updated token=286add05-08f0-4d3f-8fa4-dd2bc1fdaebe tableID=0xc0004086e0 seatIndex=0xc00040a650
2025/11/08 14:46:50 INFO session removed token=286add05-08f0-4d3f-8fa4-dd2bc1fdaebe
2025/11/08 14:46:50 INFO session created token=9718566c-4baa-4339-9535-5a6e90562b4f name=User_11_65
2025/11/08 14:46:50 INFO session updated token=9718566c-4baa-4339-9535-5a6e90562b4f tableID=0xc000408730 seatIndex=0xc00040a680
2025/11/08 14:46:50 INFO session removed token=9718566c-4baa-4339-9535-5a6e90562b4f
2025/11/08 14:46:50 INFO session created token=323aa6df-e032-4d44-a386-9d0e25c44ac3 name=User_11_66
2025/11/08 14:46:50 INFO session updated token=323aa6df-e032-4d44-a386-9d0e25c44ac3 tableID=0xc000408780 seatIndex=0xc00040a6d0
2025/11/08 14:46:50 INFO session removed token=323aa6df-e032-4d44-a386-9d0e25c44ac3
2025/11/08 14:46:50 INFO session created token=81d6898e-f68c-46d3-8cda-72e4707bf194 name=User_11_67
2025/11/08 14:46:50 INFO session updated token=81d6898e-f68c-46d3-8cda-72e4707bf194 tableID=0xc0004087d0 seatIndex=0xc00040a720
2025/11/08 14:46:50 INFO session removed token=81d6898e-f68c-46d3-8cda-72e4707bf194
2025/11/08 14:46:50 INFO session created token=069046d4-6c4a-4294-9a62-d5c7d138377e name=User_11_68
2025/11/08 14:46:50 INFO session updated token=069046d4-6c4a-4294-9a62-d5c7d138377e tableID=0xc000408820 seatIndex=0xc00040a770
2025/11/08 14:46:50 INFO session removed token=069046d4-6c4a-4294-9a62-d5c7d138377e
2025/11/08 14:46:50 INFO session created token=ca5d7bbe-163b-4158-ae0f-2f57c602efcb name=User_11_69
2025/11/08 14:46:50 INFO session updated token=ca5d7bbe-163b-4158-ae0f-2f57c602efcb tableID=0xc000408870 seatIndex=0xc00040a7c0
2025/11/08 14:46:50 INFO session removed token=ca5d7bbe-163b-4158-ae0f-2f57c602efcb
2025/11/08 14:46:50 INFO session created token=bd72f1e1-3a69-488d-98ea-7b659e6b7312 name=User_11_70
2025/11/08 14:46:50 INFO session updated token=bd72f1e1-3a69-488d-98ea-7b659e6b7312 tableID=0xc0004088c0 seatIndex=0xc00040a810
2025/11/08 14:46:50 INFO session removed token=bd72f1e1-3a69-488d-98ea-7b659e6b7312
2025/11/08 14:46:50 INFO session created token=1532ec7d-7e83-4af4-a8ec-f91a43fd7d96 name=User_11_71
2025/11/08 14:46:50 INFO session created token=140b5d99-d284-4e25-9d14-aa1d32fbe40e name=User_18_62
2025/11/08 14:46:50 INFO session updated token=1532ec7d-7e83-4af4-a8ec-f91a43fd7d96 tableID=0xc000408910 seatIndex=0xc00040a860
2025/11/08 14:46:50 INFO session removed token=1532ec7d-7e83-4af4-a8ec-f91a43fd7d96
2025/11/08 14:46:50 INFO session created token=8a53ae52-1327-4c0b-847d-d7c2a41d7524 name=User_11_72
2025/11/08 14:46:50 INFO session updated token=8a53ae52-1327-4c0b-847d-d7c2a41d7524 tableID=0xc000408970 seatIndex=0xc00040a8c0
2025/11/08 14:46:50 INFO session removed token=8a53ae52-1327-4c0b-847d-d7c2a41d7524
2025/11/08 14:46:50 INFO session created token=43ffcbe3-9eba-49da-841b-347457c8f045 name=User_11_73
2025/11/08 14:46:50 INFO session updated token=43ffcbe3-9eba-49da-841b-347457c8f045 tableID=0xc0004089c0 seatIndex=0xc00040a910
2025/11/08 14:46:50 INFO session removed token=43ffcbe3-9eba-49da-841b-347457c8f045
2025/11/08 14:46:50 INFO session created token=21916a1a-a8b7-4672-9390-7474e8117112 name=User_11_74
2025/11/08 14:46:50 INFO session updated token=21916a1a-a8b7-4672-9390-7474e8117112 tableID=0xc000408a10 seatIndex=0xc00040a960
2025/11/08 14:46:50 INFO session removed token=21916a1a-a8b7-4672-9390-7474e8117112
2025/11/08 14:46:50 INFO session created token=c135e2e1-526b-4313-adbb-e2ecfeaa2fc5 name=User_11_75
2025/11/08 14:46:50 INFO session updated token=c135e2e1-526b-4313-adbb-e2ecfeaa2fc5 tableID=0xc000408a60 seatIndex=0xc00040a9b0
2025/11/08 14:46:50 INFO session removed token=c135e2e1-526b-4313-adbb-e2ecfeaa2fc5
2025/11/08 14:46:50 INFO session created token=cc7e2f61-4bd3-4f9d-a77a-c4b4fd10fbdb name=User_13_30
2025/11/08 14:46:50 INFO session created token=7c964e73-ca0d-4a4c-b9f4-6417b0c702e3 name=User_11_76
2025/11/08 14:46:50 INFO session updated token=140b5d99-d284-4e25-9d14-aa1d32fbe40e tableID=0xc000408930 seatIndex=0xc00040a890
2025/11/08 14:46:50 INFO session removed token=140b5d99-d284-4e25-9d14-aa1d32fbe40e
2025/11/08 14:46:50 INFO session updated token=cc7e2f61-4bd3-4f9d-a77a-c4b4fd10fbdb tableID=0xc0002fd400 seatIndex=0xc0002f97a0
2025/11/08 14:46:50 INFO session removed token=cc7e2f61-4bd3-4f9d-a77a-c4b4fd10fbdb
2025/11/08 14:46:50 INFO session created token=55b7a232-3028-4872-8395-4a3e58df3719 name=User_13_31
2025/11/08 14:46:50 INFO session updated token=55b7a232-3028-4872-8395-4a3e58df3719 tableID=0xc0002fd450 seatIndex=0xc0002f97f0
2025/11/08 14:46:50 INFO session removed token=55b7a232-3028-4872-8395-4a3e58df3719
2025/11/08 14:46:50 INFO session created token=880c50ba-6ed7-4fe9-afe1-72c7614ef127 name=User_13_32
2025/11/08 14:46:50 INFO session updated token=880c50ba-6ed7-4fe9-afe1-72c7614ef127 tableID=0xc0002fd4a0 seatIndex=0xc0002f9840
2025/11/08 14:46:50 INFO session removed token=880c50ba-6ed7-4fe9-afe1-72c7614ef127
2025/11/08 14:46:50 INFO session created token=cbbf6237-3852-404d-a189-0ee3bafccf32 name=User_13_33
2025/11/08 14:46:50 INFO session created token=6c4b1c1a-d8b0-435e-bb3f-1d1f04ac5a4e name=User_57_97
2025/11/08 14:46:50 INFO session created token=16b573d7-f0d8-457b-b8bd-c2fb416fa01f name=User_34_66
2025/11/08 14:46:50 INFO session created token=f39d35f4-3471-48c4-b446-36024377c423 name=User_6_33
2025/11/08 14:46:50 INFO session created token=078d48a0-16e3-437e-adff-4765ebb94f20 name=User_20_59
2025/11/08 14:46:50 INFO session removed token=0cf2e290-1233-4a03-8777-71ac03185427
2025/11/08 14:46:51 INFO session updated token=16b573d7-f0d8-457b-b8bd-c2fb416fa01f tableID=0xc000335800 seatIndex=0xc00032b7f0
2025/11/08 14:46:51 INFO session removed token=16b573d7-f0d8-457b-b8bd-c2fb416fa01f
2025/11/08 14:46:51 INFO session created token=669e9852-8575-4dac-97de-f9dee5b482b6 name=User_34_67
2025/11/08 14:46:51 INFO session updated token=669e9852-8575-4dac-97de-f9dee5b482b6 tableID=0xc000408bc0 seatIndex=0xc00040aaa0
2025/11/08 14:46:51 INFO session removed token=669e9852-8575-4dac-97de-f9dee5b482b6
2025/11/08 14:46:51 INFO session created token=3f1aa5cd-34e5-4856-aab7-25742514e54e name=User_34_68
2025/11/08 14:46:51 INFO session updated token=3f1aa5cd-34e5-4856-aab7-25742514e54e tableID=0xc000408c10 seatIndex=0xc00040aaf0
2025/11/08 14:46:51 INFO session removed token=3f1aa5cd-34e5-4856-aab7-25742514e54e
2025/11/08 14:46:51 INFO session created token=6dce0f1a-dfeb-47ee-b13a-a02d1d41a7e7 name=User_34_69
2025/11/08 14:46:51 INFO session updated token=6dce0f1a-dfeb-47ee-b13a-a02d1d41a7e7 tableID=0xc000408c60 seatIndex=0xc00040ab40
2025/11/08 14:46:51 INFO session removed token=6dce0f1a-dfeb-47ee-b13a-a02d1d41a7e7
2025/11/08 14:46:51 INFO session created token=76772a14-b5b9-4fb0-9aa1-db597ec4f741 name=User_34_70
2025/11/08 14:46:51 INFO session updated token=76772a14-b5b9-4fb0-9aa1-db597ec4f741 tableID=0xc000408cb0 seatIndex=0xc00040ab90
2025/11/08 14:46:51 INFO session removed token=76772a14-b5b9-4fb0-9aa1-db597ec4f741
2025/11/08 14:46:51 INFO session created token=a15f09b1-1f87-4566-a1f8-ab147df704b3 name=User_34_71
2025/11/08 14:46:51 INFO session updated token=a15f09b1-1f87-4566-a1f8-ab147df704b3 tableID=0xc000408d00 seatIndex=0xc00040abe0
2025/11/08 14:46:51 INFO session removed token=a15f09b1-1f87-4566-a1f8-ab147df704b3
2025/11/08 14:46:51 INFO session created token=70e0f46a-9498-4a2f-bdf3-28241f063bea name=User_34_72
2025/11/08 14:46:51 INFO session updated token=70e0f46a-9498-4a2f-bdf3-28241f063bea tableID=0xc000408d50 seatIndex=0xc00040ac30
2025/11/08 14:46:51 INFO session removed token=70e0f46a-9498-4a2f-bdf3-28241f063bea
2025/11/08 14:46:51 INFO session created token=63ffd39b-dd5a-41de-a9d3-03a1d70c8aa6 name=User_34_73
2025/11/08 14:46:51 INFO session updated token=63ffd39b-dd5a-41de-a9d3-03a1d70c8aa6 tableID=0xc000408da0 seatIndex=0xc00040ac80
2025/11/08 14:46:51 INFO session removed token=63ffd39b-dd5a-41de-a9d3-03a1d70c8aa6
2025/11/08 14:46:51 INFO session created token=ce3f49e5-efb0-40f0-8559-43ca7bafbc7e name=User_34_74
2025/11/08 14:46:51 INFO session updated token=ce3f49e5-efb0-40f0-8559-43ca7bafbc7e tableID=0xc000408df0 seatIndex=0xc00040acd0
2025/11/08 14:46:51 INFO session removed token=ce3f49e5-efb0-40f0-8559-43ca7bafbc7e
2025/11/08 14:46:51 INFO session created token=cc7b9c8d-f328-47d2-901b-00a8ed814dc9 name=User_34_75
2025/11/08 14:46:51 INFO session updated token=cc7b9c8d-f328-47d2-901b-00a8ed814dc9 tableID=0xc000408e40 seatIndex=0xc00040ad20
2025/11/08 14:46:51 INFO session removed token=cc7b9c8d-f328-47d2-901b-00a8ed814dc9
2025/11/08 14:46:51 INFO session created token=77603824-0629-4b85-af26-ad4806a405ab name=User_34_76
2025/11/08 14:46:51 INFO session updated token=77603824-0629-4b85-af26-ad4806a405ab tableID=0xc000408e90 seatIndex=0xc00040ad70
2025/11/08 14:46:51 INFO session removed token=77603824-0629-4b85-af26-ad4806a405ab
2025/11/08 14:46:51 INFO session created token=b107fdf9-2592-4afa-be92-482bed730edd name=User_34_77
2025/11/08 14:46:51 INFO session updated token=b107fdf9-2592-4afa-be92-482bed730edd tableID=0xc000408ee0 seatIndex=0xc00040adc0
2025/11/08 14:46:51 INFO session removed token=b107fdf9-2592-4afa-be92-482bed730edd
2025/11/08 14:46:51 INFO session created token=ccd50dc8-5157-4545-adda-bef4214fd0b5 name=User_34_78
2025/11/08 14:46:51 INFO session updated token=ccd50dc8-5157-4545-adda-bef4214fd0b5 tableID=0xc000408f30 seatIndex=0xc00040ae10
2025/11/08 14:46:51 INFO session removed token=ccd50dc8-5157-4545-adda-bef4214fd0b5
2025/11/08 14:46:51 INFO session created token=d547df67-7d11-44b2-84e4-e0e7716764b0 name=User_34_79
2025/11/08 14:46:51 INFO session updated token=d547df67-7d11-44b2-84e4-e0e7716764b0 tableID=0xc000408f80 seatIndex=0xc00040ae60
2025/11/08 14:46:51 INFO session removed token=d547df67-7d11-44b2-84e4-e0e7716764b0
2025/11/08 14:46:51 INFO session updated token=cbbf6237-3852-404d-a189-0ee3bafccf32 tableID=0xc000335810 seatIndex=0xc00032b800
2025/11/08 14:46:51 INFO session removed token=cbbf6237-3852-404d-a189-0ee3bafccf32
2025/11/08 14:46:51 INFO session created token=453c0eb8-44b7-41d9-9a15-5a54144d31bb name=User_13_34
2025/11/08 14:46:51 INFO session updated token=453c0eb8-44b7-41d9-9a15-5a54144d31bb tableID=0xc000335870 seatIndex=0xc00032b860
2025/11/08 14:46:51 INFO session removed token=453c0eb8-44b7-41d9-9a15-5a54144d31bb
2025/11/08 14:46:51 INFO session created token=8075825a-999e-4036-a512-9cef9ac3e5c2 name=User_13_35
2025/11/08 14:46:51 INFO session updated token=8075825a-999e-4036-a512-9cef9ac3e5c2 tableID=0xc0003358c0 seatIndex=0xc00032b8b0
2025/11/08 14:46:51 INFO session removed token=8075825a-999e-4036-a512-9cef9ac3e5c2
2025/11/08 14:46:51 INFO session created token=6fa9f720-7113-4f84-9531-0e0c75ea0908 name=User_13_36
2025/11/08 14:46:51 INFO session updated token=6fa9f720-7113-4f84-9531-0e0c75ea0908 tableID=0xc000335910 seatIndex=0xc00032b900
2025/11/08 14:46:51 INFO session removed token=6fa9f720-7113-4f84-9531-0e0c75ea0908
2025/11/08 14:46:51 INFO session updated token=7a2b9faf-430b-49e1-afcf-f8f10bfb8c22 tableID=0xc0002b67e0 seatIndex=0xc0002ba550
2025/11/08 14:46:51 INFO session removed token=7a2b9faf-430b-49e1-afcf-f8f10bfb8c22
2025/11/08 14:46:51 INFO session created token=6abb92de-2875-448c-86e9-f8b6ac996601 name=User_48_93
2025/11/08 14:46:51 INFO session updated token=6abb92de-2875-448c-86e9-f8b6ac996601 tableID=0xc000408ff0 seatIndex=0xc00040aef0
2025/11/08 14:46:51 INFO session removed token=6abb92de-2875-448c-86e9-f8b6ac996601
2025/11/08 14:46:51 INFO session created token=a11c61ae-16a5-475f-bcb2-5886d22ccdb6 name=User_48_94
2025/11/08 14:46:51 INFO session updated token=a11c61ae-16a5-475f-bcb2-5886d22ccdb6 tableID=0xc000409040 seatIndex=0xc00040af40
2025/11/08 14:46:51 INFO session removed token=a11c61ae-16a5-475f-bcb2-5886d22ccdb6
2025/11/08 14:46:51 INFO session created token=fc4eceee-7da5-4139-8e07-a1addc09f8a8 name=User_48_95
2025/11/08 14:46:51 INFO session updated token=fc4eceee-7da5-4139-8e07-a1addc09f8a8 tableID=0xc000409090 seatIndex=0xc00040af90
2025/11/08 14:46:51 INFO session removed token=fc4eceee-7da5-4139-8e07-a1addc09f8a8
2025/11/08 14:46:51 INFO session created token=487cd5b0-6580-4e23-ae27-514e544b79a8 name=User_48_96
2025/11/08 14:46:51 INFO session updated token=487cd5b0-6580-4e23-ae27-514e544b79a8 tableID=0xc0004090e0 seatIndex=0xc00040afe0
2025/11/08 14:46:51 INFO session removed token=487cd5b0-6580-4e23-ae27-514e544b79a8
2025/11/08 14:46:51 INFO session created token=155121ef-57a6-4c7e-bbde-29d8e39ef171 name=User_48_97
2025/11/08 14:46:51 INFO session created token=2baadfa7-9a73-493f-95fc-c0085a32c1ff name=User_35_40
2025/11/08 14:46:51 INFO session updated token=155121ef-57a6-4c7e-bbde-29d8e39ef171 tableID=0xc000409130 seatIndex=0xc00040b030
2025/11/08 14:46:51 INFO session removed token=155121ef-57a6-4c7e-bbde-29d8e39ef171
2025/11/08 14:46:51 INFO session updated token=8662c9cd-cafe-4453-86c8-88648399ec6b tableID=0xc000405d70 seatIndex=0xc000403e10
2025/11/08 14:46:51 INFO session removed token=8662c9cd-cafe-4453-86c8-88648399ec6b
2025/11/08 14:46:51 INFO session created token=1861bcfb-6764-497d-93cf-834086c9f447 name=User_48_98
2025/11/08 14:46:51 INFO session created token=6b7bcba4-fcb0-475e-99ac-e284fa5e5195 name=User_58_40
2025/11/08 14:46:51 INFO session updated token=1861bcfb-6764-497d-93cf-834086c9f447 tableID=0xc000409190 seatIndex=0xc00040b090
2025/11/08 14:46:51 INFO session removed token=1861bcfb-6764-497d-93cf-834086c9f447
2025/11/08 14:46:51 INFO session removed token=fc9ae8ed-850a-4c8c-8b04-5d7f42cf8673
2025/11/08 14:46:51 INFO session created token=8fdae659-21ba-44f1-9a40-4e03c6559cc6 name=User_74_48
2025/11/08 14:46:51 INFO session updated token=8fdae659-21ba-44f1-9a40-4e03c6559cc6 tableID=0xc0003359d0 seatIndex=0xc00032b9b0
2025/11/08 14:46:51 INFO session removed token=8fdae659-21ba-44f1-9a40-4e03c6559cc6
2025/11/08 14:46:51 INFO session created token=f47207d6-71dc-4f91-bc29-8b85a522b1ca name=User_74_49
2025/11/08 14:46:51 INFO session updated token=f47207d6-71dc-4f91-bc29-8b85a522b1ca tableID=0xc000335a20 seatIndex=0xc00032ba00
2025/11/08 14:46:51 INFO session removed token=f47207d6-71dc-4f91-bc29-8b85a522b1ca
2025/11/08 14:46:51 INFO session created token=dcc5dfa1-ae9d-45b6-83b0-3a3f0a559633 name=User_74_50
2025/11/08 14:46:51 INFO session updated token=dcc5dfa1-ae9d-45b6-83b0-3a3f0a559633 tableID=0xc000335a70 seatIndex=0xc00032ba50
2025/11/08 14:46:51 INFO session removed token=dcc5dfa1-ae9d-45b6-83b0-3a3f0a559633
2025/11/08 14:46:51 INFO session created token=f564aa1c-82ec-4c93-8f73-9814692bd1b3 name=User_74_51
2025/11/08 14:46:51 INFO session updated token=f564aa1c-82ec-4c93-8f73-9814692bd1b3 tableID=0xc000335ac0 seatIndex=0xc00032baa0
2025/11/08 14:46:51 INFO session removed token=f564aa1c-82ec-4c93-8f73-9814692bd1b3
2025/11/08 14:46:51 INFO session removed token=77a42ef3-5323-4888-81cf-6fe0708dcdfb
2025/11/08 14:46:51 INFO session removed token=48796ff5-b908-42c5-b08f-32a33b143107
2025/11/08 14:46:51 INFO session updated token=be7f6c91-14ba-4f15-8125-056ce48381e5 tableID=0xc000335130 seatIndex=0xc00032b180
2025/11/08 14:46:51 INFO session removed token=83a9d174-f42b-4258-bd41-31499882071c
2025/11/08 14:46:51 INFO session removed token=f78b5d07-fcf4-424e-bd25-b71a02eb5f9c
2025/11/08 14:46:51 INFO session created token=507c79cf-5c78-4f73-8fc0-bce61619734d name=User_19_34
2025/11/08 14:46:51 INFO session updated token=eb0ff233-9048-492b-a8e0-1e91792a3652 tableID=0xc000405da0 seatIndex=0xc000403e20
2025/11/08 14:46:51 INFO session updated token=a133c75b-5a38-44d9-92d7-f40609aa09f5 tableID=0xc0002b6850 seatIndex=0xc0002ba560
2025/11/08 14:46:51 INFO session updated token=ec40ebf0-b486-4a8b-9c67-b1142b36efa7 tableID=0xc0002b6870 seatIndex=0xc0002ba590
2025/11/08 14:46:51 INFO session removed token=5825d3a0-88c0-45b5-86fa-41c12b39e082
2025/11/08 14:46:51 INFO session removed token=88461716-0983-47b0-88b7-f34f5db5c1ad
2025/11/08 14:46:51 INFO session removed token=c592f632-f6fd-4bee-a660-4b3d6577330c
2025/11/08 14:46:51 INFO session removed token=0285510d-31f1-45ed-b4e0-937df70889b3
2025/11/08 14:46:51 INFO session removed token=3b66ec16-0ca9-444a-95b6-f6027d0709e0
2025/11/08 14:46:51 INFO session removed token=8b1f6006-a8ab-41fa-8295-cbd267693479
2025/11/08 14:46:51 INFO session removed token=66f85fc3-b54c-4bbd-a5e6-6467630d8dc7
2025/11/08 14:46:51 INFO session updated token=b7ff67d3-2496-4704-8c6a-d6aad0f1eadd tableID=0xc000405df0 seatIndex=0xc000403e80
2025/11/08 14:46:51 INFO session removed token=73e441de-ec2c-4093-9510-ddfb055a415c
2025/11/08 14:46:51 INFO session removed token=71134615-5cb4-46be-a6f5-c2d19555ad00
2025/11/08 14:46:51 INFO session updated token=8f51fe4b-afcf-4aae-81c9-d9a046f5be3c tableID=0xc0002b6a70 seatIndex=0xc0002ba7b0
2025/11/08 14:46:51 INFO session updated token=74a5f43e-b6ae-4d02-97f6-bfb1e3db672d tableID=0xc000405e30 seatIndex=0xc000403eb0
2025/11/08 14:46:51 INFO session removed token=c1f91678-519d-48a0-aab6-504cf169d6ad
2025/11/08 14:46:51 INFO session updated token=3619fa73-a9c9-4b2f-b0c9-58d974082129 tableID=0xc000405e40 seatIndex=0xc000403ec0
2025/11/08 14:46:51 INFO session created token=e6ad8189-829f-418d-a074-d4d6e9d89454 name=User_12_77
2025/11/08 14:46:51 INFO session removed token=587a7a06-8544-42f5-91b8-ca2e734d5168
2025/11/08 14:46:51 INFO session created token=8ec7bbcd-db10-4bc9-80cc-d67889a56a10 name=User_17_51
2025/11/08 14:46:51 INFO session created token=66a33df8-9dc1-4295-adfe-a563b8eefbdb name=User_99_84
2025/11/08 14:46:51 INFO session created token=7b5b3c45-4300-4a92-b02a-d7871cffb1be name=User_33_67
2025/11/08 14:46:51 INFO session created token=e6559647-7538-4719-b8d7-2e6d2a7e4f8a name=User_4_67
2025/11/08 14:46:51 INFO session updated token=e6ad8189-829f-418d-a074-d4d6e9d89454 tableID=0xc0002b6b50 seatIndex=0xc0002ba8f0
2025/11/08 14:46:51 INFO session removed token=e6ad8189-829f-418d-a074-d4d6e9d89454
2025/11/08 14:46:51 INFO session created token=7cd537c2-09aa-4598-844a-7d5741b2d940 name=User_12_78
2025/11/08 14:46:51 INFO session updated token=7cd537c2-09aa-4598-844a-7d5741b2d940 tableID=0xc0002b6bb0 seatIndex=0xc0002ba950
2025/11/08 14:46:51 INFO session removed token=7cd537c2-09aa-4598-844a-7d5741b2d940
2025/11/08 14:46:51 INFO session created token=2812c0d7-e3e1-4cd9-b4dc-7ce1a1a8e439 name=User_12_79
2025/11/08 14:46:51 INFO session updated token=2812c0d7-e3e1-4cd9-b4dc-7ce1a1a8e439 tableID=0xc0002b6c00 seatIndex=0xc0002ba9a0
2025/11/08 14:46:51 INFO session removed token=2812c0d7-e3e1-4cd9-b4dc-7ce1a1a8e439
2025/11/08 14:46:51 INFO session created token=9b1a9c76-006d-4f90-8570-cd90ade4b51d name=User_12_80
2025/11/08 14:46:51 INFO session updated token=9b1a9c76-006d-4f90-8570-cd90ade4b51d tableID=0xc0002b6c50 seatIndex=0xc0002ba9f0
2025/11/08 14:46:51 INFO session removed token=9b1a9c76-006d-4f90-8570-cd90ade4b51d
2025/11/08 14:46:51 INFO session created token=5a1eb49a-4b02-4c64-bb3a-b2cf1e8a467e name=User_12_81
2025/11/08 14:46:51 INFO session updated token=5a1eb49a-4b02-4c64-bb3a-b2cf1e8a467e tableID=0xc0002b6ca0 seatIndex=0xc0002baa40
2025/11/08 14:46:51 INFO session removed token=5a1eb49a-4b02-4c64-bb3a-b2cf1e8a467e
2025/11/08 14:46:51 INFO session created token=8a2111c7-bc71-4320-b5ae-c40f8e65342c name=User_12_82
2025/11/08 14:46:51 INFO session updated token=8a2111c7-bc71-4320-b5ae-c40f8e65342c tableID=0xc0002b6cf0 seatIndex=0xc0002baa90
2025/11/08 14:46:51 INFO session removed token=8a2111c7-bc71-4320-b5ae-c40f8e65342c
2025/11/08 14:46:51 INFO session created token=d46ed386-644a-4f89-bcae-b381529e850c name=User_12_83
2025/11/08 14:46:51 INFO session updated token=d46ed386-644a-4f89-bcae-b381529e850c tableID=0xc0002b6d40 seatIndex=0xc0002baae0
2025/11/08 14:46:51 INFO session updated token=6c2a2ea2-040e-4420-913a-28c5bcabfc86 tableID=0xc0002b6ac0 seatIndex=0xc0002ba830
2025/11/08 14:46:51 INFO session updated token=da5d6a1f-1525-4c6c-8782-fb4f815d343d tableID=0xc0002b6ae0 seatIndex=0xc0002ba860
2025/11/08 14:46:51 INFO session updated token=7cd20519-1873-4a24-82e9-c7ef3707d477 tableID=0xc000405e70 seatIndex=0xc000403ed0
2025/11/08 14:46:51 INFO session updated token=a687b974-9585-4326-a8e3-1fddd387c14e tableID=0xc0002fc900 seatIndex=0xc0002f8ce0
2025/11/08 14:46:51 INFO session updated token=93db4ffe-abfa-40e0-81f7-54a8f1e67b9e tableID=0xc0002fccb0 seatIndex=0xc0002f90b0
2025/11/08 14:46:51 INFO session updated token=0ada7fcf-10d6-41e3-a4fe-7131ac554557 tableID=0xc000405f00 seatIndex=0xc000403f10
2025/11/08 14:46:51 INFO session updated token=14609c7b-ae50-4b67-a062-be6ab62c5c16 tableID=0xc0003351b0 seatIndex=0xc00032b1f0
2025/11/08 14:46:51 INFO session updated token=f3b6a0ab-08b4-4475-b17d-58a184d19c4d tableID=0xc0003351c0 seatIndex=0xc00032b200
2025/11/08 14:46:51 INFO session updated token=04b0df57-da2b-4de9-89b0-77574b1926f1 tableID=0xc0002fcd00 seatIndex=0xc0002f9100
2025/11/08 14:46:51 INFO session updated token=06a945e3-3389-46dd-b8ca-e919e8225c37 tableID=0xc000408000 seatIndex=0xc000403f70
2025/11/08 14:46:51 INFO session updated token=6077e240-71c2-4924-bd0c-d9388e7db451 tableID=0xc0004082f0 seatIndex=0xc00040a270
2025/11/08 14:46:51 INFO session updated token=2ebfae29-159f-4cca-a23e-1536eecb4147 tableID=0xc0002fd0f0 seatIndex=0xc0002f94a0
2025/11/08 14:46:51 INFO session removed token=0079073c-1ca7-45dd-afbd-c76b1c696033
2025/11/08 14:46:51 INFO session updated token=7c964e73-ca0d-4a4c-b9f4-6417b0c702e3 tableID=0xc000408ac0 seatIndex=0xc00040aa20
2025/11/08 14:46:51 INFO session created token=2eb29d78-874e-42f9-aa4f-8f6f276c252b name=User_10_39
2025/11/08 14:46:51 INFO session updated token=2eb29d78-874e-42f9-aa4f-8f6f276c252b tableID=0xc0002b6e60 seatIndex=0xc0002bacb0
2025/11/08 14:46:51 INFO session removed token=2eb29d78-874e-42f9-aa4f-8f6f276c252b
2025/11/08 14:46:51 INFO session created token=3b6ff422-f021-4e9c-8f80-3d9b982b6f42 name=User_10_40
2025/11/08 14:46:51 INFO session updated token=3b6ff422-f021-4e9c-8f80-3d9b982b6f42 tableID=0xc0002b6eb0 seatIndex=0xc0002bad00
2025/11/08 14:46:51 INFO session removed token=3b6ff422-f021-4e9c-8f80-3d9b982b6f42
2025/11/08 14:46:51 INFO session created token=6ff2e10d-89b0-433e-b9e5-48fedb65c87c name=User_10_41
2025/11/08 14:46:51 INFO session updated token=6ff2e10d-89b0-433e-b9e5-48fedb65c87c tableID=0xc0002b6f00 seatIndex=0xc0002bad50
2025/11/08 14:46:51 INFO session removed token=6ff2e10d-89b0-433e-b9e5-48fedb65c87c
2025/11/08 14:46:51 INFO session created token=1c42f4ae-51d0-46cc-8d48-7c993832d023 name=User_10_42
2025/11/08 14:46:51 INFO session updated token=1c42f4ae-51d0-46cc-8d48-7c993832d023 tableID=0xc0002b6f50 seatIndex=0xc0002bada0
2025/11/08 14:46:51 INFO session removed token=1c42f4ae-51d0-46cc-8d48-7c993832d023
2025/11/08 14:46:51 INFO session created token=950d5182-dcea-4817-9134-5c4afd47580d name=User_10_43
2025/11/08 14:46:51 INFO session updated token=950d5182-dcea-4817-9134-5c4afd47580d tableID=0xc0002b6fa0 seatIndex=0xc0002badf0
2025/11/08 14:46:51 INFO session removed token=950d5182-dcea-4817-9134-5c4afd47580d
2025/11/08 14:46:51 INFO session created token=b2d21996-4bee-403f-b658-59038be247f6 name=User_10_44
2025/11/08 14:46:51 INFO session updated token=b2d21996-4bee-403f-b658-59038be247f6 tableID=0xc0002b6ff0 seatIndex=0xc0002bae40
2025/11/08 14:46:51 INFO session removed token=b2d21996-4bee-403f-b658-59038be247f6
2025/11/08 14:46:51 INFO session created token=8823323b-3464-4b8d-89f7-3697f5f22c09 name=User_10_45
2025/11/08 14:46:51 INFO session updated token=8823323b-3464-4b8d-89f7-3697f5f22c09 tableID=0xc0002b7040 seatIndex=0xc0002bae90
2025/11/08 14:46:51 INFO session removed token=8823323b-3464-4b8d-89f7-3697f5f22c09
2025/11/08 14:46:51 INFO session created token=07aa4f5e-c433-45ea-ad65-e04bce83ccec name=User_10_46
2025/11/08 14:46:51 INFO session updated token=07aa4f5e-c433-45ea-ad65-e04bce83ccec tableID=0xc0002b7090 seatIndex=0xc0002baee0
2025/11/08 14:46:51 INFO session removed token=07aa4f5e-c433-45ea-ad65-e04bce83ccec
2025/11/08 14:46:51 INFO session created token=0092ba14-9924-49b1-9d46-4c71487837de name=User_10_47
2025/11/08 14:46:51 INFO session updated token=0092ba14-9924-49b1-9d46-4c71487837de tableID=0xc0002b70e0 seatIndex=0xc0002baf30
2025/11/08 14:46:51 INFO session removed token=0092ba14-9924-49b1-9d46-4c71487837de
2025/11/08 14:46:51 INFO session created token=2ea29e67-4b69-40da-b4e7-ef4aba6f0a40 name=User_10_48
2025/11/08 14:46:51 INFO session updated token=2ea29e67-4b69-40da-b4e7-ef4aba6f0a40 tableID=0xc0002b7130 seatIndex=0xc0002baf80
2025/11/08 14:46:51 INFO session removed token=2ea29e67-4b69-40da-b4e7-ef4aba6f0a40
2025/11/08 14:46:51 INFO session created token=70ac498b-aa93-45ea-bee0-56d23316e211 name=User_10_49
2025/11/08 14:46:51 INFO session updated token=70ac498b-aa93-45ea-bee0-56d23316e211 tableID=0xc0002b7180 seatIndex=0xc0002bafd0
2025/11/08 14:46:51 INFO session removed token=70ac498b-aa93-45ea-bee0-56d23316e211
2025/11/08 14:46:51 INFO session created token=673a68d3-a1e5-4a8f-8eef-d36a1ae6f102 name=User_10_50
2025/11/08 14:46:51 INFO session updated token=673a68d3-a1e5-4a8f-8eef-d36a1ae6f102 tableID=0xc0002b71d0 seatIndex=0xc0002bb020
2025/11/08 14:46:51 INFO session removed token=673a68d3-a1e5-4a8f-8eef-d36a1ae6f102
2025/11/08 14:46:51 INFO session created token=96c0c966-7e0e-4f87-b28a-19324c5dd0e9 name=User_10_51
2025/11/08 14:46:51 INFO session updated token=96c0c966-7e0e-4f87-b28a-19324c5dd0e9 tableID=0xc0002b7220 seatIndex=0xc0002bb070
2025/11/08 14:46:51 INFO session removed token=96c0c966-7e0e-4f87-b28a-19324c5dd0e9
2025/11/08 14:46:51 INFO session created token=9c308a4c-9431-4017-b9e8-940236556a3b name=User_10_52
2025/11/08 14:46:51 INFO session updated token=9c308a4c-9431-4017-b9e8-940236556a3b tableID=0xc0002b7270 seatIndex=0xc0002bb0c0
2025/11/08 14:46:51 INFO session removed token=9c308a4c-9431-4017-b9e8-940236556a3b
2025/11/08 14:46:51 INFO session created token=5a1664ef-edd5-4e0d-953e-7118f2a68e02 name=User_10_53
2025/11/08 14:46:51 INFO session updated token=5a1664ef-edd5-4e0d-953e-7118f2a68e02 tableID=0xc0002b72c0 seatIndex=0xc0002bb110
2025/11/08 14:46:51 INFO session removed token=5a1664ef-edd5-4e0d-953e-7118f2a68e02
2025/11/08 14:46:51 INFO session created token=87adb86c-573d-4a0b-80b7-6ab4399fd7a1 name=User_10_54
2025/11/08 14:46:51 INFO session updated token=87adb86c-573d-4a0b-80b7-6ab4399fd7a1 tableID=0xc0002b7310 seatIndex=0xc0002bb160
2025/11/08 14:46:51 INFO session removed token=87adb86c-573d-4a0b-80b7-6ab4399fd7a1
2025/11/08 14:46:51 INFO session created token=7d8be7e6-847a-4e6e-be6a-4b63eab0bd2b name=User_10_55
2025/11/08 14:46:51 INFO session updated token=7d8be7e6-847a-4e6e-be6a-4b63eab0bd2b tableID=0xc0002b7360 seatIndex=0xc0002bb1b0
2025/11/08 14:46:51 INFO session removed token=7d8be7e6-847a-4e6e-be6a-4b63eab0bd2b
2025/11/08 14:46:51 INFO session created token=f7f27df1-612e-435f-9876-085ae702ec26 name=User_10_56
2025/11/08 14:46:51 INFO session updated token=f7f27df1-612e-435f-9876-085ae702ec26 tableID=0xc0002b73b0 seatIndex=0xc0002bb200
2025/11/08 14:46:51 INFO session removed token=f7f27df1-612e-435f-9876-085ae702ec26
2025/11/08 14:46:51 INFO session created token=2a57619d-a3e2-4386-ae33-7a11c46f5bfa name=User_10_57
2025/11/08 14:46:51 INFO session updated token=2a57619d-a3e2-4386-ae33-7a11c46f5bfa tableID=0xc0002b7400 seatIndex=0xc0002bb250
2025/11/08 14:46:51 INFO session removed token=2a57619d-a3e2-4386-ae33-7a11c46f5bfa
2025/11/08 14:46:51 INFO session created token=35821222-7fc7-4cd4-8dca-cb9a52e97ae6 name=User_10_58
2025/11/08 14:46:51 INFO session updated token=35821222-7fc7-4cd4-8dca-cb9a52e97ae6 tableID=0xc0002b7450 seatIndex=0xc0002bb2a0
2025/11/08 14:46:51 INFO session removed token=35821222-7fc7-4cd4-8dca-cb9a52e97ae6
2025/11/08 14:46:51 INFO session created token=fe38de30-8c2b-479d-ba06-f2cd44af2868 name=User_10_59
2025/11/08 14:46:51 INFO session updated token=fe38de30-8c2b-479d-ba06-f2cd44af2868 tableID=0xc0002b74a0 seatIndex=0xc0002bb2f0
2025/11/08 14:46:51 INFO session removed token=fe38de30-8c2b-479d-ba06-f2cd44af2868
2025/11/08 14:46:51 INFO session created token=65308b14-4037-4c5a-8c22-4c7483fcf857 name=User_10_60
2025/11/08 14:46:51 INFO session updated token=65308b14-4037-4c5a-8c22-4c7483fcf857 tableID=0xc0002b74f0 seatIndex=0xc0002bb340
2025/11/08 14:46:51 INFO session removed token=65308b14-4037-4c5a-8c22-4c7483fcf857
2025/11/08 14:46:51 INFO session created token=4641f42b-55fd-4f77-ad50-21f5d93cbfdc name=User_10_61
2025/11/08 14:46:51 INFO session updated token=4641f42b-55fd-4f77-ad50-21f5d93cbfdc tableID=0xc0002b7540 seatIndex=0xc0002bb390
2025/11/08 14:46:51 INFO session removed token=4641f42b-55fd-4f77-ad50-21f5d93cbfdc
2025/11/08 14:46:51 INFO session created token=48551536-9be5-4c06-9f39-cc13058e5d1a name=User_10_62
2025/11/08 14:46:51 INFO session updated token=48551536-9be5-4c06-9f39-cc13058e5d1a tableID=0xc0002b7590 seatIndex=0xc0002bb3e0
2025/11/08 14:46:51 INFO session removed token=48551536-9be5-4c06-9f39-cc13058e5d1a
2025/11/08 14:46:51 INFO session created token=eec191db-64f4-45ee-b456-cdf3d8fe51b2 name=User_10_63
2025/11/08 14:46:51 INFO session updated token=eec191db-64f4-45ee-b456-cdf3d8fe51b2 tableID=0xc0002b75e0 seatIndex=0xc0002bb430
2025/11/08 14:46:51 INFO session removed token=eec191db-64f4-45ee-b456-cdf3d8fe51b2
2025/11/08 14:46:51 INFO session created token=5b2bbfd2-8a94-4dad-a3d1-a3c6036a0191 name=User_10_64
2025/11/08 14:46:51 INFO session updated token=5b2bbfd2-8a94-4dad-a3d1-a3c6036a0191 tableID=0xc0002b7630 seatIndex=0xc0002bb480
2025/11/08 14:46:51 INFO session removed token=5b2bbfd2-8a94-4dad-a3d1-a3c6036a0191
2025/11/08 14:46:51 INFO session created token=62128fe3-9db1-45ee-be29-0dfc203c451b name=User_10_65
2025/11/08 14:46:51 INFO session updated token=62128fe3-9db1-45ee-be29-0dfc203c451b tableID=0xc0002b7680 seatIndex=0xc0002bb4d0
2025/11/08 14:46:51 INFO session removed token=62128fe3-9db1-45ee-be29-0dfc203c451b
2025/11/08 14:46:51 INFO session created token=1efb0d19-8523-494a-9290-4e14be104302 name=User_10_66
2025/11/08 14:46:51 INFO session updated token=1efb0d19-8523-494a-9290-4e14be104302 tableID=0xc0002b76d0 seatIndex=0xc0002bb520
2025/11/08 14:46:51 INFO session removed token=1efb0d19-8523-494a-9290-4e14be104302
2025/11/08 14:46:51 INFO session created token=1713586f-6c75-4e75-86bf-6efd77802655 name=User_10_67
2025/11/08 14:46:51 INFO session updated token=1713586f-6c75-4e75-86bf-6efd77802655 tableID=0xc0002b7720 seatIndex=0xc0002bb570
2025/11/08 14:46:51 INFO session removed token=1713586f-6c75-4e75-86bf-6efd77802655
2025/11/08 14:46:51 INFO session created token=02d4dd82-e8dc-49cb-bb6f-a642bd7db0b0 name=User_10_68
2025/11/08 14:46:51 INFO session updated token=02d4dd82-e8dc-49cb-bb6f-a642bd7db0b0 tableID=0xc0002b7770 seatIndex=0xc0002bb5c0
2025/11/08 14:46:51 INFO session removed token=02d4dd82-e8dc-49cb-bb6f-a642bd7db0b0
2025/11/08 14:46:51 INFO session created token=b762d648-76cc-415f-8547-d67a0031cb38 name=User_10_69
2025/11/08 14:46:51 INFO session updated token=b762d648-76cc-415f-8547-d67a0031cb38 tableID=0xc0002b77c0 seatIndex=0xc0002bb610
2025/11/08 14:46:51 INFO session removed token=b762d648-76cc-415f-8547-d67a0031cb38
2025/11/08 14:46:51 INFO session created token=5b7a0627-8e18-408e-842a-c42743f6d915 name=User_10_70
2025/11/08 14:46:51 INFO session updated token=5b7a0627-8e18-408e-842a-c42743f6d915 tableID=0xc0002b7810 seatIndex=0xc0002bb660
2025/11/08 14:46:51 INFO session removed token=5b7a0627-8e18-408e-842a-c42743f6d915
2025/11/08 14:46:51 INFO session created token=657b83d9-1d17-412e-ae24-bc9cf832e0cc name=User_10_71
2025/11/08 14:46:51 INFO session updated token=657b83d9-1d17-412e-ae24-bc9cf832e0cc tableID=0xc0002b7860 seatIndex=0xc0002bb6b0
2025/11/08 14:46:51 INFO session removed token=657b83d9-1d17-412e-ae24-bc9cf832e0cc
2025/11/08 14:46:51 INFO session created token=fa496006-af09-4d39-9077-10b8065172cd name=User_10_72
2025/11/08 14:46:51 INFO session updated token=fa496006-af09-4d39-9077-10b8065172cd tableID=0xc0002b78b0 seatIndex=0xc0002bb700
2025/11/08 14:46:51 INFO session removed token=fa496006-af09-4d39-9077-10b8065172cd
2025/11/08 14:46:51 INFO session created token=2e1517b2-0a12-43fb-9b3e-a00831b4ea9c name=User_10_73
2025/11/08 14:46:51 INFO session updated token=2e1517b2-0a12-43fb-9b3e-a00831b4ea9c tableID=0xc0002b7900 seatIndex=0xc0002bb750
2025/11/08 14:46:51 INFO session removed token=2e1517b2-0a12-43fb-9b3e-a00831b4ea9c
2025/11/08 14:46:51 INFO session created token=c9e51e63-86ad-40eb-8869-bc469c60f5eb name=User_10_74
2025/11/08 14:46:51 INFO session updated token=c9e51e63-86ad-40eb-8869-bc469c60f5eb tableID=0xc0002b7950 seatIndex=0xc0002bb7a0
2025/11/08 14:46:51 INFO session removed token=c9e51e63-86ad-40eb-8869-bc469c60f5eb
2025/11/08 14:46:51 INFO session created token=606edbc6-8fc1-4ebd-bfeb-045c46f21261 name=User_10_75
2025/11/08 14:46:51 INFO session updated token=606edbc6-8fc1-4ebd-bfeb-045c46f21261 tableID=0xc0002b79a0 seatIndex=0xc0002bb7f0
2025/11/08 14:46:51 INFO session removed token=606edbc6-8fc1-4ebd-bfeb-045c46f21261
2025/11/08 14:46:51 INFO session created token=b4b9a166-f244-4ba0-9049-48ffa623c971 name=User_10_76
2025/11/08 14:46:51 INFO session updated token=b4b9a166-f244-4ba0-9049-48ffa623c971 tableID=0xc0002b79f0 seatIndex=0xc0002bb840
2025/11/08 14:46:51 INFO session removed token=b4b9a166-f244-4ba0-9049-48ffa623c971
2025/11/08 14:46:51 INFO session created token=cc239b63-7e87-4edd-9663-c0d2bcef1518 name=User_10_77
2025/11/08 14:46:51 INFO session updated token=cc239b63-7e87-4edd-9663-c0d2bcef1518 tableID=0xc0002b7a40 seatIndex=0xc0002bb890
2025/11/08 14:46:51 INFO session removed token=cc239b63-7e87-4edd-9663-c0d2bcef1518
2025/11/08 14:46:51 INFO session created token=9e208db4-46b6-400d-b5b3-80737d0d8ab3 name=User_10_78
2025/11/08 14:46:51 INFO session updated token=9e208db4-46b6-400d-b5b3-80737d0d8ab3 tableID=0xc0002b7a90 seatIndex=0xc0002bb8e0
2025/11/08 14:46:51 INFO session removed token=9e208db4-46b6-400d-b5b3-80737d0d8ab3
2025/11/08 14:46:51 INFO session created token=5f15f839-39ab-4d7c-88b5-5ef56e2bbbd9 name=User_10_79
2025/11/08 14:46:51 INFO session updated token=5f15f839-39ab-4d7c-88b5-5ef56e2bbbd9 tableID=0xc0002b7ae0 seatIndex=0xc0002bb930
2025/11/08 14:46:51 INFO session removed token=5f15f839-39ab-4d7c-88b5-5ef56e2bbbd9
2025/11/08 14:46:51 INFO session created token=405f7fab-ebdf-49d5-a231-c67673a30cfd name=User_10_80
2025/11/08 14:46:51 INFO session updated token=405f7fab-ebdf-49d5-a231-c67673a30cfd tableID=0xc0002b7b30 seatIndex=0xc0002bb980
2025/11/08 14:46:51 INFO session removed token=405f7fab-ebdf-49d5-a231-c67673a30cfd
2025/11/08 14:46:51 INFO session created token=28a6283f-3022-4769-9605-d2e2377461b4 name=User_10_81
2025/11/08 14:46:51 INFO session updated token=28a6283f-3022-4769-9605-d2e2377461b4 tableID=0xc0002b7b80 seatIndex=0xc0002bb9d0
2025/11/08 14:46:51 INFO session removed token=28a6283f-3022-4769-9605-d2e2377461b4
2025/11/08 14:46:51 INFO session created token=5f845d72-67b3-4ae7-93a9-caabb9107023 name=User_10_82
2025/11/08 14:46:51 INFO session updated token=5f845d72-67b3-4ae7-93a9-caabb9107023 tableID=0xc0002b7bd0 seatIndex=0xc0002bba20
2025/11/08 14:46:51 INFO session removed token=5f845d72-67b3-4ae7-93a9-caabb9107023
2025/11/08 14:46:51 INFO session created token=2d7e601e-df23-44f8-b4de-b04ca1e739f1 name=User_10_83
2025/11/08 14:46:51 INFO session updated token=2d7e601e-df23-44f8-b4de-b04ca1e739f1 tableID=0xc0002b7c20 seatIndex=0xc0002bba70
2025/11/08 14:46:51 INFO session removed token=2d7e601e-df23-44f8-b4de-b04ca1e739f1
2025/11/08 14:46:51 INFO session created token=71b2bcd0-179f-47bb-9043-ec79acb04710 name=User_10_84
2025/11/08 14:46:51 INFO session updated token=71b2bcd0-179f-47bb-9043-ec79acb04710 tableID=0xc0002b7c70 seatIndex=0xc0002bbac0
2025/11/08 14:46:51 INFO session removed token=71b2bcd0-179f-47bb-9043-ec79acb04710
2025/11/08 14:46:51 INFO session created token=6f52aaeb-fe17-45f7-889f-870605d753a3 name=User_10_85
2025/11/08 14:46:51 INFO session updated token=6f52aaeb-fe17-45f7-889f-870605d753a3 tableID=0xc0002b7cc0 seatIndex=0xc0002bbb10
2025/11/08 14:46:51 INFO session removed token=6f52aaeb-fe17-45f7-889f-870605d753a3
2025/11/08 14:46:51 INFO session created token=f19a1bb1-c17b-4df8-b9e6-c51e9c6fc08c name=User_10_86
2025/11/08 14:46:51 INFO session updated token=f19a1bb1-c17b-4df8-b9e6-c51e9c6fc08c tableID=0xc0002b7d10 seatIndex=0xc0002bbb60
2025/11/08 14:46:51 INFO session removed token=f19a1bb1-c17b-4df8-b9e6-c51e9c6fc08c
2025/11/08 14:46:51 INFO session created token=70d92c1a-6b12-46ad-9e8c-3fc75bb1fe66 name=User_10_87
2025/11/08 14:46:51 INFO session updated token=70d92c1a-6b12-46ad-9e8c-3fc75bb1fe66 tableID=0xc0002b7d60 seatIndex=0xc0002bbbb0
2025/11/08 14:46:51 INFO session removed token=70d92c1a-6b12-46ad-9e8c-3fc75bb1fe66
2025/11/08 14:46:51 INFO session created token=219ac838-4b29-48c4-9c3f-2d652e2b0a01 name=User_10_88
2025/11/08 14:46:51 INFO session updated token=219ac838-4b29-48c4-9c3f-2d652e2b0a01 tableID=0xc0002b7db0 seatIndex=0xc0002bbc00
2025/11/08 14:46:51 INFO session removed token=219ac838-4b29-48c4-9c3f-2d652e2b0a01
2025/11/08 14:46:51 INFO session created token=e4a0170c-f753-40e6-9586-c4d86a0857a2 name=User_10_89
2025/11/08 14:46:51 INFO session updated token=e4a0170c-f753-40e6-9586-c4d86a0857a2 tableID=0xc0002b7e00 seatIndex=0xc0002bbc50
2025/11/08 14:46:51 INFO session removed token=e4a0170c-f753-40e6-9586-c4d86a0857a2
2025/11/08 14:46:51 INFO session created token=5e2f9d78-edbf-4278-9e1a-3f4cb5a82805 name=User_10_90
2025/11/08 14:46:51 INFO session updated token=5e2f9d78-edbf-4278-9e1a-3f4cb5a82805 tableID=0xc0002b7e50 seatIndex=0xc0002bbca0
2025/11/08 14:46:51 INFO session removed token=5e2f9d78-edbf-4278-9e1a-3f4cb5a82805
2025/11/08 14:46:51 INFO session created token=be38f9a1-93b0-4093-95f1-bd76135a5c94 name=User_10_91
2025/11/08 14:46:51 INFO session updated token=be38f9a1-93b0-4093-95f1-bd76135a5c94 tableID=0xc0002b7ea0 seatIndex=0xc0002bbcf0
2025/11/08 14:46:51 INFO session removed token=be38f9a1-93b0-4093-95f1-bd76135a5c94
2025/11/08 14:46:51 INFO session created token=d67f2a91-62bd-499b-b0f5-4bf8a4f31044 name=User_10_92
2025/11/08 14:46:51 INFO session updated token=d67f2a91-62bd-499b-b0f5-4bf8a4f31044 tableID=0xc0002b7ef0 seatIndex=0xc0002bbd40
2025/11/08 14:46:51 INFO session removed token=d67f2a91-62bd-499b-b0f5-4bf8a4f31044
2025/11/08 14:46:51 INFO session created token=b613b1d7-0ba8-406a-b6a4-38fb8bbedc92 name=User_10_93
2025/11/08 14:46:51 INFO session updated token=b613b1d7-0ba8-406a-b6a4-38fb8bbedc92 tableID=0xc0002b7f40 seatIndex=0xc0002bbd90
2025/11/08 14:46:51 INFO session removed token=b613b1d7-0ba8-406a-b6a4-38fb8bbedc92
2025/11/08 14:46:51 INFO session created token=e6a63858-f251-4a2a-aa30-39f5f6158ce5 name=User_10_94
2025/11/08 14:46:51 INFO session updated token=e6a63858-f251-4a2a-aa30-39f5f6158ce5 tableID=0xc0002bc010 seatIndex=0xc0002bbde0
2025/11/08 14:46:51 INFO session removed token=e6a63858-f251-4a2a-aa30-39f5f6158ce5
2025/11/08 14:46:51 INFO session created token=9412c7be-83ab-411e-9090-f69fe10b1524 name=User_10_95
2025/11/08 14:46:51 INFO session updated token=9412c7be-83ab-411e-9090-f69fe10b1524 tableID=0xc0002bc060 seatIndex=0xc0002bbe30
2025/11/08 14:46:51 INFO session removed token=9412c7be-83ab-411e-9090-f69fe10b1524
2025/11/08 14:46:51 INFO session created token=022cfac4-5ebb-4d4b-959d-96aa15bb4478 name=User_10_96
2025/11/08 14:46:51 INFO session updated token=022cfac4-5ebb-4d4b-959d-96aa15bb4478 tableID=0xc0002bc0b0 seatIndex=0xc0002bbe80
2025/11/08 14:46:51 INFO session removed token=022cfac4-5ebb-4d4b-959d-96aa15bb4478
2025/11/08 14:46:51 INFO session created token=85402a5e-91b2-4cea-9459-d7f8a9c75dbf name=User_10_97
2025/11/08 14:46:51 INFO session updated token=85402a5e-91b2-4cea-9459-d7f8a9c75dbf tableID=0xc0002bc100 seatIndex=0xc0002bbed0
2025/11/08 14:46:51 INFO session removed token=85402a5e-91b2-4cea-9459-d7f8a9c75dbf
2025/11/08 14:46:51 INFO session created token=d93559c8-f0dc-40b0-b0c9-f4083a159169 name=User_10_98
2025/11/08 14:46:51 INFO session updated token=d93559c8-f0dc-40b0-b0c9-f4083a159169 tableID=0xc0002bc150 seatIndex=0xc0002bbf20
2025/11/08 14:46:51 INFO session removed token=d93559c8-f0dc-40b0-b0c9-f4083a159169
2025/11/08 14:46:51 INFO session created token=68a66cd7-cd09-4c2b-b683-65e72b6b8f45 name=User_10_99
2025/11/08 14:46:51 INFO session updated token=68a66cd7-cd09-4c2b-b683-65e72b6b8f45 tableID=0xc0002bc1a0 seatIndex=0xc0002bbf70
2025/11/08 14:46:51 INFO session removed token=68a66cd7-cd09-4c2b-b683-65e72b6b8f45
2025/11/08 14:46:51 INFO session updated token=38a0d96e-2896-4080-b621-31827f5ee983 tableID=0xc000405d50 seatIndex=0xc000403de0
2025/11/08 14:46:51 INFO session removed token=38a0d96e-2896-4080-b621-31827f5ee983
2025/11/08 14:46:51 INFO session created token=f5a6a3e9-5700-4acb-b9f6-3be18b1ae765 name=User_49_63
2025/11/08 14:46:51 INFO session updated token=f5a6a3e9-5700-4acb-b9f6-3be18b1ae765 tableID=0xc0002bc210 seatIndex=0xc0002bbfe0
2025/11/08 14:46:51 INFO session removed token=f5a6a3e9-5700-4acb-b9f6-3be18b1ae765
2025/11/08 14:46:51 INFO session created token=8395b33e-9ed4-44eb-91de-0a83a8a1776b name=User_49_64
2025/11/08 14:46:51 INFO session updated token=8395b33e-9ed4-44eb-91de-0a83a8a1776b tableID=0xc0002bc260 seatIndex=0xc0002cc030
2025/11/08 14:46:51 INFO session removed token=8395b33e-9ed4-44eb-91de-0a83a8a1776b
2025/11/08 14:46:51 INFO session created token=c58a26c1-029e-46a1-b854-44da9f31bbdb name=User_49_65
2025/11/08 14:46:51 INFO session updated token=c58a26c1-029e-46a1-b854-44da9f31bbdb tableID=0xc0002bc2b0 seatIndex=0xc0002cc080
2025/11/08 14:46:51 INFO session removed token=c58a26c1-029e-46a1-b854-44da9f31bbdb
2025/11/08 14:46:51 INFO session created token=3330a2f6-d280-48ab-be16-7686f78f4dcd name=User_49_66
2025/11/08 14:46:51 INFO session updated token=3330a2f6-d280-48ab-be16-7686f78f4dcd tableID=0xc0002bc300 seatIndex=0xc0002cc0d0
2025/11/08 14:46:51 INFO session removed token=3330a2f6-d280-48ab-be16-7686f78f4dcd
2025/11/08 14:46:51 INFO session created token=cea36ab7-9f9c-4930-8dcc-9604e0b2e378 name=User_49_67
2025/11/08 14:46:51 INFO session updated token=cea36ab7-9f9c-4930-8dcc-9604e0b2e378 tableID=0xc0002bc350 seatIndex=0xc0002cc120
2025/11/08 14:46:51 INFO session removed token=cea36ab7-9f9c-4930-8dcc-9604e0b2e378
2025/11/08 14:46:51 INFO session created token=84c45b57-ca91-47db-a767-075e35319a47 name=User_49_68
2025/11/08 14:46:51 INFO session updated token=84c45b57-ca91-47db-a767-075e35319a47 tableID=0xc0002bc3a0 seatIndex=0xc0002cc170
2025/11/08 14:46:51 INFO session removed token=84c45b57-ca91-47db-a767-075e35319a47
2025/11/08 14:46:51 INFO session created token=150deadd-e144-415e-8d95-57595292196f name=User_49_69
2025/11/08 14:46:51 INFO session updated token=150deadd-e144-415e-8d95-57595292196f tableID=0xc0002bc3f0 seatIndex=0xc0002cc1c0
2025/11/08 14:46:51 INFO session removed token=150deadd-e144-415e-8d95-57595292196f
2025/11/08 14:46:51 INFO session created token=b22c9ca2-f127-4141-80b7-8fdb44e39153 name=User_49_70
2025/11/08 14:46:51 INFO session updated token=b22c9ca2-f127-4141-80b7-8fdb44e39153 tableID=0xc0002bc440 seatIndex=0xc0002cc210
2025/11/08 14:46:51 INFO session removed token=b22c9ca2-f127-4141-80b7-8fdb44e39153
2025/11/08 14:46:51 INFO session created token=4183fc07-6420-4ce5-bcc6-eb70cc3530ad name=User_49_71
2025/11/08 14:46:51 INFO session updated token=4183fc07-6420-4ce5-bcc6-eb70cc3530ad tableID=0xc0002bc490 seatIndex=0xc0002cc260
2025/11/08 14:46:51 INFO session removed token=4183fc07-6420-4ce5-bcc6-eb70cc3530ad
2025/11/08 14:46:51 INFO session created token=753e9dd4-3be3-4764-867f-56ffd1073268 name=User_49_72
2025/11/08 14:46:51 INFO session updated token=753e9dd4-3be3-4764-867f-56ffd1073268 tableID=0xc0002bc4e0 seatIndex=0xc0002cc2b0
2025/11/08 14:46:51 INFO session removed token=753e9dd4-3be3-4764-867f-56ffd1073268
2025/11/08 14:46:51 INFO session created token=7be56d38-cba6-49b6-b599-1a8d5f7eab09 name=User_49_73
2025/11/08 14:46:51 INFO session updated token=7be56d38-cba6-49b6-b599-1a8d5f7eab09 tableID=0xc0002bc530 seatIndex=0xc0002cc300
2025/11/08 14:46:51 INFO session removed token=7be56d38-cba6-49b6-b599-1a8d5f7eab09
2025/11/08 14:46:51 INFO session created token=95af0eae-31e8-406f-b010-054a25d9941e name=User_49_74
2025/11/08 14:46:51 INFO session updated token=95af0eae-31e8-406f-b010-054a25d9941e tableID=0xc0002bc580 seatIndex=0xc0002cc350
2025/11/08 14:46:51 INFO session removed token=95af0eae-31e8-406f-b010-054a25d9941e
2025/11/08 14:46:51 INFO session created token=80497d82-7650-4f67-8ebe-cdacdb9120de name=User_49_75
2025/11/08 14:46:51 INFO session updated token=80497d82-7650-4f67-8ebe-cdacdb9120de tableID=0xc0002bc5d0 seatIndex=0xc0002cc3a0
2025/11/08 14:46:51 INFO session removed token=80497d82-7650-4f67-8ebe-cdacdb9120de
2025/11/08 14:46:51 INFO session created token=400980ca-e84d-4426-b040-67283adae7dd name=User_49_76
2025/11/08 14:46:51 INFO session updated token=400980ca-e84d-4426-b040-67283adae7dd tableID=0xc0002bc620 seatIndex=0xc0002cc3f0
2025/11/08 14:46:51 INFO session removed token=400980ca-e84d-4426-b040-67283adae7dd
2025/11/08 14:46:51 INFO session created token=8a385b6b-05cc-437f-88a0-3a3f0b566e48 name=User_49_77
2025/11/08 14:46:51 INFO session updated token=8a385b6b-05cc-437f-88a0-3a3f0b566e48 tableID=0xc0002bc670 seatIndex=0xc0002cc440
2025/11/08 14:46:51 INFO session removed token=8a385b6b-05cc-437f-88a0-3a3f0b566e48
2025/11/08 14:46:51 INFO session created token=d3e5e7d4-67fe-4414-8146-22edd878d7a5 name=User_49_78
2025/11/08 14:46:51 INFO session updated token=d3e5e7d4-67fe-4414-8146-22edd878d7a5 tableID=0xc0002bc6c0 seatIndex=0xc0002cc490
2025/11/08 14:46:51 INFO session removed token=d3e5e7d4-67fe-4414-8146-22edd878d7a5
2025/11/08 14:46:51 INFO session created token=66c4894c-9930-4586-b286-b4a40efd10e2 name=User_49_79
2025/11/08 14:46:51 INFO session updated token=66c4894c-9930-4586-b286-b4a40efd10e2 tableID=0xc0002bc710 seatIndex=0xc0002cc4e0
2025/11/08 14:46:51 INFO session removed token=66c4894c-9930-4586-b286-b4a40efd10e2
2025/11/08 14:46:51 INFO session created token=4fb41ba2-2f95-46fd-883d-c5ce2a834e29 name=User_49_80
2025/11/08 14:46:51 INFO session updated token=4fb41ba2-2f95-46fd-883d-c5ce2a834e29 tableID=0xc0002bc760 seatIndex=0xc0002cc530
2025/11/08 14:46:51 INFO session removed token=4fb41ba2-2f95-46fd-883d-c5ce2a834e29
2025/11/08 14:46:51 INFO session created token=c890e7e1-47e4-48b4-a030-f965da5111d5 name=User_49_81
2025/11/08 14:46:51 INFO session updated token=c890e7e1-47e4-48b4-a030-f965da5111d5 tableID=0xc0002bc7b0 seatIndex=0xc0002cc580
2025/11/08 14:46:51 INFO session removed token=c890e7e1-47e4-48b4-a030-f965da5111d5
2025/11/08 14:46:51 INFO session created token=846e4cd3-e42e-42b0-ba6a-d217865eed9a name=User_49_82
2025/11/08 14:46:51 INFO session updated token=846e4cd3-e42e-42b0-ba6a-d217865eed9a tableID=0xc0002bc800 seatIndex=0xc0002cc5d0
2025/11/08 14:46:51 INFO session removed token=846e4cd3-e42e-42b0-ba6a-d217865eed9a
2025/11/08 14:46:51 INFO session created token=3faafa6d-bfd8-48a7-90d8-87215859cb77 name=User_49_83
2025/11/08 14:46:51 INFO session updated token=3faafa6d-bfd8-48a7-90d8-87215859cb77 tableID=0xc0002bc850 seatIndex=0xc0002cc620
2025/11/08 14:46:51 INFO session removed token=3faafa6d-bfd8-48a7-90d8-87215859cb77
2025/11/08 14:46:51 INFO session created token=d9bfac4b-e594-47d9-bcb2-a296e2e33140 name=User_49_84
2025/11/08 14:46:51 INFO session updated token=d9bfac4b-e594-47d9-bcb2-a296e2e33140 tableID=0xc0002bc8a0 seatIndex=0xc0002cc670
2025/11/08 14:46:51 INFO session removed token=d9bfac4b-e594-47d9-bcb2-a296e2e33140
2025/11/08 14:46:51 INFO session created token=c65bbc38-e5a6-487a-8e51-33f09c7ba64d name=User_49_85
2025/11/08 14:46:51 INFO session updated token=c65bbc38-e5a6-487a-8e51-33f09c7ba64d tableID=0xc0002bc8f0 seatIndex=0xc0002cc6c0
2025/11/08 14:46:51 INFO session removed token=c65bbc38-e5a6-487a-8e51-33f09c7ba64d
2025/11/08 14:46:51 INFO session created token=4eb07100-0510-48b4-8d00-e772dff599dc name=User_49_86
2025/11/08 14:46:51 INFO session updated token=4eb07100-0510-48b4-8d00-e772dff599dc tableID=0xc0002bc940 seatIndex=0xc0002cc710
2025/11/08 14:46:51 INFO session removed token=4eb07100-0510-48b4-8d00-e772dff599dc
2025/11/08 14:46:51 INFO session created token=63308f5a-b527-4add-944c-340d2c803692 name=User_49_87
2025/11/08 14:46:51 INFO session updated token=63308f5a-b527-4add-944c-340d2c803692 tableID=0xc0002bc990 seatIndex=0xc0002cc760
2025/11/08 14:46:51 INFO session removed token=63308f5a-b527-4add-944c-340d2c803692
2025/11/08 14:46:51 INFO session created token=68c964b5-bd9d-4b36-b355-becd3b7a5782 name=User_49_88
2025/11/08 14:46:51 INFO session updated token=68c964b5-bd9d-4b36-b355-becd3b7a5782 tableID=0xc0002bc9e0 seatIndex=0xc0002cc7b0
2025/11/08 14:46:51 INFO session removed token=68c964b5-bd9d-4b36-b355-becd3b7a5782
2025/11/08 14:46:51 INFO session created token=25108769-4415-4c50-8b5e-27bf53301379 name=User_49_89
2025/11/08 14:46:51 INFO session updated token=25108769-4415-4c50-8b5e-27bf53301379 tableID=0xc0002bca30 seatIndex=0xc0002cc800
2025/11/08 14:46:51 INFO session removed token=25108769-4415-4c50-8b5e-27bf53301379
2025/11/08 14:46:51 INFO session created token=a0a6284c-6fd3-4782-bdd4-4d2b0e13a949 name=User_49_90
2025/11/08 14:46:51 INFO session updated token=a0a6284c-6fd3-4782-bdd4-4d2b0e13a949 tableID=0xc0002bca80 seatIndex=0xc0002cc850
2025/11/08 14:46:51 INFO session removed token=a0a6284c-6fd3-4782-bdd4-4d2b0e13a949
2025/11/08 14:46:51 INFO session created token=0ca8c0e5-bd3e-4647-b9ea-0f4bbc36e769 name=User_49_91
2025/11/08 14:46:51 INFO session updated token=0ca8c0e5-bd3e-4647-b9ea-0f4bbc36e769 tableID=0xc0002bcad0 seatIndex=0xc0002cc8a0
2025/11/08 14:46:51 INFO session removed token=0ca8c0e5-bd3e-4647-b9ea-0f4bbc36e769
2025/11/08 14:46:51 INFO session created token=e6072bda-0978-4693-9022-2e478173d94e name=User_49_92
2025/11/08 14:46:51 INFO session updated token=e6072bda-0978-4693-9022-2e478173d94e tableID=0xc0002bcb20 seatIndex=0xc0002cc8f0
2025/11/08 14:46:51 INFO session removed token=e6072bda-0978-4693-9022-2e478173d94e
2025/11/08 14:46:51 INFO session created token=dc09eaf0-4ac2-4cfe-a65f-19ea91829535 name=User_49_93
2025/11/08 14:46:51 INFO session updated token=dc09eaf0-4ac2-4cfe-a65f-19ea91829535 tableID=0xc0002bcb70 seatIndex=0xc0002cc940
2025/11/08 14:46:51 INFO session removed token=dc09eaf0-4ac2-4cfe-a65f-19ea91829535
2025/11/08 14:46:51 INFO session created token=0b6ab2d4-6844-4376-95ea-3a3ddb6ec890 name=User_49_94
2025/11/08 14:46:51 INFO session updated token=0b6ab2d4-6844-4376-95ea-3a3ddb6ec890 tableID=0xc0002bcbc0 seatIndex=0xc0002cc990
2025/11/08 14:46:51 INFO session removed token=0b6ab2d4-6844-4376-95ea-3a3ddb6ec890
2025/11/08 14:46:51 INFO session created token=b9552d1c-cf8b-40e5-b73e-303a876e90a4 name=User_49_95
2025/11/08 14:46:51 INFO session updated token=b9552d1c-cf8b-40e5-b73e-303a876e90a4 tableID=0xc0002bcc10 seatIndex=0xc0002cc9e0
2025/11/08 14:46:51 INFO session removed token=b9552d1c-cf8b-40e5-b73e-303a876e90a4
2025/11/08 14:46:51 INFO session created token=c2cb175e-bb47-4441-b925-509a19fe55b0 name=User_49_96
2025/11/08 14:46:51 INFO session updated token=c2cb175e-bb47-4441-b925-509a19fe55b0 tableID=0xc0002bcc60 seatIndex=0xc0002cca30
2025/11/08 14:46:51 INFO session removed token=c2cb175e-bb47-4441-b925-509a19fe55b0
2025/11/08 14:46:51 INFO session created token=1f1599cd-e045-4cd7-aee0-5bdd18e7b970 name=User_49_97
2025/11/08 14:46:51 INFO session updated token=1f1599cd-e045-4cd7-aee0-5bdd18e7b970 tableID=0xc0002bccb0 seatIndex=0xc0002cca80
2025/11/08 14:46:51 INFO session removed token=1f1599cd-e045-4cd7-aee0-5bdd18e7b970
2025/11/08 14:46:51 INFO session created token=34eb86e7-c83e-4f83-b6b9-ae49e4c0823b name=User_49_98
2025/11/08 14:46:51 INFO session updated token=34eb86e7-c83e-4f83-b6b9-ae49e4c0823b tableID=0xc0002bcd00 seatIndex=0xc0002ccad0
2025/11/08 14:46:51 INFO session removed token=34eb86e7-c83e-4f83-b6b9-ae49e4c0823b
2025/11/08 14:46:51 INFO session created token=dcaf2ab7-b262-4232-beca-f667d3796e49 name=User_49_99
2025/11/08 14:46:51 INFO session updated token=dcaf2ab7-b262-4232-beca-f667d3796e49 tableID=0xc0002bcd50 seatIndex=0xc0002ccb20
2025/11/08 14:46:51 INFO session removed token=dcaf2ab7-b262-4232-beca-f667d3796e49
2025/11/08 14:46:51 INFO session updated token=6c4b1c1a-d8b0-435e-bb3f-1d1f04ac5a4e tableID=0xc000335820 seatIndex=0xc00032b810
2025/11/08 14:46:51 INFO session removed token=6c4b1c1a-d8b0-435e-bb3f-1d1f04ac5a4e
2025/11/08 14:46:51 INFO session created token=e4894078-2244-4386-8ed0-f0dd8d8638d3 name=User_57_98
2025/11/08 14:46:51 INFO session updated token=e4894078-2244-4386-8ed0-f0dd8d8638d3 tableID=0xc0002bcdc0 seatIndex=0xc0002ccb90
2025/11/08 14:46:51 INFO session removed token=e4894078-2244-4386-8ed0-f0dd8d8638d3
2025/11/08 14:46:51 INFO session created token=1fab11cd-dc97-4c6d-8a91-c9a83b7d3737 name=User_57_99
2025/11/08 14:46:51 INFO session updated token=1fab11cd-dc97-4c6d-8a91-c9a83b7d3737 tableID=0xc0002bce10 seatIndex=0xc0002ccbe0
2025/11/08 14:46:51 INFO session removed token=1fab11cd-dc97-4c6d-8a91-c9a83b7d3737
2025/11/08 14:46:51 INFO session updated token=078d48a0-16e3-437e-adff-4765ebb94f20 tableID=0xc0002fd4f0 seatIndex=0xc0002f98b0
2025/11/08 14:46:51 INFO session removed token=078d48a0-16e3-437e-adff-4765ebb94f20
2025/11/08 14:46:51 INFO session created token=1b6a5202-32df-43ff-88a5-1b650ce3905b name=User_20_60
2025/11/08 14:46:51 INFO session updated token=1b6a5202-32df-43ff-88a5-1b650ce3905b tableID=0xc0002bce80 seatIndex=0xc0002ccc50
2025/11/08 14:46:51 INFO session removed token=1b6a5202-32df-43ff-88a5-1b650ce3905b
2025/11/08 14:46:51 INFO session created token=8c26e1dd-00be-4c8f-8572-b68d4a692d0f name=User_20_61
2025/11/08 14:46:51 INFO session updated token=8c26e1dd-00be-4c8f-8572-b68d4a692d0f tableID=0xc0002bced0 seatIndex=0xc0002ccca0
2025/11/08 14:46:51 INFO session removed token=8c26e1dd-00be-4c8f-8572-b68d4a692d0f
2025/11/08 14:46:51 INFO session created token=68661b28-e38c-4808-9712-a2b2fa5cd0b9 name=User_20_62
2025/11/08 14:46:51 INFO session updated token=68661b28-e38c-4808-9712-a2b2fa5cd0b9 tableID=0xc0002bcf20 seatIndex=0xc0002cccf0
2025/11/08 14:46:51 INFO session removed token=68661b28-e38c-4808-9712-a2b2fa5cd0b9
2025/11/08 14:46:51 INFO session created token=f3e7544b-8b4e-489d-b498-7b2417eb375e name=User_20_63
2025/11/08 14:46:51 INFO session updated token=f3e7544b-8b4e-489d-b498-7b2417eb375e tableID=0xc0002bcf70 seatIndex=0xc0002ccd40
2025/11/08 14:46:51 INFO session removed token=f3e7544b-8b4e-489d-b498-7b2417eb375e
2025/11/08 14:46:51 INFO session created token=9fa8c734-a2e6-463c-a92f-398bf49d720f name=User_20_64
2025/11/08 14:46:51 INFO session updated token=9fa8c734-a2e6-463c-a92f-398bf49d720f tableID=0xc0002bcfc0 seatIndex=0xc0002ccd90
2025/11/08 14:46:51 INFO session removed token=9fa8c734-a2e6-463c-a92f-398bf49d720f
2025/11/08 14:46:51 INFO session created token=ec0c2f42-c5ad-4755-b9cc-cd88f10bccc3 name=User_20_65
2025/11/08 14:46:51 INFO session updated token=ec0c2f42-c5ad-4755-b9cc-cd88f10bccc3 tableID=0xc0002bd010 seatIndex=0xc0002ccde0
2025/11/08 14:46:51 INFO session removed token=ec0c2f42-c5ad-4755-b9cc-cd88f10bccc3
2025/11/08 14:46:51 INFO session created token=f941456c-cde0-4cc7-ac45-08b61dd09683 name=User_20_66
2025/11/08 14:46:51 INFO session updated token=f941456c-cde0-4cc7-ac45-08b61dd09683 tableID=0xc0002bd060 seatIndex=0xc0002cce30
2025/11/08 14:46:51 INFO session removed token=f941456c-cde0-4cc7-ac45-08b61dd09683
2025/11/08 14:46:51 INFO session created token=b6ee294c-ecd4-4313-9fbd-ea46eaa67178 name=User_20_67
2025/11/08 14:46:51 INFO session updated token=b6ee294c-ecd4-4313-9fbd-ea46eaa67178 tableID=0xc0002bd0b0 seatIndex=0xc0002cce80
2025/11/08 14:46:51 INFO session removed token=b6ee294c-ecd4-4313-9fbd-ea46eaa67178
2025/11/08 14:46:51 INFO session created token=ade10843-2b02-4d27-967a-127a914cefe5 name=User_20_68
2025/11/08 14:46:51 INFO session updated token=ade10843-2b02-4d27-967a-127a914cefe5 tableID=0xc0002bd100 seatIndex=0xc0002cced0
2025/11/08 14:46:51 INFO session removed token=ade10843-2b02-4d27-967a-127a914cefe5
2025/11/08 14:46:51 INFO session created token=add8aeff-5194-480a-84b4-e0960f60d1c8 name=User_20_69
2025/11/08 14:46:51 INFO session updated token=add8aeff-5194-480a-84b4-e0960f60d1c8 tableID=0xc0002bd150 seatIndex=0xc0002ccf20
2025/11/08 14:46:51 INFO session removed token=add8aeff-5194-480a-84b4-e0960f60d1c8
2025/11/08 14:46:51 INFO session created token=79ef2a05-b7a4-468f-bc28-f5b324674a56 name=User_20_70
2025/11/08 14:46:51 INFO session updated token=79ef2a05-b7a4-468f-bc28-f5b324674a56 tableID=0xc0002bd1a0 seatIndex=0xc0002ccf70
2025/11/08 14:46:51 INFO session removed token=79ef2a05-b7a4-468f-bc28-f5b324674a56
2025/11/08 14:46:51 INFO session created token=1538c064-f3e7-4405-9a0e-9f8ad192170d name=User_20_71
2025/11/08 14:46:51 INFO session updated token=1538c064-f3e7-4405-9a0e-9f8ad192170d tableID=0xc0002bd1f0 seatIndex=0xc0002ccfc0
2025/11/08 14:46:51 INFO session removed token=1538c064-f3e7-4405-9a0e-9f8ad192170d
2025/11/08 14:46:51 INFO session created token=0f6d8586-2421-41f5-981a-cefbbb3cff14 name=User_20_72
2025/11/08 14:46:51 INFO session updated token=0f6d8586-2421-41f5-981a-cefbbb3cff14 tableID=0xc0002bd240 seatIndex=0xc0002cd010
2025/11/08 14:46:51 INFO session removed token=0f6d8586-2421-41f5-981a-cefbbb3cff14
2025/11/08 14:46:51 INFO session created token=ae492924-e732-408a-af78-a72e203726dc name=User_20_73
2025/11/08 14:46:51 INFO session updated token=ae492924-e732-408a-af78-a72e203726dc tableID=0xc0002bd290 seatIndex=0xc0002cd060
2025/11/08 14:46:51 INFO session removed token=ae492924-e732-408a-af78-a72e203726dc
2025/11/08 14:46:51 INFO session created token=32b1b0a6-aa7f-4cff-8bb0-4e02e93a23df name=User_20_74
2025/11/08 14:46:51 INFO session updated token=32b1b0a6-aa7f-4cff-8bb0-4e02e93a23df tableID=0xc0002bd2e0 seatIndex=0xc0002cd0b0
2025/11/08 14:46:51 INFO session removed token=32b1b0a6-aa7f-4cff-8bb0-4e02e93a23df
2025/11/08 14:46:51 INFO session created token=b87aef41-b0ea-4f5a-82b1-a02f01e6f06a name=User_20_75
2025/11/08 14:46:51 INFO session updated token=b87aef41-b0ea-4f5a-82b1-a02f01e6f06a tableID=0xc0002bd330 seatIndex=0xc0002cd100
2025/11/08 14:46:51 INFO session removed token=b87aef41-b0ea-4f5a-82b1-a02f01e6f06a
2025/11/08 14:46:51 INFO session created token=62d0223e-e3d5-415c-b50a-0bb284a30670 name=User_20_76
2025/11/08 14:46:51 INFO session updated token=62d0223e-e3d5-415c-b50a-0bb284a30670 tableID=0xc0002bd380 seatIndex=0xc0002cd150
2025/11/08 14:46:51 INFO session removed token=62d0223e-e3d5-415c-b50a-0bb284a30670
2025/11/08 14:46:51 INFO session created token=1d2084eb-edd8-4143-8480-d8a01ed6cc65 name=User_20_77
2025/11/08 14:46:51 INFO session updated token=1d2084eb-edd8-4143-8480-d8a01ed6cc65 tableID=0xc0002bd3d0 seatIndex=0xc0002cd1a0
2025/11/08 14:46:51 INFO session removed token=1d2084eb-edd8-4143-8480-d8a01ed6cc65
2025/11/08 14:46:51 INFO session created token=c7164d11-ced2-4110-bad4-0fd89c16e584 name=User_20_78
2025/11/08 14:46:51 INFO session updated token=c7164d11-ced2-4110-bad4-0fd89c16e584 tableID=0xc0002bd420 seatIndex=0xc0002cd1f0
2025/11/08 14:46:51 INFO session removed token=c7164d11-ced2-4110-bad4-0fd89c16e584
2025/11/08 14:46:51 INFO session created token=4d33e35f-e69c-40a3-a813-d47273a39ce3 name=User_20_79
2025/11/08 14:46:51 INFO session updated token=4d33e35f-e69c-40a3-a813-d47273a39ce3 tableID=0xc0002bd470 seatIndex=0xc0002cd240
2025/11/08 14:46:51 INFO session removed token=4d33e35f-e69c-40a3-a813-d47273a39ce3
2025/11/08 14:46:51 INFO session created token=2e46541b-643c-497d-8628-4e52d574f620 name=User_20_80
2025/11/08 14:46:51 INFO session updated token=2e46541b-643c-497d-8628-4e52d574f620 tableID=0xc0002bd4c0 seatIndex=0xc0002cd290
2025/11/08 14:46:51 INFO session removed token=2e46541b-643c-497d-8628-4e52d574f620
2025/11/08 14:46:51 INFO session created token=eafe7ea3-3b40-4958-bed2-93558f3cd6fa name=User_20_81
2025/11/08 14:46:51 INFO session updated token=eafe7ea3-3b40-4958-bed2-93558f3cd6fa tableID=0xc0002bd510 seatIndex=0xc0002cd2e0
2025/11/08 14:46:51 INFO session removed token=eafe7ea3-3b40-4958-bed2-93558f3cd6fa
2025/11/08 14:46:51 INFO session created token=93456118-dedb-4663-af5e-5d76df7a8e35 name=User_20_82
2025/11/08 14:46:51 INFO session updated token=93456118-dedb-4663-af5e-5d76df7a8e35 tableID=0xc0002bd560 seatIndex=0xc0002cd330
2025/11/08 14:46:51 INFO session removed token=93456118-dedb-4663-af5e-5d76df7a8e35
2025/11/08 14:46:51 INFO session created token=86adb4cc-03e8-48b4-9edc-f848d2b7eac4 name=User_20_83
2025/11/08 14:46:51 INFO session updated token=86adb4cc-03e8-48b4-9edc-f848d2b7eac4 tableID=0xc0002bd5b0 seatIndex=0xc0002cd380
2025/11/08 14:46:51 INFO session removed token=86adb4cc-03e8-48b4-9edc-f848d2b7eac4
2025/11/08 14:46:51 INFO session created token=fe274719-9d40-4e7d-bfa6-4870b2246abe name=User_20_84
2025/11/08 14:46:51 INFO session updated token=fe274719-9d40-4e7d-bfa6-4870b2246abe tableID=0xc0002bd600 seatIndex=0xc0002cd3d0
2025/11/08 14:46:51 INFO session removed token=fe274719-9d40-4e7d-bfa6-4870b2246abe
2025/11/08 14:46:51 INFO session created token=dc531c54-b685-492f-a5df-8aa3ee5527fa name=User_20_85
2025/11/08 14:46:51 INFO session updated token=dc531c54-b685-492f-a5df-8aa3ee5527fa tableID=0xc0002bd650 seatIndex=0xc0002cd420
2025/11/08 14:46:51 INFO session removed token=dc531c54-b685-492f-a5df-8aa3ee5527fa
2025/11/08 14:46:51 INFO session created token=baf76009-90bb-4372-a6e6-574aabefedf1 name=User_20_86
2025/11/08 14:46:51 INFO session updated token=baf76009-90bb-4372-a6e6-574aabefedf1 tableID=0xc0002bd6a0 seatIndex=0xc0002cd470
2025/11/08 14:46:51 INFO session removed token=baf76009-90bb-4372-a6e6-574aabefedf1
2025/11/08 14:46:51 INFO session created token=4d78a927-897a-40d7-8b55-8271dbaab014 name=User_20_87
2025/11/08 14:46:51 INFO session updated token=4d78a927-897a-40d7-8b55-8271dbaab014 tableID=0xc0002bd6f0 seatIndex=0xc0002cd4c0
2025/11/08 14:46:51 INFO session removed token=4d78a927-897a-40d7-8b55-8271dbaab014
2025/11/08 14:46:51 INFO session created token=9c7e20e3-2d22-4e70-8ee2-69a7145f4c7b name=User_20_88
2025/11/08 14:46:51 INFO session updated token=9c7e20e3-2d22-4e70-8ee2-69a7145f4c7b tableID=0xc0002bd740 seatIndex=0xc0002cd510
2025/11/08 14:46:51 INFO session removed token=9c7e20e3-2d22-4e70-8ee2-69a7145f4c7b
2025/11/08 14:46:51 INFO session created token=d185fecc-32dd-4829-8415-75a6709472a8 name=User_20_89
2025/11/08 14:46:51 INFO session updated token=d185fecc-32dd-4829-8415-75a6709472a8 tableID=0xc0002bd790 seatIndex=0xc0002cd560
2025/11/08 14:46:51 INFO session removed token=d185fecc-32dd-4829-8415-75a6709472a8
2025/11/08 14:46:51 INFO session created token=8db9c3b3-ddbb-4f0f-9291-220d24cf9f4f name=User_20_90
2025/11/08 14:46:51 INFO session updated token=8db9c3b3-ddbb-4f0f-9291-220d24cf9f4f tableID=0xc0002bd7e0 seatIndex=0xc0002cd5b0
2025/11/08 14:46:51 INFO session removed token=8db9c3b3-ddbb-4f0f-9291-220d24cf9f4f
2025/11/08 14:46:51 INFO session created token=6c3c92cc-678a-4c5f-ae91-53212807f551 name=User_20_91
2025/11/08 14:46:51 INFO session updated token=6c3c92cc-678a-4c5f-ae91-53212807f551 tableID=0xc0002bd830 seatIndex=0xc0002cd600
2025/11/08 14:46:51 INFO session removed token=6c3c92cc-678a-4c5f-ae91-53212807f551
2025/11/08 14:46:51 INFO session created token=8f9b0b6f-b440-4c5b-9a73-0a7e5e5fefd0 name=User_20_92
2025/11/08 14:46:51 INFO session updated token=8f9b0b6f-b440-4c5b-9a73-0a7e5e5fefd0 tableID=0xc0002bd880 seatIndex=0xc0002cd650
2025/11/08 14:46:51 INFO session removed token=8f9b0b6f-b440-4c5b-9a73-0a7e5e5fefd0
2025/11/08 14:46:51 INFO session created token=7aa5d061-8b17-47a2-95ba-5957a2af91ba name=User_20_93
2025/11/08 14:46:51 INFO session updated token=7aa5d061-8b17-47a2-95ba-5957a2af91ba tableID=0xc0002bd8d0 seatIndex=0xc0002cd6a0
2025/11/08 14:46:51 INFO session removed token=7aa5d061-8b17-47a2-95ba-5957a2af91ba
2025/11/08 14:46:51 INFO session created token=4f837960-a397-4955-898f-d9f96811a1ae name=User_20_94
2025/11/08 14:46:51 INFO session updated token=4f837960-a397-4955-898f-d9f96811a1ae tableID=0xc0002bd920 seatIndex=0xc0002cd6f0
2025/11/08 14:46:51 INFO session removed token=4f837960-a397-4955-898f-d9f96811a1ae
2025/11/08 14:46:51 INFO session created token=1eef0d2a-54dd-4f07-8072-222fb602102d name=User_20_95
2025/11/08 14:46:51 INFO session updated token=1eef0d2a-54dd-4f07-8072-222fb602102d tableID=0xc0002bd970 seatIndex=0xc0002cd740
2025/11/08 14:46:51 INFO session removed token=1eef0d2a-54dd-4f07-8072-222fb602102d
2025/11/08 14:46:51 INFO session created token=9f188e7e-d1c5-4401-b344-e29e6c29e5e9 name=User_20_96
2025/11/08 14:46:51 INFO session updated token=9f188e7e-d1c5-4401-b344-e29e6c29e5e9 tableID=0xc0002bd9c0 seatIndex=0xc0002cd790
2025/11/08 14:46:51 INFO session removed token=9f188e7e-d1c5-4401-b344-e29e6c29e5e9
2025/11/08 14:46:51 INFO session created token=bf3a34b6-e59b-45b3-8b43-98577fa86d93 name=User_20_97
2025/11/08 14:46:51 INFO session updated token=bf3a34b6-e59b-45b3-8b43-98577fa86d93 tableID=0xc0002bda10 seatIndex=0xc0002cd7e0
2025/11/08 14:46:51 INFO session removed token=bf3a34b6-e59b-45b3-8b43-98577fa86d93
2025/11/08 14:46:51 INFO session created token=d05cf9a5-86a7-4303-9595-e3220dc06400 name=User_20_98
2025/11/08 14:46:51 INFO session updated token=d05cf9a5-86a7-4303-9595-e3220dc06400 tableID=0xc0002bda60 seatIndex=0xc0002cd830
2025/11/08 14:46:51 INFO session removed token=d05cf9a5-86a7-4303-9595-e3220dc06400
2025/11/08 14:46:51 INFO session created token=4c33ff28-b225-4ab9-b633-e9003a0d6658 name=User_20_99
2025/11/08 14:46:51 INFO session updated token=4c33ff28-b225-4ab9-b633-e9003a0d6658 tableID=0xc0002bdab0 seatIndex=0xc0002cd880
2025/11/08 14:46:51 INFO session removed token=4c33ff28-b225-4ab9-b633-e9003a0d6658
2025/11/08 14:46:51 INFO session updated token=f39d35f4-3471-48c4-b446-36024377c423 tableID=0xc000408b70 seatIndex=0xc00040aa50
2025/11/08 14:46:51 INFO session removed token=f39d35f4-3471-48c4-b446-36024377c423
2025/11/08 14:46:51 INFO session created token=9cf671db-e2eb-4c9d-bab6-c6e4c148dc1d name=User_6_34
2025/11/08 14:46:51 INFO session updated token=9cf671db-e2eb-4c9d-bab6-c6e4c148dc1d tableID=0xc0002bdb20 seatIndex=0xc0002cd8f0
2025/11/08 14:46:51 INFO session removed token=9cf671db-e2eb-4c9d-bab6-c6e4c148dc1d
2025/11/08 14:46:51 INFO session created token=db5586ef-f8c2-4951-9970-25977e64049e name=User_6_35
2025/11/08 14:46:51 INFO session updated token=db5586ef-f8c2-4951-9970-25977e64049e tableID=0xc0002bdb70 seatIndex=0xc0002cd940
2025/11/08 14:46:51 INFO session removed token=db5586ef-f8c2-4951-9970-25977e64049e
2025/11/08 14:46:51 INFO session created token=6bb77af2-74c0-42b3-b8b8-f5ddec375b90 name=User_6_36
2025/11/08 14:46:51 INFO session updated token=6bb77af2-74c0-42b3-b8b8-f5ddec375b90 tableID=0xc0002bdbc0 seatIndex=0xc0002cd990
2025/11/08 14:46:51 INFO session removed token=6bb77af2-74c0-42b3-b8b8-f5ddec375b90
2025/11/08 14:46:51 INFO session created token=76369a41-b508-41fe-861b-0e8c4d0d8021 name=User_6_37
2025/11/08 14:46:51 INFO session updated token=76369a41-b508-41fe-861b-0e8c4d0d8021 tableID=0xc0002bdc10 seatIndex=0xc0002cd9e0
2025/11/08 14:46:51 INFO session removed token=76369a41-b508-41fe-861b-0e8c4d0d8021
2025/11/08 14:46:51 INFO session created token=b14163e2-dcc1-4b9b-88fa-564d9fd0629b name=User_6_38
2025/11/08 14:46:51 INFO session updated token=b14163e2-dcc1-4b9b-88fa-564d9fd0629b tableID=0xc0002bdc60 seatIndex=0xc0002cda30
2025/11/08 14:46:51 INFO session removed token=b14163e2-dcc1-4b9b-88fa-564d9fd0629b
2025/11/08 14:46:51 INFO session created token=56d74e1c-1cd1-4ffa-af8d-68ca27b8a120 name=User_6_39
2025/11/08 14:46:51 INFO session updated token=56d74e1c-1cd1-4ffa-af8d-68ca27b8a120 tableID=0xc0002bdcb0 seatIndex=0xc0002cda80
2025/11/08 14:46:51 INFO session removed token=56d74e1c-1cd1-4ffa-af8d-68ca27b8a120
2025/11/08 14:46:51 INFO session created token=28f27a42-0a95-4cc2-9477-9eeb6bfc9cbc name=User_6_40
2025/11/08 14:46:51 INFO session updated token=28f27a42-0a95-4cc2-9477-9eeb6bfc9cbc tableID=0xc0002bdd00 seatIndex=0xc0002cdad0
2025/11/08 14:46:51 INFO session removed token=28f27a42-0a95-4cc2-9477-9eeb6bfc9cbc
2025/11/08 14:46:51 INFO session created token=c94ac1bb-45d9-4eea-a047-c409023bb2e0 name=User_6_41
2025/11/08 14:46:51 INFO session updated token=c94ac1bb-45d9-4eea-a047-c409023bb2e0 tableID=0xc0002bdd50 seatIndex=0xc0002cdb20
2025/11/08 14:46:51 INFO session removed token=c94ac1bb-45d9-4eea-a047-c409023bb2e0
2025/11/08 14:46:51 INFO session created token=7aaedfb8-6562-4e52-a635-b0464315a23f name=User_6_42
2025/11/08 14:46:51 INFO session updated token=7aaedfb8-6562-4e52-a635-b0464315a23f tableID=0xc0002bdda0 seatIndex=0xc0002cdb70
2025/11/08 14:46:51 INFO session removed token=7aaedfb8-6562-4e52-a635-b0464315a23f
2025/11/08 14:46:51 INFO session created token=f36a85cc-6dfb-46c5-8f7e-5bdb518a08bc name=User_6_43
2025/11/08 14:46:51 INFO session updated token=f36a85cc-6dfb-46c5-8f7e-5bdb518a08bc tableID=0xc0002bddf0 seatIndex=0xc0002cdbc0
2025/11/08 14:46:51 INFO session removed token=f36a85cc-6dfb-46c5-8f7e-5bdb518a08bc
2025/11/08 14:46:51 INFO session created token=99215f4f-40de-4f7c-be87-bbb5eff31d90 name=User_6_44
2025/11/08 14:46:51 INFO session updated token=99215f4f-40de-4f7c-be87-bbb5eff31d90 tableID=0xc0002bde40 seatIndex=0xc0002cdc10
2025/11/08 14:46:51 INFO session removed token=99215f4f-40de-4f7c-be87-bbb5eff31d90
2025/11/08 14:46:51 INFO session created token=e8f09521-51c6-4054-8569-ab41f728346f name=User_6_45
2025/11/08 14:46:51 INFO session updated token=e8f09521-51c6-4054-8569-ab41f728346f tableID=0xc0002bde90 seatIndex=0xc0002cdc60
2025/11/08 14:46:51 INFO session removed token=e8f09521-51c6-4054-8569-ab41f728346f
2025/11/08 14:46:51 INFO session created token=25fb7a82-7269-422c-a3cb-7857554d7409 name=User_6_46
2025/11/08 14:46:51 INFO session updated token=25fb7a82-7269-422c-a3cb-7857554d7409 tableID=0xc0002bdee0 seatIndex=0xc0002cdcb0
2025/11/08 14:46:51 INFO session removed token=25fb7a82-7269-422c-a3cb-7857554d7409
2025/11/08 14:46:51 INFO session created token=56cc1e43-bea6-4bb6-93f8-6f4637bf3ab7 name=User_6_47
2025/11/08 14:46:51 INFO session updated token=56cc1e43-bea6-4bb6-93f8-6f4637bf3ab7 tableID=0xc0002bdf30 seatIndex=0xc0002cdd00
2025/11/08 14:46:51 INFO session removed token=56cc1e43-bea6-4bb6-93f8-6f4637bf3ab7
2025/11/08 14:46:51 INFO session created token=2a1e2740-caec-41c0-b505-65f5e7db02ab name=User_6_48
2025/11/08 14:46:51 INFO session updated token=2a1e2740-caec-41c0-b505-65f5e7db02ab tableID=0xc0002d0000 seatIndex=0xc0002cdd50
2025/11/08 14:46:51 INFO session removed token=2a1e2740-caec-41c0-b505-65f5e7db02ab
2025/11/08 14:46:51 INFO session created token=95a8bce5-1996-4627-af65-367210bb10b0 name=User_6_49
2025/11/08 14:46:51 INFO session updated token=95a8bce5-1996-4627-af65-367210bb10b0 tableID=0xc0002d0050 seatIndex=0xc0002cdda0
2025/11/08 14:46:51 INFO session removed token=95a8bce5-1996-4627-af65-367210bb10b0
2025/11/08 14:46:51 INFO session created token=ccf14797-0e50-48c7-8773-44f813ebacd8 name=User_6_50
2025/11/08 14:46:51 INFO session updated token=ccf14797-0e50-48c7-8773-44f813ebacd8 tableID=0xc0002d00a0 seatIndex=0xc0002cddf0
2025/11/08 14:46:51 INFO session removed token=ccf14797-0e50-48c7-8773-44f813ebacd8
2025/11/08 14:46:51 INFO session created token=1cfedeb0-7b54-4ef6-9f21-5b8d5cc5ac7f name=User_6_51
2025/11/08 14:46:51 INFO session updated token=1cfedeb0-7b54-4ef6-9f21-5b8d5cc5ac7f tableID=0xc0002d00f0 seatIndex=0xc0002cde40
2025/11/08 14:46:51 INFO session removed token=1cfedeb0-7b54-4ef6-9f21-5b8d5cc5ac7f
2025/11/08 14:46:51 INFO session created token=51ae8229-ea34-41bb-96de-12d8c40ccaca name=User_6_52
2025/11/08 14:46:51 INFO session updated token=51ae8229-ea34-41bb-96de-12d8c40ccaca tableID=0xc0002d0140 seatIndex=0xc0002cde90
2025/11/08 14:46:51 INFO session removed token=51ae8229-ea34-41bb-96de-12d8c40ccaca
2025/11/08 14:46:51 INFO session created token=af62040b-b5d7-477a-ab38-893183f49c53 name=User_6_53
2025/11/08 14:46:51 INFO session updated token=af62040b-b5d7-477a-ab38-893183f49c53 tableID=0xc0002d0190 seatIndex=0xc0002cdee0
2025/11/08 14:46:51 INFO session removed token=af62040b-b5d7-477a-ab38-893183f49c53
2025/11/08 14:46:51 INFO session created token=0fefa676-08dc-438c-9cde-a66f7c262b89 name=User_6_54
2025/11/08 14:46:51 INFO session updated token=0fefa676-08dc-438c-9cde-a66f7c262b89 tableID=0xc0002d01e0 seatIndex=0xc0002cdf30
2025/11/08 14:46:51 INFO session removed token=0fefa676-08dc-438c-9cde-a66f7c262b89
2025/11/08 14:46:51 INFO session created token=e77b6f12-b699-4b5f-8db7-8de1c9a253e9 name=User_6_55
2025/11/08 14:46:51 INFO session updated token=e77b6f12-b699-4b5f-8db7-8de1c9a253e9 tableID=0xc0002d0230 seatIndex=0xc0002cdf80
2025/11/08 14:46:51 INFO session removed token=e77b6f12-b699-4b5f-8db7-8de1c9a253e9
2025/11/08 14:46:51 INFO session created token=daaca2f0-8425-4f8a-9ff7-040b9c36e3e1 name=User_6_56
2025/11/08 14:46:51 INFO session updated token=daaca2f0-8425-4f8a-9ff7-040b9c36e3e1 tableID=0xc0002d0280 seatIndex=0xc0002cdfd0
2025/11/08 14:46:51 INFO session removed token=daaca2f0-8425-4f8a-9ff7-040b9c36e3e1
2025/11/08 14:46:51 INFO session created token=1f6a370e-2d6e-4248-af28-1c78cc667f96 name=User_6_57
2025/11/08 14:46:51 INFO session updated token=1f6a370e-2d6e-4248-af28-1c78cc667f96 tableID=0xc0002d02d0 seatIndex=0xc0002d4020
2025/11/08 14:46:51 INFO session removed token=1f6a370e-2d6e-4248-af28-1c78cc667f96
2025/11/08 14:46:51 INFO session created token=f58c919c-078d-49c4-9518-427a4929e3e4 name=User_6_58
2025/11/08 14:46:51 INFO session updated token=f58c919c-078d-49c4-9518-427a4929e3e4 tableID=0xc0002d0320 seatIndex=0xc0002d4070
2025/11/08 14:46:51 INFO session removed token=f58c919c-078d-49c4-9518-427a4929e3e4
2025/11/08 14:46:51 INFO session created token=5d9ea534-3f09-4fef-a511-14d8c1091f00 name=User_6_59
2025/11/08 14:46:51 INFO session updated token=5d9ea534-3f09-4fef-a511-14d8c1091f00 tableID=0xc0002d0370 seatIndex=0xc0002d40c0
2025/11/08 14:46:51 INFO session removed token=5d9ea534-3f09-4fef-a511-14d8c1091f00
2025/11/08 14:46:51 INFO session created token=d97ba20a-de17-4930-a906-605a786aa91f name=User_6_60
2025/11/08 14:46:51 INFO session updated token=d97ba20a-de17-4930-a906-605a786aa91f tableID=0xc0002d03c0 seatIndex=0xc0002d4110
2025/11/08 14:46:51 INFO session removed token=d97ba20a-de17-4930-a906-605a786aa91f
2025/11/08 14:46:51 INFO session created token=f25b8adb-7a69-484a-b306-9bd534a19b15 name=User_6_61
2025/11/08 14:46:51 INFO session updated token=f25b8adb-7a69-484a-b306-9bd534a19b15 tableID=0xc0002d0410 seatIndex=0xc0002d4160
2025/11/08 14:46:51 INFO session removed token=f25b8adb-7a69-484a-b306-9bd534a19b15
2025/11/08 14:46:51 INFO session created token=104743a5-601e-4a7e-b4b1-fecd8faef2c1 name=User_6_62
2025/11/08 14:46:51 INFO session updated token=104743a5-601e-4a7e-b4b1-fecd8faef2c1 tableID=0xc0002d0460 seatIndex=0xc0002d41b0
2025/11/08 14:46:51 INFO session removed token=104743a5-601e-4a7e-b4b1-fecd8faef2c1
2025/11/08 14:46:51 INFO session created token=19618532-39ef-4f14-8f76-9e6ddd6c4819 name=User_6_63
2025/11/08 14:46:51 INFO session updated token=19618532-39ef-4f14-8f76-9e6ddd6c4819 tableID=0xc0002d04b0 seatIndex=0xc0002d4200
2025/11/08 14:46:51 INFO session removed token=19618532-39ef-4f14-8f76-9e6ddd6c4819
2025/11/08 14:46:51 INFO session created token=69d70838-158d-4b66-b19d-a210df07f828 name=User_6_64
2025/11/08 14:46:51 INFO session updated token=69d70838-158d-4b66-b19d-a210df07f828 tableID=0xc0002d0500 seatIndex=0xc0002d4250
2025/11/08 14:46:51 INFO session removed token=69d70838-158d-4b66-b19d-a210df07f828
2025/11/08 14:46:51 INFO session created token=77eba763-9379-4957-b592-13fc5e88b0b9 name=User_6_65
2025/11/08 14:46:51 INFO session updated token=77eba763-9379-4957-b592-13fc5e88b0b9 tableID=0xc0002d0550 seatIndex=0xc0002d42a0
2025/11/08 14:46:51 INFO session removed token=77eba763-9379-4957-b592-13fc5e88b0b9
2025/11/08 14:46:51 INFO session created token=ad083c7f-baf6-42de-a62d-d776eca558eb name=User_6_66
2025/11/08 14:46:51 INFO session updated token=ad083c7f-baf6-42de-a62d-d776eca558eb tableID=0xc0002d05a0 seatIndex=0xc0002d42f0
2025/11/08 14:46:51 INFO session removed token=ad083c7f-baf6-42de-a62d-d776eca558eb
2025/11/08 14:46:51 INFO session created token=d2e671ab-b983-47c8-9294-8322a7421a7b name=User_6_67
2025/11/08 14:46:51 INFO session updated token=d2e671ab-b983-47c8-9294-8322a7421a7b tableID=0xc0002d05f0 seatIndex=0xc0002d4340
2025/11/08 14:46:51 INFO session removed token=d2e671ab-b983-47c8-9294-8322a7421a7b
2025/11/08 14:46:51 INFO session created token=0d779f4d-832a-43a5-ba78-47f4e432e2bf name=User_6_68
2025/11/08 14:46:51 INFO session updated token=0d779f4d-832a-43a5-ba78-47f4e432e2bf tableID=0xc0002d0640 seatIndex=0xc0002d4390
2025/11/08 14:46:51 INFO session removed token=0d779f4d-832a-43a5-ba78-47f4e432e2bf
2025/11/08 14:46:51 INFO session created token=4112bb5f-8289-4c17-9600-7953cf182af4 name=User_6_69
2025/11/08 14:46:51 INFO session updated token=4112bb5f-8289-4c17-9600-7953cf182af4 tableID=0xc0002d0690 seatIndex=0xc0002d43e0
2025/11/08 14:46:51 INFO session removed token=4112bb5f-8289-4c17-9600-7953cf182af4
2025/11/08 14:46:51 INFO session created token=fa1663ec-77f8-4c36-888d-a47c6006a8aa name=User_6_70
2025/11/08 14:46:51 INFO session updated token=fa1663ec-77f8-4c36-888d-a47c6006a8aa tableID=0xc0002d06e0 seatIndex=0xc0002d4430
2025/11/08 14:46:51 INFO session removed token=fa1663ec-77f8-4c36-888d-a47c6006a8aa
2025/11/08 14:46:51 INFO session created token=a9b82a65-c608-4dd8-a9d1-8361ccb3c0e4 name=User_6_71
2025/11/08 14:46:51 INFO session updated token=a9b82a65-c608-4dd8-a9d1-8361ccb3c0e4 tableID=0xc0002d0730 seatIndex=0xc0002d4480
2025/11/08 14:46:51 INFO session removed token=a9b82a65-c608-4dd8-a9d1-8361ccb3c0e4
2025/11/08 14:46:51 INFO session created token=df9cb37a-85f1-4e4d-bc4a-7b6837b33abe name=User_6_72
2025/11/08 14:46:51 INFO session updated token=df9cb37a-85f1-4e4d-bc4a-7b6837b33abe tableID=0xc0002d0780 seatIndex=0xc0002d44d0
2025/11/08 14:46:51 INFO session removed token=df9cb37a-85f1-4e4d-bc4a-7b6837b33abe
2025/11/08 14:46:51 INFO session created token=6edc632d-2e3d-445c-a63f-5ef2a6ecd72e name=User_6_73
2025/11/08 14:46:51 INFO session updated token=6edc632d-2e3d-445c-a63f-5ef2a6ecd72e tableID=0xc0002d07d0 seatIndex=0xc0002d4520
2025/11/08 14:46:51 INFO session removed token=6edc632d-2e3d-445c-a63f-5ef2a6ecd72e
2025/11/08 14:46:51 INFO session created token=d5ed71cd-c514-45ac-9d93-18fcf7ca5a1d name=User_6_74
2025/11/08 14:46:51 INFO session updated token=d5ed71cd-c514-45ac-9d93-18fcf7ca5a1d tableID=0xc0002d0820 seatIndex=0xc0002d4570
2025/11/08 14:46:51 INFO session removed token=d5ed71cd-c514-45ac-9d93-18fcf7ca5a1d
2025/11/08 14:46:51 INFO session created token=a45da266-3e44-427f-bdab-429c4b8d69b3 name=User_6_75
2025/11/08 14:46:51 INFO session updated token=a45da266-3e44-427f-bdab-429c4b8d69b3 tableID=0xc0002d0870 seatIndex=0xc0002d45c0
2025/11/08 14:46:51 INFO session removed token=a45da266-3e44-427f-bdab-429c4b8d69b3
2025/11/08 14:46:51 INFO session created token=7c8527e6-5813-4b25-9724-bc342ecfacd9 name=User_6_76
2025/11/08 14:46:51 INFO session updated token=7c8527e6-5813-4b25-9724-bc342ecfacd9 tableID=0xc0002d08c0 seatIndex=0xc0002d4610
2025/11/08 14:46:51 INFO session removed token=7c8527e6-5813-4b25-9724-bc342ecfacd9
2025/11/08 14:46:51 INFO session created token=b089e0e4-de13-4338-8465-11c4c8e3b4f0 name=User_6_77
2025/11/08 14:46:51 INFO session updated token=b089e0e4-de13-4338-8465-11c4c8e3b4f0 tableID=0xc0002d0910 seatIndex=0xc0002d4660
2025/11/08 14:46:51 INFO session removed token=b089e0e4-de13-4338-8465-11c4c8e3b4f0
2025/11/08 14:46:51 INFO session created token=676a2cba-b9f2-445c-8be6-7d58d946e46b name=User_6_78
2025/11/08 14:46:51 INFO session updated token=676a2cba-b9f2-445c-8be6-7d58d946e46b tableID=0xc0002d0960 seatIndex=0xc0002d46b0
2025/11/08 14:46:51 INFO session removed token=676a2cba-b9f2-445c-8be6-7d58d946e46b
2025/11/08 14:46:51 INFO session created token=2281f0de-660d-4178-95df-f55f38b375dc name=User_6_79
2025/11/08 14:46:51 INFO session updated token=2281f0de-660d-4178-95df-f55f38b375dc tableID=0xc0002d09b0 seatIndex=0xc0002d4700
2025/11/08 14:46:51 INFO session removed token=2281f0de-660d-4178-95df-f55f38b375dc
2025/11/08 14:46:51 INFO session created token=09b5de8f-3251-4db6-9476-cc16bdc6fa90 name=User_6_80
2025/11/08 14:46:51 INFO session updated token=09b5de8f-3251-4db6-9476-cc16bdc6fa90 tableID=0xc0002d0a00 seatIndex=0xc0002d4750
2025/11/08 14:46:51 INFO session removed token=09b5de8f-3251-4db6-9476-cc16bdc6fa90
2025/11/08 14:46:51 INFO session created token=1481e4f0-a439-490b-8fd0-b2db2cfe96a2 name=User_6_81
2025/11/08 14:46:51 INFO session updated token=1481e4f0-a439-490b-8fd0-b2db2cfe96a2 tableID=0xc0002d0a50 seatIndex=0xc0002d47a0
2025/11/08 14:46:51 INFO session removed token=1481e4f0-a439-490b-8fd0-b2db2cfe96a2
2025/11/08 14:46:51 INFO session created token=3a6fd11d-4e2b-460b-b44b-4063e7d06fd2 name=User_6_82
2025/11/08 14:46:51 INFO session updated token=3a6fd11d-4e2b-460b-b44b-4063e7d06fd2 tableID=0xc0002d0aa0 seatIndex=0xc0002d47f0
2025/11/08 14:46:51 INFO session removed token=3a6fd11d-4e2b-460b-b44b-4063e7d06fd2
2025/11/08 14:46:51 INFO session created token=1f45bbef-3fb9-430a-86df-18798267682f name=User_6_83
2025/11/08 14:46:51 INFO session updated token=1f45bbef-3fb9-430a-86df-18798267682f tableID=0xc0002d0af0 seatIndex=0xc0002d4840
2025/11/08 14:46:51 INFO session removed token=1f45bbef-3fb9-430a-86df-18798267682f
2025/11/08 14:46:51 INFO session created token=ef34bbbe-6c43-4d7b-a30d-e1c02d9b55ea name=User_6_84
2025/11/08 14:46:51 INFO session updated token=ef34bbbe-6c43-4d7b-a30d-e1c02d9b55ea tableID=0xc0002d0b40 seatIndex=0xc0002d4890
2025/11/08 14:46:51 INFO session removed token=ef34bbbe-6c43-4d7b-a30d-e1c02d9b55ea
2025/11/08 14:46:51 INFO session created token=30aad225-9200-4b0d-8431-542f1321fa81 name=User_6_85
2025/11/08 14:46:51 INFO session updated token=30aad225-9200-4b0d-8431-542f1321fa81 tableID=0xc0002d0b90 seatIndex=0xc0002d48e0
2025/11/08 14:46:51 INFO session removed token=30aad225-9200-4b0d-8431-542f1321fa81
2025/11/08 14:46:51 INFO session created token=fe7613a3-ec38-41d8-94ce-8d9d9db5cb3d name=User_6_86
2025/11/08 14:46:51 INFO session updated token=fe7613a3-ec38-41d8-94ce-8d9d9db5cb3d tableID=0xc0002d0be0 seatIndex=0xc0002d4930
2025/11/08 14:46:51 INFO session removed token=fe7613a3-ec38-41d8-94ce-8d9d9db5cb3d
2025/11/08 14:46:51 INFO session created token=777032bb-bf93-4aec-91ed-6672c53ccd58 name=User_6_87
2025/11/08 14:46:51 INFO session updated token=777032bb-bf93-4aec-91ed-6672c53ccd58 tableID=0xc0002d0c30 seatIndex=0xc0002d4980
2025/11/08 14:46:51 INFO session removed token=777032bb-bf93-4aec-91ed-6672c53ccd58
2025/11/08 14:46:51 INFO session created token=778c0afd-3c39-4996-a464-eac01563589a name=User_6_88
2025/11/08 14:46:51 INFO session updated token=778c0afd-3c39-4996-a464-eac01563589a tableID=0xc0002d0c80 seatIndex=0xc0002d49d0
2025/11/08 14:46:51 INFO session removed token=778c0afd-3c39-4996-a464-eac01563589a
2025/11/08 14:46:51 INFO session created token=d6376e7f-f4b4-4a1f-96b1-22c342c752b5 name=User_6_89
2025/11/08 14:46:51 INFO session updated token=d6376e7f-f4b4-4a1f-96b1-22c342c752b5 tableID=0xc0002d0cd0 seatIndex=0xc0002d4a20
2025/11/08 14:46:51 INFO session removed token=d6376e7f-f4b4-4a1f-96b1-22c342c752b5
2025/11/08 14:46:51 INFO session created token=2fefbaf9-bdd9-4d16-acc1-a76b32875f9d name=User_6_90
2025/11/08 14:46:51 INFO session updated token=2fefbaf9-bdd9-4d16-acc1-a76b32875f9d tableID=0xc0002d0d20 seatIndex=0xc0002d4a70
2025/11/08 14:46:51 INFO session removed token=2fefbaf9-bdd9-4d16-acc1-a76b32875f9d
2025/11/08 14:46:51 INFO session created token=6a55ecec-2437-4c24-a2fe-988a36868b5f name=User_6_91
2025/11/08 14:46:51 INFO session updated token=6a55ecec-2437-4c24-a2fe-988a36868b5f tableID=0xc0002d0d70 seatIndex=0xc0002d4ac0
2025/11/08 14:46:51 INFO session removed token=6a55ecec-2437-4c24-a2fe-988a36868b5f
2025/11/08 14:46:51 INFO session created token=b54debec-2e5a-4a73-b5ac-bbb5aa9f8805 name=User_6_92
2025/11/08 14:46:51 INFO session updated token=b54debec-2e5a-4a73-b5ac-bbb5aa9f8805 tableID=0xc0002d0dc0 seatIndex=0xc0002d4b10
2025/11/08 14:46:51 INFO session removed token=b54debec-2e5a-4a73-b5ac-bbb5aa9f8805
2025/11/08 14:46:51 INFO session created token=31174723-909e-4f3d-93d0-9c49f25935f3 name=User_6_93
2025/11/08 14:46:51 INFO session updated token=31174723-909e-4f3d-93d0-9c49f25935f3 tableID=0xc0002d0e10 seatIndex=0xc0002d4b60
2025/11/08 14:46:51 INFO session removed token=31174723-909e-4f3d-93d0-9c49f25935f3
2025/11/08 14:46:51 INFO session created token=ba1d7797-d156-433e-9719-c94f7bc073a7 name=User_6_94
2025/11/08 14:46:51 INFO session updated token=ba1d7797-d156-433e-9719-c94f7bc073a7 tableID=0xc0002d0e60 seatIndex=0xc0002d4bb0
2025/11/08 14:46:51 INFO session removed token=ba1d7797-d156-433e-9719-c94f7bc073a7
2025/11/08 14:46:51 INFO session created token=2f666e06-4627-4f6a-91e3-ebf575b4d2dc name=User_6_95
2025/11/08 14:46:51 INFO session updated token=2f666e06-4627-4f6a-91e3-ebf575b4d2dc tableID=0xc0002d0eb0 seatIndex=0xc0002d4c00
2025/11/08 14:46:51 INFO session removed token=2f666e06-4627-4f6a-91e3-ebf575b4d2dc
2025/11/08 14:46:51 INFO session created token=26a2d528-1ab6-438d-80a9-ee650b7351b6 name=User_6_96
2025/11/08 14:46:51 INFO session updated token=26a2d528-1ab6-438d-80a9-ee650b7351b6 tableID=0xc0002d0f00 seatIndex=0xc0002d4c50
2025/11/08 14:46:51 INFO session removed token=26a2d528-1ab6-438d-80a9-ee650b7351b6
2025/11/08 14:46:51 INFO session created token=84608baa-cec6-4a19-a8fe-fc7f6f507df2 name=User_6_97
2025/11/08 14:46:51 INFO session updated token=84608baa-cec6-4a19-a8fe-fc7f6f507df2 tableID=0xc0002d0f50 seatIndex=0xc0002d4ca0
2025/11/08 14:46:51 INFO session removed token=84608baa-cec6-4a19-a8fe-fc7f6f507df2
2025/11/08 14:46:51 INFO session created token=9d11208b-7b83-4450-8e43-532152123689 name=User_6_98
2025/11/08 14:46:51 INFO session updated token=9d11208b-7b83-4450-8e43-532152123689 tableID=0xc0002d0fa0 seatIndex=0xc0002d4cf0
2025/11/08 14:46:51 INFO session removed token=9d11208b-7b83-4450-8e43-532152123689
2025/11/08 14:46:51 INFO session created token=e984a123-1f6a-41dd-8ea2-7081436e030d name=User_6_99
2025/11/08 14:46:51 INFO session updated token=e984a123-1f6a-41dd-8ea2-7081436e030d tableID=0xc0002d0ff0 seatIndex=0xc0002d4d40
2025/11/08 14:46:51 INFO session removed token=e984a123-1f6a-41dd-8ea2-7081436e030d
2025/11/08 14:46:51 INFO session created token=a7bf754c-cc8f-4d02-8ceb-421954bf49eb name=User_34_80
2025/11/08 14:46:51 INFO session updated token=a7bf754c-cc8f-4d02-8ceb-421954bf49eb tableID=0xc0002d1040 seatIndex=0xc0002d4d70
2025/11/08 14:46:51 INFO session removed token=a7bf754c-cc8f-4d02-8ceb-421954bf49eb
2025/11/08 14:46:51 INFO session created token=e2da504a-a640-4945-9853-2c99a715c395 name=User_34_81
2025/11/08 14:46:51 INFO session updated token=e2da504a-a640-4945-9853-2c99a715c395 tableID=0xc0002d1090 seatIndex=0xc0002d4dc0
2025/11/08 14:46:51 INFO session removed token=e2da504a-a640-4945-9853-2c99a715c395
2025/11/08 14:46:51 INFO session created token=a5b70494-eb95-4b07-98f0-d64ca9010e33 name=User_34_82
2025/11/08 14:46:51 INFO session updated token=a5b70494-eb95-4b07-98f0-d64ca9010e33 tableID=0xc0002d10e0 seatIndex=0xc0002d4e10
2025/11/08 14:46:51 INFO session removed token=a5b70494-eb95-4b07-98f0-d64ca9010e33
2025/11/08 14:46:51 INFO session created token=f51af3bc-da18-414d-bf25-43e0629b6455 name=User_34_83
2025/11/08 14:46:51 INFO session updated token=f51af3bc-da18-414d-bf25-43e0629b6455 tableID=0xc0002d1130 seatIndex=0xc0002d4e60
2025/11/08 14:46:51 INFO session removed token=f51af3bc-da18-414d-bf25-43e0629b6455
2025/11/08 14:46:51 INFO session created token=66c254ab-f6e3-4bb0-a5ad-b326f356aa00 name=User_34_84
2025/11/08 14:46:51 INFO session updated token=66c254ab-f6e3-4bb0-a5ad-b326f356aa00 tableID=0xc0002d1180 seatIndex=0xc0002d4eb0
2025/11/08 14:46:51 INFO session removed token=66c254ab-f6e3-4bb0-a5ad-b326f356aa00
2025/11/08 14:46:51 INFO session created token=eb2b053a-3bb2-4648-8fb0-30eb6a9424c4 name=User_34_85
2025/11/08 14:46:51 INFO session updated token=eb2b053a-3bb2-4648-8fb0-30eb6a9424c4 tableID=0xc0002d11d0 seatIndex=0xc0002d4f00
2025/11/08 14:46:51 INFO session removed token=eb2b053a-3bb2-4648-8fb0-30eb6a9424c4
2025/11/08 14:46:51 INFO session created token=e9e5622a-80d1-48a7-860f-2dc0a18fdd49 name=User_34_86
2025/11/08 14:46:51 INFO session updated token=e9e5622a-80d1-48a7-860f-2dc0a18fdd49 tableID=0xc0002d1220 seatIndex=0xc0002d4f50
2025/11/08 14:46:51 INFO session removed token=e9e5622a-80d1-48a7-860f-2dc0a18fdd49
2025/11/08 14:46:51 INFO session created token=0b5b49d0-8156-447f-806b-5e89988429fc name=User_34_87
2025/11/08 14:46:51 INFO session updated token=0b5b49d0-8156-447f-806b-5e89988429fc tableID=0xc0002d1270 seatIndex=0xc0002d4fa0
2025/11/08 14:46:51 INFO session removed token=0b5b49d0-8156-447f-806b-5e89988429fc
2025/11/08 14:46:51 INFO session created token=b97da585-1cac-49fe-a2dc-5c24eb82c8d2 name=User_34_88
2025/11/08 14:46:51 INFO session updated token=b97da585-1cac-49fe-a2dc-5c24eb82c8d2 tableID=0xc0002d12c0 seatIndex=0xc0002d4ff0
2025/11/08 14:46:51 INFO session removed token=b97da585-1cac-49fe-a2dc-5c24eb82c8d2
2025/11/08 14:46:51 INFO session created token=47253ebf-5bd7-4ca3-9e30-5415f13b09c0 name=User_34_89
2025/11/08 14:46:51 INFO session updated token=47253ebf-5bd7-4ca3-9e30-5415f13b09c0 tableID=0xc0002d1310 seatIndex=0xc0002d5040
2025/11/08 14:46:51 INFO session removed token=47253ebf-5bd7-4ca3-9e30-5415f13b09c0
2025/11/08 14:46:51 INFO session created token=3dbc6935-5b87-483b-8938-69d0769a44b0 name=User_34_90
2025/11/08 14:46:51 INFO session updated token=3dbc6935-5b87-483b-8938-69d0769a44b0 tableID=0xc0002d1360 seatIndex=0xc0002d5090
2025/11/08 14:46:51 INFO session removed token=3dbc6935-5b87-483b-8938-69d0769a44b0
2025/11/08 14:46:51 INFO session created token=36dd00b1-573b-41dd-b85c-79e49f473ce4 name=User_34_91
2025/11/08 14:46:51 INFO session updated token=36dd00b1-573b-41dd-b85c-79e49f473ce4 tableID=0xc0002d13b0 seatIndex=0xc0002d50e0
2025/11/08 14:46:51 INFO session removed token=36dd00b1-573b-41dd-b85c-79e49f473ce4
2025/11/08 14:46:51 INFO session created token=318e614e-518d-4617-a64e-c20709a58c29 name=User_34_92
2025/11/08 14:46:51 INFO session updated token=318e614e-518d-4617-a64e-c20709a58c29 tableID=0xc0002d1400 seatIndex=0xc0002d5130
2025/11/08 14:46:51 INFO session removed token=318e614e-518d-4617-a64e-c20709a58c29
2025/11/08 14:46:51 INFO session created token=20923b5a-cbfc-4b6f-a691-4b41441d0304 name=User_34_93
2025/11/08 14:46:51 INFO session updated token=20923b5a-cbfc-4b6f-a691-4b41441d0304 tableID=0xc0002d1450 seatIndex=0xc0002d5180
2025/11/08 14:46:51 INFO session removed token=20923b5a-cbfc-4b6f-a691-4b41441d0304
2025/11/08 14:46:51 INFO session created token=09fb53b5-b14a-43db-aaad-7b4018a55838 name=User_34_94
2025/11/08 14:46:51 INFO session updated token=09fb53b5-b14a-43db-aaad-7b4018a55838 tableID=0xc0002d14a0 seatIndex=0xc0002d51d0
2025/11/08 14:46:51 INFO session removed token=09fb53b5-b14a-43db-aaad-7b4018a55838
2025/11/08 14:46:51 INFO session created token=e61c6683-9e4a-41c6-bd60-fe6b5d8093a5 name=User_34_95
2025/11/08 14:46:51 INFO session updated token=e61c6683-9e4a-41c6-bd60-fe6b5d8093a5 tableID=0xc0002d14f0 seatIndex=0xc0002d5220
2025/11/08 14:46:51 INFO session removed token=e61c6683-9e4a-41c6-bd60-fe6b5d8093a5
2025/11/08 14:46:51 INFO session created token=580e6f62-db1a-452f-961e-e18539980dd8 name=User_34_96
2025/11/08 14:46:51 INFO session updated token=580e6f62-db1a-452f-961e-e18539980dd8 tableID=0xc0002d1540 seatIndex=0xc0002d5270
2025/11/08 14:46:51 INFO session removed token=580e6f62-db1a-452f-961e-e18539980dd8
2025/11/08 14:46:51 INFO session created token=7d1514bd-5160-4c95-b33a-bf20c277690b name=User_34_97
2025/11/08 14:46:51 INFO session created token=6d8c4259-1682-4c72-b663-4efe706d4232 name=User_54_56
2025/11/08 14:46:51 INFO session removed token=04b0df57-da2b-4de9-89b0-77574b1926f1
2025/11/08 14:46:51 INFO session created token=40cddb10-8d9b-4e2c-a1dd-c7b8a8528eac name=User_97_77
2025/11/08 14:46:51 INFO session created token=11f48075-ad81-485a-9cf1-9b76a834fd52 name=User_76_46
2025/11/08 14:46:51 INFO session created token=bf082144-2d42-4633-9cfb-ee00ca0a83f1 name=User_88_46
2025/11/08 14:46:51 INFO session removed token=0ada7fcf-10d6-41e3-a4fe-7131ac554557
2025/11/08 14:46:51 INFO session created token=c30bc00e-fa29-4e40-9d7e-c4845d9687a7 name=User_36_85
2025/11/08 14:46:51 INFO session created token=69fd42e9-924b-4abb-b3b0-9206b9f4bb93 name=User_18_63
2025/11/08 14:46:51 INFO session removed token=14609c7b-ae50-4b67-a062-be6ab62c5c16
2025/11/08 14:46:51 INFO session created token=1703e328-808c-4fed-8e26-b61f77c2e081 name=User_96_66
2025/11/08 14:46:51 INFO session created token=54b0beb0-8652-4706-8362-fa2bc02d0f0b name=User_77_30
2025/11/08 14:46:51 INFO session updated token=69fd42e9-924b-4abb-b3b0-9206b9f4bb93 tableID=0xc0004091f0 seatIndex=0xc00040b1f0
2025/11/08 14:46:51 INFO session removed token=69fd42e9-924b-4abb-b3b0-9206b9f4bb93
2025/11/08 14:46:51 INFO session created token=0152f827-3cc4-45c5-a3ee-b1e7be7a1d5b name=User_18_64
2025/11/08 14:46:51 INFO session updated token=0152f827-3cc4-45c5-a3ee-b1e7be7a1d5b tableID=0xc000409250 seatIndex=0xc00040b250
2025/11/08 14:46:51 INFO session removed token=0152f827-3cc4-45c5-a3ee-b1e7be7a1d5b
2025/11/08 14:46:51 INFO session created token=ac1b6b9a-80b9-4072-abe5-59420b68d07b name=User_18_65
2025/11/08 14:46:51 INFO session updated token=ac1b6b9a-80b9-4072-abe5-59420b68d07b tableID=0xc0004092a0 seatIndex=0xc00040b2a0
2025/11/08 14:46:51 INFO session removed token=ac1b6b9a-80b9-4072-abe5-59420b68d07b
2025/11/08 14:46:51 INFO session created token=e5e45624-3fc3-4da8-8e8e-75b233c92368 name=User_18_66
2025/11/08 14:46:51 INFO session updated token=e5e45624-3fc3-4da8-8e8e-75b233c92368 tableID=0xc0004092f0 seatIndex=0xc00040b2f0
2025/11/08 14:46:51 INFO session removed token=e5e45624-3fc3-4da8-8e8e-75b233c92368
2025/11/08 14:46:51 INFO session updated token=7d1514bd-5160-4c95-b33a-bf20c277690b tableID=0xc0002d1590 seatIndex=0xc0002d52c0
2025/11/08 14:46:51 INFO session removed token=7d1514bd-5160-4c95-b33a-bf20c277690b
2025/11/08 14:46:51 INFO session created token=09390778-25e3-44fc-b2a9-8194e9ade214 name=User_34_98
2025/11/08 14:46:51 INFO session updated token=09390778-25e3-44fc-b2a9-8194e9ade214 tableID=0xc0002fd6c0 seatIndex=0xc0002f9a30
2025/11/08 14:46:51 INFO session removed token=09390778-25e3-44fc-b2a9-8194e9ade214
2025/11/08 14:46:51 INFO session created token=143ce55e-8668-4384-9f9b-b068c40db4c8 name=User_34_99
2025/11/08 14:46:51 INFO session updated token=143ce55e-8668-4384-9f9b-b068c40db4c8 tableID=0xc0002fd710 seatIndex=0xc0002f9a80
2025/11/08 14:46:51 INFO session removed token=143ce55e-8668-4384-9f9b-b068c40db4c8
2025/11/08 14:46:51 INFO session created token=c94beddc-65bc-49b2-8d82-80a1cc355c9e name=User_3_69
2025/11/08 14:46:51 INFO session updated token=c94beddc-65bc-49b2-8d82-80a1cc355c9e tableID=0xc0002fd760 seatIndex=0xc0002f9ab0
2025/11/08 14:46:51 INFO session removed token=c94beddc-65bc-49b2-8d82-80a1cc355c9e
2025/11/08 14:46:51 INFO session created token=925d4468-0e01-4dbc-8fa2-1772072da138 name=User_3_70
2025/11/08 14:46:51 INFO session updated token=925d4468-0e01-4dbc-8fa2-1772072da138 tableID=0xc0002fd7b0 seatIndex=0xc0002f9b00
2025/11/08 14:46:51 INFO session removed token=925d4468-0e01-4dbc-8fa2-1772072da138
2025/11/08 14:46:51 INFO session created token=a5c4f1eb-0ee5-4bce-98e2-22b14e5e9b28 name=User_3_71
2025/11/08 14:46:51 INFO session updated token=a5c4f1eb-0ee5-4bce-98e2-22b14e5e9b28 tableID=0xc0002fd800 seatIndex=0xc0002f9b50
2025/11/08 14:46:51 INFO session removed token=a5c4f1eb-0ee5-4bce-98e2-22b14e5e9b28
2025/11/08 14:46:51 INFO session created token=7e8b068f-b4e3-4d8a-b4ce-78197f5a508c name=User_3_72
2025/11/08 14:46:51 INFO session updated token=7e8b068f-b4e3-4d8a-b4ce-78197f5a508c tableID=0xc0002fd850 seatIndex=0xc0002f9ba0
2025/11/08 14:46:51 INFO session removed token=7e8b068f-b4e3-4d8a-b4ce-78197f5a508c
2025/11/08 14:46:51 INFO session created token=8bad23a3-8a33-425b-8404-0bd335a562ae name=User_3_73
2025/11/08 14:46:51 INFO session updated token=8bad23a3-8a33-425b-8404-0bd335a562ae tableID=0xc0002fd8a0 seatIndex=0xc0002f9bf0
2025/11/08 14:46:51 INFO session removed token=8bad23a3-8a33-425b-8404-0bd335a562ae
2025/11/08 14:46:51 INFO session created token=0a5a2b77-0aa7-47f9-9a3c-ff1806d1cbfd name=User_3_74
2025/11/08 14:46:51 INFO session updated token=0a5a2b77-0aa7-47f9-9a3c-ff1806d1cbfd tableID=0xc0002fd8f0 seatIndex=0xc0002f9c40
2025/11/08 14:46:51 INFO session removed token=0a5a2b77-0aa7-47f9-9a3c-ff1806d1cbfd
2025/11/08 14:46:51 INFO session created token=15363d5d-0efd-4b46-a283-f1faea3c8189 name=User_3_75
2025/11/08 14:46:51 INFO session updated token=15363d5d-0efd-4b46-a283-f1faea3c8189 tableID=0xc0002fd940 seatIndex=0xc0002f9c90
2025/11/08 14:46:51 INFO session removed token=15363d5d-0efd-4b46-a283-f1faea3c8189
2025/11/08 14:46:51 INFO session created token=58deea82-40bd-406e-b5c1-5bbb429d6b61 name=User_3_76
2025/11/08 14:46:51 INFO session updated token=58deea82-40bd-406e-b5c1-5bbb429d6b61 tableID=0xc0002fd990 seatIndex=0xc0002f9ce0
2025/11/08 14:46:51 INFO session removed token=58deea82-40bd-406e-b5c1-5bbb429d6b61
2025/11/08 14:46:51 INFO session created token=4f4c2a75-c75e-40c5-8b4a-673a83603f02 name=User_3_77
2025/11/08 14:46:51 INFO session updated token=4f4c2a75-c75e-40c5-8b4a-673a83603f02 tableID=0xc0002fd9e0 seatIndex=0xc0002f9d30
2025/11/08 14:46:51 INFO session removed token=4f4c2a75-c75e-40c5-8b4a-673a83603f02
2025/11/08 14:46:51 INFO session created token=ebddfc83-5968-4edd-aa4c-950eb9724f0f name=User_3_78
2025/11/08 14:46:51 INFO session updated token=2baadfa7-9a73-493f-95fc-c0085a32c1ff tableID=0xc000409150 seatIndex=0xc00040b060
2025/11/08 14:46:51 INFO session removed token=2baadfa7-9a73-493f-95fc-c0085a32c1ff
2025/11/08 14:46:51 INFO session updated token=6b7bcba4-fcb0-475e-99ac-e284fa5e5195 tableID=0xc0004091b0 seatIndex=0xc00040b0c0
2025/11/08 14:46:51 INFO session updated token=56c46fd7-5a2e-4d65-bd97-ac583711fbf1 tableID=0xc0003350f0 seatIndex=0xc00032b110
2025/11/08 14:46:51 INFO session created token=efebd552-5fe9-4dae-bd2a-1672677636cf name=User_48_99
2025/11/08 14:46:51 INFO session removed token=be7f6c91-14ba-4f15-8125-056ce48381e5
2025/11/08 14:46:51 INFO session created token=86252514-1ca2-43ca-8398-f799e1ac5db4 name=User_74_52
2025/11/08 14:46:51 INFO session created token=d61a11ae-cb32-48f8-b6fb-7e546ba41fee name=User_95_82
2025/11/08 14:46:51 INFO session created token=af7aee4d-0d89-4d48-90a8-e34a7ef773af name=User_86_46
2025/11/08 14:46:51 INFO session created token=ea0ebe11-8835-4394-9ef4-02934c565bc9 name=User_93_74
2025/11/08 14:46:51 INFO session created token=d9302e94-823f-4447-9aef-5b5e82208c55 name=User_61_91
2025/11/08 14:46:51 INFO session removed token=56c46fd7-5a2e-4d65-bd97-ac583711fbf1
2025/11/08 14:46:51 INFO session updated token=507c79cf-5c78-4f73-8fc0-bce61619734d tableID=0xc0002fd500 seatIndex=0xc0002f98c0
2025/11/08 14:46:51 INFO session created token=2d826af7-d1fd-43f0-9d51-edef4e8e77a3 name=User_62_46
2025/11/08 14:46:51 INFO session removed token=a133c75b-5a38-44d9-92d7-f40609aa09f5
2025/11/08 14:46:51 INFO session created token=eab98b26-67b1-4bb0-a68e-20ac4a5509c4 name=User_24_84
2025/11/08 14:46:51 INFO session removed token=ec40ebf0-b486-4a8b-9c67-b1142b36efa7
2025/11/08 14:46:51 INFO session created token=de8c263e-1896-4ae1-ad1e-622f769e020b name=User_73_29
2025/11/08 14:46:51 INFO session removed token=8f51fe4b-afcf-4aae-81c9-d9a046f5be3c
2025/11/08 14:46:51 INFO session created token=6a5b1229-3d8c-4d5c-801d-81827c78a82e name=User_9_35
2025/11/08 14:46:51 INFO session created token=bbd8e47e-71fa-4b53-bc76-bd74373da0d8 name=User_44_62
2025/11/08 14:46:51 INFO session removed token=b7ff67d3-2496-4704-8c6a-d6aad0f1eadd
2025/11/08 14:46:51 INFO session created token=ba2514a8-c51b-4561-be30-35752e182f91 name=User_30_69
2025/11/08 14:46:51 INFO session created token=753a0615-9013-4c7c-a0e3-d6ddb78325ce name=User_52_70
2025/11/08 14:46:51 INFO session created token=2a936e34-0fe5-4677-9456-be2e9e301fa7 name=User_8_66
2025/11/08 14:46:51 INFO session removed token=3619fa73-a9c9-4b2f-b0c9-58d974082129
2025/11/08 14:46:51 INFO session updated token=0fb6bd82-094f-47a1-8a3e-03ec43c8c9ef tableID=0xc0002b6a90 seatIndex=0xc0002ba820
2025/11/08 14:46:51 INFO session created token=18d33ff7-a80b-42d4-93eb-6445ba9517de name=User_40_51
2025/11/08 14:46:51 INFO session updated token=8ec7bbcd-db10-4bc9-80cc-d67889a56a10 tableID=0xc000335b90 seatIndex=0xc00032bb50
2025/11/08 14:46:51 INFO session updated token=66a33df8-9dc1-4295-adfe-a563b8eefbdb tableID=0xc0002fd620 seatIndex=0xc0002f99d0
2025/11/08 14:46:51 INFO session created token=31eddf69-f65d-4c8f-97e3-f37f02cec439 name=User_47_25
2025/11/08 14:46:51 INFO session removed token=74a5f43e-b6ae-4d02-97f6-bfb1e3db672d
2025/11/08 14:46:51 INFO session updated token=7b5b3c45-4300-4a92-b02a-d7871cffb1be tableID=0xc000335bc0 seatIndex=0xc00032bb60
2025/11/08 14:46:51 INFO session updated token=e6559647-7538-4719-b8d7-2e6d2a7e4f8a tableID=0xc0002b6b70 seatIndex=0xc0002ba920
2025/11/08 14:46:51 INFO session removed token=d46ed386-644a-4f89-bcae-b381529e850c
2025/11/08 14:46:51 INFO session removed token=06a945e3-3389-46dd-b8ca-e919e8225c37
2025/11/08 14:46:51 INFO session created token=deda3f39-5722-48ad-a599-1d05fb68e595 name=User_84_95
2025/11/08 14:46:51 INFO session updated token=deda3f39-5722-48ad-a599-1d05fb68e595 tableID=0xc0003cb5e0 seatIndex=0xc0003cd3c0
2025/11/08 14:46:51 INFO session removed token=deda3f39-5722-48ad-a599-1d05fb68e595
2025/11/08 14:46:51 INFO session created token=8a2b1a10-66c9-44f3-9268-3e14e6ce361a name=User_84_96
2025/11/08 14:46:51 INFO session updated token=8a2b1a10-66c9-44f3-9268-3e14e6ce361a tableID=0xc0003cb630 seatIndex=0xc0003cd410
2025/11/08 14:46:51 INFO session removed token=8a2b1a10-66c9-44f3-9268-3e14e6ce361a
2025/11/08 14:46:51 INFO session removed token=7b5b3c45-4300-4a92-b02a-d7871cffb1be
2025/11/08 14:46:51 INFO session created token=03a2f80c-46a7-4f42-bdfb-0f5e7118f25f name=User_13_37
2025/11/08 14:46:51 INFO session created token=c924b928-c7b4-4a52-88c9-ac7b97a6e284 name=User_33_68
2025/11/08 14:46:51 INFO session updated token=03a2f80c-46a7-4f42-bdfb-0f5e7118f25f tableID=0xc0003cb680 seatIndex=0xc0003cd480
2025/11/08 14:46:51 INFO session removed token=03a2f80c-46a7-4f42-bdfb-0f5e7118f25f
2025/11/08 14:46:51 INFO session created token=fcf733bc-3713-4458-9a4a-45e2b20d66d8 name=User_13_38
2025/11/08 14:46:51 INFO session updated token=fcf733bc-3713-4458-9a4a-45e2b20d66d8 tableID=0xc0003cb6e0 seatIndex=0xc0003cd4e0
2025/11/08 14:46:51 INFO session removed token=fcf733bc-3713-4458-9a4a-45e2b20d66d8
2025/11/08 14:46:51 INFO session created token=2f8d50c6-4410-4331-b929-ba7d695ce76d name=User_13_39
2025/11/08 14:46:51 INFO session updated token=2f8d50c6-4410-4331-b929-ba7d695ce76d tableID=0xc0003cb730 seatIndex=0xc0003cd530
2025/11/08 14:46:51 INFO session removed token=2f8d50c6-4410-4331-b929-ba7d695ce76d
2025/11/08 14:46:51 INFO session created token=9aa9b164-08a1-4c2c-bb40-9ce735e7a11b name=User_13_40
2025/11/08 14:46:51 INFO session updated token=9aa9b164-08a1-4c2c-bb40-9ce735e7a11b tableID=0xc0003cb780 seatIndex=0xc0003cd580
2025/11/08 14:46:51 INFO session removed token=9aa9b164-08a1-4c2c-bb40-9ce735e7a11b
2025/11/08 14:46:51 INFO session created token=6a848549-8235-4497-ab4b-5119242eca4d name=User_13_41
2025/11/08 14:46:51 INFO session updated token=6a848549-8235-4497-ab4b-5119242eca4d tableID=0xc0003cb7d0 seatIndex=0xc0003cd5d0
2025/11/08 14:46:51 INFO session removed token=6a848549-8235-4497-ab4b-5119242eca4d
2025/11/08 14:46:51 INFO session created token=42d8334d-f965-40ea-a61f-9985f24725c0 name=User_13_42
2025/11/08 14:46:51 INFO session updated token=42d8334d-f965-40ea-a61f-9985f24725c0 tableID=0xc0003cb820 seatIndex=0xc0003cd620
2025/11/08 14:46:51 INFO session removed token=42d8334d-f965-40ea-a61f-9985f24725c0
2025/11/08 14:46:51 INFO session created token=2cd35b2f-8847-4207-91f2-359841af8a6b name=User_13_43
2025/11/08 14:46:51 INFO session updated token=2cd35b2f-8847-4207-91f2-359841af8a6b tableID=0xc0003cb870 seatIndex=0xc0003cd670
2025/11/08 14:46:51 INFO session removed token=2cd35b2f-8847-4207-91f2-359841af8a6b
2025/11/08 14:46:51 INFO session created token=15123394-69f1-4ee8-b3c7-ec7c74caa4c4 name=User_13_44
2025/11/08 14:46:51 INFO session updated token=15123394-69f1-4ee8-b3c7-ec7c74caa4c4 tableID=0xc0003cb8c0 seatIndex=0xc0003cd6c0
2025/11/08 14:46:51 INFO session removed token=15123394-69f1-4ee8-b3c7-ec7c74caa4c4
2025/11/08 14:46:51 INFO session created token=9308a879-6ce2-498f-a74c-49e098bbf55a name=User_13_45
2025/11/08 14:46:51 INFO session updated token=9308a879-6ce2-498f-a74c-49e098bbf55a tableID=0xc0003cb910 seatIndex=0xc0003cd710
2025/11/08 14:46:51 INFO session removed token=9308a879-6ce2-498f-a74c-49e098bbf55a
2025/11/08 14:46:51 INFO session removed token=e6559647-7538-4719-b8d7-2e6d2a7e4f8a
2025/11/08 14:46:51 INFO session created token=e9e44e6f-0172-4f50-a94c-4bd09843a3e7 name=User_4_68
2025/11/08 14:46:51 INFO session updated token=e9e44e6f-0172-4f50-a94c-4bd09843a3e7 tableID=0xc0002d17f0 seatIndex=0xc0002d53f0
2025/11/08 14:46:51 INFO session removed token=e9e44e6f-0172-4f50-a94c-4bd09843a3e7
2025/11/08 14:46:51 INFO session created token=fa59330b-88c0-4dff-b8e9-24301167000f name=User_4_69
2025/11/08 14:46:51 INFO session updated token=fa59330b-88c0-4dff-b8e9-24301167000f tableID=0xc0002d1840 seatIndex=0xc0002d5440
2025/11/08 14:46:51 INFO session removed token=fa59330b-88c0-4dff-b8e9-24301167000f
2025/11/08 14:46:51 INFO session created token=dc124579-d78c-4417-8cbe-76eee40503dc name=User_4_70
2025/11/08 14:46:51 INFO session updated token=dc124579-d78c-4417-8cbe-76eee40503dc tableID=0xc0002d1890 seatIndex=0xc0002d5490
2025/11/08 14:46:51 INFO session removed token=dc124579-d78c-4417-8cbe-76eee40503dc
2025/11/08 14:46:51 INFO session created token=ad451f77-cff6-4125-9c28-87d8b6bf18cc name=User_4_71
2025/11/08 14:46:51 INFO session updated token=ad451f77-cff6-4125-9c28-87d8b6bf18cc tableID=0xc0002d18e0 seatIndex=0xc0002d54e0
2025/11/08 14:46:51 INFO session removed token=ad451f77-cff6-4125-9c28-87d8b6bf18cc
2025/11/08 14:46:51 INFO session removed token=2ebfae29-159f-4cca-a23e-1536eecb4147
2025/11/08 14:46:51 INFO session created token=b00b5e34-3714-4cb7-b51e-e93b41fc8c03 name=User_4_72
2025/11/08 14:46:51 INFO session updated token=b00b5e34-3714-4cb7-b51e-e93b41fc8c03 tableID=0xc0002d1930 seatIndex=0xc0002d5530
2025/11/08 14:46:51 INFO session removed token=b00b5e34-3714-4cb7-b51e-e93b41fc8c03
2025/11/08 14:46:51 INFO session created token=c8434f36-96cb-4c92-b96d-9c103ab5bc0e name=User_4_73
2025/11/08 14:46:51 INFO session updated token=c8434f36-96cb-4c92-b96d-9c103ab5bc0e tableID=0xc0002d1980 seatIndex=0xc0002d5580
2025/11/08 14:46:51 INFO session removed token=c8434f36-96cb-4c92-b96d-9c103ab5bc0e
2025/11/08 14:46:51 INFO session created token=03e2feef-6fcc-4a8b-a735-427ab33ffe2e name=User_4_74
2025/11/08 14:46:51 INFO session updated token=03e2feef-6fcc-4a8b-a735-427ab33ffe2e tableID=0xc0002d19d0 seatIndex=0xc0002d55d0
2025/11/08 14:46:51 INFO session removed token=03e2feef-6fcc-4a8b-a735-427ab33ffe2e
2025/11/08 14:46:51 INFO session updated token=40cddb10-8d9b-4e2c-a1dd-c7b8a8528eac tableID=0xc0002d15e0 seatIndex=0xc0002d52f0
2025/11/08 14:46:51 INFO session removed token=40cddb10-8d9b-4e2c-a1dd-c7b8a8528eac
2025/11/08 14:46:51 INFO session created token=5552c8cb-253f-4f1b-a319-724e6d014a3d name=User_97_78
2025/11/08 14:46:51 INFO session updated token=5552c8cb-253f-4f1b-a319-724e6d014a3d tableID=0xc000409580 seatIndex=0xc00040b520
2025/11/08 14:46:51 INFO session removed token=5552c8cb-253f-4f1b-a319-724e6d014a3d
2025/11/08 14:46:51 INFO session created token=73b3ef50-7ab9-4695-be02-84f6af09074a name=User_97_79
2025/11/08 14:46:51 INFO session updated token=73b3ef50-7ab9-4695-be02-84f6af09074a tableID=0xc0004095d0 seatIndex=0xc00040b570
2025/11/08 14:46:51 INFO session removed token=73b3ef50-7ab9-4695-be02-84f6af09074a
2025/11/08 14:46:51 INFO session created token=c7914b01-62c8-4159-8a8a-2c239909035d name=User_97_80
2025/11/08 14:46:51 INFO session created token=1d1138a6-058d-4f21-8759-246750406ae5 name=User_64_29
2025/11/08 14:46:51 INFO session updated token=c7914b01-62c8-4159-8a8a-2c239909035d tableID=0xc000409620 seatIndex=0xc00040b5c0
2025/11/08 14:46:51 INFO session removed token=c7914b01-62c8-4159-8a8a-2c239909035d
2025/11/08 14:46:51 INFO session created token=e2fad7e3-28f2-4439-be59-2cc0e225d448 name=User_97_81
2025/11/08 14:46:51 INFO session updated token=e2fad7e3-28f2-4439-be59-2cc0e225d448 tableID=0xc000409680 seatIndex=0xc00040b620
2025/11/08 14:46:51 INFO session removed token=e2fad7e3-28f2-4439-be59-2cc0e225d448
2025/11/08 14:46:51 INFO session created token=b45af19f-296a-4ca3-8e00-bec482f55d41 name=User_97_82
2025/11/08 14:46:51 INFO session updated token=b45af19f-296a-4ca3-8e00-bec482f55d41 tableID=0xc0004096d0 seatIndex=0xc00040b670
2025/11/08 14:46:51 INFO session removed token=b45af19f-296a-4ca3-8e00-bec482f55d41
2025/11/08 14:46:51 INFO session created token=acbc825c-d9ed-42fe-9851-d0928a0a6be5 name=User_97_83
2025/11/08 14:46:51 INFO session updated token=acbc825c-d9ed-42fe-9851-d0928a0a6be5 tableID=0xc000409720 seatIndex=0xc00040b6c0
2025/11/08 14:46:51 INFO session removed token=acbc825c-d9ed-42fe-9851-d0928a0a6be5
2025/11/08 14:46:51 INFO session created token=a1411aa6-66d9-456c-86c1-878f75dae51f name=User_97_84
2025/11/08 14:46:51 INFO session updated token=a1411aa6-66d9-456c-86c1-878f75dae51f tableID=0xc000409770 seatIndex=0xc00040b710
2025/11/08 14:46:51 INFO session removed token=a1411aa6-66d9-456c-86c1-878f75dae51f
2025/11/08 14:46:51 INFO session created token=b5d3503f-da07-4936-82ce-13c7d334262b name=User_97_85
2025/11/08 14:46:51 INFO session updated token=b5d3503f-da07-4936-82ce-13c7d334262b tableID=0xc0004097c0 seatIndex=0xc00040b760
2025/11/08 14:46:51 INFO session removed token=b5d3503f-da07-4936-82ce-13c7d334262b
2025/11/08 14:46:51 INFO session created token=f6f4d03a-03f6-4bf3-bd18-580fafaf0555 name=User_97_86
2025/11/08 14:46:51 INFO session updated token=f6f4d03a-03f6-4bf3-bd18-580fafaf0555 tableID=0xc000409810 seatIndex=0xc00040b7b0
2025/11/08 14:46:51 INFO session removed token=f6f4d03a-03f6-4bf3-bd18-580fafaf0555
2025/11/08 14:46:51 INFO session created token=02d4d5ad-6c23-4fb9-b623-3f283fcb06bb name=User_97_87
2025/11/08 14:46:51 INFO session updated token=02d4d5ad-6c23-4fb9-b623-3f283fcb06bb tableID=0xc000409860 seatIndex=0xc00040b800
2025/11/08 14:46:51 INFO session removed token=02d4d5ad-6c23-4fb9-b623-3f283fcb06bb
2025/11/08 14:46:51 INFO session created token=f059614d-20d3-4392-a1ee-5043fe947f75 name=User_97_88
2025/11/08 14:46:51 INFO session updated token=f059614d-20d3-4392-a1ee-5043fe947f75 tableID=0xc0004098b0 seatIndex=0xc00040b850
2025/11/08 14:46:51 INFO session removed token=f059614d-20d3-4392-a1ee-5043fe947f75
2025/11/08 14:46:51 INFO session created token=222a0753-76fd-48b3-b8ae-53dacbdfb9f0 name=User_97_89
2025/11/08 14:46:51 INFO session updated token=222a0753-76fd-48b3-b8ae-53dacbdfb9f0 tableID=0xc000409900 seatIndex=0xc00040b8a0
2025/11/08 14:46:51 INFO session removed token=222a0753-76fd-48b3-b8ae-53dacbdfb9f0
2025/11/08 14:46:51 INFO session created token=a5a6084d-ee7c-4e1d-8daa-e94c64e1ec77 name=User_97_90
2025/11/08 14:46:51 INFO session updated token=a5a6084d-ee7c-4e1d-8daa-e94c64e1ec77 tableID=0xc000409950 seatIndex=0xc00040b8f0
2025/11/08 14:46:51 INFO session removed token=a5a6084d-ee7c-4e1d-8daa-e94c64e1ec77
2025/11/08 14:46:51 INFO session created token=77217eed-ac67-4612-bfd6-0fd5f3aa1880 name=User_97_91
2025/11/08 14:46:51 INFO session updated token=77217eed-ac67-4612-bfd6-0fd5f3aa1880 tableID=0xc0004099a0 seatIndex=0xc00040b940
2025/11/08 14:46:51 INFO session removed token=77217eed-ac67-4612-bfd6-0fd5f3aa1880
2025/11/08 14:46:51 INFO session created token=65c9f1cd-6c3c-4c1a-9101-8c6ec61091f4 name=User_97_92
2025/11/08 14:46:51 INFO session updated token=65c9f1cd-6c3c-4c1a-9101-8c6ec61091f4 tableID=0xc0004099f0 seatIndex=0xc00040b990
2025/11/08 14:46:51 INFO session removed token=65c9f1cd-6c3c-4c1a-9101-8c6ec61091f4
2025/11/08 14:46:51 INFO session created token=b33ec516-ca49-4d40-99c1-7543a6828f5d name=User_97_93
2025/11/08 14:46:51 INFO session updated token=b33ec516-ca49-4d40-99c1-7543a6828f5d tableID=0xc000409a40 seatIndex=0xc00040b9e0
2025/11/08 14:46:51 INFO session removed token=b33ec516-ca49-4d40-99c1-7543a6828f5d
2025/11/08 14:46:51 INFO session updated token=6d8c4259-1682-4c72-b663-4efe706d4232 tableID=0xc0002523c0 seatIndex=0xc000243ff0
2025/11/08 14:46:51 INFO session removed token=6d8c4259-1682-4c72-b663-4efe706d4232
2025/11/08 14:46:51 INFO session created token=b0f07e69-b65a-4af0-8576-f6450928ddd8 name=User_54_57
2025/11/08 14:46:51 INFO session updated token=b0f07e69-b65a-4af0-8576-f6450928ddd8 tableID=0xc0002d1a40 seatIndex=0xc0002d5660
2025/11/08 14:46:51 INFO session removed token=b0f07e69-b65a-4af0-8576-f6450928ddd8
2025/11/08 14:46:51 INFO session created token=5e44ef5e-532d-4a3a-941f-7f24a9dd414a name=User_54_58
2025/11/08 14:46:51 INFO session updated token=5e44ef5e-532d-4a3a-941f-7f24a9dd414a tableID=0xc0002d1a90 seatIndex=0xc0002d56b0
2025/11/08 14:46:51 INFO session removed token=5e44ef5e-532d-4a3a-941f-7f24a9dd414a
2025/11/08 14:46:51 INFO session removed token=f3b6a0ab-08b4-4475-b17d-58a184d19c4d
2025/11/08 14:46:51 INFO session created token=a6ae8e05-4e21-4d73-8977-6f9fa4722908 name=User_14_44
2025/11/08 14:46:51 INFO session updated token=a6ae8e05-4e21-4d73-8977-6f9fa4722908 tableID=0xc000409aa0 seatIndex=0xc00040ba50
2025/11/08 14:46:51 INFO session removed token=a6ae8e05-4e21-4d73-8977-6f9fa4722908
2025/11/08 14:46:51 INFO session created token=fa25eddc-5399-4c6c-8220-79fbd26fd9b5 name=User_14_45
2025/11/08 14:46:51 INFO session updated token=fa25eddc-5399-4c6c-8220-79fbd26fd9b5 tableID=0xc000409af0 seatIndex=0xc00040baa0
2025/11/08 14:46:51 INFO session removed token=fa25eddc-5399-4c6c-8220-79fbd26fd9b5
2025/11/08 14:46:51 INFO session created token=c6c53a89-5b0f-4d42-a59f-1cd089cdc327 name=User_14_46
2025/11/08 14:46:51 INFO session updated token=c6c53a89-5b0f-4d42-a59f-1cd089cdc327 tableID=0xc000409b40 seatIndex=0xc00040baf0
2025/11/08 14:46:51 INFO session removed token=c6c53a89-5b0f-4d42-a59f-1cd089cdc327
2025/11/08 14:46:51 INFO session created token=fd62bfa7-fcf5-437d-9664-5609804597f2 name=User_14_47
2025/11/08 14:46:51 INFO session updated token=fd62bfa7-fcf5-437d-9664-5609804597f2 tableID=0xc000409b90 seatIndex=0xc00040bb40
2025/11/08 14:46:51 INFO session removed token=fd62bfa7-fcf5-437d-9664-5609804597f2
2025/11/08 14:46:51 INFO session created token=67a22faf-5573-4e7b-8fa4-d33648d71ff2 name=User_14_48
2025/11/08 14:46:51 INFO session updated token=67a22faf-5573-4e7b-8fa4-d33648d71ff2 tableID=0xc000409be0 seatIndex=0xc00040bb90
2025/11/08 14:46:51 INFO session removed token=67a22faf-5573-4e7b-8fa4-d33648d71ff2
2025/11/08 14:46:51 INFO session created token=fa1262de-a2df-47a6-91b0-e7da7bfc1a97 name=User_14_49
2025/11/08 14:46:51 INFO session updated token=fa1262de-a2df-47a6-91b0-e7da7bfc1a97 tableID=0xc000409c30 seatIndex=0xc00040bbe0
2025/11/08 14:46:51 INFO session removed token=fa1262de-a2df-47a6-91b0-e7da7bfc1a97
2025/11/08 14:46:51 INFO session created token=984b3b16-1b0d-40c5-b265-d9b3425e9ada name=User_14_50
2025/11/08 14:46:51 INFO session updated token=984b3b16-1b0d-40c5-b265-d9b3425e9ada tableID=0xc000409c80 seatIndex=0xc00040bc30
2025/11/08 14:46:51 INFO session removed token=984b3b16-1b0d-40c5-b265-d9b3425e9ada
2025/11/08 14:46:51 INFO session created token=8f24f23f-40e1-40d7-824f-b604a5512342 name=User_14_51
2025/11/08 14:46:51 INFO session updated token=8f24f23f-40e1-40d7-824f-b604a5512342 tableID=0xc000409cd0 seatIndex=0xc00040bc80
2025/11/08 14:46:51 INFO session removed token=8f24f23f-40e1-40d7-824f-b604a5512342
2025/11/08 14:46:51 INFO session created token=6ed668d5-ee43-4917-8956-f6d6ac8ac9ce name=User_14_52
2025/11/08 14:46:51 INFO session updated token=6ed668d5-ee43-4917-8956-f6d6ac8ac9ce tableID=0xc000409d20 seatIndex=0xc00040bcd0
2025/11/08 14:46:51 INFO session removed token=6ed668d5-ee43-4917-8956-f6d6ac8ac9ce
2025/11/08 14:46:51 INFO session created token=be31ff43-339f-4739-81ee-2e216cb3c721 name=User_14_53
2025/11/08 14:46:51 INFO session updated token=be31ff43-339f-4739-81ee-2e216cb3c721 tableID=0xc000409d70 seatIndex=0xc00040bd20
2025/11/08 14:46:51 INFO session removed token=be31ff43-339f-4739-81ee-2e216cb3c721
2025/11/08 14:46:51 INFO session created token=a711401a-0074-408b-8a8b-3304d4a845e8 name=User_14_54
2025/11/08 14:46:51 INFO session updated token=a711401a-0074-408b-8a8b-3304d4a845e8 tableID=0xc000409dc0 seatIndex=0xc00040bd70
2025/11/08 14:46:51 INFO session removed token=a711401a-0074-408b-8a8b-3304d4a845e8
2025/11/08 14:46:51 INFO session created token=b8e74c81-943c-4e60-bc1e-298e578ebf0f name=User_14_55
2025/11/08 14:46:51 INFO session updated token=b8e74c81-943c-4e60-bc1e-298e578ebf0f tableID=0xc000409e10 seatIndex=0xc00040bdc0
2025/11/08 14:46:51 INFO session removed token=b8e74c81-943c-4e60-bc1e-298e578ebf0f
2025/11/08 14:46:51 INFO session removed token=6c2a2ea2-040e-4420-913a-28c5bcabfc86
2025/11/08 14:46:51 INFO session created token=5a9e7c72-ff91-4a2a-8418-cf742da08ba0 name=User_14_56
2025/11/08 14:46:51 INFO session removed token=7c964e73-ca0d-4a4c-b9f4-6417b0c702e3
2025/11/08 14:46:51 INFO session removed token=da5d6a1f-1525-4c6c-8782-fb4f815d343d
2025/11/08 14:46:51 INFO session removed token=7cd20519-1873-4a24-82e9-c7ef3707d477
2025/11/08 14:46:51 INFO session updated token=bf082144-2d42-4633-9cfb-ee00ca0a83f1 tableID=0xc0002523e0 seatIndex=0xc00026e020
2025/11/08 14:46:51 INFO session created token=b32a6da2-a06c-460b-9dfc-eb98e167a8ad name=User_63_39
2025/11/08 14:46:51 INFO session updated token=c30bc00e-fa29-4e40-9d7e-c4845d9687a7 tableID=0xc000335bd0 seatIndex=0xc00032bb70
2025/11/08 14:46:51 INFO session removed token=a687b974-9585-4326-a8e3-1fddd387c14e
2025/11/08 14:46:51 INFO session updated token=11f48075-ad81-485a-9cf1-9b76a834fd52 tableID=0xc0002fd650 seatIndex=0xc0002f99e0
2025/11/08 14:46:51 INFO session updated token=1703e328-808c-4fed-8e26-b61f77c2e081 tableID=0xc0002d1670 seatIndex=0xc0002d5300
2025/11/08 14:46:51 INFO session updated token=54b0beb0-8652-4706-8362-fa2bc02d0f0b tableID=0xc000409210 seatIndex=0xc00040b220
2025/11/08 14:46:51 INFO session updated token=ebddfc83-5968-4edd-aa4c-950eb9724f0f tableID=0xc000409330 seatIndex=0xc00040b360
2025/11/08 14:46:51 INFO session removed token=6b7bcba4-fcb0-475e-99ac-e284fa5e5195
2025/11/08 14:46:51 INFO session updated token=efebd552-5fe9-4dae-bd2a-1672677636cf tableID=0xc0002fda50 seatIndex=0xc0002f9d80
2025/11/08 14:46:51 INFO session updated token=d61a11ae-cb32-48f8-b6fb-7e546ba41fee tableID=0xc0003cb510 seatIndex=0xc0003cd300
2025/11/08 14:46:51 INFO session updated token=ea0ebe11-8835-4394-9ef4-02934c565bc9 tableID=0xc0003cb540 seatIndex=0xc0003cd310
2025/11/08 14:46:51 INFO session updated token=af7aee4d-0d89-4d48-90a8-e34a7ef773af tableID=0xc0004093c0 seatIndex=0xc00040b3b0
2025/11/08 14:46:51 INFO session removed token=eb0ff233-9048-492b-a8e0-1e91792a3652
2025/11/08 14:46:51 INFO session updated token=86252514-1ca2-43ca-8398-f799e1ac5db4 tableID=0xc0003cb560 seatIndex=0xc0003cd340
2025/11/08 14:46:51 INFO session created token=3afd32c0-dbad-4abb-8409-1bc64647dab1 name=User_18_67
2025/11/08 14:46:51 INFO session updated token=d9302e94-823f-4447-9aef-5b5e82208c55 tableID=0xc0002d1680 seatIndex=0xc0002d5310
2025/11/08 14:46:51 INFO session created token=466e8865-9b0c-4f6f-aacb-7c7628abf71d name=User_35_41
2025/11/08 14:46:51 INFO session created token=71086a86-87ce-48eb-b148-e9f4ffe16700 name=User_28_68
2025/11/08 14:46:51 INFO session removed token=507c79cf-5c78-4f73-8fc0-bce61619734d
2025/11/08 14:46:51 INFO session updated token=2d826af7-d1fd-43f0-9d51-edef4e8e77a3 tableID=0xc0002d16b0 seatIndex=0xc0002d5340
2025/11/08 14:46:51 INFO session updated token=eab98b26-67b1-4bb0-a68e-20ac4a5509c4 tableID=0xc0002d16d0 seatIndex=0xc0002d5350
2025/11/08 14:46:51 INFO session created token=b48891b3-3267-4493-9208-322f92238eff name=User_51_23
2025/11/08 14:46:51 INFO session created token=5c25f833-cd84-441a-b136-33153b4bf356 name=User_16_25
2025/11/08 14:46:51 INFO session updated token=6a5b1229-3d8c-4d5c-801d-81827c78a82e tableID=0xc000409450 seatIndex=0xc00040b400
2025/11/08 14:46:51 INFO session updated token=bbd8e47e-71fa-4b53-bc76-bd74373da0d8 tableID=0xc0002d1730 seatIndex=0xc0002d5380
2025/11/08 14:46:51 INFO session created token=fa13821c-b88e-4d38-945d-c809d026dadc name=User_42_59
2025/11/08 14:46:51 INFO session updated token=ba2514a8-c51b-4561-be30-35752e182f91 tableID=0xc0002d1740 seatIndex=0xc0002d5390
2025/11/08 14:46:51 INFO session updated token=753a0615-9013-4c7c-a0e3-d6ddb78325ce tableID=0xc000409490 seatIndex=0xc00040b410
2025/11/08 14:46:51 INFO session updated token=de8c263e-1896-4ae1-ad1e-622f769e020b tableID=0xc0004094a0 seatIndex=0xc00040b420
2025/11/08 14:46:51 INFO session updated token=2a936e34-0fe5-4677-9456-be2e9e301fa7 tableID=0xc0002d1770 seatIndex=0xc0002d53c0
2025/11/08 14:46:51 INFO session created token=2dae418f-cdd5-495f-93ca-8e66152fe10a name=User_70_79
2025/11/08 14:46:51 INFO session removed token=0fb6bd82-094f-47a1-8a3e-03ec43c8c9ef
2025/11/08 14:46:51 INFO session updated token=18d33ff7-a80b-42d4-93eb-6445ba9517de tableID=0xc0004094e0 seatIndex=0xc00040b470
2025/11/08 14:46:51 INFO session removed token=8ec7bbcd-db10-4bc9-80cc-d67889a56a10
2025/11/08 14:46:51 INFO session removed token=66a33df8-9dc1-4295-adfe-a563b8eefbdb
2025/11/08 14:46:51 INFO session updated token=31eddf69-f65d-4c8f-97e3-f37f02cec439 tableID=0xc0003cb570 seatIndex=0xc0003cd350
2025/11/08 14:46:51 INFO session created token=46eb8693-3e16-4867-97df-3cb6adfe6759 name=User_84_97
2025/11/08 14:46:51 INFO session created token=518442c0-be99-4c82-b098-8f7f454311a0 name=User_99_85
2025/11/08 14:46:51 INFO session updated token=46eb8693-3e16-4867-97df-3cb6adfe6759 tableID=0xc0003cbac0 seatIndex=0xc0003cd8c0
2025/11/08 14:46:51 INFO session created token=4d743813-0a32-46b5-b543-0a131e82aa53 name=User_17_52
2025/11/08 14:46:51 INFO session created token=ee877637-b151-4ffb-bdd7-d245d4343151 name=User_72_88
2025/11/08 14:46:51 INFO session removed token=46eb8693-3e16-4867-97df-3cb6adfe6759
2025/11/08 14:46:51 INFO session created token=c0477672-9fd4-4aff-a203-306073e66717 name=User_84_98
2025/11/08 14:46:51 INFO session updated token=4d743813-0a32-46b5-b543-0a131e82aa53 tableID=0xc000410000 seatIndex=0xc00040bfc0
2025/11/08 14:46:51 INFO session removed token=4d743813-0a32-46b5-b543-0a131e82aa53
2025/11/08 14:46:51 INFO session created token=a3dc5570-9c5b-4f60-8386-967675c1c778 name=User_17_53
2025/11/08 14:46:51 INFO session updated token=a3dc5570-9c5b-4f60-8386-967675c1c778 tableID=0xc000410060 seatIndex=0xc000414020
2025/11/08 14:46:51 INFO session removed token=a3dc5570-9c5b-4f60-8386-967675c1c778
2025/11/08 14:46:51 INFO session created token=e326a970-9743-4d84-85dc-49c2b1b57e3d name=User_17_54
2025/11/08 14:46:51 INFO session updated token=e326a970-9743-4d84-85dc-49c2b1b57e3d tableID=0xc0004100b0 seatIndex=0xc000414070
2025/11/08 14:46:51 INFO session removed token=e326a970-9743-4d84-85dc-49c2b1b57e3d
2025/11/08 14:46:51 INFO session created token=f99aacec-bbe6-4fac-8124-61085d106edd name=User_17_55
2025/11/08 14:46:51 INFO session updated token=f99aacec-bbe6-4fac-8124-61085d106edd tableID=0xc000410100 seatIndex=0xc0004140c0
2025/11/08 14:46:51 INFO session removed token=f99aacec-bbe6-4fac-8124-61085d106edd
2025/11/08 14:46:51 INFO session created token=3c8b2ec0-ac9b-46d8-a199-a1e4f350abb6 name=User_17_56
2025/11/08 14:46:51 INFO session updated token=3c8b2ec0-ac9b-46d8-a199-a1e4f350abb6 tableID=0xc000410150 seatIndex=0xc000414110
2025/11/08 14:46:51 INFO session removed token=3c8b2ec0-ac9b-46d8-a199-a1e4f350abb6
2025/11/08 14:46:51 INFO session created token=c04757ae-ef22-4f1b-b7eb-43918005edaf name=User_17_57
2025/11/08 14:46:51 INFO session updated token=c04757ae-ef22-4f1b-b7eb-43918005edaf tableID=0xc0004101a0 seatIndex=0xc000414160
2025/11/08 14:46:51 INFO session removed token=c04757ae-ef22-4f1b-b7eb-43918005edaf
2025/11/08 14:46:51 INFO session created token=271b2ba6-a81f-4884-9bc0-7a5bb3cce1e8 name=User_17_58
2025/11/08 14:46:51 INFO session updated token=271b2ba6-a81f-4884-9bc0-7a5bb3cce1e8 tableID=0xc0004101f0 seatIndex=0xc0004141b0
2025/11/08 14:46:51 INFO session removed token=271b2ba6-a81f-4884-9bc0-7a5bb3cce1e8
2025/11/08 14:46:51 INFO session updated token=518442c0-be99-4c82-b098-8f7f454311a0 tableID=0xc0003cbae0 seatIndex=0xc0003cd8f0
2025/11/08 14:46:51 INFO session removed token=518442c0-be99-4c82-b098-8f7f454311a0
2025/11/08 14:46:51 INFO session created token=f07965b9-7507-404d-b8a5-c291febc3d0e name=User_99_86
2025/11/08 14:46:51 INFO session created token=3c961ada-66b2-46db-8a7f-8744344c0585 name=User_12_84
2025/11/08 14:46:51 INFO session updated token=f07965b9-7507-404d-b8a5-c291febc3d0e tableID=0xc0002fdb00 seatIndex=0xc0002f9e10
2025/11/08 14:46:51 INFO session updated token=c924b928-c7b4-4a52-88c9-ac7b97a6e284 tableID=0xc0003cb6a0 seatIndex=0xc0003cd4b0
2025/11/08 14:46:51 INFO session created token=4ab90a1e-d80c-48cc-a8ff-dbedac1bfb3c name=User_13_46
2025/11/08 14:46:51 INFO session updated token=4ab90a1e-d80c-48cc-a8ff-dbedac1bfb3c tableID=0xc0002fdb60 seatIndex=0xc0002f9e70
2025/11/08 14:46:51 INFO session removed token=4ab90a1e-d80c-48cc-a8ff-dbedac1bfb3c
2025/11/08 14:46:51 INFO session created token=85a6e785-cd16-4298-b176-332d697d3ed3 name=User_13_47
2025/11/08 14:46:51 INFO session updated token=85a6e785-cd16-4298-b176-332d697d3ed3 tableID=0xc0002fdbb0 seatIndex=0xc0002f9ec0
2025/11/08 14:46:51 INFO session removed token=85a6e785-cd16-4298-b176-332d697d3ed3
2025/11/08 14:46:51 INFO session created token=3cab521b-f989-4696-8332-59244dc1fb19 name=User_13_48
2025/11/08 14:46:51 INFO session updated token=3cab521b-f989-4696-8332-59244dc1fb19 tableID=0xc0002fdc00 seatIndex=0xc0002f9f10
2025/11/08 14:46:51 INFO session removed token=3cab521b-f989-4696-8332-59244dc1fb19
2025/11/08 14:46:51 INFO session created token=07218510-1314-4ae8-9000-f42fdb05d7ca name=User_13_49
2025/11/08 14:46:51 INFO session updated token=07218510-1314-4ae8-9000-f42fdb05d7ca tableID=0xc0002fdc50 seatIndex=0xc0002f9f60
2025/11/08 14:46:51 INFO session removed token=07218510-1314-4ae8-9000-f42fdb05d7ca
2025/11/08 14:46:51 INFO session created token=a54766c7-47dd-46d1-9f45-5dc7eb585b75 name=User_13_50
2025/11/08 14:46:51 INFO session updated token=a54766c7-47dd-46d1-9f45-5dc7eb585b75 tableID=0xc0002fdca0 seatIndex=0xc0002f9fb0
2025/11/08 14:46:51 INFO session removed token=a54766c7-47dd-46d1-9f45-5dc7eb585b75
2025/11/08 14:46:51 INFO session removed token=c924b928-c7b4-4a52-88c9-ac7b97a6e284
2025/11/08 14:46:51 INFO session created token=657626ac-a464-4469-b2c9-b9ed929dc00a name=User_13_51
2025/11/08 14:46:51 INFO session created token=3719df49-7710-4fa1-9600-50df6057f93e name=User_33_69
2025/11/08 14:46:51 INFO session updated token=657626ac-a464-4469-b2c9-b9ed929dc00a tableID=0xc0002fdcf0 seatIndex=0xc000482000
2025/11/08 14:46:51 INFO session removed token=657626ac-a464-4469-b2c9-b9ed929dc00a
2025/11/08 14:46:51 INFO session created token=29d72e53-dcfc-46f5-a0eb-2dbcf7cec956 name=User_13_52
2025/11/08 14:46:51 INFO session updated token=29d72e53-dcfc-46f5-a0eb-2dbcf7cec956 tableID=0xc0002fdd50 seatIndex=0xc000482060
2025/11/08 14:46:51 INFO session removed token=29d72e53-dcfc-46f5-a0eb-2dbcf7cec956
2025/11/08 14:46:51 INFO session created token=954a474d-7a79-4790-bc86-3b615313ce75 name=User_13_53
2025/11/08 14:46:51 INFO session updated token=954a474d-7a79-4790-bc86-3b615313ce75 tableID=0xc0002fdda0 seatIndex=0xc0004820b0
2025/11/08 14:46:51 INFO session removed token=954a474d-7a79-4790-bc86-3b615313ce75
2025/11/08 14:46:51 INFO session created token=d555e7bd-06c5-45ce-ac44-a94cebbab0ff name=User_13_54
2025/11/08 14:46:51 INFO session updated token=d555e7bd-06c5-45ce-ac44-a94cebbab0ff tableID=0xc0002fddf0 seatIndex=0xc000482100
2025/11/08 14:46:51 INFO session removed token=d555e7bd-06c5-45ce-ac44-a94cebbab0ff
2025/11/08 14:46:51 INFO session created token=4e00988c-86f3-49e7-bc4f-c44cab7596a2 name=User_13_55
2025/11/08 14:46:51 INFO session updated token=4e00988c-86f3-49e7-bc4f-c44cab7596a2 tableID=0xc0002fde40 seatIndex=0xc000482150
2025/11/08 14:46:51 INFO session removed token=4e00988c-86f3-49e7-bc4f-c44cab7596a2
2025/11/08 14:46:51 INFO session created token=817a4926-f6e1-4707-91cf-6763154225e7 name=User_13_56
2025/11/08 14:46:51 INFO session removed token=93db4ffe-abfa-40e0-81f7-54a8f1e67b9e
2025/11/08 14:46:51 INFO session created token=86d0d893-4145-4799-9634-ab24bd478686 name=User_56_46
2025/11/08 14:46:51 INFO session updated token=86d0d893-4145-4799-9634-ab24bd478686 tableID=0xc000252480 seatIndex=0xc00026e080
2025/11/08 14:46:51 INFO session removed token=86d0d893-4145-4799-9634-ab24bd478686
2025/11/08 14:46:51 INFO session created token=3057bb5c-9fdd-481b-9207-6cdf1cf7e278 name=User_56_47
2025/11/08 14:46:51 INFO session updated token=3057bb5c-9fdd-481b-9207-6cdf1cf7e278 tableID=0xc0002524d0 seatIndex=0xc00026e0d0
2025/11/08 14:46:51 INFO session removed token=3057bb5c-9fdd-481b-9207-6cdf1cf7e278
2025/11/08 14:46:51 INFO session created token=53ae705a-fa99-4511-a193-e47dba79d1ea name=User_56_48
2025/11/08 14:46:51 INFO session updated token=53ae705a-fa99-4511-a193-e47dba79d1ea tableID=0xc000252520 seatIndex=0xc00026e120
2025/11/08 14:46:51 INFO session removed token=53ae705a-fa99-4511-a193-e47dba79d1ea
2025/11/08 14:46:51 INFO session created token=297fa4d4-aaec-41d3-ba71-cfd3abeb0366 name=User_56_49
2025/11/08 14:46:51 INFO session updated token=297fa4d4-aaec-41d3-ba71-cfd3abeb0366 tableID=0xc000252570 seatIndex=0xc00026e170
2025/11/08 14:46:51 INFO session removed token=297fa4d4-aaec-41d3-ba71-cfd3abeb0366
2025/11/08 14:46:51 INFO session created token=8d4f19e5-a9c9-4f71-8082-f2d0f2028744 name=User_56_50
2025/11/08 14:46:51 INFO session updated token=8d4f19e5-a9c9-4f71-8082-f2d0f2028744 tableID=0xc0002525c0 seatIndex=0xc00026e1c0
2025/11/08 14:46:51 INFO session removed token=8d4f19e5-a9c9-4f71-8082-f2d0f2028744
2025/11/08 14:46:51 INFO session created token=954fca04-1dc3-4e4b-92a8-d578f0a336ce name=User_56_51
2025/11/08 14:46:51 INFO session updated token=954fca04-1dc3-4e4b-92a8-d578f0a336ce tableID=0xc000252610 seatIndex=0xc00026e210
2025/11/08 14:46:51 INFO session removed token=954fca04-1dc3-4e4b-92a8-d578f0a336ce
2025/11/08 14:46:51 INFO session updated token=3719df49-7710-4fa1-9600-50df6057f93e tableID=0xc0002fdd10 seatIndex=0xc000482030
2025/11/08 14:46:51 INFO session removed token=3719df49-7710-4fa1-9600-50df6057f93e
2025/11/08 14:46:51 INFO session created token=9fc3f469-abdc-4733-854a-19d63f3a6a06 name=User_33_70
2025/11/08 14:46:51 INFO session updated token=9fc3f469-abdc-4733-854a-19d63f3a6a06 tableID=0xc0004102b0 seatIndex=0xc000414260
2025/11/08 14:46:51 INFO session removed token=9fc3f469-abdc-4733-854a-19d63f3a6a06
2025/11/08 14:46:51 INFO session created token=3a15d478-9ce2-401a-b7ad-e5abf6a2c52d name=User_33_71
2025/11/08 14:46:51 INFO session updated token=3a15d478-9ce2-401a-b7ad-e5abf6a2c52d tableID=0xc000410300 seatIndex=0xc0004142b0
2025/11/08 14:46:51 INFO session removed token=3a15d478-9ce2-401a-b7ad-e5abf6a2c52d
2025/11/08 14:46:51 INFO session created token=00d4ae66-de6a-4b8b-ab2a-6baa29d6f2ef name=User_33_72
2025/11/08 14:46:51 INFO session updated token=00d4ae66-de6a-4b8b-ab2a-6baa29d6f2ef tableID=0xc000410350 seatIndex=0xc000414300
2025/11/08 14:46:51 INFO session removed token=00d4ae66-de6a-4b8b-ab2a-6baa29d6f2ef
2025/11/08 14:46:51 INFO session created token=686d4998-a52b-4df2-98ee-f0f1c00e4d94 name=User_33_73
2025/11/08 14:46:51 INFO session updated token=686d4998-a52b-4df2-98ee-f0f1c00e4d94 tableID=0xc0004103a0 seatIndex=0xc000414350
2025/11/08 14:46:51 INFO session removed token=686d4998-a52b-4df2-98ee-f0f1c00e4d94
2025/11/08 14:46:51 INFO session created token=6391e1f6-b5aa-4fbe-bbac-98cf1bc6c688 name=User_33_74
2025/11/08 14:46:51 INFO session updated token=6391e1f6-b5aa-4fbe-bbac-98cf1bc6c688 tableID=0xc0004103f0 seatIndex=0xc0004143a0
2025/11/08 14:46:51 INFO session removed token=6391e1f6-b5aa-4fbe-bbac-98cf1bc6c688
2025/11/08 14:46:51 INFO session created token=41b0b0eb-f779-438e-8a54-e85e813b1f9c name=User_33_75
2025/11/08 14:46:51 INFO session updated token=41b0b0eb-f779-438e-8a54-e85e813b1f9c tableID=0xc000410440 seatIndex=0xc0004143f0
2025/11/08 14:46:51 INFO session removed token=41b0b0eb-f779-438e-8a54-e85e813b1f9c
2025/11/08 14:46:51 INFO session created token=4014070b-ab63-44f2-a906-b9e2fa93a15b name=User_33_76
2025/11/08 14:46:51 INFO session created token=e9a1ffa5-fe45-4441-8a8d-a7a3171975aa name=User_4_75
2025/11/08 14:46:51 INFO session updated token=1d1138a6-058d-4f21-8759-246750406ae5 tableID=0xc000409640 seatIndex=0xc00040b5f0
2025/11/08 14:46:51 INFO session removed token=1d1138a6-058d-4f21-8759-246750406ae5
2025/11/08 14:46:51 INFO session created token=2919db03-6ee2-48e8-8d18-fb1c79f5d5b5 name=User_64_30
2025/11/08 14:46:51 INFO session updated token=2919db03-6ee2-48e8-8d18-fb1c79f5d5b5 tableID=0xc0002526c0 seatIndex=0xc00026e2c0
2025/11/08 14:46:51 INFO session removed token=2919db03-6ee2-48e8-8d18-fb1c79f5d5b5
2025/11/08 14:46:51 INFO session created token=22c6b1dc-6995-49a5-9f18-f99a0b6811a0 name=User_64_31
2025/11/08 14:46:51 INFO session updated token=22c6b1dc-6995-49a5-9f18-f99a0b6811a0 tableID=0xc000252710 seatIndex=0xc00026e310
2025/11/08 14:46:51 INFO session removed token=22c6b1dc-6995-49a5-9f18-f99a0b6811a0
2025/11/08 14:46:51 INFO session created token=fafb51ae-0824-4348-b02c-72c0a5956448 name=User_64_32
2025/11/08 14:46:51 INFO session updated token=fafb51ae-0824-4348-b02c-72c0a5956448 tableID=0xc000252760 seatIndex=0xc00026e360
2025/11/08 14:46:51 INFO session removed token=fafb51ae-0824-4348-b02c-72c0a5956448
2025/11/08 14:46:51 INFO session created token=c3f6415e-6485-420a-aaa4-4322a9d67acd name=User_64_33
2025/11/08 14:46:51 INFO session updated token=c3f6415e-6485-420a-aaa4-4322a9d67acd tableID=0xc0002527b0 seatIndex=0xc00026e3b0
2025/11/08 14:46:51 INFO session removed token=c3f6415e-6485-420a-aaa4-4322a9d67acd
2025/11/08 14:46:51 INFO session created token=76798017-d37e-45b8-8907-4c1499350508 name=User_64_34
2025/11/08 14:46:51 INFO session updated token=76798017-d37e-45b8-8907-4c1499350508 tableID=0xc000252800 seatIndex=0xc00026e400
2025/11/08 14:46:51 INFO session removed token=76798017-d37e-45b8-8907-4c1499350508
2025/11/08 14:46:51 INFO session created token=901efb4a-7765-4fd6-9386-5f9f9f71396f name=User_64_35
2025/11/08 14:46:51 INFO session updated token=901efb4a-7765-4fd6-9386-5f9f9f71396f tableID=0xc000252850 seatIndex=0xc00026e450
2025/11/08 14:46:51 INFO session removed token=901efb4a-7765-4fd6-9386-5f9f9f71396f
2025/11/08 14:46:51 INFO session created token=94013924-de49-40b9-b9d2-a159e48c5997 name=User_64_36
2025/11/08 14:46:51 INFO session updated token=94013924-de49-40b9-b9d2-a159e48c5997 tableID=0xc0002528a0 seatIndex=0xc00026e4a0
2025/11/08 14:46:51 INFO session removed token=94013924-de49-40b9-b9d2-a159e48c5997
2025/11/08 14:46:51 INFO session created token=999e98a8-2033-40a8-91db-665950c383ee name=User_64_37
2025/11/08 14:46:51 INFO session updated token=999e98a8-2033-40a8-91db-665950c383ee tableID=0xc0002528f0 seatIndex=0xc00026e4f0
2025/11/08 14:46:51 INFO session removed token=999e98a8-2033-40a8-91db-665950c383ee
2025/11/08 14:46:51 INFO session created token=2cd6f267-69fc-464b-861c-a9c61eccd350 name=User_64_38
2025/11/08 14:46:51 INFO session updated token=2cd6f267-69fc-464b-861c-a9c61eccd350 tableID=0xc000252940 seatIndex=0xc00026e540
2025/11/08 14:46:51 INFO session removed token=2cd6f267-69fc-464b-861c-a9c61eccd350
2025/11/08 14:46:51 INFO session created token=41a07c78-4739-4a0c-b913-9ad107d8c99f name=User_64_39
2025/11/08 14:46:51 INFO session updated token=41a07c78-4739-4a0c-b913-9ad107d8c99f tableID=0xc000252990 seatIndex=0xc00026e590
2025/11/08 14:46:51 INFO session removed token=41a07c78-4739-4a0c-b913-9ad107d8c99f
2025/11/08 14:46:51 INFO session created token=74d62bb4-b7fb-4454-abca-7671efcebfeb name=User_64_40
2025/11/08 14:46:51 INFO session created token=2a807cc1-1f70-4bbb-bed7-d6ca7e25fcc2 name=User_97_94
2025/11/08 14:46:51 INFO session updated token=74d62bb4-b7fb-4454-abca-7671efcebfeb tableID=0xc0002529e0 seatIndex=0xc00026e5e0
2025/11/08 14:46:51 INFO session removed token=74d62bb4-b7fb-4454-abca-7671efcebfeb
2025/11/08 14:46:51 INFO session created token=80151ea8-1f7e-4dc3-8892-149dccdaafec name=User_64_41
2025/11/08 14:46:51 INFO session updated token=80151ea8-1f7e-4dc3-8892-149dccdaafec tableID=0xc000252a40 seatIndex=0xc00026e640
2025/11/08 14:46:51 INFO session removed token=80151ea8-1f7e-4dc3-8892-149dccdaafec
2025/11/08 14:46:51 INFO session created token=2e534b2a-ff0d-49ca-bf0b-d0f07145f922 name=User_64_42
2025/11/08 14:46:51 INFO session updated token=2e534b2a-ff0d-49ca-bf0b-d0f07145f922 tableID=0xc000252a90 seatIndex=0xc00026e690
2025/11/08 14:46:51 INFO session removed token=2e534b2a-ff0d-49ca-bf0b-d0f07145f922
2025/11/08 14:46:51 INFO session created token=2a3738c9-367c-41d1-8df1-dd841a4fc5b7 name=User_64_43
2025/11/08 14:46:51 INFO session updated token=2a3738c9-367c-41d1-8df1-dd841a4fc5b7 tableID=0xc000252ae0 seatIndex=0xc00026e6e0
2025/11/08 14:46:51 INFO session removed token=2a3738c9-367c-41d1-8df1-dd841a4fc5b7
2025/11/08 14:46:51 INFO session created token=72cfa6a1-8802-44e7-97a8-06a5bfaa4baf name=User_64_44
2025/11/08 14:46:51 INFO session updated token=72cfa6a1-8802-44e7-97a8-06a5bfaa4baf tableID=0xc000252b30 seatIndex=0xc00026e730
2025/11/08 14:46:51 INFO session removed token=72cfa6a1-8802-44e7-97a8-06a5bfaa4baf
2025/11/08 14:46:51 INFO session created token=97565ef6-31db-40cb-a7fe-d97f27c3ec46 name=User_64_45
2025/11/08 14:46:51 INFO session updated token=97565ef6-31db-40cb-a7fe-d97f27c3ec46 tableID=0xc000252b80 seatIndex=0xc00026e780
2025/11/08 14:46:51 INFO session removed token=97565ef6-31db-40cb-a7fe-d97f27c3ec46
2025/11/08 14:46:51 INFO session created token=1c1ddebc-98e9-4287-a66f-a250e826edc5 name=User_64_46
2025/11/08 14:46:51 INFO session updated token=1c1ddebc-98e9-4287-a66f-a250e826edc5 tableID=0xc000252bd0 seatIndex=0xc00026e7d0
2025/11/08 14:46:51 INFO session removed token=1c1ddebc-98e9-4287-a66f-a250e826edc5
2025/11/08 14:46:51 INFO session created token=3301918f-f000-484e-847b-45c2de172950 name=User_64_47
2025/11/08 14:46:51 INFO session created token=e6ed9a68-1cb7-4168-8d56-5b57e42f6194 name=User_54_59
2025/11/08 14:46:51 INFO session updated token=3301918f-f000-484e-847b-45c2de172950 tableID=0xc000252c20 seatIndex=0xc00026e820
2025/11/08 14:46:51 INFO session removed token=3301918f-f000-484e-847b-45c2de172950
2025/11/08 14:46:51 INFO session created token=a5ae79d2-4aa7-4fa1-8427-59271bc1ff59 name=User_64_48
2025/11/08 14:46:51 INFO session updated token=a5ae79d2-4aa7-4fa1-8427-59271bc1ff59 tableID=0xc000252c80 seatIndex=0xc00026e880
2025/11/08 14:46:51 INFO session removed token=a5ae79d2-4aa7-4fa1-8427-59271bc1ff59
2025/11/08 14:46:51 INFO session updated token=5a9e7c72-ff91-4a2a-8418-cf742da08ba0 tableID=0xc000409e60 seatIndex=0xc00040be10
2025/11/08 14:46:51 INFO session removed token=5a9e7c72-ff91-4a2a-8418-cf742da08ba0
2025/11/08 14:46:51 INFO session created token=61921856-a974-45b0-ab6f-e972f86b7963 name=User_14_57
2025/11/08 14:46:51 INFO session updated token=61921856-a974-45b0-ab6f-e972f86b7963 tableID=0xc0002fdf10 seatIndex=0xc0004821e0
2025/11/08 14:46:51 INFO session removed token=61921856-a974-45b0-ab6f-e972f86b7963
2025/11/08 14:46:51 INFO session created token=13bf210d-4d19-4edf-806d-9765dff88511 name=User_14_58
2025/11/08 14:46:51 INFO session updated token=13bf210d-4d19-4edf-806d-9765dff88511 tableID=0xc0002fdf60 seatIndex=0xc000482230
2025/11/08 14:46:51 INFO session removed token=13bf210d-4d19-4edf-806d-9765dff88511
2025/11/08 14:46:51 INFO session created token=77711910-f539-431a-a245-3d589f3048e3 name=User_14_59
2025/11/08 14:46:51 INFO session updated token=77711910-f539-431a-a245-3d589f3048e3 tableID=0xc000484030 seatIndex=0xc000482280
2025/11/08 14:46:51 INFO session removed token=77711910-f539-431a-a245-3d589f3048e3
2025/11/08 14:46:51 INFO session created token=2241fee5-db3b-453b-86d2-0f30f9767bb2 name=User_14_60
2025/11/08 14:46:51 INFO session updated token=2241fee5-db3b-453b-86d2-0f30f9767bb2 tableID=0xc000484080 seatIndex=0xc0004822d0
2025/11/08 14:46:51 INFO session removed token=2241fee5-db3b-453b-86d2-0f30f9767bb2
2025/11/08 14:46:51 INFO session created token=645457ed-9107-44f4-becb-77de1a1422dc name=User_14_61
2025/11/08 14:46:51 INFO session updated token=645457ed-9107-44f4-becb-77de1a1422dc tableID=0xc0004840d0 seatIndex=0xc000482320
2025/11/08 14:46:51 INFO session removed token=645457ed-9107-44f4-becb-77de1a1422dc
2025/11/08 14:46:51 INFO session created token=0c29678b-14a6-4cd8-ac34-005b7c916a59 name=User_14_62
2025/11/08 14:46:51 INFO session updated token=0c29678b-14a6-4cd8-ac34-005b7c916a59 tableID=0xc000484120 seatIndex=0xc000482370
2025/11/08 14:46:51 INFO session removed token=0c29678b-14a6-4cd8-ac34-005b7c916a59
2025/11/08 14:46:51 INFO session created token=542f3442-bf7a-4eb2-8fa5-c2a63ead46d9 name=User_53_58
2025/11/08 14:46:51 INFO session created token=c0d3ba66-a655-44de-bcb1-90f60967494f name=User_14_63
2025/11/08 14:46:51 INFO session updated token=542f3442-bf7a-4eb2-8fa5-c2a63ead46d9 tableID=0xc000252cd0 seatIndex=0xc00026e8d0
2025/11/08 14:46:51 INFO session removed token=542f3442-bf7a-4eb2-8fa5-c2a63ead46d9
2025/11/08 14:46:51 INFO session created token=062afdc0-ef13-4109-8e68-2a75173aad85 name=User_53_59
2025/11/08 14:46:51 INFO session updated token=062afdc0-ef13-4109-8e68-2a75173aad85 tableID=0xc000252d30 seatIndex=0xc00026e930
2025/11/08 14:46:51 INFO session removed token=062afdc0-ef13-4109-8e68-2a75173aad85
2025/11/08 14:46:51 INFO session created token=e4cb3e21-a2d1-4faa-8fec-92d08282123a name=User_53_60
2025/11/08 14:46:51 INFO session updated token=e4cb3e21-a2d1-4faa-8fec-92d08282123a tableID=0xc000252d80 seatIndex=0xc00026e980
2025/11/08 14:46:51 INFO session removed token=e4cb3e21-a2d1-4faa-8fec-92d08282123a
2025/11/08 14:46:51 INFO session created token=1d2eeaa4-b6b5-4667-8097-17bb5de6b80e name=User_53_61
2025/11/08 14:46:51 INFO session updated token=1d2eeaa4-b6b5-4667-8097-17bb5de6b80e tableID=0xc000252dd0 seatIndex=0xc00026e9d0
2025/11/08 14:46:51 INFO session removed token=1d2eeaa4-b6b5-4667-8097-17bb5de6b80e
2025/11/08 14:46:51 INFO session created token=decc6d9d-77a1-4793-8f32-741dac05e1c4 name=User_53_62
2025/11/08 14:46:51 INFO session updated token=decc6d9d-77a1-4793-8f32-741dac05e1c4 tableID=0xc000252e20 seatIndex=0xc00026ea20
2025/11/08 14:46:51 INFO session removed token=decc6d9d-77a1-4793-8f32-741dac05e1c4
2025/11/08 14:46:51 INFO session created token=a66a53f6-470f-42dc-a654-eaa9709ef644 name=User_53_63
2025/11/08 14:46:51 INFO session updated token=a66a53f6-470f-42dc-a654-eaa9709ef644 tableID=0xc000252e70 seatIndex=0xc00026ea70
2025/11/08 14:46:51 INFO session removed token=a66a53f6-470f-42dc-a654-eaa9709ef644
2025/11/08 14:46:51 INFO session created token=b091b4bd-eb83-4f52-a315-34b4b90fcdc6 name=User_53_64
2025/11/08 14:46:51 INFO session created token=b57989d5-c82b-48d2-b015-67a34e7f5191 name=User_79_47
2025/11/08 14:46:51 INFO session updated token=b091b4bd-eb83-4f52-a315-34b4b90fcdc6 tableID=0xc000252ec0 seatIndex=0xc00026eac0
2025/11/08 14:46:51 INFO session removed token=b091b4bd-eb83-4f52-a315-34b4b90fcdc6
2025/11/08 14:46:51 INFO session created token=9690ad78-16eb-42f4-b5e0-74917c9cbdb7 name=User_11_77
2025/11/08 14:46:51 INFO session updated token=9690ad78-16eb-42f4-b5e0-74917c9cbdb7 tableID=0xc000252ee0 seatIndex=0xc00026eaf0
2025/11/08 14:46:51 INFO session removed token=9690ad78-16eb-42f4-b5e0-74917c9cbdb7
2025/11/08 14:46:51 INFO session created token=814c6252-87d0-44c7-8ad0-7b5beece88c9 name=User_11_78
2025/11/08 14:46:51 INFO session updated token=814c6252-87d0-44c7-8ad0-7b5beece88c9 tableID=0xc000252f30 seatIndex=0xc00026eb40
2025/11/08 14:46:51 INFO session removed token=814c6252-87d0-44c7-8ad0-7b5beece88c9
2025/11/08 14:46:51 INFO session created token=427ff5f9-cfa8-4c3b-b202-233ac9b0c91a name=User_11_79
2025/11/08 14:46:51 INFO session updated token=427ff5f9-cfa8-4c3b-b202-233ac9b0c91a tableID=0xc000252f80 seatIndex=0xc00026eb90
2025/11/08 14:46:51 INFO session removed token=427ff5f9-cfa8-4c3b-b202-233ac9b0c91a
2025/11/08 14:46:51 INFO session created token=4f58537e-e649-4879-9e8a-22fca664c3aa name=User_11_80
2025/11/08 14:46:51 INFO session updated token=4f58537e-e649-4879-9e8a-22fca664c3aa tableID=0xc000252fd0 seatIndex=0xc00026ebe0
2025/11/08 14:46:51 INFO session removed token=4f58537e-e649-4879-9e8a-22fca664c3aa
2025/11/08 14:46:51 INFO session created token=da816774-56a4-4fa7-8881-06e595c37535 name=User_11_81
2025/11/08 14:46:51 INFO session updated token=da816774-56a4-4fa7-8881-06e595c37535 tableID=0xc000253020 seatIndex=0xc00026ec30
2025/11/08 14:46:51 INFO session removed token=da816774-56a4-4fa7-8881-06e595c37535
2025/11/08 14:46:51 INFO session created token=c6014caa-e91c-40cc-90c9-a042440ba0b6 name=User_11_82
2025/11/08 14:46:51 INFO session updated token=c0d3ba66-a655-44de-bcb1-90f60967494f tableID=0xc000252cf0 seatIndex=0xc00026e900
2025/11/08 14:46:51 INFO session removed token=c0d3ba66-a655-44de-bcb1-90f60967494f
2025/11/08 14:46:51 INFO session created token=516ae590-66fd-446d-a9d8-dadc1c51e1dc name=User_14_64
2025/11/08 14:46:51 INFO session updated token=516ae590-66fd-446d-a9d8-dadc1c51e1dc tableID=0xc0004841c0 seatIndex=0xc000482410
2025/11/08 14:46:51 INFO session removed token=516ae590-66fd-446d-a9d8-dadc1c51e1dc
2025/11/08 14:46:51 INFO session created token=151ea0e2-c60f-4620-b2ed-e7db627ba633 name=User_14_65
2025/11/08 14:46:51 INFO session updated token=151ea0e2-c60f-4620-b2ed-e7db627ba633 tableID=0xc000484210 seatIndex=0xc000482460
2025/11/08 14:46:51 INFO session removed token=151ea0e2-c60f-4620-b2ed-e7db627ba633
2025/11/08 14:46:51 INFO session created token=0a300407-da0a-41ab-9aae-cbbfb4af18f9 name=User_14_66
2025/11/08 14:46:51 INFO session updated token=0a300407-da0a-41ab-9aae-cbbfb4af18f9 tableID=0xc000484260 seatIndex=0xc0004824b0
2025/11/08 14:46:51 INFO session removed token=0a300407-da0a-41ab-9aae-cbbfb4af18f9
2025/11/08 14:46:51 INFO session created token=a911f8a0-6974-405f-8d99-3b59ce2abc5e name=User_14_67
2025/11/08 14:46:51 INFO session updated token=a911f8a0-6974-405f-8d99-3b59ce2abc5e tableID=0xc0004842b0 seatIndex=0xc000482500
2025/11/08 14:46:51 INFO session removed token=a911f8a0-6974-405f-8d99-3b59ce2abc5e
2025/11/08 14:46:51 INFO session created token=2ce92f7b-193f-40aa-a729-0859279b61f9 name=User_14_68
2025/11/08 14:46:51 INFO session updated token=2ce92f7b-193f-40aa-a729-0859279b61f9 tableID=0xc000484300 seatIndex=0xc000482550
2025/11/08 14:46:51 INFO session removed token=2ce92f7b-193f-40aa-a729-0859279b61f9
2025/11/08 14:46:51 INFO session created token=53cde362-e7e9-41ba-b9e2-567d548ba3fb name=User_14_69
2025/11/08 14:46:51 INFO session created token=23bd4c53-03a3-43bd-9f93-18c3ff7b58fe name=User_53_65
2025/11/08 14:46:51 INFO session updated token=53cde362-e7e9-41ba-b9e2-567d548ba3fb tableID=0xc000484350 seatIndex=0xc0004825a0
2025/11/08 14:46:51 INFO session removed token=53cde362-e7e9-41ba-b9e2-567d548ba3fb
2025/11/08 14:46:51 INFO session removed token=bf082144-2d42-4633-9cfb-ee00ca0a83f1
2025/11/08 14:46:51 INFO session created token=dfbdfdb3-a6b6-4dda-b73b-ad4b735197ab name=User_14_70
2025/11/08 14:46:51 INFO session created token=b4cec753-8ca4-4a33-9d75-98d885d581c9 name=User_88_47
2025/11/08 14:46:51 INFO session updated token=dfbdfdb3-a6b6-4dda-b73b-ad4b735197ab tableID=0xc0004843b0 seatIndex=0xc000482600
2025/11/08 14:46:51 INFO session removed token=dfbdfdb3-a6b6-4dda-b73b-ad4b735197ab
2025/11/08 14:46:51 INFO session updated token=b32a6da2-a06c-460b-9dfc-eb98e167a8ad tableID=0xc0002d1ae0 seatIndex=0xc0002d5740
2025/11/08 14:46:51 INFO session removed token=b32a6da2-a06c-460b-9dfc-eb98e167a8ad
2025/11/08 14:46:51 INFO session created token=94b84c6f-384e-4ae4-87de-fdf337a20e05 name=User_63_40
2025/11/08 14:46:51 INFO session updated token=94b84c6f-384e-4ae4-87de-fdf337a20e05 tableID=0xc000410580 seatIndex=0xc0004144d0
2025/11/08 14:46:51 INFO session removed token=94b84c6f-384e-4ae4-87de-fdf337a20e05
2025/11/08 14:46:51 INFO session removed token=c30bc00e-fa29-4e40-9d7e-c4845d9687a7
2025/11/08 14:46:51 INFO session created token=f3a6889c-ab87-4c8f-b72a-1582f415e1d2 name=User_36_86
2025/11/08 14:46:51 INFO session created token=724c24c1-b55b-481c-9827-401cbe59093d name=User_63_41
2025/11/08 14:46:51 INFO session updated token=f3a6889c-ab87-4c8f-b72a-1582f415e1d2 tableID=0xc0002530a0 seatIndex=0xc00026eca0
2025/11/08 14:46:51 INFO session removed token=f3a6889c-ab87-4c8f-b72a-1582f415e1d2
2025/11/08 14:46:51 INFO session removed token=11f48075-ad81-485a-9cf1-9b76a834fd52
2025/11/08 14:46:51 INFO session removed token=1703e328-808c-4fed-8e26-b61f77c2e081
2025/11/08 14:46:51 INFO session created token=0130a4cf-b1a5-479d-b5eb-ed62c60d0ce1 name=User_75_50
2025/11/08 14:46:51 INFO session removed token=54b0beb0-8652-4706-8362-fa2bc02d0f0b
2025/11/08 14:46:51 INFO session created token=e60f81fc-fa51-40f6-9457-02837d3bbdb3 name=User_58_41
2025/11/08 14:46:51 INFO session removed token=ebddfc83-5968-4edd-aa4c-950eb9724f0f
2025/11/08 14:46:51 INFO session removed token=ea0ebe11-8835-4394-9ef4-02934c565bc9
2025/11/08 14:46:51 INFO session removed token=af7aee4d-0d89-4d48-90a8-e34a7ef773af
2025/11/08 14:46:51 INFO session removed token=d61a11ae-cb32-48f8-b6fb-7e546ba41fee
2025/11/08 14:46:51 INFO session removed token=86252514-1ca2-43ca-8398-f799e1ac5db4
2025/11/08 14:46:51 INFO session updated token=466e8865-9b0c-4f6f-aacb-7c7628abf71d tableID=0xc0003cb9d0 seatIndex=0xc0003cd800
2025/11/08 14:46:51 INFO session removed token=d9302e94-823f-4447-9aef-5b5e82208c55
2025/11/08 14:46:51 INFO session removed token=efebd552-5fe9-4dae-bd2a-1672677636cf
2025/11/08 14:46:51 INFO session updated token=3afd32c0-dbad-4abb-8409-1bc64647dab1 tableID=0xc0003cb9f0 seatIndex=0xc0003cd810
2025/11/08 14:46:51 INFO session updated token=71086a86-87ce-48eb-b148-e9f4ffe16700 tableID=0xc0003cba00 seatIndex=0xc0003cd820
2025/11/08 14:46:51 INFO session removed token=2d826af7-d1fd-43f0-9d51-edef4e8e77a3
2025/11/08 14:46:51 INFO session removed token=eab98b26-67b1-4bb0-a68e-20ac4a5509c4
2025/11/08 14:46:51 INFO session updated token=b48891b3-3267-4493-9208-322f92238eff tableID=0xc0002d1b30 seatIndex=0xc0002d5770
2025/11/08 14:46:51 INFO session updated token=5c25f833-cd84-441a-b136-33153b4bf356 tableID=0xc0002d1b50 seatIndex=0xc0002d57a0
2025/11/08 14:46:51 INFO session created token=aec9223b-df65-4730-bbc5-e45cda7c295a name=User_19_35
2025/11/08 14:46:51 INFO session removed token=6a5b1229-3d8c-4d5c-801d-81827c78a82e
2025/11/08 14:46:51 INFO session removed token=71086a86-87ce-48eb-b148-e9f4ffe16700
2025/11/08 14:46:51 INFO session created token=c62b4f85-de15-4724-884f-cce4522e7afb name=User_62_47
2025/11/08 14:46:51 INFO session created token=3f2abf60-2bb1-4bba-9013-900b1e029dee name=User_46_88
2025/11/08 14:46:51 INFO session removed token=466e8865-9b0c-4f6f-aacb-7c7628abf71d
2025/11/08 14:46:51 INFO session updated token=c62b4f85-de15-4724-884f-cce4522e7afb tableID=0xc0003cbc40 seatIndex=0xc0003cda40
2025/11/08 14:46:51 INFO session removed token=c62b4f85-de15-4724-884f-cce4522e7afb
2025/11/08 14:46:51 INFO session created token=76f1b66c-50a8-49cf-a6c6-2e5f1233aac6 name=User_62_48
2025/11/08 14:46:51 INFO session updated token=76f1b66c-50a8-49cf-a6c6-2e5f1233aac6 tableID=0xc000253190 seatIndex=0xc00026ee10
2025/11/08 14:46:51 INFO session removed token=76f1b66c-50a8-49cf-a6c6-2e5f1233aac6
2025/11/08 14:46:51 INFO session created token=7d573e74-de12-4b33-b163-1e9ad13227b7 name=User_62_49
2025/11/08 14:46:51 INFO session updated token=7d573e74-de12-4b33-b163-1e9ad13227b7 tableID=0xc0002531e0 seatIndex=0xc00026ee60
2025/11/08 14:46:51 INFO session removed token=7d573e74-de12-4b33-b163-1e9ad13227b7
2025/11/08 14:46:51 INFO session created token=933064c5-4098-4884-b86a-357300aa1abe name=User_62_50
2025/11/08 14:46:51 INFO session updated token=933064c5-4098-4884-b86a-357300aa1abe tableID=0xc000253230 seatIndex=0xc00026eeb0
2025/11/08 14:46:51 INFO session removed token=933064c5-4098-4884-b86a-357300aa1abe
2025/11/08 14:46:51 INFO session created token=746f6451-c611-4abd-a004-ed0f773a8f66 name=User_62_51
2025/11/08 14:46:51 INFO session updated token=746f6451-c611-4abd-a004-ed0f773a8f66 tableID=0xc000253280 seatIndex=0xc00026ef00
2025/11/08 14:46:51 INFO session removed token=746f6451-c611-4abd-a004-ed0f773a8f66
2025/11/08 14:46:51 INFO session created token=e394f56a-e712-4cbd-8f68-11fcb1eab97a name=User_62_52
2025/11/08 14:46:51 INFO session updated token=e394f56a-e712-4cbd-8f68-11fcb1eab97a tableID=0xc0002532d0 seatIndex=0xc00026ef50
2025/11/08 14:46:51 INFO session removed token=e394f56a-e712-4cbd-8f68-11fcb1eab97a
2025/11/08 14:46:51 INFO session created token=45a9b6ad-7bf5-4ac9-92c7-6233822cfb26 name=User_62_53
2025/11/08 14:46:51 INFO session updated token=45a9b6ad-7bf5-4ac9-92c7-6233822cfb26 tableID=0xc000253320 seatIndex=0xc00026efa0
2025/11/08 14:46:51 INFO session removed token=45a9b6ad-7bf5-4ac9-92c7-6233822cfb26
2025/11/08 14:46:51 INFO session created token=e0d7041c-f2a4-4e83-8af9-c1a16258e2c2 name=User_62_54
2025/11/08 14:46:51 INFO session updated token=e0d7041c-f2a4-4e83-8af9-c1a16258e2c2 tableID=0xc000253370 seatIndex=0xc00026eff0
2025/11/08 14:46:51 INFO session removed token=e0d7041c-f2a4-4e83-8af9-c1a16258e2c2
2025/11/08 14:46:51 INFO session created token=670a88e6-3724-444c-8a6f-cacdca656fb1 name=User_62_55
2025/11/08 14:46:51 INFO session updated token=670a88e6-3724-444c-8a6f-cacdca656fb1 tableID=0xc0002533c0 seatIndex=0xc00026f040
2025/11/08 14:46:51 INFO session removed token=670a88e6-3724-444c-8a6f-cacdca656fb1
2025/11/08 14:46:51 INFO session created token=c8e9af55-1e3f-4ba7-986e-7d963ebf61cc name=User_62_56
2025/11/08 14:46:51 INFO session updated token=c8e9af55-1e3f-4ba7-986e-7d963ebf61cc tableID=0xc000253410 seatIndex=0xc00026f090
2025/11/08 14:46:51 INFO session removed token=c8e9af55-1e3f-4ba7-986e-7d963ebf61cc
2025/11/08 14:46:51 INFO session created token=1c70ed09-a05f-4c03-9abf-3992bc631e33 name=User_62_57
2025/11/08 14:46:51 INFO session updated token=1c70ed09-a05f-4c03-9abf-3992bc631e33 tableID=0xc000253460 seatIndex=0xc00026f0e0
2025/11/08 14:46:51 INFO session removed token=1c70ed09-a05f-4c03-9abf-3992bc631e33
2025/11/08 14:46:51 INFO session updated token=fa13821c-b88e-4d38-945d-c809d026dadc tableID=0xc0002d1b80 seatIndex=0xc0002d57f0
2025/11/08 14:46:51 INFO session removed token=fa13821c-b88e-4d38-945d-c809d026dadc
2025/11/08 14:46:51 INFO session created token=049abb51-e283-4702-be8d-45234d0d1795 name=User_42_60
2025/11/08 14:46:51 INFO session updated token=049abb51-e283-4702-be8d-45234d0d1795 tableID=0xc0003cbc90 seatIndex=0xc0003cda90
2025/11/08 14:46:51 INFO session removed token=049abb51-e283-4702-be8d-45234d0d1795
2025/11/08 14:46:51 INFO session created token=6df2592e-b42d-4a60-9bf9-d15d66f11c57 name=User_42_61
2025/11/08 14:46:51 INFO session updated token=6df2592e-b42d-4a60-9bf9-d15d66f11c57 tableID=0xc0003cbce0 seatIndex=0xc0003cdae0
2025/11/08 14:46:51 INFO session removed token=6df2592e-b42d-4a60-9bf9-d15d66f11c57
2025/11/08 14:46:51 INFO session created token=2c16227b-19c5-4c2d-a61d-b19728c274dc name=User_42_62
2025/11/08 14:46:51 INFO session updated token=2c16227b-19c5-4c2d-a61d-b19728c274dc tableID=0xc0003cbd30 seatIndex=0xc0003cdb30
2025/11/08 14:46:51 INFO session removed token=2c16227b-19c5-4c2d-a61d-b19728c274dc
2025/11/08 14:46:51 INFO session created token=f7f533d4-6888-4b62-82b4-27865d6579d2 name=User_42_63
2025/11/08 14:46:51 INFO session updated token=f7f533d4-6888-4b62-82b4-27865d6579d2 tableID=0xc0003cbd80 seatIndex=0xc0003cdb80
2025/11/08 14:46:51 INFO session removed token=f7f533d4-6888-4b62-82b4-27865d6579d2
2025/11/08 14:46:51 INFO session created token=026ced07-3c1c-49e9-9c94-22b85db1d1ff name=User_42_64
2025/11/08 14:46:51 INFO session updated token=026ced07-3c1c-49e9-9c94-22b85db1d1ff tableID=0xc0003cbdd0 seatIndex=0xc0003cdbd0
2025/11/08 14:46:51 INFO session removed token=026ced07-3c1c-49e9-9c94-22b85db1d1ff
2025/11/08 14:46:51 INFO session created token=12172ed2-0f77-4f3d-b79e-8ad39d8f33e0 name=User_42_65
2025/11/08 14:46:51 INFO session removed token=ba2514a8-c51b-4561-be30-35752e182f91
2025/11/08 14:46:51 INFO session removed token=753a0615-9013-4c7c-a0e3-d6ddb78325ce
2025/11/08 14:46:51 INFO session created token=4a9f5db5-110c-44e3-a7f2-9a43c8797b4d name=User_30_70
2025/11/08 14:46:51 INFO session updated token=4a9f5db5-110c-44e3-a7f2-9a43c8797b4d tableID=0xc0003cbe50 seatIndex=0xc0003cdc30
2025/11/08 14:46:51 INFO session removed token=4a9f5db5-110c-44e3-a7f2-9a43c8797b4d
2025/11/08 14:46:51 INFO session created token=fa0dabee-2141-4309-89bf-2b99b1222496 name=User_30_71
2025/11/08 14:46:51 INFO session updated token=fa0dabee-2141-4309-89bf-2b99b1222496 tableID=0xc0003cbea0 seatIndex=0xc0003cdc80
2025/11/08 14:46:51 INFO session removed token=fa0dabee-2141-4309-89bf-2b99b1222496
2025/11/08 14:46:51 INFO session created token=ccae64b7-a25b-45c5-a6ec-f27e1f37f4e5 name=User_30_72
2025/11/08 14:46:51 INFO session updated token=ccae64b7-a25b-45c5-a6ec-f27e1f37f4e5 tableID=0xc0003cbef0 seatIndex=0xc0003cdcd0
2025/11/08 14:46:51 INFO session removed token=ccae64b7-a25b-45c5-a6ec-f27e1f37f4e5
2025/11/08 14:46:51 INFO session created token=4417a5b3-4201-49a7-a2db-23a1a0789304 name=User_30_73
2025/11/08 14:46:51 INFO session updated token=4417a5b3-4201-49a7-a2db-23a1a0789304 tableID=0xc0003cbf40 seatIndex=0xc0003cdd20
2025/11/08 14:46:51 INFO session removed token=4417a5b3-4201-49a7-a2db-23a1a0789304
2025/11/08 14:46:51 INFO session created token=4c33606e-daf2-4789-a607-7fff99785136 name=User_30_74
2025/11/08 14:46:51 INFO session updated token=4c33606e-daf2-4789-a607-7fff99785136 tableID=0xc0003d0010 seatIndex=0xc0003cdd70
2025/11/08 14:46:51 INFO session removed token=4c33606e-daf2-4789-a607-7fff99785136
2025/11/08 14:46:51 INFO session created token=cab43e65-0ad1-4e25-9733-e7e41ac37951 name=User_30_75
2025/11/08 14:46:51 INFO session updated token=cab43e65-0ad1-4e25-9733-e7e41ac37951 tableID=0xc0003d0060 seatIndex=0xc0003cddc0
2025/11/08 14:46:51 INFO session removed token=cab43e65-0ad1-4e25-9733-e7e41ac37951
2025/11/08 14:46:51 INFO session created token=c26a1e96-8b2b-44a4-9ff2-f6b133dc63a6 name=User_30_76
2025/11/08 14:46:51 INFO session created token=afb964ad-8b99-40ad-85b4-cfffc46926fb name=User_52_71
2025/11/08 14:46:51 INFO session removed token=2a936e34-0fe5-4677-9456-be2e9e301fa7
2025/11/08 14:46:51 INFO session updated token=2dae418f-cdd5-495f-93ca-8e66152fe10a tableID=0xc0003cba50 seatIndex=0xc0003cd870
2025/11/08 14:46:51 INFO session removed token=18d33ff7-a80b-42d4-93eb-6445ba9517de
2025/11/08 14:46:51 INFO session removed token=6077e240-71c2-4924-bd0c-d9388e7db451
2025/11/08 14:46:51 INFO session removed token=31eddf69-f65d-4c8f-97e3-f37f02cec439
2025/11/08 14:46:51 INFO session updated token=ee877637-b151-4ffb-bdd7-d245d4343151 tableID=0xc0003cbb00 seatIndex=0xc0003cd920
2025/11/08 14:46:51 INFO session updated token=c0477672-9fd4-4aff-a203-306073e66717 tableID=0xc000410020 seatIndex=0xc00040bff0
2025/11/08 14:46:51 INFO session updated token=3c961ada-66b2-46db-8a7f-8744344c0585 tableID=0xc0002fdb20 seatIndex=0xc0002f9e40
2025/11/08 14:46:51 INFO session removed token=f07965b9-7507-404d-b8a5-c291febc3d0e
2025/11/08 14:46:51 INFO session updated token=817a4926-f6e1-4707-91cf-6763154225e7 tableID=0xc000252450 seatIndex=0xc00026e070
2025/11/08 14:46:51 INFO session updated token=4014070b-ab63-44f2-a906-b9e2fa93a15b tableID=0xc000252670 seatIndex=0xc00026e280
2025/11/08 14:46:51 INFO session created token=372babc5-b31b-48ba-8cba-afc7d686ac77 name=User_98_49
2025/11/08 14:46:51 INFO session updated token=e9a1ffa5-fe45-4441-8a8d-a7a3171975aa tableID=0xc000252680 seatIndex=0xc00026e290
2025/11/08 14:46:51 INFO session created token=531a0b32-2a29-424b-9072-5231b42e8cab name=User_8_67
2025/11/08 14:46:51 INFO session created token=21841355-4a7a-46ff-8403-6a26d94e203e name=User_56_52
2025/11/08 14:46:51 INFO session updated token=2a807cc1-1f70-4bbb-bed7-d6ca7e25fcc2 tableID=0xc000252a00 seatIndex=0xc00026e610
2025/11/08 14:46:51 INFO session removed token=2a807cc1-1f70-4bbb-bed7-d6ca7e25fcc2
2025/11/08 14:46:51 INFO session created token=041809a7-7144-4189-bbe1-0c968e65abfb name=User_17_59
2025/11/08 14:46:51 INFO session removed token=3c961ada-66b2-46db-8a7f-8744344c0585
2025/11/08 14:46:51 INFO session created token=935d6f85-4c8b-4c0f-857f-fc1524828345 name=User_99_87
2025/11/08 14:46:51 INFO session updated token=935d6f85-4c8b-4c0f-857f-fc1524828345 tableID=0xc000253610 seatIndex=0xc00026f2c0
2025/11/08 14:46:51 INFO session removed token=935d6f85-4c8b-4c0f-857f-fc1524828345
2025/11/08 14:46:51 INFO session created token=b6b78023-e709-4d59-a07a-22bbdb5f68b2 name=User_99_88
2025/11/08 14:46:51 INFO session created token=2d402d48-dbc8-4556-862b-feb74388cb11 name=User_64_49
2025/11/08 14:46:51 INFO session created token=87dade86-4a08-4059-a394-ec3b3848f182 name=User_97_95
2025/11/08 14:46:51 INFO session updated token=b57989d5-c82b-48d2-b015-67a34e7f5191 tableID=0xc0004104d0 seatIndex=0xc000414440
2025/11/08 14:46:51 INFO session removed token=b57989d5-c82b-48d2-b015-67a34e7f5191
2025/11/08 14:46:51 INFO session updated token=c6014caa-e91c-40cc-90c9-a042440ba0b6 tableID=0xc000484180 seatIndex=0xc0004823e0
2025/11/08 14:46:51 INFO session removed token=c6014caa-e91c-40cc-90c9-a042440ba0b6
2025/11/08 14:46:51 INFO session created token=943ad3bb-2813-485b-a867-44498d6be1a9 name=User_11_83
2025/11/08 14:46:51 INFO session updated token=943ad3bb-2813-485b-a867-44498d6be1a9 tableID=0xc0004106c0 seatIndex=0xc0004145f0
2025/11/08 14:46:51 INFO session removed token=943ad3bb-2813-485b-a867-44498d6be1a9
2025/11/08 14:46:51 INFO session created token=3576dfde-c0a6-420b-9dfe-7da0c41db3f7 name=User_11_84
2025/11/08 14:46:51 INFO session updated token=3576dfde-c0a6-420b-9dfe-7da0c41db3f7 tableID=0xc000410710 seatIndex=0xc000414640
2025/11/08 14:46:51 INFO session removed token=3576dfde-c0a6-420b-9dfe-7da0c41db3f7
2025/11/08 14:46:51 INFO session created token=be7be50a-0cb2-41e6-ace2-875c1aedc4dc name=User_11_85
2025/11/08 14:46:51 INFO session updated token=be7be50a-0cb2-41e6-ace2-875c1aedc4dc tableID=0xc000410760 seatIndex=0xc000414690
2025/11/08 14:46:51 INFO session removed token=be7be50a-0cb2-41e6-ace2-875c1aedc4dc
2025/11/08 14:46:51 INFO session created token=4b5e01f4-8b2e-4c61-89af-fe61229c2343 name=User_11_86
2025/11/08 14:46:51 INFO session updated token=4b5e01f4-8b2e-4c61-89af-fe61229c2343 tableID=0xc0004107b0 seatIndex=0xc0004146e0
2025/11/08 14:46:51 INFO session removed token=4b5e01f4-8b2e-4c61-89af-fe61229c2343
2025/11/08 14:46:51 INFO session created token=11ead22a-4996-475b-a8e0-04deef44ecdd name=User_11_87
2025/11/08 14:46:51 INFO session updated token=11ead22a-4996-475b-a8e0-04deef44ecdd tableID=0xc000410800 seatIndex=0xc000414730
2025/11/08 14:46:51 INFO session removed token=11ead22a-4996-475b-a8e0-04deef44ecdd
2025/11/08 14:46:51 INFO session created token=783b67d5-748d-45ff-8f67-1e387fc919e4 name=User_0_99
2025/11/08 14:46:51 INFO session created token=2c35a8f3-caa1-4826-ae0c-1ced331c6aba name=User_11_88
2025/11/08 14:46:51 INFO session created token=8bd48cc0-9ba0-4c9b-96d5-d9ef57650382 name=User_79_48
2025/11/08 14:46:51 INFO session updated token=783b67d5-748d-45ff-8f67-1e387fc919e4 tableID=0xc000253680 seatIndex=0xc00026f310
2025/11/08 14:46:51 INFO session removed token=783b67d5-748d-45ff-8f67-1e387fc919e4
2025/11/08 14:46:51 INFO session updated token=2c35a8f3-caa1-4826-ae0c-1ced331c6aba tableID=0xc000410850 seatIndex=0xc000414780
2025/11/08 14:46:51 INFO session removed token=2c35a8f3-caa1-4826-ae0c-1ced331c6aba
2025/11/08 14:46:51 INFO session created token=8c60986e-c04e-49f0-a193-c7e03d4ebaba name=User_11_89
2025/11/08 14:46:51 INFO session updated token=8c60986e-c04e-49f0-a193-c7e03d4ebaba tableID=0xc0004108a0 seatIndex=0xc0004147d0
2025/11/08 14:46:51 INFO session removed token=8c60986e-c04e-49f0-a193-c7e03d4ebaba
2025/11/08 14:46:51 INFO session created token=e82ee5ea-1968-4295-9ad1-e4a72e32781a name=User_11_90
2025/11/08 14:46:51 INFO session updated token=e82ee5ea-1968-4295-9ad1-e4a72e32781a tableID=0xc0004108f0 seatIndex=0xc000414820
2025/11/08 14:46:51 INFO session removed token=e82ee5ea-1968-4295-9ad1-e4a72e32781a
2025/11/08 14:46:51 INFO session created token=a7cc1f1f-b8c6-4760-a222-414bad3005a9 name=User_11_91
2025/11/08 14:46:51 INFO session updated token=a7cc1f1f-b8c6-4760-a222-414bad3005a9 tableID=0xc000410940 seatIndex=0xc000414870
2025/11/08 14:46:51 INFO session removed token=a7cc1f1f-b8c6-4760-a222-414bad3005a9
2025/11/08 14:46:51 INFO session created token=fe1a09c9-b316-4083-a604-6e9679253003 name=User_11_92
2025/11/08 14:46:51 INFO session updated token=fe1a09c9-b316-4083-a604-6e9679253003 tableID=0xc000410990 seatIndex=0xc0004148c0
2025/11/08 14:46:51 INFO session removed token=fe1a09c9-b316-4083-a604-6e9679253003
2025/11/08 14:46:51 INFO session updated token=23bd4c53-03a3-43bd-9f93-18c3ff7b58fe tableID=0xc000484370 seatIndex=0xc0004825d0
2025/11/08 14:46:51 INFO session removed token=23bd4c53-03a3-43bd-9f93-18c3ff7b58fe
2025/11/08 14:46:51 INFO session created token=27ba41d1-0681-4c12-a55a-fd32db33cb8e name=User_53_66
2025/11/08 14:46:51 INFO session updated token=27ba41d1-0681-4c12-a55a-fd32db33cb8e tableID=0xc000335c20 seatIndex=0xc00032bc40
2025/11/08 14:46:51 INFO session removed token=27ba41d1-0681-4c12-a55a-fd32db33cb8e
2025/11/08 14:46:51 INFO session created token=8961b166-5cb6-4652-b92f-7e8c69f748c6 name=User_53_67
2025/11/08 14:46:51 INFO session updated token=8961b166-5cb6-4652-b92f-7e8c69f748c6 tableID=0xc000335c70 seatIndex=0xc00032bc90
2025/11/08 14:46:51 INFO session removed token=8961b166-5cb6-4652-b92f-7e8c69f748c6
2025/11/08 14:46:51 INFO session created token=2a3b33a4-d910-4501-9d88-c30612196d96 name=User_53_68
2025/11/08 14:46:51 INFO session updated token=2a3b33a4-d910-4501-9d88-c30612196d96 tableID=0xc000335cc0 seatIndex=0xc00032bce0
2025/11/08 14:46:51 INFO session removed token=2a3b33a4-d910-4501-9d88-c30612196d96
2025/11/08 14:46:51 INFO session created token=e9dc3384-8d95-4087-b1c8-a5e5ace6c5fd name=User_53_69
2025/11/08 14:46:51 INFO session updated token=e9dc3384-8d95-4087-b1c8-a5e5ace6c5fd tableID=0xc000335d10 seatIndex=0xc00032bd30
2025/11/08 14:46:51 INFO session removed token=e9dc3384-8d95-4087-b1c8-a5e5ace6c5fd
2025/11/08 14:46:51 INFO session created token=9ac3afd7-7619-421c-a8ba-179a1eb3d15d name=User_53_70
2025/11/08 14:46:51 INFO session updated token=9ac3afd7-7619-421c-a8ba-179a1eb3d15d tableID=0xc000335d60 seatIndex=0xc00032bd80
2025/11/08 14:46:51 INFO session removed token=9ac3afd7-7619-421c-a8ba-179a1eb3d15d
2025/11/08 14:46:51 INFO session created token=8aa94c5b-d1c7-4a34-b691-3ef0afdef998 name=User_53_71
2025/11/08 14:46:51 INFO session updated token=8aa94c5b-d1c7-4a34-b691-3ef0afdef998 tableID=0xc000335db0 seatIndex=0xc00032bdd0
2025/11/08 14:46:51 INFO session removed token=8aa94c5b-d1c7-4a34-b691-3ef0afdef998
2025/11/08 14:46:51 INFO session created token=f45badda-021a-48c6-9e31-2b85dc98900d name=User_53_72
2025/11/08 14:46:51 INFO session updated token=b4cec753-8ca4-4a33-9d75-98d885d581c9 tableID=0xc0004843d0 seatIndex=0xc000482630
2025/11/08 14:46:51 INFO session removed token=b4cec753-8ca4-4a33-9d75-98d885d581c9
2025/11/08 14:46:51 INFO session created token=fe9b47bf-1efe-452e-a1b3-c5d8312cd900 name=User_88_48
2025/11/08 14:46:51 INFO session updated token=fe9b47bf-1efe-452e-a1b3-c5d8312cd900 tableID=0xc000410a10 seatIndex=0xc000414960
2025/11/08 14:46:51 INFO session removed token=fe9b47bf-1efe-452e-a1b3-c5d8312cd900
2025/11/08 14:46:51 INFO session created token=6546b70a-a17b-42ec-b2ff-f2ac9dae2e99 name=User_88_49
2025/11/08 14:46:51 INFO session updated token=6546b70a-a17b-42ec-b2ff-f2ac9dae2e99 tableID=0xc000410a60 seatIndex=0xc0004149b0
2025/11/08 14:46:51 INFO session removed token=6546b70a-a17b-42ec-b2ff-f2ac9dae2e99
2025/11/08 14:46:51 INFO session created token=8fb33ba1-1fb2-4685-91b9-0e4a0e8e9e54 name=User_88_50
2025/11/08 14:46:51 INFO session updated token=8fb33ba1-1fb2-4685-91b9-0e4a0e8e9e54 tableID=0xc000410ab0 seatIndex=0xc000414a00
2025/11/08 14:46:51 INFO session removed token=8fb33ba1-1fb2-4685-91b9-0e4a0e8e9e54
2025/11/08 14:46:51 INFO session created token=e38d6fa0-4870-4610-bd50-08f6c8e2f39e name=User_88_51
2025/11/08 14:46:51 INFO session updated token=e38d6fa0-4870-4610-bd50-08f6c8e2f39e tableID=0xc000410b00 seatIndex=0xc000414a50
2025/11/08 14:46:51 INFO session removed token=e38d6fa0-4870-4610-bd50-08f6c8e2f39e
2025/11/08 14:46:51 INFO session created token=af8e4071-3156-4906-88e9-0596d6a6becd name=User_88_52
2025/11/08 14:46:51 INFO session updated token=af8e4071-3156-4906-88e9-0596d6a6becd tableID=0xc000410b50 seatIndex=0xc000414aa0
2025/11/08 14:46:51 INFO session removed token=af8e4071-3156-4906-88e9-0596d6a6becd
2025/11/08 14:46:51 INFO session created token=3d2dd8c0-27bc-4526-af46-8890ef1865b1 name=User_88_53
2025/11/08 14:46:51 INFO session updated token=3d2dd8c0-27bc-4526-af46-8890ef1865b1 tableID=0xc000410ba0 seatIndex=0xc000414af0
2025/11/08 14:46:51 INFO session removed token=3d2dd8c0-27bc-4526-af46-8890ef1865b1
2025/11/08 14:46:51 INFO session created token=f4d2dd14-a694-4b89-9067-1a5ad17fbfb2 name=User_88_54
2025/11/08 14:46:51 INFO session updated token=f4d2dd14-a694-4b89-9067-1a5ad17fbfb2 tableID=0xc000410bf0 seatIndex=0xc000414b40
2025/11/08 14:46:51 INFO session removed token=f4d2dd14-a694-4b89-9067-1a5ad17fbfb2
2025/11/08 14:46:51 INFO session created token=60a17c31-fc6a-4151-a891-47a0c97e6699 name=User_88_55
2025/11/08 14:46:51 INFO session updated token=60a17c31-fc6a-4151-a891-47a0c97e6699 tableID=0xc000410c40 seatIndex=0xc000414b90
2025/11/08 14:46:51 INFO session removed token=60a17c31-fc6a-4151-a891-47a0c97e6699
2025/11/08 14:46:51 INFO session created token=4787a2ea-c406-43fe-9d00-ce244b2e3b30 name=User_88_56
2025/11/08 14:46:51 INFO session updated token=4787a2ea-c406-43fe-9d00-ce244b2e3b30 tableID=0xc000410c90 seatIndex=0xc000414be0
2025/11/08 14:46:51 INFO session removed token=4787a2ea-c406-43fe-9d00-ce244b2e3b30
2025/11/08 14:46:51 INFO session created token=a913c5b1-f805-4bdb-ae5f-daafba3f3823 name=User_88_57
2025/11/08 14:46:51 INFO session updated token=a913c5b1-f805-4bdb-ae5f-daafba3f3823 tableID=0xc000410ce0 seatIndex=0xc000414c30
2025/11/08 14:46:51 INFO session removed token=a913c5b1-f805-4bdb-ae5f-daafba3f3823
2025/11/08 14:46:51 INFO session created token=418a4928-7df9-40cd-81aa-070cdc899e9e name=User_88_58
2025/11/08 14:46:51 INFO session updated token=418a4928-7df9-40cd-81aa-070cdc899e9e tableID=0xc000410d30 seatIndex=0xc000414c80
2025/11/08 14:46:51 INFO session removed token=418a4928-7df9-40cd-81aa-070cdc899e9e
2025/11/08 14:46:51 INFO session created token=3f2ec61b-2472-4ed3-bfd0-9fed9bbcff91 name=User_88_59
2025/11/08 14:46:51 INFO session updated token=3f2ec61b-2472-4ed3-bfd0-9fed9bbcff91 tableID=0xc000410d80 seatIndex=0xc000414cd0
2025/11/08 14:46:51 INFO session removed token=3f2ec61b-2472-4ed3-bfd0-9fed9bbcff91
2025/11/08 14:46:51 INFO session created token=90b4db64-a563-401d-85a2-cabdd342d2a2 name=User_14_71
2025/11/08 14:46:51 INFO session updated token=90b4db64-a563-401d-85a2-cabdd342d2a2 tableID=0xc000335e20 seatIndex=0xc00032be20
2025/11/08 14:46:51 INFO session removed token=90b4db64-a563-401d-85a2-cabdd342d2a2
2025/11/08 14:46:51 INFO session created token=768fc61d-4fee-4bbd-8ff1-dae490101edf name=User_14_72
2025/11/08 14:46:51 INFO session updated token=768fc61d-4fee-4bbd-8ff1-dae490101edf tableID=0xc000335e70 seatIndex=0xc00032be70
2025/11/08 14:46:51 INFO session removed token=768fc61d-4fee-4bbd-8ff1-dae490101edf
2025/11/08 14:46:51 INFO session created token=09089331-a39d-4c30-bbaa-055c9bcb0973 name=User_14_73
2025/11/08 14:46:51 INFO session updated token=09089331-a39d-4c30-bbaa-055c9bcb0973 tableID=0xc000335ec0 seatIndex=0xc00032bec0
2025/11/08 14:46:51 INFO session removed token=09089331-a39d-4c30-bbaa-055c9bcb0973
2025/11/08 14:46:51 INFO session created token=ffd5ace7-560d-4e6a-bc4d-f64fdd8b3ee9 name=User_14_74
2025/11/08 14:46:51 INFO session updated token=ffd5ace7-560d-4e6a-bc4d-f64fdd8b3ee9 tableID=0xc000335f10 seatIndex=0xc00032bf10
2025/11/08 14:46:51 INFO session removed token=ffd5ace7-560d-4e6a-bc4d-f64fdd8b3ee9
2025/11/08 14:46:51 INFO session created token=732ac7f2-98f7-4002-8154-ed4b813bbd4a name=User_14_75
2025/11/08 14:46:51 INFO session updated token=732ac7f2-98f7-4002-8154-ed4b813bbd4a tableID=0xc000335f60 seatIndex=0xc00032bf60
2025/11/08 14:46:51 INFO session removed token=732ac7f2-98f7-4002-8154-ed4b813bbd4a
2025/11/08 14:46:51 INFO session created token=293420dc-329d-42a8-9a22-be99f7967bfd name=User_14_76
2025/11/08 14:46:51 INFO session updated token=293420dc-329d-42a8-9a22-be99f7967bfd tableID=0xc000346030 seatIndex=0xc00032bfb0
2025/11/08 14:46:51 INFO session removed token=293420dc-329d-42a8-9a22-be99f7967bfd
2025/11/08 14:46:51 INFO session created token=4a2176ec-bb7d-456a-b8f9-9d7630587169 name=User_88_60
2025/11/08 14:46:51 INFO session created token=48de7442-87c4-47a7-9494-a6413755d0d8 name=User_14_77
2025/11/08 14:46:51 INFO session updated token=4a2176ec-bb7d-456a-b8f9-9d7630587169 tableID=0xc000410dd0 seatIndex=0xc000414d20
2025/11/08 14:46:51 INFO session removed token=4a2176ec-bb7d-456a-b8f9-9d7630587169
2025/11/08 14:46:51 INFO session created token=eed43538-b229-4780-a19f-44b7797f7bda name=User_88_61
2025/11/08 14:46:51 INFO session updated token=eed43538-b229-4780-a19f-44b7797f7bda tableID=0xc000410e30 seatIndex=0xc000414d80
2025/11/08 14:46:51 INFO session removed token=eed43538-b229-4780-a19f-44b7797f7bda
2025/11/08 14:46:51 INFO session created token=cbbc9e82-0455-4236-ba07-552fceb4dc11 name=User_88_62
2025/11/08 14:46:51 INFO session updated token=cbbc9e82-0455-4236-ba07-552fceb4dc11 tableID=0xc000410e80 seatIndex=0xc000414dd0
2025/11/08 14:46:51 INFO session removed token=cbbc9e82-0455-4236-ba07-552fceb4dc11
2025/11/08 14:46:51 INFO session created token=3d4976e5-1da0-4e45-adf1-0f4b2d2ffd88 name=User_88_63
2025/11/08 14:46:51 INFO session updated token=3d4976e5-1da0-4e45-adf1-0f4b2d2ffd88 tableID=0xc000410ed0 seatIndex=0xc000414e20
2025/11/08 14:46:51 INFO session removed token=3d4976e5-1da0-4e45-adf1-0f4b2d2ffd88
2025/11/08 14:46:51 INFO session created token=870c785d-31b2-44ec-a115-ff09a040351f name=User_88_64
2025/11/08 14:46:51 INFO session updated token=870c785d-31b2-44ec-a115-ff09a040351f tableID=0xc000410f20 seatIndex=0xc000414e70
2025/11/08 14:46:51 INFO session removed token=870c785d-31b2-44ec-a115-ff09a040351f
2025/11/08 14:46:51 INFO session created token=27ed2809-e036-44ed-ad3e-b55c07e8bbd5 name=User_88_65
2025/11/08 14:46:51 INFO session created token=7ceaf5c9-0ee1-4970-8dea-5f11f3569721 name=User_76_47
2025/11/08 14:46:51 INFO session created token=778143e7-8351-4b3d-8a9b-b20b408a281d name=User_36_87
2025/11/08 14:46:51 INFO session updated token=7ceaf5c9-0ee1-4970-8dea-5f11f3569721 tableID=0xc000410f70 seatIndex=0xc000414ec0
2025/11/08 14:46:51 INFO session removed token=7ceaf5c9-0ee1-4970-8dea-5f11f3569721
2025/11/08 14:46:51 INFO session created token=af65a143-2c59-4c52-a31c-f63dad4c7e7c name=User_76_48
2025/11/08 14:46:51 INFO session updated token=af65a143-2c59-4c52-a31c-f63dad4c7e7c tableID=0xc000253760 seatIndex=0xc00026f3b0
2025/11/08 14:46:51 INFO session removed token=af65a143-2c59-4c52-a31c-f63dad4c7e7c
2025/11/08 14:46:51 INFO session created token=613e4a44-a7f2-439f-b307-0b50b5411964 name=User_76_49
2025/11/08 14:46:51 INFO session updated token=613e4a44-a7f2-439f-b307-0b50b5411964 tableID=0xc0002537b0 seatIndex=0xc00026f400
2025/11/08 14:46:51 INFO session removed token=613e4a44-a7f2-439f-b307-0b50b5411964
2025/11/08 14:46:51 INFO session created token=8aae59c4-e38e-429e-a8ae-7771bc8ba7e6 name=User_76_50
2025/11/08 14:46:51 INFO session updated token=8aae59c4-e38e-429e-a8ae-7771bc8ba7e6 tableID=0xc000253800 seatIndex=0xc00026f450
2025/11/08 14:46:51 INFO session removed token=8aae59c4-e38e-429e-a8ae-7771bc8ba7e6
2025/11/08 14:46:51 INFO session created token=addc6a88-ad9c-46d9-aba1-028b63d29f11 name=User_76_51
2025/11/08 14:46:51 INFO session updated token=addc6a88-ad9c-46d9-aba1-028b63d29f11 tableID=0xc000253850 seatIndex=0xc00026f4a0
2025/11/08 14:46:51 INFO session removed token=addc6a88-ad9c-46d9-aba1-028b63d29f11
2025/11/08 14:46:51 INFO session updated token=48de7442-87c4-47a7-9494-a6413755d0d8 tableID=0xc000410df0 seatIndex=0xc000414d50
2025/11/08 14:46:51 INFO session removed token=48de7442-87c4-47a7-9494-a6413755d0d8
2025/11/08 14:46:51 INFO session created token=218b9c78-fecd-44f3-8e6a-51dcf56b550f name=User_14_78
2025/11/08 14:46:51 INFO session updated token=218b9c78-fecd-44f3-8e6a-51dcf56b550f tableID=0xc0003460c0 seatIndex=0xc000348040
2025/11/08 14:46:51 INFO session removed token=218b9c78-fecd-44f3-8e6a-51dcf56b550f
2025/11/08 14:46:51 INFO session created token=245fdec0-5df7-4175-80eb-61a92c545925 name=User_14_79
2025/11/08 14:46:51 INFO session updated token=245fdec0-5df7-4175-80eb-61a92c545925 tableID=0xc000346110 seatIndex=0xc000348090
2025/11/08 14:46:51 INFO session removed token=245fdec0-5df7-4175-80eb-61a92c545925
2025/11/08 14:46:51 INFO session created token=5cee155a-8d0a-4fa0-8dd2-1d28dc926436 name=User_14_80
2025/11/08 14:46:51 INFO session updated token=5cee155a-8d0a-4fa0-8dd2-1d28dc926436 tableID=0xc000346160 seatIndex=0xc0003480e0
2025/11/08 14:46:51 INFO session removed token=5cee155a-8d0a-4fa0-8dd2-1d28dc926436
2025/11/08 14:46:51 INFO session created token=6a3c166f-1beb-46e6-9034-4260316d8f70 name=User_14_81
2025/11/08 14:46:51 INFO session updated token=6a3c166f-1beb-46e6-9034-4260316d8f70 tableID=0xc0003461b0 seatIndex=0xc000348130
2025/11/08 14:46:51 INFO session removed token=6a3c166f-1beb-46e6-9034-4260316d8f70
2025/11/08 14:46:51 INFO session created token=eea3f71b-d5c3-4e76-b014-17d6913cf4b8 name=User_14_82
2025/11/08 14:46:51 INFO session updated token=eea3f71b-d5c3-4e76-b014-17d6913cf4b8 tableID=0xc000346200 seatIndex=0xc000348180
2025/11/08 14:46:51 INFO session removed token=eea3f71b-d5c3-4e76-b014-17d6913cf4b8
2025/11/08 14:46:51 INFO session created token=4da5d2f2-a1ee-4672-a345-594943b78237 name=User_14_83
2025/11/08 14:46:51 INFO session updated token=0130a4cf-b1a5-479d-b5eb-ed62c60d0ce1 tableID=0xc000484410 seatIndex=0xc000482680
2025/11/08 14:46:51 INFO session removed token=0130a4cf-b1a5-479d-b5eb-ed62c60d0ce1
2025/11/08 14:46:51 INFO session updated token=e60f81fc-fa51-40f6-9457-02837d3bbdb3 tableID=0xc0003cbb50 seatIndex=0xc0003cd970
2025/11/08 14:46:51 INFO session created token=a2c0cf41-2520-4fff-9e27-362a80c00074 name=User_77_31
2025/11/08 14:46:51 INFO session updated token=aec9223b-df65-4730-bbc5-e45cda7c295a tableID=0xc000484450 seatIndex=0xc0004826b0
2025/11/08 14:46:51 INFO session created token=647c5e63-8c59-4832-8825-2962302c91d9 name=User_61_92
2025/11/08 14:46:51 INFO session created token=b5fb0794-b3e9-4a04-b1d3-6ef605d3b21b name=User_93_75
2025/11/08 14:46:51 INFO session created token=09bfc786-8f34-48f8-b84d-1d2c5f5b3ad3 name=User_86_47
2025/11/08 14:46:51 INFO session created token=bcd55601-309d-4b98-8823-ff726903a886 name=User_3_79
2025/11/08 14:46:51 INFO session removed token=3afd32c0-dbad-4abb-8409-1bc64647dab1
2025/11/08 14:46:51 INFO session removed token=bbd8e47e-71fa-4b53-bc76-bd74373da0d8
2025/11/08 14:46:51 INFO session removed token=5c25f833-cd84-441a-b136-33153b4bf356
2025/11/08 14:46:51 INFO session removed token=b48891b3-3267-4493-9208-322f92238eff
2025/11/08 14:46:51 INFO session created token=d979fb90-4f71-4b92-9a91-74c9eb53b146 name=User_24_85
2025/11/08 14:46:51 INFO session created token=3b706077-6f9d-4b87-9c6e-19b55d89a8ab name=User_9_36
2025/11/08 14:46:51 INFO session updated token=3f2abf60-2bb1-4bba-9013-900b1e029dee tableID=0xc000253140 seatIndex=0xc00026edc0
2025/11/08 14:46:51 INFO session created token=1e59ee69-a0c4-4eb5-b2ab-c152cd440489 name=User_95_83
2025/11/08 14:46:51 INFO session created token=caaba114-62b4-49ce-b2e4-178e13c5d3b0 name=User_74_53
2025/11/08 14:46:51 INFO session created token=842cbf2e-4ff0-414a-b2bd-ab745d0c6da3 name=User_28_69
2025/11/08 14:46:51 INFO session created token=3d39763a-4cd6-42b9-a79b-73ef929e1e22 name=User_35_42
2025/11/08 14:46:51 INFO session created token=eb8d8238-5957-4457-ab15-3d9c871300c6 name=User_62_58
2025/11/08 14:46:51 INFO session updated token=12172ed2-0f77-4f3d-b79e-8ad39d8f33e0 tableID=0xc0003cbe20 seatIndex=0xc0003cdc20
2025/11/08 14:46:51 INFO session removed token=de8c263e-1896-4ae1-ad1e-622f769e020b
2025/11/08 14:46:51 INFO session updated token=c26a1e96-8b2b-44a4-9ff2-f6b133dc63a6 tableID=0xc0002534e0 seatIndex=0xc00026f190
2025/11/08 14:46:51 INFO session removed token=c26a1e96-8b2b-44a4-9ff2-f6b133dc63a6
2025/11/08 14:46:51 INFO session created token=f9c723f4-9b55-44ef-a28d-71ebfb7c31dc name=User_30_77
2025/11/08 14:46:51 INFO session updated token=f9c723f4-9b55-44ef-a28d-71ebfb7c31dc tableID=0xc0002d1d40 seatIndex=0xc0002d59b0
2025/11/08 14:46:51 INFO session removed token=f9c723f4-9b55-44ef-a28d-71ebfb7c31dc
2025/11/08 14:46:51 INFO session created token=739069de-6dfc-4fc3-8484-9d5a5ed3e6bd name=User_30_78
2025/11/08 14:46:51 INFO session updated token=739069de-6dfc-4fc3-8484-9d5a5ed3e6bd tableID=0xc0002d1d90 seatIndex=0xc0002d5a00
2025/11/08 14:46:51 INFO session removed token=739069de-6dfc-4fc3-8484-9d5a5ed3e6bd
2025/11/08 14:46:51 INFO session created token=36e96261-f6cd-4ca9-96d4-a390ed0fef9b name=User_30_79
2025/11/08 14:46:51 INFO session updated token=36e96261-f6cd-4ca9-96d4-a390ed0fef9b tableID=0xc0002d1de0 seatIndex=0xc0002d5a50
2025/11/08 14:46:51 INFO session removed token=36e96261-f6cd-4ca9-96d4-a390ed0fef9b
2025/11/08 14:46:51 INFO session created token=4b60fc23-26e9-4697-8f35-d0769f77d4bf name=User_30_80
2025/11/08 14:46:51 INFO session updated token=4b60fc23-26e9-4697-8f35-d0769f77d4bf tableID=0xc0002d1e30 seatIndex=0xc0002d5aa0
2025/11/08 14:46:51 INFO session removed token=4b60fc23-26e9-4697-8f35-d0769f77d4bf
2025/11/08 14:46:51 INFO session created token=0e8a925f-9816-4edc-8c52-a5d70eb3cee4 name=User_30_81
2025/11/08 14:46:51 INFO session updated token=0e8a925f-9816-4edc-8c52-a5d70eb3cee4 tableID=0xc0002d1e80 seatIndex=0xc0002d5af0
2025/11/08 14:46:51 INFO session removed token=0e8a925f-9816-4edc-8c52-a5d70eb3cee4
2025/11/08 14:46:51 INFO session created token=97926f04-d8dc-4407-a155-1c9a2e32a6d8 name=User_30_82
2025/11/08 14:46:51 INFO session updated token=97926f04-d8dc-4407-a155-1c9a2e32a6d8 tableID=0xc0002d1ed0 seatIndex=0xc0002d5b40
2025/11/08 14:46:51 INFO session removed token=97926f04-d8dc-4407-a155-1c9a2e32a6d8
2025/11/08 14:46:51 INFO session created token=09f268fb-1b15-4516-ad12-353e8ff0462f name=User_30_83
2025/11/08 14:46:51 INFO session updated token=09f268fb-1b15-4516-ad12-353e8ff0462f tableID=0xc0002d1f20 seatIndex=0xc0002d5b90
2025/11/08 14:46:51 INFO session removed token=09f268fb-1b15-4516-ad12-353e8ff0462f
2025/11/08 14:46:51 INFO session created token=381638e1-efc7-4e3d-b36b-79d3532a703c name=User_30_84
2025/11/08 14:46:51 INFO session updated token=381638e1-efc7-4e3d-b36b-79d3532a703c tableID=0xc0002d1f70 seatIndex=0xc0002d5be0
2025/11/08 14:46:51 INFO session removed token=381638e1-efc7-4e3d-b36b-79d3532a703c
2025/11/08 14:46:51 INFO session created token=26a726d7-f0e9-4be7-99d0-a525609776b8 name=User_30_85
2025/11/08 14:46:51 INFO session updated token=26a726d7-f0e9-4be7-99d0-a525609776b8 tableID=0xc0002d6040 seatIndex=0xc0002d5c30
2025/11/08 14:46:51 INFO session removed token=26a726d7-f0e9-4be7-99d0-a525609776b8
2025/11/08 14:46:51 INFO session created token=8457160e-f144-475a-92df-e4015a70c197 name=User_30_86
2025/11/08 14:46:51 INFO session updated token=8457160e-f144-475a-92df-e4015a70c197 tableID=0xc0002d6090 seatIndex=0xc0002d5c80
2025/11/08 14:46:51 INFO session removed token=8457160e-f144-475a-92df-e4015a70c197
2025/11/08 14:46:51 INFO session created token=204ec778-a719-446f-8300-34333bb1fc6a name=User_30_87
2025/11/08 14:46:51 INFO session updated token=204ec778-a719-446f-8300-34333bb1fc6a tableID=0xc0002d60e0 seatIndex=0xc0002d5cd0
2025/11/08 14:46:51 INFO session removed token=204ec778-a719-446f-8300-34333bb1fc6a
2025/11/08 14:46:51 INFO session created token=975e5b54-362c-4e15-8f28-b5e7bdebf84b name=User_30_88
2025/11/08 14:46:51 INFO session updated token=975e5b54-362c-4e15-8f28-b5e7bdebf84b tableID=0xc0002d6130 seatIndex=0xc0002d5d20
2025/11/08 14:46:51 INFO session removed token=975e5b54-362c-4e15-8f28-b5e7bdebf84b
2025/11/08 14:46:51 INFO session created token=b3fcdb59-12d6-41c2-a0f7-19728d638e72 name=User_30_89
2025/11/08 14:46:51 INFO session updated token=b3fcdb59-12d6-41c2-a0f7-19728d638e72 tableID=0xc0002d6180 seatIndex=0xc0002d5d70
2025/11/08 14:46:51 INFO session removed token=b3fcdb59-12d6-41c2-a0f7-19728d638e72
2025/11/08 14:46:51 INFO session created token=0908e7b8-02aa-4a7f-8a44-5cf6149b2976 name=User_30_90
2025/11/08 14:46:51 INFO session updated token=0908e7b8-02aa-4a7f-8a44-5cf6149b2976 tableID=0xc0002d61d0 seatIndex=0xc0002d5dc0
2025/11/08 14:46:51 INFO session removed token=0908e7b8-02aa-4a7f-8a44-5cf6149b2976
2025/11/08 14:46:51 INFO session created token=e9118455-058e-41d0-a353-42820563b2c7 name=User_30_91
2025/11/08 14:46:51 INFO session updated token=e9118455-058e-41d0-a353-42820563b2c7 tableID=0xc0002d6220 seatIndex=0xc0002d5e10
2025/11/08 14:46:51 INFO session removed token=e9118455-058e-41d0-a353-42820563b2c7
2025/11/08 14:46:51 INFO session created token=69e18970-35f9-43a6-b0e5-163fcc93e4f4 name=User_30_92
2025/11/08 14:46:51 INFO session updated token=69e18970-35f9-43a6-b0e5-163fcc93e4f4 tableID=0xc0002d6270 seatIndex=0xc0002d5e60
2025/11/08 14:46:51 INFO session removed token=69e18970-35f9-43a6-b0e5-163fcc93e4f4
2025/11/08 14:46:51 INFO session created token=8b6ea4d4-bad3-4b52-8de9-7a0ed2841e57 name=User_30_93
2025/11/08 14:46:51 INFO session updated token=8b6ea4d4-bad3-4b52-8de9-7a0ed2841e57 tableID=0xc0002d62c0 seatIndex=0xc0002d5eb0
2025/11/08 14:46:51 INFO session removed token=8b6ea4d4-bad3-4b52-8de9-7a0ed2841e57
2025/11/08 14:46:51 INFO session created token=acac1689-1bf0-42cb-ab5f-e4687bf5bb36 name=User_30_94
2025/11/08 14:46:51 INFO session updated token=acac1689-1bf0-42cb-ab5f-e4687bf5bb36 tableID=0xc0002d6310 seatIndex=0xc0002d5f00
2025/11/08 14:46:51 INFO session removed token=acac1689-1bf0-42cb-ab5f-e4687bf5bb36
2025/11/08 14:46:51 INFO session created token=207e1548-2938-4950-a0a0-2239f4ad74f2 name=User_30_95
2025/11/08 14:46:51 INFO session updated token=207e1548-2938-4950-a0a0-2239f4ad74f2 tableID=0xc0002d6360 seatIndex=0xc0002d5f50
2025/11/08 14:46:51 INFO session removed token=207e1548-2938-4950-a0a0-2239f4ad74f2
2025/11/08 14:46:51 INFO session created token=d97447b0-7da1-4822-bc7c-480b597513ea name=User_30_96
2025/11/08 14:46:51 INFO session updated token=d97447b0-7da1-4822-bc7c-480b597513ea tableID=0xc0002d63b0 seatIndex=0xc0002d5fa0
2025/11/08 14:46:51 INFO session removed token=d97447b0-7da1-4822-bc7c-480b597513ea
2025/11/08 14:46:51 INFO session created token=a1efd85d-3543-44d5-93d7-0149a751f3eb name=User_30_97
2025/11/08 14:46:51 INFO session updated token=a1efd85d-3543-44d5-93d7-0149a751f3eb tableID=0xc0002d6400 seatIndex=0xc0002d5ff0
2025/11/08 14:46:51 INFO session removed token=a1efd85d-3543-44d5-93d7-0149a751f3eb
2025/11/08 14:46:51 INFO session created token=273b47f2-a113-419f-8188-5e5ddaf61953 name=User_30_98
2025/11/08 14:46:51 INFO session updated token=273b47f2-a113-419f-8188-5e5ddaf61953 tableID=0xc0002d6450 seatIndex=0xc0002da040
2025/11/08 14:46:51 INFO session removed token=273b47f2-a113-419f-8188-5e5ddaf61953
2025/11/08 14:46:51 INFO session created token=7754a839-aa53-43bd-b3c4-7ea5140cf181 name=User_30_99
2025/11/08 14:46:51 INFO session updated token=7754a839-aa53-43bd-b3c4-7ea5140cf181 tableID=0xc0002d64a0 seatIndex=0xc0002da090
2025/11/08 14:46:51 INFO session removed token=7754a839-aa53-43bd-b3c4-7ea5140cf181
2025/11/08 14:46:51 INFO session updated token=afb964ad-8b99-40ad-85b4-cfffc46926fb tableID=0xc0002534f0 seatIndex=0xc00026f1a0
2025/11/08 14:46:51 INFO session removed token=afb964ad-8b99-40ad-85b4-cfffc46926fb
2025/11/08 14:46:51 INFO session created token=e8589a34-b9b5-4da4-92fb-4ba5d773a450 name=User_52_72
2025/11/08 14:46:51 INFO session updated token=e8589a34-b9b5-4da4-92fb-4ba5d773a450 tableID=0xc0002d6510 seatIndex=0xc0002da100
2025/11/08 14:46:51 INFO session removed token=e8589a34-b9b5-4da4-92fb-4ba5d773a450
2025/11/08 14:46:51 INFO session created token=18234e61-3fbb-486e-b332-5b950b35c20c name=User_52_73
2025/11/08 14:46:51 INFO session updated token=18234e61-3fbb-486e-b332-5b950b35c20c tableID=0xc0002d6560 seatIndex=0xc0002da150
2025/11/08 14:46:51 INFO session removed token=18234e61-3fbb-486e-b332-5b950b35c20c
2025/11/08 14:46:51 INFO session created token=eccefeb8-5d2a-4fd2-8583-d09385e26dc7 name=User_52_74
2025/11/08 14:46:51 INFO session updated token=eccefeb8-5d2a-4fd2-8583-d09385e26dc7 tableID=0xc0002d65b0 seatIndex=0xc0002da1a0
2025/11/08 14:46:51 INFO session removed token=eccefeb8-5d2a-4fd2-8583-d09385e26dc7
2025/11/08 14:46:51 INFO session created token=50a3c799-72ca-44d0-80d7-21e313fd2ee2 name=User_52_75
2025/11/08 14:46:51 INFO session updated token=50a3c799-72ca-44d0-80d7-21e313fd2ee2 tableID=0xc0002d6600 seatIndex=0xc0002da1f0
2025/11/08 14:46:51 INFO session removed token=50a3c799-72ca-44d0-80d7-21e313fd2ee2
2025/11/08 14:46:51 INFO session created token=053a31dd-65a3-433c-9041-4d674955e362 name=User_52_76
2025/11/08 14:46:51 INFO session updated token=053a31dd-65a3-433c-9041-4d674955e362 tableID=0xc0002d6650 seatIndex=0xc0002da240
2025/11/08 14:46:51 INFO session removed token=053a31dd-65a3-433c-9041-4d674955e362
2025/11/08 14:46:51 INFO session created token=3d9e13f1-fccc-448b-9384-4e3098252475 name=User_52_77
2025/11/08 14:46:51 INFO session updated token=3d9e13f1-fccc-448b-9384-4e3098252475 tableID=0xc0002d66a0 seatIndex=0xc0002da290
2025/11/08 14:46:51 INFO session removed token=3d9e13f1-fccc-448b-9384-4e3098252475
2025/11/08 14:46:51 INFO session created token=d05bb5d8-0fe8-437a-b396-f16ca9871875 name=User_52_78
2025/11/08 14:46:51 INFO session updated token=d05bb5d8-0fe8-437a-b396-f16ca9871875 tableID=0xc0002d66f0 seatIndex=0xc0002da2e0
2025/11/08 14:46:51 INFO session removed token=d05bb5d8-0fe8-437a-b396-f16ca9871875
2025/11/08 14:46:51 INFO session created token=e1af6163-1d52-4a8f-923a-e9129824bbee name=User_52_79
2025/11/08 14:46:51 INFO session updated token=e1af6163-1d52-4a8f-923a-e9129824bbee tableID=0xc0002d6740 seatIndex=0xc0002da330
2025/11/08 14:46:51 INFO session removed token=e1af6163-1d52-4a8f-923a-e9129824bbee
2025/11/08 14:46:51 INFO session created token=6898f8f3-534a-4a09-80cf-d50e78da49a5 name=User_52_80
2025/11/08 14:46:51 INFO session updated token=6898f8f3-534a-4a09-80cf-d50e78da49a5 tableID=0xc0002d6790 seatIndex=0xc0002da380
2025/11/08 14:46:51 INFO session removed token=6898f8f3-534a-4a09-80cf-d50e78da49a5
2025/11/08 14:46:51 INFO session created token=3a10052f-c9e9-41a8-bd39-3201403ff02d name=User_52_81
2025/11/08 14:46:51 INFO session updated token=3a10052f-c9e9-41a8-bd39-3201403ff02d tableID=0xc0002d67e0 seatIndex=0xc0002da3d0
2025/11/08 14:46:51 INFO session removed token=3a10052f-c9e9-41a8-bd39-3201403ff02d
2025/11/08 14:46:51 INFO session created token=5aa4e3a6-2899-4250-88a9-f1ac82a7a414 name=User_52_82
2025/11/08 14:46:51 INFO session updated token=5aa4e3a6-2899-4250-88a9-f1ac82a7a414 tableID=0xc0002d6830 seatIndex=0xc0002da420
2025/11/08 14:46:51 INFO session removed token=5aa4e3a6-2899-4250-88a9-f1ac82a7a414
2025/11/08 14:46:51 INFO session created token=e76a0bbb-a5dc-47d9-b0b6-ac6555da633c name=User_52_83
2025/11/08 14:46:51 INFO session updated token=e76a0bbb-a5dc-47d9-b0b6-ac6555da633c tableID=0xc0002d6880 seatIndex=0xc0002da470
2025/11/08 14:46:51 INFO session removed token=e76a0bbb-a5dc-47d9-b0b6-ac6555da633c
2025/11/08 14:46:51 INFO session created token=d2f3663f-bcc6-4af7-a399-028a7a81111b name=User_52_84
2025/11/08 14:46:51 INFO session updated token=d2f3663f-bcc6-4af7-a399-028a7a81111b tableID=0xc0002d68d0 seatIndex=0xc0002da4c0
2025/11/08 14:46:51 INFO session removed token=d2f3663f-bcc6-4af7-a399-028a7a81111b
2025/11/08 14:46:51 INFO session created token=98b4f05c-a19b-41ca-aa7a-b78ceede78a5 name=User_52_85
2025/11/08 14:46:51 INFO session updated token=98b4f05c-a19b-41ca-aa7a-b78ceede78a5 tableID=0xc0002d6920 seatIndex=0xc0002da510
2025/11/08 14:46:51 INFO session removed token=98b4f05c-a19b-41ca-aa7a-b78ceede78a5
2025/11/08 14:46:51 INFO session created token=2899d7cc-d22f-4b58-9eae-d0477791fd85 name=User_52_86
2025/11/08 14:46:51 INFO session updated token=2899d7cc-d22f-4b58-9eae-d0477791fd85 tableID=0xc0002d6970 seatIndex=0xc0002da560
2025/11/08 14:46:51 INFO session removed token=2899d7cc-d22f-4b58-9eae-d0477791fd85
2025/11/08 14:46:51 INFO session created token=7e142173-8a53-44b5-b4a9-45f3b3a4f090 name=User_52_87
2025/11/08 14:46:51 INFO session updated token=7e142173-8a53-44b5-b4a9-45f3b3a4f090 tableID=0xc0002d69c0 seatIndex=0xc0002da5b0
2025/11/08 14:46:51 INFO session removed token=7e142173-8a53-44b5-b4a9-45f3b3a4f090
2025/11/08 14:46:51 INFO session created token=660dd821-c2cb-4b16-8950-f367a21c6bf8 name=User_52_88
2025/11/08 14:46:51 INFO session updated token=660dd821-c2cb-4b16-8950-f367a21c6bf8 tableID=0xc0002d6a10 seatIndex=0xc0002da600
2025/11/08 14:46:51 INFO session removed token=660dd821-c2cb-4b16-8950-f367a21c6bf8
2025/11/08 14:46:51 INFO session created token=37af7b97-1f65-426a-8d8b-35fc23a26e9d name=User_52_89
2025/11/08 14:46:51 INFO session updated token=37af7b97-1f65-426a-8d8b-35fc23a26e9d tableID=0xc0002d6a60 seatIndex=0xc0002da650
2025/11/08 14:46:51 INFO session removed token=37af7b97-1f65-426a-8d8b-35fc23a26e9d
2025/11/08 14:46:51 INFO session created token=523e11c8-40ff-4aa9-a638-4c2e09057e27 name=User_52_90
2025/11/08 14:46:51 INFO session updated token=523e11c8-40ff-4aa9-a638-4c2e09057e27 tableID=0xc0002d6ab0 seatIndex=0xc0002da6a0
2025/11/08 14:46:51 INFO session removed token=523e11c8-40ff-4aa9-a638-4c2e09057e27
2025/11/08 14:46:51 INFO session created token=b3bc81be-9b86-4012-b442-d64cb9253162 name=User_52_91
2025/11/08 14:46:51 INFO session updated token=b3bc81be-9b86-4012-b442-d64cb9253162 tableID=0xc0002d6b00 seatIndex=0xc0002da6f0
2025/11/08 14:46:51 INFO session removed token=b3bc81be-9b86-4012-b442-d64cb9253162
2025/11/08 14:46:51 INFO session created token=38c9bf89-8447-400e-a050-5d07a2b89d31 name=User_52_92
2025/11/08 14:46:51 INFO session updated token=38c9bf89-8447-400e-a050-5d07a2b89d31 tableID=0xc0002d6b50 seatIndex=0xc0002da740
2025/11/08 14:46:51 INFO session removed token=38c9bf89-8447-400e-a050-5d07a2b89d31
2025/11/08 14:46:51 INFO session created token=02f1e718-7eba-4fa0-a714-7d43e3619b7a name=User_52_93
2025/11/08 14:46:51 INFO session updated token=02f1e718-7eba-4fa0-a714-7d43e3619b7a tableID=0xc0002d6ba0 seatIndex=0xc0002da790
2025/11/08 14:46:51 INFO session removed token=02f1e718-7eba-4fa0-a714-7d43e3619b7a
2025/11/08 14:46:51 INFO session created token=39ba8d20-4ff4-4de3-9731-8f98620f24a3 name=User_52_94
2025/11/08 14:46:51 INFO session updated token=39ba8d20-4ff4-4de3-9731-8f98620f24a3 tableID=0xc0002d6bf0 seatIndex=0xc0002da7e0
2025/11/08 14:46:51 INFO session removed token=39ba8d20-4ff4-4de3-9731-8f98620f24a3
2025/11/08 14:46:51 INFO session created token=c1e6e0a9-bec1-4725-a459-28ab2611b2da name=User_52_95
2025/11/08 14:46:51 INFO session updated token=c1e6e0a9-bec1-4725-a459-28ab2611b2da tableID=0xc0002d6c40 seatIndex=0xc0002da830
2025/11/08 14:46:51 INFO session removed token=c1e6e0a9-bec1-4725-a459-28ab2611b2da
2025/11/08 14:46:51 INFO session created token=c4224ee7-bb0c-4929-852f-10ab89da0733 name=User_52_96
2025/11/08 14:46:51 INFO session updated token=c4224ee7-bb0c-4929-852f-10ab89da0733 tableID=0xc0002d6c90 seatIndex=0xc0002da880
2025/11/08 14:46:51 INFO session removed token=c4224ee7-bb0c-4929-852f-10ab89da0733
2025/11/08 14:46:51 INFO session created token=e1cb38e7-c835-4722-b338-bd4fc79b38d0 name=User_52_97
2025/11/08 14:46:51 INFO session updated token=e1cb38e7-c835-4722-b338-bd4fc79b38d0 tableID=0xc0002d6ce0 seatIndex=0xc0002da8d0
2025/11/08 14:46:51 INFO session removed token=e1cb38e7-c835-4722-b338-bd4fc79b38d0
2025/11/08 14:46:51 INFO session created token=7ee6a547-323c-425f-bfeb-abf48eea8640 name=User_52_98
2025/11/08 14:46:51 INFO session updated token=7ee6a547-323c-425f-bfeb-abf48eea8640 tableID=0xc0002d6d30 seatIndex=0xc0002da920
2025/11/08 14:46:51 INFO session removed token=7ee6a547-323c-425f-bfeb-abf48eea8640
2025/11/08 14:46:51 INFO session created token=7bedca37-066b-4de4-bc46-7f13509d6b1d name=User_52_99
2025/11/08 14:46:51 INFO session updated token=7bedca37-066b-4de4-bc46-7f13509d6b1d tableID=0xc0002d6d80 seatIndex=0xc0002da970
2025/11/08 14:46:51 INFO session removed token=7bedca37-066b-4de4-bc46-7f13509d6b1d
2025/11/08 14:46:51 INFO session created token=65aa9cbe-eca1-4b89-845a-87238c05d187 name=User_47_26
2025/11/08 14:46:51 INFO session updated token=65aa9cbe-eca1-4b89-845a-87238c05d187 tableID=0xc0002d6dd0 seatIndex=0xc0002da9a0
2025/11/08 14:46:51 INFO session removed token=65aa9cbe-eca1-4b89-845a-87238c05d187
2025/11/08 14:46:51 INFO session created token=6fa6692d-63e0-4869-a290-2f11ee17ab51 name=User_47_27
2025/11/08 14:46:51 INFO session updated token=6fa6692d-63e0-4869-a290-2f11ee17ab51 tableID=0xc0002d6e20 seatIndex=0xc0002da9f0
2025/11/08 14:46:51 INFO session removed token=6fa6692d-63e0-4869-a290-2f11ee17ab51
2025/11/08 14:46:51 INFO session created token=d0d4ac4e-511d-4948-8aeb-1dc37274ba57 name=User_47_28
2025/11/08 14:46:51 INFO session updated token=d0d4ac4e-511d-4948-8aeb-1dc37274ba57 tableID=0xc0002d6e70 seatIndex=0xc0002daa40
2025/11/08 14:46:51 INFO session removed token=d0d4ac4e-511d-4948-8aeb-1dc37274ba57
2025/11/08 14:46:51 INFO session created token=693cff04-f318-487e-9bfd-521042d1c9a4 name=User_47_29
2025/11/08 14:46:51 INFO session updated token=693cff04-f318-487e-9bfd-521042d1c9a4 tableID=0xc0002d6ec0 seatIndex=0xc0002daa90
2025/11/08 14:46:51 INFO session removed token=693cff04-f318-487e-9bfd-521042d1c9a4
2025/11/08 14:46:51 INFO session created token=363d9f37-d1cb-41d1-8181-9609e3493a39 name=User_47_30
2025/11/08 14:46:51 INFO session updated token=363d9f37-d1cb-41d1-8181-9609e3493a39 tableID=0xc0002d6f10 seatIndex=0xc0002daae0
2025/11/08 14:46:51 INFO session removed token=363d9f37-d1cb-41d1-8181-9609e3493a39
2025/11/08 14:46:51 INFO session created token=0f59fcad-cfab-4e52-96dd-0753991ba88a name=User_47_31
2025/11/08 14:46:51 INFO session updated token=0f59fcad-cfab-4e52-96dd-0753991ba88a tableID=0xc0002d6f60 seatIndex=0xc0002dab30
2025/11/08 14:46:51 INFO session removed token=0f59fcad-cfab-4e52-96dd-0753991ba88a
2025/11/08 14:46:51 INFO session created token=17d40af8-390e-480d-8489-19e5f027f3fe name=User_47_32
2025/11/08 14:46:51 INFO session updated token=17d40af8-390e-480d-8489-19e5f027f3fe tableID=0xc0002d6fb0 seatIndex=0xc0002dab80
2025/11/08 14:46:51 INFO session removed token=17d40af8-390e-480d-8489-19e5f027f3fe
2025/11/08 14:46:51 INFO session created token=622869f0-759d-4f1f-9d6b-34b60efb3daf name=User_47_33
2025/11/08 14:46:51 INFO session updated token=622869f0-759d-4f1f-9d6b-34b60efb3daf tableID=0xc0002d7000 seatIndex=0xc0002dabd0
2025/11/08 14:46:51 INFO session removed token=622869f0-759d-4f1f-9d6b-34b60efb3daf
2025/11/08 14:46:51 INFO session created token=885ebb8a-8a98-49cb-941f-e61c0933b73c name=User_47_34
2025/11/08 14:46:51 INFO session updated token=885ebb8a-8a98-49cb-941f-e61c0933b73c tableID=0xc0002d7050 seatIndex=0xc0002dac20
2025/11/08 14:46:51 INFO session removed token=885ebb8a-8a98-49cb-941f-e61c0933b73c
2025/11/08 14:46:51 INFO session created token=03ec1f8e-077e-45e8-b44e-6836917d3349 name=User_47_35
2025/11/08 14:46:51 INFO session updated token=03ec1f8e-077e-45e8-b44e-6836917d3349 tableID=0xc0002d70a0 seatIndex=0xc0002dac70
2025/11/08 14:46:51 INFO session removed token=03ec1f8e-077e-45e8-b44e-6836917d3349
2025/11/08 14:46:51 INFO session created token=890e27dd-7c76-4c5a-a499-7b2842839a54 name=User_47_36
2025/11/08 14:46:51 INFO session updated token=890e27dd-7c76-4c5a-a499-7b2842839a54 tableID=0xc0002d70f0 seatIndex=0xc0002dacc0
2025/11/08 14:46:51 INFO session removed token=890e27dd-7c76-4c5a-a499-7b2842839a54
2025/11/08 14:46:51 INFO session created token=9b406497-6ab4-45c1-a1b6-96efc1f50495 name=User_47_37
2025/11/08 14:46:51 INFO session updated token=9b406497-6ab4-45c1-a1b6-96efc1f50495 tableID=0xc0002d7140 seatIndex=0xc0002dad10
2025/11/08 14:46:51 INFO session removed token=9b406497-6ab4-45c1-a1b6-96efc1f50495
2025/11/08 14:46:51 INFO session created token=349edea7-9154-4a7b-b166-dd4cea51a862 name=User_47_38
2025/11/08 14:46:51 INFO session updated token=349edea7-9154-4a7b-b166-dd4cea51a862 tableID=0xc0002d7190 seatIndex=0xc0002dad60
2025/11/08 14:46:51 INFO session removed token=349edea7-9154-4a7b-b166-dd4cea51a862
2025/11/08 14:46:51 INFO session created token=37b77ecf-17c9-4edf-b9b5-34165a0889cb name=User_47_39
2025/11/08 14:46:51 INFO session updated token=37b77ecf-17c9-4edf-b9b5-34165a0889cb tableID=0xc0002d71e0 seatIndex=0xc0002dadb0
2025/11/08 14:46:51 INFO session removed token=37b77ecf-17c9-4edf-b9b5-34165a0889cb
2025/11/08 14:46:51 INFO session created token=dcbb4f6f-d300-417a-beaf-e92193e76e43 name=User_47_40
2025/11/08 14:46:51 INFO session updated token=dcbb4f6f-d300-417a-beaf-e92193e76e43 tableID=0xc0002d7230 seatIndex=0xc0002dae00
2025/11/08 14:46:51 INFO session removed token=dcbb4f6f-d300-417a-beaf-e92193e76e43
2025/11/08 14:46:51 INFO session created token=f373b4b6-5ed8-490a-990f-a669e2f9c9ea name=User_47_41
2025/11/08 14:46:51 INFO session updated token=f373b4b6-5ed8-490a-990f-a669e2f9c9ea tableID=0xc0002d7280 seatIndex=0xc0002dae50
2025/11/08 14:46:51 INFO session removed token=f373b4b6-5ed8-490a-990f-a669e2f9c9ea
2025/11/08 14:46:51 INFO session created token=523e26e5-1d92-45c1-8adc-159deb89d5a1 name=User_47_42
2025/11/08 14:46:51 INFO session updated token=523e26e5-1d92-45c1-8adc-159deb89d5a1 tableID=0xc0002d72d0 seatIndex=0xc0002daea0
2025/11/08 14:46:51 INFO session removed token=523e26e5-1d92-45c1-8adc-159deb89d5a1
2025/11/08 14:46:51 INFO session created token=a4598636-c956-42e8-8450-775b300e8364 name=User_47_43
2025/11/08 14:46:51 INFO session updated token=a4598636-c956-42e8-8450-775b300e8364 tableID=0xc0002d7320 seatIndex=0xc0002daef0
2025/11/08 14:46:51 INFO session removed token=a4598636-c956-42e8-8450-775b300e8364
2025/11/08 14:46:51 INFO session created token=ac055245-d5be-48ea-973e-915ecd0c212c name=User_47_44
2025/11/08 14:46:51 INFO session updated token=ac055245-d5be-48ea-973e-915ecd0c212c tableID=0xc0002d7370 seatIndex=0xc0002daf40
2025/11/08 14:46:51 INFO session removed token=ac055245-d5be-48ea-973e-915ecd0c212c
2025/11/08 14:46:51 INFO session created token=f9e1ecb1-4adc-4785-b524-b54488ec40f1 name=User_47_45
2025/11/08 14:46:51 INFO session updated token=f9e1ecb1-4adc-4785-b524-b54488ec40f1 tableID=0xc0002d73c0 seatIndex=0xc0002daf90
2025/11/08 14:46:51 INFO session removed token=f9e1ecb1-4adc-4785-b524-b54488ec40f1
2025/11/08 14:46:51 INFO session created token=fe0b7b27-539f-4634-ad5d-b4724a6325bc name=User_47_46
2025/11/08 14:46:51 INFO session updated token=fe0b7b27-539f-4634-ad5d-b4724a6325bc tableID=0xc0002d7410 seatIndex=0xc0002dafe0
2025/11/08 14:46:51 INFO session removed token=fe0b7b27-539f-4634-ad5d-b4724a6325bc
2025/11/08 14:46:51 INFO session created token=dc3024e2-c374-43b3-b10c-20444e4e8c7f name=User_47_47
2025/11/08 14:46:51 INFO session updated token=dc3024e2-c374-43b3-b10c-20444e4e8c7f tableID=0xc0002d7460 seatIndex=0xc0002db030
2025/11/08 14:46:51 INFO session removed token=dc3024e2-c374-43b3-b10c-20444e4e8c7f
2025/11/08 14:46:51 INFO session created token=9261b7d4-0a42-4166-bd1d-356f8e0536b3 name=User_47_48
2025/11/08 14:46:51 INFO session updated token=9261b7d4-0a42-4166-bd1d-356f8e0536b3 tableID=0xc0002d74b0 seatIndex=0xc0002db080
2025/11/08 14:46:51 INFO session removed token=9261b7d4-0a42-4166-bd1d-356f8e0536b3
2025/11/08 14:46:51 INFO session created token=2ee37602-e7cb-456a-84d0-7db1c07b3644 name=User_47_49
2025/11/08 14:46:51 INFO session updated token=2ee37602-e7cb-456a-84d0-7db1c07b3644 tableID=0xc0002d7500 seatIndex=0xc0002db0d0
2025/11/08 14:46:51 INFO session removed token=2ee37602-e7cb-456a-84d0-7db1c07b3644
2025/11/08 14:46:51 INFO session created token=9f4503db-8a78-4c46-93f6-c85847ad0e21 name=User_47_50
2025/11/08 14:46:51 INFO session updated token=9f4503db-8a78-4c46-93f6-c85847ad0e21 tableID=0xc0002d7550 seatIndex=0xc0002db120
2025/11/08 14:46:51 INFO session removed token=9f4503db-8a78-4c46-93f6-c85847ad0e21
2025/11/08 14:46:51 INFO session created token=aa530058-1465-4947-9bea-984cd9a3fc6b name=User_47_51
2025/11/08 14:46:51 INFO session updated token=aa530058-1465-4947-9bea-984cd9a3fc6b tableID=0xc0002d75a0 seatIndex=0xc0002db170
2025/11/08 14:46:51 INFO session removed token=aa530058-1465-4947-9bea-984cd9a3fc6b
2025/11/08 14:46:51 INFO session created token=231e092d-a9b1-4634-88bd-f0d94c3304ef name=User_47_52
2025/11/08 14:46:51 INFO session updated token=231e092d-a9b1-4634-88bd-f0d94c3304ef tableID=0xc0002d75f0 seatIndex=0xc0002db1c0
2025/11/08 14:46:51 INFO session removed token=231e092d-a9b1-4634-88bd-f0d94c3304ef
2025/11/08 14:46:51 INFO session created token=4d0b3052-904d-478a-bc4a-42194d3e3bfb name=User_47_53
2025/11/08 14:46:51 INFO session updated token=4d0b3052-904d-478a-bc4a-42194d3e3bfb tableID=0xc0002d7640 seatIndex=0xc0002db210
2025/11/08 14:46:51 INFO session removed token=4d0b3052-904d-478a-bc4a-42194d3e3bfb
2025/11/08 14:46:51 INFO session created token=84bd8021-5ba1-4118-b775-0c31da560cba name=User_47_54
2025/11/08 14:46:51 INFO session updated token=84bd8021-5ba1-4118-b775-0c31da560cba tableID=0xc0002d7690 seatIndex=0xc0002db260
2025/11/08 14:46:51 INFO session removed token=84bd8021-5ba1-4118-b775-0c31da560cba
2025/11/08 14:46:51 INFO session created token=0d09ccc7-38e4-4d15-9956-5f8dd472e14d name=User_47_55
2025/11/08 14:46:51 INFO session updated token=0d09ccc7-38e4-4d15-9956-5f8dd472e14d tableID=0xc0002d76e0 seatIndex=0xc0002db2b0
2025/11/08 14:46:51 INFO session removed token=0d09ccc7-38e4-4d15-9956-5f8dd472e14d
2025/11/08 14:46:51 INFO session created token=e37ba07f-8f37-4d61-9064-e286f765d2fb name=User_47_56
2025/11/08 14:46:51 INFO session updated token=e37ba07f-8f37-4d61-9064-e286f765d2fb tableID=0xc0002d7730 seatIndex=0xc0002db300
2025/11/08 14:46:51 INFO session removed token=e37ba07f-8f37-4d61-9064-e286f765d2fb
2025/11/08 14:46:51 INFO session created token=6a61cb31-c041-421e-a9d2-a2160855f04f name=User_47_57
2025/11/08 14:46:51 INFO session updated token=6a61cb31-c041-421e-a9d2-a2160855f04f tableID=0xc0002d7780 seatIndex=0xc0002db350
2025/11/08 14:46:51 INFO session removed token=6a61cb31-c041-421e-a9d2-a2160855f04f
2025/11/08 14:46:51 INFO session created token=416b94e1-5893-4f50-b6f4-87b39b3ed861 name=User_47_58
2025/11/08 14:46:51 INFO session updated token=416b94e1-5893-4f50-b6f4-87b39b3ed861 tableID=0xc0002d77d0 seatIndex=0xc0002db3a0
2025/11/08 14:46:51 INFO session removed token=416b94e1-5893-4f50-b6f4-87b39b3ed861
2025/11/08 14:46:51 INFO session created token=ed160d3c-c0cc-4588-b5ab-7875d6c39186 name=User_47_59
2025/11/08 14:46:51 INFO session updated token=ed160d3c-c0cc-4588-b5ab-7875d6c39186 tableID=0xc0002d7820 seatIndex=0xc0002db3f0
2025/11/08 14:46:51 INFO session removed token=ed160d3c-c0cc-4588-b5ab-7875d6c39186
2025/11/08 14:46:51 INFO session created token=db783d83-49ea-496d-806a-a0ed5209b40a name=User_47_60
2025/11/08 14:46:51 INFO session updated token=db783d83-49ea-496d-806a-a0ed5209b40a tableID=0xc0002d7870 seatIndex=0xc0002db440
2025/11/08 14:46:51 INFO session removed token=db783d83-49ea-496d-806a-a0ed5209b40a
2025/11/08 14:46:51 INFO session created token=bfc8ecee-b612-493d-a2bc-8bad1982e41a name=User_47_61
2025/11/08 14:46:51 INFO session updated token=bfc8ecee-b612-493d-a2bc-8bad1982e41a tableID=0xc0002d78c0 seatIndex=0xc0002db490
2025/11/08 14:46:51 INFO session removed token=bfc8ecee-b612-493d-a2bc-8bad1982e41a
2025/11/08 14:46:51 INFO session created token=7f2c9d8c-97b6-4b5a-a051-93402147781b name=User_47_62
2025/11/08 14:46:51 INFO session updated token=7f2c9d8c-97b6-4b5a-a051-93402147781b tableID=0xc0002d7910 seatIndex=0xc0002db4e0
2025/11/08 14:46:51 INFO session removed token=7f2c9d8c-97b6-4b5a-a051-93402147781b
2025/11/08 14:46:51 INFO session created token=54ba94ea-285e-4649-999f-ea2c5da1f835 name=User_47_63
2025/11/08 14:46:51 INFO session updated token=54ba94ea-285e-4649-999f-ea2c5da1f835 tableID=0xc0002d7960 seatIndex=0xc0002db530
2025/11/08 14:46:51 INFO session removed token=54ba94ea-285e-4649-999f-ea2c5da1f835
2025/11/08 14:46:51 INFO session created token=ada59731-381d-42a8-b253-1f7be0a0584b name=User_47_64
2025/11/08 14:46:51 INFO session updated token=ada59731-381d-42a8-b253-1f7be0a0584b tableID=0xc0002d79b0 seatIndex=0xc0002db580
2025/11/08 14:46:51 INFO session removed token=ada59731-381d-42a8-b253-1f7be0a0584b
2025/11/08 14:46:51 INFO session created token=cb27cfe3-6140-47e7-8bb2-49c2ef67eff6 name=User_47_65
2025/11/08 14:46:51 INFO session updated token=cb27cfe3-6140-47e7-8bb2-49c2ef67eff6 tableID=0xc0002d7a00 seatIndex=0xc0002db5d0
2025/11/08 14:46:51 INFO session removed token=cb27cfe3-6140-47e7-8bb2-49c2ef67eff6
2025/11/08 14:46:51 INFO session created token=082159d8-1f74-4d1d-960a-bc9a6003b419 name=User_47_66
2025/11/08 14:46:51 INFO session updated token=082159d8-1f74-4d1d-960a-bc9a6003b419 tableID=0xc0002d7a50 seatIndex=0xc0002db620
2025/11/08 14:46:51 INFO session removed token=082159d8-1f74-4d1d-960a-bc9a6003b419
2025/11/08 14:46:51 INFO session created token=9577e367-b831-4f4b-af0e-6f40dfa0e36a name=User_47_67
2025/11/08 14:46:51 INFO session updated token=9577e367-b831-4f4b-af0e-6f40dfa0e36a tableID=0xc0002d7aa0 seatIndex=0xc0002db670
2025/11/08 14:46:51 INFO session removed token=9577e367-b831-4f4b-af0e-6f40dfa0e36a
2025/11/08 14:46:51 INFO session created token=a049cd05-1278-4398-9a14-b8072645e278 name=User_47_68
2025/11/08 14:46:51 INFO session updated token=a049cd05-1278-4398-9a14-b8072645e278 tableID=0xc0002d7af0 seatIndex=0xc0002db6c0
2025/11/08 14:46:51 INFO session removed token=a049cd05-1278-4398-9a14-b8072645e278
2025/11/08 14:46:51 INFO session created token=8a401787-272d-4b28-8d19-212590a3d52a name=User_47_69
2025/11/08 14:46:51 INFO session updated token=8a401787-272d-4b28-8d19-212590a3d52a tableID=0xc0002d7b40 seatIndex=0xc0002db710
2025/11/08 14:46:51 INFO session removed token=8a401787-272d-4b28-8d19-212590a3d52a
2025/11/08 14:46:51 INFO session created token=a4665183-c5a5-40b9-8f12-5aa45dd8ebf0 name=User_47_70
2025/11/08 14:46:51 INFO session updated token=a4665183-c5a5-40b9-8f12-5aa45dd8ebf0 tableID=0xc0002d7b90 seatIndex=0xc0002db760
2025/11/08 14:46:51 INFO session removed token=a4665183-c5a5-40b9-8f12-5aa45dd8ebf0
2025/11/08 14:46:51 INFO session created token=799089c9-4337-48cb-9b68-c5eba0d328cd name=User_47_71
2025/11/08 14:46:51 INFO session updated token=799089c9-4337-48cb-9b68-c5eba0d328cd tableID=0xc0002d7be0 seatIndex=0xc0002db7b0
2025/11/08 14:46:51 INFO session removed token=799089c9-4337-48cb-9b68-c5eba0d328cd
2025/11/08 14:46:51 INFO session created token=13cae7ea-4bd7-4fe8-a02a-a8a1500bee5c name=User_47_72
2025/11/08 14:46:51 INFO session updated token=13cae7ea-4bd7-4fe8-a02a-a8a1500bee5c tableID=0xc0002d7c30 seatIndex=0xc0002db800
2025/11/08 14:46:51 INFO session removed token=13cae7ea-4bd7-4fe8-a02a-a8a1500bee5c
2025/11/08 14:46:51 INFO session created token=6a3bb263-0abd-4037-9c75-949952b4e05c name=User_47_73
2025/11/08 14:46:51 INFO session updated token=6a3bb263-0abd-4037-9c75-949952b4e05c tableID=0xc0002d7c80 seatIndex=0xc0002db850
2025/11/08 14:46:51 INFO session removed token=6a3bb263-0abd-4037-9c75-949952b4e05c
2025/11/08 14:46:51 INFO session created token=e99a369b-9015-49ae-9638-0d83d5885cbb name=User_47_74
2025/11/08 14:46:51 INFO session updated token=e99a369b-9015-49ae-9638-0d83d5885cbb tableID=0xc0002d7cd0 seatIndex=0xc0002db8a0
2025/11/08 14:46:51 INFO session removed token=e99a369b-9015-49ae-9638-0d83d5885cbb
2025/11/08 14:46:51 INFO session created token=e1e517d1-5f6f-46a0-a742-68564b547b38 name=User_47_75
2025/11/08 14:46:51 INFO session updated token=e1e517d1-5f6f-46a0-a742-68564b547b38 tableID=0xc0002d7d20 seatIndex=0xc0002db8f0
2025/11/08 14:46:51 INFO session removed token=e1e517d1-5f6f-46a0-a742-68564b547b38
2025/11/08 14:46:51 INFO session created token=d7441b42-e88b-4716-b997-42e1b6342c0c name=User_47_76
2025/11/08 14:46:51 INFO session updated token=d7441b42-e88b-4716-b997-42e1b6342c0c tableID=0xc0002d7d70 seatIndex=0xc0002db940
2025/11/08 14:46:51 INFO session removed token=d7441b42-e88b-4716-b997-42e1b6342c0c
2025/11/08 14:46:51 INFO session created token=fc5a1b19-c197-4b5b-94a1-6c00f167d797 name=User_47_77
2025/11/08 14:46:51 INFO session updated token=fc5a1b19-c197-4b5b-94a1-6c00f167d797 tableID=0xc0002d7dc0 seatIndex=0xc0002db990
2025/11/08 14:46:51 INFO session removed token=fc5a1b19-c197-4b5b-94a1-6c00f167d797
2025/11/08 14:46:51 INFO session created token=59af2e19-9d54-4c4d-adf4-416bd8319b77 name=User_47_78
2025/11/08 14:46:51 INFO session updated token=59af2e19-9d54-4c4d-adf4-416bd8319b77 tableID=0xc0002d7e10 seatIndex=0xc0002db9e0
2025/11/08 14:46:51 INFO session removed token=59af2e19-9d54-4c4d-adf4-416bd8319b77
2025/11/08 14:46:51 INFO session created token=dc63670c-9a64-4f9a-b4d9-185305476b09 name=User_47_79
2025/11/08 14:46:51 INFO session updated token=dc63670c-9a64-4f9a-b4d9-185305476b09 tableID=0xc0002d7e60 seatIndex=0xc0002dba30
2025/11/08 14:46:51 INFO session removed token=dc63670c-9a64-4f9a-b4d9-185305476b09
2025/11/08 14:46:51 INFO session created token=0c7f86dc-3e9c-4385-b81f-5aec50eb3f45 name=User_47_80
2025/11/08 14:46:51 INFO session updated token=0c7f86dc-3e9c-4385-b81f-5aec50eb3f45 tableID=0xc0002d7eb0 seatIndex=0xc0002dba80
2025/11/08 14:46:51 INFO session removed token=0c7f86dc-3e9c-4385-b81f-5aec50eb3f45
2025/11/08 14:46:51 INFO session created token=2112ed3a-b1f6-4abd-b5da-011e55ba9668 name=User_47_81
2025/11/08 14:46:51 INFO session updated token=2112ed3a-b1f6-4abd-b5da-011e55ba9668 tableID=0xc0002d7f00 seatIndex=0xc0002dbad0
2025/11/08 14:46:51 INFO session removed token=2112ed3a-b1f6-4abd-b5da-011e55ba9668
2025/11/08 14:46:51 INFO session created token=3e3826bd-5a88-4159-9639-2a8683d5a4d8 name=User_47_82
2025/11/08 14:46:51 INFO session updated token=3e3826bd-5a88-4159-9639-2a8683d5a4d8 tableID=0xc0002d7f50 seatIndex=0xc0002dbb20
2025/11/08 14:46:51 INFO session removed token=3e3826bd-5a88-4159-9639-2a8683d5a4d8
2025/11/08 14:46:51 INFO session created token=80854848-5289-4174-b5d6-97c03e4665ad name=User_47_83
2025/11/08 14:46:51 INFO session updated token=80854848-5289-4174-b5d6-97c03e4665ad tableID=0xc000516020 seatIndex=0xc0002dbb70
2025/11/08 14:46:51 INFO session removed token=80854848-5289-4174-b5d6-97c03e4665ad
2025/11/08 14:46:51 INFO session created token=e678c0c8-0cc6-44ba-a434-faabef10619e name=User_47_84
2025/11/08 14:46:51 INFO session updated token=e678c0c8-0cc6-44ba-a434-faabef10619e tableID=0xc000516070 seatIndex=0xc0002dbbc0
2025/11/08 14:46:51 INFO session removed token=e678c0c8-0cc6-44ba-a434-faabef10619e
2025/11/08 14:46:51 INFO session created token=7f235b81-25df-4ae9-80ef-59170aad6ff7 name=User_47_85
2025/11/08 14:46:51 INFO session updated token=7f235b81-25df-4ae9-80ef-59170aad6ff7 tableID=0xc0005160c0 seatIndex=0xc0002dbc10
2025/11/08 14:46:51 INFO session removed token=7f235b81-25df-4ae9-80ef-59170aad6ff7
2025/11/08 14:46:51 INFO session created token=77ebf051-b03e-4c35-ad77-60e1f391c70b name=User_47_86
2025/11/08 14:46:51 INFO session updated token=77ebf051-b03e-4c35-ad77-60e1f391c70b tableID=0xc000516110 seatIndex=0xc0002dbc60
2025/11/08 14:46:51 INFO session removed token=77ebf051-b03e-4c35-ad77-60e1f391c70b
2025/11/08 14:46:51 INFO session created token=af1f3a24-e554-416e-b38c-83f80afca89f name=User_47_87
2025/11/08 14:46:51 INFO session updated token=af1f3a24-e554-416e-b38c-83f80afca89f tableID=0xc000516160 seatIndex=0xc0002dbcb0
2025/11/08 14:46:51 INFO session removed token=af1f3a24-e554-416e-b38c-83f80afca89f
2025/11/08 14:46:51 INFO session created token=d8aec00b-2b5b-4189-b037-a8c312a3e092 name=User_47_88
2025/11/08 14:46:51 INFO session removed token=12172ed2-0f77-4f3d-b79e-8ad39d8f33e0
2025/11/08 14:46:51 INFO session created token=12a97478-e518-4426-a808-5cc2270accd8 name=User_40_52
2025/11/08 14:46:51 INFO session removed token=ee877637-b151-4ffb-bdd7-d245d4343151
2025/11/08 14:46:51 INFO session updated token=531a0b32-2a29-424b-9072-5231b42e8cab tableID=0xc0003d00f0 seatIndex=0xc0003cde10
2025/11/08 14:46:51 INFO session removed token=4014070b-ab63-44f2-a906-b9e2fa93a15b
2025/11/08 14:46:51 INFO session removed token=817a4926-f6e1-4707-91cf-6763154225e7
2025/11/08 14:46:51 INFO session removed token=c0477672-9fd4-4aff-a203-306073e66717
2025/11/08 14:46:51 INFO session updated token=372babc5-b31b-48ba-8cba-afc7d686ac77 tableID=0xc0003d0110 seatIndex=0xc0003cde40
2025/11/08 14:46:51 INFO session created token=2f7ae24c-36b5-4c00-b50f-f14d20ff1d36 name=User_15_59
2025/11/08 14:46:51 INFO session updated token=21841355-4a7a-46ff-8403-6a26d94e203e tableID=0xc0003d0120 seatIndex=0xc0003cde50
2025/11/08 14:46:51 INFO session removed token=e9a1ffa5-fe45-4441-8a8d-a7a3171975aa
2025/11/08 14:46:51 INFO session removed token=2dae418f-cdd5-495f-93ca-8e66152fe10a
2025/11/08 14:46:51 INFO session updated token=e6ed9a68-1cb7-4168-8d56-5b57e42f6194 tableID=0xc000252c40 seatIndex=0xc00026e850
2025/11/08 14:46:51 INFO session updated token=041809a7-7144-4189-bbe1-0c968e65abfb tableID=0xc0002535e0 seatIndex=0xc00026f2b0
2025/11/08 14:46:51 INFO session updated token=b6b78023-e709-4d59-a07a-22bbdb5f68b2 tableID=0xc000410640 seatIndex=0xc000414580
2025/11/08 14:46:51 INFO session created token=272563f0-bcc7-4d96-88ea-4325cd8f9943 name=User_12_85
2025/11/08 14:46:51 INFO session updated token=2d402d48-dbc8-4556-862b-feb74388cb11 tableID=0xc000410650 seatIndex=0xc000414590
2025/11/08 14:46:51 INFO session removed token=b6b78023-e709-4d59-a07a-22bbdb5f68b2
2025/11/08 14:46:51 INFO session created token=ce66777b-3e9c-427e-a629-ed4760b8189a name=User_99_89
2025/11/08 14:46:51 INFO session updated token=ce66777b-3e9c-427e-a629-ed4760b8189a tableID=0xc000516230 seatIndex=0xc0002dbdb0
2025/11/08 14:46:51 INFO session removed token=ce66777b-3e9c-427e-a629-ed4760b8189a
2025/11/08 14:46:51 INFO session created token=e65be960-d604-493a-93c1-518b06f7c743 name=User_99_90
2025/11/08 14:46:51 INFO session updated token=e65be960-d604-493a-93c1-518b06f7c743 tableID=0xc000516280 seatIndex=0xc0002dbe00
2025/11/08 14:46:51 INFO session removed token=e65be960-d604-493a-93c1-518b06f7c743
2025/11/08 14:46:51 INFO session created token=9fda7ba8-6100-4466-a700-51c83c4e5ad2 name=User_99_91
2025/11/08 14:46:51 INFO session updated token=9fda7ba8-6100-4466-a700-51c83c4e5ad2 tableID=0xc0005162d0 seatIndex=0xc0002dbe50
2025/11/08 14:46:51 INFO session removed token=9fda7ba8-6100-4466-a700-51c83c4e5ad2
2025/11/08 14:46:51 INFO session created token=f2a62b9d-7c6e-4904-a6b1-5cd906915eb5 name=User_99_92
2025/11/08 14:46:51 INFO session updated token=f2a62b9d-7c6e-4904-a6b1-5cd906915eb5 tableID=0xc000516320 seatIndex=0xc0002dbea0
2025/11/08 14:46:51 INFO session removed token=f2a62b9d-7c6e-4904-a6b1-5cd906915eb5
2025/11/08 14:46:51 INFO session created token=7e3174e2-0e76-4982-838e-0f0b18926ced name=User_99_93
2025/11/08 14:46:51 INFO session updated token=8bd48cc0-9ba0-4c9b-96d5-d9ef57650382 tableID=0xc0002536a0 seatIndex=0xc00026f340
2025/11/08 14:46:51 INFO session removed token=8bd48cc0-9ba0-4c9b-96d5-d9ef57650382
2025/11/08 14:46:51 INFO session updated token=f45badda-021a-48c6-9e31-2b85dc98900d tableID=0xc0004109d0 seatIndex=0xc000414930
2025/11/08 14:46:51 INFO session updated token=724c24c1-b55b-481c-9827-401cbe59093d tableID=0xc0002530c0 seatIndex=0xc00026ecd0
2025/11/08 14:46:51 INFO session created token=0d276d36-5c64-42ae-84d0-4db68a227459 name=User_11_93
2025/11/08 14:46:51 INFO session updated token=778143e7-8351-4b3d-8a9b-b20b408a281d tableID=0xc000253700 seatIndex=0xc00026f350
2025/11/08 14:46:51 INFO session updated token=27ed2809-e036-44ed-ad3e-b55c07e8bbd5 tableID=0xc000253720 seatIndex=0xc00026f380
2025/11/08 14:46:51 INFO session created token=a33680e0-3eca-420f-bc22-d0a2db4cc3bd name=User_96_67
2025/11/08 14:46:51 INFO session updated token=4da5d2f2-a1ee-4672-a345-594943b78237 tableID=0xc000253890 seatIndex=0xc00026f510
2025/11/08 14:46:51 INFO session created token=189d04dc-0510-4633-9310-df94b8d754df name=User_76_52
2025/11/08 14:46:51 INFO session removed token=e60f81fc-fa51-40f6-9457-02837d3bbdb3
2025/11/08 14:46:51 INFO session updated token=647c5e63-8c59-4832-8825-2962302c91d9 tableID=0xc000346270 seatIndex=0xc0003481d0
2025/11/08 14:46:51 INFO session removed token=aec9223b-df65-4730-bbc5-e45cda7c295a
2025/11/08 14:46:51 INFO session updated token=b5fb0794-b3e9-4a04-b1d3-6ef605d3b21b tableID=0xc000346290 seatIndex=0xc0003481e0
2025/11/08 14:46:51 INFO session created token=dcfcb1b9-1c64-4700-9610-2b6d3154d25d name=User_75_51
2025/11/08 14:46:51 INFO session updated token=09bfc786-8f34-48f8-b84d-1d2c5f5b3ad3 tableID=0xc0003462a0 seatIndex=0xc0003481f0
2025/11/08 14:46:51 INFO session updated token=a2c0cf41-2520-4fff-9e27-362a80c00074 tableID=0xc0002d1c30 seatIndex=0xc0002d58c0
2025/11/08 14:46:51 INFO session updated token=bcd55601-309d-4b98-8823-ff726903a886 tableID=0xc0003462b0 seatIndex=0xc000348200
2025/11/08 14:46:51 INFO session updated token=1e59ee69-a0c4-4eb5-b2ab-c152cd440489 tableID=0xc000346340 seatIndex=0xc000348250
2025/11/08 14:46:51 INFO session updated token=caaba114-62b4-49ce-b2e4-178e13c5d3b0 tableID=0xc0002d1c80 seatIndex=0xc0002d58f0
2025/11/08 14:46:51 INFO session created token=8eb5caec-e7c8-4a86-9795-b525c617d869 name=User_44_63
2025/11/08 14:46:51 INFO session created token=be2b30a2-ca7d-4451-9c05-ab55d39fd335 name=User_16_26
2025/11/08 14:46:51 INFO session created token=a4f1ebb3-5719-4b66-bf51-dc6a70d23b97 name=User_18_68
2025/11/08 14:46:51 INFO session updated token=d979fb90-4f71-4b92-9a91-74c9eb53b146 tableID=0xc0002d1c90 seatIndex=0xc0002d5900
2025/11/08 14:46:51 INFO session updated token=3b706077-6f9d-4b87-9c6e-19b55d89a8ab tableID=0xc0002d1ca0 seatIndex=0xc0002d5910
2025/11/08 14:46:51 INFO session removed token=3f2abf60-2bb1-4bba-9013-900b1e029dee
2025/11/08 14:46:51 INFO session updated token=842cbf2e-4ff0-414a-b2bd-ab745d0c6da3 tableID=0xc0002d1cb0 seatIndex=0xc0002d5920
2025/11/08 14:46:51 INFO session created token=e08dbe57-9086-4813-97ef-366eb8f4dbfc name=User_51_24
2025/11/08 14:46:51 INFO session updated token=3d39763a-4cd6-42b9-a79b-73ef929e1e22 tableID=0xc0002d1cd0 seatIndex=0xc0002d5950
2025/11/08 14:46:51 INFO session updated token=eb8d8238-5957-4457-ab15-3d9c871300c6 tableID=0xc0002d1ce0 seatIndex=0xc0002d5960
2025/11/08 14:46:51 INFO session created token=48eedba4-d97e-40cd-bba3-e8e5ed2f1f71 name=User_73_30
2025/11/08 14:46:51 INFO session updated token=48eedba4-d97e-40cd-bba3-e8e5ed2f1f71 tableID=0xc000253980 seatIndex=0xc00026f600
2025/11/08 14:46:51 INFO session removed token=48eedba4-d97e-40cd-bba3-e8e5ed2f1f71
2025/11/08 14:46:51 INFO session created token=a8b0de8d-7ae7-4974-9a9a-481bbbdad143 name=User_73_31
2025/11/08 14:46:51 INFO session updated token=a8b0de8d-7ae7-4974-9a9a-481bbbdad143 tableID=0xc0002539d0 seatIndex=0xc00026f650
2025/11/08 14:46:51 INFO session removed token=a8b0de8d-7ae7-4974-9a9a-481bbbdad143
2025/11/08 14:46:51 INFO session created token=4c3f53db-1857-4aa2-a8ef-b44bcd0b6c44 name=User_73_32
2025/11/08 14:46:51 INFO session updated token=4c3f53db-1857-4aa2-a8ef-b44bcd0b6c44 tableID=0xc000253a20 seatIndex=0xc00026f6a0
2025/11/08 14:46:51 INFO session removed token=4c3f53db-1857-4aa2-a8ef-b44bcd0b6c44
2025/11/08 14:46:51 INFO session created token=2c1cd832-6833-42c1-a3b3-68bad5d92322 name=User_73_33
2025/11/08 14:46:51 INFO session updated token=2c1cd832-6833-42c1-a3b3-68bad5d92322 tableID=0xc000253a70 seatIndex=0xc00026f6f0
2025/11/08 14:46:51 INFO session removed token=2c1cd832-6833-42c1-a3b3-68bad5d92322
2025/11/08 14:46:51 INFO session created token=78190866-e0d9-4d35-b1ca-adbb0fcbd2d4 name=User_73_34
2025/11/08 14:46:51 INFO session removed token=eb8d8238-5957-4457-ab15-3d9c871300c6
2025/11/08 14:46:51 INFO session updated token=d8aec00b-2b5b-4189-b037-a8c312a3e092 tableID=0xc0003d0150 seatIndex=0xc0003cde80
2025/11/08 14:46:51 INFO session removed token=d8aec00b-2b5b-4189-b037-a8c312a3e092
2025/11/08 14:46:51 INFO session created token=c67afc4f-a6a9-4563-8ead-1925094f0197 name=User_47_89
2025/11/08 14:46:51 INFO session updated token=c67afc4f-a6a9-4563-8ead-1925094f0197 tableID=0xc0005163f0 seatIndex=0xc0002dbf80
2025/11/08 14:46:51 INFO session removed token=c67afc4f-a6a9-4563-8ead-1925094f0197
2025/11/08 14:46:51 INFO session created token=5b98f032-d54e-43a9-a1b1-4d060aaaf4f3 name=User_47_90
2025/11/08 14:46:51 INFO session updated token=5b98f032-d54e-43a9-a1b1-4d060aaaf4f3 tableID=0xc000516440 seatIndex=0xc0002dbfd0
2025/11/08 14:46:51 INFO session removed token=5b98f032-d54e-43a9-a1b1-4d060aaaf4f3
2025/11/08 14:46:51 INFO session created token=58a8c57f-3995-46cb-b465-ca38744d9d44 name=User_47_91
2025/11/08 14:46:51 INFO session updated token=58a8c57f-3995-46cb-b465-ca38744d9d44 tableID=0xc000516490 seatIndex=0xc00051a020
2025/11/08 14:46:51 INFO session removed token=58a8c57f-3995-46cb-b465-ca38744d9d44
2025/11/08 14:46:51 INFO session created token=cff01978-ef75-43b7-a3a5-247a6c87814d name=User_47_92
2025/11/08 14:46:51 INFO session updated token=cff01978-ef75-43b7-a3a5-247a6c87814d tableID=0xc0005164e0 seatIndex=0xc00051a070
2025/11/08 14:46:51 INFO session removed token=cff01978-ef75-43b7-a3a5-247a6c87814d
2025/11/08 14:46:51 INFO session created token=450db370-6bbc-4417-bc6d-02a7fc1c6bc9 name=User_47_93
2025/11/08 14:46:51 INFO session updated token=450db370-6bbc-4417-bc6d-02a7fc1c6bc9 tableID=0xc000516530 seatIndex=0xc00051a0c0
2025/11/08 14:46:51 INFO session removed token=450db370-6bbc-4417-bc6d-02a7fc1c6bc9
2025/11/08 14:46:51 INFO session created token=1f7e7bfd-d03f-4226-b23e-100926b5b70b name=User_47_94
2025/11/08 14:46:51 INFO session created token=ff00fe32-5cd9-4c35-95e9-7a04ba4201cc name=User_42_66
2025/11/08 14:46:51 INFO session updated token=1f7e7bfd-d03f-4226-b23e-100926b5b70b tableID=0xc000516580 seatIndex=0xc00051a110
2025/11/08 14:46:51 INFO session removed token=1f7e7bfd-d03f-4226-b23e-100926b5b70b
2025/11/08 14:46:51 INFO session created token=939469b8-3c56-4683-8653-f82eb0299b6e name=User_47_95
2025/11/08 14:46:51 INFO session updated token=939469b8-3c56-4683-8653-f82eb0299b6e tableID=0xc0005165e0 seatIndex=0xc00051a170
2025/11/08 14:46:51 INFO session removed token=939469b8-3c56-4683-8653-f82eb0299b6e
2025/11/08 14:46:51 INFO session created token=89c20e06-c23c-4f60-a404-fb5a04f601e8 name=User_47_96
2025/11/08 14:46:51 INFO session updated token=89c20e06-c23c-4f60-a404-fb5a04f601e8 tableID=0xc000516630 seatIndex=0xc00051a1c0
2025/11/08 14:46:51 INFO session removed token=89c20e06-c23c-4f60-a404-fb5a04f601e8
2025/11/08 14:46:51 INFO session created token=0b8cc031-004e-45ef-ba9a-a976df939ba3 name=User_47_97
2025/11/08 14:46:51 INFO session updated token=0b8cc031-004e-45ef-ba9a-a976df939ba3 tableID=0xc000516680 seatIndex=0xc00051a210
2025/11/08 14:46:51 INFO session removed token=0b8cc031-004e-45ef-ba9a-a976df939ba3
2025/11/08 14:46:51 INFO session created token=9b57bcdd-da06-4c93-8c26-41efce3bcfea name=User_47_98
2025/11/08 14:46:51 INFO session updated token=9b57bcdd-da06-4c93-8c26-41efce3bcfea tableID=0xc0005166d0 seatIndex=0xc00051a260
2025/11/08 14:46:51 INFO session removed token=9b57bcdd-da06-4c93-8c26-41efce3bcfea
2025/11/08 14:46:51 INFO session created token=d145fec9-8a73-40c8-9020-5d31f1212c6f name=User_47_99
2025/11/08 14:46:51 INFO session updated token=d145fec9-8a73-40c8-9020-5d31f1212c6f tableID=0xc000516720 seatIndex=0xc00051a2b0
2025/11/08 14:46:51 INFO session removed token=d145fec9-8a73-40c8-9020-5d31f1212c6f
2025/11/08 14:46:51 INFO session updated token=12a97478-e518-4426-a808-5cc2270accd8 tableID=0xc0003d0170 seatIndex=0xc0003cde90
2025/11/08 14:46:51 INFO session removed token=12a97478-e518-4426-a808-5cc2270accd8
2025/11/08 14:46:51 INFO session removed token=531a0b32-2a29-424b-9072-5231b42e8cab
2025/11/08 14:46:51 INFO session created token=4975e5a0-a3cc-4a42-ae1a-14ff11018667 name=User_8_68
2025/11/08 14:46:51 INFO session updated token=4975e5a0-a3cc-4a42-ae1a-14ff11018667 tableID=0xc0003464a0 seatIndex=0xc0003483f0
2025/11/08 14:46:51 INFO session removed token=4975e5a0-a3cc-4a42-ae1a-14ff11018667
2025/11/08 14:46:51 INFO session created token=9f3bdb41-96b2-4e3c-b9f9-32709d79bc94 name=User_8_69
2025/11/08 14:46:51 INFO session updated token=9f3bdb41-96b2-4e3c-b9f9-32709d79bc94 tableID=0xc0003464f0 seatIndex=0xc000348440
2025/11/08 14:46:51 INFO session removed token=9f3bdb41-96b2-4e3c-b9f9-32709d79bc94
2025/11/08 14:46:51 INFO session created token=5a03da95-4092-426a-b5cb-bdb86f8f6241 name=User_8_70
2025/11/08 14:46:51 INFO session updated token=5a03da95-4092-426a-b5cb-bdb86f8f6241 tableID=0xc000346540 seatIndex=0xc000348490
2025/11/08 14:46:51 INFO session removed token=5a03da95-4092-426a-b5cb-bdb86f8f6241
2025/11/08 14:46:51 INFO session created token=fd6d1eab-91f1-47e9-ab4a-53f642403fec name=User_8_71
2025/11/08 14:46:51 INFO session updated token=fd6d1eab-91f1-47e9-ab4a-53f642403fec tableID=0xc000346590 seatIndex=0xc0003484e0
2025/11/08 14:46:51 INFO session removed token=fd6d1eab-91f1-47e9-ab4a-53f642403fec
2025/11/08 14:46:51 INFO session created token=dfdf40fb-91fa-43a6-b3cf-5568898e01f6 name=User_8_72
2025/11/08 14:46:51 INFO session updated token=dfdf40fb-91fa-43a6-b3cf-5568898e01f6 tableID=0xc0003465e0 seatIndex=0xc000348530
2025/11/08 14:46:51 INFO session removed token=dfdf40fb-91fa-43a6-b3cf-5568898e01f6
2025/11/08 14:46:51 INFO session created token=dc68b22e-3e9c-45c0-8b0d-b45a177513a8 name=User_72_89
2025/11/08 14:46:51 INFO session created token=1ee8abcd-e036-4486-b398-a0edffd46889 name=User_8_73
2025/11/08 14:46:51 INFO session updated token=dc68b22e-3e9c-45c0-8b0d-b45a177513a8 tableID=0xc000516790 seatIndex=0xc00051a320
2025/11/08 14:46:51 INFO session removed token=dc68b22e-3e9c-45c0-8b0d-b45a177513a8
2025/11/08 14:46:51 INFO session created token=2fa25b39-cf28-41ef-81bf-1e83fc8ebf93 name=User_72_90
2025/11/08 14:46:51 INFO session updated token=2fa25b39-cf28-41ef-81bf-1e83fc8ebf93 tableID=0xc0005167f0 seatIndex=0xc00051a380
2025/11/08 14:46:51 INFO session removed token=2fa25b39-cf28-41ef-81bf-1e83fc8ebf93
2025/11/08 14:46:51 INFO session created token=bac6ee0d-c89d-4770-991f-78f866dbc8e2 name=User_72_91
2025/11/08 14:46:51 INFO session updated token=bac6ee0d-c89d-4770-991f-78f866dbc8e2 tableID=0xc000516840 seatIndex=0xc00051a3d0
2025/11/08 14:46:51 INFO session removed token=bac6ee0d-c89d-4770-991f-78f866dbc8e2
2025/11/08 14:46:51 INFO session created token=387a1f95-bff2-4bce-9535-03d34f230ed5 name=User_72_92
2025/11/08 14:46:51 INFO session updated token=387a1f95-bff2-4bce-9535-03d34f230ed5 tableID=0xc000516890 seatIndex=0xc00051a420
2025/11/08 14:46:51 INFO session removed token=387a1f95-bff2-4bce-9535-03d34f230ed5
2025/11/08 14:46:51 INFO session created token=a28181ab-8422-4fca-ad4c-444de3ea703e name=User_33_77
2025/11/08 14:46:51 INFO session created token=85118750-d7da-42cb-9834-d07f8b0a1d73 name=User_72_93
2025/11/08 14:46:51 INFO session updated token=a28181ab-8422-4fca-ad4c-444de3ea703e tableID=0xc000253b00 seatIndex=0xc00026f740
2025/11/08 14:46:51 INFO session removed token=a28181ab-8422-4fca-ad4c-444de3ea703e
2025/11/08 14:46:51 INFO session created token=23e48a28-27d5-4af6-a95a-a3e2a74e204f name=User_33_78
2025/11/08 14:46:51 INFO session updated token=23e48a28-27d5-4af6-a95a-a3e2a74e204f tableID=0xc000253b60 seatIndex=0xc00026f7a0
2025/11/08 14:46:51 INFO session removed token=23e48a28-27d5-4af6-a95a-a3e2a74e204f
2025/11/08 14:46:51 INFO session created token=13b029b2-6e6f-4c89-844d-021c57047b5d name=User_33_79
2025/11/08 14:46:51 INFO session updated token=13b029b2-6e6f-4c89-844d-021c57047b5d tableID=0xc000253bb0 seatIndex=0xc00026f7f0
2025/11/08 14:46:51 INFO session removed token=13b029b2-6e6f-4c89-844d-021c57047b5d
2025/11/08 14:46:51 INFO session created token=bf873db3-52b6-4f79-9dc8-74ffd8b76323 name=User_33_80
2025/11/08 14:46:51 INFO session updated token=bf873db3-52b6-4f79-9dc8-74ffd8b76323 tableID=0xc000253c00 seatIndex=0xc00026f840
2025/11/08 14:46:51 INFO session removed token=bf873db3-52b6-4f79-9dc8-74ffd8b76323
2025/11/08 14:46:51 INFO session created token=5fc4fd30-b754-4f9f-9568-d37385a6fced name=User_33_81
2025/11/08 14:46:51 INFO session updated token=5fc4fd30-b754-4f9f-9568-d37385a6fced tableID=0xc000253c50 seatIndex=0xc00026f890
2025/11/08 14:46:51 INFO session removed token=5fc4fd30-b754-4f9f-9568-d37385a6fced
2025/11/08 14:46:51 INFO session created token=0008813b-60da-422f-bbfb-cbc54270665d name=User_33_82
2025/11/08 14:46:51 INFO session updated token=0008813b-60da-422f-bbfb-cbc54270665d tableID=0xc000253ca0 seatIndex=0xc00026f8e0
2025/11/08 14:46:51 INFO session removed token=0008813b-60da-422f-bbfb-cbc54270665d
2025/11/08 14:46:51 INFO session created token=db507b87-aa91-4d50-b967-a79459601303 name=User_33_83
2025/11/08 14:46:51 INFO session updated token=db507b87-aa91-4d50-b967-a79459601303 tableID=0xc000253cf0 seatIndex=0xc00026f930
2025/11/08 14:46:51 INFO session removed token=db507b87-aa91-4d50-b967-a79459601303
2025/11/08 14:46:51 INFO session created token=fd42e5c9-bb2e-4d8d-b9ac-f6304719f72b name=User_33_84
2025/11/08 14:46:51 INFO session updated token=fd42e5c9-bb2e-4d8d-b9ac-f6304719f72b tableID=0xc000253d40 seatIndex=0xc00026f980
2025/11/08 14:46:51 INFO session removed token=fd42e5c9-bb2e-4d8d-b9ac-f6304719f72b
2025/11/08 14:46:51 INFO session created token=0d63b77a-700b-4808-9f77-a81126ecd0ef name=User_33_85
2025/11/08 14:46:51 INFO session updated token=0d63b77a-700b-4808-9f77-a81126ecd0ef tableID=0xc000253d90 seatIndex=0xc00026f9d0
2025/11/08 14:46:51 INFO session removed token=0d63b77a-700b-4808-9f77-a81126ecd0ef
2025/11/08 14:46:51 INFO session created token=302ce88b-943f-4785-8714-8ba06e2f04c1 name=User_33_86
2025/11/08 14:46:51 INFO session updated token=302ce88b-943f-4785-8714-8ba06e2f04c1 tableID=0xc000253de0 seatIndex=0xc00026fa20
2025/11/08 14:46:51 INFO session removed token=302ce88b-943f-4785-8714-8ba06e2f04c1
2025/11/08 14:46:51 INFO session created token=8081e9ee-52be-4935-8801-fcbcec265e67 name=User_33_87
2025/11/08 14:46:51 INFO session updated token=8081e9ee-52be-4935-8801-fcbcec265e67 tableID=0xc000253e30 seatIndex=0xc00026fa70
2025/11/08 14:46:51 INFO session removed token=8081e9ee-52be-4935-8801-fcbcec265e67
2025/11/08 14:46:51 INFO session created token=606e8c77-a513-4fae-84ef-59576a12c7e7 name=User_33_88
2025/11/08 14:46:51 INFO session updated token=606e8c77-a513-4fae-84ef-59576a12c7e7 tableID=0xc000253e80 seatIndex=0xc00026fac0
2025/11/08 14:46:51 INFO session removed token=606e8c77-a513-4fae-84ef-59576a12c7e7
2025/11/08 14:46:51 INFO session created token=fc1655ef-2c4f-48d2-b91b-53a41758a000 name=User_33_89
2025/11/08 14:46:51 INFO session updated token=85118750-d7da-42cb-9834-d07f8b0a1d73 tableID=0xc000253b20 seatIndex=0xc00026f770
2025/11/08 14:46:51 INFO session removed token=85118750-d7da-42cb-9834-d07f8b0a1d73
2025/11/08 14:46:51 INFO session created token=ee2987da-4c8e-45a1-ae9f-7cd7c6ed91ad name=User_72_94
2025/11/08 14:46:51 INFO session updated token=ee2987da-4c8e-45a1-ae9f-7cd7c6ed91ad tableID=0xc000516930 seatIndex=0xc00051a4c0
2025/11/08 14:46:51 INFO session removed token=ee2987da-4c8e-45a1-ae9f-7cd7c6ed91ad
2025/11/08 14:46:51 INFO session created token=640185c0-e863-4af5-af4d-1e9e7fd15bf1 name=User_72_95
2025/11/08 14:46:51 INFO session updated token=640185c0-e863-4af5-af4d-1e9e7fd15bf1 tableID=0xc000516980 seatIndex=0xc00051a510
2025/11/08 14:46:51 INFO session removed token=640185c0-e863-4af5-af4d-1e9e7fd15bf1
2025/11/08 14:46:51 INFO session created token=1ac9dc50-c048-40e2-89c6-c23dab45c2f4 name=User_72_96
2025/11/08 14:46:51 INFO session updated token=1ac9dc50-c048-40e2-89c6-c23dab45c2f4 tableID=0xc0005169d0 seatIndex=0xc00051a560
2025/11/08 14:46:51 INFO session removed token=1ac9dc50-c048-40e2-89c6-c23dab45c2f4
2025/11/08 14:46:51 INFO session created token=09672b56-0ea3-4c9b-9507-f52de77a47f0 name=User_72_97
2025/11/08 14:46:51 INFO session updated token=09672b56-0ea3-4c9b-9507-f52de77a47f0 tableID=0xc000516a20 seatIndex=0xc00051a5b0
2025/11/08 14:46:51 INFO session removed token=09672b56-0ea3-4c9b-9507-f52de77a47f0
2025/11/08 14:46:51 INFO session created token=441b0c2f-9029-4002-af85-3c30d4cf9ec1 name=User_72_98
2025/11/08 14:46:51 INFO session updated token=441b0c2f-9029-4002-af85-3c30d4cf9ec1 tableID=0xc000516a70 seatIndex=0xc00051a600
2025/11/08 14:46:51 INFO session removed token=441b0c2f-9029-4002-af85-3c30d4cf9ec1
2025/11/08 14:46:51 INFO session removed token=372babc5-b31b-48ba-8cba-afc7d686ac77
2025/11/08 14:46:51 INFO session created token=b2dc30cd-036e-4c02-b25e-bff74bf02983 name=User_98_50
2025/11/08 14:46:51 INFO session created token=75f0bfc7-948f-4e2d-8823-bf89342eb26a name=User_72_99
2025/11/08 14:46:51 INFO session updated token=b2dc30cd-036e-4c02-b25e-bff74bf02983 tableID=0xc000253f00 seatIndex=0xc00026fb30
2025/11/08 14:46:51 INFO session updated token=2f7ae24c-36b5-4c00-b50f-f14d20ff1d36 tableID=0xc0003d01e0 seatIndex=0xc0003cdf00
2025/11/08 14:46:51 INFO session removed token=21841355-4a7a-46ff-8403-6a26d94e203e
2025/11/08 14:46:51 INFO session removed token=e6ed9a68-1cb7-4168-8d56-5b57e42f6194
2025/11/08 14:46:51 INFO session removed token=041809a7-7144-4189-bbe1-0c968e65abfb
2025/11/08 14:46:51 INFO session removed token=2d402d48-dbc8-4556-862b-feb74388cb11
2025/11/08 14:46:51 INFO session updated token=87dade86-4a08-4059-a394-ec3b3848f182 tableID=0xc000410660 seatIndex=0xc0004145a0
2025/11/08 14:46:51 INFO session created token=a06b3aa9-0d2f-4e72-94b3-a0552d6fe038 name=User_4_76
2025/11/08 14:46:51 INFO session updated token=272563f0-bcc7-4d96-88ea-4325cd8f9943 tableID=0xc0005161f0 seatIndex=0xc0002dbd80
2025/11/08 14:46:51 INFO session created token=3f0b16b5-3712-4675-80a9-869e979b3e61 name=User_70_80
2025/11/08 14:46:51 INFO session updated token=7e3174e2-0e76-4982-838e-0f0b18926ced tableID=0xc0003463e0 seatIndex=0xc000348340
2025/11/08 14:46:51 INFO session removed token=724c24c1-b55b-481c-9827-401cbe59093d
2025/11/08 14:46:51 INFO session created token=0e8eecb1-c9f0-469a-acf4-f19ced104d18 name=User_79_49
2025/11/08 14:46:51 INFO session removed token=f45badda-021a-48c6-9e31-2b85dc98900d
2025/11/08 14:46:51 INFO session updated token=0d276d36-5c64-42ae-84d0-4db68a227459 tableID=0xc0003d0270 seatIndex=0xc0003cdfb0
2025/11/08 14:46:51 INFO session removed token=778143e7-8351-4b3d-8a9b-b20b408a281d
2025/11/08 14:46:51 INFO session removed token=27ed2809-e036-44ed-ad3e-b55c07e8bbd5
2025/11/08 14:46:51 INFO session updated token=189d04dc-0510-4633-9310-df94b8d754df tableID=0xc0003d02c0 seatIndex=0xc0003d2000
2025/11/08 14:46:51 INFO session removed token=4da5d2f2-a1ee-4672-a345-594943b78237
2025/11/08 14:46:51 INFO session updated token=a33680e0-3eca-420f-bc22-d0a2db4cc3bd tableID=0xc000411000 seatIndex=0xc000414ef0
2025/11/08 14:46:51 INFO session removed token=647c5e63-8c59-4832-8825-2962302c91d9
2025/11/08 14:46:51 INFO session created token=8d4dc86e-aa54-4767-a379-ab90f0576da5 name=User_58_42
2025/11/08 14:46:51 INFO session removed token=b5fb0794-b3e9-4a04-b1d3-6ef605d3b21b
2025/11/08 14:46:51 INFO session created token=d1677a11-90b8-41ef-aa47-4347a234b3c6 name=User_19_36
2025/11/08 14:46:51 INFO session updated token=dcfcb1b9-1c64-4700-9610-2b6d3154d25d tableID=0xc0003d02d0 seatIndex=0xc0003d2030
2025/11/08 14:46:51 INFO session removed token=09bfc786-8f34-48f8-b84d-1d2c5f5b3ad3
2025/11/08 14:46:51 INFO session removed token=bcd55601-309d-4b98-8823-ff726903a886
2025/11/08 14:46:51 INFO session removed token=a2c0cf41-2520-4fff-9e27-362a80c00074
2025/11/08 14:46:51 INFO session removed token=1e59ee69-a0c4-4eb5-b2ab-c152cd440489
2025/11/08 14:46:51 INFO session removed token=caaba114-62b4-49ce-b2e4-178e13c5d3b0
2025/11/08 14:46:51 INFO session updated token=8eb5caec-e7c8-4a86-9795-b525c617d869 tableID=0xc0004110b0 seatIndex=0xc000415000
2025/11/08 14:46:51 INFO session updated token=be2b30a2-ca7d-4451-9c05-ab55d39fd335 tableID=0xc0004110c0 seatIndex=0xc000415010
2025/11/08 14:46:51 INFO session removed token=d979fb90-4f71-4b92-9a91-74c9eb53b146
2025/11/08 14:46:51 INFO session updated token=a4f1ebb3-5719-4b66-bf51-dc6a70d23b97 tableID=0xc0002538f0 seatIndex=0xc00026f560
2025/11/08 14:46:51 INFO session removed token=3b706077-6f9d-4b87-9c6e-19b55d89a8ab
2025/11/08 14:46:51 INFO session removed token=842cbf2e-4ff0-414a-b2bd-ab745d0c6da3
2025/11/08 14:46:51 INFO session updated token=e08dbe57-9086-4813-97ef-366eb8f4dbfc tableID=0xc000253940 seatIndex=0xc00026f5d0
2025/11/08 14:46:51 INFO session removed token=3d39763a-4cd6-42b9-a79b-73ef929e1e22
2025/11/08 14:46:51 INFO session created token=46cafead-dd13-433a-a3e9-14bb21c2d0f5 name=User_62_59
2025/11/08 14:46:51 INFO session updated token=46cafead-dd13-433a-a3e9-14bb21c2d0f5 tableID=0xc000516c00 seatIndex=0xc00051a750
2025/11/08 14:46:51 INFO session removed token=46cafead-dd13-433a-a3e9-14bb21c2d0f5
2025/11/08 14:46:51 INFO session created token=7e6f658b-2006-4955-a31a-c4045726c90d name=User_62_60
2025/11/08 14:46:51 INFO session updated token=7e6f658b-2006-4955-a31a-c4045726c90d tableID=0xc000516c50 seatIndex=0xc00051a7a0
2025/11/08 14:46:51 INFO session removed token=7e6f658b-2006-4955-a31a-c4045726c90d
2025/11/08 14:46:51 INFO session created token=b9bf7c4b-49c0-4ac6-ad5c-1c32908c31ca name=User_62_61
2025/11/08 14:46:51 INFO session updated token=b9bf7c4b-49c0-4ac6-ad5c-1c32908c31ca tableID=0xc000516ca0 seatIndex=0xc00051a7f0
2025/11/08 14:46:51 INFO session removed token=b9bf7c4b-49c0-4ac6-ad5c-1c32908c31ca
2025/11/08 14:46:51 INFO session created token=74d4f261-5940-44f5-84e5-19bd7973459c name=User_62_62
2025/11/08 14:46:51 INFO session updated token=74d4f261-5940-44f5-84e5-19bd7973459c tableID=0xc000516cf0 seatIndex=0xc00051a840
2025/11/08 14:46:51 INFO session removed token=74d4f261-5940-44f5-84e5-19bd7973459c
2025/11/08 14:46:51 INFO session created token=40334326-0030-4202-ae67-a86581edd2bb name=User_62_63
2025/11/08 14:46:51 INFO session updated token=40334326-0030-4202-ae67-a86581edd2bb tableID=0xc000516d40 seatIndex=0xc00051a890
2025/11/08 14:46:51 INFO session removed token=40334326-0030-4202-ae67-a86581edd2bb
2025/11/08 14:46:51 INFO session created token=da779888-05a7-43e8-97e4-56064086cb2e name=User_62_64
2025/11/08 14:46:51 INFO session updated token=da779888-05a7-43e8-97e4-56064086cb2e tableID=0xc000516d90 seatIndex=0xc00051a8e0
2025/11/08 14:46:51 INFO session removed token=da779888-05a7-43e8-97e4-56064086cb2e
2025/11/08 14:46:51 INFO session created token=f1e0988b-b32b-4088-a007-fa3bfc585122 name=User_62_65
2025/11/08 14:46:51 INFO session updated token=f1e0988b-b32b-4088-a007-fa3bfc585122 tableID=0xc000516de0 seatIndex=0xc00051a930
2025/11/08 14:46:51 INFO session removed token=f1e0988b-b32b-4088-a007-fa3bfc585122
2025/11/08 14:46:51 INFO session created token=ee11edd1-ae50-47d4-88e9-44413bb422dc name=User_62_66
2025/11/08 14:46:51 INFO session updated token=ee11edd1-ae50-47d4-88e9-44413bb422dc tableID=0xc000516e30 seatIndex=0xc00051a980
2025/11/08 14:46:51 INFO session removed token=ee11edd1-ae50-47d4-88e9-44413bb422dc
2025/11/08 14:46:51 INFO session created token=8dffa6b7-5690-497f-81f1-91120dfb7a90 name=User_62_67
2025/11/08 14:46:51 INFO session updated token=8dffa6b7-5690-497f-81f1-91120dfb7a90 tableID=0xc000516e80 seatIndex=0xc00051a9d0
2025/11/08 14:46:51 INFO session removed token=8dffa6b7-5690-497f-81f1-91120dfb7a90
2025/11/08 14:46:51 INFO session created token=1a85e414-de56-49ec-9f28-aa04642ac8ef name=User_62_68
2025/11/08 14:46:51 INFO session updated token=1a85e414-de56-49ec-9f28-aa04642ac8ef tableID=0xc000516ed0 seatIndex=0xc00051aa20
2025/11/08 14:46:51 INFO session removed token=1a85e414-de56-49ec-9f28-aa04642ac8ef
2025/11/08 14:46:51 INFO session created token=266da7f9-b28e-41da-830d-d7c02c83cef0 name=User_62_69
2025/11/08 14:46:51 INFO session updated token=266da7f9-b28e-41da-830d-d7c02c83cef0 tableID=0xc000516f20 seatIndex=0xc00051aa70
2025/11/08 14:46:51 INFO session removed token=266da7f9-b28e-41da-830d-d7c02c83cef0
2025/11/08 14:46:51 INFO session created token=74494af5-5ae9-45d5-ba2a-c8b96582c6e4 name=User_62_70
2025/11/08 14:46:51 INFO session updated token=74494af5-5ae9-45d5-ba2a-c8b96582c6e4 tableID=0xc000516f70 seatIndex=0xc00051aac0
2025/11/08 14:46:51 INFO session removed token=74494af5-5ae9-45d5-ba2a-c8b96582c6e4
2025/11/08 14:46:51 INFO session created token=8b81fb36-e120-46f3-88bf-fbede9dfb10a name=User_62_71
2025/11/08 14:46:51 INFO session updated token=8b81fb36-e120-46f3-88bf-fbede9dfb10a tableID=0xc000516fc0 seatIndex=0xc00051ab10
2025/11/08 14:46:51 INFO session removed token=8b81fb36-e120-46f3-88bf-fbede9dfb10a
2025/11/08 14:46:51 INFO session created token=397487f9-bea5-4dfa-bb4a-02e82e398157 name=User_62_72
2025/11/08 14:46:51 INFO session updated token=397487f9-bea5-4dfa-bb4a-02e82e398157 tableID=0xc000517010 seatIndex=0xc00051ab60
2025/11/08 14:46:51 INFO session removed token=397487f9-bea5-4dfa-bb4a-02e82e398157
2025/11/08 14:46:51 INFO session created token=916f5b91-6cab-4f40-9261-117360c5abc5 name=User_62_73
2025/11/08 14:46:51 INFO session updated token=916f5b91-6cab-4f40-9261-117360c5abc5 tableID=0xc000517060 seatIndex=0xc00051abb0
2025/11/08 14:46:51 INFO session removed token=916f5b91-6cab-4f40-9261-117360c5abc5
2025/11/08 14:46:51 INFO session created token=10f7c513-c09e-45dd-8f3b-e7b0a35cfa2d name=User_62_74
2025/11/08 14:46:51 INFO session updated token=10f7c513-c09e-45dd-8f3b-e7b0a35cfa2d tableID=0xc0005170b0 seatIndex=0xc00051ac00
2025/11/08 14:46:51 INFO session removed token=10f7c513-c09e-45dd-8f3b-e7b0a35cfa2d
2025/11/08 14:46:51 INFO session created token=947b2b55-e885-409b-877f-1f6a719b1175 name=User_62_75
2025/11/08 14:46:51 INFO session updated token=947b2b55-e885-409b-877f-1f6a719b1175 tableID=0xc000517100 seatIndex=0xc00051ac50
2025/11/08 14:46:51 INFO session removed token=947b2b55-e885-409b-877f-1f6a719b1175
2025/11/08 14:46:51 INFO session created token=028e0d7a-c4b7-4f90-a77c-be14414125d1 name=User_62_76
2025/11/08 14:46:51 INFO session updated token=028e0d7a-c4b7-4f90-a77c-be14414125d1 tableID=0xc000517150 seatIndex=0xc00051aca0
2025/11/08 14:46:51 INFO session removed token=028e0d7a-c4b7-4f90-a77c-be14414125d1
2025/11/08 14:46:51 INFO session created token=9bdd9465-cbcd-4863-a40f-f3885f921809 name=User_62_77
2025/11/08 14:46:51 INFO session updated token=9bdd9465-cbcd-4863-a40f-f3885f921809 tableID=0xc0005171a0 seatIndex=0xc00051acf0
2025/11/08 14:46:51 INFO session removed token=9bdd9465-cbcd-4863-a40f-f3885f921809
2025/11/08 14:46:51 INFO session created token=e46a7f45-d1cb-491f-a63b-0544002400ab name=User_62_78
2025/11/08 14:46:51 INFO session updated token=e46a7f45-d1cb-491f-a63b-0544002400ab tableID=0xc0005171f0 seatIndex=0xc00051ad40
2025/11/08 14:46:51 INFO session removed token=e46a7f45-d1cb-491f-a63b-0544002400ab
2025/11/08 14:46:51 INFO session created token=525bc82c-2b9c-4f59-a82f-f748e6b874a1 name=User_62_79
2025/11/08 14:46:51 INFO session updated token=525bc82c-2b9c-4f59-a82f-f748e6b874a1 tableID=0xc000517240 seatIndex=0xc00051ad90
2025/11/08 14:46:51 INFO session removed token=525bc82c-2b9c-4f59-a82f-f748e6b874a1
2025/11/08 14:46:51 INFO session created token=3dd4f6a7-e00b-413c-a5a5-5a1baf0fcc0d name=User_62_80
2025/11/08 14:46:51 INFO session updated token=3dd4f6a7-e00b-413c-a5a5-5a1baf0fcc0d tableID=0xc000517290 seatIndex=0xc00051ade0
2025/11/08 14:46:51 INFO session removed token=3dd4f6a7-e00b-413c-a5a5-5a1baf0fcc0d
2025/11/08 14:46:51 INFO session created token=3f79fcb9-9f32-43e0-8a2d-bc8a0ea5cd44 name=User_62_81
2025/11/08 14:46:51 INFO session updated token=3f79fcb9-9f32-43e0-8a2d-bc8a0ea5cd44 tableID=0xc0005172e0 seatIndex=0xc00051ae30
2025/11/08 14:46:51 INFO session removed token=3f79fcb9-9f32-43e0-8a2d-bc8a0ea5cd44
2025/11/08 14:46:51 INFO session created token=9caea91f-cb14-4d8b-936d-6132f557ef0b name=User_62_82
2025/11/08 14:46:51 INFO session updated token=9caea91f-cb14-4d8b-936d-6132f557ef0b tableID=0xc000517330 seatIndex=0xc00051ae80
2025/11/08 14:46:51 INFO session removed token=9caea91f-cb14-4d8b-936d-6132f557ef0b
2025/11/08 14:46:51 INFO session created token=3f2cb355-1c8a-480e-a399-85c1cc7066f6 name=User_62_83
2025/11/08 14:46:51 INFO session updated token=3f2cb355-1c8a-480e-a399-85c1cc7066f6 tableID=0xc000517380 seatIndex=0xc00051aed0
2025/11/08 14:46:51 INFO session removed token=3f2cb355-1c8a-480e-a399-85c1cc7066f6
2025/11/08 14:46:51 INFO session created token=9443b302-ab0d-4812-9f97-68a584bd8693 name=User_62_84
2025/11/08 14:46:51 INFO session updated token=9443b302-ab0d-4812-9f97-68a584bd8693 tableID=0xc0005173d0 seatIndex=0xc00051af20
2025/11/08 14:46:51 INFO session removed token=9443b302-ab0d-4812-9f97-68a584bd8693
2025/11/08 14:46:51 INFO session created token=2316fa2c-e865-4819-a31c-e19e992e88f3 name=User_62_85
2025/11/08 14:46:51 INFO session updated token=2316fa2c-e865-4819-a31c-e19e992e88f3 tableID=0xc000517420 seatIndex=0xc00051af70
2025/11/08 14:46:51 INFO session removed token=2316fa2c-e865-4819-a31c-e19e992e88f3
2025/11/08 14:46:51 INFO session created token=02076b77-c83a-4350-9b38-7472668976c1 name=User_62_86
2025/11/08 14:46:51 INFO session updated token=02076b77-c83a-4350-9b38-7472668976c1 tableID=0xc000517470 seatIndex=0xc00051afc0
2025/11/08 14:46:51 INFO session removed token=02076b77-c83a-4350-9b38-7472668976c1
2025/11/08 14:46:51 INFO session created token=00669091-032b-44f7-a4b6-ca55aef463f4 name=User_62_87
2025/11/08 14:46:51 INFO session updated token=00669091-032b-44f7-a4b6-ca55aef463f4 tableID=0xc0005174c0 seatIndex=0xc00051b010
2025/11/08 14:46:51 INFO session removed token=00669091-032b-44f7-a4b6-ca55aef463f4
2025/11/08 14:46:51 INFO session created token=49b3b8d9-aea4-4879-bedc-767b925a719c name=User_62_88
2025/11/08 14:46:51 INFO session updated token=49b3b8d9-aea4-4879-bedc-767b925a719c tableID=0xc000517510 seatIndex=0xc00051b060
2025/11/08 14:46:51 INFO session removed token=49b3b8d9-aea4-4879-bedc-767b925a719c
2025/11/08 14:46:51 INFO session created token=d1aca59b-ffcb-4750-bb1c-2719fc56c5c4 name=User_62_89
2025/11/08 14:46:51 INFO session updated token=d1aca59b-ffcb-4750-bb1c-2719fc56c5c4 tableID=0xc000517560 seatIndex=0xc00051b0b0
2025/11/08 14:46:51 INFO session removed token=d1aca59b-ffcb-4750-bb1c-2719fc56c5c4
2025/11/08 14:46:51 INFO session created token=fba0a172-cfb7-46f0-adce-3501e4dccd81 name=User_62_90
2025/11/08 14:46:51 INFO session updated token=fba0a172-cfb7-46f0-adce-3501e4dccd81 tableID=0xc0005175b0 seatIndex=0xc00051b100
2025/11/08 14:46:51 INFO session removed token=fba0a172-cfb7-46f0-adce-3501e4dccd81
2025/11/08 14:46:51 INFO session created token=c90d4456-d2ec-4099-ba02-c87bc536c810 name=User_62_91
2025/11/08 14:46:51 INFO session updated token=c90d4456-d2ec-4099-ba02-c87bc536c810 tableID=0xc000517600 seatIndex=0xc00051b150
2025/11/08 14:46:51 INFO session removed token=c90d4456-d2ec-4099-ba02-c87bc536c810
2025/11/08 14:46:51 INFO session created token=f786129a-d779-4e79-913c-1560e03d24ae name=User_62_92
2025/11/08 14:46:51 INFO session updated token=f786129a-d779-4e79-913c-1560e03d24ae tableID=0xc000517650 seatIndex=0xc00051b1a0
2025/11/08 14:46:51 INFO session removed token=f786129a-d779-4e79-913c-1560e03d24ae
2025/11/08 14:46:51 INFO session created token=6e4527fb-efa6-4db2-a757-d5ba291db915 name=User_62_93
2025/11/08 14:46:51 INFO session updated token=6e4527fb-efa6-4db2-a757-d5ba291db915 tableID=0xc0005176a0 seatIndex=0xc00051b1f0
2025/11/08 14:46:51 INFO session removed token=6e4527fb-efa6-4db2-a757-d5ba291db915
2025/11/08 14:46:51 INFO session created token=a2bdd4b2-b766-4e52-b945-194055475a6a name=User_62_94
2025/11/08 14:46:51 INFO session updated token=a2bdd4b2-b766-4e52-b945-194055475a6a tableID=0xc0005176f0 seatIndex=0xc00051b240
2025/11/08 14:46:51 INFO session removed token=a2bdd4b2-b766-4e52-b945-194055475a6a
2025/11/08 14:46:51 INFO session created token=e90e8a9a-037d-4c6f-8bf9-218c21e34bdd name=User_62_95
2025/11/08 14:46:51 INFO session updated token=e90e8a9a-037d-4c6f-8bf9-218c21e34bdd tableID=0xc000517740 seatIndex=0xc00051b290
2025/11/08 14:46:51 INFO session removed token=e90e8a9a-037d-4c6f-8bf9-218c21e34bdd
2025/11/08 14:46:51 INFO session created token=17f3a41c-a774-4466-9a43-37de0f1c69b0 name=User_62_96
2025/11/08 14:46:51 INFO session updated token=17f3a41c-a774-4466-9a43-37de0f1c69b0 tableID=0xc000517790 seatIndex=0xc00051b2e0
2025/11/08 14:46:51 INFO session removed token=17f3a41c-a774-4466-9a43-37de0f1c69b0
2025/11/08 14:46:51 INFO session created token=ef738898-fd4d-4c70-85ba-1abbd7698db3 name=User_62_97
2025/11/08 14:46:51 INFO session updated token=ef738898-fd4d-4c70-85ba-1abbd7698db3 tableID=0xc0005177e0 seatIndex=0xc00051b330
2025/11/08 14:46:51 INFO session removed token=ef738898-fd4d-4c70-85ba-1abbd7698db3
2025/11/08 14:46:51 INFO session created token=7d77bbf7-d36d-467e-b5c6-78bcfbea5bb6 name=User_62_98
2025/11/08 14:46:51 INFO session updated token=7d77bbf7-d36d-467e-b5c6-78bcfbea5bb6 tableID=0xc000517830 seatIndex=0xc00051b380
2025/11/08 14:46:51 INFO session removed token=7d77bbf7-d36d-467e-b5c6-78bcfbea5bb6
2025/11/08 14:46:51 INFO session created token=fbd73d89-c615-4743-a9bc-320ba85cd1aa name=User_62_99
2025/11/08 14:46:51 INFO session updated token=fbd73d89-c615-4743-a9bc-320ba85cd1aa tableID=0xc000517880 seatIndex=0xc00051b3d0
2025/11/08 14:46:51 INFO session removed token=fbd73d89-c615-4743-a9bc-320ba85cd1aa
2025/11/08 14:46:51 INFO session updated token=78190866-e0d9-4d35-b1ca-adbb0fcbd2d4 tableID=0xc0005163a0 seatIndex=0xc0002dbf30
2025/11/08 14:46:51 INFO session removed token=78190866-e0d9-4d35-b1ca-adbb0fcbd2d4
2025/11/08 14:46:51 INFO session created token=dafe9604-527a-448f-be3f-d65c71ef2851 name=User_73_35
2025/11/08 14:46:51 INFO session updated token=dafe9604-527a-448f-be3f-d65c71ef2851 tableID=0xc0005178f0 seatIndex=0xc00051b440
2025/11/08 14:46:51 INFO session removed token=dafe9604-527a-448f-be3f-d65c71ef2851
2025/11/08 14:46:51 INFO session created token=02dae710-fba5-4bd9-92e5-6b8df9b4dca1 name=User_73_36
2025/11/08 14:46:51 INFO session updated token=02dae710-fba5-4bd9-92e5-6b8df9b4dca1 tableID=0xc000517940 seatIndex=0xc00051b490
2025/11/08 14:46:51 INFO session removed token=02dae710-fba5-4bd9-92e5-6b8df9b4dca1
2025/11/08 14:46:51 INFO session created token=2e14317d-62c1-4beb-9a0f-b936fd52653c name=User_73_37
2025/11/08 14:46:51 INFO session updated token=2e14317d-62c1-4beb-9a0f-b936fd52653c tableID=0xc000517990 seatIndex=0xc00051b4e0
2025/11/08 14:46:51 INFO session removed token=2e14317d-62c1-4beb-9a0f-b936fd52653c
2025/11/08 14:46:51 INFO session created token=0309661c-e443-4f07-b568-73ac83ad6ce4 name=User_73_38
2025/11/08 14:46:51 INFO session updated token=0309661c-e443-4f07-b568-73ac83ad6ce4 tableID=0xc0005179e0 seatIndex=0xc00051b530
2025/11/08 14:46:51 INFO session removed token=0309661c-e443-4f07-b568-73ac83ad6ce4
2025/11/08 14:46:51 INFO session created token=d7e47f29-9e43-43c6-b6f0-a0ee665589df name=User_73_39
2025/11/08 14:46:51 INFO session updated token=d7e47f29-9e43-43c6-b6f0-a0ee665589df tableID=0xc000517a30 seatIndex=0xc00051b580
2025/11/08 14:46:51 INFO session removed token=d7e47f29-9e43-43c6-b6f0-a0ee665589df
2025/11/08 14:46:51 INFO session created token=c5b535e8-867b-45a4-8c97-9606cec7885e name=User_73_40
2025/11/08 14:46:51 INFO session updated token=c5b535e8-867b-45a4-8c97-9606cec7885e tableID=0xc000517a80 seatIndex=0xc00051b5d0
2025/11/08 14:46:51 INFO session removed token=c5b535e8-867b-45a4-8c97-9606cec7885e
2025/11/08 14:46:51 INFO session created token=7f40da86-60b3-49ad-8d4f-e5289a47b39b name=User_73_41
2025/11/08 14:46:51 INFO session updated token=7f40da86-60b3-49ad-8d4f-e5289a47b39b tableID=0xc000517ad0 seatIndex=0xc00051b620
2025/11/08 14:46:51 INFO session removed token=7f40da86-60b3-49ad-8d4f-e5289a47b39b
2025/11/08 14:46:51 INFO session created token=487e3720-1e3a-4b1f-a507-6da96ac62d25 name=User_73_42
2025/11/08 14:46:51 INFO session updated token=487e3720-1e3a-4b1f-a507-6da96ac62d25 tableID=0xc000517b20 seatIndex=0xc00051b670
2025/11/08 14:46:51 INFO session removed token=487e3720-1e3a-4b1f-a507-6da96ac62d25
2025/11/08 14:46:51 INFO session created token=41f8ed46-915b-417f-92df-4698e32b4d23 name=User_73_43
2025/11/08 14:46:51 INFO session updated token=41f8ed46-915b-417f-92df-4698e32b4d23 tableID=0xc000517b70 seatIndex=0xc00051b6c0
2025/11/08 14:46:51 INFO session removed token=41f8ed46-915b-417f-92df-4698e32b4d23
2025/11/08 14:46:51 INFO session created token=6e25d1c1-e850-4305-aaf8-ea44e820fbb3 name=User_73_44
2025/11/08 14:46:51 INFO session updated token=6e25d1c1-e850-4305-aaf8-ea44e820fbb3 tableID=0xc000517bc0 seatIndex=0xc00051b710
2025/11/08 14:46:51 INFO session removed token=6e25d1c1-e850-4305-aaf8-ea44e820fbb3
2025/11/08 14:46:51 INFO session created token=5f84fd90-292f-4c6d-8c4a-73a1f4658ffe name=User_73_45
2025/11/08 14:46:51 INFO session updated token=5f84fd90-292f-4c6d-8c4a-73a1f4658ffe tableID=0xc000517c10 seatIndex=0xc00051b760
2025/11/08 14:46:51 INFO session removed token=5f84fd90-292f-4c6d-8c4a-73a1f4658ffe
2025/11/08 14:46:51 INFO session created token=52443718-2b38-47d0-ae09-355781a4e506 name=User_73_46
2025/11/08 14:46:51 INFO session updated token=52443718-2b38-47d0-ae09-355781a4e506 tableID=0xc000517c60 seatIndex=0xc00051b7b0
2025/11/08 14:46:51 INFO session removed token=52443718-2b38-47d0-ae09-355781a4e506
2025/11/08 14:46:51 INFO session created token=8c0ec399-9d42-4040-9273-a92a801508db name=User_73_47
2025/11/08 14:46:51 INFO session updated token=8c0ec399-9d42-4040-9273-a92a801508db tableID=0xc000517cb0 seatIndex=0xc00051b800
2025/11/08 14:46:51 INFO session removed token=8c0ec399-9d42-4040-9273-a92a801508db
2025/11/08 14:46:51 INFO session created token=e506fce1-6ae2-4d89-a4ff-8048b683e51b name=User_73_48
2025/11/08 14:46:51 INFO session updated token=e506fce1-6ae2-4d89-a4ff-8048b683e51b tableID=0xc000517d00 seatIndex=0xc00051b850
2025/11/08 14:46:51 INFO session removed token=e506fce1-6ae2-4d89-a4ff-8048b683e51b
2025/11/08 14:46:51 INFO session created token=f588c68c-3e90-4801-9f01-7b83fa2b95f6 name=User_73_49
2025/11/08 14:46:51 INFO session updated token=f588c68c-3e90-4801-9f01-7b83fa2b95f6 tableID=0xc000517d50 seatIndex=0xc00051b8a0
2025/11/08 14:46:51 INFO session removed token=f588c68c-3e90-4801-9f01-7b83fa2b95f6
2025/11/08 14:46:51 INFO session created token=6783d08c-3846-486a-aec4-f4fc3ebfed02 name=User_73_50
2025/11/08 14:46:51 INFO session updated token=6783d08c-3846-486a-aec4-f4fc3ebfed02 tableID=0xc000517da0 seatIndex=0xc00051b8f0
2025/11/08 14:46:51 INFO session removed token=6783d08c-3846-486a-aec4-f4fc3ebfed02
2025/11/08 14:46:51 INFO session created token=79ff51f1-d465-4587-9966-772e0a5f1bde name=User_73_51
2025/11/08 14:46:51 INFO session updated token=79ff51f1-d465-4587-9966-772e0a5f1bde tableID=0xc000517df0 seatIndex=0xc00051b940
2025/11/08 14:46:51 INFO session removed token=79ff51f1-d465-4587-9966-772e0a5f1bde
2025/11/08 14:46:51 INFO session created token=4d0d133c-412f-46a0-8f94-72fd7e22e150 name=User_73_52
2025/11/08 14:46:51 INFO session updated token=4d0d133c-412f-46a0-8f94-72fd7e22e150 tableID=0xc000517e40 seatIndex=0xc00051b990
2025/11/08 14:46:51 INFO session removed token=4d0d133c-412f-46a0-8f94-72fd7e22e150
2025/11/08 14:46:51 INFO session created token=598f31da-eda6-42a9-9690-2b52d9b48f2f name=User_73_53
2025/11/08 14:46:51 INFO session updated token=598f31da-eda6-42a9-9690-2b52d9b48f2f tableID=0xc000517e90 seatIndex=0xc00051b9e0
2025/11/08 14:46:51 INFO session removed token=598f31da-eda6-42a9-9690-2b52d9b48f2f
2025/11/08 14:46:51 INFO session created token=1d66da3b-6462-4161-a332-6bb674439e37 name=User_73_54
2025/11/08 14:46:51 INFO session updated token=1d66da3b-6462-4161-a332-6bb674439e37 tableID=0xc000517ee0 seatIndex=0xc00051ba30
2025/11/08 14:46:51 INFO session removed token=1d66da3b-6462-4161-a332-6bb674439e37
2025/11/08 14:46:51 INFO session created token=7a3778be-9298-45e1-8f8e-97c4af111525 name=User_73_55
2025/11/08 14:46:51 INFO session updated token=7a3778be-9298-45e1-8f8e-97c4af111525 tableID=0xc000517f30 seatIndex=0xc00051ba80
2025/11/08 14:46:51 INFO session removed token=7a3778be-9298-45e1-8f8e-97c4af111525
2025/11/08 14:46:51 INFO session created token=383f24ea-1307-4c41-bf6f-5021cef806de name=User_73_56
2025/11/08 14:46:51 INFO session updated token=383f24ea-1307-4c41-bf6f-5021cef806de tableID=0xc000520000 seatIndex=0xc00051bad0
2025/11/08 14:46:51 INFO session removed token=383f24ea-1307-4c41-bf6f-5021cef806de
2025/11/08 14:46:51 INFO session created token=6d2810ed-fdc7-400b-a6ac-420130f21bc5 name=User_73_57
2025/11/08 14:46:51 INFO session updated token=6d2810ed-fdc7-400b-a6ac-420130f21bc5 tableID=0xc000520050 seatIndex=0xc00051bb20
2025/11/08 14:46:51 INFO session removed token=6d2810ed-fdc7-400b-a6ac-420130f21bc5
2025/11/08 14:46:51 INFO session created token=62267374-ca22-49ee-a435-92b155378f60 name=User_73_58
2025/11/08 14:46:51 INFO session updated token=62267374-ca22-49ee-a435-92b155378f60 tableID=0xc0005200a0 seatIndex=0xc00051bb70
2025/11/08 14:46:51 INFO session removed token=62267374-ca22-49ee-a435-92b155378f60
2025/11/08 14:46:51 INFO session created token=43dd9eb5-817b-44d0-82d0-1e6a9a8529a3 name=User_73_59
2025/11/08 14:46:51 INFO session updated token=43dd9eb5-817b-44d0-82d0-1e6a9a8529a3 tableID=0xc0005200f0 seatIndex=0xc00051bbc0
2025/11/08 14:46:51 INFO session removed token=43dd9eb5-817b-44d0-82d0-1e6a9a8529a3
2025/11/08 14:46:51 INFO session created token=a1c7351b-28d4-4d87-9813-a20ec309181e name=User_73_60
2025/11/08 14:46:51 INFO session updated token=a1c7351b-28d4-4d87-9813-a20ec309181e tableID=0xc000520140 seatIndex=0xc00051bc10
2025/11/08 14:46:51 INFO session removed token=a1c7351b-28d4-4d87-9813-a20ec309181e
2025/11/08 14:46:51 INFO session created token=04cde283-8e8f-4ff8-98c8-155ded66e8fb name=User_73_61
2025/11/08 14:46:51 INFO session updated token=04cde283-8e8f-4ff8-98c8-155ded66e8fb tableID=0xc000520190 seatIndex=0xc00051bc60
2025/11/08 14:46:51 INFO session removed token=04cde283-8e8f-4ff8-98c8-155ded66e8fb
2025/11/08 14:46:51 INFO session created token=4e5aa7f6-6989-45a1-bd6a-74431787ce30 name=User_73_62
2025/11/08 14:46:51 INFO session updated token=4e5aa7f6-6989-45a1-bd6a-74431787ce30 tableID=0xc0005201e0 seatIndex=0xc00051bcb0
2025/11/08 14:46:51 INFO session removed token=4e5aa7f6-6989-45a1-bd6a-74431787ce30
2025/11/08 14:46:51 INFO session created token=d4e94a14-808c-4beb-9665-ac8b599af2c1 name=User_73_63
2025/11/08 14:46:51 INFO session updated token=d4e94a14-808c-4beb-9665-ac8b599af2c1 tableID=0xc000520230 seatIndex=0xc00051bd00
2025/11/08 14:46:51 INFO session removed token=d4e94a14-808c-4beb-9665-ac8b599af2c1
2025/11/08 14:46:51 INFO session created token=5e3efc61-d0ed-4da2-9e49-dfd08277fd7b name=User_73_64
2025/11/08 14:46:51 INFO session updated token=5e3efc61-d0ed-4da2-9e49-dfd08277fd7b tableID=0xc000520280 seatIndex=0xc00051bd50
2025/11/08 14:46:51 INFO session removed token=5e3efc61-d0ed-4da2-9e49-dfd08277fd7b
2025/11/08 14:46:51 INFO session created token=9755e906-e52c-4e19-8c6c-385e783bfac6 name=User_73_65
2025/11/08 14:46:51 INFO session updated token=9755e906-e52c-4e19-8c6c-385e783bfac6 tableID=0xc0005202d0 seatIndex=0xc00051bda0
2025/11/08 14:46:51 INFO session removed token=9755e906-e52c-4e19-8c6c-385e783bfac6
2025/11/08 14:46:51 INFO session created token=74a7e49c-91f0-4e22-b276-c94c49c4531c name=User_73_66
2025/11/08 14:46:51 INFO session updated token=74a7e49c-91f0-4e22-b276-c94c49c4531c tableID=0xc000520320 seatIndex=0xc00051bdf0
2025/11/08 14:46:51 INFO session removed token=74a7e49c-91f0-4e22-b276-c94c49c4531c
2025/11/08 14:46:51 INFO session created token=b862176e-94ae-4383-bea1-869f66376080 name=User_73_67
2025/11/08 14:46:51 INFO session updated token=b862176e-94ae-4383-bea1-869f66376080 tableID=0xc000520370 seatIndex=0xc00051be40
2025/11/08 14:46:51 INFO session removed token=b862176e-94ae-4383-bea1-869f66376080
2025/11/08 14:46:51 INFO session created token=a8d0d685-4656-41b2-aed2-099dd030f488 name=User_73_68
2025/11/08 14:46:51 INFO session updated token=a8d0d685-4656-41b2-aed2-099dd030f488 tableID=0xc0005203c0 seatIndex=0xc00051be90
2025/11/08 14:46:51 INFO session removed token=a8d0d685-4656-41b2-aed2-099dd030f488
2025/11/08 14:46:51 INFO session created token=d87745c6-693c-4403-9b0f-4fe35ed31a33 name=User_73_69
2025/11/08 14:46:51 INFO session updated token=d87745c6-693c-4403-9b0f-4fe35ed31a33 tableID=0xc000520410 seatIndex=0xc00051bee0
2025/11/08 14:46:51 INFO session removed token=d87745c6-693c-4403-9b0f-4fe35ed31a33
2025/11/08 14:46:51 INFO session created token=f2d91f15-791c-4418-a227-538981359fd4 name=User_73_70
2025/11/08 14:46:51 INFO session updated token=f2d91f15-791c-4418-a227-538981359fd4 tableID=0xc000520460 seatIndex=0xc00051bf30
2025/11/08 14:46:51 INFO session removed token=f2d91f15-791c-4418-a227-538981359fd4
2025/11/08 14:46:51 INFO session created token=bc48866a-fe56-4db4-8293-ec58d55bf7fd name=User_73_71
2025/11/08 14:46:51 INFO session updated token=bc48866a-fe56-4db4-8293-ec58d55bf7fd tableID=0xc0005204b0 seatIndex=0xc00051bf80
2025/11/08 14:46:51 INFO session removed token=bc48866a-fe56-4db4-8293-ec58d55bf7fd
2025/11/08 14:46:51 INFO session created token=d8b7d3a8-dcab-42b6-8d30-b9e57479a7f7 name=User_73_72
2025/11/08 14:46:51 INFO session updated token=d8b7d3a8-dcab-42b6-8d30-b9e57479a7f7 tableID=0xc000520500 seatIndex=0xc00051bfd0
2025/11/08 14:46:51 INFO session removed token=d8b7d3a8-dcab-42b6-8d30-b9e57479a7f7
2025/11/08 14:46:51 INFO session created token=cc7e7437-d62b-42cd-9bdc-69a7147954f9 name=User_73_73
2025/11/08 14:46:51 INFO session updated token=cc7e7437-d62b-42cd-9bdc-69a7147954f9 tableID=0xc000520550 seatIndex=0xc000530020
2025/11/08 14:46:51 INFO session removed token=cc7e7437-d62b-42cd-9bdc-69a7147954f9
2025/11/08 14:46:51 INFO session created token=3546eca8-7630-474e-9430-c993c318ab50 name=User_73_74
2025/11/08 14:46:51 INFO session updated token=3546eca8-7630-474e-9430-c993c318ab50 tableID=0xc0005205a0 seatIndex=0xc000530070
2025/11/08 14:46:51 INFO session removed token=3546eca8-7630-474e-9430-c993c318ab50
2025/11/08 14:46:51 INFO session created token=bc3a07e2-916e-428d-ad29-af2a4d396e36 name=User_73_75
2025/11/08 14:46:51 INFO session updated token=bc3a07e2-916e-428d-ad29-af2a4d396e36 tableID=0xc0005205f0 seatIndex=0xc0005300c0
2025/11/08 14:46:51 INFO session removed token=bc3a07e2-916e-428d-ad29-af2a4d396e36
2025/11/08 14:46:51 INFO session created token=48557c77-bce0-4881-8852-60a6f9daedf9 name=User_73_76
2025/11/08 14:46:51 INFO session updated token=48557c77-bce0-4881-8852-60a6f9daedf9 tableID=0xc000520640 seatIndex=0xc000530110
2025/11/08 14:46:51 INFO session removed token=48557c77-bce0-4881-8852-60a6f9daedf9
2025/11/08 14:46:51 INFO session created token=530884db-a8a2-4913-bd7b-c8eabc923df3 name=User_73_77
2025/11/08 14:46:51 INFO session updated token=530884db-a8a2-4913-bd7b-c8eabc923df3 tableID=0xc000520690 seatIndex=0xc000530160
2025/11/08 14:46:51 INFO session removed token=530884db-a8a2-4913-bd7b-c8eabc923df3
2025/11/08 14:46:51 INFO session created token=f97baaae-e8d0-4772-881d-8765727574df name=User_73_78
2025/11/08 14:46:51 INFO session updated token=f97baaae-e8d0-4772-881d-8765727574df tableID=0xc0005206e0 seatIndex=0xc0005301b0
2025/11/08 14:46:51 INFO session removed token=f97baaae-e8d0-4772-881d-8765727574df
2025/11/08 14:46:51 INFO session created token=0a8d713c-b7ef-4ad2-bbe9-b6e855e604c8 name=User_73_79
2025/11/08 14:46:51 INFO session updated token=0a8d713c-b7ef-4ad2-bbe9-b6e855e604c8 tableID=0xc000520730 seatIndex=0xc000530200
2025/11/08 14:46:51 INFO session removed token=0a8d713c-b7ef-4ad2-bbe9-b6e855e604c8
2025/11/08 14:46:51 INFO session created token=0de043ee-c736-4eaf-bf56-5b6241a00dba name=User_73_80
2025/11/08 14:46:51 INFO session updated token=0de043ee-c736-4eaf-bf56-5b6241a00dba tableID=0xc000520780 seatIndex=0xc000530250
2025/11/08 14:46:51 INFO session removed token=0de043ee-c736-4eaf-bf56-5b6241a00dba
2025/11/08 14:46:51 INFO session created token=1ccf0c3e-4d2e-47b1-ac33-59f6f2a9e015 name=User_73_81
2025/11/08 14:46:51 INFO session updated token=1ccf0c3e-4d2e-47b1-ac33-59f6f2a9e015 tableID=0xc0005207d0 seatIndex=0xc0005302a0
2025/11/08 14:46:51 INFO session removed token=1ccf0c3e-4d2e-47b1-ac33-59f6f2a9e015
2025/11/08 14:46:51 INFO session created token=14102d6f-6441-453f-b4d1-0d05356a2e44 name=User_73_82
2025/11/08 14:46:51 INFO session updated token=14102d6f-6441-453f-b4d1-0d05356a2e44 tableID=0xc000520820 seatIndex=0xc0005302f0
2025/11/08 14:46:51 INFO session removed token=14102d6f-6441-453f-b4d1-0d05356a2e44
2025/11/08 14:46:51 INFO session created token=d47ddc32-3b1e-420a-9b69-68b16505b2f0 name=User_73_83
2025/11/08 14:46:51 INFO session updated token=d47ddc32-3b1e-420a-9b69-68b16505b2f0 tableID=0xc000520870 seatIndex=0xc000530340
2025/11/08 14:46:51 INFO session removed token=d47ddc32-3b1e-420a-9b69-68b16505b2f0
2025/11/08 14:46:51 INFO session created token=89ad8634-62c8-4815-9267-8c5e605c5a56 name=User_73_84
2025/11/08 14:46:51 INFO session updated token=89ad8634-62c8-4815-9267-8c5e605c5a56 tableID=0xc0005208c0 seatIndex=0xc000530390
2025/11/08 14:46:51 INFO session removed token=89ad8634-62c8-4815-9267-8c5e605c5a56
2025/11/08 14:46:51 INFO session created token=c7ddce75-b23e-42fc-82f6-c5a318838657 name=User_73_85
2025/11/08 14:46:51 INFO session updated token=c7ddce75-b23e-42fc-82f6-c5a318838657 tableID=0xc000520910 seatIndex=0xc0005303e0
2025/11/08 14:46:51 INFO session removed token=c7ddce75-b23e-42fc-82f6-c5a318838657
2025/11/08 14:46:51 INFO session created token=862f666a-b991-41e9-b23e-67acf4f84c34 name=User_73_86
2025/11/08 14:46:51 INFO session updated token=862f666a-b991-41e9-b23e-67acf4f84c34 tableID=0xc000520960 seatIndex=0xc000530430
2025/11/08 14:46:51 INFO session removed token=862f666a-b991-41e9-b23e-67acf4f84c34
2025/11/08 14:46:51 INFO session created token=bb145005-bcef-4bfc-b271-b821e8ead979 name=User_73_87
2025/11/08 14:46:51 INFO session updated token=bb145005-bcef-4bfc-b271-b821e8ead979 tableID=0xc0005209b0 seatIndex=0xc000530480
2025/11/08 14:46:51 INFO session removed token=bb145005-bcef-4bfc-b271-b821e8ead979
2025/11/08 14:46:51 INFO session created token=1442965c-3872-4edd-9330-7f01ce6d893b name=User_73_88
2025/11/08 14:46:51 INFO session updated token=1442965c-3872-4edd-9330-7f01ce6d893b tableID=0xc000520a00 seatIndex=0xc0005304d0
2025/11/08 14:46:51 INFO session removed token=1442965c-3872-4edd-9330-7f01ce6d893b
2025/11/08 14:46:51 INFO session created token=9157f6e0-e53b-4d49-9804-d1e2637e9160 name=User_73_89
2025/11/08 14:46:51 INFO session updated token=9157f6e0-e53b-4d49-9804-d1e2637e9160 tableID=0xc000520a50 seatIndex=0xc000530520
2025/11/08 14:46:51 INFO session removed token=9157f6e0-e53b-4d49-9804-d1e2637e9160
2025/11/08 14:46:51 INFO session created token=2c24fb11-d108-42d9-aabd-8601e888e26f name=User_73_90
2025/11/08 14:46:51 INFO session updated token=2c24fb11-d108-42d9-aabd-8601e888e26f tableID=0xc000520aa0 seatIndex=0xc000530570
2025/11/08 14:46:51 INFO session removed token=2c24fb11-d108-42d9-aabd-8601e888e26f
2025/11/08 14:46:51 INFO session created token=879ffd34-3acb-43f9-927d-4c6ef7337dfb name=User_73_91
2025/11/08 14:46:51 INFO session updated token=879ffd34-3acb-43f9-927d-4c6ef7337dfb tableID=0xc000520af0 seatIndex=0xc0005305c0
2025/11/08 14:46:51 INFO session removed token=879ffd34-3acb-43f9-927d-4c6ef7337dfb
2025/11/08 14:46:51 INFO session created token=9f4768d9-8237-4e1a-94fb-89aeaa4eb242 name=User_73_92
2025/11/08 14:46:51 INFO session updated token=9f4768d9-8237-4e1a-94fb-89aeaa4eb242 tableID=0xc000520b40 seatIndex=0xc000530610
2025/11/08 14:46:51 INFO session removed token=9f4768d9-8237-4e1a-94fb-89aeaa4eb242
2025/11/08 14:46:51 INFO session created token=0e951fbc-38c8-4593-b82b-67bf58b7fa7a name=User_73_93
2025/11/08 14:46:51 INFO session updated token=0e951fbc-38c8-4593-b82b-67bf58b7fa7a tableID=0xc000520b90 seatIndex=0xc000530660
2025/11/08 14:46:51 INFO session removed token=0e951fbc-38c8-4593-b82b-67bf58b7fa7a
2025/11/08 14:46:51 INFO session created token=68a63f20-3765-4da7-ac65-06c7e58a9503 name=User_73_94
2025/11/08 14:46:51 INFO session updated token=68a63f20-3765-4da7-ac65-06c7e58a9503 tableID=0xc000520be0 seatIndex=0xc0005306b0
2025/11/08 14:46:51 INFO session removed token=68a63f20-3765-4da7-ac65-06c7e58a9503
2025/11/08 14:46:51 INFO session created token=81383616-4ff6-4d3b-920b-18d9c71da003 name=User_73_95
2025/11/08 14:46:51 INFO session updated token=81383616-4ff6-4d3b-920b-18d9c71da003 tableID=0xc000520c30 seatIndex=0xc000530700
2025/11/08 14:46:51 INFO session removed token=81383616-4ff6-4d3b-920b-18d9c71da003
2025/11/08 14:46:51 INFO session created token=b17a8b7e-ce83-4d8d-8bbb-6e5d3711fc15 name=User_73_96
2025/11/08 14:46:51 INFO session updated token=b17a8b7e-ce83-4d8d-8bbb-6e5d3711fc15 tableID=0xc000520c80 seatIndex=0xc000530750
2025/11/08 14:46:51 INFO session removed token=b17a8b7e-ce83-4d8d-8bbb-6e5d3711fc15
2025/11/08 14:46:51 INFO session created token=33e5d14c-28c0-4aa4-9b1b-7c1b53e055d9 name=User_73_97
2025/11/08 14:46:51 INFO session updated token=33e5d14c-28c0-4aa4-9b1b-7c1b53e055d9 tableID=0xc000520cd0 seatIndex=0xc0005307a0
2025/11/08 14:46:51 INFO session removed token=33e5d14c-28c0-4aa4-9b1b-7c1b53e055d9
2025/11/08 14:46:51 INFO session created token=4fb0a16e-c518-4069-b265-cc545f694e29 name=User_73_98
2025/11/08 14:46:51 INFO session updated token=4fb0a16e-c518-4069-b265-cc545f694e29 tableID=0xc000520d20 seatIndex=0xc0005307f0
2025/11/08 14:46:51 INFO session removed token=4fb0a16e-c518-4069-b265-cc545f694e29
2025/11/08 14:46:51 INFO session created token=dc7fbffe-3e09-4aee-9665-96a9cf6590e4 name=User_73_99
2025/11/08 14:46:51 INFO session updated token=dc7fbffe-3e09-4aee-9665-96a9cf6590e4 tableID=0xc000520d70 seatIndex=0xc000530840
2025/11/08 14:46:51 INFO session removed token=dc7fbffe-3e09-4aee-9665-96a9cf6590e4
2025/11/08 14:46:51 INFO session updated token=ff00fe32-5cd9-4c35-95e9-7a04ba4201cc tableID=0xc0005165a0 seatIndex=0xc00051a140
2025/11/08 14:46:51 INFO session removed token=ff00fe32-5cd9-4c35-95e9-7a04ba4201cc
2025/11/08 14:46:51 INFO session created token=0f9b2647-eeb4-4b73-b639-46324925ff1a name=User_42_67
2025/11/08 14:46:51 INFO session updated token=0f9b2647-eeb4-4b73-b639-46324925ff1a tableID=0xc000520de0 seatIndex=0xc0005308b0
2025/11/08 14:46:51 INFO session removed token=0f9b2647-eeb4-4b73-b639-46324925ff1a
2025/11/08 14:46:51 INFO session created token=94aa4f0a-f2a0-4b7d-9e16-b39328748dbf name=User_42_68
2025/11/08 14:46:51 INFO session updated token=94aa4f0a-f2a0-4b7d-9e16-b39328748dbf tableID=0xc000520e30 seatIndex=0xc000530900
2025/11/08 14:46:51 INFO session removed token=94aa4f0a-f2a0-4b7d-9e16-b39328748dbf
2025/11/08 14:46:51 INFO session created token=ac12479f-872c-4fac-8b42-26ec34e01820 name=User_42_69
2025/11/08 14:46:51 INFO session updated token=ac12479f-872c-4fac-8b42-26ec34e01820 tableID=0xc000520e80 seatIndex=0xc000530950
2025/11/08 14:46:51 INFO session removed token=ac12479f-872c-4fac-8b42-26ec34e01820
2025/11/08 14:46:51 INFO session created token=793e49c9-c922-4b1c-8686-7ebac1d12f79 name=User_42_70
2025/11/08 14:46:51 INFO session updated token=793e49c9-c922-4b1c-8686-7ebac1d12f79 tableID=0xc000520ed0 seatIndex=0xc0005309a0
2025/11/08 14:46:51 INFO session removed token=793e49c9-c922-4b1c-8686-7ebac1d12f79
2025/11/08 14:46:51 INFO session created token=776a2926-b2d8-4a22-9948-4f8154eb5842 name=User_42_71
2025/11/08 14:46:51 INFO session updated token=776a2926-b2d8-4a22-9948-4f8154eb5842 tableID=0xc000520f20 seatIndex=0xc0005309f0
2025/11/08 14:46:51 INFO session removed token=776a2926-b2d8-4a22-9948-4f8154eb5842
2025/11/08 14:46:51 INFO session created token=2322b8d0-bafe-4b94-8a17-0c9fbbe00120 name=User_42_72
2025/11/08 14:46:51 INFO session updated token=2322b8d0-bafe-4b94-8a17-0c9fbbe00120 tableID=0xc000520f70 seatIndex=0xc000530a40
2025/11/08 14:46:51 INFO session removed token=2322b8d0-bafe-4b94-8a17-0c9fbbe00120
2025/11/08 14:46:51 INFO session created token=ab97b0da-5180-493a-8228-5aea029b5738 name=User_42_73
2025/11/08 14:46:51 INFO session updated token=ab97b0da-5180-493a-8228-5aea029b5738 tableID=0xc000520fc0 seatIndex=0xc000530a90
2025/11/08 14:46:51 INFO session removed token=ab97b0da-5180-493a-8228-5aea029b5738
2025/11/08 14:46:51 INFO session created token=f39727fa-eea4-46c5-ba0e-a7d096c84e39 name=User_42_74
2025/11/08 14:46:51 INFO session updated token=f39727fa-eea4-46c5-ba0e-a7d096c84e39 tableID=0xc000521010 seatIndex=0xc000530ae0
2025/11/08 14:46:51 INFO session removed token=f39727fa-eea4-46c5-ba0e-a7d096c84e39
2025/11/08 14:46:51 INFO session created token=6e725acf-2b3c-4624-92f5-5fe15f3842ec name=User_42_75
2025/11/08 14:46:51 INFO session updated token=6e725acf-2b3c-4624-92f5-5fe15f3842ec tableID=0xc000521060 seatIndex=0xc000530b30
2025/11/08 14:46:51 INFO session removed token=6e725acf-2b3c-4624-92f5-5fe15f3842ec
2025/11/08 14:46:51 INFO session created token=713ed8a5-f4b4-4cac-a42b-b3beaa886539 name=User_42_76
2025/11/08 14:46:51 INFO session updated token=713ed8a5-f4b4-4cac-a42b-b3beaa886539 tableID=0xc0005210b0 seatIndex=0xc000530b80
2025/11/08 14:46:51 INFO session removed token=713ed8a5-f4b4-4cac-a42b-b3beaa886539
2025/11/08 14:46:51 INFO session created token=b6d2efe2-f167-4057-a86f-a1f4ea47c40d name=User_42_77
2025/11/08 14:46:51 INFO session updated token=b6d2efe2-f167-4057-a86f-a1f4ea47c40d tableID=0xc000521100 seatIndex=0xc000530bd0
2025/11/08 14:46:51 INFO session removed token=b6d2efe2-f167-4057-a86f-a1f4ea47c40d
2025/11/08 14:46:51 INFO session created token=186ea97e-41b3-4af4-adeb-6cdc06e46c3a name=User_42_78
2025/11/08 14:46:51 INFO session updated token=186ea97e-41b3-4af4-adeb-6cdc06e46c3a tableID=0xc000521150 seatIndex=0xc000530c20
2025/11/08 14:46:51 INFO session removed token=186ea97e-41b3-4af4-adeb-6cdc06e46c3a
2025/11/08 14:46:51 INFO session created token=92633485-a6b2-4fff-bd47-c2d1ba5412d4 name=User_42_79
2025/11/08 14:46:51 INFO session updated token=92633485-a6b2-4fff-bd47-c2d1ba5412d4 tableID=0xc0005211a0 seatIndex=0xc000530c70
2025/11/08 14:46:51 INFO session removed token=92633485-a6b2-4fff-bd47-c2d1ba5412d4
2025/11/08 14:46:51 INFO session created token=b2e9eb82-4f42-4c2e-aa1b-711683822350 name=User_42_80
2025/11/08 14:46:51 INFO session updated token=b2e9eb82-4f42-4c2e-aa1b-711683822350 tableID=0xc0005211f0 seatIndex=0xc000530cc0
2025/11/08 14:46:51 INFO session removed token=b2e9eb82-4f42-4c2e-aa1b-711683822350
2025/11/08 14:46:51 INFO session created token=1fd99c29-e461-45b4-92f5-874ba3e457c9 name=User_42_81
2025/11/08 14:46:51 INFO session updated token=1fd99c29-e461-45b4-92f5-874ba3e457c9 tableID=0xc000521240 seatIndex=0xc000530d10
2025/11/08 14:46:51 INFO session removed token=1fd99c29-e461-45b4-92f5-874ba3e457c9
2025/11/08 14:46:51 INFO session created token=ec986922-726a-4987-9e51-3b095cd484ed name=User_42_82
2025/11/08 14:46:51 INFO session updated token=ec986922-726a-4987-9e51-3b095cd484ed tableID=0xc000521290 seatIndex=0xc000530d60
2025/11/08 14:46:51 INFO session removed token=ec986922-726a-4987-9e51-3b095cd484ed
2025/11/08 14:46:51 INFO session created token=6bc3150f-c541-4b62-8f7b-a06caf004f3e name=User_42_83
2025/11/08 14:46:51 INFO session updated token=6bc3150f-c541-4b62-8f7b-a06caf004f3e tableID=0xc0005212e0 seatIndex=0xc000530db0
2025/11/08 14:46:51 INFO session removed token=6bc3150f-c541-4b62-8f7b-a06caf004f3e
2025/11/08 14:46:51 INFO session created token=11344d71-56a2-4cc9-927c-5dc47ed3205d name=User_42_84
2025/11/08 14:46:51 INFO session updated token=11344d71-56a2-4cc9-927c-5dc47ed3205d tableID=0xc000521330 seatIndex=0xc000530e00
2025/11/08 14:46:51 INFO session removed token=11344d71-56a2-4cc9-927c-5dc47ed3205d
2025/11/08 14:46:51 INFO session created token=2d8a2ad4-895e-4de3-9301-d4433c414a72 name=User_42_85
2025/11/08 14:46:51 INFO session updated token=2d8a2ad4-895e-4de3-9301-d4433c414a72 tableID=0xc000521380 seatIndex=0xc000530e50
2025/11/08 14:46:51 INFO session removed token=2d8a2ad4-895e-4de3-9301-d4433c414a72
2025/11/08 14:46:51 INFO session created token=430ec5d0-983f-4979-abac-78e5986274ac name=User_42_86
2025/11/08 14:46:51 INFO session updated token=430ec5d0-983f-4979-abac-78e5986274ac tableID=0xc0005213d0 seatIndex=0xc000530ea0
2025/11/08 14:46:51 INFO session removed token=430ec5d0-983f-4979-abac-78e5986274ac
2025/11/08 14:46:51 INFO session created token=1d647d68-4e78-4548-b2cb-85b69dd78a68 name=User_42_87
2025/11/08 14:46:51 INFO session updated token=1d647d68-4e78-4548-b2cb-85b69dd78a68 tableID=0xc000521420 seatIndex=0xc000530ef0
2025/11/08 14:46:51 INFO session removed token=1d647d68-4e78-4548-b2cb-85b69dd78a68
2025/11/08 14:46:51 INFO session created token=121c8977-afa2-4e26-bd62-2f09df43c79c name=User_42_88
2025/11/08 14:46:51 INFO session updated token=121c8977-afa2-4e26-bd62-2f09df43c79c tableID=0xc000521470 seatIndex=0xc000530f40
2025/11/08 14:46:51 INFO session removed token=121c8977-afa2-4e26-bd62-2f09df43c79c
2025/11/08 14:46:51 INFO session created token=4649247c-75b2-44bd-9a51-54d199d7d07e name=User_42_89
2025/11/08 14:46:51 INFO session updated token=4649247c-75b2-44bd-9a51-54d199d7d07e tableID=0xc0005214c0 seatIndex=0xc000530f90
2025/11/08 14:46:51 INFO session removed token=4649247c-75b2-44bd-9a51-54d199d7d07e
2025/11/08 14:46:51 INFO session created token=a28dfa9c-82b0-4bad-9366-9494d4452dc9 name=User_42_90
2025/11/08 14:46:51 INFO session updated token=a28dfa9c-82b0-4bad-9366-9494d4452dc9 tableID=0xc000521510 seatIndex=0xc000530fe0
2025/11/08 14:46:51 INFO session removed token=a28dfa9c-82b0-4bad-9366-9494d4452dc9
2025/11/08 14:46:51 INFO session created token=10e7226b-83ae-4ce0-b1cb-af1c46ad6063 name=User_42_91
2025/11/08 14:46:51 INFO session updated token=10e7226b-83ae-4ce0-b1cb-af1c46ad6063 tableID=0xc000521560 seatIndex=0xc000531030
2025/11/08 14:46:51 INFO session removed token=10e7226b-83ae-4ce0-b1cb-af1c46ad6063
2025/11/08 14:46:51 INFO session created token=3003b99f-ec44-438d-a5b2-7c487ec96136 name=User_42_92
2025/11/08 14:46:51 INFO session updated token=3003b99f-ec44-438d-a5b2-7c487ec96136 tableID=0xc0005215b0 seatIndex=0xc000531080
2025/11/08 14:46:51 INFO session removed token=3003b99f-ec44-438d-a5b2-7c487ec96136
2025/11/08 14:46:51 INFO session created token=3b377f11-9fb0-419b-851c-66899f849634 name=User_42_93
2025/11/08 14:46:51 INFO session updated token=3b377f11-9fb0-419b-851c-66899f849634 tableID=0xc000521600 seatIndex=0xc0005310d0
2025/11/08 14:46:51 INFO session removed token=3b377f11-9fb0-419b-851c-66899f849634
2025/11/08 14:46:51 INFO session created token=ecad5805-be65-49f4-927b-08864573a128 name=User_42_94
2025/11/08 14:46:51 INFO session updated token=ecad5805-be65-49f4-927b-08864573a128 tableID=0xc000521650 seatIndex=0xc000531120
2025/11/08 14:46:51 INFO session removed token=ecad5805-be65-49f4-927b-08864573a128
2025/11/08 14:46:51 INFO session created token=1103aa29-9478-4dfb-bbd7-5cb62a77227c name=User_42_95
2025/11/08 14:46:51 INFO session updated token=1103aa29-9478-4dfb-bbd7-5cb62a77227c tableID=0xc0005216a0 seatIndex=0xc000531170
2025/11/08 14:46:51 INFO session removed token=1103aa29-9478-4dfb-bbd7-5cb62a77227c
2025/11/08 14:46:51 INFO session created token=b4d45a66-a33e-4643-9068-1a54ae941309 name=User_42_96
2025/11/08 14:46:51 INFO session updated token=b4d45a66-a33e-4643-9068-1a54ae941309 tableID=0xc0005216f0 seatIndex=0xc0005311c0
2025/11/08 14:46:51 INFO session removed token=b4d45a66-a33e-4643-9068-1a54ae941309
2025/11/08 14:46:51 INFO session created token=01f9d750-ab1c-4b14-8515-92dd851c4e0f name=User_42_97
2025/11/08 14:46:51 INFO session updated token=01f9d750-ab1c-4b14-8515-92dd851c4e0f tableID=0xc000521740 seatIndex=0xc000531210
2025/11/08 14:46:51 INFO session removed token=01f9d750-ab1c-4b14-8515-92dd851c4e0f
2025/11/08 14:46:51 INFO session created token=174f2bab-7fe8-4d1d-801e-3d6cdead8253 name=User_42_98
2025/11/08 14:46:51 INFO session updated token=174f2bab-7fe8-4d1d-801e-3d6cdead8253 tableID=0xc000521790 seatIndex=0xc000531260
2025/11/08 14:46:51 INFO session removed token=174f2bab-7fe8-4d1d-801e-3d6cdead8253
2025/11/08 14:46:51 INFO session created token=1ba24f4d-a296-4ba8-bba1-72086d41ad7a name=User_42_99
2025/11/08 14:46:51 INFO session updated token=1ba24f4d-a296-4ba8-bba1-72086d41ad7a tableID=0xc0005217e0 seatIndex=0xc0005312b0
2025/11/08 14:46:51 INFO session removed token=1ba24f4d-a296-4ba8-bba1-72086d41ad7a
2025/11/08 14:46:51 INFO session created token=1d31fe97-e65c-4cd5-8bdc-5e91ea4942a8 name=User_40_53
2025/11/08 14:46:51 INFO session updated token=1d31fe97-e65c-4cd5-8bdc-5e91ea4942a8 tableID=0xc000521830 seatIndex=0xc0005312e0
2025/11/08 14:46:51 INFO session removed token=1d31fe97-e65c-4cd5-8bdc-5e91ea4942a8
2025/11/08 14:46:51 INFO session created token=2b2bb489-3c5f-4388-86fc-6c5c97670029 name=User_40_54
2025/11/08 14:46:51 INFO session updated token=2b2bb489-3c5f-4388-86fc-6c5c97670029 tableID=0xc000521880 seatIndex=0xc000531330
2025/11/08 14:46:51 INFO session removed token=2b2bb489-3c5f-4388-86fc-6c5c97670029
2025/11/08 14:46:51 INFO session created token=b8669993-560b-49f2-adcd-a90578e5f44f name=User_40_55
2025/11/08 14:46:51 INFO session updated token=b8669993-560b-49f2-adcd-a90578e5f44f tableID=0xc0005218d0 seatIndex=0xc000531380
2025/11/08 14:46:51 INFO session removed token=b8669993-560b-49f2-adcd-a90578e5f44f
2025/11/08 14:46:51 INFO session created token=5aead967-63b7-46b4-a8a4-ca73b4bd7d6b name=User_40_56
2025/11/08 14:46:51 INFO session updated token=5aead967-63b7-46b4-a8a4-ca73b4bd7d6b tableID=0xc000521920 seatIndex=0xc0005313d0
2025/11/08 14:46:51 INFO session removed token=5aead967-63b7-46b4-a8a4-ca73b4bd7d6b
2025/11/08 14:46:51 INFO session created token=c9d1aa3c-5f34-4bc4-97ba-f4a41831360d name=User_40_57
2025/11/08 14:46:51 INFO session updated token=c9d1aa3c-5f34-4bc4-97ba-f4a41831360d tableID=0xc000521970 seatIndex=0xc000531420
2025/11/08 14:46:51 INFO session removed token=c9d1aa3c-5f34-4bc4-97ba-f4a41831360d
2025/11/08 14:46:51 INFO session created token=8555d195-46b3-472f-a0c5-7d18dd2ae5bb name=User_40_58
2025/11/08 14:46:51 INFO session updated token=8555d195-46b3-472f-a0c5-7d18dd2ae5bb tableID=0xc0005219c0 seatIndex=0xc000531470
2025/11/08 14:46:51 INFO session removed token=8555d195-46b3-472f-a0c5-7d18dd2ae5bb
2025/11/08 14:46:51 INFO session created token=766b93a3-a59f-41ae-bd07-702940fecd26 name=User_40_59
2025/11/08 14:46:51 INFO session updated token=766b93a3-a59f-41ae-bd07-702940fecd26 tableID=0xc000521a10 seatIndex=0xc0005314c0
2025/11/08 14:46:51 INFO session removed token=766b93a3-a59f-41ae-bd07-702940fecd26
2025/11/08 14:46:51 INFO session created token=843f2200-e637-42b4-8412-03c4e0d85d9e name=User_40_60
2025/11/08 14:46:51 INFO session updated token=843f2200-e637-42b4-8412-03c4e0d85d9e tableID=0xc000521a60 seatIndex=0xc000531510
2025/11/08 14:46:51 INFO session removed token=843f2200-e637-42b4-8412-03c4e0d85d9e
2025/11/08 14:46:51 INFO session created token=5fecd8a4-c591-4555-8fc6-cfe880df88c9 name=User_40_61
2025/11/08 14:46:51 INFO session updated token=5fecd8a4-c591-4555-8fc6-cfe880df88c9 tableID=0xc000521ab0 seatIndex=0xc000531560
2025/11/08 14:46:51 INFO session removed token=5fecd8a4-c591-4555-8fc6-cfe880df88c9
2025/11/08 14:46:51 INFO session created token=6510d7bd-e4fe-4ba5-975b-70a64649dcc0 name=User_40_62
2025/11/08 14:46:51 INFO session updated token=6510d7bd-e4fe-4ba5-975b-70a64649dcc0 tableID=0xc000521b00 seatIndex=0xc0005315b0
2025/11/08 14:46:51 INFO session removed token=6510d7bd-e4fe-4ba5-975b-70a64649dcc0
2025/11/08 14:46:51 INFO session created token=0dec36cb-6416-4755-bc08-bcdb81141c43 name=User_40_63
2025/11/08 14:46:51 INFO session updated token=0dec36cb-6416-4755-bc08-bcdb81141c43 tableID=0xc000521b50 seatIndex=0xc000531600
2025/11/08 14:46:51 INFO session removed token=0dec36cb-6416-4755-bc08-bcdb81141c43
2025/11/08 14:46:51 INFO session created token=36009d8d-63b5-46ed-ba90-092ab107794f name=User_40_64
2025/11/08 14:46:51 INFO session updated token=36009d8d-63b5-46ed-ba90-092ab107794f tableID=0xc000521ba0 seatIndex=0xc000531650
2025/11/08 14:46:51 INFO session removed token=36009d8d-63b5-46ed-ba90-092ab107794f
2025/11/08 14:46:51 INFO session created token=e6291791-7443-4c6e-ac8e-30bfb234a50d name=User_40_65
2025/11/08 14:46:51 INFO session updated token=e6291791-7443-4c6e-ac8e-30bfb234a50d tableID=0xc000521bf0 seatIndex=0xc0005316a0
2025/11/08 14:46:51 INFO session removed token=e6291791-7443-4c6e-ac8e-30bfb234a50d
2025/11/08 14:46:51 INFO session created token=c9bf73b9-7b0d-4cc6-907d-ac4a74217fc6 name=User_40_66
2025/11/08 14:46:51 INFO session updated token=c9bf73b9-7b0d-4cc6-907d-ac4a74217fc6 tableID=0xc000521c40 seatIndex=0xc0005316f0
2025/11/08 14:46:51 INFO session removed token=c9bf73b9-7b0d-4cc6-907d-ac4a74217fc6
2025/11/08 14:46:51 INFO session created token=a719b4c6-1a25-4e88-92b6-0aed1c783b6a name=User_40_67
2025/11/08 14:46:51 INFO session updated token=a719b4c6-1a25-4e88-92b6-0aed1c783b6a tableID=0xc000521c90 seatIndex=0xc000531740
2025/11/08 14:46:51 INFO session removed token=a719b4c6-1a25-4e88-92b6-0aed1c783b6a
2025/11/08 14:46:51 INFO session created token=9703f796-ce9f-44b3-a3d4-86f41e723a04 name=User_40_68
2025/11/08 14:46:51 INFO session updated token=9703f796-ce9f-44b3-a3d4-86f41e723a04 tableID=0xc000521ce0 seatIndex=0xc000531790
2025/11/08 14:46:51 INFO session removed token=9703f796-ce9f-44b3-a3d4-86f41e723a04
2025/11/08 14:46:51 INFO session created token=98b537ab-191d-44e3-93a7-2c7616fe2e9d name=User_40_69
2025/11/08 14:46:51 INFO session updated token=98b537ab-191d-44e3-93a7-2c7616fe2e9d tableID=0xc000521d30 seatIndex=0xc0005317e0
2025/11/08 14:46:51 INFO session removed token=98b537ab-191d-44e3-93a7-2c7616fe2e9d
2025/11/08 14:46:51 INFO session created token=8c1d7376-0325-487b-b55e-caf63bcc6f65 name=User_40_70
2025/11/08 14:46:51 INFO session updated token=8c1d7376-0325-487b-b55e-caf63bcc6f65 tableID=0xc000521d80 seatIndex=0xc000531830
2025/11/08 14:46:51 INFO session removed token=8c1d7376-0325-487b-b55e-caf63bcc6f65
2025/11/08 14:46:51 INFO session created token=062693e6-ca95-4acd-8087-b2dec903a727 name=User_40_71
2025/11/08 14:46:51 INFO session updated token=062693e6-ca95-4acd-8087-b2dec903a727 tableID=0xc000521dd0 seatIndex=0xc000531880
2025/11/08 14:46:51 INFO session removed token=062693e6-ca95-4acd-8087-b2dec903a727
2025/11/08 14:46:51 INFO session created token=a11aaa0d-664b-4caf-b1ce-ae847ba55011 name=User_40_72
2025/11/08 14:46:51 INFO session updated token=a11aaa0d-664b-4caf-b1ce-ae847ba55011 tableID=0xc000521e20 seatIndex=0xc0005318d0
2025/11/08 14:46:51 INFO session removed token=a11aaa0d-664b-4caf-b1ce-ae847ba55011
2025/11/08 14:46:51 INFO session created token=09f8d868-1340-48cc-9d80-d1a145941993 name=User_40_73
2025/11/08 14:46:51 INFO session updated token=09f8d868-1340-48cc-9d80-d1a145941993 tableID=0xc000521e70 seatIndex=0xc000531920
2025/11/08 14:46:51 INFO session removed token=09f8d868-1340-48cc-9d80-d1a145941993
2025/11/08 14:46:51 INFO session created token=0a41d760-009f-4106-ac36-55da2f1d3ca1 name=User_40_74
2025/11/08 14:46:51 INFO session updated token=0a41d760-009f-4106-ac36-55da2f1d3ca1 tableID=0xc000521ec0 seatIndex=0xc000531970
2025/11/08 14:46:51 INFO session removed token=0a41d760-009f-4106-ac36-55da2f1d3ca1
2025/11/08 14:46:51 INFO session created token=a9a83947-5217-4edf-b8fa-fa037763d4ed name=User_40_75
2025/11/08 14:46:51 INFO session updated token=a9a83947-5217-4edf-b8fa-fa037763d4ed tableID=0xc000521f10 seatIndex=0xc0005319c0
2025/11/08 14:46:51 INFO session removed token=a9a83947-5217-4edf-b8fa-fa037763d4ed
2025/11/08 14:46:51 INFO session created token=0a42dbaf-a6d0-4c99-9379-4fd95bc0f046 name=User_40_76
2025/11/08 14:46:51 INFO session updated token=0a42dbaf-a6d0-4c99-9379-4fd95bc0f046 tableID=0xc000521f60 seatIndex=0xc000531a10
2025/11/08 14:46:51 INFO session removed token=0a42dbaf-a6d0-4c99-9379-4fd95bc0f046
2025/11/08 14:46:51 INFO session created token=294e75da-dfde-43dd-bc91-c82227cbacda name=User_40_77
2025/11/08 14:46:51 INFO session updated token=294e75da-dfde-43dd-bc91-c82227cbacda tableID=0xc000534030 seatIndex=0xc000531a60
2025/11/08 14:46:51 INFO session removed token=294e75da-dfde-43dd-bc91-c82227cbacda
2025/11/08 14:46:51 INFO session created token=e365373d-4480-4bc7-9ddb-34cbf6f93097 name=User_40_78
2025/11/08 14:46:51 INFO session updated token=e365373d-4480-4bc7-9ddb-34cbf6f93097 tableID=0xc000534080 seatIndex=0xc000531ab0
2025/11/08 14:46:51 INFO session removed token=e365373d-4480-4bc7-9ddb-34cbf6f93097
2025/11/08 14:46:51 INFO session created token=e21222a9-d41e-46bb-a757-bd9d4a4c594a name=User_40_79
2025/11/08 14:46:51 INFO session updated token=e21222a9-d41e-46bb-a757-bd9d4a4c594a tableID=0xc0005340d0 seatIndex=0xc000531b00
2025/11/08 14:46:51 INFO session removed token=e21222a9-d41e-46bb-a757-bd9d4a4c594a
2025/11/08 14:46:51 INFO session created token=bede5775-1aed-4957-a42e-e3d70e8cafc7 name=User_40_80
2025/11/08 14:46:51 INFO session updated token=bede5775-1aed-4957-a42e-e3d70e8cafc7 tableID=0xc000534120 seatIndex=0xc000531b50
2025/11/08 14:46:51 INFO session removed token=bede5775-1aed-4957-a42e-e3d70e8cafc7
2025/11/08 14:46:51 INFO session created token=8998408f-358d-4ea5-8373-a7a9eaf9cf99 name=User_40_81
2025/11/08 14:46:51 INFO session updated token=8998408f-358d-4ea5-8373-a7a9eaf9cf99 tableID=0xc000534170 seatIndex=0xc000531ba0
2025/11/08 14:46:51 INFO session removed token=8998408f-358d-4ea5-8373-a7a9eaf9cf99
2025/11/08 14:46:51 INFO session created token=58592106-4897-426f-8404-d6954f3fe900 name=User_40_82
2025/11/08 14:46:51 INFO session updated token=58592106-4897-426f-8404-d6954f3fe900 tableID=0xc0005341c0 seatIndex=0xc000531bf0
2025/11/08 14:46:51 INFO session removed token=58592106-4897-426f-8404-d6954f3fe900
2025/11/08 14:46:51 INFO session created token=7d8cf24e-df28-4798-a7b3-b66419c6ad56 name=User_40_83
2025/11/08 14:46:51 INFO session updated token=7d8cf24e-df28-4798-a7b3-b66419c6ad56 tableID=0xc000534210 seatIndex=0xc000531c40
2025/11/08 14:46:51 INFO session removed token=7d8cf24e-df28-4798-a7b3-b66419c6ad56
2025/11/08 14:46:51 INFO session created token=3d63fd14-aab0-4fd8-9e9d-3ae4b1715eaa name=User_40_84
2025/11/08 14:46:51 INFO session updated token=3d63fd14-aab0-4fd8-9e9d-3ae4b1715eaa tableID=0xc000534260 seatIndex=0xc000531c90
2025/11/08 14:46:51 INFO session removed token=3d63fd14-aab0-4fd8-9e9d-3ae4b1715eaa
2025/11/08 14:46:51 INFO session created token=48c04443-aaca-44db-97bb-8d9abb38d985 name=User_40_85
2025/11/08 14:46:51 INFO session updated token=48c04443-aaca-44db-97bb-8d9abb38d985 tableID=0xc0005342b0 seatIndex=0xc000531ce0
2025/11/08 14:46:51 INFO session removed token=48c04443-aaca-44db-97bb-8d9abb38d985
2025/11/08 14:46:51 INFO session created token=6eeb1936-69f1-45d9-9872-7bd0c6098681 name=User_40_86
2025/11/08 14:46:51 INFO session updated token=6eeb1936-69f1-45d9-9872-7bd0c6098681 tableID=0xc000534300 seatIndex=0xc000531d30
2025/11/08 14:46:51 INFO session removed token=6eeb1936-69f1-45d9-9872-7bd0c6098681
2025/11/08 14:46:51 INFO session created token=eae5da9d-7d62-4c45-8ebd-be51f2bdddfa name=User_40_87
2025/11/08 14:46:51 INFO session updated token=eae5da9d-7d62-4c45-8ebd-be51f2bdddfa tableID=0xc000534350 seatIndex=0xc000531d80
2025/11/08 14:46:51 INFO session removed token=eae5da9d-7d62-4c45-8ebd-be51f2bdddfa
2025/11/08 14:46:51 INFO session created token=f1b8d92d-3cb8-4c7c-bc33-8b0c8697c880 name=User_40_88
2025/11/08 14:46:51 INFO session updated token=f1b8d92d-3cb8-4c7c-bc33-8b0c8697c880 tableID=0xc0005343a0 seatIndex=0xc000531dd0
2025/11/08 14:46:51 INFO session removed token=f1b8d92d-3cb8-4c7c-bc33-8b0c8697c880
2025/11/08 14:46:51 INFO session created token=a04e8fbf-81c1-4830-95d1-2428ea8d649e name=User_40_89
2025/11/08 14:46:51 INFO session updated token=a04e8fbf-81c1-4830-95d1-2428ea8d649e tableID=0xc0005343f0 seatIndex=0xc000531e20
2025/11/08 14:46:51 INFO session removed token=a04e8fbf-81c1-4830-95d1-2428ea8d649e
2025/11/08 14:46:51 INFO session created token=703fb6c1-05ea-4756-a851-da14e4469b22 name=User_40_90
2025/11/08 14:46:51 INFO session updated token=703fb6c1-05ea-4756-a851-da14e4469b22 tableID=0xc000534440 seatIndex=0xc000531e70
2025/11/08 14:46:51 INFO session removed token=703fb6c1-05ea-4756-a851-da14e4469b22
2025/11/08 14:46:51 INFO session created token=23e13138-cc40-4ef9-bd41-412db848eff2 name=User_40_91
2025/11/08 14:46:51 INFO session updated token=23e13138-cc40-4ef9-bd41-412db848eff2 tableID=0xc000534490 seatIndex=0xc000531ec0
2025/11/08 14:46:51 INFO session removed token=23e13138-cc40-4ef9-bd41-412db848eff2
2025/11/08 14:46:51 INFO session created token=358e82f8-14d5-4964-90b4-ead4aaa9bd05 name=User_40_92
2025/11/08 14:46:51 INFO session updated token=358e82f8-14d5-4964-90b4-ead4aaa9bd05 tableID=0xc0005344e0 seatIndex=0xc000531f10
2025/11/08 14:46:51 INFO session removed token=358e82f8-14d5-4964-90b4-ead4aaa9bd05
2025/11/08 14:46:51 INFO session created token=cbfee0ac-9285-4b9b-89fe-ba4470519375 name=User_40_93
2025/11/08 14:46:51 INFO session updated token=cbfee0ac-9285-4b9b-89fe-ba4470519375 tableID=0xc000534530 seatIndex=0xc000531f60
2025/11/08 14:46:51 INFO session removed token=cbfee0ac-9285-4b9b-89fe-ba4470519375
2025/11/08 14:46:51 INFO session created token=b94c194d-af67-4864-b6ad-81962872db35 name=User_40_94
2025/11/08 14:46:51 INFO session updated token=b94c194d-af67-4864-b6ad-81962872db35 tableID=0xc000534580 seatIndex=0xc000531fb0
2025/11/08 14:46:51 INFO session removed token=b94c194d-af67-4864-b6ad-81962872db35
2025/11/08 14:46:51 INFO session created token=ef447e4e-27c6-4093-bea9-0418cdd0813a name=User_40_95
2025/11/08 14:46:51 INFO session updated token=ef447e4e-27c6-4093-bea9-0418cdd0813a tableID=0xc0005345d0 seatIndex=0xc000542000
2025/11/08 14:46:51 INFO session removed token=ef447e4e-27c6-4093-bea9-0418cdd0813a
2025/11/08 14:46:51 INFO session created token=9c0ae017-83e1-4c1a-b611-e9be36a82fed name=User_40_96
2025/11/08 14:46:51 INFO session updated token=9c0ae017-83e1-4c1a-b611-e9be36a82fed tableID=0xc000534620 seatIndex=0xc000542050
2025/11/08 14:46:51 INFO session removed token=9c0ae017-83e1-4c1a-b611-e9be36a82fed
2025/11/08 14:46:51 INFO session created token=4510fa9b-1c2b-4cc5-ae66-75469f4e94ea name=User_40_97
2025/11/08 14:46:51 INFO session updated token=4510fa9b-1c2b-4cc5-ae66-75469f4e94ea tableID=0xc000534670 seatIndex=0xc0005420a0
2025/11/08 14:46:51 INFO session removed token=4510fa9b-1c2b-4cc5-ae66-75469f4e94ea
2025/11/08 14:46:51 INFO session created token=6776f04f-85d0-407a-a123-d50269a395e9 name=User_40_98
2025/11/08 14:46:51 INFO session updated token=6776f04f-85d0-407a-a123-d50269a395e9 tableID=0xc0005346c0 seatIndex=0xc0005420f0
2025/11/08 14:46:51 INFO session removed token=6776f04f-85d0-407a-a123-d50269a395e9
2025/11/08 14:46:51 INFO session created token=3deda3e4-9cc3-4ab8-96e4-2e7926b16478 name=User_40_99
2025/11/08 14:46:51 INFO session updated token=3deda3e4-9cc3-4ab8-96e4-2e7926b16478 tableID=0xc000534710 seatIndex=0xc000542140
2025/11/08 14:46:51 INFO session removed token=3deda3e4-9cc3-4ab8-96e4-2e7926b16478
2025/11/08 14:46:51 INFO session updated token=1ee8abcd-e036-4486-b398-a0edffd46889 tableID=0xc0005167b0 seatIndex=0xc00051a350
2025/11/08 14:46:51 INFO session removed token=1ee8abcd-e036-4486-b398-a0edffd46889
2025/11/08 14:46:51 INFO session created token=5c77c0d8-0442-414d-9c66-063649b12c00 name=User_8_74
2025/11/08 14:46:51 INFO session updated token=5c77c0d8-0442-414d-9c66-063649b12c00 tableID=0xc000534780 seatIndex=0xc0005421b0
2025/11/08 14:46:51 INFO session removed token=5c77c0d8-0442-414d-9c66-063649b12c00
2025/11/08 14:46:51 INFO session created token=bc2e4d53-a1c5-4cea-9142-033b68fe9f2b name=User_8_75
2025/11/08 14:46:51 INFO session updated token=bc2e4d53-a1c5-4cea-9142-033b68fe9f2b tableID=0xc0005347d0 seatIndex=0xc000542200
2025/11/08 14:46:51 INFO session removed token=bc2e4d53-a1c5-4cea-9142-033b68fe9f2b
2025/11/08 14:46:51 INFO session created token=0a22c64c-77db-4adb-b17c-617c7445a435 name=User_8_76
2025/11/08 14:46:51 INFO session updated token=0a22c64c-77db-4adb-b17c-617c7445a435 tableID=0xc000534820 seatIndex=0xc000542250
2025/11/08 14:46:51 INFO session removed token=0a22c64c-77db-4adb-b17c-617c7445a435
2025/11/08 14:46:51 INFO session created token=7c28a50b-e9ac-4d3f-b944-26fa707182c4 name=User_8_77
2025/11/08 14:46:51 INFO session updated token=7c28a50b-e9ac-4d3f-b944-26fa707182c4 tableID=0xc000534870 seatIndex=0xc0005422a0
2025/11/08 14:46:51 INFO session removed token=7c28a50b-e9ac-4d3f-b944-26fa707182c4
2025/11/08 14:46:51 INFO session created token=e66c400d-254b-4cce-9561-51d0fe0709dd name=User_8_78
2025/11/08 14:46:51 INFO session updated token=e66c400d-254b-4cce-9561-51d0fe0709dd tableID=0xc0005348c0 seatIndex=0xc0005422f0
2025/11/08 14:46:51 INFO session removed token=e66c400d-254b-4cce-9561-51d0fe0709dd
2025/11/08 14:46:51 INFO session created token=af0d49d9-8494-41ee-b5c6-85bc7833de9e name=User_8_79
2025/11/08 14:46:51 INFO session updated token=af0d49d9-8494-41ee-b5c6-85bc7833de9e tableID=0xc000534910 seatIndex=0xc000542340
2025/11/08 14:46:51 INFO session removed token=af0d49d9-8494-41ee-b5c6-85bc7833de9e
2025/11/08 14:46:51 INFO session created token=34b0863b-61cf-453f-9889-574614e29d56 name=User_8_80
2025/11/08 14:46:51 INFO session updated token=34b0863b-61cf-453f-9889-574614e29d56 tableID=0xc000534960 seatIndex=0xc000542390
2025/11/08 14:46:51 INFO session removed token=34b0863b-61cf-453f-9889-574614e29d56
2025/11/08 14:46:51 INFO session created token=3ff0e739-2f62-4c39-9da7-542e01bdf154 name=User_8_81
2025/11/08 14:46:51 INFO session updated token=3ff0e739-2f62-4c39-9da7-542e01bdf154 tableID=0xc0005349b0 seatIndex=0xc0005423e0
2025/11/08 14:46:51 INFO session removed token=3ff0e739-2f62-4c39-9da7-542e01bdf154
2025/11/08 14:46:51 INFO session created token=4b9a58c5-6d69-4a45-8933-a907d9f9e1bc name=User_8_82
2025/11/08 14:46:51 INFO session updated token=4b9a58c5-6d69-4a45-8933-a907d9f9e1bc tableID=0xc000534a00 seatIndex=0xc000542430
2025/11/08 14:46:51 INFO session removed token=4b9a58c5-6d69-4a45-8933-a907d9f9e1bc
2025/11/08 14:46:51 INFO session created token=0fac602b-27f8-4322-80bf-01fa96e6fa6f name=User_8_83
2025/11/08 14:46:51 INFO session updated token=0fac602b-27f8-4322-80bf-01fa96e6fa6f tableID=0xc000534a50 seatIndex=0xc000542480
2025/11/08 14:46:51 INFO session removed token=0fac602b-27f8-4322-80bf-01fa96e6fa6f
2025/11/08 14:46:51 INFO session created token=039d2596-b6c6-46fe-a8fa-7081f5c040b6 name=User_8_84
2025/11/08 14:46:51 INFO session updated token=039d2596-b6c6-46fe-a8fa-7081f5c040b6 tableID=0xc000534aa0 seatIndex=0xc0005424d0
2025/11/08 14:46:51 INFO session removed token=039d2596-b6c6-46fe-a8fa-7081f5c040b6
2025/11/08 14:46:51 INFO session created token=875a1c50-095b-4cec-956f-717d6f401dcd name=User_8_85
2025/11/08 14:46:51 INFO session updated token=875a1c50-095b-4cec-956f-717d6f401dcd tableID=0xc000534af0 seatIndex=0xc000542520
2025/11/08 14:46:51 INFO session removed token=875a1c50-095b-4cec-956f-717d6f401dcd
2025/11/08 14:46:51 INFO session created token=616e40b6-7765-46c0-9ab6-5148d2bf1911 name=User_8_86
2025/11/08 14:46:51 INFO session updated token=616e40b6-7765-46c0-9ab6-5148d2bf1911 tableID=0xc000534b40 seatIndex=0xc000542570
2025/11/08 14:46:51 INFO session removed token=616e40b6-7765-46c0-9ab6-5148d2bf1911
2025/11/08 14:46:51 INFO session created token=faab5e97-1843-4153-9497-cb8157cf7387 name=User_8_87
2025/11/08 14:46:51 INFO session updated token=faab5e97-1843-4153-9497-cb8157cf7387 tableID=0xc000534b90 seatIndex=0xc0005425c0
2025/11/08 14:46:51 INFO session removed token=faab5e97-1843-4153-9497-cb8157cf7387
2025/11/08 14:46:51 INFO session created token=a5282c01-86a3-4249-8af7-21ff1533a02d name=User_8_88
2025/11/08 14:46:51 INFO session updated token=a5282c01-86a3-4249-8af7-21ff1533a02d tableID=0xc000534be0 seatIndex=0xc000542610
2025/11/08 14:46:51 INFO session removed token=a5282c01-86a3-4249-8af7-21ff1533a02d
2025/11/08 14:46:51 INFO session created token=28bf2a28-5d5e-4728-b031-e947dfc497d0 name=User_8_89
2025/11/08 14:46:51 INFO session updated token=28bf2a28-5d5e-4728-b031-e947dfc497d0 tableID=0xc000534c30 seatIndex=0xc000542660
2025/11/08 14:46:51 INFO session removed token=28bf2a28-5d5e-4728-b031-e947dfc497d0
2025/11/08 14:46:51 INFO session created token=e034b493-98a9-43d4-a1d5-6d180f3f7e38 name=User_8_90
2025/11/08 14:46:51 INFO session updated token=e034b493-98a9-43d4-a1d5-6d180f3f7e38 tableID=0xc000534c80 seatIndex=0xc0005426b0
2025/11/08 14:46:51 INFO session removed token=e034b493-98a9-43d4-a1d5-6d180f3f7e38
2025/11/08 14:46:51 INFO session created token=a0979a68-cbff-4dc9-ab32-9bcd02858c78 name=User_8_91
2025/11/08 14:46:51 INFO session updated token=a0979a68-cbff-4dc9-ab32-9bcd02858c78 tableID=0xc000534cd0 seatIndex=0xc000542700
2025/11/08 14:46:51 INFO session removed token=a0979a68-cbff-4dc9-ab32-9bcd02858c78
2025/11/08 14:46:51 INFO session created token=50dfb199-60bb-4074-8a65-e9f1cb49823a name=User_8_92
2025/11/08 14:46:51 INFO session updated token=50dfb199-60bb-4074-8a65-e9f1cb49823a tableID=0xc000534d20 seatIndex=0xc000542750
2025/11/08 14:46:51 INFO session removed token=50dfb199-60bb-4074-8a65-e9f1cb49823a
2025/11/08 14:46:51 INFO session created token=8fbe0d76-ec8d-49fe-99ec-b819734490f3 name=User_8_93
2025/11/08 14:46:51 INFO session updated token=8fbe0d76-ec8d-49fe-99ec-b819734490f3 tableID=0xc000534d70 seatIndex=0xc0005427a0
2025/11/08 14:46:51 INFO session removed token=8fbe0d76-ec8d-49fe-99ec-b819734490f3
2025/11/08 14:46:51 INFO session created token=39c2e1dc-0f29-41fb-9c10-30fbfb6d1ac1 name=User_8_94
2025/11/08 14:46:51 INFO session updated token=39c2e1dc-0f29-41fb-9c10-30fbfb6d1ac1 tableID=0xc000534dc0 seatIndex=0xc0005427f0
2025/11/08 14:46:51 INFO session removed token=39c2e1dc-0f29-41fb-9c10-30fbfb6d1ac1
2025/11/08 14:46:51 INFO session created token=5f36c9cc-b086-43cf-8efd-8b6c3fbc44e8 name=User_8_95
2025/11/08 14:46:51 INFO session updated token=5f36c9cc-b086-43cf-8efd-8b6c3fbc44e8 tableID=0xc000534e10 seatIndex=0xc000542840
2025/11/08 14:46:51 INFO session removed token=5f36c9cc-b086-43cf-8efd-8b6c3fbc44e8
2025/11/08 14:46:51 INFO session created token=5a8dd8a3-e0ae-46d2-9455-a51104d07aab name=User_8_96
2025/11/08 14:46:51 INFO session updated token=5a8dd8a3-e0ae-46d2-9455-a51104d07aab tableID=0xc000534e60 seatIndex=0xc000542890
2025/11/08 14:46:51 INFO session removed token=5a8dd8a3-e0ae-46d2-9455-a51104d07aab
2025/11/08 14:46:51 INFO session created token=0f1e8d1f-5b42-424b-b89d-c917abcd67dc name=User_8_97
2025/11/08 14:46:51 INFO session updated token=0f1e8d1f-5b42-424b-b89d-c917abcd67dc tableID=0xc000534eb0 seatIndex=0xc0005428e0
2025/11/08 14:46:51 INFO session removed token=0f1e8d1f-5b42-424b-b89d-c917abcd67dc
2025/11/08 14:46:51 INFO session created token=0e2fe125-b5ac-471a-8d12-12f807419007 name=User_8_98
2025/11/08 14:46:51 INFO session updated token=0e2fe125-b5ac-471a-8d12-12f807419007 tableID=0xc000534f00 seatIndex=0xc000542930
2025/11/08 14:46:51 INFO session removed token=0e2fe125-b5ac-471a-8d12-12f807419007
2025/11/08 14:46:51 INFO session created token=005e35a4-4290-43b2-9117-6d960590b05f name=User_8_99
2025/11/08 14:46:51 INFO session updated token=005e35a4-4290-43b2-9117-6d960590b05f tableID=0xc000534f50 seatIndex=0xc000542980
2025/11/08 14:46:51 INFO session removed token=005e35a4-4290-43b2-9117-6d960590b05f
2025/11/08 14:46:51 INFO session created token=d6cb3bb1-535a-4e6c-8d9c-58aaadc96c0f name=User_84_99
2025/11/08 14:46:51 INFO session updated token=d6cb3bb1-535a-4e6c-8d9c-58aaadc96c0f tableID=0xc000534fa0 seatIndex=0xc0005429b0
2025/11/08 14:46:51 INFO session removed token=d6cb3bb1-535a-4e6c-8d9c-58aaadc96c0f
2025/11/08 14:46:51 INFO session updated token=fc1655ef-2c4f-48d2-b91b-53a41758a000 tableID=0xc0005168f0 seatIndex=0xc00051a490
2025/11/08 14:46:51 INFO session removed token=fc1655ef-2c4f-48d2-b91b-53a41758a000
2025/11/08 14:46:51 INFO session created token=8564622e-d2e6-4948-86c8-2cdfc8bd8582 name=User_33_90
2025/11/08 14:46:51 INFO session updated token=8564622e-d2e6-4948-86c8-2cdfc8bd8582 tableID=0xc000535010 seatIndex=0xc000542a20
2025/11/08 14:46:51 INFO session removed token=8564622e-d2e6-4948-86c8-2cdfc8bd8582
2025/11/08 14:46:51 INFO session created token=2e5b124b-c9de-47aa-a7cd-797758c63ea9 name=User_33_91
2025/11/08 14:46:51 INFO session updated token=2e5b124b-c9de-47aa-a7cd-797758c63ea9 tableID=0xc000535060 seatIndex=0xc000542a70
2025/11/08 14:46:51 INFO session removed token=2e5b124b-c9de-47aa-a7cd-797758c63ea9
2025/11/08 14:46:51 INFO session created token=eb0c697a-827e-48bb-86ff-198d41e74cf2 name=User_33_92
2025/11/08 14:46:51 INFO session updated token=eb0c697a-827e-48bb-86ff-198d41e74cf2 tableID=0xc0005350b0 seatIndex=0xc000542ac0
2025/11/08 14:46:51 INFO session removed token=eb0c697a-827e-48bb-86ff-198d41e74cf2
2025/11/08 14:46:51 INFO session created token=5fad2deb-e0e4-49ce-913e-5db060e92894 name=User_33_93
2025/11/08 14:46:51 INFO session updated token=5fad2deb-e0e4-49ce-913e-5db060e92894 tableID=0xc000535100 seatIndex=0xc000542b10
2025/11/08 14:46:51 INFO session removed token=5fad2deb-e0e4-49ce-913e-5db060e92894
2025/11/08 14:46:51 INFO session created token=2aab819d-d1e2-47a3-aefc-f0f6fd2c3b53 name=User_33_94
2025/11/08 14:46:51 INFO session updated token=2aab819d-d1e2-47a3-aefc-f0f6fd2c3b53 tableID=0xc000535150 seatIndex=0xc000542b60
2025/11/08 14:46:51 INFO session removed token=2aab819d-d1e2-47a3-aefc-f0f6fd2c3b53
2025/11/08 14:46:51 INFO session created token=09a92e5e-5b24-4d07-a2ac-c876f9a454c1 name=User_33_95
2025/11/08 14:46:51 INFO session updated token=09a92e5e-5b24-4d07-a2ac-c876f9a454c1 tableID=0xc0005351a0 seatIndex=0xc000542bb0
2025/11/08 14:46:51 INFO session removed token=09a92e5e-5b24-4d07-a2ac-c876f9a454c1
2025/11/08 14:46:51 INFO session created token=43eeaff7-c85e-4a32-8268-4feb4a340b1b name=User_33_96
2025/11/08 14:46:51 INFO session updated token=43eeaff7-c85e-4a32-8268-4feb4a340b1b tableID=0xc0005351f0 seatIndex=0xc000542c00
2025/11/08 14:46:51 INFO session removed token=43eeaff7-c85e-4a32-8268-4feb4a340b1b
2025/11/08 14:46:51 INFO session created token=03507d11-b295-4eb3-b7a9-25cac554312d name=User_33_97
2025/11/08 14:46:51 INFO session updated token=03507d11-b295-4eb3-b7a9-25cac554312d tableID=0xc000535240 seatIndex=0xc000542c50
2025/11/08 14:46:51 INFO session removed token=03507d11-b295-4eb3-b7a9-25cac554312d
2025/11/08 14:46:51 INFO session created token=0ff85733-f77e-47b1-8dd8-b5b896f1fd1c name=User_33_98
2025/11/08 14:46:51 INFO session updated token=0ff85733-f77e-47b1-8dd8-b5b896f1fd1c tableID=0xc000535290 seatIndex=0xc000542ca0
2025/11/08 14:46:51 INFO session removed token=0ff85733-f77e-47b1-8dd8-b5b896f1fd1c
2025/11/08 14:46:51 INFO session created token=4152b33a-46b6-414f-84da-ac4308cde3f5 name=User_33_99
2025/11/08 14:46:51 INFO session updated token=4152b33a-46b6-414f-84da-ac4308cde3f5 tableID=0xc0005352e0 seatIndex=0xc000542cf0
2025/11/08 14:46:51 INFO session removed token=4152b33a-46b6-414f-84da-ac4308cde3f5
2025/11/08 14:46:51 INFO session removed token=b2dc30cd-036e-4c02-b25e-bff74bf02983
2025/11/08 14:46:51 INFO session created token=69d31ae0-8751-467b-9371-812d49b6736e name=User_98_51
2025/11/08 14:46:51 INFO session updated token=69d31ae0-8751-467b-9371-812d49b6736e tableID=0xc000535340 seatIndex=0xc000542d40
2025/11/08 14:46:51 INFO session removed token=69d31ae0-8751-467b-9371-812d49b6736e
2025/11/08 14:46:51 INFO session created token=7421b305-5a60-4367-b061-24aa640fa032 name=User_98_52
2025/11/08 14:46:51 INFO session updated token=7421b305-5a60-4367-b061-24aa640fa032 tableID=0xc000535390 seatIndex=0xc000542d90
2025/11/08 14:46:51 INFO session removed token=7421b305-5a60-4367-b061-24aa640fa032
2025/11/08 14:46:51 INFO session created token=3ebb69c2-19a4-4344-89e7-9f923a5d348f name=User_98_53
2025/11/08 14:46:51 INFO session updated token=3ebb69c2-19a4-4344-89e7-9f923a5d348f tableID=0xc0005353e0 seatIndex=0xc000542de0
2025/11/08 14:46:51 INFO session removed token=3ebb69c2-19a4-4344-89e7-9f923a5d348f
2025/11/08 14:46:51 INFO session created token=2a10b3e4-65c8-4913-b2c9-4b167eed18ee name=User_98_54
2025/11/08 14:46:51 INFO session updated token=2a10b3e4-65c8-4913-b2c9-4b167eed18ee tableID=0xc000535430 seatIndex=0xc000542e30
2025/11/08 14:46:51 INFO session removed token=2a10b3e4-65c8-4913-b2c9-4b167eed18ee
2025/11/08 14:46:51 INFO session created token=68127ee9-9b28-4989-892d-e48a525ae2e3 name=User_98_55
2025/11/08 14:46:51 INFO session updated token=68127ee9-9b28-4989-892d-e48a525ae2e3 tableID=0xc000535480 seatIndex=0xc000542e80
2025/11/08 14:46:51 INFO session removed token=68127ee9-9b28-4989-892d-e48a525ae2e3
2025/11/08 14:46:51 INFO session created token=26c96887-7197-4f4f-873c-2f425a1d0ba8 name=User_98_56
2025/11/08 14:46:51 INFO session updated token=26c96887-7197-4f4f-873c-2f425a1d0ba8 tableID=0xc0005354d0 seatIndex=0xc000542ed0
2025/11/08 14:46:51 INFO session removed token=26c96887-7197-4f4f-873c-2f425a1d0ba8
2025/11/08 14:46:51 INFO session created token=8d4950c1-6323-4526-b88d-7ddfba51580f name=User_98_57
2025/11/08 14:46:51 INFO session updated token=8d4950c1-6323-4526-b88d-7ddfba51580f tableID=0xc000535520 seatIndex=0xc000542f20
2025/11/08 14:46:51 INFO session removed token=8d4950c1-6323-4526-b88d-7ddfba51580f
2025/11/08 14:46:51 INFO session created token=b70b608a-ab0a-43d3-bde6-ee8f28722cad name=User_98_58
2025/11/08 14:46:51 INFO session updated token=b70b608a-ab0a-43d3-bde6-ee8f28722cad tableID=0xc000535570 seatIndex=0xc000542f70
2025/11/08 14:46:51 INFO session removed token=b70b608a-ab0a-43d3-bde6-ee8f28722cad
2025/11/08 14:46:51 INFO session created token=e622afdb-2ccf-419a-9beb-1dfbb349f0dc name=User_98_59
2025/11/08 14:46:51 INFO session updated token=e622afdb-2ccf-419a-9beb-1dfbb349f0dc tableID=0xc0005355c0 seatIndex=0xc000542fc0
2025/11/08 14:46:51 INFO session removed token=e622afdb-2ccf-419a-9beb-1dfbb349f0dc
2025/11/08 14:46:51 INFO session created token=9762dc3f-8bb1-42e0-a4e0-89f4c5cfdae1 name=User_98_60
2025/11/08 14:46:51 INFO session updated token=9762dc3f-8bb1-42e0-a4e0-89f4c5cfdae1 tableID=0xc000535610 seatIndex=0xc000543010
2025/11/08 14:46:51 INFO session removed token=9762dc3f-8bb1-42e0-a4e0-89f4c5cfdae1
2025/11/08 14:46:51 INFO session created token=8b7d8179-b39e-46a1-8302-2b694eec5afa name=User_98_61
2025/11/08 14:46:51 INFO session updated token=8b7d8179-b39e-46a1-8302-2b694eec5afa tableID=0xc000535660 seatIndex=0xc000543060
2025/11/08 14:46:51 INFO session removed token=8b7d8179-b39e-46a1-8302-2b694eec5afa
2025/11/08 14:46:51 INFO session created token=58c857fd-dad2-4365-af79-c92929d97d07 name=User_98_62
2025/11/08 14:46:51 INFO session updated token=58c857fd-dad2-4365-af79-c92929d97d07 tableID=0xc0005356b0 seatIndex=0xc0005430b0
2025/11/08 14:46:51 INFO session removed token=58c857fd-dad2-4365-af79-c92929d97d07
2025/11/08 14:46:51 INFO session created token=b3e59311-64af-4a5c-9aec-11c585bad27c name=User_98_63
2025/11/08 14:46:51 INFO session updated token=b3e59311-64af-4a5c-9aec-11c585bad27c tableID=0xc000535700 seatIndex=0xc000543100
2025/11/08 14:46:51 INFO session removed token=b3e59311-64af-4a5c-9aec-11c585bad27c
2025/11/08 14:46:51 INFO session created token=72ac0085-ef46-4d35-b6d4-7e2ddc750125 name=User_98_64
2025/11/08 14:46:51 INFO session updated token=72ac0085-ef46-4d35-b6d4-7e2ddc750125 tableID=0xc000535750 seatIndex=0xc000543150
2025/11/08 14:46:51 INFO session removed token=72ac0085-ef46-4d35-b6d4-7e2ddc750125
2025/11/08 14:46:51 INFO session created token=3ef53f9a-df82-4386-9007-411b4bed4c6d name=User_98_65
2025/11/08 14:46:51 INFO session updated token=3ef53f9a-df82-4386-9007-411b4bed4c6d tableID=0xc0005357a0 seatIndex=0xc0005431a0
2025/11/08 14:46:51 INFO session removed token=3ef53f9a-df82-4386-9007-411b4bed4c6d
2025/11/08 14:46:51 INFO session created token=78494f9f-f0ff-43bb-a84b-44abc22ace4b name=User_98_66
2025/11/08 14:46:51 INFO session updated token=78494f9f-f0ff-43bb-a84b-44abc22ace4b tableID=0xc0005357f0 seatIndex=0xc0005431f0
2025/11/08 14:46:51 INFO session removed token=78494f9f-f0ff-43bb-a84b-44abc22ace4b
2025/11/08 14:46:51 INFO session created token=d563829a-da39-452c-b1bf-a570249aa058 name=User_98_67
2025/11/08 14:46:51 INFO session updated token=d563829a-da39-452c-b1bf-a570249aa058 tableID=0xc000535840 seatIndex=0xc000543240
2025/11/08 14:46:51 INFO session removed token=d563829a-da39-452c-b1bf-a570249aa058
2025/11/08 14:46:51 INFO session created token=635aedec-d072-49ae-85a6-850f54a1769d name=User_98_68
2025/11/08 14:46:51 INFO session updated token=635aedec-d072-49ae-85a6-850f54a1769d tableID=0xc000535890 seatIndex=0xc000543290
2025/11/08 14:46:51 INFO session removed token=635aedec-d072-49ae-85a6-850f54a1769d
2025/11/08 14:46:51 INFO session created token=0efa810b-3955-4a61-b965-7a0b82c24280 name=User_98_69
2025/11/08 14:46:51 INFO session updated token=0efa810b-3955-4a61-b965-7a0b82c24280 tableID=0xc0005358e0 seatIndex=0xc0005432e0
2025/11/08 14:46:51 INFO session removed token=0efa810b-3955-4a61-b965-7a0b82c24280
2025/11/08 14:46:51 INFO session created token=1aa9d5a1-ef27-4d38-8c7b-f320350621bf name=User_98_70
2025/11/08 14:46:51 INFO session updated token=1aa9d5a1-ef27-4d38-8c7b-f320350621bf tableID=0xc000535930 seatIndex=0xc000543330
2025/11/08 14:46:51 INFO session removed token=1aa9d5a1-ef27-4d38-8c7b-f320350621bf
2025/11/08 14:46:51 INFO session created token=6eb504d2-3b00-4248-accf-25a3f9550732 name=User_98_71
2025/11/08 14:46:51 INFO session updated token=6eb504d2-3b00-4248-accf-25a3f9550732 tableID=0xc000535980 seatIndex=0xc000543380
2025/11/08 14:46:51 INFO session removed token=6eb504d2-3b00-4248-accf-25a3f9550732
2025/11/08 14:46:51 INFO session created token=9a25c741-227d-47b7-bcd8-14bb37aac159 name=User_98_72
2025/11/08 14:46:51 INFO session updated token=9a25c741-227d-47b7-bcd8-14bb37aac159 tableID=0xc0005359d0 seatIndex=0xc0005433d0
2025/11/08 14:46:51 INFO session removed token=9a25c741-227d-47b7-bcd8-14bb37aac159
2025/11/08 14:46:51 INFO session created token=d5de6c77-ebb4-4c7a-9cfa-ef14e3671073 name=User_98_73
2025/11/08 14:46:51 INFO session updated token=d5de6c77-ebb4-4c7a-9cfa-ef14e3671073 tableID=0xc000535a20 seatIndex=0xc000543420
2025/11/08 14:46:51 INFO session removed token=d5de6c77-ebb4-4c7a-9cfa-ef14e3671073
2025/11/08 14:46:51 INFO session created token=702d1ddf-2bd2-494f-b0f9-6c69be9ae969 name=User_98_74
2025/11/08 14:46:51 INFO session updated token=702d1ddf-2bd2-494f-b0f9-6c69be9ae969 tableID=0xc000535a70 seatIndex=0xc000543470
2025/11/08 14:46:51 INFO session removed token=702d1ddf-2bd2-494f-b0f9-6c69be9ae969
2025/11/08 14:46:51 INFO session created token=f00590a1-077d-4495-b8fc-a7bec9b2e407 name=User_98_75
2025/11/08 14:46:51 INFO session updated token=f00590a1-077d-4495-b8fc-a7bec9b2e407 tableID=0xc000535ac0 seatIndex=0xc0005434c0
2025/11/08 14:46:51 INFO session removed token=f00590a1-077d-4495-b8fc-a7bec9b2e407
2025/11/08 14:46:51 INFO session created token=04eb508a-474a-4ca5-bb14-75d4e47157a1 name=User_98_76
2025/11/08 14:46:51 INFO session updated token=04eb508a-474a-4ca5-bb14-75d4e47157a1 tableID=0xc000535b10 seatIndex=0xc000543510
2025/11/08 14:46:51 INFO session removed token=04eb508a-474a-4ca5-bb14-75d4e47157a1
2025/11/08 14:46:51 INFO session created token=cf87135b-968f-4c87-87dc-c02ea03a7b18 name=User_98_77
2025/11/08 14:46:51 INFO session updated token=cf87135b-968f-4c87-87dc-c02ea03a7b18 tableID=0xc000535b60 seatIndex=0xc000543560
2025/11/08 14:46:51 INFO session removed token=cf87135b-968f-4c87-87dc-c02ea03a7b18
2025/11/08 14:46:51 INFO session created token=6e25301d-6779-416c-93ae-874edbf4d2b7 name=User_98_78
2025/11/08 14:46:51 INFO session updated token=6e25301d-6779-416c-93ae-874edbf4d2b7 tableID=0xc000535bb0 seatIndex=0xc0005435b0
2025/11/08 14:46:51 INFO session removed token=6e25301d-6779-416c-93ae-874edbf4d2b7
2025/11/08 14:46:51 INFO session created token=2ae0a124-7669-45a3-9aec-791dd35dbe73 name=User_98_79
2025/11/08 14:46:51 INFO session updated token=2ae0a124-7669-45a3-9aec-791dd35dbe73 tableID=0xc000535c00 seatIndex=0xc000543600
2025/11/08 14:46:51 INFO session removed token=2ae0a124-7669-45a3-9aec-791dd35dbe73
2025/11/08 14:46:51 INFO session created token=ef160e07-954c-4801-ba75-ec9213ea40fe name=User_98_80
2025/11/08 14:46:51 INFO session updated token=ef160e07-954c-4801-ba75-ec9213ea40fe tableID=0xc000535c50 seatIndex=0xc000543650
2025/11/08 14:46:51 INFO session removed token=ef160e07-954c-4801-ba75-ec9213ea40fe
2025/11/08 14:46:51 INFO session created token=fcb7eef7-60dc-4173-815d-3e0de1af4450 name=User_98_81
2025/11/08 14:46:51 INFO session updated token=fcb7eef7-60dc-4173-815d-3e0de1af4450 tableID=0xc000535ca0 seatIndex=0xc0005436a0
2025/11/08 14:46:51 INFO session removed token=fcb7eef7-60dc-4173-815d-3e0de1af4450
2025/11/08 14:46:51 INFO session created token=194f0a7a-97d2-4a8a-b1e8-20537262c128 name=User_98_82
2025/11/08 14:46:51 INFO session updated token=194f0a7a-97d2-4a8a-b1e8-20537262c128 tableID=0xc000535cf0 seatIndex=0xc0005436f0
2025/11/08 14:46:51 INFO session removed token=194f0a7a-97d2-4a8a-b1e8-20537262c128
2025/11/08 14:46:51 INFO session created token=709e2503-4a6c-40d1-9b66-65559760b36c name=User_98_83
2025/11/08 14:46:51 INFO session updated token=709e2503-4a6c-40d1-9b66-65559760b36c tableID=0xc000535d40 seatIndex=0xc000543740
2025/11/08 14:46:51 INFO session removed token=709e2503-4a6c-40d1-9b66-65559760b36c
2025/11/08 14:46:51 INFO session created token=32819601-910b-4dcd-b9cc-3a7a84599914 name=User_98_84
2025/11/08 14:46:51 INFO session updated token=32819601-910b-4dcd-b9cc-3a7a84599914 tableID=0xc000535d90 seatIndex=0xc000543790
2025/11/08 14:46:51 INFO session removed token=32819601-910b-4dcd-b9cc-3a7a84599914
2025/11/08 14:46:51 INFO session created token=2cc9ca1f-6ad2-4c86-802a-c8c2a5e559ec name=User_98_85
2025/11/08 14:46:51 INFO session updated token=2cc9ca1f-6ad2-4c86-802a-c8c2a5e559ec tableID=0xc000535de0 seatIndex=0xc0005437e0
2025/11/08 14:46:51 INFO session removed token=2cc9ca1f-6ad2-4c86-802a-c8c2a5e559ec
2025/11/08 14:46:51 INFO session created token=5ead877a-c228-44da-a2c9-7ef0632abc7f name=User_98_86
2025/11/08 14:46:51 INFO session updated token=5ead877a-c228-44da-a2c9-7ef0632abc7f tableID=0xc000535e30 seatIndex=0xc000543830
2025/11/08 14:46:51 INFO session removed token=5ead877a-c228-44da-a2c9-7ef0632abc7f
2025/11/08 14:46:51 INFO session created token=41bdd67e-54ca-4a82-a45d-c2bc6da26f30 name=User_98_87
2025/11/08 14:46:51 INFO session updated token=41bdd67e-54ca-4a82-a45d-c2bc6da26f30 tableID=0xc000535e80 seatIndex=0xc000543880
2025/11/08 14:46:51 INFO session removed token=41bdd67e-54ca-4a82-a45d-c2bc6da26f30
2025/11/08 14:46:51 INFO session created token=b4ccb761-76d9-41ed-8b70-5f63b278ed8b name=User_98_88
2025/11/08 14:46:51 INFO session updated token=b4ccb761-76d9-41ed-8b70-5f63b278ed8b tableID=0xc000535ed0 seatIndex=0xc0005438d0
2025/11/08 14:46:51 INFO session removed token=b4ccb761-76d9-41ed-8b70-5f63b278ed8b
2025/11/08 14:46:51 INFO session created token=e1b5e21f-e1aa-4904-ab27-b78408847cab name=User_98_89
2025/11/08 14:46:51 INFO session updated token=e1b5e21f-e1aa-4904-ab27-b78408847cab tableID=0xc000535f20 seatIndex=0xc000543920
2025/11/08 14:46:51 INFO session removed token=e1b5e21f-e1aa-4904-ab27-b78408847cab
2025/11/08 14:46:51 INFO session created token=74c71083-44f6-48dd-acc2-58b37115a9c1 name=User_98_90
2025/11/08 14:46:51 INFO session updated token=74c71083-44f6-48dd-acc2-58b37115a9c1 tableID=0xc000535f70 seatIndex=0xc000543970
2025/11/08 14:46:51 INFO session removed token=74c71083-44f6-48dd-acc2-58b37115a9c1
2025/11/08 14:46:51 INFO session created token=64291d44-85ce-4317-a106-c5e27da610d7 name=User_98_91
2025/11/08 14:46:51 INFO session updated token=64291d44-85ce-4317-a106-c5e27da610d7 tableID=0xc000546040 seatIndex=0xc0005439c0
2025/11/08 14:46:51 INFO session removed token=64291d44-85ce-4317-a106-c5e27da610d7
2025/11/08 14:46:51 INFO session created token=e74b6410-a28b-4e4a-89f9-0cc1705e310b name=User_98_92
2025/11/08 14:46:51 INFO session updated token=e74b6410-a28b-4e4a-89f9-0cc1705e310b tableID=0xc000546090 seatIndex=0xc000543a10
2025/11/08 14:46:51 INFO session removed token=e74b6410-a28b-4e4a-89f9-0cc1705e310b
2025/11/08 14:46:51 INFO session created token=feda030c-10b1-4b6d-aeb5-1b2225f44803 name=User_98_93
2025/11/08 14:46:51 INFO session updated token=feda030c-10b1-4b6d-aeb5-1b2225f44803 tableID=0xc0005460e0 seatIndex=0xc000543a60
2025/11/08 14:46:51 INFO session removed token=feda030c-10b1-4b6d-aeb5-1b2225f44803
2025/11/08 14:46:51 INFO session created token=2a29ae77-2cc2-45e9-965a-085b3766b5c0 name=User_98_94
2025/11/08 14:46:51 INFO session updated token=2a29ae77-2cc2-45e9-965a-085b3766b5c0 tableID=0xc000546130 seatIndex=0xc000543ab0
2025/11/08 14:46:51 INFO session removed token=2a29ae77-2cc2-45e9-965a-085b3766b5c0
2025/11/08 14:46:51 INFO session created token=74364e44-f5fd-4967-bc12-1e9bfdaaf184 name=User_98_95
2025/11/08 14:46:51 INFO session updated token=74364e44-f5fd-4967-bc12-1e9bfdaaf184 tableID=0xc000546180 seatIndex=0xc000543b00
2025/11/08 14:46:51 INFO session removed token=74364e44-f5fd-4967-bc12-1e9bfdaaf184
2025/11/08 14:46:51 INFO session created token=ab8c7292-bdc6-4dd4-abc9-b632b7b4c589 name=User_98_96
2025/11/08 14:46:51 INFO session updated token=ab8c7292-bdc6-4dd4-abc9-b632b7b4c589 tableID=0xc0005461d0 seatIndex=0xc000543b50
2025/11/08 14:46:51 INFO session removed token=ab8c7292-bdc6-4dd4-abc9-b632b7b4c589
2025/11/08 14:46:51 INFO session created token=d007cd68-075f-457e-a8e4-d9fb55a825e2 name=User_98_97
2025/11/08 14:46:51 INFO session updated token=d007cd68-075f-457e-a8e4-d9fb55a825e2 tableID=0xc000546220 seatIndex=0xc000543ba0
2025/11/08 14:46:51 INFO session removed token=d007cd68-075f-457e-a8e4-d9fb55a825e2
2025/11/08 14:46:51 INFO session created token=b9294257-e50a-4dc8-a18b-7d6a9c1ca5cb name=User_98_98
2025/11/08 14:46:51 INFO session updated token=b9294257-e50a-4dc8-a18b-7d6a9c1ca5cb tableID=0xc000546270 seatIndex=0xc000543bf0
2025/11/08 14:46:51 INFO session removed token=b9294257-e50a-4dc8-a18b-7d6a9c1ca5cb
2025/11/08 14:46:51 INFO session created token=aa379b58-b8d1-4865-b34e-dd9031e98e7b name=User_98_99
2025/11/08 14:46:51 INFO session updated token=aa379b58-b8d1-4865-b34e-dd9031e98e7b tableID=0xc0005462c0 seatIndex=0xc000543c40
2025/11/08 14:46:51 INFO session removed token=aa379b58-b8d1-4865-b34e-dd9031e98e7b
2025/11/08 14:46:51 INFO session created token=47134981-9ddb-4202-beb5-1a54cdffab4e name=User_13_57
2025/11/08 14:46:51 INFO session updated token=47134981-9ddb-4202-beb5-1a54cdffab4e tableID=0xc000546310 seatIndex=0xc000543c70
2025/11/08 14:46:51 INFO session removed token=47134981-9ddb-4202-beb5-1a54cdffab4e
2025/11/08 14:46:51 INFO session created token=e54a2ef5-9de2-4be9-a28f-7b6cbad1d11f name=User_13_58
2025/11/08 14:46:51 INFO session updated token=e54a2ef5-9de2-4be9-a28f-7b6cbad1d11f tableID=0xc000546360 seatIndex=0xc000543cc0
2025/11/08 14:46:51 INFO session removed token=e54a2ef5-9de2-4be9-a28f-7b6cbad1d11f
2025/11/08 14:46:51 INFO session created token=8dc8cab3-321e-4155-bf5e-b380ff9626d4 name=User_13_59
2025/11/08 14:46:51 INFO session updated token=8dc8cab3-321e-4155-bf5e-b380ff9626d4 tableID=0xc0005463b0 seatIndex=0xc000543d10
2025/11/08 14:46:51 INFO session removed token=8dc8cab3-321e-4155-bf5e-b380ff9626d4
2025/11/08 14:46:51 INFO session created token=056c5565-afca-44ea-ab2b-893a34ffb19b name=User_13_60
2025/11/08 14:46:51 INFO session updated token=056c5565-afca-44ea-ab2b-893a34ffb19b tableID=0xc000546400 seatIndex=0xc000543d60
2025/11/08 14:46:51 INFO session removed token=056c5565-afca-44ea-ab2b-893a34ffb19b
2025/11/08 14:46:51 INFO session created token=a4fd5187-9162-4a4b-8535-5acb0b9470b8 name=User_13_61
2025/11/08 14:46:51 INFO session updated token=a4fd5187-9162-4a4b-8535-5acb0b9470b8 tableID=0xc000546450 seatIndex=0xc000543db0
2025/11/08 14:46:51 INFO session removed token=a4fd5187-9162-4a4b-8535-5acb0b9470b8
2025/11/08 14:46:51 INFO session created token=5b906eb6-a61c-4ae8-a70c-0b8b65c28aa9 name=User_13_62
2025/11/08 14:46:51 INFO session updated token=5b906eb6-a61c-4ae8-a70c-0b8b65c28aa9 tableID=0xc0005464a0 seatIndex=0xc000543e00
2025/11/08 14:46:51 INFO session removed token=5b906eb6-a61c-4ae8-a70c-0b8b65c28aa9
2025/11/08 14:46:51 INFO session created token=f20a98b8-8518-41db-970c-66c9fbec9a3d name=User_13_63
2025/11/08 14:46:51 INFO session updated token=f20a98b8-8518-41db-970c-66c9fbec9a3d tableID=0xc0005464f0 seatIndex=0xc000543e50
2025/11/08 14:46:51 INFO session removed token=f20a98b8-8518-41db-970c-66c9fbec9a3d
2025/11/08 14:46:51 INFO session created token=53a4d34b-c1a2-4325-8f8f-703c311341e2 name=User_46_89
2025/11/08 14:46:51 INFO session updated token=53a4d34b-c1a2-4325-8f8f-703c311341e2 tableID=0xc000546520 seatIndex=0xc000543e80
2025/11/08 14:46:51 INFO session removed token=53a4d34b-c1a2-4325-8f8f-703c311341e2
2025/11/08 14:46:51 INFO session created token=818fe186-f53d-452a-b139-f5e4a40b579f name=User_46_90
2025/11/08 14:46:51 INFO session updated token=818fe186-f53d-452a-b139-f5e4a40b579f tableID=0xc000546570 seatIndex=0xc000543ed0
2025/11/08 14:46:51 INFO session removed token=818fe186-f53d-452a-b139-f5e4a40b579f
2025/11/08 14:46:51 INFO session created token=a452ca6e-a8a3-4ff6-b8ca-ccfa7feaf617 name=User_46_91
2025/11/08 14:46:51 INFO session updated token=a452ca6e-a8a3-4ff6-b8ca-ccfa7feaf617 tableID=0xc0005465c0 seatIndex=0xc000543f20
2025/11/08 14:46:51 INFO session removed token=a452ca6e-a8a3-4ff6-b8ca-ccfa7feaf617
2025/11/08 14:46:51 INFO session created token=e15e29e2-b259-4fee-9968-10da5c5f9155 name=User_46_92
2025/11/08 14:46:51 INFO session updated token=e15e29e2-b259-4fee-9968-10da5c5f9155 tableID=0xc000546610 seatIndex=0xc000543f70
2025/11/08 14:46:51 INFO session removed token=e15e29e2-b259-4fee-9968-10da5c5f9155
2025/11/08 14:46:51 INFO session created token=90add8a5-2c36-4e47-86cf-6cef08f4cbcb name=User_46_93
2025/11/08 14:46:51 INFO session updated token=90add8a5-2c36-4e47-86cf-6cef08f4cbcb tableID=0xc000546660 seatIndex=0xc000543fc0
2025/11/08 14:46:51 INFO session removed token=90add8a5-2c36-4e47-86cf-6cef08f4cbcb
2025/11/08 14:46:51 INFO session created token=6e3ed5f0-d53f-4c3b-b1ec-7aef4c1a4f01 name=User_46_94
2025/11/08 14:46:51 INFO session removed token=be2b30a2-ca7d-4451-9c05-ab55d39fd335
2025/11/08 14:46:51 INFO session created token=bf887f24-7f7a-45e2-b3e0-ed9e52ceec50 name=User_16_27
2025/11/08 14:46:51 INFO session updated token=bf887f24-7f7a-45e2-b3e0-ed9e52ceec50 tableID=0xc0004111e0 seatIndex=0xc000415160
2025/11/08 14:46:51 INFO session removed token=bf887f24-7f7a-45e2-b3e0-ed9e52ceec50
2025/11/08 14:46:51 INFO session created token=ea604fcf-b036-43b1-b3e5-04353caa74f5 name=User_16_28
2025/11/08 14:46:51 INFO session updated token=ea604fcf-b036-43b1-b3e5-04353caa74f5 tableID=0xc000411230 seatIndex=0xc0004151b0
2025/11/08 14:46:51 INFO session removed token=ea604fcf-b036-43b1-b3e5-04353caa74f5
2025/11/08 14:46:51 INFO session created token=debe0995-f0a3-4f40-adb7-8b12228fbc91 name=User_16_29
2025/11/08 14:46:51 INFO session updated token=debe0995-f0a3-4f40-adb7-8b12228fbc91 tableID=0xc000411280 seatIndex=0xc000415200
2025/11/08 14:46:51 INFO session removed token=debe0995-f0a3-4f40-adb7-8b12228fbc91
2025/11/08 14:46:51 INFO session created token=d3e7a1cf-dfed-4ac5-b436-dedb83bbc9b1 name=User_16_30
2025/11/08 14:46:51 INFO session updated token=d3e7a1cf-dfed-4ac5-b436-dedb83bbc9b1 tableID=0xc0004112d0 seatIndex=0xc000415250
2025/11/08 14:46:51 INFO session removed token=d3e7a1cf-dfed-4ac5-b436-dedb83bbc9b1
2025/11/08 14:46:51 INFO session created token=b36886c5-cec5-40fc-a25a-163091f5430b name=User_16_31
2025/11/08 14:46:51 INFO session updated token=b36886c5-cec5-40fc-a25a-163091f5430b tableID=0xc000411320 seatIndex=0xc0004152a0
2025/11/08 14:46:51 INFO session removed token=b36886c5-cec5-40fc-a25a-163091f5430b
2025/11/08 14:46:51 INFO session created token=fa1ba099-84ed-453f-88e2-e2c30eb459a4 name=User_16_32
2025/11/08 14:46:51 INFO session updated token=fa1ba099-84ed-453f-88e2-e2c30eb459a4 tableID=0xc000411370 seatIndex=0xc0004152f0
2025/11/08 14:46:51 INFO session removed token=fa1ba099-84ed-453f-88e2-e2c30eb459a4
2025/11/08 14:46:51 INFO session created token=96d2301a-9672-40df-a3cb-0aa40473c59b name=User_16_33
2025/11/08 14:46:51 INFO session created token=0e494c48-c84e-4700-af05-05926f823721 name=User_64_50
2025/11/08 14:46:51 INFO session updated token=96d2301a-9672-40df-a3cb-0aa40473c59b tableID=0xc0004113c0 seatIndex=0xc000415340
2025/11/08 14:46:51 INFO session removed token=96d2301a-9672-40df-a3cb-0aa40473c59b
2025/11/08 14:46:51 INFO session created token=1a2daf4e-9c58-43cb-b577-6aba677e003a name=User_16_34
2025/11/08 14:46:51 INFO session updated token=1a2daf4e-9c58-43cb-b577-6aba677e003a tableID=0xc000546730 seatIndex=0xc00054e040
2025/11/08 14:46:51 INFO session removed token=1a2daf4e-9c58-43cb-b577-6aba677e003a
2025/11/08 14:46:51 INFO session created token=abeb3ec8-53e1-4eb8-803b-8476cd0078a8 name=User_16_35
2025/11/08 14:46:51 INFO session updated token=abeb3ec8-53e1-4eb8-803b-8476cd0078a8 tableID=0xc000546780 seatIndex=0xc00054e090
2025/11/08 14:46:51 INFO session removed token=abeb3ec8-53e1-4eb8-803b-8476cd0078a8
2025/11/08 14:46:51 INFO session created token=3b133ea9-6313-44cc-a3ca-4a801fc7d3b2 name=User_13_64
2025/11/08 14:46:51 INFO session updated token=0e494c48-c84e-4700-af05-05926f823721 tableID=0xc0005466f0 seatIndex=0xc00054e010
2025/11/08 14:46:51 INFO session updated token=3b133ea9-6313-44cc-a3ca-4a801fc7d3b2 tableID=0xc0005467b0 seatIndex=0xc00054e0e0
2025/11/08 14:46:51 INFO session removed token=3b133ea9-6313-44cc-a3ca-4a801fc7d3b2
2025/11/08 14:46:51 INFO session removed token=0e494c48-c84e-4700-af05-05926f823721
2025/11/08 14:46:51 INFO session created token=09f15fdb-644c-4902-ab03-3b15461e4f29 name=User_13_65
2025/11/08 14:46:51 INFO session created token=3ca21b84-d1eb-4939-8b95-91aef2e03f5e name=User_64_51
2025/11/08 14:46:51 INFO session updated token=09f15fdb-644c-4902-ab03-3b15461e4f29 tableID=0xc000546800 seatIndex=0xc00054e130
2025/11/08 14:46:51 INFO session removed token=272563f0-bcc7-4d96-88ea-4325cd8f9943
2025/11/08 14:46:51 INFO session removed token=2f7ae24c-36b5-4c00-b50f-f14d20ff1d36
2025/11/08 14:46:51 INFO session updated token=a06b3aa9-0d2f-4e72-94b3-a0552d6fe038 tableID=0xc000346690 seatIndex=0xc0003485b0
2025/11/08 14:46:51 INFO session removed token=7e3174e2-0e76-4982-838e-0f0b18926ced
2025/11/08 14:46:51 INFO session created token=46517ccf-c7b4-4c1f-b213-d007dce4cd9e name=User_56_53
2025/11/08 14:46:51 INFO session created token=2898e931-e241-4f64-bb16-e32443bf410e name=User_54_60
2025/11/08 14:46:51 INFO session updated token=0e8eecb1-c9f0-469a-acf4-f19ced104d18 tableID=0xc0004110f0 seatIndex=0xc000415040
2025/11/08 14:46:51 INFO session created token=450033c5-9e4c-4803-a486-0fcabd0cefa7 name=User_63_42
2025/11/08 14:46:51 INFO session created token=f07c5ec0-1357-488c-8483-d49fe923883b name=User_53_73
2025/11/08 14:46:51 INFO session created token=c99170db-2d0c-4631-b77e-87ac908a8a7b name=User_17_60
2025/11/08 14:46:51 INFO session removed token=0d276d36-5c64-42ae-84d0-4db68a227459
2025/11/08 14:46:51 INFO session removed token=189d04dc-0510-4633-9310-df94b8d754df
2025/11/08 14:46:51 INFO session created token=db25a830-5401-4f71-bddd-6b26755941f7 name=User_36_88
2025/11/08 14:46:51 INFO session removed token=a33680e0-3eca-420f-bc22-d0a2db4cc3bd
2025/11/08 14:46:51 INFO session created token=eb7124ec-9eed-4b4a-a45d-555b10c499fb name=User_88_66
2025/11/08 14:46:51 INFO session created token=91aa5adb-a748-43aa-a910-7a545536b529 name=User_14_84
2025/11/08 14:46:51 INFO session updated token=8d4dc86e-aa54-4767-a379-ab90f0576da5 tableID=0xc000516ae0 seatIndex=0xc00051a690
2025/11/08 14:46:51 INFO session created token=03889eb1-2095-4452-993d-1f6d67761863 name=User_61_93
2025/11/08 14:46:51 INFO session created token=cb4bbbb5-311b-4166-9e70-910440e7cd0c name=User_93_76
2025/11/08 14:46:51 INFO session updated token=d1677a11-90b8-41ef-aa47-4347a234b3c6 tableID=0xc000516b00 seatIndex=0xc00051a6c0
2025/11/08 14:46:51 INFO session removed token=dcfcb1b9-1c64-4700-9610-2b6d3154d25d
2025/11/08 14:46:51 INFO session removed token=8eb5caec-e7c8-4a86-9795-b525c617d869
2025/11/08 14:46:51 INFO session removed token=a4f1ebb3-5719-4b66-bf51-dc6a70d23b97
2025/11/08 14:46:51 INFO session removed token=e08dbe57-9086-4813-97ef-366eb8f4dbfc
2025/11/08 14:46:51 INFO session updated token=75f0bfc7-948f-4e2d-8823-bf89342eb26a tableID=0xc000253f20 seatIndex=0xc00026fb60
2025/11/08 14:46:51 INFO session updated token=6e3ed5f0-d53f-4c3b-b1ec-7aef4c1a4f01 tableID=0xc0004111b0 seatIndex=0xc000415150
2025/11/08 14:46:51 INFO session removed token=6e3ed5f0-d53f-4c3b-b1ec-7aef4c1a4f01
2025/11/08 14:46:51 INFO session created token=8a51d6a7-6c47-4096-a3e3-3b2291a31a55 name=User_46_95
2025/11/08 14:46:51 INFO session updated token=8a51d6a7-6c47-4096-a3e3-3b2291a31a55 tableID=0xc000276150 seatIndex=0xc00026fd30
2025/11/08 14:46:51 INFO session removed token=8a51d6a7-6c47-4096-a3e3-3b2291a31a55
2025/11/08 14:46:51 INFO session created token=4382efe1-8838-4c8b-802b-d41c16b31aa8 name=User_46_96
2025/11/08 14:46:51 INFO session updated token=4382efe1-8838-4c8b-802b-d41c16b31aa8 tableID=0xc0002761a0 seatIndex=0xc00026fd80
2025/11/08 14:46:51 INFO session removed token=4382efe1-8838-4c8b-802b-d41c16b31aa8
2025/11/08 14:46:51 INFO session created token=775e7777-3d04-4342-bf9a-140452956bed name=User_46_97
2025/11/08 14:46:51 INFO session updated token=775e7777-3d04-4342-bf9a-140452956bed tableID=0xc0002761f0 seatIndex=0xc00026fdd0
2025/11/08 14:46:51 INFO session removed token=775e7777-3d04-4342-bf9a-140452956bed
2025/11/08 14:46:51 INFO session created token=a1490bad-cad5-41fa-8d5f-f35f49f92e83 name=User_46_98
2025/11/08 14:46:51 INFO session updated token=a1490bad-cad5-41fa-8d5f-f35f49f92e83 tableID=0xc000276240 seatIndex=0xc00026fe20
2025/11/08 14:46:51 INFO session removed token=a1490bad-cad5-41fa-8d5f-f35f49f92e83
2025/11/08 14:46:51 INFO session created token=ccb24cbe-9ba3-4dc4-baff-9df56287784c name=User_46_99
2025/11/08 14:46:51 INFO session updated token=ccb24cbe-9ba3-4dc4-baff-9df56287784c tableID=0xc000276290 seatIndex=0xc00026fe70
2025/11/08 14:46:51 INFO session removed token=ccb24cbe-9ba3-4dc4-baff-9df56287784c
2025/11/08 14:46:51 INFO session created token=121dfce6-5ba1-4b43-b5cb-0cd5fc545abc name=User_16_36
2025/11/08 14:46:51 INFO session updated token=121dfce6-5ba1-4b43-b5cb-0cd5fc545abc tableID=0xc0002762e0 seatIndex=0xc00026fea0
2025/11/08 14:46:51 INFO session removed token=121dfce6-5ba1-4b43-b5cb-0cd5fc545abc
2025/11/08 14:46:51 INFO session created token=4aaa50a4-620e-422b-ae75-9196db0628a6 name=User_16_37
2025/11/08 14:46:51 INFO session updated token=4aaa50a4-620e-422b-ae75-9196db0628a6 tableID=0xc000276330 seatIndex=0xc00026fef0
2025/11/08 14:46:51 INFO session removed token=4aaa50a4-620e-422b-ae75-9196db0628a6
2025/11/08 14:46:51 INFO session created token=661b4c81-db1b-45df-b74d-d4867260d977 name=User_16_38
2025/11/08 14:46:51 INFO session updated token=661b4c81-db1b-45df-b74d-d4867260d977 tableID=0xc000276380 seatIndex=0xc00026ff40
2025/11/08 14:46:51 INFO session removed token=661b4c81-db1b-45df-b74d-d4867260d977
2025/11/08 14:46:51 INFO session created token=b4fe864e-a966-4998-a1cd-a4de2ab210eb name=User_16_39
2025/11/08 14:46:51 INFO session updated token=b4fe864e-a966-4998-a1cd-a4de2ab210eb tableID=0xc0002763d0 seatIndex=0xc00026ff90
2025/11/08 14:46:51 INFO session removed token=b4fe864e-a966-4998-a1cd-a4de2ab210eb
2025/11/08 14:46:51 INFO session created token=17b26173-cfb6-4bc5-8cc7-a2d4fb2b568a name=User_16_40
2025/11/08 14:46:51 INFO session updated token=17b26173-cfb6-4bc5-8cc7-a2d4fb2b568a tableID=0xc000276420 seatIndex=0xc00026ffe0
2025/11/08 14:46:51 INFO session removed token=17b26173-cfb6-4bc5-8cc7-a2d4fb2b568a
2025/11/08 14:46:51 INFO session created token=3a56f089-f2d2-41e3-a97e-0419568401dc name=User_16_41
2025/11/08 14:46:51 INFO session updated token=3a56f089-f2d2-41e3-a97e-0419568401dc tableID=0xc000276470 seatIndex=0xc00027c030
2025/11/08 14:46:51 INFO session removed token=3a56f089-f2d2-41e3-a97e-0419568401dc
2025/11/08 14:46:51 INFO session created token=83296ba8-46da-432d-9802-e1a6fd027e3b name=User_16_42
2025/11/08 14:46:51 INFO session updated token=83296ba8-46da-432d-9802-e1a6fd027e3b tableID=0xc0002764c0 seatIndex=0xc00027c080
2025/11/08 14:46:51 INFO session removed token=83296ba8-46da-432d-9802-e1a6fd027e3b
2025/11/08 14:46:51 INFO session created token=62cbb0f7-4820-4e1d-955b-5c3725f506c4 name=User_16_43
2025/11/08 14:46:51 INFO session updated token=62cbb0f7-4820-4e1d-955b-5c3725f506c4 tableID=0xc000276510 seatIndex=0xc00027c0d0
2025/11/08 14:46:51 INFO session removed token=62cbb0f7-4820-4e1d-955b-5c3725f506c4
2025/11/08 14:46:51 INFO session created token=df5f5bc1-f1a7-4827-a6a8-70a571589a3f name=User_16_44
2025/11/08 14:46:51 INFO session updated token=df5f5bc1-f1a7-4827-a6a8-70a571589a3f tableID=0xc000276560 seatIndex=0xc00027c120
2025/11/08 14:46:51 INFO session removed token=df5f5bc1-f1a7-4827-a6a8-70a571589a3f
2025/11/08 14:46:51 INFO session created token=9f501d55-70a1-4e95-a0d5-06a58777326f name=User_16_45
2025/11/08 14:46:51 INFO session updated token=9f501d55-70a1-4e95-a0d5-06a58777326f tableID=0xc0002765b0 seatIndex=0xc00027c170
2025/11/08 14:46:51 INFO session removed token=9f501d55-70a1-4e95-a0d5-06a58777326f
2025/11/08 14:46:51 INFO session created token=1aac0180-2a85-4d88-83b7-ed109b978ead name=User_16_46
2025/11/08 14:46:51 INFO session updated token=1aac0180-2a85-4d88-83b7-ed109b978ead tableID=0xc000276600 seatIndex=0xc00027c1c0
2025/11/08 14:46:51 INFO session removed token=1aac0180-2a85-4d88-83b7-ed109b978ead
2025/11/08 14:46:51 INFO session created token=130eef3d-ad6a-423b-aa6b-382f53980594 name=User_16_47
2025/11/08 14:46:51 INFO session updated token=130eef3d-ad6a-423b-aa6b-382f53980594 tableID=0xc000276650 seatIndex=0xc00027c210
2025/11/08 14:46:51 INFO session removed token=130eef3d-ad6a-423b-aa6b-382f53980594
2025/11/08 14:46:51 INFO session created token=22830aa4-bdaf-476b-81bc-86b6b2a9a67b name=User_16_48
2025/11/08 14:46:51 INFO session updated token=22830aa4-bdaf-476b-81bc-86b6b2a9a67b tableID=0xc0002766a0 seatIndex=0xc00027c260
2025/11/08 14:46:51 INFO session removed token=22830aa4-bdaf-476b-81bc-86b6b2a9a67b
2025/11/08 14:46:51 INFO session created token=7543d48e-0307-4215-b528-43f4d8e7094a name=User_16_49
2025/11/08 14:46:51 INFO session updated token=7543d48e-0307-4215-b528-43f4d8e7094a tableID=0xc0002766f0 seatIndex=0xc00027c2b0
2025/11/08 14:46:51 INFO session removed token=7543d48e-0307-4215-b528-43f4d8e7094a
2025/11/08 14:46:51 INFO session created token=0c43849b-fa22-4187-9b9b-2ba6d9811c93 name=User_16_50
2025/11/08 14:46:51 INFO session updated token=0c43849b-fa22-4187-9b9b-2ba6d9811c93 tableID=0xc000276740 seatIndex=0xc00027c300
2025/11/08 14:46:51 INFO session removed token=0c43849b-fa22-4187-9b9b-2ba6d9811c93
2025/11/08 14:46:51 INFO session created token=ffc44b6a-4a98-41c0-a9b4-8fe74c2a3777 name=User_16_51
2025/11/08 14:46:51 INFO session updated token=ffc44b6a-4a98-41c0-a9b4-8fe74c2a3777 tableID=0xc000276790 seatIndex=0xc00027c350
2025/11/08 14:46:51 INFO session removed token=ffc44b6a-4a98-41c0-a9b4-8fe74c2a3777
2025/11/08 14:46:51 INFO session created token=c170968b-a346-4fd4-b94a-720aedf51cab name=User_16_52
2025/11/08 14:46:51 INFO session updated token=c170968b-a346-4fd4-b94a-720aedf51cab tableID=0xc0002767e0 seatIndex=0xc00027c3a0
2025/11/08 14:46:51 INFO session removed token=c170968b-a346-4fd4-b94a-720aedf51cab
2025/11/08 14:46:51 INFO session created token=55bcc35e-7736-4957-a320-3285419eb09b name=User_16_53
2025/11/08 14:46:51 INFO session updated token=55bcc35e-7736-4957-a320-3285419eb09b tableID=0xc000276830 seatIndex=0xc00027c3f0
2025/11/08 14:46:51 INFO session removed token=55bcc35e-7736-4957-a320-3285419eb09b
2025/11/08 14:46:51 INFO session created token=b948b5a2-28e2-4c37-933a-04eafe0a2e2b name=User_16_54
2025/11/08 14:46:51 INFO session updated token=b948b5a2-28e2-4c37-933a-04eafe0a2e2b tableID=0xc000276880 seatIndex=0xc00027c440
2025/11/08 14:46:51 INFO session removed token=b948b5a2-28e2-4c37-933a-04eafe0a2e2b
2025/11/08 14:46:51 INFO session created token=6ed24546-9a5f-45fa-9def-556350146e6b name=User_16_55
2025/11/08 14:46:51 INFO session updated token=6ed24546-9a5f-45fa-9def-556350146e6b tableID=0xc0002768d0 seatIndex=0xc00027c490
2025/11/08 14:46:51 INFO session removed token=6ed24546-9a5f-45fa-9def-556350146e6b
2025/11/08 14:46:51 INFO session created token=d1b986a6-14e9-473c-ad74-22025e9a30c2 name=User_16_56
2025/11/08 14:46:51 INFO session updated token=d1b986a6-14e9-473c-ad74-22025e9a30c2 tableID=0xc000276920 seatIndex=0xc00027c4e0
2025/11/08 14:46:51 INFO session removed token=d1b986a6-14e9-473c-ad74-22025e9a30c2
2025/11/08 14:46:51 INFO session created token=c0cfc188-837f-438b-9b45-97f69ad06e4d name=User_16_57
2025/11/08 14:46:51 INFO session updated token=c0cfc188-837f-438b-9b45-97f69ad06e4d tableID=0xc000276970 seatIndex=0xc00027c530
2025/11/08 14:46:51 INFO session removed token=c0cfc188-837f-438b-9b45-97f69ad06e4d
2025/11/08 14:46:51 INFO session created token=4ceaadfb-ff85-4e14-b5bb-6486e8bd0431 name=User_16_58
2025/11/08 14:46:51 INFO session updated token=4ceaadfb-ff85-4e14-b5bb-6486e8bd0431 tableID=0xc0002769c0 seatIndex=0xc00027c580
2025/11/08 14:46:51 INFO session removed token=4ceaadfb-ff85-4e14-b5bb-6486e8bd0431
2025/11/08 14:46:51 INFO session created token=7c945b45-24bb-44b4-ae4d-dfcff23634cc name=User_16_59
2025/11/08 14:46:51 INFO session updated token=7c945b45-24bb-44b4-ae4d-dfcff23634cc tableID=0xc000276a10 seatIndex=0xc00027c5d0
2025/11/08 14:46:51 INFO session removed token=7c945b45-24bb-44b4-ae4d-dfcff23634cc
2025/11/08 14:46:51 INFO session created token=3c2420c0-40e7-472c-b571-39fef93c59b7 name=User_16_60
2025/11/08 14:46:51 INFO session updated token=3c2420c0-40e7-472c-b571-39fef93c59b7 tableID=0xc000276a60 seatIndex=0xc00027c620
2025/11/08 14:46:51 INFO session removed token=3c2420c0-40e7-472c-b571-39fef93c59b7
2025/11/08 14:46:51 INFO session created token=c0a94d1b-c1a5-418f-9f29-df11b69b7e7b name=User_16_61
2025/11/08 14:46:51 INFO session updated token=c0a94d1b-c1a5-418f-9f29-df11b69b7e7b tableID=0xc000276ab0 seatIndex=0xc00027c670
2025/11/08 14:46:51 INFO session removed token=c0a94d1b-c1a5-418f-9f29-df11b69b7e7b
2025/11/08 14:46:51 INFO session created token=9deaedc5-c19b-48d3-9a9d-af9abdb65fdf name=User_16_62
2025/11/08 14:46:51 INFO session updated token=9deaedc5-c19b-48d3-9a9d-af9abdb65fdf tableID=0xc000276b00 seatIndex=0xc00027c6c0
2025/11/08 14:46:51 INFO session removed token=9deaedc5-c19b-48d3-9a9d-af9abdb65fdf
2025/11/08 14:46:51 INFO session created token=f9137dbf-6ca9-4d3e-a2ad-fea1499f8d8e name=User_16_63
2025/11/08 14:46:51 INFO session updated token=f9137dbf-6ca9-4d3e-a2ad-fea1499f8d8e tableID=0xc000276b50 seatIndex=0xc00027c710
2025/11/08 14:46:51 INFO session removed token=f9137dbf-6ca9-4d3e-a2ad-fea1499f8d8e
2025/11/08 14:46:51 INFO session created token=77aa19f3-1f9f-4529-ae40-bba9462b907e name=User_16_64
2025/11/08 14:46:51 INFO session updated token=77aa19f3-1f9f-4529-ae40-bba9462b907e tableID=0xc000276ba0 seatIndex=0xc00027c760
2025/11/08 14:46:51 INFO session removed token=77aa19f3-1f9f-4529-ae40-bba9462b907e
2025/11/08 14:46:51 INFO session created token=41c5caf1-b185-4e3e-9637-51592b4c8d11 name=User_16_65
2025/11/08 14:46:51 INFO session updated token=41c5caf1-b185-4e3e-9637-51592b4c8d11 tableID=0xc000276bf0 seatIndex=0xc00027c7b0
2025/11/08 14:46:51 INFO session removed token=41c5caf1-b185-4e3e-9637-51592b4c8d11
2025/11/08 14:46:51 INFO session created token=05638607-3484-4616-8ed5-ff046723ccf0 name=User_16_66
2025/11/08 14:46:51 INFO session updated token=05638607-3484-4616-8ed5-ff046723ccf0 tableID=0xc000276c40 seatIndex=0xc00027c800
2025/11/08 14:46:51 INFO session removed token=05638607-3484-4616-8ed5-ff046723ccf0
2025/11/08 14:46:51 INFO session created token=9ee66e47-ce68-4812-bf77-848c2533c883 name=User_16_67
2025/11/08 14:46:51 INFO session updated token=9ee66e47-ce68-4812-bf77-848c2533c883 tableID=0xc000276c90 seatIndex=0xc00027c850
2025/11/08 14:46:51 INFO session removed token=9ee66e47-ce68-4812-bf77-848c2533c883
2025/11/08 14:46:51 INFO session created token=0dbccede-39de-4d89-99d4-77e2b61565e1 name=User_16_68
2025/11/08 14:46:51 INFO session updated token=0dbccede-39de-4d89-99d4-77e2b61565e1 tableID=0xc000276ce0 seatIndex=0xc00027c8a0
2025/11/08 14:46:51 INFO session removed token=0dbccede-39de-4d89-99d4-77e2b61565e1
2025/11/08 14:46:51 INFO session created token=d4dce6ce-b2b6-482c-8555-b291afdf51a8 name=User_16_69
2025/11/08 14:46:51 INFO session updated token=d4dce6ce-b2b6-482c-8555-b291afdf51a8 tableID=0xc000276d30 seatIndex=0xc00027c8f0
2025/11/08 14:46:51 INFO session removed token=d4dce6ce-b2b6-482c-8555-b291afdf51a8
2025/11/08 14:46:51 INFO session created token=1adfa521-ec68-4423-a745-fa05070c62d5 name=User_16_70
2025/11/08 14:46:51 INFO session updated token=1adfa521-ec68-4423-a745-fa05070c62d5 tableID=0xc000276d80 seatIndex=0xc00027c940
2025/11/08 14:46:51 INFO session removed token=1adfa521-ec68-4423-a745-fa05070c62d5
2025/11/08 14:46:51 INFO session created token=ee25819b-cb59-4f89-8817-653951ccd1ae name=User_16_71
2025/11/08 14:46:51 INFO session updated token=ee25819b-cb59-4f89-8817-653951ccd1ae tableID=0xc000276dd0 seatIndex=0xc00027c990
2025/11/08 14:46:51 INFO session removed token=ee25819b-cb59-4f89-8817-653951ccd1ae
2025/11/08 14:46:51 INFO session created token=798aa196-3fb2-4385-9de1-55ca143c1994 name=User_16_72
2025/11/08 14:46:51 INFO session updated token=798aa196-3fb2-4385-9de1-55ca143c1994 tableID=0xc000276e20 seatIndex=0xc00027c9e0
2025/11/08 14:46:51 INFO session removed token=798aa196-3fb2-4385-9de1-55ca143c1994
2025/11/08 14:46:51 INFO session created token=d3cb81b2-69ff-4d08-b6f7-7ec44ff98f52 name=User_16_73
2025/11/08 14:46:51 INFO session updated token=d3cb81b2-69ff-4d08-b6f7-7ec44ff98f52 tableID=0xc000276e70 seatIndex=0xc00027ca30
2025/11/08 14:46:51 INFO session removed token=d3cb81b2-69ff-4d08-b6f7-7ec44ff98f52
2025/11/08 14:46:51 INFO session created token=3269e186-174c-47c3-9d49-d59d7969fb20 name=User_16_74
2025/11/08 14:46:51 INFO session updated token=3269e186-174c-47c3-9d49-d59d7969fb20 tableID=0xc000276ec0 seatIndex=0xc00027ca80
2025/11/08 14:46:51 INFO session removed token=3269e186-174c-47c3-9d49-d59d7969fb20
2025/11/08 14:46:51 INFO session created token=6ef9a20b-fce9-403f-94d3-e765bb5f13f2 name=User_16_75
2025/11/08 14:46:51 INFO session updated token=6ef9a20b-fce9-403f-94d3-e765bb5f13f2 tableID=0xc000276f10 seatIndex=0xc00027cad0
2025/11/08 14:46:51 INFO session removed token=6ef9a20b-fce9-403f-94d3-e765bb5f13f2
2025/11/08 14:46:51 INFO session created token=8f30db6f-995e-41b1-93e3-805cdf8d42d0 name=User_16_76
2025/11/08 14:46:51 INFO session updated token=8f30db6f-995e-41b1-93e3-805cdf8d42d0 tableID=0xc000276f60 seatIndex=0xc00027cb20
2025/11/08 14:46:51 INFO session removed token=8f30db6f-995e-41b1-93e3-805cdf8d42d0
2025/11/08 14:46:51 INFO session created token=758a9b64-f8e1-40c8-88c8-3627f0a54b19 name=User_16_77
2025/11/08 14:46:51 INFO session updated token=758a9b64-f8e1-40c8-88c8-3627f0a54b19 tableID=0xc000276fb0 seatIndex=0xc00027cb70
2025/11/08 14:46:51 INFO session removed token=758a9b64-f8e1-40c8-88c8-3627f0a54b19
2025/11/08 14:46:51 INFO session created token=428e1f9c-ef21-4495-8509-faabf4689f0c name=User_16_78
2025/11/08 14:46:51 INFO session updated token=428e1f9c-ef21-4495-8509-faabf4689f0c tableID=0xc000277000 seatIndex=0xc00027cbc0
2025/11/08 14:46:51 INFO session removed token=428e1f9c-ef21-4495-8509-faabf4689f0c
2025/11/08 14:46:51 INFO session created token=9cd90d77-fe71-4f9a-80a1-75f4f3067ad8 name=User_16_79
2025/11/08 14:46:51 INFO session updated token=9cd90d77-fe71-4f9a-80a1-75f4f3067ad8 tableID=0xc000277050 seatIndex=0xc00027cc10
2025/11/08 14:46:51 INFO session removed token=9cd90d77-fe71-4f9a-80a1-75f4f3067ad8
2025/11/08 14:46:51 INFO session created token=323b7903-1374-4a22-a2ad-d44797c069f5 name=User_16_80
2025/11/08 14:46:51 INFO session updated token=323b7903-1374-4a22-a2ad-d44797c069f5 tableID=0xc0002770a0 seatIndex=0xc00027cc60
2025/11/08 14:46:51 INFO session removed token=323b7903-1374-4a22-a2ad-d44797c069f5
2025/11/08 14:46:51 INFO session created token=8f53cf21-3ad9-4f94-84b2-2fda8b860fa2 name=User_16_81
2025/11/08 14:46:51 INFO session updated token=8f53cf21-3ad9-4f94-84b2-2fda8b860fa2 tableID=0xc0002770f0 seatIndex=0xc00027ccb0
2025/11/08 14:46:51 INFO session removed token=8f53cf21-3ad9-4f94-84b2-2fda8b860fa2
2025/11/08 14:46:51 INFO session created token=fe2583ac-a2d8-4748-9fc0-05e8d8bd091e name=User_16_82
2025/11/08 14:46:51 INFO session updated token=fe2583ac-a2d8-4748-9fc0-05e8d8bd091e tableID=0xc000277140 seatIndex=0xc00027cd00
2025/11/08 14:46:51 INFO session removed token=fe2583ac-a2d8-4748-9fc0-05e8d8bd091e
2025/11/08 14:46:51 INFO session created token=293eb1b9-6e07-48b6-98c7-4d3f0c8aac4b name=User_16_83
2025/11/08 14:46:51 INFO session updated token=293eb1b9-6e07-48b6-98c7-4d3f0c8aac4b tableID=0xc000277190 seatIndex=0xc00027cd50
2025/11/08 14:46:51 INFO session removed token=293eb1b9-6e07-48b6-98c7-4d3f0c8aac4b
2025/11/08 14:46:51 INFO session created token=ec8ced47-87d1-47a2-8849-07a45665a0eb name=User_16_84
2025/11/08 14:46:51 INFO session updated token=ec8ced47-87d1-47a2-8849-07a45665a0eb tableID=0xc0002771e0 seatIndex=0xc00027cda0
2025/11/08 14:46:51 INFO session removed token=ec8ced47-87d1-47a2-8849-07a45665a0eb
2025/11/08 14:46:51 INFO session created token=a58054f2-dd89-407a-b098-e8944f5dd44e name=User_16_85
2025/11/08 14:46:51 INFO session updated token=a58054f2-dd89-407a-b098-e8944f5dd44e tableID=0xc000277230 seatIndex=0xc00027cdf0
2025/11/08 14:46:51 INFO session removed token=a58054f2-dd89-407a-b098-e8944f5dd44e
2025/11/08 14:46:51 INFO session created token=c7cd1c4c-54dc-4660-a917-f31bd0d6b532 name=User_16_86
2025/11/08 14:46:51 INFO session updated token=c7cd1c4c-54dc-4660-a917-f31bd0d6b532 tableID=0xc000277280 seatIndex=0xc00027ce40
2025/11/08 14:46:51 INFO session removed token=c7cd1c4c-54dc-4660-a917-f31bd0d6b532
2025/11/08 14:46:51 INFO session created token=95aeb877-4fad-4965-9b25-c38632bfead0 name=User_16_87
2025/11/08 14:46:51 INFO session updated token=95aeb877-4fad-4965-9b25-c38632bfead0 tableID=0xc0002772d0 seatIndex=0xc00027ce90
2025/11/08 14:46:51 INFO session removed token=95aeb877-4fad-4965-9b25-c38632bfead0
2025/11/08 14:46:51 INFO session created token=69950cf2-0f60-48af-a42f-b62cf2244165 name=User_16_88
2025/11/08 14:46:51 INFO session updated token=69950cf2-0f60-48af-a42f-b62cf2244165 tableID=0xc000277320 seatIndex=0xc00027cee0
2025/11/08 14:46:51 INFO session removed token=69950cf2-0f60-48af-a42f-b62cf2244165
2025/11/08 14:46:51 INFO session created token=35f9056c-d021-4b04-aa6c-be932949c797 name=User_16_89
2025/11/08 14:46:51 INFO session updated token=35f9056c-d021-4b04-aa6c-be932949c797 tableID=0xc000277370 seatIndex=0xc00027cf30
2025/11/08 14:46:51 INFO session removed token=35f9056c-d021-4b04-aa6c-be932949c797
2025/11/08 14:46:51 INFO session created token=ea5179c2-fd6e-414b-a1d6-554c8c4e6030 name=User_16_90
2025/11/08 14:46:51 INFO session updated token=ea5179c2-fd6e-414b-a1d6-554c8c4e6030 tableID=0xc0002773c0 seatIndex=0xc00027cf80
2025/11/08 14:46:51 INFO session removed token=ea5179c2-fd6e-414b-a1d6-554c8c4e6030
2025/11/08 14:46:51 INFO session created token=292c9920-630a-42c2-a2d3-1527cd6bdba2 name=User_16_91
2025/11/08 14:46:51 INFO session updated token=292c9920-630a-42c2-a2d3-1527cd6bdba2 tableID=0xc000277410 seatIndex=0xc00027cfd0
2025/11/08 14:46:51 INFO session removed token=292c9920-630a-42c2-a2d3-1527cd6bdba2
2025/11/08 14:46:51 INFO session created token=cca8ef59-ddb5-43fa-96c1-ce8f18c81376 name=User_16_92
2025/11/08 14:46:51 INFO session updated token=cca8ef59-ddb5-43fa-96c1-ce8f18c81376 tableID=0xc000277460 seatIndex=0xc00027d020
2025/11/08 14:46:51 INFO session removed token=cca8ef59-ddb5-43fa-96c1-ce8f18c81376
2025/11/08 14:46:51 INFO session created token=b266e199-c584-40fe-882e-135085f2b17b name=User_16_93
2025/11/08 14:46:51 INFO session updated token=b266e199-c584-40fe-882e-135085f2b17b tableID=0xc0002774b0 seatIndex=0xc00027d070
2025/11/08 14:46:51 INFO session removed token=b266e199-c584-40fe-882e-135085f2b17b
2025/11/08 14:46:51 INFO session created token=45f025bc-c94f-419f-b151-ead0413027fd name=User_16_94
2025/11/08 14:46:51 INFO session updated token=45f025bc-c94f-419f-b151-ead0413027fd tableID=0xc000277500 seatIndex=0xc00027d0c0
2025/11/08 14:46:51 INFO session removed token=45f025bc-c94f-419f-b151-ead0413027fd
2025/11/08 14:46:51 INFO session created token=022633fd-8c74-492b-94dc-3281640138be name=User_16_95
2025/11/08 14:46:51 INFO session updated token=022633fd-8c74-492b-94dc-3281640138be tableID=0xc000277550 seatIndex=0xc00027d110
2025/11/08 14:46:51 INFO session removed token=022633fd-8c74-492b-94dc-3281640138be
2025/11/08 14:46:51 INFO session created token=ac95f328-fec5-44cb-80d5-b3a5de8381e4 name=User_16_96
2025/11/08 14:46:51 INFO session updated token=ac95f328-fec5-44cb-80d5-b3a5de8381e4 tableID=0xc0002775a0 seatIndex=0xc00027d160
2025/11/08 14:46:51 INFO session removed token=ac95f328-fec5-44cb-80d5-b3a5de8381e4
2025/11/08 14:46:51 INFO session created token=b16816a6-d590-4952-b0cb-174756ca8dc8 name=User_16_97
2025/11/08 14:46:51 INFO session updated token=b16816a6-d590-4952-b0cb-174756ca8dc8 tableID=0xc0002775f0 seatIndex=0xc00027d1b0
2025/11/08 14:46:51 INFO session removed token=b16816a6-d590-4952-b0cb-174756ca8dc8
2025/11/08 14:46:51 INFO session created token=0c848c1a-ddc3-44f2-a462-947a124b7a0a name=User_16_98
2025/11/08 14:46:51 INFO session updated token=0c848c1a-ddc3-44f2-a462-947a124b7a0a tableID=0xc000277640 seatIndex=0xc00027d200
2025/11/08 14:46:51 INFO session removed token=0c848c1a-ddc3-44f2-a462-947a124b7a0a
2025/11/08 14:46:51 INFO session created token=5e115426-f5ed-4b8d-be44-ee45649f292d name=User_16_99
2025/11/08 14:46:51 INFO session updated token=5e115426-f5ed-4b8d-be44-ee45649f292d tableID=0xc000277690 seatIndex=0xc00027d250
2025/11/08 14:46:51 INFO session removed token=5e115426-f5ed-4b8d-be44-ee45649f292d
2025/11/08 14:46:51 INFO session removed token=87dade86-4a08-4059-a394-ec3b3848f182
2025/11/08 14:46:51 INFO session created token=322af5e4-0b3e-4225-a9af-fda59ad133a6 name=User_97_96
2025/11/08 14:46:51 INFO session updated token=322af5e4-0b3e-4225-a9af-fda59ad133a6 tableID=0xc0002776f0 seatIndex=0xc00027d2a0
2025/11/08 14:46:51 INFO session removed token=322af5e4-0b3e-4225-a9af-fda59ad133a6
2025/11/08 14:46:51 INFO session created token=315078de-35fb-4e98-80da-9a8785146851 name=User_97_97
2025/11/08 14:46:51 INFO session updated token=315078de-35fb-4e98-80da-9a8785146851 tableID=0xc000277740 seatIndex=0xc00027d2f0
2025/11/08 14:46:51 INFO session removed token=315078de-35fb-4e98-80da-9a8785146851
2025/11/08 14:46:51 INFO session created token=451ca6e4-f8e4-4520-89ea-b3ebd3fb3fff name=User_97_98
2025/11/08 14:46:51 INFO session updated token=451ca6e4-f8e4-4520-89ea-b3ebd3fb3fff tableID=0xc000277790 seatIndex=0xc00027d340
2025/11/08 14:46:51 INFO session removed token=451ca6e4-f8e4-4520-89ea-b3ebd3fb3fff
2025/11/08 14:46:51 INFO session created token=fee6905c-bb6b-496b-adab-03e90631e47a name=User_97_99
2025/11/08 14:46:51 INFO session updated token=fee6905c-bb6b-496b-adab-03e90631e47a tableID=0xc0002777e0 seatIndex=0xc00027d390
2025/11/08 14:46:51 INFO session removed token=fee6905c-bb6b-496b-adab-03e90631e47a
2025/11/08 14:46:51 INFO session updated token=3f0b16b5-3712-4675-80a9-869e979b3e61 tableID=0xc000346670 seatIndex=0xc000348580
2025/11/08 14:46:51 INFO session removed token=3f0b16b5-3712-4675-80a9-869e979b3e61
2025/11/08 14:46:51 INFO session created token=a1142267-3493-45a1-a1d6-2ccdbd9086f8 name=User_70_81
2025/11/08 14:46:51 INFO session updated token=a1142267-3493-45a1-a1d6-2ccdbd9086f8 tableID=0xc000277850 seatIndex=0xc00027d400
2025/11/08 14:46:51 INFO session removed token=a1142267-3493-45a1-a1d6-2ccdbd9086f8
2025/11/08 14:46:51 INFO session created token=47801d5f-a071-4e02-86ff-9b724fb13c86 name=User_70_82
2025/11/08 14:46:51 INFO session updated token=47801d5f-a071-4e02-86ff-9b724fb13c86 tableID=0xc0002778a0 seatIndex=0xc00027d450
2025/11/08 14:46:51 INFO session removed token=47801d5f-a071-4e02-86ff-9b724fb13c86
2025/11/08 14:46:51 INFO session created token=3ee3f17e-c31e-4a3a-9cd2-84b856432a13 name=User_70_83
2025/11/08 14:46:51 INFO session updated token=3ee3f17e-c31e-4a3a-9cd2-84b856432a13 tableID=0xc0002778f0 seatIndex=0xc00027d4a0
2025/11/08 14:46:51 INFO session removed token=3ee3f17e-c31e-4a3a-9cd2-84b856432a13
2025/11/08 14:46:51 INFO session created token=6f15e297-0315-49d5-974e-9879e37ff16c name=User_70_84
2025/11/08 14:46:51 INFO session updated token=6f15e297-0315-49d5-974e-9879e37ff16c tableID=0xc000277940 seatIndex=0xc00027d4f0
2025/11/08 14:46:51 INFO session removed token=6f15e297-0315-49d5-974e-9879e37ff16c
2025/11/08 14:46:51 INFO session created token=7fe70e16-58e4-4bc2-8ac2-7b65962e6fa4 name=User_70_85
2025/11/08 14:46:51 INFO session updated token=7fe70e16-58e4-4bc2-8ac2-7b65962e6fa4 tableID=0xc000277990 seatIndex=0xc00027d540
2025/11/08 14:46:51 INFO session removed token=7fe70e16-58e4-4bc2-8ac2-7b65962e6fa4
2025/11/08 14:46:51 INFO session created token=5d8386f6-af28-4fe7-8973-a534b17c3c40 name=User_70_86
2025/11/08 14:46:51 INFO session updated token=5d8386f6-af28-4fe7-8973-a534b17c3c40 tableID=0xc0002779e0 seatIndex=0xc00027d590
2025/11/08 14:46:51 INFO session removed token=5d8386f6-af28-4fe7-8973-a534b17c3c40
2025/11/08 14:46:51 INFO session created token=12871531-7217-4434-a2bd-9854b3a6b8bd name=User_70_87
2025/11/08 14:46:51 INFO session updated token=12871531-7217-4434-a2bd-9854b3a6b8bd tableID=0xc000277a30 seatIndex=0xc00027d5e0
2025/11/08 14:46:51 INFO session removed token=12871531-7217-4434-a2bd-9854b3a6b8bd
2025/11/08 14:46:51 INFO session created token=7058679b-b684-425f-87a5-3fc67a924f05 name=User_70_88
2025/11/08 14:46:51 INFO session updated token=7058679b-b684-425f-87a5-3fc67a924f05 tableID=0xc000277a80 seatIndex=0xc00027d630
2025/11/08 14:46:51 INFO session removed token=7058679b-b684-425f-87a5-3fc67a924f05
2025/11/08 14:46:51 INFO session created token=efa9a8d7-c8fc-4aec-b07b-9d1938b87456 name=User_70_89
2025/11/08 14:46:51 INFO session updated token=efa9a8d7-c8fc-4aec-b07b-9d1938b87456 tableID=0xc000277ad0 seatIndex=0xc00027d680
2025/11/08 14:46:51 INFO session removed token=efa9a8d7-c8fc-4aec-b07b-9d1938b87456
2025/11/08 14:46:51 INFO session created token=774f482e-8a00-4728-a5f2-5a6248ffb65a name=User_70_90
2025/11/08 14:46:51 INFO session updated token=774f482e-8a00-4728-a5f2-5a6248ffb65a tableID=0xc000277b20 seatIndex=0xc00027d6d0
2025/11/08 14:46:51 INFO session removed token=774f482e-8a00-4728-a5f2-5a6248ffb65a
2025/11/08 14:46:51 INFO session created token=50e42910-ecdb-46dc-ada9-4abb535189cf name=User_70_91
2025/11/08 14:46:51 INFO session updated token=50e42910-ecdb-46dc-ada9-4abb535189cf tableID=0xc000277b70 seatIndex=0xc00027d720
2025/11/08 14:46:51 INFO session removed token=50e42910-ecdb-46dc-ada9-4abb535189cf
2025/11/08 14:46:51 INFO session created token=9c1ef27e-4f83-48e5-b034-892fd6cc57a9 name=User_70_92
2025/11/08 14:46:51 INFO session updated token=9c1ef27e-4f83-48e5-b034-892fd6cc57a9 tableID=0xc000277bc0 seatIndex=0xc00027d770
2025/11/08 14:46:51 INFO session removed token=9c1ef27e-4f83-48e5-b034-892fd6cc57a9
2025/11/08 14:46:51 INFO session created token=50d9b24a-dc42-4322-ad9c-fb4d871e4cc5 name=User_70_93
2025/11/08 14:46:51 INFO session updated token=50d9b24a-dc42-4322-ad9c-fb4d871e4cc5 tableID=0xc000277c10 seatIndex=0xc00027d7c0
2025/11/08 14:46:51 INFO session removed token=50d9b24a-dc42-4322-ad9c-fb4d871e4cc5
2025/11/08 14:46:51 INFO session created token=8847a825-e6a9-4517-acbb-b7b74617e780 name=User_70_94
2025/11/08 14:46:51 INFO session updated token=8847a825-e6a9-4517-acbb-b7b74617e780 tableID=0xc000277c60 seatIndex=0xc00027d810
2025/11/08 14:46:51 INFO session removed token=8847a825-e6a9-4517-acbb-b7b74617e780
2025/11/08 14:46:51 INFO session created token=f6c340de-5368-483b-bb0e-7f980691e5a9 name=User_70_95
2025/11/08 14:46:51 INFO session updated token=f6c340de-5368-483b-bb0e-7f980691e5a9 tableID=0xc000277cb0 seatIndex=0xc00027d860
2025/11/08 14:46:51 INFO session removed token=f6c340de-5368-483b-bb0e-7f980691e5a9
2025/11/08 14:46:51 INFO session created token=6da5d5e2-7e23-4e38-a698-f34977509730 name=User_70_96
2025/11/08 14:46:51 INFO session updated token=6da5d5e2-7e23-4e38-a698-f34977509730 tableID=0xc000277d00 seatIndex=0xc00027d8b0
2025/11/08 14:46:51 INFO session removed token=6da5d5e2-7e23-4e38-a698-f34977509730
2025/11/08 14:46:51 INFO session created token=af93bd29-9fc7-49d0-bb92-a5a4a8acfc90 name=User_70_97
2025/11/08 14:46:51 INFO session updated token=af93bd29-9fc7-49d0-bb92-a5a4a8acfc90 tableID=0xc000277d50 seatIndex=0xc00027d900
2025/11/08 14:46:51 INFO session removed token=af93bd29-9fc7-49d0-bb92-a5a4a8acfc90
2025/11/08 14:46:51 INFO session created token=091a6224-aec2-43f5-8986-3f8bf9df1656 name=User_70_98
2025/11/08 14:46:51 INFO session updated token=091a6224-aec2-43f5-8986-3f8bf9df1656 tableID=0xc000277da0 seatIndex=0xc00027d950
2025/11/08 14:46:51 INFO session removed token=091a6224-aec2-43f5-8986-3f8bf9df1656
2025/11/08 14:46:51 INFO session created token=fd6efb04-0c22-4c58-a337-934fbc740666 name=User_70_99
2025/11/08 14:46:51 INFO session updated token=fd6efb04-0c22-4c58-a337-934fbc740666 tableID=0xc000277df0 seatIndex=0xc00027d9a0
2025/11/08 14:46:51 INFO session removed token=fd6efb04-0c22-4c58-a337-934fbc740666
2025/11/08 14:46:51 INFO session updated token=3ca21b84-d1eb-4939-8b95-91aef2e03f5e tableID=0xc0003d0350 seatIndex=0xc0003d2180
2025/11/08 14:46:51 INFO session removed token=3ca21b84-d1eb-4939-8b95-91aef2e03f5e
2025/11/08 14:46:51 INFO session created token=8120da54-80eb-45ae-a9ff-18ef6c6897cc name=User_64_52
2025/11/08 14:46:51 INFO session updated token=8120da54-80eb-45ae-a9ff-18ef6c6897cc tableID=0xc000277e60 seatIndex=0xc00027da10
2025/11/08 14:46:51 INFO session removed token=8120da54-80eb-45ae-a9ff-18ef6c6897cc
2025/11/08 14:46:51 INFO session created token=6909f98e-1f9f-4767-bce2-aa15190e8252 name=User_64_53
2025/11/08 14:46:51 INFO session updated token=6909f98e-1f9f-4767-bce2-aa15190e8252 tableID=0xc000277eb0 seatIndex=0xc00027da60
2025/11/08 14:46:51 INFO session removed token=6909f98e-1f9f-4767-bce2-aa15190e8252
2025/11/08 14:46:51 INFO session created token=55af9e59-307a-45b4-a1e0-f7d65c42c374 name=User_64_54
2025/11/08 14:46:51 INFO session updated token=55af9e59-307a-45b4-a1e0-f7d65c42c374 tableID=0xc000277f00 seatIndex=0xc00027dab0
2025/11/08 14:46:51 INFO session removed token=55af9e59-307a-45b4-a1e0-f7d65c42c374
2025/11/08 14:46:51 INFO session created token=541da9ec-1d94-4db7-ac11-3c80d0f729c5 name=User_64_55
2025/11/08 14:46:51 INFO session updated token=541da9ec-1d94-4db7-ac11-3c80d0f729c5 tableID=0xc000277f50 seatIndex=0xc00027db00
2025/11/08 14:46:51 INFO session removed token=541da9ec-1d94-4db7-ac11-3c80d0f729c5
2025/11/08 14:46:51 INFO session created token=25bba9a5-31b7-446a-b5a8-cc94507aff07 name=User_64_56
2025/11/08 14:46:51 INFO session updated token=25bba9a5-31b7-446a-b5a8-cc94507aff07 tableID=0xc000598020 seatIndex=0xc00027db50
2025/11/08 14:46:51 INFO session removed token=25bba9a5-31b7-446a-b5a8-cc94507aff07
2025/11/08 14:46:51 INFO session created token=64663405-43af-4bae-9e0e-924285b8fad3 name=User_64_57
2025/11/08 14:46:51 INFO session updated token=64663405-43af-4bae-9e0e-924285b8fad3 tableID=0xc000598070 seatIndex=0xc00027dba0
2025/11/08 14:46:51 INFO session removed token=64663405-43af-4bae-9e0e-924285b8fad3
2025/11/08 14:46:51 INFO session created token=8a114231-66d9-46bb-acce-0386c3cf9731 name=User_64_58
2025/11/08 14:46:51 INFO session updated token=8a114231-66d9-46bb-acce-0386c3cf9731 tableID=0xc0005980c0 seatIndex=0xc00027dbf0
2025/11/08 14:46:51 INFO session removed token=8a114231-66d9-46bb-acce-0386c3cf9731
2025/11/08 14:46:51 INFO session created token=53a83aed-c480-42f9-9bff-d9787b7dd6ae name=User_64_59
2025/11/08 14:46:51 INFO session updated token=53a83aed-c480-42f9-9bff-d9787b7dd6ae tableID=0xc000598110 seatIndex=0xc00027dc40
2025/11/08 14:46:51 INFO session removed token=53a83aed-c480-42f9-9bff-d9787b7dd6ae
2025/11/08 14:46:51 INFO session created token=911d23a5-0ef7-49cd-8b45-98a8d8f1ff6b name=User_64_60
2025/11/08 14:46:51 INFO session updated token=911d23a5-0ef7-49cd-8b45-98a8d8f1ff6b tableID=0xc000598160 seatIndex=0xc00027dc90
2025/11/08 14:46:51 INFO session removed token=911d23a5-0ef7-49cd-8b45-98a8d8f1ff6b
2025/11/08 14:46:51 INFO session created token=1a3f6759-ff38-46b6-b0c7-ef3c69886a44 name=User_64_61
2025/11/08 14:46:51 INFO session updated token=1a3f6759-ff38-46b6-b0c7-ef3c69886a44 tableID=0xc0005981b0 seatIndex=0xc00027dce0
2025/11/08 14:46:51 INFO session removed token=1a3f6759-ff38-46b6-b0c7-ef3c69886a44
2025/11/08 14:46:51 INFO session created token=95d96d32-d0fd-4eed-895e-2ff54465d950 name=User_64_62
2025/11/08 14:46:51 INFO session updated token=95d96d32-d0fd-4eed-895e-2ff54465d950 tableID=0xc000598200 seatIndex=0xc00027dd30
2025/11/08 14:46:51 INFO session removed token=95d96d32-d0fd-4eed-895e-2ff54465d950
2025/11/08 14:46:51 INFO session created token=ba44f0f5-3fb5-4c73-9e64-f69684d239aa name=User_64_63
2025/11/08 14:46:51 INFO session updated token=ba44f0f5-3fb5-4c73-9e64-f69684d239aa tableID=0xc000598250 seatIndex=0xc00027dd80
2025/11/08 14:46:51 INFO session removed token=ba44f0f5-3fb5-4c73-9e64-f69684d239aa
2025/11/08 14:46:51 INFO session created token=15f29f55-4b63-44ff-96dc-39d0155227ce name=User_64_64
2025/11/08 14:46:51 INFO session updated token=15f29f55-4b63-44ff-96dc-39d0155227ce tableID=0xc0005982a0 seatIndex=0xc00027ddd0
2025/11/08 14:46:51 INFO session removed token=15f29f55-4b63-44ff-96dc-39d0155227ce
2025/11/08 14:46:51 INFO session created token=7d6b390d-eaf5-4fc5-9957-12530dbabb01 name=User_64_65
2025/11/08 14:46:51 INFO session updated token=7d6b390d-eaf5-4fc5-9957-12530dbabb01 tableID=0xc0005982f0 seatIndex=0xc00027de20
2025/11/08 14:46:51 INFO session removed token=7d6b390d-eaf5-4fc5-9957-12530dbabb01
2025/11/08 14:46:51 INFO session created token=6e8e9fb1-56cf-446d-893a-f778878e1043 name=User_64_66
2025/11/08 14:46:51 INFO session updated token=6e8e9fb1-56cf-446d-893a-f778878e1043 tableID=0xc000598340 seatIndex=0xc00027de70
2025/11/08 14:46:51 INFO session removed token=6e8e9fb1-56cf-446d-893a-f778878e1043
2025/11/08 14:46:51 INFO session created token=93815578-d320-4cb0-9dc3-8f60aa87ad73 name=User_64_67
2025/11/08 14:46:51 INFO session updated token=93815578-d320-4cb0-9dc3-8f60aa87ad73 tableID=0xc000598390 seatIndex=0xc00027dec0
2025/11/08 14:46:51 INFO session removed token=93815578-d320-4cb0-9dc3-8f60aa87ad73
2025/11/08 14:46:51 INFO session created token=8bfec96d-6e95-4c14-b4a1-4b4f84cab562 name=User_64_68
2025/11/08 14:46:51 INFO session updated token=8bfec96d-6e95-4c14-b4a1-4b4f84cab562 tableID=0xc0005983e0 seatIndex=0xc00027df10
2025/11/08 14:46:51 INFO session removed token=8bfec96d-6e95-4c14-b4a1-4b4f84cab562
2025/11/08 14:46:51 INFO session created token=c1069b51-1ce9-4fde-90bc-4b0fbd602afc name=User_64_69
2025/11/08 14:46:51 INFO session updated token=c1069b51-1ce9-4fde-90bc-4b0fbd602afc tableID=0xc000598430 seatIndex=0xc00027df60
2025/11/08 14:46:51 INFO session removed token=c1069b51-1ce9-4fde-90bc-4b0fbd602afc
2025/11/08 14:46:51 INFO session created token=334d22ec-c2e0-4fd2-8dfe-b42db50554fe name=User_64_70
2025/11/08 14:46:51 INFO session updated token=334d22ec-c2e0-4fd2-8dfe-b42db50554fe tableID=0xc000598480 seatIndex=0xc00027dfb0
2025/11/08 14:46:51 INFO session removed token=334d22ec-c2e0-4fd2-8dfe-b42db50554fe
2025/11/08 14:46:51 INFO session created token=fa22e6a0-a2d2-4bf4-8bec-546acb97e077 name=User_64_71
2025/11/08 14:46:51 INFO session updated token=fa22e6a0-a2d2-4bf4-8bec-546acb97e077 tableID=0xc0005984d0 seatIndex=0xc00059a000
2025/11/08 14:46:51 INFO session removed token=fa22e6a0-a2d2-4bf4-8bec-546acb97e077
2025/11/08 14:46:51 INFO session created token=d9173def-1b4b-4b37-acf6-c9c8957c9fcf name=User_64_72
2025/11/08 14:46:51 INFO session updated token=d9173def-1b4b-4b37-acf6-c9c8957c9fcf tableID=0xc000598520 seatIndex=0xc00059a050
2025/11/08 14:46:51 INFO session removed token=d9173def-1b4b-4b37-acf6-c9c8957c9fcf
2025/11/08 14:46:51 INFO session created token=2443c860-d9e2-46ea-8428-6dbc2dab1de8 name=User_64_73
2025/11/08 14:46:51 INFO session updated token=2443c860-d9e2-46ea-8428-6dbc2dab1de8 tableID=0xc000598570 seatIndex=0xc00059a0a0
2025/11/08 14:46:51 INFO session removed token=2443c860-d9e2-46ea-8428-6dbc2dab1de8
2025/11/08 14:46:51 INFO session created token=42cee8ce-cce6-4045-998b-384ff4fca0f4 name=User_64_74
2025/11/08 14:46:51 INFO session updated token=42cee8ce-cce6-4045-998b-384ff4fca0f4 tableID=0xc0005985c0 seatIndex=0xc00059a0f0
2025/11/08 14:46:51 INFO session removed token=42cee8ce-cce6-4045-998b-384ff4fca0f4
2025/11/08 14:46:51 INFO session created token=a7307121-00b9-422d-b944-1d611e2833d5 name=User_64_75
2025/11/08 14:46:51 INFO session updated token=a7307121-00b9-422d-b944-1d611e2833d5 tableID=0xc000598610 seatIndex=0xc00059a140
2025/11/08 14:46:51 INFO session removed token=a7307121-00b9-422d-b944-1d611e2833d5
2025/11/08 14:46:51 INFO session created token=95faff20-0302-45cb-9880-a6d327254c71 name=User_64_76
2025/11/08 14:46:51 INFO session updated token=95faff20-0302-45cb-9880-a6d327254c71 tableID=0xc000598660 seatIndex=0xc00059a190
2025/11/08 14:46:51 INFO session removed token=95faff20-0302-45cb-9880-a6d327254c71
2025/11/08 14:46:51 INFO session created token=7a351a9d-aa64-4cba-abf1-399748e2cac0 name=User_64_77
2025/11/08 14:46:51 INFO session updated token=7a351a9d-aa64-4cba-abf1-399748e2cac0 tableID=0xc0005986b0 seatIndex=0xc00059a1e0
2025/11/08 14:46:51 INFO session removed token=7a351a9d-aa64-4cba-abf1-399748e2cac0
2025/11/08 14:46:51 INFO session created token=015bf653-e737-413e-8058-3af8a2fccc67 name=User_64_78
2025/11/08 14:46:51 INFO session updated token=015bf653-e737-413e-8058-3af8a2fccc67 tableID=0xc000598700 seatIndex=0xc00059a230
2025/11/08 14:46:51 INFO session removed token=015bf653-e737-413e-8058-3af8a2fccc67
2025/11/08 14:46:51 INFO session created token=93f01567-2dd6-41fb-9812-684a27b0ff15 name=User_64_79
2025/11/08 14:46:51 INFO session updated token=93f01567-2dd6-41fb-9812-684a27b0ff15 tableID=0xc000598750 seatIndex=0xc00059a280
2025/11/08 14:46:51 INFO session removed token=93f01567-2dd6-41fb-9812-684a27b0ff15
2025/11/08 14:46:51 INFO session created token=0ecbe29e-8308-4cfd-b356-3023c4feffc6 name=User_64_80
2025/11/08 14:46:51 INFO session updated token=0ecbe29e-8308-4cfd-b356-3023c4feffc6 tableID=0xc0005987a0 seatIndex=0xc00059a2d0
2025/11/08 14:46:51 INFO session removed token=0ecbe29e-8308-4cfd-b356-3023c4feffc6
2025/11/08 14:46:51 INFO session created token=3b936f5f-4188-45f8-a29c-02007eef4888 name=User_64_81
2025/11/08 14:46:51 INFO session updated token=3b936f5f-4188-45f8-a29c-02007eef4888 tableID=0xc0005987f0 seatIndex=0xc00059a320
2025/11/08 14:46:51 INFO session removed token=3b936f5f-4188-45f8-a29c-02007eef4888
2025/11/08 14:46:51 INFO session created token=4bf4aac5-7a7c-45e9-8706-c05c443ccae5 name=User_64_82
2025/11/08 14:46:51 INFO session updated token=4bf4aac5-7a7c-45e9-8706-c05c443ccae5 tableID=0xc000598840 seatIndex=0xc00059a370
2025/11/08 14:46:51 INFO session removed token=4bf4aac5-7a7c-45e9-8706-c05c443ccae5
2025/11/08 14:46:51 INFO session created token=b196291d-51b1-4876-9323-d9abfef4b6d3 name=User_64_83
2025/11/08 14:46:51 INFO session updated token=b196291d-51b1-4876-9323-d9abfef4b6d3 tableID=0xc000598890 seatIndex=0xc00059a3c0
2025/11/08 14:46:51 INFO session removed token=b196291d-51b1-4876-9323-d9abfef4b6d3
2025/11/08 14:46:51 INFO session created token=f95bfb17-cc14-40ea-93ef-a77a10210fb7 name=User_64_84
2025/11/08 14:46:51 INFO session updated token=f95bfb17-cc14-40ea-93ef-a77a10210fb7 tableID=0xc0005988e0 seatIndex=0xc00059a410
2025/11/08 14:46:51 INFO session removed token=f95bfb17-cc14-40ea-93ef-a77a10210fb7
2025/11/08 14:46:51 INFO session created token=d01c37e7-57cc-474e-84c2-f7d04197429c name=User_64_85
2025/11/08 14:46:51 INFO session updated token=d01c37e7-57cc-474e-84c2-f7d04197429c tableID=0xc000598930 seatIndex=0xc00059a460
2025/11/08 14:46:51 INFO session removed token=d01c37e7-57cc-474e-84c2-f7d04197429c
2025/11/08 14:46:51 INFO session created token=88370ab4-6b59-4308-9190-c7b638dd2628 name=User_64_86
2025/11/08 14:46:51 INFO session updated token=88370ab4-6b59-4308-9190-c7b638dd2628 tableID=0xc000598980 seatIndex=0xc00059a4b0
2025/11/08 14:46:51 INFO session removed token=88370ab4-6b59-4308-9190-c7b638dd2628
2025/11/08 14:46:51 INFO session created token=7c2ab137-c071-495c-9872-5e37d95fd9e3 name=User_64_87
2025/11/08 14:46:51 INFO session updated token=7c2ab137-c071-495c-9872-5e37d95fd9e3 tableID=0xc0005989d0 seatIndex=0xc00059a500
2025/11/08 14:46:51 INFO session removed token=7c2ab137-c071-495c-9872-5e37d95fd9e3
2025/11/08 14:46:51 INFO session created token=6569c620-715f-46e3-873d-c92019fc68cf name=User_64_88
2025/11/08 14:46:51 INFO session updated token=6569c620-715f-46e3-873d-c92019fc68cf tableID=0xc000598a20 seatIndex=0xc00059a550
2025/11/08 14:46:51 INFO session removed token=6569c620-715f-46e3-873d-c92019fc68cf
2025/11/08 14:46:51 INFO session created token=979c9540-0d0a-421d-9699-36273d44883f name=User_64_89
2025/11/08 14:46:51 INFO session updated token=979c9540-0d0a-421d-9699-36273d44883f tableID=0xc000598a70 seatIndex=0xc00059a5a0
2025/11/08 14:46:51 INFO session removed token=979c9540-0d0a-421d-9699-36273d44883f
2025/11/08 14:46:51 INFO session created token=a219205a-3519-4ea4-8be5-87ac3f90a742 name=User_64_90
2025/11/08 14:46:51 INFO session updated token=a219205a-3519-4ea4-8be5-87ac3f90a742 tableID=0xc000598ac0 seatIndex=0xc00059a5f0
2025/11/08 14:46:51 INFO session removed token=a219205a-3519-4ea4-8be5-87ac3f90a742
2025/11/08 14:46:51 INFO session created token=5a80899f-b7db-4d2b-b22c-f7d43dd544b4 name=User_64_91
2025/11/08 14:46:51 INFO session updated token=5a80899f-b7db-4d2b-b22c-f7d43dd544b4 tableID=0xc000598b10 seatIndex=0xc00059a640
2025/11/08 14:46:51 INFO session removed token=5a80899f-b7db-4d2b-b22c-f7d43dd544b4
2025/11/08 14:46:51 INFO session created token=021b7e48-6612-455f-b196-8c9a42cc28f1 name=User_64_92
2025/11/08 14:46:51 INFO session updated token=021b7e48-6612-455f-b196-8c9a42cc28f1 tableID=0xc000598b60 seatIndex=0xc00059a690
2025/11/08 14:46:51 INFO session removed token=021b7e48-6612-455f-b196-8c9a42cc28f1
2025/11/08 14:46:51 INFO session created token=5bf1a9dd-2f3a-4ee6-9528-d73e1305f864 name=User_64_93
2025/11/08 14:46:51 INFO session updated token=5bf1a9dd-2f3a-4ee6-9528-d73e1305f864 tableID=0xc000598bb0 seatIndex=0xc00059a6e0
2025/11/08 14:46:51 INFO session removed token=5bf1a9dd-2f3a-4ee6-9528-d73e1305f864
2025/11/08 14:46:51 INFO session created token=4d184b46-7e24-42f4-a387-d4e7e36ee103 name=User_64_94
2025/11/08 14:46:51 INFO session updated token=4d184b46-7e24-42f4-a387-d4e7e36ee103 tableID=0xc000598c00 seatIndex=0xc00059a730
2025/11/08 14:46:51 INFO session removed token=4d184b46-7e24-42f4-a387-d4e7e36ee103
2025/11/08 14:46:51 INFO session created token=1bcde330-2199-4225-a8c2-cae2da3756f1 name=User_64_95
2025/11/08 14:46:51 INFO session updated token=1bcde330-2199-4225-a8c2-cae2da3756f1 tableID=0xc000598c50 seatIndex=0xc00059a780
2025/11/08 14:46:51 INFO session removed token=1bcde330-2199-4225-a8c2-cae2da3756f1
2025/11/08 14:46:51 INFO session created token=ef6dc61d-75bb-4820-b8e3-4d64ab412c7e name=User_64_96
2025/11/08 14:46:51 INFO session updated token=ef6dc61d-75bb-4820-b8e3-4d64ab412c7e tableID=0xc000598ca0 seatIndex=0xc00059a7d0
2025/11/08 14:46:51 INFO session removed token=ef6dc61d-75bb-4820-b8e3-4d64ab412c7e
2025/11/08 14:46:51 INFO session created token=65a41bcc-ca5f-4bee-8853-3cc0eeb6dee3 name=User_64_97
2025/11/08 14:46:51 INFO session updated token=65a41bcc-ca5f-4bee-8853-3cc0eeb6dee3 tableID=0xc000598cf0 seatIndex=0xc00059a820
2025/11/08 14:46:51 INFO session removed token=65a41bcc-ca5f-4bee-8853-3cc0eeb6dee3
2025/11/08 14:46:51 INFO session created token=643fdabb-3dcd-471a-b462-55bb2156fc67 name=User_64_98
2025/11/08 14:46:51 INFO session updated token=643fdabb-3dcd-471a-b462-55bb2156fc67 tableID=0xc000598d40 seatIndex=0xc00059a870
2025/11/08 14:46:51 INFO session removed token=643fdabb-3dcd-471a-b462-55bb2156fc67
2025/11/08 14:46:51 INFO session created token=7d597645-a336-4abb-aa37-5937c11d7c87 name=User_64_99
2025/11/08 14:46:51 INFO session updated token=7d597645-a336-4abb-aa37-5937c11d7c87 tableID=0xc000598d90 seatIndex=0xc00059a8c0
2025/11/08 14:46:51 INFO session removed token=7d597645-a336-4abb-aa37-5937c11d7c87
2025/11/08 14:46:51 INFO session removed token=09f15fdb-644c-4902-ab03-3b15461e4f29
2025/11/08 14:46:51 INFO session created token=cd16341c-9aea-4bfd-88f1-5040f776cfd3 name=User_13_66
2025/11/08 14:46:51 INFO session updated token=cd16341c-9aea-4bfd-88f1-5040f776cfd3 tableID=0xc000598df0 seatIndex=0xc00059a910
2025/11/08 14:46:51 INFO session removed token=cd16341c-9aea-4bfd-88f1-5040f776cfd3
2025/11/08 14:46:51 INFO session created token=3de999a0-804b-4318-bbb7-4f5be8e5f870 name=User_13_67
2025/11/08 14:46:51 INFO session updated token=3de999a0-804b-4318-bbb7-4f5be8e5f870 tableID=0xc000598e40 seatIndex=0xc00059a960
2025/11/08 14:46:51 INFO session removed token=3de999a0-804b-4318-bbb7-4f5be8e5f870
2025/11/08 14:46:51 INFO session created token=00bfcb15-ff50-4e3b-be18-ea44a3537dc6 name=User_13_68
2025/11/08 14:46:51 INFO session updated token=00bfcb15-ff50-4e3b-be18-ea44a3537dc6 tableID=0xc000598e90 seatIndex=0xc00059a9b0
2025/11/08 14:46:51 INFO session removed token=00bfcb15-ff50-4e3b-be18-ea44a3537dc6
2025/11/08 14:46:51 INFO session created token=3710c125-debf-4d32-abb1-e64582daff0d name=User_13_69
2025/11/08 14:46:51 INFO session updated token=3710c125-debf-4d32-abb1-e64582daff0d tableID=0xc000598ee0 seatIndex=0xc00059aa00
2025/11/08 14:46:51 INFO session removed token=3710c125-debf-4d32-abb1-e64582daff0d
2025/11/08 14:46:51 INFO session created token=f00d88ac-c999-475c-89b5-9677b8f4890b name=User_13_70
2025/11/08 14:46:51 INFO session updated token=f00d88ac-c999-475c-89b5-9677b8f4890b tableID=0xc000598f30 seatIndex=0xc00059aa50
2025/11/08 14:46:51 INFO session removed token=f00d88ac-c999-475c-89b5-9677b8f4890b
2025/11/08 14:46:51 INFO session created token=826d8f1a-7079-45f3-af4c-3e6bc6775c59 name=User_13_71
2025/11/08 14:46:51 INFO session updated token=826d8f1a-7079-45f3-af4c-3e6bc6775c59 tableID=0xc000598f80 seatIndex=0xc00059aaa0
2025/11/08 14:46:51 INFO session removed token=826d8f1a-7079-45f3-af4c-3e6bc6775c59
2025/11/08 14:46:51 INFO session created token=18a78894-006c-4069-9838-47ea64261ba1 name=User_13_72
2025/11/08 14:46:51 INFO session updated token=18a78894-006c-4069-9838-47ea64261ba1 tableID=0xc000598fd0 seatIndex=0xc00059aaf0
2025/11/08 14:46:51 INFO session removed token=18a78894-006c-4069-9838-47ea64261ba1
2025/11/08 14:46:51 INFO session created token=f09494ac-ddb9-4494-a663-99a333adfdb0 name=User_13_73
2025/11/08 14:46:51 INFO session updated token=f09494ac-ddb9-4494-a663-99a333adfdb0 tableID=0xc000599020 seatIndex=0xc00059ab40
2025/11/08 14:46:51 INFO session removed token=f09494ac-ddb9-4494-a663-99a333adfdb0
2025/11/08 14:46:51 INFO session created token=a1ac2042-b5e0-432d-a88c-6942aeb1349c name=User_13_74
2025/11/08 14:46:51 INFO session updated token=a1ac2042-b5e0-432d-a88c-6942aeb1349c tableID=0xc000599070 seatIndex=0xc00059ab90
2025/11/08 14:46:51 INFO session removed token=a1ac2042-b5e0-432d-a88c-6942aeb1349c
2025/11/08 14:46:51 INFO session created token=69f50ff5-ce6e-4421-b12d-67525fbdfd66 name=User_13_75
2025/11/08 14:46:51 INFO session updated token=69f50ff5-ce6e-4421-b12d-67525fbdfd66 tableID=0xc0005990c0 seatIndex=0xc00059abe0
2025/11/08 14:46:51 INFO session removed token=69f50ff5-ce6e-4421-b12d-67525fbdfd66
2025/11/08 14:46:51 INFO session created token=376fc0ff-7b68-4c31-81f5-face6aafd99a name=User_13_76
2025/11/08 14:46:51 INFO session updated token=376fc0ff-7b68-4c31-81f5-face6aafd99a tableID=0xc000599110 seatIndex=0xc00059ac30
2025/11/08 14:46:51 INFO session removed token=376fc0ff-7b68-4c31-81f5-face6aafd99a
2025/11/08 14:46:51 INFO session created token=6ceec5b2-27ef-41b7-b779-25eab650f79b name=User_13_77
2025/11/08 14:46:51 INFO session updated token=6ceec5b2-27ef-41b7-b779-25eab650f79b tableID=0xc000599160 seatIndex=0xc00059ac80
2025/11/08 14:46:51 INFO session removed token=6ceec5b2-27ef-41b7-b779-25eab650f79b
2025/11/08 14:46:51 INFO session created token=106849b0-859f-4161-bd70-b2b8233fb042 name=User_13_78
2025/11/08 14:46:51 INFO session updated token=106849b0-859f-4161-bd70-b2b8233fb042 tableID=0xc0005991b0 seatIndex=0xc00059acd0
2025/11/08 14:46:51 INFO session removed token=106849b0-859f-4161-bd70-b2b8233fb042
2025/11/08 14:46:51 INFO session created token=18d2b54e-00aa-4f68-8154-380ae1b560f4 name=User_13_79
2025/11/08 14:46:51 INFO session updated token=18d2b54e-00aa-4f68-8154-380ae1b560f4 tableID=0xc000599200 seatIndex=0xc00059ad20
2025/11/08 14:46:51 INFO session removed token=18d2b54e-00aa-4f68-8154-380ae1b560f4
2025/11/08 14:46:51 INFO session created token=83b6e1ab-a1d9-42c1-874a-6eeaca5f1385 name=User_13_80
2025/11/08 14:46:51 INFO session updated token=83b6e1ab-a1d9-42c1-874a-6eeaca5f1385 tableID=0xc000599250 seatIndex=0xc00059ad70
2025/11/08 14:46:51 INFO session removed token=83b6e1ab-a1d9-42c1-874a-6eeaca5f1385
2025/11/08 14:46:51 INFO session created token=00c1b0aa-d205-45c9-9cc3-9ebf932749bd name=User_13_81
2025/11/08 14:46:51 INFO session updated token=00c1b0aa-d205-45c9-9cc3-9ebf932749bd tableID=0xc0005992a0 seatIndex=0xc00059adc0
2025/11/08 14:46:51 INFO session removed token=00c1b0aa-d205-45c9-9cc3-9ebf932749bd
2025/11/08 14:46:51 INFO session created token=1cc2edcb-df6c-45f2-82c2-248ee8420dca name=User_13_82
2025/11/08 14:46:51 INFO session updated token=1cc2edcb-df6c-45f2-82c2-248ee8420dca tableID=0xc0005992f0 seatIndex=0xc00059ae10
2025/11/08 14:46:51 INFO session removed token=1cc2edcb-df6c-45f2-82c2-248ee8420dca
2025/11/08 14:46:51 INFO session created token=21562392-88d5-4aec-b432-bf00164ddef6 name=User_13_83
2025/11/08 14:46:51 INFO session updated token=21562392-88d5-4aec-b432-bf00164ddef6 tableID=0xc000599340 seatIndex=0xc00059ae60
2025/11/08 14:46:51 INFO session removed token=21562392-88d5-4aec-b432-bf00164ddef6
2025/11/08 14:46:51 INFO session created token=08550e7d-a092-48f5-9a21-a3a29af5b2f5 name=User_13_84
2025/11/08 14:46:51 INFO session updated token=08550e7d-a092-48f5-9a21-a3a29af5b2f5 tableID=0xc000599390 seatIndex=0xc00059aeb0
2025/11/08 14:46:51 INFO session removed token=08550e7d-a092-48f5-9a21-a3a29af5b2f5
2025/11/08 14:46:51 INFO session created token=5010c60e-a4c3-4d05-b9fd-ef3d59552dac name=User_13_85
2025/11/08 14:46:51 INFO session updated token=5010c60e-a4c3-4d05-b9fd-ef3d59552dac tableID=0xc0005993e0 seatIndex=0xc00059af00
2025/11/08 14:46:51 INFO session removed token=5010c60e-a4c3-4d05-b9fd-ef3d59552dac
2025/11/08 14:46:51 INFO session created token=6d1d8baf-bfc4-43c8-889a-698fe3e45df4 name=User_13_86
2025/11/08 14:46:51 INFO session updated token=6d1d8baf-bfc4-43c8-889a-698fe3e45df4 tableID=0xc000599430 seatIndex=0xc00059af50
2025/11/08 14:46:51 INFO session removed token=6d1d8baf-bfc4-43c8-889a-698fe3e45df4
2025/11/08 14:46:51 INFO session created token=d7b8815b-3851-4e1c-a269-08248221f740 name=User_13_87
2025/11/08 14:46:51 INFO session updated token=d7b8815b-3851-4e1c-a269-08248221f740 tableID=0xc000599480 seatIndex=0xc00059afa0
2025/11/08 14:46:51 INFO session removed token=d7b8815b-3851-4e1c-a269-08248221f740
2025/11/08 14:46:51 INFO session created token=bc512555-904e-467c-a3ed-f0e207cd9a31 name=User_13_88
2025/11/08 14:46:51 INFO session updated token=bc512555-904e-467c-a3ed-f0e207cd9a31 tableID=0xc0005994d0 seatIndex=0xc00059aff0
2025/11/08 14:46:51 INFO session removed token=bc512555-904e-467c-a3ed-f0e207cd9a31
2025/11/08 14:46:51 INFO session created token=53ea0f42-c5d6-477c-bca8-db4eab47c5f9 name=User_13_89
2025/11/08 14:46:51 INFO session updated token=53ea0f42-c5d6-477c-bca8-db4eab47c5f9 tableID=0xc000599520 seatIndex=0xc00059b040
2025/11/08 14:46:51 INFO session removed token=53ea0f42-c5d6-477c-bca8-db4eab47c5f9
2025/11/08 14:46:51 INFO session created token=06345704-0e8e-4817-a8cb-b80bb6a82dea name=User_13_90
2025/11/08 14:46:51 INFO session updated token=06345704-0e8e-4817-a8cb-b80bb6a82dea tableID=0xc000599570 seatIndex=0xc00059b090
2025/11/08 14:46:51 INFO session removed token=06345704-0e8e-4817-a8cb-b80bb6a82dea
2025/11/08 14:46:51 INFO session created token=eaf850ce-df7b-4ac1-bfbd-4e84a44d8190 name=User_13_91
2025/11/08 14:46:51 INFO session updated token=eaf850ce-df7b-4ac1-bfbd-4e84a44d8190 tableID=0xc0005995c0 seatIndex=0xc00059b0e0
2025/11/08 14:46:51 INFO session removed token=eaf850ce-df7b-4ac1-bfbd-4e84a44d8190
2025/11/08 14:46:51 INFO session created token=27491dda-0d64-40a8-aeb1-fa13b8407791 name=User_13_92
2025/11/08 14:46:51 INFO session updated token=27491dda-0d64-40a8-aeb1-fa13b8407791 tableID=0xc000599610 seatIndex=0xc00059b130
2025/11/08 14:46:51 INFO session removed token=27491dda-0d64-40a8-aeb1-fa13b8407791
2025/11/08 14:46:51 INFO session created token=b4b0c200-4c7d-45b8-91a7-89956ad885ae name=User_13_93
2025/11/08 14:46:51 INFO session updated token=b4b0c200-4c7d-45b8-91a7-89956ad885ae tableID=0xc000599660 seatIndex=0xc00059b180
2025/11/08 14:46:51 INFO session removed token=b4b0c200-4c7d-45b8-91a7-89956ad885ae
2025/11/08 14:46:51 INFO session created token=e53403f2-8ed5-4923-8042-909067f493ab name=User_13_94
2025/11/08 14:46:51 INFO session updated token=e53403f2-8ed5-4923-8042-909067f493ab tableID=0xc0005996b0 seatIndex=0xc00059b1d0
2025/11/08 14:46:51 INFO session removed token=e53403f2-8ed5-4923-8042-909067f493ab
2025/11/08 14:46:51 INFO session created token=c7df4097-a5e6-4064-93cb-71cd754d1580 name=User_13_95
2025/11/08 14:46:51 INFO session updated token=c7df4097-a5e6-4064-93cb-71cd754d1580 tableID=0xc000599700 seatIndex=0xc00059b220
2025/11/08 14:46:51 INFO session removed token=c7df4097-a5e6-4064-93cb-71cd754d1580
2025/11/08 14:46:51 INFO session created token=6bfa02e9-8495-4201-8c76-6349e0b77d33 name=User_13_96
2025/11/08 14:46:51 INFO session updated token=6bfa02e9-8495-4201-8c76-6349e0b77d33 tableID=0xc000599750 seatIndex=0xc00059b270
2025/11/08 14:46:51 INFO session removed token=6bfa02e9-8495-4201-8c76-6349e0b77d33
2025/11/08 14:46:51 INFO session created token=e49024d7-58d7-40ff-be08-f2b840d7e9e4 name=User_13_97
2025/11/08 14:46:51 INFO session updated token=e49024d7-58d7-40ff-be08-f2b840d7e9e4 tableID=0xc0005997a0 seatIndex=0xc00059b2c0
2025/11/08 14:46:51 INFO session removed token=e49024d7-58d7-40ff-be08-f2b840d7e9e4
2025/11/08 14:46:51 INFO session created token=15eec507-cb71-4285-8399-c6cd61ee5386 name=User_13_98
2025/11/08 14:46:51 INFO session updated token=15eec507-cb71-4285-8399-c6cd61ee5386 tableID=0xc0005997f0 seatIndex=0xc00059b310
2025/11/08 14:46:51 INFO session removed token=15eec507-cb71-4285-8399-c6cd61ee5386
2025/11/08 14:46:51 INFO session created token=76a418ea-26cb-42ea-986c-b79ba0b6ecad name=User_13_99
2025/11/08 14:46:51 INFO session updated token=76a418ea-26cb-42ea-986c-b79ba0b6ecad tableID=0xc000599840 seatIndex=0xc00059b360
2025/11/08 14:46:51 INFO session removed token=76a418ea-26cb-42ea-986c-b79ba0b6ecad
2025/11/08 14:46:51 INFO session created token=32205b2e-eedb-4cad-b666-218c1c5d163e name=User_15_60
2025/11/08 14:46:51 INFO session updated token=32205b2e-eedb-4cad-b666-218c1c5d163e tableID=0xc000599890 seatIndex=0xc00059b390
2025/11/08 14:46:51 INFO session removed token=32205b2e-eedb-4cad-b666-218c1c5d163e
2025/11/08 14:46:51 INFO session created token=43d9072c-1520-4bb1-8ff3-144aae164660 name=User_15_61
2025/11/08 14:46:51 INFO session updated token=43d9072c-1520-4bb1-8ff3-144aae164660 tableID=0xc0005998e0 seatIndex=0xc00059b3e0
2025/11/08 14:46:51 INFO session removed token=43d9072c-1520-4bb1-8ff3-144aae164660
2025/11/08 14:46:51 INFO session created token=41a03598-751e-45c5-bfb1-b6507937feb3 name=User_15_62
2025/11/08 14:46:51 INFO session updated token=41a03598-751e-45c5-bfb1-b6507937feb3 tableID=0xc000599930 seatIndex=0xc00059b430
2025/11/08 14:46:51 INFO session removed token=41a03598-751e-45c5-bfb1-b6507937feb3
2025/11/08 14:46:51 INFO session created token=6eaa18c2-3201-4d91-afb5-485e0c0c4469 name=User_15_63
2025/11/08 14:46:51 INFO session updated token=6eaa18c2-3201-4d91-afb5-485e0c0c4469 tableID=0xc000599980 seatIndex=0xc00059b480
2025/11/08 14:46:51 INFO session removed token=6eaa18c2-3201-4d91-afb5-485e0c0c4469
2025/11/08 14:46:51 INFO session created token=9bb215e7-816a-42b7-8685-fbf6271d58d9 name=User_15_64
2025/11/08 14:46:51 INFO session updated token=9bb215e7-816a-42b7-8685-fbf6271d58d9 tableID=0xc0005999d0 seatIndex=0xc00059b4d0
2025/11/08 14:46:51 INFO session removed token=9bb215e7-816a-42b7-8685-fbf6271d58d9
2025/11/08 14:46:51 INFO session created token=7ae3e4ba-4efe-4cf3-9462-7b2f0116a591 name=User_15_65
2025/11/08 14:46:51 INFO session updated token=7ae3e4ba-4efe-4cf3-9462-7b2f0116a591 tableID=0xc000599a20 seatIndex=0xc00059b520
2025/11/08 14:46:51 INFO session removed token=7ae3e4ba-4efe-4cf3-9462-7b2f0116a591
2025/11/08 14:46:51 INFO session created token=5195f1d0-1534-43aa-ab3e-f68789236617 name=User_15_66
2025/11/08 14:46:51 INFO session updated token=5195f1d0-1534-43aa-ab3e-f68789236617 tableID=0xc000599a70 seatIndex=0xc00059b570
2025/11/08 14:46:51 INFO session removed token=5195f1d0-1534-43aa-ab3e-f68789236617
2025/11/08 14:46:51 INFO session created token=4548d069-71ed-453f-8bcc-ffaafd3bd66a name=User_15_67
2025/11/08 14:46:51 INFO session updated token=4548d069-71ed-453f-8bcc-ffaafd3bd66a tableID=0xc000599ac0 seatIndex=0xc00059b5c0
2025/11/08 14:46:51 INFO session removed token=4548d069-71ed-453f-8bcc-ffaafd3bd66a
2025/11/08 14:46:51 INFO session created token=74705e6d-46f3-46d7-9566-1f5cda0c69fe name=User_15_68
2025/11/08 14:46:51 INFO session updated token=74705e6d-46f3-46d7-9566-1f5cda0c69fe tableID=0xc000599b10 seatIndex=0xc00059b610
2025/11/08 14:46:51 INFO session removed token=74705e6d-46f3-46d7-9566-1f5cda0c69fe
2025/11/08 14:46:51 INFO session created token=94fa6752-d122-4df7-b54f-1f1e9594a8c7 name=User_15_69
2025/11/08 14:46:51 INFO session updated token=94fa6752-d122-4df7-b54f-1f1e9594a8c7 tableID=0xc000599b60 seatIndex=0xc00059b660
2025/11/08 14:46:51 INFO session removed token=94fa6752-d122-4df7-b54f-1f1e9594a8c7
2025/11/08 14:46:51 INFO session created token=88f82cf8-49cf-4045-9894-b0b04798b6d4 name=User_15_70
2025/11/08 14:46:51 INFO session updated token=88f82cf8-49cf-4045-9894-b0b04798b6d4 tableID=0xc000599bb0 seatIndex=0xc00059b6b0
2025/11/08 14:46:51 INFO session removed token=88f82cf8-49cf-4045-9894-b0b04798b6d4
2025/11/08 14:46:51 INFO session created token=9aa4225b-c238-4026-83e9-55a5432fb421 name=User_24_86
2025/11/08 14:46:51 INFO session created token=a0562dbd-8516-4031-88c9-75ff3127c260 name=User_15_71
2025/11/08 14:46:51 INFO session updated token=9aa4225b-c238-4026-83e9-55a5432fb421 tableID=0xc000411450 seatIndex=0xc000415390
2025/11/08 14:46:51 INFO session created token=cdcf65b4-943b-4667-9996-8b87caae86c8 name=User_9_37
2025/11/08 14:46:51 INFO session removed token=9aa4225b-c238-4026-83e9-55a5432fb421
2025/11/08 14:46:51 INFO session created token=ec4bfde3-f35f-46d8-9391-1ef1e2919eef name=User_86_48
2025/11/08 14:46:51 INFO session created token=4ac1be18-ac56-47de-9433-44a3226da8ea name=User_95_84
2025/11/08 14:46:51 INFO session created token=7c18649b-2564-40c4-9431-d1dd555ee24a name=User_35_43
2025/11/08 14:46:51 INFO session created token=6ec016db-9906-45bb-aa50-738343902f87 name=User_51_25
2025/11/08 14:46:51 INFO session created token=247aceb6-425c-447a-8631-ebd625a1bf27 name=User_77_32
2025/11/08 14:46:51 INFO session created token=5db73699-6ab3-46ab-8d2b-bed9842fca16 name=User_28_70
2025/11/08 14:46:51 INFO session created token=2bc09a56-b206-4183-ac7b-0e836e8ec699 name=User_3_80
2025/11/08 14:46:51 INFO session created token=ca26a229-0fa1-4e6f-b532-56b5009b07e3 name=User_74_54
2025/11/08 14:46:51 INFO session updated token=cdcf65b4-943b-4667-9996-8b87caae86c8 tableID=0xc000411480 seatIndex=0xc000415400
2025/11/08 14:46:51 INFO session removed token=cdcf65b4-943b-4667-9996-8b87caae86c8
2025/11/08 14:46:51 INFO session created token=120c90f9-5191-420b-a47b-4156a7d6af0b name=User_9_38
2025/11/08 14:46:51 INFO session updated token=120c90f9-5191-420b-a47b-4156a7d6af0b tableID=0xc0003d0550 seatIndex=0xc0003d2280
2025/11/08 14:46:51 INFO session removed token=120c90f9-5191-420b-a47b-4156a7d6af0b
2025/11/08 14:46:51 INFO session created token=61d275fb-ac85-45cc-9a14-fb5137b39ca2 name=User_9_39
2025/11/08 14:46:51 INFO session updated token=61d275fb-ac85-45cc-9a14-fb5137b39ca2 tableID=0xc0003d05a0 seatIndex=0xc0003d22d0
2025/11/08 14:46:51 INFO session removed token=61d275fb-ac85-45cc-9a14-fb5137b39ca2
2025/11/08 14:46:51 INFO session created token=c2301dca-784b-4ea0-8689-e61fff390c2a name=User_9_40
2025/11/08 14:46:51 INFO session updated token=c2301dca-784b-4ea0-8689-e61fff390c2a tableID=0xc0003d05f0 seatIndex=0xc0003d2320
2025/11/08 14:46:51 INFO session removed token=c2301dca-784b-4ea0-8689-e61fff390c2a
2025/11/08 14:46:51 INFO session created token=22f4e511-1498-447c-857d-eeecdc4f3bd2 name=User_9_41
2025/11/08 14:46:51 INFO session updated token=22f4e511-1498-447c-857d-eeecdc4f3bd2 tableID=0xc0003d0640 seatIndex=0xc0003d2370
2025/11/08 14:46:51 INFO session removed token=22f4e511-1498-447c-857d-eeecdc4f3bd2
2025/11/08 14:46:51 INFO session created token=a5909a96-93b7-4ef9-ab76-e174d58c8dc7 name=User_9_42
2025/11/08 14:46:51 INFO session updated token=a5909a96-93b7-4ef9-ab76-e174d58c8dc7 tableID=0xc0003d0690 seatIndex=0xc0003d23c0
2025/11/08 14:46:51 INFO session removed token=a5909a96-93b7-4ef9-ab76-e174d58c8dc7
2025/11/08 14:46:51 INFO session created token=1ac21b71-0e73-433b-a263-a89f293ce33a name=User_9_43
2025/11/08 14:46:51 INFO session updated token=1ac21b71-0e73-433b-a263-a89f293ce33a tableID=0xc0003d06e0 seatIndex=0xc0003d2410
2025/11/08 14:46:51 INFO session removed token=1ac21b71-0e73-433b-a263-a89f293ce33a
2025/11/08 14:46:51 INFO session created token=52453b95-de83-43e1-b6d6-ed6ab5634fa4 name=User_9_44
2025/11/08 14:46:51 INFO session updated token=52453b95-de83-43e1-b6d6-ed6ab5634fa4 tableID=0xc0003d0730 seatIndex=0xc0003d2460
2025/11/08 14:46:51 INFO session removed token=52453b95-de83-43e1-b6d6-ed6ab5634fa4
2025/11/08 14:46:51 INFO session created token=b3fcd76f-c5ed-497c-a3d2-8991d0b56580 name=User_9_45
2025/11/08 14:46:51 INFO session updated token=b3fcd76f-c5ed-497c-a3d2-8991d0b56580 tableID=0xc0003d0780 seatIndex=0xc0003d24b0
2025/11/08 14:46:51 INFO session removed token=b3fcd76f-c5ed-497c-a3d2-8991d0b56580
2025/11/08 14:46:51 INFO session created token=e65af782-7100-48af-91be-74d2f938234b name=User_9_46
2025/11/08 14:46:51 INFO session updated token=e65af782-7100-48af-91be-74d2f938234b tableID=0xc0003d07d0 seatIndex=0xc0003d2500
2025/11/08 14:46:51 INFO session removed token=e65af782-7100-48af-91be-74d2f938234b
2025/11/08 14:46:51 INFO session created token=90e255c3-ed9e-4ebe-9034-ea93132551f9 name=User_9_47
2025/11/08 14:46:51 INFO session updated token=90e255c3-ed9e-4ebe-9034-ea93132551f9 tableID=0xc0003d0820 seatIndex=0xc0003d2550
2025/11/08 14:46:51 INFO session removed token=90e255c3-ed9e-4ebe-9034-ea93132551f9
2025/11/08 14:46:51 INFO session created token=d4b4a0ba-d6dd-4e4d-ba2d-92505bc300c7 name=User_9_48
2025/11/08 14:46:51 INFO session updated token=d4b4a0ba-d6dd-4e4d-ba2d-92505bc300c7 tableID=0xc0003d0870 seatIndex=0xc0003d25a0
2025/11/08 14:46:51 INFO session removed token=d4b4a0ba-d6dd-4e4d-ba2d-92505bc300c7
2025/11/08 14:46:51 INFO session created token=c5cd5cd4-33f4-439f-8180-cd8c76cc7980 name=User_9_49
2025/11/08 14:46:51 INFO session created token=c5344ed7-6272-4f60-9271-821115b453e2 name=User_75_52
2025/11/08 14:46:51 INFO session updated token=c5cd5cd4-33f4-439f-8180-cd8c76cc7980 tableID=0xc0003d08c0 seatIndex=0xc0003d25f0
2025/11/08 14:46:51 INFO session removed token=c5cd5cd4-33f4-439f-8180-cd8c76cc7980
2025/11/08 14:46:51 INFO session created token=11bc27df-1ccb-4e2f-b5e9-eb3cedf32233 name=User_9_50
2025/11/08 14:46:51 INFO session updated token=11bc27df-1ccb-4e2f-b5e9-eb3cedf32233 tableID=0xc0003d0920 seatIndex=0xc0003d2650
2025/11/08 14:46:51 INFO session removed token=11bc27df-1ccb-4e2f-b5e9-eb3cedf32233
2025/11/08 14:46:51 INFO session created token=f9be6a35-7633-4a07-a8b7-4a70120b28e8 name=User_9_51
2025/11/08 14:46:51 INFO session updated token=f9be6a35-7633-4a07-a8b7-4a70120b28e8 tableID=0xc0003d0970 seatIndex=0xc0003d26a0
2025/11/08 14:46:51 INFO session removed token=f9be6a35-7633-4a07-a8b7-4a70120b28e8
2025/11/08 14:46:51 INFO session created token=be5ae8b3-0c65-4e31-8fa7-ea24d0a91d57 name=User_9_52
2025/11/08 14:46:51 INFO session updated token=be5ae8b3-0c65-4e31-8fa7-ea24d0a91d57 tableID=0xc0003d09c0 seatIndex=0xc0003d26f0
2025/11/08 14:46:51 INFO session removed token=be5ae8b3-0c65-4e31-8fa7-ea24d0a91d57
2025/11/08 14:46:51 INFO session created token=7a5214ce-c8ba-42b6-8aa0-a6b22f300ba3 name=User_9_53
2025/11/08 14:46:51 INFO session updated token=7a5214ce-c8ba-42b6-8aa0-a6b22f300ba3 tableID=0xc0003d0a10 seatIndex=0xc0003d2740
2025/11/08 14:46:51 INFO session removed token=7a5214ce-c8ba-42b6-8aa0-a6b22f300ba3
2025/11/08 14:46:51 INFO session created token=65808e15-76e0-4110-8a66-222f3403aa01 name=User_9_54
2025/11/08 14:46:51 INFO session updated token=65808e15-76e0-4110-8a66-222f3403aa01 tableID=0xc0003d0a60 seatIndex=0xc0003d2790
2025/11/08 14:46:51 INFO session removed token=65808e15-76e0-4110-8a66-222f3403aa01
2025/11/08 14:46:51 INFO session created token=4c9f9631-f457-43eb-9d94-31bd6fb8a02b name=User_9_55
2025/11/08 14:46:51 INFO session updated token=4c9f9631-f457-43eb-9d94-31bd6fb8a02b tableID=0xc0003d0ab0 seatIndex=0xc0003d27e0
2025/11/08 14:46:51 INFO session removed token=4c9f9631-f457-43eb-9d94-31bd6fb8a02b
2025/11/08 14:46:51 INFO session updated token=a0562dbd-8516-4031-88c9-75ff3127c260 tableID=0xc000599c00 seatIndex=0xc00059b700
2025/11/08 14:46:51 INFO session removed token=a0562dbd-8516-4031-88c9-75ff3127c260
2025/11/08 14:46:51 INFO session created token=502aecd3-242d-44e5-adef-c2ab7349f476 name=User_24_87
2025/11/08 14:46:51 INFO session created token=3c466d42-e9bf-40b6-80ca-4ea98cbd7863 name=User_15_72
2025/11/08 14:46:51 INFO session updated token=502aecd3-242d-44e5-adef-c2ab7349f476 tableID=0xc0003d0b00 seatIndex=0xc0003d2830
2025/11/08 14:46:51 INFO session removed token=502aecd3-242d-44e5-adef-c2ab7349f476
2025/11/08 14:46:51 INFO session created token=5d47d71c-260f-40d0-9d3a-afc5f8f2a812 name=User_99_94
2025/11/08 14:46:51 INFO session created token=651c2734-51e7-4ce6-abde-d060e766c3e6 name=User_24_88
2025/11/08 14:46:51 INFO session updated token=5d47d71c-260f-40d0-9d3a-afc5f8f2a812 tableID=0xc0004844d0 seatIndex=0xc000482720
2025/11/08 14:46:51 INFO session removed token=5d47d71c-260f-40d0-9d3a-afc5f8f2a812
2025/11/08 14:46:51 INFO session created token=33583fae-f10e-4d5e-8d03-35d297039c83 name=User_99_95
2025/11/08 14:46:51 INFO session updated token=33583fae-f10e-4d5e-8d03-35d297039c83 tableID=0xc000484530 seatIndex=0xc000482780
2025/11/08 14:46:51 INFO session removed token=33583fae-f10e-4d5e-8d03-35d297039c83
2025/11/08 14:46:51 INFO session created token=080a6e36-d7dd-464f-b427-f893a961d385 name=User_99_96
2025/11/08 14:46:51 INFO session updated token=080a6e36-d7dd-464f-b427-f893a961d385 tableID=0xc000484580 seatIndex=0xc0004827d0
2025/11/08 14:46:51 INFO session removed token=080a6e36-d7dd-464f-b427-f893a961d385
2025/11/08 14:46:51 INFO session removed token=a06b3aa9-0d2f-4e72-94b3-a0552d6fe038
2025/11/08 14:46:51 INFO session created token=a9b5f92d-65be-4e95-bb34-14c9d841ae64 name=User_4_77
2025/11/08 14:46:51 INFO session updated token=a9b5f92d-65be-4e95-bb34-14c9d841ae64 tableID=0xc000599cc0 seatIndex=0xc00059b770
2025/11/08 14:46:51 INFO session removed token=a9b5f92d-65be-4e95-bb34-14c9d841ae64
2025/11/08 14:46:51 INFO session created token=cf6eeb06-76fa-47b8-aaf4-7cdbc4d24a3c name=User_4_78
2025/11/08 14:46:51 INFO session updated token=cf6eeb06-76fa-47b8-aaf4-7cdbc4d24a3c tableID=0xc000599d10 seatIndex=0xc00059b7c0
2025/11/08 14:46:51 INFO session removed token=cf6eeb06-76fa-47b8-aaf4-7cdbc4d24a3c
2025/11/08 14:46:51 INFO session created token=e0f31de0-c4f4-4009-a4c3-80e2564ef92c name=User_4_79
2025/11/08 14:46:51 INFO session updated token=e0f31de0-c4f4-4009-a4c3-80e2564ef92c tableID=0xc000599d60 seatIndex=0xc00059b810
2025/11/08 14:46:51 INFO session removed token=e0f31de0-c4f4-4009-a4c3-80e2564ef92c
2025/11/08 14:46:51 INFO session created token=291bef16-205a-4378-8039-4c2377ae52ef name=User_4_80
2025/11/08 14:46:51 INFO session updated token=291bef16-205a-4378-8039-4c2377ae52ef tableID=0xc000599db0 seatIndex=0xc00059b860
2025/11/08 14:46:51 INFO session removed token=291bef16-205a-4378-8039-4c2377ae52ef
2025/11/08 14:46:51 INFO session created token=97751542-0adf-4812-a6de-b7c412b965de name=User_4_81
2025/11/08 14:46:51 INFO session updated token=97751542-0adf-4812-a6de-b7c412b965de tableID=0xc000599e00 seatIndex=0xc00059b8b0
2025/11/08 14:46:51 INFO session removed token=97751542-0adf-4812-a6de-b7c412b965de
2025/11/08 14:46:51 INFO session created token=2ab10cac-1cd5-4772-8397-a844d4da55b0 name=User_4_82
2025/11/08 14:46:51 INFO session updated token=2ab10cac-1cd5-4772-8397-a844d4da55b0 tableID=0xc000599e50 seatIndex=0xc00059b900
2025/11/08 14:46:51 INFO session removed token=2ab10cac-1cd5-4772-8397-a844d4da55b0
2025/11/08 14:46:51 INFO session updated token=651c2734-51e7-4ce6-abde-d060e766c3e6 tableID=0xc0004844f0 seatIndex=0xc000482750
2025/11/08 14:46:51 INFO session removed token=651c2734-51e7-4ce6-abde-d060e766c3e6
2025/11/08 14:46:51 INFO session created token=05fbb806-4b4b-42a8-95d1-f888cd0dfdea name=User_24_89
2025/11/08 14:46:51 INFO session updated token=05fbb806-4b4b-42a8-95d1-f888cd0dfdea tableID=0xc0003d0ba0 seatIndex=0xc0003d28d0
2025/11/08 14:46:51 INFO session removed token=05fbb806-4b4b-42a8-95d1-f888cd0dfdea
2025/11/08 14:46:51 INFO session created token=2886c6f1-198a-4aea-8119-e5c963018703 name=User_24_90
2025/11/08 14:46:51 INFO session updated token=2886c6f1-198a-4aea-8119-e5c963018703 tableID=0xc0003d0bf0 seatIndex=0xc0003d2920
2025/11/08 14:46:51 INFO session removed token=2886c6f1-198a-4aea-8119-e5c963018703
2025/11/08 14:46:51 INFO session created token=3867ae9a-6759-403a-a5f3-47c6099a6f53 name=User_24_91
2025/11/08 14:46:51 INFO session updated token=3867ae9a-6759-403a-a5f3-47c6099a6f53 tableID=0xc0003d0c40 seatIndex=0xc0003d2970
2025/11/08 14:46:51 INFO session removed token=3867ae9a-6759-403a-a5f3-47c6099a6f53
2025/11/08 14:46:51 INFO session created token=25a9c03d-fb79-40d4-ac35-ed8a2b097be7 name=User_24_92
2025/11/08 14:46:51 INFO session updated token=25a9c03d-fb79-40d4-ac35-ed8a2b097be7 tableID=0xc0003d0c90 seatIndex=0xc0003d29c0
2025/11/08 14:46:51 INFO session removed token=25a9c03d-fb79-40d4-ac35-ed8a2b097be7
2025/11/08 14:46:51 INFO session created token=c83dd38b-7fcf-4422-ae82-c98edd1613e3 name=User_24_93
2025/11/08 14:46:51 INFO session updated token=c83dd38b-7fcf-4422-ae82-c98edd1613e3 tableID=0xc0003d0ce0 seatIndex=0xc0003d2a10
2025/11/08 14:46:51 INFO session removed token=c83dd38b-7fcf-4422-ae82-c98edd1613e3
2025/11/08 14:46:51 INFO session created token=d66cf01b-46d3-4d5b-8c6f-85ef24912464 name=User_24_94
2025/11/08 14:46:51 INFO session updated token=d66cf01b-46d3-4d5b-8c6f-85ef24912464 tableID=0xc0003d0d30 seatIndex=0xc0003d2a60
2025/11/08 14:46:51 INFO session removed token=d66cf01b-46d3-4d5b-8c6f-85ef24912464
2025/11/08 14:46:51 INFO session updated token=46517ccf-c7b4-4c1f-b213-d007dce4cd9e tableID=0xc000546870 seatIndex=0xc00054e1a0
2025/11/08 14:46:51 INFO session removed token=46517ccf-c7b4-4c1f-b213-d007dce4cd9e
2025/11/08 14:46:51 INFO session created token=7f43b04d-96c1-46df-8293-ec950fe5c850 name=User_56_54
2025/11/08 14:46:51 INFO session updated token=7f43b04d-96c1-46df-8293-ec950fe5c850 tableID=0xc000599ec0 seatIndex=0xc00059b990
2025/11/08 14:46:51 INFO session removed token=7f43b04d-96c1-46df-8293-ec950fe5c850
2025/11/08 14:46:51 INFO session created token=6b76bb1b-974f-4243-a363-9f776afd65b6 name=User_56_55
2025/11/08 14:46:51 INFO session updated token=6b76bb1b-974f-4243-a363-9f776afd65b6 tableID=0xc000599f10 seatIndex=0xc00059b9e0
2025/11/08 14:46:51 INFO session removed token=6b76bb1b-974f-4243-a363-9f776afd65b6
2025/11/08 14:46:51 INFO session created token=70520749-800a-426b-b942-bafefb12f1c8 name=User_56_56
2025/11/08 14:46:51 INFO session updated token=70520749-800a-426b-b942-bafefb12f1c8 tableID=0xc000599f60 seatIndex=0xc00059ba30
2025/11/08 14:46:51 INFO session removed token=70520749-800a-426b-b942-bafefb12f1c8
2025/11/08 14:46:51 INFO session created token=09331d23-6acd-4475-a049-c8a0affaee35 name=User_56_57
2025/11/08 14:46:51 INFO session updated token=09331d23-6acd-4475-a049-c8a0affaee35 tableID=0xc0005b2030 seatIndex=0xc00059ba80
2025/11/08 14:46:51 INFO session removed token=09331d23-6acd-4475-a049-c8a0affaee35
2025/11/08 14:46:51 INFO session created token=e35ea7c1-e2fa-4b34-be7d-08606b923caf name=User_56_58
2025/11/08 14:46:51 INFO session updated token=e35ea7c1-e2fa-4b34-be7d-08606b923caf tableID=0xc0005b2080 seatIndex=0xc00059bad0
2025/11/08 14:46:51 INFO session removed token=e35ea7c1-e2fa-4b34-be7d-08606b923caf
2025/11/08 14:46:51 INFO session removed token=0e8eecb1-c9f0-469a-acf4-f19ced104d18
2025/11/08 14:46:51 INFO session created token=a5b81c64-a439-42f2-9d90-4d0b73affb34 name=User_79_50
2025/11/08 14:46:51 INFO session created token=8f748a57-02fe-4d55-8a19-a8b2127f25e0 name=User_56_59
2025/11/08 14:46:51 INFO session updated token=a5b81c64-a439-42f2-9d90-4d0b73affb34 tableID=0xc0003d0d90 seatIndex=0xc0003d2ad0
2025/11/08 14:46:51 INFO session removed token=a5b81c64-a439-42f2-9d90-4d0b73affb34
2025/11/08 14:46:51 INFO session updated token=450033c5-9e4c-4803-a486-0fcabd0cefa7 tableID=0xc0003d03a0 seatIndex=0xc0003d2190
2025/11/08 14:46:51 INFO session removed token=450033c5-9e4c-4803-a486-0fcabd0cefa7
2025/11/08 14:46:51 INFO session created token=b742818a-77ba-4f36-81fd-0e893206e12b name=User_63_43
2025/11/08 14:46:51 INFO session updated token=b742818a-77ba-4f36-81fd-0e893206e12b tableID=0xc0005b2110 seatIndex=0xc00059bb60
2025/11/08 14:46:51 INFO session removed token=b742818a-77ba-4f36-81fd-0e893206e12b
2025/11/08 14:46:51 INFO session created token=e1396cc4-f2a4-4e80-ac2e-9f7ecafee6a1 name=User_63_44
2025/11/08 14:46:51 INFO session updated token=e1396cc4-f2a4-4e80-ac2e-9f7ecafee6a1 tableID=0xc0005b2160 seatIndex=0xc00059bbb0
2025/11/08 14:46:51 INFO session removed token=e1396cc4-f2a4-4e80-ac2e-9f7ecafee6a1
2025/11/08 14:46:51 INFO session created token=3ccc6dfa-3301-4092-af74-2dbe28a2f533 name=User_63_45
2025/11/08 14:46:51 INFO session updated token=3ccc6dfa-3301-4092-af74-2dbe28a2f533 tableID=0xc0005b21b0 seatIndex=0xc00059bc00
2025/11/08 14:46:51 INFO session removed token=3ccc6dfa-3301-4092-af74-2dbe28a2f533
2025/11/08 14:46:51 INFO session created token=0bb43dd6-13a7-4a10-8021-dc6829c70bda name=User_63_46
2025/11/08 14:46:51 INFO session updated token=0bb43dd6-13a7-4a10-8021-dc6829c70bda tableID=0xc0005b2200 seatIndex=0xc00059bc50
2025/11/08 14:46:51 INFO session removed token=0bb43dd6-13a7-4a10-8021-dc6829c70bda
2025/11/08 14:46:51 INFO session created token=35f880d9-0e2f-41cf-97d6-17f305ba3533 name=User_63_47
2025/11/08 14:46:51 INFO session updated token=35f880d9-0e2f-41cf-97d6-17f305ba3533 tableID=0xc0005b2250 seatIndex=0xc00059bca0
2025/11/08 14:46:51 INFO session removed token=35f880d9-0e2f-41cf-97d6-17f305ba3533
2025/11/08 14:46:51 INFO session created token=f28e495d-258b-474c-a586-72396be115a5 name=User_63_48
2025/11/08 14:46:51 INFO session updated token=f28e495d-258b-474c-a586-72396be115a5 tableID=0xc0005b22a0 seatIndex=0xc00059bcf0
2025/11/08 14:46:51 INFO session removed token=f28e495d-258b-474c-a586-72396be115a5
2025/11/08 14:46:51 INFO session updated token=2898e931-e241-4f64-bb16-e32443bf410e tableID=0xc0003d03c0 seatIndex=0xc0003d21a0
2025/11/08 14:46:51 INFO session removed token=2898e931-e241-4f64-bb16-e32443bf410e
2025/11/08 14:46:51 INFO session created token=3b078982-953e-4219-84a6-a2c3a7131b1d name=User_54_61
2025/11/08 14:46:51 INFO session updated token=3b078982-953e-4219-84a6-a2c3a7131b1d tableID=0xc0003d0e10 seatIndex=0xc0003d2b70
2025/11/08 14:46:51 INFO session removed token=3b078982-953e-4219-84a6-a2c3a7131b1d
2025/11/08 14:46:51 INFO session created token=ab7853e7-e078-4b78-89ff-4786371abe02 name=User_54_62
2025/11/08 14:46:51 INFO session updated token=ab7853e7-e078-4b78-89ff-4786371abe02 tableID=0xc0003d0e60 seatIndex=0xc0003d2bc0
2025/11/08 14:46:51 INFO session removed token=ab7853e7-e078-4b78-89ff-4786371abe02
2025/11/08 14:46:51 INFO session created token=f50e3829-4967-4684-8b98-d75d5e31e69b name=User_54_63
2025/11/08 14:46:51 INFO session updated token=f50e3829-4967-4684-8b98-d75d5e31e69b tableID=0xc0003d0eb0 seatIndex=0xc0003d2c10
2025/11/08 14:46:51 INFO session removed token=f50e3829-4967-4684-8b98-d75d5e31e69b
2025/11/08 14:46:51 INFO session created token=9c4e452a-5d77-4edf-8fde-b95cf5b5c948 name=User_54_64
2025/11/08 14:46:51 INFO session updated token=9c4e452a-5d77-4edf-8fde-b95cf5b5c948 tableID=0xc0003d0f00 seatIndex=0xc0003d2c60
2025/11/08 14:46:51 INFO session removed token=9c4e452a-5d77-4edf-8fde-b95cf5b5c948
2025/11/08 14:46:51 INFO session created token=b10cea51-846e-4279-a4a4-f37181c73042 name=User_54_65
2025/11/08 14:46:51 INFO session updated token=b10cea51-846e-4279-a4a4-f37181c73042 tableID=0xc0003d0f50 seatIndex=0xc0003d2cb0
2025/11/08 14:46:51 INFO session removed token=b10cea51-846e-4279-a4a4-f37181c73042
2025/11/08 14:46:51 INFO session created token=670623b0-43b2-4f24-94b2-9a153a0122e7 name=User_54_66
2025/11/08 14:46:51 INFO session updated token=670623b0-43b2-4f24-94b2-9a153a0122e7 tableID=0xc0003d0fa0 seatIndex=0xc0003d2d00
2025/11/08 14:46:51 INFO session removed token=670623b0-43b2-4f24-94b2-9a153a0122e7
2025/11/08 14:46:51 INFO session updated token=f07c5ec0-1357-488c-8483-d49fe923883b tableID=0xc0003d03d0 seatIndex=0xc0003d21b0
2025/11/08 14:46:51 INFO session removed token=f07c5ec0-1357-488c-8483-d49fe923883b
2025/11/08 14:46:51 INFO session created token=14783f59-1456-43ac-a635-48d05d7aec84 name=User_53_74
2025/11/08 14:46:51 INFO session updated token=14783f59-1456-43ac-a635-48d05d7aec84 tableID=0xc0005b2310 seatIndex=0xc00059bd80
2025/11/08 14:46:51 INFO session removed token=14783f59-1456-43ac-a635-48d05d7aec84
2025/11/08 14:46:51 INFO session created token=12c64fa2-bf19-4ba4-bed8-107a72e6e4c6 name=User_53_75
2025/11/08 14:46:51 INFO session updated token=12c64fa2-bf19-4ba4-bed8-107a72e6e4c6 tableID=0xc0005b2360 seatIndex=0xc00059bdd0
2025/11/08 14:46:51 INFO session removed token=12c64fa2-bf19-4ba4-bed8-107a72e6e4c6
2025/11/08 14:46:51 INFO session created token=a6957fcf-c4f8-4f56-a2f9-3aed656d8f37 name=User_53_76
2025/11/08 14:46:51 INFO session updated token=a6957fcf-c4f8-4f56-a2f9-3aed656d8f37 tableID=0xc0005b23b0 seatIndex=0xc00059be20
2025/11/08 14:46:51 INFO session removed token=a6957fcf-c4f8-4f56-a2f9-3aed656d8f37
2025/11/08 14:46:51 INFO session created token=0e12f8e5-4397-4a0c-98af-5d5eac3645c4 name=User_53_77
2025/11/08 14:46:51 INFO session updated token=0e12f8e5-4397-4a0c-98af-5d5eac3645c4 tableID=0xc0005b2400 seatIndex=0xc00059be70
2025/11/08 14:46:51 INFO session removed token=0e12f8e5-4397-4a0c-98af-5d5eac3645c4
2025/11/08 14:46:51 INFO session created token=e5c932c4-cbcc-4275-9486-f8197f2dbbae name=User_53_78
2025/11/08 14:46:51 INFO session updated token=e5c932c4-cbcc-4275-9486-f8197f2dbbae tableID=0xc0005b2450 seatIndex=0xc00059bec0
2025/11/08 14:46:51 INFO session removed token=e5c932c4-cbcc-4275-9486-f8197f2dbbae
2025/11/08 14:46:51 INFO session created token=3818a2fb-8c2b-4cf9-8308-7525a486ccec name=User_53_79
2025/11/08 14:46:51 INFO session updated token=c99170db-2d0c-4631-b77e-87ac908a8a7b tableID=0xc0003d03e0 seatIndex=0xc0003d21c0
2025/11/08 14:46:51 INFO session removed token=c99170db-2d0c-4631-b77e-87ac908a8a7b
2025/11/08 14:46:51 INFO session updated token=db25a830-5401-4f71-bddd-6b26755941f7 tableID=0xc0003d0430 seatIndex=0xc0003d21d0
2025/11/08 14:46:51 INFO session updated token=91aa5adb-a748-43aa-a910-7a545536b529 tableID=0xc000276060 seatIndex=0xc00026fc50
2025/11/08 14:46:51 INFO session updated token=eb7124ec-9eed-4b4a-a45d-555b10c499fb tableID=0xc000276070 seatIndex=0xc00026fc60
2025/11/08 14:46:51 INFO session removed token=8d4dc86e-aa54-4767-a379-ab90f0576da5
2025/11/08 14:46:51 INFO session created token=71e195de-5ab1-4aa0-80b7-534c67901ba1 name=User_76_53
2025/11/08 14:46:51 INFO session updated token=03889eb1-2095-4452-993d-1f6d67761863 tableID=0xc0002760a0 seatIndex=0xc00026fcb0
2025/11/08 14:46:51 INFO session created token=51edb158-357c-4d63-961d-16857823ae93 name=User_96_68
2025/11/08 14:46:51 INFO session created token=32303b4e-59d8-407e-9101-a55379b3bb28 name=User_11_94
2025/11/08 14:46:51 INFO session updated token=cb4bbbb5-311b-4166-9e70-910440e7cd0c tableID=0xc0002760b0 seatIndex=0xc00026fcc0
2025/11/08 14:46:51 INFO session removed token=cb4bbbb5-311b-4166-9e70-910440e7cd0c
2025/11/08 14:46:51 INFO session created token=5d31b6ee-500c-438e-acdc-18503f570d1c name=User_12_86
2025/11/08 14:46:51 INFO session removed token=d1677a11-90b8-41ef-aa47-4347a234b3c6
2025/11/08 14:46:51 INFO session created token=400a7dc2-0d44-4c64-9580-9af97cf01cf7 name=User_18_69
2025/11/08 14:46:51 INFO session updated token=400a7dc2-0d44-4c64-9580-9af97cf01cf7 tableID=0xc000411530 seatIndex=0xc000415490
2025/11/08 14:46:51 INFO session removed token=400a7dc2-0d44-4c64-9580-9af97cf01cf7
2025/11/08 14:46:51 INFO session created token=a7614543-05b5-46a6-a9de-0ad38b03c430 name=User_18_70
2025/11/08 14:46:51 INFO session updated token=a7614543-05b5-46a6-a9de-0ad38b03c430 tableID=0xc000411590 seatIndex=0xc0004154f0
2025/11/08 14:46:51 INFO session removed token=a7614543-05b5-46a6-a9de-0ad38b03c430
2025/11/08 14:46:51 INFO session created token=d2f03a81-5ee7-463c-8185-d2a12765b5ba name=User_18_71
2025/11/08 14:46:51 INFO session updated token=d2f03a81-5ee7-463c-8185-d2a12765b5ba tableID=0xc0004115e0 seatIndex=0xc000415540
2025/11/08 14:46:51 INFO session removed token=d2f03a81-5ee7-463c-8185-d2a12765b5ba
2025/11/08 14:46:51 INFO session created token=c27407f7-d9c7-47ce-af29-d08fd8da46cf name=User_18_72
2025/11/08 14:46:51 INFO session updated token=c27407f7-d9c7-47ce-af29-d08fd8da46cf tableID=0xc000411630 seatIndex=0xc000415590
2025/11/08 14:46:51 INFO session removed token=c27407f7-d9c7-47ce-af29-d08fd8da46cf
2025/11/08 14:46:51 INFO session created token=09a9948f-f311-4720-ad70-b653f973e53b name=User_18_73
2025/11/08 14:46:51 INFO session updated token=09a9948f-f311-4720-ad70-b653f973e53b tableID=0xc000411680 seatIndex=0xc0004155e0
2025/11/08 14:46:51 INFO session removed token=09a9948f-f311-4720-ad70-b653f973e53b
2025/11/08 14:46:51 INFO session created token=a07e4cbb-a63f-4ac0-a6ae-2e324585bc18 name=User_18_74
2025/11/08 14:46:51 INFO session updated token=a07e4cbb-a63f-4ac0-a6ae-2e324585bc18 tableID=0xc0004116d0 seatIndex=0xc000415630
2025/11/08 14:46:51 INFO session removed token=a07e4cbb-a63f-4ac0-a6ae-2e324585bc18
2025/11/08 14:46:51 INFO session created token=a9ebeb69-fc29-4349-9641-438af0ddfe97 name=User_18_75
2025/11/08 14:46:51 INFO session updated token=a9ebeb69-fc29-4349-9641-438af0ddfe97 tableID=0xc000411720 seatIndex=0xc000415680
2025/11/08 14:46:51 INFO session removed token=a9ebeb69-fc29-4349-9641-438af0ddfe97
2025/11/08 14:46:51 INFO session created token=1b85157d-5f3f-4897-82ea-064657475d69 name=User_18_76
2025/11/08 14:46:51 INFO session created token=764d5ec4-e26e-40ff-9dd3-e411e6b5de47 name=User_19_37
2025/11/08 14:46:51 INFO session updated token=ec4bfde3-f35f-46d8-9391-1ef1e2919eef tableID=0xc0003d04c0 seatIndex=0xc0003d2220
2025/11/08 14:46:51 INFO session removed token=ec4bfde3-f35f-46d8-9391-1ef1e2919eef
2025/11/08 14:46:51 INFO session created token=1860e91f-7829-4396-8482-3159d10545c5 name=User_86_49
2025/11/08 14:46:51 INFO session updated token=1860e91f-7829-4396-8482-3159d10545c5 tableID=0xc0003467e0 seatIndex=0xc0003486e0
2025/11/08 14:46:51 INFO session removed token=1860e91f-7829-4396-8482-3159d10545c5
2025/11/08 14:46:51 INFO session created token=4934f7a1-a588-44af-ad86-1772096f4c16 name=User_86_50
2025/11/08 14:46:51 INFO session updated token=4934f7a1-a588-44af-ad86-1772096f4c16 tableID=0xc000346830 seatIndex=0xc000348730
2025/11/08 14:46:51 INFO session removed token=4934f7a1-a588-44af-ad86-1772096f4c16
2025/11/08 14:46:51 INFO session created token=37b2977a-c6d9-420d-ab5b-6a28a921c773 name=User_86_51
2025/11/08 14:46:51 INFO session updated token=37b2977a-c6d9-420d-ab5b-6a28a921c773 tableID=0xc000346880 seatIndex=0xc000348780
2025/11/08 14:46:51 INFO session removed token=37b2977a-c6d9-420d-ab5b-6a28a921c773
2025/11/08 14:46:51 INFO session created token=377d2722-90e7-402f-bc21-1dee8d353d8b name=User_86_52
2025/11/08 14:46:51 INFO session updated token=377d2722-90e7-402f-bc21-1dee8d353d8b tableID=0xc0003468d0 seatIndex=0xc0003487d0
2025/11/08 14:46:51 INFO session removed token=377d2722-90e7-402f-bc21-1dee8d353d8b
2025/11/08 14:46:51 INFO session created token=8f93b242-aad8-4bfc-8c14-881cee11db05 name=User_86_53
2025/11/08 14:46:51 INFO session updated token=8f93b242-aad8-4bfc-8c14-881cee11db05 tableID=0xc000346920 seatIndex=0xc000348820
2025/11/08 14:46:51 INFO session removed token=8f93b242-aad8-4bfc-8c14-881cee11db05
2025/11/08 14:46:51 INFO session created token=2cbd5353-3cff-49c1-8a5b-57c182b35805 name=User_86_54
2025/11/08 14:46:51 INFO session updated token=2cbd5353-3cff-49c1-8a5b-57c182b35805 tableID=0xc000346970 seatIndex=0xc000348870
2025/11/08 14:46:51 INFO session removed token=2cbd5353-3cff-49c1-8a5b-57c182b35805
2025/11/08 14:46:51 INFO session created token=3177368a-8430-49aa-93a5-8e081a66aca4 name=User_86_55
2025/11/08 14:46:51 INFO session updated token=3177368a-8430-49aa-93a5-8e081a66aca4 tableID=0xc0003469c0 seatIndex=0xc0003488c0
2025/11/08 14:46:51 INFO session removed token=3177368a-8430-49aa-93a5-8e081a66aca4
2025/11/08 14:46:51 INFO session updated token=4ac1be18-ac56-47de-9433-44a3226da8ea tableID=0xc0004114a0 seatIndex=0xc000415430
2025/11/08 14:46:51 INFO session created token=a7d850e4-89df-4c7a-8e09-a71014325f75 name=User_44_64
2025/11/08 14:46:51 INFO session updated token=7c18649b-2564-40c4-9431-d1dd555ee24a tableID=0xc0004114b0 seatIndex=0xc000415440
2025/11/08 14:46:51 INFO session updated token=2bc09a56-b206-4183-ac7b-0e836e8ec699 tableID=0xc0004114c0 seatIndex=0xc000415450
2025/11/08 14:46:51 INFO session updated token=5db73699-6ab3-46ab-8d2b-bed9842fca16 tableID=0xc0003d04f0 seatIndex=0xc0003d2230
2025/11/08 14:46:51 INFO session updated token=6ec016db-9906-45bb-aa50-738343902f87 tableID=0xc0003d0500 seatIndex=0xc0003d2240
2025/11/08 14:46:51 INFO session updated token=247aceb6-425c-447a-8631-ebd625a1bf27 tableID=0xc0003d0510 seatIndex=0xc0003d2250
2025/11/08 14:46:51 INFO session updated token=ca26a229-0fa1-4e6f-b532-56b5009b07e3 tableID=0xc0004114d0 seatIndex=0xc000415460
2025/11/08 14:46:51 INFO session updated token=c5344ed7-6272-4f60-9271-821115b453e2 tableID=0xc0003d08e0 seatIndex=0xc0003d2620
2025/11/08 14:46:51 INFO session removed token=c5344ed7-6272-4f60-9271-821115b453e2
2025/11/08 14:46:51 INFO session removed token=ca26a229-0fa1-4e6f-b532-56b5009b07e3
2025/11/08 14:46:51 INFO session created token=0bfb863e-2ecf-41fd-a63e-151bfc00348f name=User_74_55
2025/11/08 14:46:51 INFO session created token=636e225f-3558-46e8-bf1c-3f4ba2cfce57 name=User_75_53
2025/11/08 14:46:51 INFO session updated token=0bfb863e-2ecf-41fd-a63e-151bfc00348f tableID=0xc0004117a0 seatIndex=0xc000415710
2025/11/08 14:46:51 INFO session removed token=0bfb863e-2ecf-41fd-a63e-151bfc00348f
2025/11/08 14:46:51 INFO session created token=53fa4232-f932-4bf6-be55-913a3b7191df name=User_74_56
2025/11/08 14:46:51 INFO session updated token=53fa4232-f932-4bf6-be55-913a3b7191df tableID=0xc000411800 seatIndex=0xc000415770
2025/11/08 14:46:51 INFO session removed token=53fa4232-f932-4bf6-be55-913a3b7191df
2025/11/08 14:46:51 INFO session created token=a65a92e3-be68-4a77-92fa-f8e7a3b2a72f name=User_74_57
2025/11/08 14:46:51 INFO session updated token=a65a92e3-be68-4a77-92fa-f8e7a3b2a72f tableID=0xc000411850 seatIndex=0xc0004157c0
2025/11/08 14:46:51 INFO session removed token=a65a92e3-be68-4a77-92fa-f8e7a3b2a72f
2025/11/08 14:46:51 INFO session created token=c873dd3d-1577-432d-ab3e-401ea5bacea0 name=User_74_58
2025/11/08 14:46:51 INFO session updated token=c873dd3d-1577-432d-ab3e-401ea5bacea0 tableID=0xc0004118a0 seatIndex=0xc000415810
2025/11/08 14:46:51 INFO session removed token=c873dd3d-1577-432d-ab3e-401ea5bacea0
2025/11/08 14:46:51 INFO session created token=e3cf44c6-0fe6-403f-a69b-2669ea295660 name=User_74_59
2025/11/08 14:46:51 INFO session updated token=e3cf44c6-0fe6-403f-a69b-2669ea295660 tableID=0xc0004118f0 seatIndex=0xc000415860
2025/11/08 14:46:51 INFO session removed token=e3cf44c6-0fe6-403f-a69b-2669ea295660
2025/11/08 14:46:51 INFO session created token=b8216866-7423-43f6-a4ae-69bb3a6f4942 name=User_74_60
2025/11/08 14:46:51 INFO session updated token=b8216866-7423-43f6-a4ae-69bb3a6f4942 tableID=0xc000411940 seatIndex=0xc0004158b0
2025/11/08 14:46:51 INFO session removed token=b8216866-7423-43f6-a4ae-69bb3a6f4942
2025/11/08 14:46:51 INFO session created token=5c828c84-6f26-4271-92d7-4ca588a8a09e name=User_9_56
2025/11/08 14:46:51 INFO session created token=f64ebd9d-e6bb-452f-8c8d-5dcfda8e0ee1 name=User_74_61
2025/11/08 14:46:51 INFO session updated token=5c828c84-6f26-4271-92d7-4ca588a8a09e tableID=0xc000484690 seatIndex=0xc0004828c0
2025/11/08 14:46:51 INFO session removed token=5c828c84-6f26-4271-92d7-4ca588a8a09e
2025/11/08 14:46:51 INFO session updated token=3c466d42-e9bf-40b6-80ca-4ea98cbd7863 tableID=0xc0003d0b20 seatIndex=0xc0003d2860
2025/11/08 14:46:51 INFO session removed token=3c466d42-e9bf-40b6-80ca-4ea98cbd7863
2025/11/08 14:46:51 INFO session created token=96b241eb-1b2a-4efa-b3d4-e10a0d1b4912 name=User_15_73
2025/11/08 14:46:51 INFO session updated token=96b241eb-1b2a-4efa-b3d4-e10a0d1b4912 tableID=0xc000346ae0 seatIndex=0xc000348a50
2025/11/08 14:46:51 INFO session removed token=96b241eb-1b2a-4efa-b3d4-e10a0d1b4912
2025/11/08 14:46:51 INFO session created token=54beadbb-8e5c-488d-9559-37000003bcd3 name=User_15_74
2025/11/08 14:46:51 INFO session updated token=54beadbb-8e5c-488d-9559-37000003bcd3 tableID=0xc000346b30 seatIndex=0xc000348aa0
2025/11/08 14:46:51 INFO session removed token=54beadbb-8e5c-488d-9559-37000003bcd3
2025/11/08 14:46:51 INFO session created token=3e956327-7d3b-45f9-abbd-1a7d63454843 name=User_15_75
2025/11/08 14:46:51 INFO session updated token=3e956327-7d3b-45f9-abbd-1a7d63454843 tableID=0xc000346b80 seatIndex=0xc000348af0
2025/11/08 14:46:51 INFO session removed token=3e956327-7d3b-45f9-abbd-1a7d63454843
2025/11/08 14:46:51 INFO session created token=50daafde-25df-4be5-8020-28a6cb1cdbeb name=User_15_76
2025/11/08 14:46:51 INFO session updated token=50daafde-25df-4be5-8020-28a6cb1cdbeb tableID=0xc000346bd0 seatIndex=0xc000348b40
2025/11/08 14:46:51 INFO session removed token=50daafde-25df-4be5-8020-28a6cb1cdbeb
2025/11/08 14:46:51 INFO session created token=ec856c85-e6d1-49a8-94c3-78eba678c3a8 name=User_15_77
2025/11/08 14:46:51 INFO session updated token=ec856c85-e6d1-49a8-94c3-78eba678c3a8 tableID=0xc000346c20 seatIndex=0xc000348b90
2025/11/08 14:46:51 INFO session removed token=ec856c85-e6d1-49a8-94c3-78eba678c3a8
2025/11/08 14:46:51 INFO session created token=9ae1e35b-8595-456f-9786-21cfcdf851ac name=User_15_78
2025/11/08 14:46:51 INFO session updated token=9ae1e35b-8595-456f-9786-21cfcdf851ac tableID=0xc000346c70 seatIndex=0xc000348be0
2025/11/08 14:46:51 INFO session removed token=9ae1e35b-8595-456f-9786-21cfcdf851ac
2025/11/08 14:46:51 INFO session created token=a73454b7-57a6-463f-8223-c9f2cdfe9770 name=User_15_79
2025/11/08 14:46:51 INFO session updated token=a73454b7-57a6-463f-8223-c9f2cdfe9770 tableID=0xc000346cc0 seatIndex=0xc000348c30
2025/11/08 14:46:51 INFO session removed token=a73454b7-57a6-463f-8223-c9f2cdfe9770
2025/11/08 14:46:51 INFO session created token=8c007a23-299d-4a5b-8784-413cf6c6308a name=User_15_80
2025/11/08 14:46:51 INFO session updated token=8c007a23-299d-4a5b-8784-413cf6c6308a tableID=0xc000346d10 seatIndex=0xc000348c80
2025/11/08 14:46:51 INFO session removed token=8c007a23-299d-4a5b-8784-413cf6c6308a
2025/11/08 14:46:51 INFO session created token=eeaa2842-a262-425c-8ef6-7736dfbecb6e name=User_15_81
2025/11/08 14:46:51 INFO session updated token=eeaa2842-a262-425c-8ef6-7736dfbecb6e tableID=0xc000346d60 seatIndex=0xc000348cd0
2025/11/08 14:46:51 INFO session removed token=eeaa2842-a262-425c-8ef6-7736dfbecb6e
2025/11/08 14:46:51 INFO session created token=1204beb9-bb0c-4af9-a485-9d972d165498 name=User_15_82
2025/11/08 14:46:51 INFO session updated token=1204beb9-bb0c-4af9-a485-9d972d165498 tableID=0xc000346db0 seatIndex=0xc000348d20
2025/11/08 14:46:51 INFO session removed token=1204beb9-bb0c-4af9-a485-9d972d165498
2025/11/08 14:46:51 INFO session created token=0f265bd5-3619-418e-8c65-a73406755307 name=User_15_83
2025/11/08 14:46:51 INFO session created token=2e7c4ac5-99e8-44f3-9ed8-d83169e517ed name=User_99_97
2025/11/08 14:46:51 INFO session updated token=0f265bd5-3619-418e-8c65-a73406755307 tableID=0xc000346e00 seatIndex=0xc000348d70
2025/11/08 14:46:51 INFO session removed token=0f265bd5-3619-418e-8c65-a73406755307
2025/11/08 14:46:51 INFO session created token=e948fbf9-6f1a-4936-afb2-87fc0b70fce1 name=User_4_83
2025/11/08 14:46:51 INFO session created token=76cbd415-4053-420a-9ebe-14d67c9a6427 name=User_15_84
2025/11/08 14:46:51 INFO session updated token=e948fbf9-6f1a-4936-afb2-87fc0b70fce1 tableID=0xc0004119d0 seatIndex=0xc000415900
2025/11/08 14:46:51 INFO session removed token=e948fbf9-6f1a-4936-afb2-87fc0b70fce1
2025/11/08 14:46:51 INFO session created token=ea5674d1-109e-43a4-ae8f-20f890b88d21 name=User_4_84
2025/11/08 14:46:51 INFO session updated token=ea5674d1-109e-43a4-ae8f-20f890b88d21 tableID=0xc000411a30 seatIndex=0xc000415960
2025/11/08 14:46:51 INFO session removed token=ea5674d1-109e-43a4-ae8f-20f890b88d21
2025/11/08 14:46:51 INFO session created token=6570bc51-d981-4109-a09f-e5a390f2c8f1 name=User_4_85
2025/11/08 14:46:51 INFO session updated token=6570bc51-d981-4109-a09f-e5a390f2c8f1 tableID=0xc000411a80 seatIndex=0xc0004159b0
2025/11/08 14:46:51 INFO session removed token=6570bc51-d981-4109-a09f-e5a390f2c8f1
2025/11/08 14:46:51 INFO session created token=1d6c2c56-48d5-4bd0-b84e-c19cd27b5828 name=User_4_86
2025/11/08 14:46:51 INFO session updated token=1d6c2c56-48d5-4bd0-b84e-c19cd27b5828 tableID=0xc000411ad0 seatIndex=0xc000415a00
2025/11/08 14:46:51 INFO session removed token=1d6c2c56-48d5-4bd0-b84e-c19cd27b5828
2025/11/08 14:46:51 INFO session created token=13a37e40-29ca-407c-b085-66f0172bc665 name=User_4_87
2025/11/08 14:46:51 INFO session created token=f06b30f6-4278-4b2e-942c-a7676b8f17f5 name=User_24_95
2025/11/08 14:46:51 INFO session updated token=8f748a57-02fe-4d55-8a19-a8b2127f25e0 tableID=0xc0003d0db0 seatIndex=0xc0003d2b00
2025/11/08 14:46:51 INFO session removed token=8f748a57-02fe-4d55-8a19-a8b2127f25e0
2025/11/08 14:46:51 INFO session created token=e5958172-8d31-4731-996d-6facc3120855 name=User_56_60
2025/11/08 14:46:51 INFO session updated token=e5958172-8d31-4731-996d-6facc3120855 tableID=0xc000484750 seatIndex=0xc000482980
2025/11/08 14:46:51 INFO session removed token=e5958172-8d31-4731-996d-6facc3120855
2025/11/08 14:46:51 INFO session created token=a6e62d1c-24c2-4571-a8d7-3286a23b0fa8 name=User_56_61
2025/11/08 14:46:51 INFO session updated token=a6e62d1c-24c2-4571-a8d7-3286a23b0fa8 tableID=0xc0004847a0 seatIndex=0xc0004829d0
2025/11/08 14:46:51 INFO session removed token=a6e62d1c-24c2-4571-a8d7-3286a23b0fa8
2025/11/08 14:46:51 INFO session created token=fdfe17a1-496f-41dd-a44a-9c7eff00de20 name=User_56_62
2025/11/08 14:46:51 INFO session updated token=fdfe17a1-496f-41dd-a44a-9c7eff00de20 tableID=0xc0004847f0 seatIndex=0xc000482a20
2025/11/08 14:46:51 INFO session removed token=fdfe17a1-496f-41dd-a44a-9c7eff00de20
2025/11/08 14:46:51 INFO session created token=c607309c-643a-41ef-9b0c-8627588a0a90 name=User_56_63
2025/11/08 14:46:51 INFO session updated token=c607309c-643a-41ef-9b0c-8627588a0a90 tableID=0xc000484840 seatIndex=0xc000482a70
2025/11/08 14:46:51 INFO session removed token=c607309c-643a-41ef-9b0c-8627588a0a90
2025/11/08 14:46:51 INFO session created token=a992f8a2-478c-4c36-9405-203c340437a9 name=User_56_64
2025/11/08 14:46:51 INFO session updated token=a992f8a2-478c-4c36-9405-203c340437a9 tableID=0xc000484890 seatIndex=0xc000482ac0
2025/11/08 14:46:51 INFO session removed token=a992f8a2-478c-4c36-9405-203c340437a9
2025/11/08 14:46:51 INFO session created token=42a01e63-7248-4386-874c-231329249cc7 name=User_56_65
2025/11/08 14:46:51 INFO session updated token=42a01e63-7248-4386-874c-231329249cc7 tableID=0xc0004848e0 seatIndex=0xc000482b10
2025/11/08 14:46:51 INFO session removed token=42a01e63-7248-4386-874c-231329249cc7
2025/11/08 14:46:51 INFO session created token=654d727d-0db5-4cbb-875e-707bfde3d832 name=User_56_66
2025/11/08 14:46:51 INFO session updated token=654d727d-0db5-4cbb-875e-707bfde3d832 tableID=0xc000484930 seatIndex=0xc000482b60
2025/11/08 14:46:51 INFO session removed token=654d727d-0db5-4cbb-875e-707bfde3d832
2025/11/08 14:46:51 INFO session updated token=76cbd415-4053-420a-9ebe-14d67c9a6427 tableID=0xc0004119f0 seatIndex=0xc000415930
2025/11/08 14:46:51 INFO session removed token=76cbd415-4053-420a-9ebe-14d67c9a6427
2025/11/08 14:46:51 INFO session created token=0046580e-0556-43eb-9aeb-c30eca4369fd name=User_15_85
2025/11/08 14:46:51 INFO session updated token=0046580e-0556-43eb-9aeb-c30eca4369fd tableID=0xc000346ea0 seatIndex=0xc000348e10
2025/11/08 14:46:51 INFO session removed token=0046580e-0556-43eb-9aeb-c30eca4369fd
2025/11/08 14:46:51 INFO session created token=2f6a78aa-5ad7-4af3-9740-7fc2f21b6b2e name=User_15_86
2025/11/08 14:46:51 INFO session updated token=2f6a78aa-5ad7-4af3-9740-7fc2f21b6b2e tableID=0xc000346ef0 seatIndex=0xc000348e60
2025/11/08 14:46:51 INFO session removed token=2f6a78aa-5ad7-4af3-9740-7fc2f21b6b2e
2025/11/08 14:46:51 INFO session created token=51afc554-9527-4856-84b8-331c7aae018e name=User_15_87
2025/11/08 14:46:51 INFO session updated token=51afc554-9527-4856-84b8-331c7aae018e tableID=0xc000346f40 seatIndex=0xc000348eb0
2025/11/08 14:46:51 INFO session removed token=51afc554-9527-4856-84b8-331c7aae018e
2025/11/08 14:46:51 INFO session created token=6672c307-b960-4cd2-b5f0-d197563bdf7f name=User_15_88
2025/11/08 14:46:51 INFO session updated token=6672c307-b960-4cd2-b5f0-d197563bdf7f tableID=0xc000346f90 seatIndex=0xc000348f00
2025/11/08 14:46:51 INFO session removed token=6672c307-b960-4cd2-b5f0-d197563bdf7f
2025/11/08 14:46:51 INFO session created token=3190fdad-912c-4109-be91-e7420910b490 name=User_15_89
2025/11/08 14:46:51 INFO session updated token=3190fdad-912c-4109-be91-e7420910b490 tableID=0xc000346fe0 seatIndex=0xc000348f50
2025/11/08 14:46:51 INFO session removed token=3190fdad-912c-4109-be91-e7420910b490
2025/11/08 14:46:51 INFO session created token=6b6d9810-8970-45a1-9264-cdca67349034 name=User_15_90
2025/11/08 14:46:51 INFO session updated token=6b6d9810-8970-45a1-9264-cdca67349034 tableID=0xc000347030 seatIndex=0xc000348fa0
2025/11/08 14:46:51 INFO session removed token=6b6d9810-8970-45a1-9264-cdca67349034
2025/11/08 14:46:51 INFO session created token=431552ae-998a-4088-a085-25835c7c5652 name=User_79_51
2025/11/08 14:46:51 INFO session created token=d9cc87f1-8fa6-4ad6-9d78-e07419d70bc5 name=User_15_91
2025/11/08 14:46:51 INFO session updated token=431552ae-998a-4088-a085-25835c7c5652 tableID=0xc000484980 seatIndex=0xc000482bb0
2025/11/08 14:46:51 INFO session removed token=431552ae-998a-4088-a085-25835c7c5652
2025/11/08 14:46:51 INFO session created token=9cd9d103-c190-464b-b0e8-2bfe0de83127 name=User_79_52
2025/11/08 14:46:51 INFO session updated token=9cd9d103-c190-464b-b0e8-2bfe0de83127 tableID=0xc0004849e0 seatIndex=0xc000482c10
2025/11/08 14:46:51 INFO session removed token=9cd9d103-c190-464b-b0e8-2bfe0de83127
2025/11/08 14:46:51 INFO session created token=195d2cca-022d-421c-aa6b-d5e6c22021b1 name=User_79_53
2025/11/08 14:46:51 INFO session updated token=195d2cca-022d-421c-aa6b-d5e6c22021b1 tableID=0xc000484a30 seatIndex=0xc000482c60
2025/11/08 14:46:51 INFO session removed token=195d2cca-022d-421c-aa6b-d5e6c22021b1
2025/11/08 14:46:51 INFO session created token=8aa680b1-1600-42e3-a155-0deb873aa55a name=User_79_54
2025/11/08 14:46:51 INFO session updated token=8aa680b1-1600-42e3-a155-0deb873aa55a tableID=0xc000484a80 seatIndex=0xc000482cb0
2025/11/08 14:46:51 INFO session removed token=8aa680b1-1600-42e3-a155-0deb873aa55a
2025/11/08 14:46:51 INFO session created token=2e57a647-adf3-47ce-88fe-38f33db80174 name=User_79_55
2025/11/08 14:46:51 INFO session updated token=2e57a647-adf3-47ce-88fe-38f33db80174 tableID=0xc000484ad0 seatIndex=0xc000482d00
2025/11/08 14:46:51 INFO session removed token=2e57a647-adf3-47ce-88fe-38f33db80174
2025/11/08 14:46:51 INFO session created token=97d2f4c9-28f5-42f2-8ba2-e5e0d4e9e741 name=User_79_56
2025/11/08 14:46:51 INFO session updated token=97d2f4c9-28f5-42f2-8ba2-e5e0d4e9e741 tableID=0xc000484b20 seatIndex=0xc000482d50
2025/11/08 14:46:51 INFO session removed token=97d2f4c9-28f5-42f2-8ba2-e5e0d4e9e741
2025/11/08 14:46:51 INFO session created token=7b17d0ee-e678-485f-bc14-20497551ffee name=User_79_57
2025/11/08 14:46:51 INFO session created token=05ebdaa6-88df-48d0-8bfb-dd4137397408 name=User_63_49
2025/11/08 14:46:51 INFO session updated token=7b17d0ee-e678-485f-bc14-20497551ffee tableID=0xc000484b70 seatIndex=0xc000482da0
2025/11/08 14:46:51 INFO session removed token=7b17d0ee-e678-485f-bc14-20497551ffee
2025/11/08 14:46:51 INFO session created token=b4bcf58d-af6d-4d4c-b05f-41c737df5fd3 name=User_79_58
2025/11/08 14:46:51 INFO session updated token=b4bcf58d-af6d-4d4c-b05f-41c737df5fd3 tableID=0xc000411b80 seatIndex=0xc000415a80
2025/11/08 14:46:51 INFO session removed token=b4bcf58d-af6d-4d4c-b05f-41c737df5fd3
2025/11/08 14:46:51 INFO session created token=ba6a2ef3-188f-458a-b476-951c6cf2fc79 name=User_79_59
2025/11/08 14:46:51 INFO session updated token=ba6a2ef3-188f-458a-b476-951c6cf2fc79 tableID=0xc000411bd0 seatIndex=0xc000415ad0
2025/11/08 14:46:51 INFO session removed token=ba6a2ef3-188f-458a-b476-951c6cf2fc79
2025/11/08 14:46:51 INFO session created token=7d3e31e9-1deb-4394-a194-8a69a3758987 name=User_79_60
2025/11/08 14:46:51 INFO session updated token=7d3e31e9-1deb-4394-a194-8a69a3758987 tableID=0xc000411c20 seatIndex=0xc000415b20
2025/11/08 14:46:51 INFO session removed token=7d3e31e9-1deb-4394-a194-8a69a3758987
2025/11/08 14:46:51 INFO session created token=5b74823b-2b02-4847-9995-0b647b070f48 name=User_79_61
2025/11/08 14:46:51 INFO session updated token=5b74823b-2b02-4847-9995-0b647b070f48 tableID=0xc000411c70 seatIndex=0xc000415b70
2025/11/08 14:46:51 INFO session removed token=5b74823b-2b02-4847-9995-0b647b070f48
2025/11/08 14:46:51 INFO session created token=5ebd7fe8-7f6f-40be-ab6e-bf438704f73e name=User_79_62
2025/11/08 14:46:51 INFO session updated token=5ebd7fe8-7f6f-40be-ab6e-bf438704f73e tableID=0xc000411cc0 seatIndex=0xc000415bc0
2025/11/08 14:46:51 INFO session removed token=5ebd7fe8-7f6f-40be-ab6e-bf438704f73e
2025/11/08 14:46:51 INFO session created token=2b1e9c1a-db0a-4548-8bb3-33f24f3cabdf name=User_79_63
2025/11/08 14:46:51 INFO session updated token=2b1e9c1a-db0a-4548-8bb3-33f24f3cabdf tableID=0xc000411d10 seatIndex=0xc000415c10
2025/11/08 14:46:51 INFO session removed token=2b1e9c1a-db0a-4548-8bb3-33f24f3cabdf
2025/11/08 14:46:51 INFO session created token=1fc93b9f-14df-455f-8a34-460ca95e17d5 name=User_79_64
2025/11/08 14:46:51 INFO session updated token=1fc93b9f-14df-455f-8a34-460ca95e17d5 tableID=0xc000411d60 seatIndex=0xc000415c60
2025/11/08 14:46:51 INFO session removed token=1fc93b9f-14df-455f-8a34-460ca95e17d5
2025/11/08 14:46:51 INFO session created token=6dbac422-8d28-4694-a81d-5afeabd12e93 name=User_79_65
2025/11/08 14:46:51 INFO session updated token=6dbac422-8d28-4694-a81d-5afeabd12e93 tableID=0xc000411db0 seatIndex=0xc000415cb0
2025/11/08 14:46:51 INFO session removed token=6dbac422-8d28-4694-a81d-5afeabd12e93
2025/11/08 14:46:51 INFO session created token=29991f3a-4e09-45c5-afa2-4bf4384e8a62 name=User_79_66
2025/11/08 14:46:51 INFO session updated token=29991f3a-4e09-45c5-afa2-4bf4384e8a62 tableID=0xc000411e00 seatIndex=0xc000415d00
2025/11/08 14:46:51 INFO session removed token=29991f3a-4e09-45c5-afa2-4bf4384e8a62
2025/11/08 14:46:51 INFO session created token=07f9a79a-4201-44f6-aa5a-c68c4d8f4146 name=User_79_67
2025/11/08 14:46:51 INFO session updated token=07f9a79a-4201-44f6-aa5a-c68c4d8f4146 tableID=0xc000411e50 seatIndex=0xc000415d50
2025/11/08 14:46:51 INFO session removed token=07f9a79a-4201-44f6-aa5a-c68c4d8f4146
2025/11/08 14:46:51 INFO session created token=bdde3169-bcbe-4d10-90dc-d4498bd976d8 name=User_79_68
2025/11/08 14:46:51 INFO session updated token=d9cc87f1-8fa6-4ad6-9d78-e07419d70bc5 tableID=0xc0004849a0 seatIndex=0xc000482be0
2025/11/08 14:46:51 INFO session removed token=d9cc87f1-8fa6-4ad6-9d78-e07419d70bc5
2025/11/08 14:46:51 INFO session created token=31a119c5-4a0e-4a7e-8f5b-0aca7b838a98 name=User_15_92
2025/11/08 14:46:51 INFO session updated token=31a119c5-4a0e-4a7e-8f5b-0aca7b838a98 tableID=0xc0003470d0 seatIndex=0xc000349040
2025/11/08 14:46:51 INFO session removed token=31a119c5-4a0e-4a7e-8f5b-0aca7b838a98
2025/11/08 14:46:51 INFO session created token=9a32cd3e-dfd8-48cc-8a1f-e22372b90ede name=User_15_93
2025/11/08 14:46:51 INFO session updated token=9a32cd3e-dfd8-48cc-8a1f-e22372b90ede tableID=0xc000347120 seatIndex=0xc000349090
2025/11/08 14:46:51 INFO session removed token=9a32cd3e-dfd8-48cc-8a1f-e22372b90ede
2025/11/08 14:46:51 INFO session created token=2ccad83c-27ef-4a3f-b402-a3291f6388da name=User_15_94
2025/11/08 14:46:51 INFO session updated token=2ccad83c-27ef-4a3f-b402-a3291f6388da tableID=0xc000347170 seatIndex=0xc0003490e0
2025/11/08 14:46:51 INFO session removed token=2ccad83c-27ef-4a3f-b402-a3291f6388da
2025/11/08 14:46:51 INFO session created token=c84c8e20-9327-4f6a-a585-dca7464c3701 name=User_15_95
2025/11/08 14:46:51 INFO session updated token=c84c8e20-9327-4f6a-a585-dca7464c3701 tableID=0xc0003471c0 seatIndex=0xc000349130
2025/11/08 14:46:51 INFO session removed token=c84c8e20-9327-4f6a-a585-dca7464c3701
2025/11/08 14:46:51 INFO session created token=aa0ad6aa-9262-48e9-a4b1-2b1164aaf7a9 name=User_15_96
2025/11/08 14:46:51 INFO session updated token=aa0ad6aa-9262-48e9-a4b1-2b1164aaf7a9 tableID=0xc000347210 seatIndex=0xc000349180
2025/11/08 14:46:51 INFO session removed token=aa0ad6aa-9262-48e9-a4b1-2b1164aaf7a9
2025/11/08 14:46:51 INFO session created token=f6a5daf9-e361-488e-810d-48ee74689bbc name=User_15_97
2025/11/08 14:46:51 INFO session updated token=f6a5daf9-e361-488e-810d-48ee74689bbc tableID=0xc000347260 seatIndex=0xc0003491d0
2025/11/08 14:46:51 INFO session removed token=f6a5daf9-e361-488e-810d-48ee74689bbc
2025/11/08 14:46:51 INFO session updated token=3818a2fb-8c2b-4cf9-8308-7525a486ccec tableID=0xc0003d0fe0 seatIndex=0xc0003d2d70
2025/11/08 14:46:51 INFO session removed token=3818a2fb-8c2b-4cf9-8308-7525a486ccec
2025/11/08 14:46:51 INFO session created token=6a0fecfb-4101-430a-bb1e-6aad0f7bd9df name=User_53_80
2025/11/08 14:46:51 INFO session updated token=6a0fecfb-4101-430a-bb1e-6aad0f7bd9df tableID=0xc000484bd0 seatIndex=0xc000482e10
2025/11/08 14:46:51 INFO session removed token=6a0fecfb-4101-430a-bb1e-6aad0f7bd9df
2025/11/08 14:46:51 INFO session created token=bfeaa55d-af29-486b-a10c-84c4168dbb41 name=User_53_81
2025/11/08 14:46:51 INFO session updated token=bfeaa55d-af29-486b-a10c-84c4168dbb41 tableID=0xc000484c20 seatIndex=0xc000482e60
2025/11/08 14:46:51 INFO session removed token=bfeaa55d-af29-486b-a10c-84c4168dbb41
2025/11/08 14:46:51 INFO session created token=6c0c3629-c786-4210-bef7-b5ae913f77d5 name=User_53_82
2025/11/08 14:46:51 INFO session updated token=6c0c3629-c786-4210-bef7-b5ae913f77d5 tableID=0xc000484c70 seatIndex=0xc000482eb0
2025/11/08 14:46:51 INFO session removed token=6c0c3629-c786-4210-bef7-b5ae913f77d5
2025/11/08 14:46:51 INFO session created token=1098f22d-e02d-4d8b-9055-b36f96c5999d name=User_53_83
2025/11/08 14:46:51 INFO session updated token=1098f22d-e02d-4d8b-9055-b36f96c5999d tableID=0xc000484cc0 seatIndex=0xc000482f00
2025/11/08 14:46:51 INFO session removed token=1098f22d-e02d-4d8b-9055-b36f96c5999d
2025/11/08 14:46:51 INFO session created token=b4f055ec-15f9-41a8-969d-b5417b4fce1b name=User_53_84
2025/11/08 14:46:51 INFO session updated token=b4f055ec-15f9-41a8-969d-b5417b4fce1b tableID=0xc000484d10 seatIndex=0xc000482f50
2025/11/08 14:46:51 INFO session removed token=b4f055ec-15f9-41a8-969d-b5417b4fce1b
2025/11/08 14:46:51 INFO session created token=94a128f9-483e-4e90-b3fa-ffd6d931ce2e name=User_53_85
2025/11/08 14:46:51 INFO session updated token=94a128f9-483e-4e90-b3fa-ffd6d931ce2e tableID=0xc000484d60 seatIndex=0xc000482fa0
2025/11/08 14:46:51 INFO session removed token=94a128f9-483e-4e90-b3fa-ffd6d931ce2e
2025/11/08 14:46:51 INFO session removed token=eb7124ec-9eed-4b4a-a45d-555b10c499fb
2025/11/08 14:46:51 INFO session created token=9788270d-d227-4f4e-b3e1-8f0ecdcc05f8 name=User_53_86
2025/11/08 14:46:51 INFO session created token=7db4edba-1b52-4431-a74e-73669a751624 name=User_88_67
2025/11/08 14:46:51 INFO session updated token=9788270d-d227-4f4e-b3e1-8f0ecdcc05f8 tableID=0xc000484db0 seatIndex=0xc000482ff0
2025/11/08 14:46:51 INFO session removed token=9788270d-d227-4f4e-b3e1-8f0ecdcc05f8
2025/11/08 14:46:51 INFO session removed token=db25a830-5401-4f71-bddd-6b26755941f7
2025/11/08 14:46:51 INFO session created token=22b5ece8-93b7-48f0-8bfc-dab2fe1e7cce name=User_53_87
2025/11/08 14:46:51 INFO session created token=e97eedb2-4d77-4231-851e-3df8416d2ddd name=User_36_89
2025/11/08 14:46:51 INFO session updated token=22b5ece8-93b7-48f0-8bfc-dab2fe1e7cce tableID=0xc000484e10 seatIndex=0xc000483050
2025/11/08 14:46:51 INFO session removed token=22b5ece8-93b7-48f0-8bfc-dab2fe1e7cce
2025/11/08 14:46:51 INFO session created token=55aa9e84-2913-4ee9-8ad5-dd40e106ced4 name=User_53_88
2025/11/08 14:46:51 INFO session updated token=55aa9e84-2913-4ee9-8ad5-dd40e106ced4 tableID=0xc000484e70 seatIndex=0xc0004830b0
2025/11/08 14:46:51 INFO session removed token=55aa9e84-2913-4ee9-8ad5-dd40e106ced4
2025/11/08 14:46:51 INFO session created token=457c58d6-70ae-4679-879f-7e3ef600fa73 name=User_53_89
2025/11/08 14:46:51 INFO session updated token=457c58d6-70ae-4679-879f-7e3ef600fa73 tableID=0xc000484ec0 seatIndex=0xc000483100
2025/11/08 14:46:51 INFO session removed token=457c58d6-70ae-4679-879f-7e3ef600fa73
2025/11/08 14:46:51 INFO session created token=c8bce673-c68b-442e-9f9a-02a4bbf5a80c name=User_53_90
2025/11/08 14:46:51 INFO session updated token=c8bce673-c68b-442e-9f9a-02a4bbf5a80c tableID=0xc000484f10 seatIndex=0xc000483150
2025/11/08 14:46:51 INFO session removed token=c8bce673-c68b-442e-9f9a-02a4bbf5a80c
2025/11/08 14:46:51 INFO session created token=0664264d-4a58-460b-91b4-018020ae806c name=User_53_91
2025/11/08 14:46:51 INFO session updated token=0664264d-4a58-460b-91b4-018020ae806c tableID=0xc000484f60 seatIndex=0xc0004831a0
2025/11/08 14:46:51 INFO session removed token=0664264d-4a58-460b-91b4-018020ae806c
2025/11/08 14:46:51 INFO session updated token=e97eedb2-4d77-4231-851e-3df8416d2ddd tableID=0xc000484e30 seatIndex=0xc000483080
2025/11/08 14:46:51 INFO session removed token=e97eedb2-4d77-4231-851e-3df8416d2ddd
2025/11/08 14:46:51 INFO session created token=25de8c0d-e7ca-412e-afb7-32f750483339 name=User_36_90
2025/11/08 14:46:51 INFO session updated token=25de8c0d-e7ca-412e-afb7-32f750483339 tableID=0xc000411ee0 seatIndex=0xc000415de0
2025/11/08 14:46:51 INFO session removed token=25de8c0d-e7ca-412e-afb7-32f750483339
2025/11/08 14:46:51 INFO session created token=09be9a69-646d-46c3-bd7d-628fa0920103 name=User_36_91
2025/11/08 14:46:51 INFO session updated token=09be9a69-646d-46c3-bd7d-628fa0920103 tableID=0xc000411f30 seatIndex=0xc000415e30
2025/11/08 14:46:51 INFO session removed token=09be9a69-646d-46c3-bd7d-628fa0920103
2025/11/08 14:46:51 INFO session created token=7adb4dbb-08d0-45a9-9bba-374ae632df50 name=User_36_92
2025/11/08 14:46:51 INFO session updated token=7adb4dbb-08d0-45a9-9bba-374ae632df50 tableID=0xc000418000 seatIndex=0xc000415e80
2025/11/08 14:46:51 INFO session removed token=7adb4dbb-08d0-45a9-9bba-374ae632df50
2025/11/08 14:46:51 INFO session created token=d3fea963-e2ca-44f9-a80e-8a85283ab1a9 name=User_36_93
2025/11/08 14:46:51 INFO session created token=32a82869-6b73-4cbf-9c8c-c7126ccd2a17 name=User_17_61
2025/11/08 14:46:51 INFO session updated token=d3fea963-e2ca-44f9-a80e-8a85283ab1a9 tableID=0xc000418050 seatIndex=0xc000415ed0
2025/11/08 14:46:51 INFO session removed token=d3fea963-e2ca-44f9-a80e-8a85283ab1a9
2025/11/08 14:46:51 INFO session created token=d6a292a3-7155-494e-8278-2a858f1e94e8 name=User_36_94
2025/11/08 14:46:51 INFO session updated token=d6a292a3-7155-494e-8278-2a858f1e94e8 tableID=0xc0004180b0 seatIndex=0xc000415f30
2025/11/08 14:46:51 INFO session removed token=d6a292a3-7155-494e-8278-2a858f1e94e8
2025/11/08 14:46:51 INFO session created token=0c5189f6-be14-4b5e-bd26-cf75d3a6f936 name=User_58_43
2025/11/08 14:46:51 INFO session removed token=03889eb1-2095-4452-993d-1f6d67761863
2025/11/08 14:46:51 INFO session updated token=71e195de-5ab1-4aa0-80b7-534c67901ba1 tableID=0xc0004845d0 seatIndex=0xc000482840
2025/11/08 14:46:51 INFO session updated token=51edb158-357c-4d63-961d-16857823ae93 tableID=0xc0004845f0 seatIndex=0xc000482870
2025/11/08 14:46:51 INFO session updated token=32303b4e-59d8-407e-9101-a55379b3bb28 tableID=0xc000484600 seatIndex=0xc000482880
2025/11/08 14:46:51 INFO session updated token=5d31b6ee-500c-438e-acdc-18503f570d1c tableID=0xc000411540 seatIndex=0xc0004154a0
2025/11/08 14:46:51 INFO session removed token=75f0bfc7-948f-4e2d-8823-bf89342eb26a
2025/11/08 14:46:51 INFO session created token=6cb28c38-8033-4348-aa67-5cbb4320706c name=User_61_94
2025/11/08 14:46:51 INFO session updated token=1b85157d-5f3f-4897-82ea-064657475d69 tableID=0xc000346790 seatIndex=0xc0003486a0
2025/11/08 14:46:51 INFO session created token=3385c8ee-50b7-4be3-9ad4-ffe14a2e2601 name=User_93_77
2025/11/08 14:46:51 INFO session updated token=764d5ec4-e26e-40ff-9dd3-e411e6b5de47 tableID=0xc0003467a0 seatIndex=0xc0003486b0
2025/11/08 14:46:51 INFO session updated token=a7d850e4-89df-4c7a-8e09-a71014325f75 tableID=0xc000484660 seatIndex=0xc0004828b0
2025/11/08 14:46:51 INFO session removed token=4ac1be18-ac56-47de-9433-44a3226da8ea
2025/11/08 14:46:51 INFO session removed token=7c18649b-2564-40c4-9431-d1dd555ee24a
2025/11/08 14:46:51 INFO session removed token=2bc09a56-b206-4183-ac7b-0e836e8ec699
2025/11/08 14:46:51 INFO session removed token=5db73699-6ab3-46ab-8d2b-bed9842fca16
2025/11/08 14:46:51 INFO session removed token=6ec016db-9906-45bb-aa50-738343902f87
2025/11/08 14:46:51 INFO session removed token=247aceb6-425c-447a-8631-ebd625a1bf27
2025/11/08 14:46:51 INFO session updated token=636e225f-3558-46e8-bf1c-3f4ba2cfce57 tableID=0xc0004117c0 seatIndex=0xc000415740
2025/11/08 14:46:51 INFO session removed token=636e225f-3558-46e8-bf1c-3f4ba2cfce57
2025/11/08 14:46:51 INFO session created token=93c9438d-9c06-4709-ae78-07db25ce0d3d name=User_75_54
2025/11/08 14:46:51 INFO session updated token=93c9438d-9c06-4709-ae78-07db25ce0d3d tableID=0xc0005b2580 seatIndex=0xc00059bf80
2025/11/08 14:46:51 INFO session removed token=93c9438d-9c06-4709-ae78-07db25ce0d3d
2025/11/08 14:46:51 INFO session created token=842b5d8d-d1f1-471a-b973-1847ec1ee296 name=User_75_55
2025/11/08 14:46:51 INFO session created token=f6e768c6-68f3-4baf-a6ef-cc2e4b60a92a name=User_35_44
2025/11/08 14:46:51 INFO session updated token=842b5d8d-d1f1-471a-b973-1847ec1ee296 tableID=0xc0005b25d0 seatIndex=0xc00059bfd0
2025/11/08 14:46:51 INFO session created token=2943cd2d-1510-41b5-a053-2a7b1f7c0880 name=User_86_56
2025/11/08 14:46:51 INFO session removed token=842b5d8d-d1f1-471a-b973-1847ec1ee296
2025/11/08 14:46:51 INFO session created token=7ac8392a-7564-4d6f-aa7a-748a007a8bf9 name=User_51_26
2025/11/08 14:46:51 INFO session created token=2018370b-e7ca-4767-9ec7-ce0c8da7125d name=User_95_85
2025/11/08 14:46:51 INFO session updated token=7ac8392a-7564-4d6f-aa7a-748a007a8bf9 tableID=0xc0005b2640 seatIndex=0xc0005b4040
2025/11/08 14:46:51 INFO session removed token=7ac8392a-7564-4d6f-aa7a-748a007a8bf9
2025/11/08 14:46:51 INFO session removed token=a7d850e4-89df-4c7a-8e09-a71014325f75
2025/11/08 14:46:51 INFO session created token=48bc2888-9f70-4b0c-a123-fb130e938a34 name=User_51_27
2025/11/08 14:46:51 INFO session created token=ca1807ea-f014-401d-a3a2-c74df8bf396a name=User_44_65
2025/11/08 14:46:51 INFO session updated token=48bc2888-9f70-4b0c-a123-fb130e938a34 tableID=0xc000485050 seatIndex=0xc000483260
2025/11/08 14:46:51 INFO session removed token=48bc2888-9f70-4b0c-a123-fb130e938a34
2025/11/08 14:46:51 INFO session created token=60279202-c550-4d88-b9ee-160c683b3acd name=User_51_28
2025/11/08 14:46:51 INFO session updated token=60279202-c550-4d88-b9ee-160c683b3acd tableID=0xc0004850b0 seatIndex=0xc0004832c0
2025/11/08 14:46:51 INFO session removed token=60279202-c550-4d88-b9ee-160c683b3acd
2025/11/08 14:46:51 INFO session created token=2fb60e57-690e-4576-b29b-0c51b16ae767 name=User_51_29
2025/11/08 14:46:51 INFO session updated token=2fb60e57-690e-4576-b29b-0c51b16ae767 tableID=0xc000485100 seatIndex=0xc000483310
2025/11/08 14:46:51 INFO session removed token=2fb60e57-690e-4576-b29b-0c51b16ae767
2025/11/08 14:46:51 INFO session created token=028bbfdc-c00e-4e93-805e-03cfcfc1b654 name=User_51_30
2025/11/08 14:46:51 INFO session updated token=ca1807ea-f014-401d-a3a2-c74df8bf396a tableID=0xc000485070 seatIndex=0xc000483290
2025/11/08 14:46:51 INFO session removed token=ca1807ea-f014-401d-a3a2-c74df8bf396a
2025/11/08 14:46:51 INFO session created token=b83312b4-9531-4fc5-b01d-1dd896e4ff51 name=User_9_57
2025/11/08 14:46:51 INFO session updated token=2e7c4ac5-99e8-44f3-9ed8-d83169e517ed tableID=0xc000346e20 seatIndex=0xc000348da0
2025/11/08 14:46:51 INFO session removed token=2e7c4ac5-99e8-44f3-9ed8-d83169e517ed
2025/11/08 14:46:51 INFO session created token=15b956d7-d3e7-474d-8247-ee689e52a869 name=User_99_98
2025/11/08 14:46:51 INFO session updated token=15b956d7-d3e7-474d-8247-ee689e52a869 tableID=0xc000347440 seatIndex=0xc000349410
2025/11/08 14:46:51 INFO session removed token=15b956d7-d3e7-474d-8247-ee689e52a869
2025/11/08 14:46:51 INFO session created token=0ceffba5-c0e0-422a-8b70-f94e2d04ea0a name=User_99_99
2025/11/08 14:46:51 INFO session updated token=0ceffba5-c0e0-422a-8b70-f94e2d04ea0a tableID=0xc000347490 seatIndex=0xc000349460
2025/11/08 14:46:51 INFO session removed token=0ceffba5-c0e0-422a-8b70-f94e2d04ea0a
2025/11/08 14:46:51 INFO session updated token=f06b30f6-4278-4b2e-942c-a7676b8f17f5 tableID=0xc000484710 seatIndex=0xc000482950
2025/11/08 14:46:51 INFO session removed token=f06b30f6-4278-4b2e-942c-a7676b8f17f5
2025/11/08 14:46:51 INFO session created token=ed116818-8d51-4a7f-842c-1bfbe33f4322 name=User_24_96
2025/11/08 14:46:51 INFO session updated token=ed116818-8d51-4a7f-842c-1bfbe33f4322 tableID=0xc000347500 seatIndex=0xc0003494d0
2025/11/08 14:46:51 INFO session removed token=ed116818-8d51-4a7f-842c-1bfbe33f4322
2025/11/08 14:46:51 INFO session created token=fad478ba-9b78-4b70-93c2-893cb7093ad1 name=User_24_97
2025/11/08 14:46:51 INFO session updated token=fad478ba-9b78-4b70-93c2-893cb7093ad1 tableID=0xc000347550 seatIndex=0xc000349520
2025/11/08 14:46:51 INFO session removed token=fad478ba-9b78-4b70-93c2-893cb7093ad1
2025/11/08 14:46:51 INFO session created token=c7d54a04-10d9-4c64-9bca-312702149b2d name=User_24_98
2025/11/08 14:46:51 INFO session updated token=c7d54a04-10d9-4c64-9bca-312702149b2d tableID=0xc0003475a0 seatIndex=0xc000349570
2025/11/08 14:46:51 INFO session removed token=c7d54a04-10d9-4c64-9bca-312702149b2d
2025/11/08 14:46:51 INFO session created token=45d3448b-beb4-47d6-bf95-9c1ab8b41e1e name=User_24_99
2025/11/08 14:46:51 INFO session updated token=45d3448b-beb4-47d6-bf95-9c1ab8b41e1e tableID=0xc0003475f0 seatIndex=0xc0003495c0
2025/11/08 14:46:51 INFO session removed token=45d3448b-beb4-47d6-bf95-9c1ab8b41e1e
2025/11/08 14:46:51 INFO session created token=9c887528-8063-4a63-98e0-8d0e58f3c5d9 name=User_56_67
2025/11/08 14:46:51 INFO session updated token=9c887528-8063-4a63-98e0-8d0e58f3c5d9 tableID=0xc000347640 seatIndex=0xc0003495f0
2025/11/08 14:46:51 INFO session removed token=9c887528-8063-4a63-98e0-8d0e58f3c5d9
2025/11/08 14:46:51 INFO session created token=94214f31-6aa6-46be-b29f-bed57dafb669 name=User_56_68
2025/11/08 14:46:51 INFO session updated token=94214f31-6aa6-46be-b29f-bed57dafb669 tableID=0xc000347690 seatIndex=0xc000349640
2025/11/08 14:46:51 INFO session removed token=94214f31-6aa6-46be-b29f-bed57dafb669
2025/11/08 14:46:51 INFO session created token=21abd7f9-0a41-4e35-b72c-a51e3b784845 name=User_56_69
2025/11/08 14:46:51 INFO session updated token=21abd7f9-0a41-4e35-b72c-a51e3b784845 tableID=0xc0003476e0 seatIndex=0xc000349690
2025/11/08 14:46:51 INFO session removed token=21abd7f9-0a41-4e35-b72c-a51e3b784845
2025/11/08 14:46:51 INFO session created token=6e571468-083d-41a5-9116-d39ce5666b15 name=User_56_70
2025/11/08 14:46:51 INFO session updated token=6e571468-083d-41a5-9116-d39ce5666b15 tableID=0xc000347730 seatIndex=0xc0003496e0
2025/11/08 14:46:51 INFO session removed token=6e571468-083d-41a5-9116-d39ce5666b15
2025/11/08 14:46:51 INFO session created token=c746df18-2ae9-4505-adae-a5cbcf512d8f name=User_56_71
2025/11/08 14:46:51 INFO session updated token=c746df18-2ae9-4505-adae-a5cbcf512d8f tableID=0xc000347780 seatIndex=0xc000349730
2025/11/08 14:46:51 INFO session removed token=c746df18-2ae9-4505-adae-a5cbcf512d8f
2025/11/08 14:46:51 INFO session created token=8041562f-7618-41f1-88dd-5faa3ae38363 name=User_56_72
2025/11/08 14:46:51 INFO session updated token=8041562f-7618-41f1-88dd-5faa3ae38363 tableID=0xc0003477d0 seatIndex=0xc000349780
2025/11/08 14:46:51 INFO session removed token=8041562f-7618-41f1-88dd-5faa3ae38363
2025/11/08 14:46:51 INFO session created token=bcbd8ecb-ec30-419f-8717-f09c7262b485 name=User_56_73
2025/11/08 14:46:51 INFO session updated token=bcbd8ecb-ec30-419f-8717-f09c7262b485 tableID=0xc000347820 seatIndex=0xc0003497d0
2025/11/08 14:46:51 INFO session removed token=bcbd8ecb-ec30-419f-8717-f09c7262b485
2025/11/08 14:46:51 INFO session created token=13e84ed2-ee21-44f4-99b4-afedd75f47a2 name=User_56_74
2025/11/08 14:46:51 INFO session updated token=13e84ed2-ee21-44f4-99b4-afedd75f47a2 tableID=0xc000347870 seatIndex=0xc000349820
2025/11/08 14:46:51 INFO session removed token=13e84ed2-ee21-44f4-99b4-afedd75f47a2
2025/11/08 14:46:51 INFO session created token=29003c4b-18f2-4e13-b187-2cd55d868551 name=User_56_75
2025/11/08 14:46:51 INFO session updated token=29003c4b-18f2-4e13-b187-2cd55d868551 tableID=0xc0003478c0 seatIndex=0xc000349870
2025/11/08 14:46:51 INFO session removed token=29003c4b-18f2-4e13-b187-2cd55d868551
2025/11/08 14:46:51 INFO session created token=d2e9561c-0d6a-4765-a6ba-9d4afc439315 name=User_56_76
2025/11/08 14:46:51 INFO session updated token=d2e9561c-0d6a-4765-a6ba-9d4afc439315 tableID=0xc000347910 seatIndex=0xc0003498c0
2025/11/08 14:46:51 INFO session removed token=d2e9561c-0d6a-4765-a6ba-9d4afc439315
2025/11/08 14:46:51 INFO session created token=84527a5d-8939-4d48-9bef-ceb1144e1ef5 name=User_56_77
2025/11/08 14:46:51 INFO session updated token=84527a5d-8939-4d48-9bef-ceb1144e1ef5 tableID=0xc000347960 seatIndex=0xc000349910
2025/11/08 14:46:51 INFO session removed token=84527a5d-8939-4d48-9bef-ceb1144e1ef5
2025/11/08 14:46:51 INFO session created token=3f38137a-6be3-404a-9f7f-9e11181a2eaa name=User_56_78
2025/11/08 14:46:51 INFO session updated token=05ebdaa6-88df-48d0-8bfb-dd4137397408 tableID=0xc000411b40 seatIndex=0xc000415a50
2025/11/08 14:46:51 INFO session removed token=05ebdaa6-88df-48d0-8bfb-dd4137397408
2025/11/08 14:46:51 INFO session updated token=bdde3169-bcbe-4d10-90dc-d4498bd976d8 tableID=0xc000347090 seatIndex=0xc000349010
2025/11/08 14:46:51 INFO session removed token=bdde3169-bcbe-4d10-90dc-d4498bd976d8
2025/11/08 14:46:51 INFO session created token=c45d04ba-de9c-44d4-8321-2882d0465675 name=User_54_67
2025/11/08 14:46:51 INFO session created token=9ca60726-8cfe-4e38-b72d-63861b4fa26e name=User_63_50
2025/11/08 14:46:51 INFO session created token=57f6910a-a560-4d0f-bd34-30070d78fa32 name=User_79_69
2025/11/08 14:46:51 INFO session updated token=c45d04ba-de9c-44d4-8321-2882d0465675 tableID=0xc0003479d0 seatIndex=0xc000349960
2025/11/08 14:46:51 INFO session removed token=c45d04ba-de9c-44d4-8321-2882d0465675
2025/11/08 14:46:51 INFO session created token=32d5d87b-f3c0-46a1-b237-7011dbf0b27e name=User_54_68
2025/11/08 14:46:51 INFO session updated token=32d5d87b-f3c0-46a1-b237-7011dbf0b27e tableID=0xc0003d1090 seatIndex=0xc0003d2e50
2025/11/08 14:46:51 INFO session removed token=32d5d87b-f3c0-46a1-b237-7011dbf0b27e
2025/11/08 14:46:51 INFO session created token=d45d550e-3884-4e12-8df1-b5b3e917508a name=User_54_69
2025/11/08 14:46:51 INFO session updated token=d45d550e-3884-4e12-8df1-b5b3e917508a tableID=0xc0003d10e0 seatIndex=0xc0003d2ea0
2025/11/08 14:46:51 INFO session removed token=d45d550e-3884-4e12-8df1-b5b3e917508a
2025/11/08 14:46:51 INFO session created token=c10da5b9-c79e-47f9-8bac-1acfde0c3b36 name=User_54_70
2025/11/08 14:46:51 INFO session updated token=c10da5b9-c79e-47f9-8bac-1acfde0c3b36 tableID=0xc0003d1130 seatIndex=0xc0003d2ef0
2025/11/08 14:46:51 INFO session removed token=c10da5b9-c79e-47f9-8bac-1acfde0c3b36
2025/11/08 14:46:51 INFO session created token=2d80ced4-2af2-4d85-a44c-5b0b9e1ec608 name=User_54_71
2025/11/08 14:46:51 INFO session created token=721896d2-2cf1-43f2-ac81-a99d812b77e4 name=User_15_98
2025/11/08 14:46:51 INFO session updated token=2d80ced4-2af2-4d85-a44c-5b0b9e1ec608 tableID=0xc0003d1180 seatIndex=0xc0003d2f40
2025/11/08 14:46:51 INFO session removed token=2d80ced4-2af2-4d85-a44c-5b0b9e1ec608
2025/11/08 14:46:51 INFO session created token=5697df01-72ac-4627-86fd-3b34a89a454a name=User_54_72
2025/11/08 14:46:51 INFO session updated token=5697df01-72ac-4627-86fd-3b34a89a454a tableID=0xc0003d11e0 seatIndex=0xc0003d2fa0
2025/11/08 14:46:51 INFO session removed token=5697df01-72ac-4627-86fd-3b34a89a454a
2025/11/08 14:46:51 INFO session created token=eae0bb78-2306-4cf1-93bf-089c46a7361b name=User_54_73
2025/11/08 14:46:51 INFO session updated token=eae0bb78-2306-4cf1-93bf-089c46a7361b tableID=0xc0003d1230 seatIndex=0xc0003d2ff0
2025/11/08 14:46:51 INFO session removed token=eae0bb78-2306-4cf1-93bf-089c46a7361b
2025/11/08 14:46:51 INFO session created token=c6e2be4f-ada2-4247-8dd7-b1db3fb5a19d name=User_54_74
2025/11/08 14:46:51 INFO session updated token=c6e2be4f-ada2-4247-8dd7-b1db3fb5a19d tableID=0xc0003d1280 seatIndex=0xc0003d3040
2025/11/08 14:46:51 INFO session removed token=c6e2be4f-ada2-4247-8dd7-b1db3fb5a19d
2025/11/08 14:46:51 INFO session created token=f56405ff-bc57-4b39-9cda-abcd41008a6e name=User_54_75
2025/11/08 14:46:51 INFO session updated token=f56405ff-bc57-4b39-9cda-abcd41008a6e tableID=0xc0003d12d0 seatIndex=0xc0003d3090
2025/11/08 14:46:51 INFO session removed token=f56405ff-bc57-4b39-9cda-abcd41008a6e
2025/11/08 14:46:51 INFO session created token=99371ac1-6d52-4134-9a6d-e35d18bb523f name=User_54_76
2025/11/08 14:46:51 INFO session updated token=99371ac1-6d52-4134-9a6d-e35d18bb523f tableID=0xc0003d1320 seatIndex=0xc0003d30e0
2025/11/08 14:46:51 INFO session removed token=99371ac1-6d52-4134-9a6d-e35d18bb523f
2025/11/08 14:46:51 INFO session created token=6e50f174-4ca1-45ed-9519-6efe693a3c14 name=User_54_77
2025/11/08 14:46:51 INFO session updated token=6e50f174-4ca1-45ed-9519-6efe693a3c14 tableID=0xc0003d1370 seatIndex=0xc0003d3130
2025/11/08 14:46:51 INFO session removed token=6e50f174-4ca1-45ed-9519-6efe693a3c14
2025/11/08 14:46:51 INFO session created token=913d18de-84d6-4dd7-a285-17d387ddb30d name=User_54_78
2025/11/08 14:46:51 INFO session updated token=913d18de-84d6-4dd7-a285-17d387ddb30d tableID=0xc0003d13c0 seatIndex=0xc0003d3180
2025/11/08 14:46:51 INFO session removed token=913d18de-84d6-4dd7-a285-17d387ddb30d
2025/11/08 14:46:51 INFO session created token=fd43c44e-f10a-432f-8375-e31ec4649d31 name=User_54_79
2025/11/08 14:46:51 INFO session updated token=fd43c44e-f10a-432f-8375-e31ec4649d31 tableID=0xc0003d1410 seatIndex=0xc0003d31d0
2025/11/08 14:46:51 INFO session removed token=fd43c44e-f10a-432f-8375-e31ec4649d31
2025/11/08 14:46:51 INFO session created token=c40c46dc-2fe8-4cc6-88c9-cef83a557d83 name=User_54_80
2025/11/08 14:46:51 INFO session updated token=c40c46dc-2fe8-4cc6-88c9-cef83a557d83 tableID=0xc0003d1460 seatIndex=0xc0003d3220
2025/11/08 14:46:51 INFO session removed token=c40c46dc-2fe8-4cc6-88c9-cef83a557d83
2025/11/08 14:46:51 INFO session created token=942734f2-42a8-4636-8183-954cb8a53da9 name=User_54_81
2025/11/08 14:46:51 INFO session updated token=942734f2-42a8-4636-8183-954cb8a53da9 tableID=0xc0003d14b0 seatIndex=0xc0003d3270
2025/11/08 14:46:51 INFO session removed token=942734f2-42a8-4636-8183-954cb8a53da9
2025/11/08 14:46:51 INFO session updated token=7db4edba-1b52-4431-a74e-73669a751624 tableID=0xc000484dd0 seatIndex=0xc000483020
2025/11/08 14:46:51 INFO session removed token=7db4edba-1b52-4431-a74e-73669a751624
2025/11/08 14:46:51 INFO session created token=3da2cb3a-4542-4c1c-a77d-453348c20413 name=User_88_68
2025/11/08 14:46:51 INFO session updated token=3da2cb3a-4542-4c1c-a77d-453348c20413 tableID=0xc000347a60 seatIndex=0xc0003499e0
2025/11/08 14:46:51 INFO session removed token=3da2cb3a-4542-4c1c-a77d-453348c20413
2025/11/08 14:46:51 INFO session created token=e1eda330-bb29-4afd-a329-26d2d3e360c4 name=User_88_69
2025/11/08 14:46:51 INFO session updated token=e1eda330-bb29-4afd-a329-26d2d3e360c4 tableID=0xc000347ab0 seatIndex=0xc000349a30
2025/11/08 14:46:51 INFO session removed token=e1eda330-bb29-4afd-a329-26d2d3e360c4
2025/11/08 14:46:51 INFO session created token=ad0ac278-dee4-4a74-86ef-156057937d89 name=User_88_70
2025/11/08 14:46:51 INFO session updated token=ad0ac278-dee4-4a74-86ef-156057937d89 tableID=0xc000347b00 seatIndex=0xc000349a80
2025/11/08 14:46:51 INFO session removed token=ad0ac278-dee4-4a74-86ef-156057937d89
2025/11/08 14:46:51 INFO session created token=022e4c20-f1da-4e23-bdf6-88e63a6734e4 name=User_88_71
2025/11/08 14:46:51 INFO session updated token=022e4c20-f1da-4e23-bdf6-88e63a6734e4 tableID=0xc000347b50 seatIndex=0xc000349ad0
2025/11/08 14:46:51 INFO session removed token=022e4c20-f1da-4e23-bdf6-88e63a6734e4
2025/11/08 14:46:51 INFO session created token=63418b96-cc40-4f9b-9d7a-d6e3c79e9d72 name=User_88_72
2025/11/08 14:46:51 INFO session updated token=63418b96-cc40-4f9b-9d7a-d6e3c79e9d72 tableID=0xc000347ba0 seatIndex=0xc000349b20
2025/11/08 14:46:51 INFO session removed token=63418b96-cc40-4f9b-9d7a-d6e3c79e9d72
2025/11/08 14:46:51 INFO session created token=2e9a438d-d6d5-4a71-9242-be47bc3c5d63 name=User_88_73
2025/11/08 14:46:51 INFO session updated token=2e9a438d-d6d5-4a71-9242-be47bc3c5d63 tableID=0xc000347bf0 seatIndex=0xc000349b70
2025/11/08 14:46:51 INFO session removed token=2e9a438d-d6d5-4a71-9242-be47bc3c5d63
2025/11/08 14:46:51 INFO session created token=4ef78c35-868b-4c08-9d0e-8e9fdc8428fc name=User_53_92
2025/11/08 14:46:51 INFO session created token=1bbd0a02-98a3-4a53-b731-4036e2b78548 name=User_88_74
2025/11/08 14:46:51 INFO session updated token=4ef78c35-868b-4c08-9d0e-8e9fdc8428fc tableID=0xc0003d1500 seatIndex=0xc0003d32c0
2025/11/08 14:46:51 INFO session removed token=4ef78c35-868b-4c08-9d0e-8e9fdc8428fc
2025/11/08 14:46:51 INFO session created token=079f14d6-5742-46a5-9f78-055f33e6a1cf name=User_53_93
2025/11/08 14:46:51 INFO session updated token=079f14d6-5742-46a5-9f78-055f33e6a1cf tableID=0xc0003d1560 seatIndex=0xc0003d3320
2025/11/08 14:46:51 INFO session removed token=079f14d6-5742-46a5-9f78-055f33e6a1cf
2025/11/08 14:46:51 INFO session created token=d5bc1235-3e47-465f-a452-959b8754120c name=User_53_94
2025/11/08 14:46:51 INFO session updated token=d5bc1235-3e47-465f-a452-959b8754120c tableID=0xc0003d15b0 seatIndex=0xc0003d3370
2025/11/08 14:46:51 INFO session removed token=d5bc1235-3e47-465f-a452-959b8754120c
2025/11/08 14:46:51 INFO session created token=c3bf4e21-2798-4448-bba4-34020cf7e52b name=User_53_95
2025/11/08 14:46:51 INFO session updated token=c3bf4e21-2798-4448-bba4-34020cf7e52b tableID=0xc0003d1600 seatIndex=0xc0003d33c0
2025/11/08 14:46:51 INFO session removed token=c3bf4e21-2798-4448-bba4-34020cf7e52b
2025/11/08 14:46:51 INFO session created token=6096fe4c-57ec-4d5e-888f-830adad80a20 name=User_53_96
2025/11/08 14:46:51 INFO session updated token=6096fe4c-57ec-4d5e-888f-830adad80a20 tableID=0xc0003d1650 seatIndex=0xc0003d3410
2025/11/08 14:46:51 INFO session removed token=6096fe4c-57ec-4d5e-888f-830adad80a20
2025/11/08 14:46:51 INFO session removed token=91aa5adb-a748-43aa-a910-7a545536b529
2025/11/08 14:46:51 INFO session created token=6fd11acd-0c20-4a6e-bed2-7b05ad53c9f1 name=User_14_85
2025/11/08 14:46:51 INFO session updated token=6fd11acd-0c20-4a6e-bed2-7b05ad53c9f1 tableID=0xc0004851d0 seatIndex=0xc0004833f0
2025/11/08 14:46:51 INFO session removed token=6fd11acd-0c20-4a6e-bed2-7b05ad53c9f1
2025/11/08 14:46:51 INFO session created token=d137c9e5-ecd3-4aff-af4a-dbf9bc30055a name=User_14_86
2025/11/08 14:46:51 INFO session updated token=d137c9e5-ecd3-4aff-af4a-dbf9bc30055a tableID=0xc000485220 seatIndex=0xc000483440
2025/11/08 14:46:51 INFO session removed token=d137c9e5-ecd3-4aff-af4a-dbf9bc30055a
2025/11/08 14:46:51 INFO session created token=8bcfd538-8537-4cb4-bcac-dbbcca34dd1f name=User_14_87
2025/11/08 14:46:51 INFO session updated token=8bcfd538-8537-4cb4-bcac-dbbcca34dd1f tableID=0xc000485270 seatIndex=0xc000483490
2025/11/08 14:46:51 INFO session removed token=8bcfd538-8537-4cb4-bcac-dbbcca34dd1f
2025/11/08 14:46:51 INFO session created token=fb05c3fe-919e-49c0-ae41-4c8fca0caedc name=User_14_88
2025/11/08 14:46:51 INFO session updated token=fb05c3fe-919e-49c0-ae41-4c8fca0caedc tableID=0xc0004852c0 seatIndex=0xc0004834e0
2025/11/08 14:46:51 INFO session removed token=fb05c3fe-919e-49c0-ae41-4c8fca0caedc
2025/11/08 14:46:51 INFO session created token=5bb58507-3412-44ff-8c12-ed7129fd3186 name=User_14_89
2025/11/08 14:46:51 INFO session updated token=1bbd0a02-98a3-4a53-b731-4036e2b78548 tableID=0xc0003d1520 seatIndex=0xc0003d32f0
2025/11/08 14:46:51 INFO session removed token=1bbd0a02-98a3-4a53-b731-4036e2b78548
2025/11/08 14:46:51 INFO session updated token=32a82869-6b73-4cbf-9c8c-c7126ccd2a17 tableID=0xc000418070 seatIndex=0xc000415f00
2025/11/08 14:46:51 INFO session updated token=0c5189f6-be14-4b5e-bd26-cf75d3a6f936 tableID=0xc000347340 seatIndex=0xc000349280
2025/11/08 14:46:51 INFO session removed token=51edb158-357c-4d63-961d-16857823ae93
2025/11/08 14:46:51 INFO session removed token=71e195de-5ab1-4aa0-80b7-534c67901ba1
2025/11/08 14:46:51 INFO session removed token=32303b4e-59d8-407e-9101-a55379b3bb28
2025/11/08 14:46:51 INFO session removed token=5d31b6ee-500c-438e-acdc-18503f570d1c
2025/11/08 14:46:51 INFO session updated token=6cb28c38-8033-4348-aa67-5cbb4320706c tableID=0xc0003473b0 seatIndex=0xc000349330
2025/11/08 14:46:51 INFO session removed token=1b85157d-5f3f-4897-82ea-064657475d69
2025/11/08 14:46:51 INFO session removed token=764d5ec4-e26e-40ff-9dd3-e411e6b5de47
2025/11/08 14:46:51 INFO session created token=8d38535e-8bb4-4251-a25a-3b0e4e10bb64 name=User_36_95
2025/11/08 14:46:51 INFO session updated token=3385c8ee-50b7-4be3-9ad4-ffe14a2e2601 tableID=0xc0005b24c0 seatIndex=0xc00059bf10
2025/11/08 14:46:51 INFO session updated token=f6e768c6-68f3-4baf-a6ef-cc2e4b60a92a tableID=0xc0005b25f0 seatIndex=0xc0005b4000
2025/11/08 14:46:51 INFO session created token=fdfed03a-d1e8-482d-9325-9475e4a81080 name=User_28_71
2025/11/08 14:46:51 INFO session created token=036e383f-b15f-4b6f-a9b1-b7422811c759 name=User_3_81
2025/11/08 14:46:51 INFO session updated token=fdfed03a-d1e8-482d-9325-9475e4a81080 tableID=0xc000485330 seatIndex=0xc000483590
2025/11/08 14:46:51 INFO session removed token=fdfed03a-d1e8-482d-9325-9475e4a81080
2025/11/08 14:46:51 INFO session created token=dd9b87eb-62a1-4bdf-b0a5-dcdc84a8d849 name=User_28_72
2025/11/08 14:46:51 INFO session updated token=dd9b87eb-62a1-4bdf-b0a5-dcdc84a8d849 tableID=0xc000485390 seatIndex=0xc0004835f0
2025/11/08 14:46:51 INFO session removed token=dd9b87eb-62a1-4bdf-b0a5-dcdc84a8d849
2025/11/08 14:46:51 INFO session created token=58691051-cb6a-4988-9e66-a99e58e3e34e name=User_28_73
2025/11/08 14:46:51 INFO session updated token=58691051-cb6a-4988-9e66-a99e58e3e34e tableID=0xc0004853e0 seatIndex=0xc000483640
2025/11/08 14:46:51 INFO session removed token=58691051-cb6a-4988-9e66-a99e58e3e34e
2025/11/08 14:46:51 INFO session created token=735ddfa2-71f8-4870-bb89-87568df48abb name=User_28_74
2025/11/08 14:46:51 INFO session updated token=735ddfa2-71f8-4870-bb89-87568df48abb tableID=0xc000485430 seatIndex=0xc000483690
2025/11/08 14:46:51 INFO session removed token=735ddfa2-71f8-4870-bb89-87568df48abb
2025/11/08 14:46:51 INFO session created token=afb7e249-66c3-4c28-8f40-12f1665d2ed9 name=User_28_75
2025/11/08 14:46:51 INFO session updated token=afb7e249-66c3-4c28-8f40-12f1665d2ed9 tableID=0xc000485480 seatIndex=0xc0004836e0
2025/11/08 14:46:51 INFO session removed token=afb7e249-66c3-4c28-8f40-12f1665d2ed9
2025/11/08 14:46:51 INFO session created token=c3bd88b6-b703-4c2f-ac69-eacefdb3b270 name=User_28_76
2025/11/08 14:46:51 INFO session created token=47df1477-803d-46c1-91a4-4f6277e19dd1 name=User_77_33
2025/11/08 14:46:51 INFO session updated token=c3bd88b6-b703-4c2f-ac69-eacefdb3b270 tableID=0xc0004854d0 seatIndex=0xc000483730
2025/11/08 14:46:51 INFO session removed token=c3bd88b6-b703-4c2f-ac69-eacefdb3b270
2025/11/08 14:46:51 INFO session updated token=2943cd2d-1510-41b5-a053-2a7b1f7c0880 tableID=0xc0005b2610 seatIndex=0xc0005b4030
2025/11/08 14:46:51 INFO session updated token=2018370b-e7ca-4767-9ec7-ce0c8da7125d tableID=0xc000485010 seatIndex=0xc000483230
2025/11/08 14:46:51 INFO session updated token=028bbfdc-c00e-4e93-805e-03cfcfc1b654 tableID=0xc000485150 seatIndex=0xc000483360
2025/11/08 14:46:51 INFO session updated token=13a37e40-29ca-407c-b085-66f0172bc665 tableID=0xc000484700 seatIndex=0xc000482940
2025/11/08 14:46:51 INFO session updated token=b83312b4-9531-4fc5-b01d-1dd896e4ff51 tableID=0xc000347400 seatIndex=0xc0003493e0
2025/11/08 14:46:51 INFO session updated token=3f38137a-6be3-404a-9f7f-9e11181a2eaa tableID=0xc0005b26a0 seatIndex=0xc0005b40b0
2025/11/08 14:46:51 INFO session updated token=57f6910a-a560-4d0f-bd34-30070d78fa32 tableID=0xc0003479f0 seatIndex=0xc000349990
2025/11/08 14:46:51 INFO session created token=68b2fd2d-8429-4128-bcf2-12360bc29829 name=User_75_56
2025/11/08 14:46:51 INFO session updated token=9ca60726-8cfe-4e38-b72d-63861b4fa26e tableID=0xc0003d1050 seatIndex=0xc0003d2e20
2025/11/08 14:46:51 INFO session created token=6a1723a0-7f98-4ca1-8313-fe45b646fd37 name=User_44_66
2025/11/08 14:46:51 INFO session updated token=721896d2-2cf1-43f2-ac81-a99d812b77e4 tableID=0xc0003d11a0 seatIndex=0xc0003d2f70
2025/11/08 14:46:51 INFO session updated token=5bb58507-3412-44ff-8c12-ed7129fd3186 tableID=0xc0005b2710 seatIndex=0xc0005b4120
2025/11/08 14:46:51 INFO session removed token=5bb58507-3412-44ff-8c12-ed7129fd3186
2025/11/08 14:46:51 INFO session created token=5aa1a152-97f4-40ca-99f0-52435ed351e5 name=User_14_90
2025/11/08 14:46:51 INFO session updated token=5aa1a152-97f4-40ca-99f0-52435ed351e5 tableID=0xc000485600 seatIndex=0xc0004838f0
2025/11/08 14:46:51 INFO session removed token=5aa1a152-97f4-40ca-99f0-52435ed351e5
2025/11/08 14:46:51 INFO session created token=c1bcbd08-c172-45b4-8e28-64ed7d7b8d35 name=User_14_91
2025/11/08 14:46:51 INFO session updated token=c1bcbd08-c172-45b4-8e28-64ed7d7b8d35 tableID=0xc000485650 seatIndex=0xc000483940
2025/11/08 14:46:51 INFO session removed token=c1bcbd08-c172-45b4-8e28-64ed7d7b8d35
2025/11/08 14:46:51 INFO session created token=738cb7dc-68eb-456e-9f36-26e64d94de23 name=User_14_92
2025/11/08 14:46:51 INFO session updated token=738cb7dc-68eb-456e-9f36-26e64d94de23 tableID=0xc0004856a0 seatIndex=0xc000483990
2025/11/08 14:46:51 INFO session removed token=738cb7dc-68eb-456e-9f36-26e64d94de23
2025/11/08 14:46:51 INFO session created token=aebe38aa-9eaf-4039-844d-6416844e63f2 name=User_14_93
2025/11/08 14:46:51 INFO session updated token=aebe38aa-9eaf-4039-844d-6416844e63f2 tableID=0xc0004856f0 seatIndex=0xc0004839e0
2025/11/08 14:46:51 INFO session removed token=aebe38aa-9eaf-4039-844d-6416844e63f2
2025/11/08 14:46:51 INFO session created token=bca5fadf-665e-41d3-985d-c5424e93e3b7 name=User_14_94
2025/11/08 14:46:51 INFO session updated token=bca5fadf-665e-41d3-985d-c5424e93e3b7 tableID=0xc000485740 seatIndex=0xc000483a30
2025/11/08 14:46:51 INFO session removed token=bca5fadf-665e-41d3-985d-c5424e93e3b7
2025/11/08 14:46:51 INFO session created token=dc19b35d-9816-43f5-9a3a-60b13bf97c83 name=User_14_95
2025/11/08 14:46:51 INFO session updated token=dc19b35d-9816-43f5-9a3a-60b13bf97c83 tableID=0xc000485790 seatIndex=0xc000483a80
2025/11/08 14:46:51 INFO session removed token=dc19b35d-9816-43f5-9a3a-60b13bf97c83
2025/11/08 14:46:51 INFO session created token=070bc732-2dab-44da-b8d8-fc9c3d603f82 name=User_14_96
2025/11/08 14:46:51 INFO session updated token=070bc732-2dab-44da-b8d8-fc9c3d603f82 tableID=0xc0004857e0 seatIndex=0xc000483ad0
2025/11/08 14:46:51 INFO session removed token=070bc732-2dab-44da-b8d8-fc9c3d603f82
2025/11/08 14:46:51 INFO session created token=be86531f-8dcb-4883-8e8c-ed75f3f858fc name=User_14_97
2025/11/08 14:46:51 INFO session updated token=be86531f-8dcb-4883-8e8c-ed75f3f858fc tableID=0xc000485830 seatIndex=0xc000483b20
2025/11/08 14:46:51 INFO session removed token=be86531f-8dcb-4883-8e8c-ed75f3f858fc
2025/11/08 14:46:51 INFO session created token=7f321ad1-e7cf-4d0c-99ee-2b4eaa6a115d name=User_14_98
2025/11/08 14:46:51 INFO session updated token=7f321ad1-e7cf-4d0c-99ee-2b4eaa6a115d tableID=0xc000485880 seatIndex=0xc000483b70
2025/11/08 14:46:51 INFO session removed token=7f321ad1-e7cf-4d0c-99ee-2b4eaa6a115d
2025/11/08 14:46:51 INFO session created token=4ccc763e-74f7-4e99-9fc4-76631c819da2 name=User_14_99
2025/11/08 14:46:51 INFO session updated token=4ccc763e-74f7-4e99-9fc4-76631c819da2 tableID=0xc0004858d0 seatIndex=0xc000483bc0
2025/11/08 14:46:51 INFO session removed token=4ccc763e-74f7-4e99-9fc4-76631c819da2
2025/11/08 14:46:51 INFO session removed token=0c5189f6-be14-4b5e-bd26-cf75d3a6f936
2025/11/08 14:46:51 INFO session created token=1843ade3-3a4e-47f9-aa85-7d499b55ecc8 name=User_58_44
2025/11/08 14:46:51 INFO session updated token=1843ade3-3a4e-47f9-aa85-7d499b55ecc8 tableID=0xc000485930 seatIndex=0xc000483c10
2025/11/08 14:46:51 INFO session removed token=1843ade3-3a4e-47f9-aa85-7d499b55ecc8
2025/11/08 14:46:51 INFO session created token=88a600e2-212f-44f1-bf4b-d6acc5e92bf8 name=User_58_45
2025/11/08 14:46:51 INFO session updated token=88a600e2-212f-44f1-bf4b-d6acc5e92bf8 tableID=0xc000485980 seatIndex=0xc000483c60
2025/11/08 14:46:51 INFO session removed token=88a600e2-212f-44f1-bf4b-d6acc5e92bf8
2025/11/08 14:46:51 INFO session created token=c598dfc9-f715-48a5-bb2c-ad901e142bfa name=User_58_46
2025/11/08 14:46:51 INFO session updated token=c598dfc9-f715-48a5-bb2c-ad901e142bfa tableID=0xc0004859d0 seatIndex=0xc000483cb0
2025/11/08 14:46:51 INFO session removed token=c598dfc9-f715-48a5-bb2c-ad901e142bfa
2025/11/08 14:46:51 INFO session created token=a5a1b403-9444-4b34-953d-718bf960dfb5 name=User_58_47
2025/11/08 14:46:51 INFO session updated token=a5a1b403-9444-4b34-953d-718bf960dfb5 tableID=0xc000485a20 seatIndex=0xc000483d00
2025/11/08 14:46:51 INFO session removed token=a5a1b403-9444-4b34-953d-718bf960dfb5
2025/11/08 14:46:51 INFO session created token=f770ac72-20cf-413f-9015-1c591f1fdb16 name=User_58_48
2025/11/08 14:46:51 INFO session updated token=f770ac72-20cf-413f-9015-1c591f1fdb16 tableID=0xc000485a70 seatIndex=0xc000483d50
2025/11/08 14:46:51 INFO session removed token=f770ac72-20cf-413f-9015-1c591f1fdb16
2025/11/08 14:46:51 INFO session created token=bab6706b-201d-4c5d-b351-c06254774fb9 name=User_58_49
2025/11/08 14:46:51 INFO session updated token=bab6706b-201d-4c5d-b351-c06254774fb9 tableID=0xc000485ac0 seatIndex=0xc000483da0
2025/11/08 14:46:51 INFO session removed token=bab6706b-201d-4c5d-b351-c06254774fb9
2025/11/08 14:46:51 INFO session created token=e6c9e200-31cf-4906-b265-d264b655034f name=User_58_50
2025/11/08 14:46:51 INFO session updated token=e6c9e200-31cf-4906-b265-d264b655034f tableID=0xc000485b10 seatIndex=0xc000483df0
2025/11/08 14:46:51 INFO session removed token=e6c9e200-31cf-4906-b265-d264b655034f
2025/11/08 14:46:51 INFO session created token=c33c6dd7-c781-4b5b-9807-8c8fb810ada5 name=User_58_51
2025/11/08 14:46:51 INFO session updated token=c33c6dd7-c781-4b5b-9807-8c8fb810ada5 tableID=0xc000485b60 seatIndex=0xc000483e40
2025/11/08 14:46:51 INFO session removed token=c33c6dd7-c781-4b5b-9807-8c8fb810ada5
2025/11/08 14:46:51 INFO session created token=c3232187-6a0b-4ba6-a6a1-c155b1c8315f name=User_58_52
2025/11/08 14:46:51 INFO session updated token=c3232187-6a0b-4ba6-a6a1-c155b1c8315f tableID=0xc000485bb0 seatIndex=0xc000483e90
2025/11/08 14:46:51 INFO session removed token=c3232187-6a0b-4ba6-a6a1-c155b1c8315f
2025/11/08 14:46:51 INFO session created token=e4ef4332-ba49-4122-bf32-56f574b46ed1 name=User_58_53
2025/11/08 14:46:51 INFO session updated token=e4ef4332-ba49-4122-bf32-56f574b46ed1 tableID=0xc000485c00 seatIndex=0xc000483ee0
2025/11/08 14:46:51 INFO session removed token=e4ef4332-ba49-4122-bf32-56f574b46ed1
2025/11/08 14:46:51 INFO session created token=6278f1b0-7033-49b9-940f-23e226024e50 name=User_58_54
2025/11/08 14:46:51 INFO session updated token=6278f1b0-7033-49b9-940f-23e226024e50 tableID=0xc000485c50 seatIndex=0xc000483f30
2025/11/08 14:46:51 INFO session removed token=6278f1b0-7033-49b9-940f-23e226024e50
2025/11/08 14:46:51 INFO session created token=64efadea-73a2-4fb9-a2ff-98820353fc03 name=User_58_55
2025/11/08 14:46:51 INFO session updated token=64efadea-73a2-4fb9-a2ff-98820353fc03 tableID=0xc000485ca0 seatIndex=0xc000483f80
2025/11/08 14:46:51 INFO session removed token=64efadea-73a2-4fb9-a2ff-98820353fc03
2025/11/08 14:46:51 INFO session created token=587e7fe1-174e-4952-b134-6610298d92d3 name=User_58_56
2025/11/08 14:46:51 INFO session updated token=587e7fe1-174e-4952-b134-6610298d92d3 tableID=0xc000485cf0 seatIndex=0xc000483fd0
2025/11/08 14:46:51 INFO session removed token=587e7fe1-174e-4952-b134-6610298d92d3
2025/11/08 14:46:51 INFO session created token=7fc1e37b-d5eb-47ef-bc6e-b1086a1062b5 name=User_58_57
2025/11/08 14:46:51 INFO session updated token=7fc1e37b-d5eb-47ef-bc6e-b1086a1062b5 tableID=0xc000485d40 seatIndex=0xc000488020
2025/11/08 14:46:51 INFO session removed token=7fc1e37b-d5eb-47ef-bc6e-b1086a1062b5
2025/11/08 14:46:51 INFO session created token=c481b947-6825-4202-96ed-af58851c2bbc name=User_58_58
2025/11/08 14:46:51 INFO session updated token=c481b947-6825-4202-96ed-af58851c2bbc tableID=0xc000485d90 seatIndex=0xc000488070
2025/11/08 14:46:51 INFO session removed token=c481b947-6825-4202-96ed-af58851c2bbc
2025/11/08 14:46:51 INFO session created token=e292a56d-326b-435a-b93a-a6000c82a7da name=User_58_59
2025/11/08 14:46:51 INFO session updated token=e292a56d-326b-435a-b93a-a6000c82a7da tableID=0xc000485de0 seatIndex=0xc0004880c0
2025/11/08 14:46:51 INFO session removed token=e292a56d-326b-435a-b93a-a6000c82a7da
2025/11/08 14:46:51 INFO session created token=be845a54-48a5-4587-9253-dbeb0fbc93e8 name=User_58_60
2025/11/08 14:46:51 INFO session updated token=be845a54-48a5-4587-9253-dbeb0fbc93e8 tableID=0xc000485e30 seatIndex=0xc000488110
2025/11/08 14:46:51 INFO session removed token=be845a54-48a5-4587-9253-dbeb0fbc93e8
2025/11/08 14:46:51 INFO session created token=8c9af2d6-00d4-43ff-8219-400027af65a1 name=User_58_61
2025/11/08 14:46:51 INFO session updated token=8c9af2d6-00d4-43ff-8219-400027af65a1 tableID=0xc000485e80 seatIndex=0xc000488160
2025/11/08 14:46:51 INFO session removed token=8c9af2d6-00d4-43ff-8219-400027af65a1
2025/11/08 14:46:51 INFO session created token=cb23387c-1851-469c-b02d-02acd3682d8e name=User_58_62
2025/11/08 14:46:51 INFO session updated token=cb23387c-1851-469c-b02d-02acd3682d8e tableID=0xc000485ed0 seatIndex=0xc0004881b0
2025/11/08 14:46:51 INFO session removed token=cb23387c-1851-469c-b02d-02acd3682d8e
2025/11/08 14:46:51 INFO session created token=f52f34c1-bf31-48bf-8a18-e39d26302d1f name=User_58_63
2025/11/08 14:46:51 INFO session updated token=f52f34c1-bf31-48bf-8a18-e39d26302d1f tableID=0xc000485f20 seatIndex=0xc000488200
2025/11/08 14:46:51 INFO session removed token=f52f34c1-bf31-48bf-8a18-e39d26302d1f
2025/11/08 14:46:51 INFO session created token=ea319bfc-28b4-45c4-856f-950b19c89b5b name=User_58_64
2025/11/08 14:46:51 INFO session updated token=ea319bfc-28b4-45c4-856f-950b19c89b5b tableID=0xc000485f70 seatIndex=0xc000488250
2025/11/08 14:46:51 INFO session removed token=ea319bfc-28b4-45c4-856f-950b19c89b5b
2025/11/08 14:46:51 INFO session created token=d1e00189-63fc-4364-934d-e89a0f265835 name=User_58_65
2025/11/08 14:46:51 INFO session updated token=d1e00189-63fc-4364-934d-e89a0f265835 tableID=0xc00048a040 seatIndex=0xc0004882a0
2025/11/08 14:46:51 INFO session removed token=d1e00189-63fc-4364-934d-e89a0f265835
2025/11/08 14:46:51 INFO session created token=9c64b32f-c4c2-4fdd-a1d1-b2c86a1c0899 name=User_58_66
2025/11/08 14:46:51 INFO session updated token=9c64b32f-c4c2-4fdd-a1d1-b2c86a1c0899 tableID=0xc00048a090 seatIndex=0xc0004882f0
2025/11/08 14:46:51 INFO session removed token=9c64b32f-c4c2-4fdd-a1d1-b2c86a1c0899
2025/11/08 14:46:51 INFO session created token=cfa21fb0-55fd-47fb-81e5-cbedf6a8d08d name=User_58_67
2025/11/08 14:46:51 INFO session updated token=cfa21fb0-55fd-47fb-81e5-cbedf6a8d08d tableID=0xc00048a0e0 seatIndex=0xc000488340
2025/11/08 14:46:51 INFO session removed token=cfa21fb0-55fd-47fb-81e5-cbedf6a8d08d
2025/11/08 14:46:51 INFO session created token=25b3da91-5d73-4f70-8c55-2b5e9eba65f0 name=User_58_68
2025/11/08 14:46:51 INFO session updated token=25b3da91-5d73-4f70-8c55-2b5e9eba65f0 tableID=0xc00048a130 seatIndex=0xc000488390
2025/11/08 14:46:51 INFO session removed token=25b3da91-5d73-4f70-8c55-2b5e9eba65f0
2025/11/08 14:46:51 INFO session created token=e48e20c6-31e4-4047-ba69-83a1946a5277 name=User_58_69
2025/11/08 14:46:51 INFO session updated token=e48e20c6-31e4-4047-ba69-83a1946a5277 tableID=0xc00048a180 seatIndex=0xc0004883e0
2025/11/08 14:46:51 INFO session removed token=e48e20c6-31e4-4047-ba69-83a1946a5277
2025/11/08 14:46:51 INFO session created token=b8592589-2c65-44d9-a5ca-8e1999f1b00f name=User_58_70
2025/11/08 14:46:51 INFO session updated token=b8592589-2c65-44d9-a5ca-8e1999f1b00f tableID=0xc00048a1d0 seatIndex=0xc000488430
2025/11/08 14:46:51 INFO session removed token=b8592589-2c65-44d9-a5ca-8e1999f1b00f
2025/11/08 14:46:51 INFO session created token=2a4b1234-b512-4280-820f-44a0bc09de74 name=User_58_71
2025/11/08 14:46:51 INFO session updated token=2a4b1234-b512-4280-820f-44a0bc09de74 tableID=0xc00048a220 seatIndex=0xc000488480
2025/11/08 14:46:51 INFO session removed token=2a4b1234-b512-4280-820f-44a0bc09de74
2025/11/08 14:46:51 INFO session created token=34d69158-d43f-48cf-9faa-cb912f62e3e8 name=User_58_72
2025/11/08 14:46:51 INFO session updated token=34d69158-d43f-48cf-9faa-cb912f62e3e8 tableID=0xc00048a270 seatIndex=0xc0004884d0
2025/11/08 14:46:51 INFO session removed token=34d69158-d43f-48cf-9faa-cb912f62e3e8
2025/11/08 14:46:51 INFO session created token=96cd9b17-7cf7-435a-95bc-d65b3db64d28 name=User_58_73
2025/11/08 14:46:51 INFO session updated token=96cd9b17-7cf7-435a-95bc-d65b3db64d28 tableID=0xc00048a2c0 seatIndex=0xc000488520
2025/11/08 14:46:51 INFO session removed token=96cd9b17-7cf7-435a-95bc-d65b3db64d28
2025/11/08 14:46:51 INFO session created token=17780cf0-ab41-4585-aae2-1d6300e65374 name=User_58_74
2025/11/08 14:46:51 INFO session updated token=17780cf0-ab41-4585-aae2-1d6300e65374 tableID=0xc00048a310 seatIndex=0xc000488570
2025/11/08 14:46:51 INFO session removed token=17780cf0-ab41-4585-aae2-1d6300e65374
2025/11/08 14:46:51 INFO session created token=9caedad5-d413-4148-9dfc-4b3651ec30dc name=User_58_75
2025/11/08 14:46:51 INFO session updated token=9caedad5-d413-4148-9dfc-4b3651ec30dc tableID=0xc00048a360 seatIndex=0xc0004885c0
2025/11/08 14:46:51 INFO session removed token=9caedad5-d413-4148-9dfc-4b3651ec30dc
2025/11/08 14:46:51 INFO session created token=48105a54-abef-43dc-a41c-f18ec4ce20d8 name=User_58_76
2025/11/08 14:46:51 INFO session updated token=48105a54-abef-43dc-a41c-f18ec4ce20d8 tableID=0xc00048a3b0 seatIndex=0xc000488610
2025/11/08 14:46:51 INFO session removed token=48105a54-abef-43dc-a41c-f18ec4ce20d8
2025/11/08 14:46:51 INFO session created token=4ba81f5c-b12d-4dd7-a848-3810c2a6f232 name=User_58_77
2025/11/08 14:46:51 INFO session updated token=4ba81f5c-b12d-4dd7-a848-3810c2a6f232 tableID=0xc00048a400 seatIndex=0xc000488660
2025/11/08 14:46:51 INFO session removed token=4ba81f5c-b12d-4dd7-a848-3810c2a6f232
2025/11/08 14:46:51 INFO session created token=2a76fe12-c634-40a8-ac2e-701569222eae name=User_58_78
2025/11/08 14:46:51 INFO session updated token=2a76fe12-c634-40a8-ac2e-701569222eae tableID=0xc00048a450 seatIndex=0xc0004886b0
2025/11/08 14:46:51 INFO session removed token=2a76fe12-c634-40a8-ac2e-701569222eae
2025/11/08 14:46:51 INFO session created token=579ddc18-e71b-4ef0-b7f8-ef60a3124f79 name=User_58_79
2025/11/08 14:46:51 INFO session updated token=579ddc18-e71b-4ef0-b7f8-ef60a3124f79 tableID=0xc00048a4a0 seatIndex=0xc000488700
2025/11/08 14:46:51 INFO session removed token=579ddc18-e71b-4ef0-b7f8-ef60a3124f79
2025/11/08 14:46:51 INFO session created token=8845d71a-5a3e-49c0-a1a3-403dc45da748 name=User_58_80
2025/11/08 14:46:51 INFO session updated token=8845d71a-5a3e-49c0-a1a3-403dc45da748 tableID=0xc00048a4f0 seatIndex=0xc000488750
2025/11/08 14:46:51 INFO session removed token=8845d71a-5a3e-49c0-a1a3-403dc45da748
2025/11/08 14:46:51 INFO session created token=1ec923a9-c63f-4723-bf8b-65b12988c7ec name=User_58_81
2025/11/08 14:46:51 INFO session updated token=1ec923a9-c63f-4723-bf8b-65b12988c7ec tableID=0xc00048a540 seatIndex=0xc0004887a0
2025/11/08 14:46:51 INFO session removed token=1ec923a9-c63f-4723-bf8b-65b12988c7ec
2025/11/08 14:46:51 INFO session created token=fa4bcf04-788e-4854-a66c-58da43f4097a name=User_58_82
2025/11/08 14:46:51 INFO session updated token=fa4bcf04-788e-4854-a66c-58da43f4097a tableID=0xc00048a590 seatIndex=0xc0004887f0
2025/11/08 14:46:51 INFO session removed token=fa4bcf04-788e-4854-a66c-58da43f4097a
2025/11/08 14:46:51 INFO session created token=64731230-2be5-413e-812a-6d1b72446cc9 name=User_58_83
2025/11/08 14:46:51 INFO session updated token=64731230-2be5-413e-812a-6d1b72446cc9 tableID=0xc00048a5e0 seatIndex=0xc000488840
2025/11/08 14:46:51 INFO session removed token=64731230-2be5-413e-812a-6d1b72446cc9
2025/11/08 14:46:51 INFO session created token=91379cef-d120-48cb-9412-8b970491beb1 name=User_58_84
2025/11/08 14:46:51 INFO session updated token=91379cef-d120-48cb-9412-8b970491beb1 tableID=0xc00048a630 seatIndex=0xc000488890
2025/11/08 14:46:51 INFO session removed token=91379cef-d120-48cb-9412-8b970491beb1
2025/11/08 14:46:51 INFO session created token=3cb85993-c712-4625-a7eb-1c20c67761f3 name=User_58_85
2025/11/08 14:46:51 INFO session updated token=3cb85993-c712-4625-a7eb-1c20c67761f3 tableID=0xc00048a680 seatIndex=0xc0004888e0
2025/11/08 14:46:51 INFO session removed token=3cb85993-c712-4625-a7eb-1c20c67761f3
2025/11/08 14:46:51 INFO session created token=4bfc39ed-b533-48dc-9e6b-a4b3d49fbed7 name=User_58_86
2025/11/08 14:46:51 INFO session updated token=4bfc39ed-b533-48dc-9e6b-a4b3d49fbed7 tableID=0xc00048a6d0 seatIndex=0xc000488930
2025/11/08 14:46:51 INFO session removed token=4bfc39ed-b533-48dc-9e6b-a4b3d49fbed7
2025/11/08 14:46:51 INFO session created token=90a7bde4-158e-4d4f-b603-5602f08f0a6d name=User_58_87
2025/11/08 14:46:51 INFO session updated token=90a7bde4-158e-4d4f-b603-5602f08f0a6d tableID=0xc00048a720 seatIndex=0xc000488980
2025/11/08 14:46:51 INFO session removed token=90a7bde4-158e-4d4f-b603-5602f08f0a6d
2025/11/08 14:46:51 INFO session created token=a3930d00-e9b6-4c71-9b06-3f086254f4e1 name=User_58_88
2025/11/08 14:46:51 INFO session updated token=a3930d00-e9b6-4c71-9b06-3f086254f4e1 tableID=0xc00048a770 seatIndex=0xc0004889d0
2025/11/08 14:46:51 INFO session removed token=a3930d00-e9b6-4c71-9b06-3f086254f4e1
2025/11/08 14:46:51 INFO session created token=c6481031-0dd0-48ac-811f-d94bfce132e8 name=User_58_89
2025/11/08 14:46:51 INFO session updated token=c6481031-0dd0-48ac-811f-d94bfce132e8 tableID=0xc00048a7c0 seatIndex=0xc000488a20
2025/11/08 14:46:51 INFO session removed token=c6481031-0dd0-48ac-811f-d94bfce132e8
2025/11/08 14:46:51 INFO session created token=39b238ac-5fc0-4c89-8421-7a1e9b9a6446 name=User_58_90
2025/11/08 14:46:51 INFO session updated token=39b238ac-5fc0-4c89-8421-7a1e9b9a6446 tableID=0xc00048a810 seatIndex=0xc000488a70
2025/11/08 14:46:51 INFO session removed token=39b238ac-5fc0-4c89-8421-7a1e9b9a6446
2025/11/08 14:46:51 INFO session created token=d5681389-61d2-45e4-b8ca-fa73d9f928a0 name=User_58_91
2025/11/08 14:46:51 INFO session updated token=d5681389-61d2-45e4-b8ca-fa73d9f928a0 tableID=0xc00048a860 seatIndex=0xc000488ac0
2025/11/08 14:46:51 INFO session removed token=d5681389-61d2-45e4-b8ca-fa73d9f928a0
2025/11/08 14:46:51 INFO session created token=fbd9f452-702e-4bd3-84a5-60a1df8fd409 name=User_58_92
2025/11/08 14:46:51 INFO session updated token=fbd9f452-702e-4bd3-84a5-60a1df8fd409 tableID=0xc00048a8b0 seatIndex=0xc000488b10
2025/11/08 14:46:51 INFO session removed token=fbd9f452-702e-4bd3-84a5-60a1df8fd409
2025/11/08 14:46:51 INFO session created token=1999dc79-ca94-4279-8d06-e3db33509098 name=User_58_93
2025/11/08 14:46:51 INFO session updated token=1999dc79-ca94-4279-8d06-e3db33509098 tableID=0xc00048a900 seatIndex=0xc000488b60
2025/11/08 14:46:51 INFO session removed token=1999dc79-ca94-4279-8d06-e3db33509098
2025/11/08 14:46:51 INFO session created token=1ca05065-c5f1-4506-b3a7-5fcaf95d68e8 name=User_58_94
2025/11/08 14:46:51 INFO session updated token=1ca05065-c5f1-4506-b3a7-5fcaf95d68e8 tableID=0xc00048a950 seatIndex=0xc000488bb0
2025/11/08 14:46:51 INFO session removed token=1ca05065-c5f1-4506-b3a7-5fcaf95d68e8
2025/11/08 14:46:51 INFO session created token=973b5865-a2d6-46af-9856-98a80773c622 name=User_58_95
2025/11/08 14:46:51 INFO session updated token=973b5865-a2d6-46af-9856-98a80773c622 tableID=0xc00048a9a0 seatIndex=0xc000488c00
2025/11/08 14:46:51 INFO session removed token=973b5865-a2d6-46af-9856-98a80773c622
2025/11/08 14:46:51 INFO session created token=3c02b743-0dea-4a73-b505-713114616645 name=User_58_96
2025/11/08 14:46:51 INFO session updated token=3c02b743-0dea-4a73-b505-713114616645 tableID=0xc00048a9f0 seatIndex=0xc000488c50
2025/11/08 14:46:51 INFO session removed token=3c02b743-0dea-4a73-b505-713114616645
2025/11/08 14:46:51 INFO session created token=b1d51278-2a14-4d0c-9e56-e923952be61f name=User_58_97
2025/11/08 14:46:51 INFO session updated token=b1d51278-2a14-4d0c-9e56-e923952be61f tableID=0xc00048aa40 seatIndex=0xc000488ca0
2025/11/08 14:46:51 INFO session removed token=b1d51278-2a14-4d0c-9e56-e923952be61f
2025/11/08 14:46:51 INFO session created token=1bb7bb2f-7ba1-427f-bbeb-0e6a8435f728 name=User_58_98
2025/11/08 14:46:51 INFO session updated token=1bb7bb2f-7ba1-427f-bbeb-0e6a8435f728 tableID=0xc00048aa90 seatIndex=0xc000488cf0
2025/11/08 14:46:51 INFO session removed token=1bb7bb2f-7ba1-427f-bbeb-0e6a8435f728
2025/11/08 14:46:51 INFO session created token=cf63161b-9793-4eab-b82f-643153bd6910 name=User_58_99
2025/11/08 14:46:51 INFO session updated token=cf63161b-9793-4eab-b82f-643153bd6910 tableID=0xc00048aae0 seatIndex=0xc000488d40
2025/11/08 14:46:51 INFO session removed token=cf63161b-9793-4eab-b82f-643153bd6910
2025/11/08 14:46:51 INFO session created token=3a912b72-bd10-48d9-aee8-a9ba4e7681d2 name=User_88_75
2025/11/08 14:46:51 INFO session updated token=3a912b72-bd10-48d9-aee8-a9ba4e7681d2 tableID=0xc00048ab30 seatIndex=0xc000488d70
2025/11/08 14:46:51 INFO session removed token=3a912b72-bd10-48d9-aee8-a9ba4e7681d2
2025/11/08 14:46:51 INFO session created token=e46ce205-0a08-4911-8987-5bd8ebc476d3 name=User_88_76
2025/11/08 14:46:51 INFO session updated token=e46ce205-0a08-4911-8987-5bd8ebc476d3 tableID=0xc00048ab80 seatIndex=0xc000488dc0
2025/11/08 14:46:51 INFO session removed token=e46ce205-0a08-4911-8987-5bd8ebc476d3
2025/11/08 14:46:51 INFO session created token=241ea63f-bccb-4891-b09c-2de19d6811b4 name=User_88_77
2025/11/08 14:46:51 INFO session updated token=241ea63f-bccb-4891-b09c-2de19d6811b4 tableID=0xc00048abd0 seatIndex=0xc000488e10
2025/11/08 14:46:51 INFO session removed token=241ea63f-bccb-4891-b09c-2de19d6811b4
2025/11/08 14:46:51 INFO session created token=dca2e52b-8479-4796-a3e2-dd24f32d7a70 name=User_88_78
2025/11/08 14:46:51 INFO session updated token=dca2e52b-8479-4796-a3e2-dd24f32d7a70 tableID=0xc00048ac20 seatIndex=0xc000488e60
2025/11/08 14:46:51 INFO session removed token=dca2e52b-8479-4796-a3e2-dd24f32d7a70
2025/11/08 14:46:51 INFO session created token=81666097-78d1-42ae-8379-9c2e68db582f name=User_88_79
2025/11/08 14:46:51 INFO session updated token=81666097-78d1-42ae-8379-9c2e68db582f tableID=0xc00048ac70 seatIndex=0xc000488eb0
2025/11/08 14:46:51 INFO session removed token=81666097-78d1-42ae-8379-9c2e68db582f
2025/11/08 14:46:51 INFO session created token=97483866-515f-4827-98ac-968f8ebc6d02 name=User_88_80
2025/11/08 14:46:51 INFO session updated token=97483866-515f-4827-98ac-968f8ebc6d02 tableID=0xc00048acc0 seatIndex=0xc000488f00
2025/11/08 14:46:51 INFO session removed token=97483866-515f-4827-98ac-968f8ebc6d02
2025/11/08 14:46:51 INFO session created token=7561115d-5677-426c-b70d-4fb803260cd0 name=User_88_81
2025/11/08 14:46:51 INFO session updated token=7561115d-5677-426c-b70d-4fb803260cd0 tableID=0xc00048ad10 seatIndex=0xc000488f50
2025/11/08 14:46:51 INFO session removed token=7561115d-5677-426c-b70d-4fb803260cd0
2025/11/08 14:46:51 INFO session created token=2914aa71-c9f9-4335-bd8b-fc9f2d631eaf name=User_88_82
2025/11/08 14:46:51 INFO session updated token=2914aa71-c9f9-4335-bd8b-fc9f2d631eaf tableID=0xc00048ad60 seatIndex=0xc000488fa0
2025/11/08 14:46:51 INFO session removed token=2914aa71-c9f9-4335-bd8b-fc9f2d631eaf
2025/11/08 14:46:51 INFO session created token=8ee06157-541f-4787-9a2d-67cfb793288c name=User_88_83
2025/11/08 14:46:51 INFO session updated token=8ee06157-541f-4787-9a2d-67cfb793288c tableID=0xc00048adb0 seatIndex=0xc000488ff0
2025/11/08 14:46:51 INFO session removed token=8ee06157-541f-4787-9a2d-67cfb793288c
2025/11/08 14:46:51 INFO session created token=16fa8b44-0754-42b4-912e-0c6339bfd84d name=User_88_84
2025/11/08 14:46:51 INFO session updated token=16fa8b44-0754-42b4-912e-0c6339bfd84d tableID=0xc00048ae00 seatIndex=0xc000489040
2025/11/08 14:46:51 INFO session removed token=16fa8b44-0754-42b4-912e-0c6339bfd84d
2025/11/08 14:46:51 INFO session created token=3fd9c776-00b7-473a-ad21-748dfad042ca name=User_88_85
2025/11/08 14:46:51 INFO session updated token=3fd9c776-00b7-473a-ad21-748dfad042ca tableID=0xc00048ae50 seatIndex=0xc000489090
2025/11/08 14:46:51 INFO session removed token=3fd9c776-00b7-473a-ad21-748dfad042ca
2025/11/08 14:46:51 INFO session created token=cee92112-d2e5-48d9-a92a-69994be5470d name=User_88_86
2025/11/08 14:46:51 INFO session updated token=cee92112-d2e5-48d9-a92a-69994be5470d tableID=0xc00048aea0 seatIndex=0xc0004890e0
2025/11/08 14:46:51 INFO session removed token=cee92112-d2e5-48d9-a92a-69994be5470d
2025/11/08 14:46:51 INFO session created token=0815e597-a414-4859-b9b5-d8cca7a64dbf name=User_88_87
2025/11/08 14:46:51 INFO session updated token=0815e597-a414-4859-b9b5-d8cca7a64dbf tableID=0xc00048aef0 seatIndex=0xc000489130
2025/11/08 14:46:51 INFO session removed token=0815e597-a414-4859-b9b5-d8cca7a64dbf
2025/11/08 14:46:51 INFO session created token=9f6ffe4f-6d2f-4fa1-b351-3276d142f633 name=User_88_88
2025/11/08 14:46:51 INFO session updated token=9f6ffe4f-6d2f-4fa1-b351-3276d142f633 tableID=0xc00048af40 seatIndex=0xc000489180
2025/11/08 14:46:51 INFO session removed token=9f6ffe4f-6d2f-4fa1-b351-3276d142f633
2025/11/08 14:46:51 INFO session created token=8b707bdb-b9b0-4735-98fc-fd69f779d353 name=User_88_89
2025/11/08 14:46:51 INFO session updated token=8b707bdb-b9b0-4735-98fc-fd69f779d353 tableID=0xc00048af90 seatIndex=0xc0004891d0
2025/11/08 14:46:51 INFO session removed token=8b707bdb-b9b0-4735-98fc-fd69f779d353
2025/11/08 14:46:51 INFO session created token=b4bcb141-436a-43e3-966e-b08bdb5ba4a9 name=User_88_90
2025/11/08 14:46:51 INFO session updated token=b4bcb141-436a-43e3-966e-b08bdb5ba4a9 tableID=0xc00048afe0 seatIndex=0xc000489220
2025/11/08 14:46:51 INFO session removed token=b4bcb141-436a-43e3-966e-b08bdb5ba4a9
2025/11/08 14:46:51 INFO session created token=227f07a9-1f21-478f-b179-7aba0afc34c1 name=User_88_91
2025/11/08 14:46:51 INFO session updated token=227f07a9-1f21-478f-b179-7aba0afc34c1 tableID=0xc00048b030 seatIndex=0xc000489270
2025/11/08 14:46:51 INFO session removed token=227f07a9-1f21-478f-b179-7aba0afc34c1
2025/11/08 14:46:51 INFO session created token=bb2a4fcb-7513-4206-9ea2-dbe65e972c6c name=User_88_92
2025/11/08 14:46:51 INFO session updated token=bb2a4fcb-7513-4206-9ea2-dbe65e972c6c tableID=0xc00048b080 seatIndex=0xc0004892c0
2025/11/08 14:46:51 INFO session removed token=bb2a4fcb-7513-4206-9ea2-dbe65e972c6c
2025/11/08 14:46:51 INFO session created token=7f62e4e7-f3d7-4f20-9f00-5faeb91b6825 name=User_88_93
2025/11/08 14:46:51 INFO session updated token=7f62e4e7-f3d7-4f20-9f00-5faeb91b6825 tableID=0xc00048b0d0 seatIndex=0xc000489310
2025/11/08 14:46:51 INFO session removed token=7f62e4e7-f3d7-4f20-9f00-5faeb91b6825
2025/11/08 14:46:51 INFO session created token=0d6a8465-57d3-4801-88f9-3a3a714152de name=User_88_94
2025/11/08 14:46:51 INFO session updated token=0d6a8465-57d3-4801-88f9-3a3a714152de tableID=0xc00048b120 seatIndex=0xc000489360
2025/11/08 14:46:51 INFO session removed token=0d6a8465-57d3-4801-88f9-3a3a714152de
2025/11/08 14:46:51 INFO session created token=60071d67-0fc0-402c-894d-e861f591e8c8 name=User_88_95
2025/11/08 14:46:51 INFO session updated token=60071d67-0fc0-402c-894d-e861f591e8c8 tableID=0xc00048b170 seatIndex=0xc0004893b0
2025/11/08 14:46:51 INFO session removed token=60071d67-0fc0-402c-894d-e861f591e8c8
2025/11/08 14:46:51 INFO session created token=c1796a42-b4a7-4caa-852a-b95f2dc291c1 name=User_88_96
2025/11/08 14:46:51 INFO session updated token=c1796a42-b4a7-4caa-852a-b95f2dc291c1 tableID=0xc00048b1c0 seatIndex=0xc000489400
2025/11/08 14:46:51 INFO session removed token=c1796a42-b4a7-4caa-852a-b95f2dc291c1
2025/11/08 14:46:51 INFO session created token=7e8c1b8f-a23e-4d0a-bd52-1a83c95f028d name=User_88_97
2025/11/08 14:46:51 INFO session updated token=7e8c1b8f-a23e-4d0a-bd52-1a83c95f028d tableID=0xc00048b210 seatIndex=0xc000489450
2025/11/08 14:46:51 INFO session removed token=7e8c1b8f-a23e-4d0a-bd52-1a83c95f028d
2025/11/08 14:46:51 INFO session created token=e681bbb9-8e20-4c3a-b353-e05daae59635 name=User_88_98
2025/11/08 14:46:51 INFO session updated token=e681bbb9-8e20-4c3a-b353-e05daae59635 tableID=0xc00048b260 seatIndex=0xc0004894a0
2025/11/08 14:46:51 INFO session removed token=e681bbb9-8e20-4c3a-b353-e05daae59635
2025/11/08 14:46:51 INFO session created token=4f344e31-e81e-4da1-b189-5a54dc6f7c6d name=User_88_99
2025/11/08 14:46:51 INFO session updated token=4f344e31-e81e-4da1-b189-5a54dc6f7c6d tableID=0xc00048b2b0 seatIndex=0xc0004894f0
2025/11/08 14:46:51 INFO session removed token=4f344e31-e81e-4da1-b189-5a54dc6f7c6d
2025/11/08 14:46:51 INFO session removed token=32a82869-6b73-4cbf-9c8c-c7126ccd2a17
2025/11/08 14:46:51 INFO session created token=da94d8aa-ee0a-45b8-adcd-e1459c7f77c9 name=User_17_62
2025/11/08 14:46:51 INFO session updated token=da94d8aa-ee0a-45b8-adcd-e1459c7f77c9 tableID=0xc00048b310 seatIndex=0xc000489540
2025/11/08 14:46:51 INFO session removed token=da94d8aa-ee0a-45b8-adcd-e1459c7f77c9
2025/11/08 14:46:51 INFO session created token=2a425200-37fe-48a4-b6dc-6f1e196ae3cf name=User_17_63
2025/11/08 14:46:51 INFO session updated token=2a425200-37fe-48a4-b6dc-6f1e196ae3cf tableID=0xc00048b360 seatIndex=0xc000489590
2025/11/08 14:46:51 INFO session removed token=2a425200-37fe-48a4-b6dc-6f1e196ae3cf
2025/11/08 14:46:51 INFO session created token=28cdd683-f8cd-4802-b287-2aae7bfa51a6 name=User_17_64
2025/11/08 14:46:51 INFO session updated token=28cdd683-f8cd-4802-b287-2aae7bfa51a6 tableID=0xc00048b3b0 seatIndex=0xc0004895e0
2025/11/08 14:46:51 INFO session removed token=28cdd683-f8cd-4802-b287-2aae7bfa51a6
2025/11/08 14:46:51 INFO session created token=da15bd0d-c050-49d7-9646-a63dd387e9a6 name=User_17_65
2025/11/08 14:46:51 INFO session updated token=da15bd0d-c050-49d7-9646-a63dd387e9a6 tableID=0xc00048b400 seatIndex=0xc000489630
2025/11/08 14:46:51 INFO session removed token=da15bd0d-c050-49d7-9646-a63dd387e9a6
2025/11/08 14:46:51 INFO session created token=233bc6b4-2bb1-422b-a4e5-10cac556eff6 name=User_17_66
2025/11/08 14:46:51 INFO session updated token=233bc6b4-2bb1-422b-a4e5-10cac556eff6 tableID=0xc00048b450 seatIndex=0xc000489680
2025/11/08 14:46:51 INFO session removed token=233bc6b4-2bb1-422b-a4e5-10cac556eff6
2025/11/08 14:46:51 INFO session created token=7dd2ae8a-b850-40ba-8863-32221ebfb56f name=User_17_67
2025/11/08 14:46:51 INFO session updated token=7dd2ae8a-b850-40ba-8863-32221ebfb56f tableID=0xc00048b4a0 seatIndex=0xc0004896d0
2025/11/08 14:46:51 INFO session removed token=7dd2ae8a-b850-40ba-8863-32221ebfb56f
2025/11/08 14:46:51 INFO session created token=adb36aaf-25bd-4e2f-9a06-4c48985d9c7f name=User_17_68
2025/11/08 14:46:51 INFO session updated token=adb36aaf-25bd-4e2f-9a06-4c48985d9c7f tableID=0xc00048b4f0 seatIndex=0xc000489720
2025/11/08 14:46:51 INFO session removed token=adb36aaf-25bd-4e2f-9a06-4c48985d9c7f
2025/11/08 14:46:51 INFO session created token=dfcf8a62-320a-4165-a4bd-214197be86f6 name=User_17_69
2025/11/08 14:46:51 INFO session updated token=dfcf8a62-320a-4165-a4bd-214197be86f6 tableID=0xc00048b540 seatIndex=0xc000489770
2025/11/08 14:46:51 INFO session removed token=dfcf8a62-320a-4165-a4bd-214197be86f6
2025/11/08 14:46:51 INFO session created token=17c4a118-74b9-4fdb-9e96-73b80a12f633 name=User_17_70
2025/11/08 14:46:51 INFO session updated token=17c4a118-74b9-4fdb-9e96-73b80a12f633 tableID=0xc00048b590 seatIndex=0xc0004897c0
2025/11/08 14:46:51 INFO session removed token=17c4a118-74b9-4fdb-9e96-73b80a12f633
2025/11/08 14:46:51 INFO session created token=af913352-642e-480d-b200-c7c93051c03c name=User_17_71
2025/11/08 14:46:51 INFO session updated token=af913352-642e-480d-b200-c7c93051c03c tableID=0xc00048b5e0 seatIndex=0xc000489810
2025/11/08 14:46:51 INFO session removed token=af913352-642e-480d-b200-c7c93051c03c
2025/11/08 14:46:51 INFO session created token=084b6054-968d-4e3e-8456-7a4ee456ea0a name=User_17_72
2025/11/08 14:46:51 INFO session updated token=084b6054-968d-4e3e-8456-7a4ee456ea0a tableID=0xc00048b630 seatIndex=0xc000489860
2025/11/08 14:46:51 INFO session removed token=084b6054-968d-4e3e-8456-7a4ee456ea0a
2025/11/08 14:46:51 INFO session created token=a8c13cd2-890e-4341-8ce8-4f9758316285 name=User_17_73
2025/11/08 14:46:51 INFO session updated token=a8c13cd2-890e-4341-8ce8-4f9758316285 tableID=0xc00048b680 seatIndex=0xc0004898b0
2025/11/08 14:46:51 INFO session removed token=a8c13cd2-890e-4341-8ce8-4f9758316285
2025/11/08 14:46:51 INFO session created token=d28fcf96-1c77-487c-aa33-cb37c2f17170 name=User_17_74
2025/11/08 14:46:51 INFO session updated token=d28fcf96-1c77-487c-aa33-cb37c2f17170 tableID=0xc00048b6d0 seatIndex=0xc000489900
2025/11/08 14:46:51 INFO session removed token=d28fcf96-1c77-487c-aa33-cb37c2f17170
2025/11/08 14:46:51 INFO session created token=a392a2f5-f948-41b7-83a8-3ad924dc820f name=User_17_75
2025/11/08 14:46:51 INFO session updated token=a392a2f5-f948-41b7-83a8-3ad924dc820f tableID=0xc00048b720 seatIndex=0xc000489950
2025/11/08 14:46:51 INFO session removed token=a392a2f5-f948-41b7-83a8-3ad924dc820f
2025/11/08 14:46:51 INFO session created token=62ecdaf2-e76f-469e-a355-aa1888285316 name=User_17_76
2025/11/08 14:46:51 INFO session updated token=62ecdaf2-e76f-469e-a355-aa1888285316 tableID=0xc00048b770 seatIndex=0xc0004899a0
2025/11/08 14:46:51 INFO session removed token=62ecdaf2-e76f-469e-a355-aa1888285316
2025/11/08 14:46:51 INFO session created token=d916d552-45cd-4b5f-ad16-f51e4bcdfb15 name=User_17_77
2025/11/08 14:46:51 INFO session updated token=d916d552-45cd-4b5f-ad16-f51e4bcdfb15 tableID=0xc00048b7c0 seatIndex=0xc0004899f0
2025/11/08 14:46:51 INFO session removed token=d916d552-45cd-4b5f-ad16-f51e4bcdfb15
2025/11/08 14:46:51 INFO session created token=64736398-bc5c-4ff3-b701-8b89ea55363b name=User_17_78
2025/11/08 14:46:51 INFO session updated token=64736398-bc5c-4ff3-b701-8b89ea55363b tableID=0xc00048b810 seatIndex=0xc000489a40
2025/11/08 14:46:51 INFO session removed token=64736398-bc5c-4ff3-b701-8b89ea55363b
2025/11/08 14:46:51 INFO session created token=d27be00e-5acd-40c2-a8f4-ba5910caa524 name=User_17_79
2025/11/08 14:46:51 INFO session updated token=d27be00e-5acd-40c2-a8f4-ba5910caa524 tableID=0xc00048b860 seatIndex=0xc000489a90
2025/11/08 14:46:51 INFO session removed token=d27be00e-5acd-40c2-a8f4-ba5910caa524
2025/11/08 14:46:51 INFO session created token=d5f5576c-0b0d-4b80-bc64-b5d4e427c162 name=User_17_80
2025/11/08 14:46:51 INFO session updated token=d5f5576c-0b0d-4b80-bc64-b5d4e427c162 tableID=0xc00048b8b0 seatIndex=0xc000489ae0
2025/11/08 14:46:51 INFO session removed token=d5f5576c-0b0d-4b80-bc64-b5d4e427c162
2025/11/08 14:46:51 INFO session created token=85bd6743-6179-440d-80d0-19d62257b6d1 name=User_17_81
2025/11/08 14:46:51 INFO session updated token=85bd6743-6179-440d-80d0-19d62257b6d1 tableID=0xc00048b900 seatIndex=0xc000489b30
2025/11/08 14:46:51 INFO session removed token=85bd6743-6179-440d-80d0-19d62257b6d1
2025/11/08 14:46:51 INFO session created token=1dd4431d-6396-4720-9015-be7fca2f3d6d name=User_17_82
2025/11/08 14:46:51 INFO session updated token=1dd4431d-6396-4720-9015-be7fca2f3d6d tableID=0xc00048b950 seatIndex=0xc000489b80
2025/11/08 14:46:51 INFO session removed token=1dd4431d-6396-4720-9015-be7fca2f3d6d
2025/11/08 14:46:51 INFO session created token=4a41652d-736d-4849-a1f6-347211183336 name=User_17_83
2025/11/08 14:46:51 INFO session updated token=4a41652d-736d-4849-a1f6-347211183336 tableID=0xc00048b9a0 seatIndex=0xc000489bd0
2025/11/08 14:46:51 INFO session removed token=4a41652d-736d-4849-a1f6-347211183336
2025/11/08 14:46:51 INFO session created token=130bbba5-bd46-41e6-be95-d917cd4c849e name=User_17_84
2025/11/08 14:46:51 INFO session updated token=130bbba5-bd46-41e6-be95-d917cd4c849e tableID=0xc00048b9f0 seatIndex=0xc000489c20
2025/11/08 14:46:51 INFO session removed token=130bbba5-bd46-41e6-be95-d917cd4c849e
2025/11/08 14:46:51 INFO session created token=4bbf10ea-e367-4723-9ef6-cc7b9f6f63d1 name=User_17_85
2025/11/08 14:46:51 INFO session updated token=4bbf10ea-e367-4723-9ef6-cc7b9f6f63d1 tableID=0xc00048ba40 seatIndex=0xc000489c70
2025/11/08 14:46:51 INFO session removed token=4bbf10ea-e367-4723-9ef6-cc7b9f6f63d1
2025/11/08 14:46:51 INFO session created token=282647a0-ac7a-49c3-8995-49c5e96401d2 name=User_17_86
2025/11/08 14:46:51 INFO session updated token=282647a0-ac7a-49c3-8995-49c5e96401d2 tableID=0xc00048ba90 seatIndex=0xc000489cc0
2025/11/08 14:46:51 INFO session removed token=282647a0-ac7a-49c3-8995-49c5e96401d2
2025/11/08 14:46:51 INFO session created token=eab414f9-4003-4177-ac9b-df0e6b1e4345 name=User_17_87
2025/11/08 14:46:51 INFO session updated token=eab414f9-4003-4177-ac9b-df0e6b1e4345 tableID=0xc00048bae0 seatIndex=0xc000489d10
2025/11/08 14:46:51 INFO session removed token=eab414f9-4003-4177-ac9b-df0e6b1e4345
2025/11/08 14:46:51 INFO session created token=3cea07db-4e8c-4554-9e35-e8d98e8eec30 name=User_17_88
2025/11/08 14:46:51 INFO session updated token=3cea07db-4e8c-4554-9e35-e8d98e8eec30 tableID=0xc00048bb30 seatIndex=0xc000489d60
2025/11/08 14:46:51 INFO session removed token=3cea07db-4e8c-4554-9e35-e8d98e8eec30
2025/11/08 14:46:51 INFO session created token=378f0af9-8baa-4cca-a3df-c45cc67877cf name=User_17_89
2025/11/08 14:46:51 INFO session updated token=378f0af9-8baa-4cca-a3df-c45cc67877cf tableID=0xc00048bb80 seatIndex=0xc000489db0
2025/11/08 14:46:51 INFO session removed token=378f0af9-8baa-4cca-a3df-c45cc67877cf
2025/11/08 14:46:51 INFO session created token=9a76ce55-1bc8-4056-98ed-70fcc974c5b7 name=User_17_90
2025/11/08 14:46:51 INFO session updated token=9a76ce55-1bc8-4056-98ed-70fcc974c5b7 tableID=0xc00048bbd0 seatIndex=0xc000489e00
2025/11/08 14:46:51 INFO session removed token=9a76ce55-1bc8-4056-98ed-70fcc974c5b7
2025/11/08 14:46:51 INFO session created token=200a6f25-5967-42e8-9e21-04fac074f88c name=User_17_91
2025/11/08 14:46:51 INFO session updated token=200a6f25-5967-42e8-9e21-04fac074f88c tableID=0xc00048bc20 seatIndex=0xc000489e50
2025/11/08 14:46:51 INFO session removed token=200a6f25-5967-42e8-9e21-04fac074f88c
2025/11/08 14:46:51 INFO session created token=09ba9b63-c1ba-4498-a0e8-e295f4ec5e5b name=User_17_92
2025/11/08 14:46:51 INFO session updated token=09ba9b63-c1ba-4498-a0e8-e295f4ec5e5b tableID=0xc00048bc70 seatIndex=0xc000489ea0
2025/11/08 14:46:51 INFO session removed token=09ba9b63-c1ba-4498-a0e8-e295f4ec5e5b
2025/11/08 14:46:51 INFO session created token=603ee373-8fc8-4915-9206-553bb794a508 name=User_17_93
2025/11/08 14:46:51 INFO session updated token=603ee373-8fc8-4915-9206-553bb794a508 tableID=0xc00048bcc0 seatIndex=0xc000489ef0
2025/11/08 14:46:51 INFO session removed token=603ee373-8fc8-4915-9206-553bb794a508
2025/11/08 14:46:51 INFO session created token=4c8bbfe7-d86e-474e-b3f8-f74f660f6a90 name=User_17_94
2025/11/08 14:46:51 INFO session updated token=4c8bbfe7-d86e-474e-b3f8-f74f660f6a90 tableID=0xc00048bd10 seatIndex=0xc000489f40
2025/11/08 14:46:51 INFO session removed token=4c8bbfe7-d86e-474e-b3f8-f74f660f6a90
2025/11/08 14:46:51 INFO session created token=814ee3f9-d9ac-4ff7-8963-40fdba68e6cd name=User_17_95
2025/11/08 14:46:51 INFO session updated token=814ee3f9-d9ac-4ff7-8963-40fdba68e6cd tableID=0xc00048bd60 seatIndex=0xc000489f90
2025/11/08 14:46:51 INFO session removed token=814ee3f9-d9ac-4ff7-8963-40fdba68e6cd
2025/11/08 14:46:51 INFO session created token=b1bc42ee-5b45-48c1-a2c1-3b622890c301 name=User_17_96
2025/11/08 14:46:51 INFO session updated token=b1bc42ee-5b45-48c1-a2c1-3b622890c301 tableID=0xc00048bdb0 seatIndex=0xc000489fe0
2025/11/08 14:46:51 INFO session removed token=b1bc42ee-5b45-48c1-a2c1-3b622890c301
2025/11/08 14:46:51 INFO session created token=d4ccbb54-7677-4f80-81b8-11ca2ebc5606 name=User_17_97
2025/11/08 14:46:51 INFO session updated token=d4ccbb54-7677-4f80-81b8-11ca2ebc5606 tableID=0xc00048be00 seatIndex=0xc000490030
2025/11/08 14:46:51 INFO session removed token=d4ccbb54-7677-4f80-81b8-11ca2ebc5606
2025/11/08 14:46:51 INFO session created token=4dd1a694-17c9-465e-84ac-a60e015a27e5 name=User_17_98
2025/11/08 14:46:51 INFO session updated token=4dd1a694-17c9-465e-84ac-a60e015a27e5 tableID=0xc00048be50 seatIndex=0xc000490080
2025/11/08 14:46:51 INFO session removed token=4dd1a694-17c9-465e-84ac-a60e015a27e5
2025/11/08 14:46:51 INFO session created token=500201d1-e108-4d32-9d58-087efe72db8a name=User_17_99
2025/11/08 14:46:51 INFO session updated token=500201d1-e108-4d32-9d58-087efe72db8a tableID=0xc00048bea0 seatIndex=0xc0004900d0
2025/11/08 14:46:51 INFO session removed token=500201d1-e108-4d32-9d58-087efe72db8a
2025/11/08 14:46:51 INFO session removed token=6cb28c38-8033-4348-aa67-5cbb4320706c
2025/11/08 14:46:51 INFO session created token=5f56446c-6f34-4fca-8024-b4b123f5b1e9 name=User_61_95
2025/11/08 14:46:51 INFO session updated token=5f56446c-6f34-4fca-8024-b4b123f5b1e9 tableID=0xc00048bf00 seatIndex=0xc000490120
2025/11/08 14:46:51 INFO session removed token=5f56446c-6f34-4fca-8024-b4b123f5b1e9
2025/11/08 14:46:51 INFO session created token=cfe03244-efb7-43ea-acaa-3526ef773eee name=User_61_96
2025/11/08 14:46:51 INFO session updated token=cfe03244-efb7-43ea-acaa-3526ef773eee tableID=0xc00048bf50 seatIndex=0xc000490170
2025/11/08 14:46:51 INFO session removed token=cfe03244-efb7-43ea-acaa-3526ef773eee
2025/11/08 14:46:51 INFO session created token=cc0d3317-a410-4827-a239-9d4db750c2bc name=User_61_97
2025/11/08 14:46:51 INFO session updated token=cc0d3317-a410-4827-a239-9d4db750c2bc tableID=0xc0004a8020 seatIndex=0xc0004901c0
2025/11/08 14:46:51 INFO session removed token=cc0d3317-a410-4827-a239-9d4db750c2bc
2025/11/08 14:46:51 INFO session created token=0a3b74e5-9e51-419e-ab5d-5495b740f08c name=User_61_98
2025/11/08 14:46:51 INFO session updated token=0a3b74e5-9e51-419e-ab5d-5495b740f08c tableID=0xc0004a8070 seatIndex=0xc000490210
2025/11/08 14:46:51 INFO session removed token=0a3b74e5-9e51-419e-ab5d-5495b740f08c
2025/11/08 14:46:51 INFO session created token=aaa6d528-747e-4362-8462-4cacfade76df name=User_61_99
2025/11/08 14:46:51 INFO session updated token=aaa6d528-747e-4362-8462-4cacfade76df tableID=0xc0004a80c0 seatIndex=0xc000490260
2025/11/08 14:46:51 INFO session removed token=aaa6d528-747e-4362-8462-4cacfade76df
2025/11/08 14:46:51 INFO session created token=8626148a-362d-4f7a-b79f-902c67e4ceb4 name=User_12_87
2025/11/08 14:46:51 INFO session updated token=8626148a-362d-4f7a-b79f-902c67e4ceb4 tableID=0xc0004a8110 seatIndex=0xc000490290
2025/11/08 14:46:51 INFO session removed token=8626148a-362d-4f7a-b79f-902c67e4ceb4
2025/11/08 14:46:51 INFO session created token=5a4e8400-561d-444c-aa70-b1f6ba8c23d6 name=User_12_88
2025/11/08 14:46:51 INFO session updated token=5a4e8400-561d-444c-aa70-b1f6ba8c23d6 tableID=0xc0004a8160 seatIndex=0xc0004902e0
2025/11/08 14:46:51 INFO session removed token=5a4e8400-561d-444c-aa70-b1f6ba8c23d6
2025/11/08 14:46:51 INFO session created token=fb6e1884-6545-402d-b97b-a6d5628e2e61 name=User_12_89
2025/11/08 14:46:51 INFO session updated token=fb6e1884-6545-402d-b97b-a6d5628e2e61 tableID=0xc0004a81b0 seatIndex=0xc000490330
2025/11/08 14:46:51 INFO session removed token=fb6e1884-6545-402d-b97b-a6d5628e2e61
2025/11/08 14:46:51 INFO session created token=120d4881-d6d9-4e77-af52-f7b03f8fa6e7 name=User_12_90
2025/11/08 14:46:51 INFO session updated token=120d4881-d6d9-4e77-af52-f7b03f8fa6e7 tableID=0xc0004a8200 seatIndex=0xc000490380
2025/11/08 14:46:51 INFO session removed token=120d4881-d6d9-4e77-af52-f7b03f8fa6e7
2025/11/08 14:46:51 INFO session created token=238f3763-5424-4957-9201-28fc91e7032a name=User_12_91
2025/11/08 14:46:51 INFO session updated token=238f3763-5424-4957-9201-28fc91e7032a tableID=0xc0004a8250 seatIndex=0xc0004903d0
2025/11/08 14:46:51 INFO session removed token=238f3763-5424-4957-9201-28fc91e7032a
2025/11/08 14:46:51 INFO session created token=b568d5b3-a71d-4706-8c1e-2536ca10a5d7 name=User_12_92
2025/11/08 14:46:51 INFO session updated token=b568d5b3-a71d-4706-8c1e-2536ca10a5d7 tableID=0xc0004a82a0 seatIndex=0xc000490420
2025/11/08 14:46:51 INFO session removed token=b568d5b3-a71d-4706-8c1e-2536ca10a5d7
2025/11/08 14:46:51 INFO session created token=0d01164f-e98a-47fb-a682-9514c98e83f6 name=User_12_93
2025/11/08 14:46:51 INFO session updated token=0d01164f-e98a-47fb-a682-9514c98e83f6 tableID=0xc0004a82f0 seatIndex=0xc000490470
2025/11/08 14:46:51 INFO session removed token=0d01164f-e98a-47fb-a682-9514c98e83f6
2025/11/08 14:46:51 INFO session created token=5fc3b3f4-a46a-4aab-98fe-74ce6107b94c name=User_12_94
2025/11/08 14:46:51 INFO session updated token=5fc3b3f4-a46a-4aab-98fe-74ce6107b94c tableID=0xc0004a8340 seatIndex=0xc0004904c0
2025/11/08 14:46:51 INFO session removed token=5fc3b3f4-a46a-4aab-98fe-74ce6107b94c
2025/11/08 14:46:51 INFO session created token=59637073-dfb4-4b93-9800-7444b705c6ec name=User_12_95
2025/11/08 14:46:51 INFO session updated token=59637073-dfb4-4b93-9800-7444b705c6ec tableID=0xc0004a8390 seatIndex=0xc000490510
2025/11/08 14:46:51 INFO session removed token=59637073-dfb4-4b93-9800-7444b705c6ec
2025/11/08 14:46:51 INFO session created token=cb0df0d4-10bd-4e6a-a788-8b5b769ba941 name=User_12_96
2025/11/08 14:46:51 INFO session updated token=cb0df0d4-10bd-4e6a-a788-8b5b769ba941 tableID=0xc0004a83e0 seatIndex=0xc000490560
2025/11/08 14:46:51 INFO session removed token=cb0df0d4-10bd-4e6a-a788-8b5b769ba941
2025/11/08 14:46:51 INFO session created token=4903350d-42de-4549-91f1-266c5d0733df name=User_12_97
2025/11/08 14:46:51 INFO session updated token=4903350d-42de-4549-91f1-266c5d0733df tableID=0xc0004a8430 seatIndex=0xc0004905b0
2025/11/08 14:46:51 INFO session removed token=4903350d-42de-4549-91f1-266c5d0733df
2025/11/08 14:46:51 INFO session created token=e7cf3080-b39a-4dcb-a67e-da876d1eba26 name=User_12_98
2025/11/08 14:46:51 INFO session updated token=e7cf3080-b39a-4dcb-a67e-da876d1eba26 tableID=0xc0004a8480 seatIndex=0xc000490600
2025/11/08 14:46:51 INFO session removed token=e7cf3080-b39a-4dcb-a67e-da876d1eba26
2025/11/08 14:46:51 INFO session created token=b827f11c-6f1e-44ac-8008-e372460caa06 name=User_12_99
2025/11/08 14:46:51 INFO session updated token=b827f11c-6f1e-44ac-8008-e372460caa06 tableID=0xc0004a84d0 seatIndex=0xc000490650
2025/11/08 14:46:51 INFO session removed token=b827f11c-6f1e-44ac-8008-e372460caa06
2025/11/08 14:46:51 INFO session created token=9981e9dd-f39e-491c-942b-23d977fa877b name=User_18_77
2025/11/08 14:46:51 INFO session updated token=9981e9dd-f39e-491c-942b-23d977fa877b tableID=0xc0004a8520 seatIndex=0xc000490680
2025/11/08 14:46:51 INFO session removed token=9981e9dd-f39e-491c-942b-23d977fa877b
2025/11/08 14:46:51 INFO session created token=bb1fc5a1-e71a-4142-8e4b-dae71d49bd76 name=User_18_78
2025/11/08 14:46:51 INFO session updated token=bb1fc5a1-e71a-4142-8e4b-dae71d49bd76 tableID=0xc0004a8570 seatIndex=0xc0004906d0
2025/11/08 14:46:51 INFO session removed token=bb1fc5a1-e71a-4142-8e4b-dae71d49bd76
2025/11/08 14:46:51 INFO session created token=f6d0267d-5834-4638-b6f8-ae9c9546905d name=User_18_79
2025/11/08 14:46:51 INFO session updated token=f6d0267d-5834-4638-b6f8-ae9c9546905d tableID=0xc0004a85c0 seatIndex=0xc000490720
2025/11/08 14:46:51 INFO session removed token=f6d0267d-5834-4638-b6f8-ae9c9546905d
2025/11/08 14:46:51 INFO session created token=9c74bb9d-f819-4f15-8e80-54739f4d23df name=User_18_80
2025/11/08 14:46:51 INFO session updated token=9c74bb9d-f819-4f15-8e80-54739f4d23df tableID=0xc0004a8610 seatIndex=0xc000490770
2025/11/08 14:46:51 INFO session removed token=9c74bb9d-f819-4f15-8e80-54739f4d23df
2025/11/08 14:46:51 INFO session created token=f1d5ad93-596f-467e-8973-971dc8167e8f name=User_18_81
2025/11/08 14:46:51 INFO session updated token=f1d5ad93-596f-467e-8973-971dc8167e8f tableID=0xc0004a8660 seatIndex=0xc0004907c0
2025/11/08 14:46:51 INFO session removed token=f1d5ad93-596f-467e-8973-971dc8167e8f
2025/11/08 14:46:51 INFO session created token=6de0cee1-1c62-421b-9a0b-c53f91439353 name=User_18_82
2025/11/08 14:46:51 INFO session updated token=6de0cee1-1c62-421b-9a0b-c53f91439353 tableID=0xc0004a86b0 seatIndex=0xc000490810
2025/11/08 14:46:51 INFO session removed token=6de0cee1-1c62-421b-9a0b-c53f91439353
2025/11/08 14:46:51 INFO session created token=8039767a-46d0-4698-ab88-01724a73d4d0 name=User_18_83
2025/11/08 14:46:51 INFO session updated token=8039767a-46d0-4698-ab88-01724a73d4d0 tableID=0xc0004a8700 seatIndex=0xc000490860
2025/11/08 14:46:51 INFO session removed token=8039767a-46d0-4698-ab88-01724a73d4d0
2025/11/08 14:46:51 INFO session created token=232c1184-841b-4c43-9954-18e8d09a9acc name=User_18_84
2025/11/08 14:46:51 INFO session updated token=232c1184-841b-4c43-9954-18e8d09a9acc tableID=0xc0004a8750 seatIndex=0xc0004908b0
2025/11/08 14:46:51 INFO session removed token=232c1184-841b-4c43-9954-18e8d09a9acc
2025/11/08 14:46:51 INFO session created token=10f99b60-9ab5-4c98-9e20-4e91e1763b33 name=User_18_85
2025/11/08 14:46:51 INFO session updated token=10f99b60-9ab5-4c98-9e20-4e91e1763b33 tableID=0xc0004a87a0 seatIndex=0xc000490900
2025/11/08 14:46:51 INFO session removed token=10f99b60-9ab5-4c98-9e20-4e91e1763b33
2025/11/08 14:46:51 INFO session created token=b9157079-5626-468c-a942-605394e8f0cf name=User_18_86
2025/11/08 14:46:51 INFO session updated token=b9157079-5626-468c-a942-605394e8f0cf tableID=0xc0004a87f0 seatIndex=0xc000490950
2025/11/08 14:46:51 INFO session removed token=b9157079-5626-468c-a942-605394e8f0cf
2025/11/08 14:46:51 INFO session created token=b6d65bd0-9aab-486f-9e23-cd17afd65657 name=User_18_87
2025/11/08 14:46:51 INFO session updated token=b6d65bd0-9aab-486f-9e23-cd17afd65657 tableID=0xc0004a8840 seatIndex=0xc0004909a0
2025/11/08 14:46:51 INFO session removed token=b6d65bd0-9aab-486f-9e23-cd17afd65657
2025/11/08 14:46:51 INFO session created token=59464e5e-b3a7-4341-91d2-438b9e3f388d name=User_18_88
2025/11/08 14:46:51 INFO session updated token=59464e5e-b3a7-4341-91d2-438b9e3f388d tableID=0xc0004a8890 seatIndex=0xc0004909f0
2025/11/08 14:46:51 INFO session removed token=59464e5e-b3a7-4341-91d2-438b9e3f388d
2025/11/08 14:46:51 INFO session created token=0b6ab333-7e0e-47dd-ab48-d6a29229753e name=User_18_89
2025/11/08 14:46:51 INFO session updated token=0b6ab333-7e0e-47dd-ab48-d6a29229753e tableID=0xc0004a88e0 seatIndex=0xc000490a40
2025/11/08 14:46:51 INFO session removed token=0b6ab333-7e0e-47dd-ab48-d6a29229753e
2025/11/08 14:46:51 INFO session created token=c667b0d9-d51a-4c24-8e33-193afe1bd9bd name=User_18_90
2025/11/08 14:46:51 INFO session updated token=c667b0d9-d51a-4c24-8e33-193afe1bd9bd tableID=0xc0004a8930 seatIndex=0xc000490a90
2025/11/08 14:46:51 INFO session removed token=c667b0d9-d51a-4c24-8e33-193afe1bd9bd
2025/11/08 14:46:51 INFO session created token=1031e102-a3ad-41c8-8179-cdd3ff6bf9fb name=User_18_91
2025/11/08 14:46:51 INFO session updated token=1031e102-a3ad-41c8-8179-cdd3ff6bf9fb tableID=0xc0004a8980 seatIndex=0xc000490ae0
2025/11/08 14:46:51 INFO session removed token=1031e102-a3ad-41c8-8179-cdd3ff6bf9fb
2025/11/08 14:46:51 INFO session created token=96dd7fd7-e623-4eed-b04b-cb33303e7e02 name=User_18_92
2025/11/08 14:46:51 INFO session updated token=96dd7fd7-e623-4eed-b04b-cb33303e7e02 tableID=0xc0004a89d0 seatIndex=0xc000490b30
2025/11/08 14:46:51 INFO session removed token=96dd7fd7-e623-4eed-b04b-cb33303e7e02
2025/11/08 14:46:51 INFO session created token=9f41904b-bd1a-4cda-ac44-ee179993abfc name=User_18_93
2025/11/08 14:46:51 INFO session updated token=9f41904b-bd1a-4cda-ac44-ee179993abfc tableID=0xc0004a8a20 seatIndex=0xc000490b80
2025/11/08 14:46:51 INFO session removed token=9f41904b-bd1a-4cda-ac44-ee179993abfc
2025/11/08 14:46:51 INFO session created token=aedef1ff-a2f3-4497-9eb5-0e995b16bc22 name=User_18_94
2025/11/08 14:46:51 INFO session updated token=aedef1ff-a2f3-4497-9eb5-0e995b16bc22 tableID=0xc0004a8a70 seatIndex=0xc000490bd0
2025/11/08 14:46:51 INFO session removed token=aedef1ff-a2f3-4497-9eb5-0e995b16bc22
2025/11/08 14:46:51 INFO session created token=197ce1d1-aac7-41ef-acae-50ae9170e79e name=User_18_95
2025/11/08 14:46:51 INFO session updated token=197ce1d1-aac7-41ef-acae-50ae9170e79e tableID=0xc0004a8ac0 seatIndex=0xc000490c20
2025/11/08 14:46:51 INFO session removed token=197ce1d1-aac7-41ef-acae-50ae9170e79e
2025/11/08 14:46:51 INFO session created token=93f27497-e2eb-4075-8ff6-5998db399ab9 name=User_18_96
2025/11/08 14:46:51 INFO session updated token=93f27497-e2eb-4075-8ff6-5998db399ab9 tableID=0xc0004a8b10 seatIndex=0xc000490c70
2025/11/08 14:46:51 INFO session removed token=93f27497-e2eb-4075-8ff6-5998db399ab9
2025/11/08 14:46:51 INFO session created token=bd4522ae-1188-4cf4-a97e-9f882b3f2995 name=User_18_97
2025/11/08 14:46:51 INFO session updated token=bd4522ae-1188-4cf4-a97e-9f882b3f2995 tableID=0xc0004a8b60 seatIndex=0xc000490cc0
2025/11/08 14:46:51 INFO session removed token=bd4522ae-1188-4cf4-a97e-9f882b3f2995
2025/11/08 14:46:51 INFO session created token=8e8819ec-b8a9-4754-8fa4-da141557db83 name=User_18_98
2025/11/08 14:46:51 INFO session updated token=8e8819ec-b8a9-4754-8fa4-da141557db83 tableID=0xc0004a8bb0 seatIndex=0xc000490d10
2025/11/08 14:46:51 INFO session removed token=8e8819ec-b8a9-4754-8fa4-da141557db83
2025/11/08 14:46:51 INFO session created token=6e139819-48f9-4c0e-b7e7-97ad6327ac1f name=User_18_99
2025/11/08 14:46:51 INFO session updated token=6e139819-48f9-4c0e-b7e7-97ad6327ac1f tableID=0xc0004a8c00 seatIndex=0xc000490d60
2025/11/08 14:46:51 INFO session removed token=6e139819-48f9-4c0e-b7e7-97ad6327ac1f
2025/11/08 14:46:51 INFO session created token=4bdf809c-a9e5-4cc9-bd1b-5c0e86928a1a name=User_96_69
2025/11/08 14:46:51 INFO session updated token=4bdf809c-a9e5-4cc9-bd1b-5c0e86928a1a tableID=0xc0004a8c50 seatIndex=0xc000490d90
2025/11/08 14:46:51 INFO session removed token=4bdf809c-a9e5-4cc9-bd1b-5c0e86928a1a
2025/11/08 14:46:51 INFO session created token=ac698df7-458c-4505-b519-d5856b85f5cd name=User_96_70
2025/11/08 14:46:51 INFO session updated token=ac698df7-458c-4505-b519-d5856b85f5cd tableID=0xc0004a8ca0 seatIndex=0xc000490de0
2025/11/08 14:46:51 INFO session removed token=ac698df7-458c-4505-b519-d5856b85f5cd
2025/11/08 14:46:51 INFO session created token=c7bb3278-6969-4a81-8a22-c8bd0f6ab5e9 name=User_96_71
2025/11/08 14:46:51 INFO session updated token=c7bb3278-6969-4a81-8a22-c8bd0f6ab5e9 tableID=0xc0004a8cf0 seatIndex=0xc000490e30
2025/11/08 14:46:51 INFO session removed token=c7bb3278-6969-4a81-8a22-c8bd0f6ab5e9
2025/11/08 14:46:51 INFO session created token=3c707346-1f04-40f0-9cb9-572762a3cc83 name=User_96_72
2025/11/08 14:46:51 INFO session updated token=3c707346-1f04-40f0-9cb9-572762a3cc83 tableID=0xc0004a8d40 seatIndex=0xc000490e80
2025/11/08 14:46:51 INFO session removed token=3c707346-1f04-40f0-9cb9-572762a3cc83
2025/11/08 14:46:51 INFO session created token=6ae6745c-f362-49cd-9f6c-81433975cc46 name=User_96_73
2025/11/08 14:46:51 INFO session updated token=6ae6745c-f362-49cd-9f6c-81433975cc46 tableID=0xc0004a8d90 seatIndex=0xc000490ed0
2025/11/08 14:46:51 INFO session removed token=6ae6745c-f362-49cd-9f6c-81433975cc46
2025/11/08 14:46:51 INFO session created token=b914c4e7-10ab-4711-b8cb-0f6e5f0c0c5b name=User_96_74
2025/11/08 14:46:51 INFO session updated token=b914c4e7-10ab-4711-b8cb-0f6e5f0c0c5b tableID=0xc0004a8de0 seatIndex=0xc000490f20
2025/11/08 14:46:51 INFO session removed token=b914c4e7-10ab-4711-b8cb-0f6e5f0c0c5b
2025/11/08 14:46:51 INFO session created token=4466c727-990e-4a24-857c-67d2bbf7e445 name=User_96_75
2025/11/08 14:46:51 INFO session updated token=4466c727-990e-4a24-857c-67d2bbf7e445 tableID=0xc0004a8e30 seatIndex=0xc000490f70
2025/11/08 14:46:51 INFO session removed token=4466c727-990e-4a24-857c-67d2bbf7e445
2025/11/08 14:46:51 INFO session created token=2754261c-5152-4e14-87be-c8842069c6f2 name=User_96_76
2025/11/08 14:46:51 INFO session updated token=2754261c-5152-4e14-87be-c8842069c6f2 tableID=0xc0004a8e80 seatIndex=0xc000490fc0
2025/11/08 14:46:51 INFO session removed token=2754261c-5152-4e14-87be-c8842069c6f2
2025/11/08 14:46:51 INFO session created token=b2d27974-2795-44c2-b9d4-2a3ee72f9d8d name=User_96_77
2025/11/08 14:46:51 INFO session updated token=b2d27974-2795-44c2-b9d4-2a3ee72f9d8d tableID=0xc0004a8ed0 seatIndex=0xc000491010
2025/11/08 14:46:51 INFO session removed token=b2d27974-2795-44c2-b9d4-2a3ee72f9d8d
2025/11/08 14:46:51 INFO session created token=db4aa775-142b-4cc9-a18b-8dfbbefdecd0 name=User_96_78
2025/11/08 14:46:51 INFO session updated token=db4aa775-142b-4cc9-a18b-8dfbbefdecd0 tableID=0xc0004a8f20 seatIndex=0xc000491060
2025/11/08 14:46:51 INFO session removed token=db4aa775-142b-4cc9-a18b-8dfbbefdecd0
2025/11/08 14:46:51 INFO session created token=e2e16726-3459-40e1-9d40-f6f115d88f9d name=User_96_79
2025/11/08 14:46:51 INFO session updated token=e2e16726-3459-40e1-9d40-f6f115d88f9d tableID=0xc0004a8f70 seatIndex=0xc0004910b0
2025/11/08 14:46:51 INFO session removed token=e2e16726-3459-40e1-9d40-f6f115d88f9d
2025/11/08 14:46:51 INFO session created token=e2a6a31d-48c4-49e5-bdf3-85f20fd5eba8 name=User_96_80
2025/11/08 14:46:51 INFO session updated token=e2a6a31d-48c4-49e5-bdf3-85f20fd5eba8 tableID=0xc0004a8fc0 seatIndex=0xc000491100
2025/11/08 14:46:51 INFO session removed token=e2a6a31d-48c4-49e5-bdf3-85f20fd5eba8
2025/11/08 14:46:51 INFO session created token=82bd6dac-3a92-4604-af37-0b0d07179b60 name=User_96_81
2025/11/08 14:46:51 INFO session updated token=82bd6dac-3a92-4604-af37-0b0d07179b60 tableID=0xc0004a9010 seatIndex=0xc000491150
2025/11/08 14:46:51 INFO session removed token=82bd6dac-3a92-4604-af37-0b0d07179b60
2025/11/08 14:46:51 INFO session created token=a3cc79ed-dc99-4797-8837-48f5112f8e77 name=User_96_82
2025/11/08 14:46:51 INFO session updated token=a3cc79ed-dc99-4797-8837-48f5112f8e77 tableID=0xc0004a9060 seatIndex=0xc0004911a0
2025/11/08 14:46:51 INFO session removed token=a3cc79ed-dc99-4797-8837-48f5112f8e77
2025/11/08 14:46:51 INFO session created token=21d63195-ea97-4ac3-ba55-4b4d55b9a068 name=User_96_83
2025/11/08 14:46:51 INFO session updated token=21d63195-ea97-4ac3-ba55-4b4d55b9a068 tableID=0xc0004a90b0 seatIndex=0xc0004911f0
2025/11/08 14:46:51 INFO session removed token=21d63195-ea97-4ac3-ba55-4b4d55b9a068
2025/11/08 14:46:51 INFO session created token=e65ad126-d9fc-4afa-823d-e89867744936 name=User_96_84
2025/11/08 14:46:51 INFO session updated token=e65ad126-d9fc-4afa-823d-e89867744936 tableID=0xc0004a9100 seatIndex=0xc000491240
2025/11/08 14:46:51 INFO session removed token=e65ad126-d9fc-4afa-823d-e89867744936
2025/11/08 14:46:51 INFO session created token=b07b124d-7109-4847-8b80-15569c8d07ae name=User_96_85
2025/11/08 14:46:51 INFO session updated token=b07b124d-7109-4847-8b80-15569c8d07ae tableID=0xc0004a9150 seatIndex=0xc000491290
2025/11/08 14:46:51 INFO session removed token=b07b124d-7109-4847-8b80-15569c8d07ae
2025/11/08 14:46:51 INFO session created token=fccb6ab3-8aef-4b1f-a73d-35da53a6a87c name=User_96_86
2025/11/08 14:46:51 INFO session updated token=fccb6ab3-8aef-4b1f-a73d-35da53a6a87c tableID=0xc0004a91a0 seatIndex=0xc0004912e0
2025/11/08 14:46:51 INFO session removed token=fccb6ab3-8aef-4b1f-a73d-35da53a6a87c
2025/11/08 14:46:51 INFO session created token=e4963b7b-7a58-4e00-870a-c9aeff2773c2 name=User_96_87
2025/11/08 14:46:51 INFO session updated token=e4963b7b-7a58-4e00-870a-c9aeff2773c2 tableID=0xc0004a91f0 seatIndex=0xc000491330
2025/11/08 14:46:51 INFO session removed token=e4963b7b-7a58-4e00-870a-c9aeff2773c2
2025/11/08 14:46:51 INFO session created token=13c88a2b-0c1a-426a-a3c8-1222f3741209 name=User_96_88
2025/11/08 14:46:51 INFO session updated token=13c88a2b-0c1a-426a-a3c8-1222f3741209 tableID=0xc0004a9240 seatIndex=0xc000491380
2025/11/08 14:46:51 INFO session removed token=13c88a2b-0c1a-426a-a3c8-1222f3741209
2025/11/08 14:46:51 INFO session created token=a634be69-8144-4806-b263-99d1f11892ec name=User_96_89
2025/11/08 14:46:51 INFO session updated token=a634be69-8144-4806-b263-99d1f11892ec tableID=0xc0004a9290 seatIndex=0xc0004913d0
2025/11/08 14:46:51 INFO session removed token=a634be69-8144-4806-b263-99d1f11892ec
2025/11/08 14:46:51 INFO session created token=301f5f89-40e1-4c4c-beb3-5c0e129e5989 name=User_96_90
2025/11/08 14:46:51 INFO session updated token=301f5f89-40e1-4c4c-beb3-5c0e129e5989 tableID=0xc0004a92e0 seatIndex=0xc000491420
2025/11/08 14:46:51 INFO session removed token=301f5f89-40e1-4c4c-beb3-5c0e129e5989
2025/11/08 14:46:51 INFO session created token=79b09423-7ae4-401a-8358-c7db58394cbf name=User_96_91
2025/11/08 14:46:51 INFO session updated token=79b09423-7ae4-401a-8358-c7db58394cbf tableID=0xc0004a9330 seatIndex=0xc000491470
2025/11/08 14:46:51 INFO session removed token=79b09423-7ae4-401a-8358-c7db58394cbf
2025/11/08 14:46:51 INFO session created token=8c39a309-4081-4c83-a6fa-69d4cf5b07c9 name=User_96_92
2025/11/08 14:46:51 INFO session updated token=8c39a309-4081-4c83-a6fa-69d4cf5b07c9 tableID=0xc0004a9380 seatIndex=0xc0004914c0
2025/11/08 14:46:51 INFO session removed token=8c39a309-4081-4c83-a6fa-69d4cf5b07c9
2025/11/08 14:46:51 INFO session created token=5f8de7f4-2ca5-494a-93f9-d0b416e985fe name=User_96_93
2025/11/08 14:46:51 INFO session updated token=5f8de7f4-2ca5-494a-93f9-d0b416e985fe tableID=0xc0004a93d0 seatIndex=0xc000491510
2025/11/08 14:46:51 INFO session removed token=5f8de7f4-2ca5-494a-93f9-d0b416e985fe
2025/11/08 14:46:51 INFO session created token=8fee2247-2b08-4e9a-a622-44d0c911d4e3 name=User_96_94
2025/11/08 14:46:51 INFO session updated token=8fee2247-2b08-4e9a-a622-44d0c911d4e3 tableID=0xc0004a9420 seatIndex=0xc000491560
2025/11/08 14:46:51 INFO session removed token=8fee2247-2b08-4e9a-a622-44d0c911d4e3
2025/11/08 14:46:51 INFO session created token=78ac9149-b62e-454a-9380-3714ab5d5748 name=User_96_95
2025/11/08 14:46:51 INFO session updated token=78ac9149-b62e-454a-9380-3714ab5d5748 tableID=0xc0004a9470 seatIndex=0xc0004915b0
2025/11/08 14:46:51 INFO session removed token=78ac9149-b62e-454a-9380-3714ab5d5748
2025/11/08 14:46:51 INFO session created token=f4f4a2fe-b7e3-4133-8469-6538ee29739d name=User_96_96
2025/11/08 14:46:51 INFO session updated token=f4f4a2fe-b7e3-4133-8469-6538ee29739d tableID=0xc0004a94c0 seatIndex=0xc000491600
2025/11/08 14:46:51 INFO session removed token=f4f4a2fe-b7e3-4133-8469-6538ee29739d
2025/11/08 14:46:51 INFO session created token=be6f8251-a03f-4655-9f37-2735041ada91 name=User_96_97
2025/11/08 14:46:51 INFO session updated token=be6f8251-a03f-4655-9f37-2735041ada91 tableID=0xc0004a9510 seatIndex=0xc000491650
2025/11/08 14:46:51 INFO session removed token=be6f8251-a03f-4655-9f37-2735041ada91
2025/11/08 14:46:51 INFO session created token=7424af88-6a96-4354-a7bb-be84c7a9cef9 name=User_96_98
2025/11/08 14:46:51 INFO session updated token=7424af88-6a96-4354-a7bb-be84c7a9cef9 tableID=0xc0004a9560 seatIndex=0xc0004916a0
2025/11/08 14:46:51 INFO session removed token=7424af88-6a96-4354-a7bb-be84c7a9cef9
2025/11/08 14:46:51 INFO session created token=cccedefd-4366-4046-a1a9-15fe2147cf3d name=User_96_99
2025/11/08 14:46:51 INFO session updated token=cccedefd-4366-4046-a1a9-15fe2147cf3d tableID=0xc0004a95b0 seatIndex=0xc0004916f0
2025/11/08 14:46:51 INFO session removed token=cccedefd-4366-4046-a1a9-15fe2147cf3d
2025/11/08 14:46:51 INFO session updated token=8d38535e-8bb4-4251-a25a-3b0e4e10bb64 tableID=0xc0003d16a0 seatIndex=0xc0003d3480
2025/11/08 14:46:51 INFO session removed token=8d38535e-8bb4-4251-a25a-3b0e4e10bb64
2025/11/08 14:46:51 INFO session created token=f9dc975e-511b-4046-b5c4-76b40be7d461 name=User_36_96
2025/11/08 14:46:51 INFO session updated token=f9dc975e-511b-4046-b5c4-76b40be7d461 tableID=0xc0004a9620 seatIndex=0xc000491760
2025/11/08 14:46:51 INFO session removed token=f9dc975e-511b-4046-b5c4-76b40be7d461
2025/11/08 14:46:51 INFO session created token=b1d70700-7b81-48ef-aa62-d65a4919c511 name=User_36_97
2025/11/08 14:46:51 INFO session updated token=b1d70700-7b81-48ef-aa62-d65a4919c511 tableID=0xc0004a9670 seatIndex=0xc0004917b0
2025/11/08 14:46:51 INFO session removed token=b1d70700-7b81-48ef-aa62-d65a4919c511
2025/11/08 14:46:51 INFO session created token=3ce6a4b8-f6e0-4135-b459-1272eb850a52 name=User_36_98
2025/11/08 14:46:51 INFO session updated token=3ce6a4b8-f6e0-4135-b459-1272eb850a52 tableID=0xc0004a96c0 seatIndex=0xc000491800
2025/11/08 14:46:51 INFO session removed token=3ce6a4b8-f6e0-4135-b459-1272eb850a52
2025/11/08 14:46:51 INFO session created token=c0a18859-7cf7-42cc-a5d4-b597253eed57 name=User_36_99
2025/11/08 14:46:51 INFO session updated token=c0a18859-7cf7-42cc-a5d4-b597253eed57 tableID=0xc0004a9710 seatIndex=0xc000491850
2025/11/08 14:46:51 INFO session removed token=c0a18859-7cf7-42cc-a5d4-b597253eed57
2025/11/08 14:46:51 INFO session created token=fe516b9e-15e7-463d-98bc-b2a15c2bc68d name=User_19_38
2025/11/08 14:46:51 INFO session updated token=fe516b9e-15e7-463d-98bc-b2a15c2bc68d tableID=0xc0004a9760 seatIndex=0xc000491880
2025/11/08 14:46:51 INFO session removed token=fe516b9e-15e7-463d-98bc-b2a15c2bc68d
2025/11/08 14:46:51 INFO session created token=96d205cd-9a16-4c0e-9508-57fbcb080b2c name=User_54_82
2025/11/08 14:46:51 INFO session created token=6425cae6-87f4-473a-ae67-80562fcc3d76 name=User_19_39
2025/11/08 14:46:51 INFO session updated token=96d205cd-9a16-4c0e-9508-57fbcb080b2c tableID=0xc000418120 seatIndex=0xc000415fa0
2025/11/08 14:46:51 INFO session created token=1ccb188f-1ee5-4de7-9551-210735a065a7 name=User_53_97
2025/11/08 14:46:51 INFO session removed token=3385c8ee-50b7-4be3-9ad4-ffe14a2e2601
2025/11/08 14:46:51 INFO session updated token=f64ebd9d-e6bb-452f-8c8d-5dcfda8e0ee1 tableID=0xc0004846b0 seatIndex=0xc0004828f0
2025/11/08 14:46:51 INFO session updated token=036e383f-b15f-4b6f-a9b1-b7422811c759 tableID=0xc000485350 seatIndex=0xc0004835c0
2025/11/08 14:46:51 INFO session removed token=f6e768c6-68f3-4baf-a6ef-cc2e4b60a92a
2025/11/08 14:46:51 INFO session created token=b8a16046-b570-464f-968c-55707af72499 name=User_76_54
2025/11/08 14:46:51 INFO session updated token=47df1477-803d-46c1-91a4-4f6277e19dd1 tableID=0xc0004854f0 seatIndex=0xc000483760
2025/11/08 14:46:51 INFO session created token=7857a4ba-09a1-4c36-a864-4bb52d5c6404 name=User_11_95
2025/11/08 14:46:51 INFO session removed token=2018370b-e7ca-4767-9ec7-ce0c8da7125d
2025/11/08 14:46:51 INFO session removed token=13a37e40-29ca-407c-b085-66f0172bc665
2025/11/08 14:46:51 INFO session removed token=028bbfdc-c00e-4e93-805e-03cfcfc1b654
2025/11/08 14:46:51 INFO session created token=5e50bb97-80ab-47b0-8b0b-71108dabd37a name=User_28_77
2025/11/08 14:46:51 INFO session removed token=2943cd2d-1510-41b5-a053-2a7b1f7c0880
2025/11/08 14:46:51 INFO session removed token=3f38137a-6be3-404a-9f7f-9e11181a2eaa
2025/11/08 14:46:51 INFO session removed token=b83312b4-9531-4fc5-b01d-1dd896e4ff51
2025/11/08 14:46:51 INFO session updated token=68b2fd2d-8429-4128-bcf2-12360bc29829 tableID=0xc000485590 seatIndex=0xc000483870
2025/11/08 14:46:51 INFO session removed token=9ca60726-8cfe-4e38-b72d-63861b4fa26e
2025/11/08 14:46:51 INFO session removed token=57f6910a-a560-4d0f-bd34-30070d78fa32
2025/11/08 14:46:51 INFO session updated token=6a1723a0-7f98-4ca1-8313-fe45b646fd37 tableID=0xc0004855b0 seatIndex=0xc0004838a0
2025/11/08 14:46:51 INFO session removed token=721896d2-2cf1-43f2-ac81-a99d812b77e4
2025/11/08 14:46:51 INFO session created token=58e7a91e-c493-4baa-b78b-69cf4a18acfa name=User_15_99
2025/11/08 14:46:51 INFO session updated token=58e7a91e-c493-4baa-b78b-69cf4a18acfa tableID=0xc0003d1800 seatIndex=0xc0003d3580
2025/11/08 14:46:51 INFO session removed token=58e7a91e-c493-4baa-b78b-69cf4a18acfa
2025/11/08 14:46:51 INFO session removed token=96d205cd-9a16-4c0e-9508-57fbcb080b2c
2025/11/08 14:46:51 INFO session created token=31afce02-50f8-4d11-9951-d954b98e2e48 name=User_54_83
2025/11/08 14:46:51 INFO session updated token=31afce02-50f8-4d11-9951-d954b98e2e48 tableID=0xc0003d1860 seatIndex=0xc0003d35d0
2025/11/08 14:46:51 INFO session removed token=31afce02-50f8-4d11-9951-d954b98e2e48
2025/11/08 14:46:51 INFO session created token=e54883d8-1a2d-467b-86ca-c4d625243d59 name=User_54_84
2025/11/08 14:46:51 INFO session updated token=e54883d8-1a2d-467b-86ca-c4d625243d59 tableID=0xc0003d18b0 seatIndex=0xc0003d3620
2025/11/08 14:46:51 INFO session removed token=e54883d8-1a2d-467b-86ca-c4d625243d59
2025/11/08 14:46:51 INFO session created token=0c91d9e0-574d-4c35-878b-138e88479fd5 name=User_54_85
2025/11/08 14:46:51 INFO session updated token=0c91d9e0-574d-4c35-878b-138e88479fd5 tableID=0xc0003d1900 seatIndex=0xc0003d3670
2025/11/08 14:46:51 INFO session removed token=0c91d9e0-574d-4c35-878b-138e88479fd5
2025/11/08 14:46:51 INFO session removed token=6a1723a0-7f98-4ca1-8313-fe45b646fd37
2025/11/08 14:46:51 INFO session created token=35f9281c-8be8-4e3d-bb3f-60ec4a6b7a3c name=User_44_67
2025/11/08 14:46:51 INFO session updated token=35f9281c-8be8-4e3d-bb3f-60ec4a6b7a3c tableID=0xc0004a9810 seatIndex=0xc000491940
2025/11/08 14:46:51 INFO session removed token=35f9281c-8be8-4e3d-bb3f-60ec4a6b7a3c
2025/11/08 14:46:51 INFO session created token=399dc8db-01e1-4ba0-976b-c8031a671849 name=User_44_68
2025/11/08 14:46:51 INFO session updated token=399dc8db-01e1-4ba0-976b-c8031a671849 tableID=0xc0004a9860 seatIndex=0xc000491990
2025/11/08 14:46:51 INFO session removed token=399dc8db-01e1-4ba0-976b-c8031a671849
2025/11/08 14:46:51 INFO session created token=a2394489-7c13-4284-9c78-500334e6e773 name=User_44_69
2025/11/08 14:46:51 INFO session updated token=a2394489-7c13-4284-9c78-500334e6e773 tableID=0xc0004a98b0 seatIndex=0xc0004919e0
2025/11/08 14:46:51 INFO session removed token=a2394489-7c13-4284-9c78-500334e6e773
2025/11/08 14:46:51 INFO session created token=7862346f-7919-4ab9-993e-ad5514ac4b47 name=User_44_70
2025/11/08 14:46:51 INFO session updated token=7862346f-7919-4ab9-993e-ad5514ac4b47 tableID=0xc0004a9900 seatIndex=0xc000491a30
2025/11/08 14:46:51 INFO session removed token=7862346f-7919-4ab9-993e-ad5514ac4b47
2025/11/08 14:46:51 INFO session created token=0a0fad8f-2aee-4649-9afd-944ca528eb95 name=User_44_71
2025/11/08 14:46:51 INFO session updated token=0a0fad8f-2aee-4649-9afd-944ca528eb95 tableID=0xc0004a9950 seatIndex=0xc000491a80
2025/11/08 14:46:51 INFO session removed token=0a0fad8f-2aee-4649-9afd-944ca528eb95
2025/11/08 14:46:51 INFO session created token=69359cab-336a-4bd7-9b44-86d3eaf1f494 name=User_44_72
2025/11/08 14:46:51 INFO session updated token=69359cab-336a-4bd7-9b44-86d3eaf1f494 tableID=0xc0004a99a0 seatIndex=0xc000491ad0
2025/11/08 14:46:51 INFO session removed token=69359cab-336a-4bd7-9b44-86d3eaf1f494
2025/11/08 14:46:51 INFO session created token=be7d6d26-b64f-4d10-9f55-72e8c7a2034e name=User_44_73
2025/11/08 14:46:51 INFO session updated token=be7d6d26-b64f-4d10-9f55-72e8c7a2034e tableID=0xc0004a99f0 seatIndex=0xc000491b20
2025/11/08 14:46:51 INFO session removed token=be7d6d26-b64f-4d10-9f55-72e8c7a2034e
2025/11/08 14:46:51 INFO session updated token=6425cae6-87f4-473a-ae67-80562fcc3d76 tableID=0xc000347c80 seatIndex=0xc000349bc0
2025/11/08 14:46:51 INFO session removed token=6425cae6-87f4-473a-ae67-80562fcc3d76
2025/11/08 14:46:51 INFO session created token=23031dc2-87d2-4d38-b573-e904cae1002f name=User_19_40
2025/11/08 14:46:51 INFO session updated token=23031dc2-87d2-4d38-b573-e904cae1002f tableID=0xc0005b2830 seatIndex=0xc0005b42b0
2025/11/08 14:46:51 INFO session removed token=23031dc2-87d2-4d38-b573-e904cae1002f
2025/11/08 14:46:51 INFO session created token=9d419dc7-34e9-4b36-9fbc-e0a76cd7b3d6 name=User_19_41
2025/11/08 14:46:51 INFO session updated token=9d419dc7-34e9-4b36-9fbc-e0a76cd7b3d6 tableID=0xc0005b2880 seatIndex=0xc0005b4300
2025/11/08 14:46:51 INFO session removed token=9d419dc7-34e9-4b36-9fbc-e0a76cd7b3d6
2025/11/08 14:46:51 INFO session created token=35d03a10-690e-4931-83c1-bd5eea47d203 name=User_19_42
2025/11/08 14:46:51 INFO session updated token=35d03a10-690e-4931-83c1-bd5eea47d203 tableID=0xc0005b28d0 seatIndex=0xc0005b4350
2025/11/08 14:46:51 INFO session removed token=35d03a10-690e-4931-83c1-bd5eea47d203
2025/11/08 14:46:51 INFO session created token=89d68e05-d2dd-4766-a78a-80557f10862d name=User_19_43
2025/11/08 14:46:51 INFO session updated token=89d68e05-d2dd-4766-a78a-80557f10862d tableID=0xc0005b2920 seatIndex=0xc0005b43a0
2025/11/08 14:46:51 INFO session removed token=89d68e05-d2dd-4766-a78a-80557f10862d
2025/11/08 14:46:51 INFO session created token=425e2683-a0fd-4c63-bf89-2691ff43aabf name=User_19_44
2025/11/08 14:46:51 INFO session updated token=425e2683-a0fd-4c63-bf89-2691ff43aabf tableID=0xc0005b2970 seatIndex=0xc0005b43f0
2025/11/08 14:46:51 INFO session removed token=425e2683-a0fd-4c63-bf89-2691ff43aabf
2025/11/08 14:46:51 INFO session created token=866539b5-8eb3-420d-8888-9a0edbc7aa27 name=User_19_45
2025/11/08 14:46:51 INFO session updated token=866539b5-8eb3-420d-8888-9a0edbc7aa27 tableID=0xc0005b29c0 seatIndex=0xc0005b4440
2025/11/08 14:46:51 INFO session removed token=866539b5-8eb3-420d-8888-9a0edbc7aa27
2025/11/08 14:46:51 INFO session created token=3739f1d8-d5d8-4802-889d-87ff681fe352 name=User_19_46
2025/11/08 14:46:51 INFO session updated token=3739f1d8-d5d8-4802-889d-87ff681fe352 tableID=0xc0005b2a10 seatIndex=0xc0005b4490
2025/11/08 14:46:51 INFO session removed token=3739f1d8-d5d8-4802-889d-87ff681fe352
2025/11/08 14:46:51 INFO session created token=f0fc420e-c554-47f8-8129-57bd239ce1ee name=User_19_47
2025/11/08 14:46:51 INFO session updated token=f0fc420e-c554-47f8-8129-57bd239ce1ee tableID=0xc0005b2a60 seatIndex=0xc0005b44e0
2025/11/08 14:46:51 INFO session removed token=f0fc420e-c554-47f8-8129-57bd239ce1ee
2025/11/08 14:46:51 INFO session created token=2732c529-febf-48e9-9e99-096059fc6971 name=User_19_48
2025/11/08 14:46:51 INFO session updated token=2732c529-febf-48e9-9e99-096059fc6971 tableID=0xc0005b2ab0 seatIndex=0xc0005b4530
2025/11/08 14:46:51 INFO session removed token=2732c529-febf-48e9-9e99-096059fc6971
2025/11/08 14:46:51 INFO session created token=d90fa5a1-17d7-4dbd-b8b7-94af3d87a563 name=User_19_49
2025/11/08 14:46:51 INFO session updated token=d90fa5a1-17d7-4dbd-b8b7-94af3d87a563 tableID=0xc0005b2b00 seatIndex=0xc0005b4580
2025/11/08 14:46:51 INFO session removed token=d90fa5a1-17d7-4dbd-b8b7-94af3d87a563
2025/11/08 14:46:51 INFO session created token=587ff837-1c3a-4007-a97f-b2eb6e99dc3e name=User_19_50
2025/11/08 14:46:51 INFO session updated token=587ff837-1c3a-4007-a97f-b2eb6e99dc3e tableID=0xc0005b2b50 seatIndex=0xc0005b45d0
2025/11/08 14:46:51 INFO session removed token=587ff837-1c3a-4007-a97f-b2eb6e99dc3e
2025/11/08 14:46:51 INFO session created token=46a7cf92-5970-4f70-bcee-6dc06962c5e5 name=User_19_51
2025/11/08 14:46:51 INFO session updated token=46a7cf92-5970-4f70-bcee-6dc06962c5e5 tableID=0xc0005b2ba0 seatIndex=0xc0005b4620
2025/11/08 14:46:51 INFO session removed token=46a7cf92-5970-4f70-bcee-6dc06962c5e5
2025/11/08 14:46:51 INFO session created token=85222b40-97b7-4856-a1db-9f2dbc30a8cc name=User_19_52
2025/11/08 14:46:51 INFO session updated token=85222b40-97b7-4856-a1db-9f2dbc30a8cc tableID=0xc0005b2bf0 seatIndex=0xc0005b4670
2025/11/08 14:46:51 INFO session removed token=85222b40-97b7-4856-a1db-9f2dbc30a8cc
2025/11/08 14:46:51 INFO session created token=a154cc14-b20d-4550-99fc-206bf26457e9 name=User_19_53
2025/11/08 14:46:51 INFO session updated token=a154cc14-b20d-4550-99fc-206bf26457e9 tableID=0xc0005b2c40 seatIndex=0xc0005b46c0
2025/11/08 14:46:51 INFO session removed token=a154cc14-b20d-4550-99fc-206bf26457e9
2025/11/08 14:46:51 INFO session created token=a9ce0fd4-48b9-4f83-952d-613e915a0cc3 name=User_19_54
2025/11/08 14:46:51 INFO session updated token=a9ce0fd4-48b9-4f83-952d-613e915a0cc3 tableID=0xc0005b2c90 seatIndex=0xc0005b4710
2025/11/08 14:46:51 INFO session removed token=a9ce0fd4-48b9-4f83-952d-613e915a0cc3
2025/11/08 14:46:51 INFO session created token=80b57aa9-4809-4c2f-a3fb-e3b1ad572de9 name=User_19_55
2025/11/08 14:46:51 INFO session updated token=80b57aa9-4809-4c2f-a3fb-e3b1ad572de9 tableID=0xc0005b2ce0 seatIndex=0xc0005b4760
2025/11/08 14:46:51 INFO session removed token=80b57aa9-4809-4c2f-a3fb-e3b1ad572de9
2025/11/08 14:46:51 INFO session created token=d792394c-de28-4138-9afc-95ad50302437 name=User_19_56
2025/11/08 14:46:51 INFO session updated token=d792394c-de28-4138-9afc-95ad50302437 tableID=0xc0005b2d30 seatIndex=0xc0005b47b0
2025/11/08 14:46:51 INFO session removed token=d792394c-de28-4138-9afc-95ad50302437
2025/11/08 14:46:51 INFO session created token=28ecbe92-e4e0-418b-bcf3-a978103f233a name=User_19_57
2025/11/08 14:46:51 INFO session updated token=28ecbe92-e4e0-418b-bcf3-a978103f233a tableID=0xc0005b2d80 seatIndex=0xc0005b4800
2025/11/08 14:46:51 INFO session removed token=28ecbe92-e4e0-418b-bcf3-a978103f233a
2025/11/08 14:46:51 INFO session created token=1916eb1b-88c3-46d3-9802-24b387f68f20 name=User_19_58
2025/11/08 14:46:51 INFO session updated token=1916eb1b-88c3-46d3-9802-24b387f68f20 tableID=0xc0005b2dd0 seatIndex=0xc0005b4850
2025/11/08 14:46:51 INFO session removed token=1916eb1b-88c3-46d3-9802-24b387f68f20
2025/11/08 14:46:51 INFO session created token=8c0a4bbc-2a9e-4802-bab1-c7e5976d9030 name=User_19_59
2025/11/08 14:46:51 INFO session updated token=8c0a4bbc-2a9e-4802-bab1-c7e5976d9030 tableID=0xc0005b2e20 seatIndex=0xc0005b48a0
2025/11/08 14:46:51 INFO session removed token=8c0a4bbc-2a9e-4802-bab1-c7e5976d9030
2025/11/08 14:46:51 INFO session created token=59ed2f2d-824d-45a1-8abc-5cb45a5b3b4d name=User_19_60
2025/11/08 14:46:51 INFO session updated token=59ed2f2d-824d-45a1-8abc-5cb45a5b3b4d tableID=0xc0005b2e70 seatIndex=0xc0005b48f0
2025/11/08 14:46:51 INFO session removed token=59ed2f2d-824d-45a1-8abc-5cb45a5b3b4d
2025/11/08 14:46:51 INFO session created token=3f0a2982-f798-4f6a-b389-9b17ff2bb987 name=User_19_61
2025/11/08 14:46:51 INFO session created token=7db6862e-9bd0-43d1-b2ce-f23f48987211 name=User_93_78
2025/11/08 14:46:51 INFO session updated token=3f0a2982-f798-4f6a-b389-9b17ff2bb987 tableID=0xc0005b2ec0 seatIndex=0xc0005b4940
2025/11/08 14:46:51 INFO session removed token=3f0a2982-f798-4f6a-b389-9b17ff2bb987
2025/11/08 14:46:51 INFO session created token=49ef3268-2c21-4308-969e-e904fa19e81f name=User_35_45
2025/11/08 14:46:51 INFO session created token=6a7ee927-0b63-4bcf-9451-55a172b6d57d name=User_19_62
2025/11/08 14:46:51 INFO session updated token=49ef3268-2c21-4308-969e-e904fa19e81f tableID=0xc0003d1970 seatIndex=0xc0003d36c0
2025/11/08 14:46:51 INFO session removed token=49ef3268-2c21-4308-969e-e904fa19e81f
2025/11/08 14:46:51 INFO session created token=15fde76d-bfed-43f8-94f5-f42303aaf0a0 name=User_35_46
2025/11/08 14:46:51 INFO session updated token=15fde76d-bfed-43f8-94f5-f42303aaf0a0 tableID=0xc0003d19d0 seatIndex=0xc0003d3720
2025/11/08 14:46:51 INFO session removed token=15fde76d-bfed-43f8-94f5-f42303aaf0a0
2025/11/08 14:46:51 INFO session created token=8bf544ed-5989-450c-8842-abe40924172f name=User_35_47
2025/11/08 14:46:51 INFO session updated token=8bf544ed-5989-450c-8842-abe40924172f tableID=0xc0003d1a20 seatIndex=0xc0003d3770
2025/11/08 14:46:51 INFO session removed token=8bf544ed-5989-450c-8842-abe40924172f
2025/11/08 14:46:51 INFO session created token=1ebf0fda-5acc-4a02-93f8-46ebec08951f name=User_35_48
2025/11/08 14:46:51 INFO session updated token=1ebf0fda-5acc-4a02-93f8-46ebec08951f tableID=0xc0003d1a70 seatIndex=0xc0003d37c0
2025/11/08 14:46:51 INFO session removed token=1ebf0fda-5acc-4a02-93f8-46ebec08951f
2025/11/08 14:46:51 INFO session updated token=6a7ee927-0b63-4bcf-9451-55a172b6d57d tableID=0xc0003d1990 seatIndex=0xc0003d36f0
2025/11/08 14:46:51 INFO session removed token=6a7ee927-0b63-4bcf-9451-55a172b6d57d
2025/11/08 14:46:51 INFO session created token=e1d5a5e3-62f0-41d2-a0a1-07b78fee33d4 name=User_19_63
2025/11/08 14:46:51 INFO session updated token=e1d5a5e3-62f0-41d2-a0a1-07b78fee33d4 tableID=0xc0004a9a60 seatIndex=0xc000491bb0
2025/11/08 14:46:51 INFO session removed token=e1d5a5e3-62f0-41d2-a0a1-07b78fee33d4
2025/11/08 14:46:51 INFO session created token=11dea130-9039-40e2-95ed-898b20b836e6 name=User_19_64
2025/11/08 14:46:51 INFO session updated token=11dea130-9039-40e2-95ed-898b20b836e6 tableID=0xc0004a9ab0 seatIndex=0xc000491c00
2025/11/08 14:46:51 INFO session removed token=11dea130-9039-40e2-95ed-898b20b836e6
2025/11/08 14:46:51 INFO session created token=2b9727d2-d2be-4379-8b15-83849a0a6035 name=User_19_65
2025/11/08 14:46:51 INFO session updated token=2b9727d2-d2be-4379-8b15-83849a0a6035 tableID=0xc0004a9b00 seatIndex=0xc000491c50
2025/11/08 14:46:51 INFO session removed token=2b9727d2-d2be-4379-8b15-83849a0a6035
2025/11/08 14:46:51 INFO session created token=f896cf4e-be0b-4034-9f9e-4909a5c5e276 name=User_19_66
2025/11/08 14:46:51 INFO session updated token=f896cf4e-be0b-4034-9f9e-4909a5c5e276 tableID=0xc0004a9b50 seatIndex=0xc000491ca0
2025/11/08 14:46:51 INFO session removed token=f896cf4e-be0b-4034-9f9e-4909a5c5e276
2025/11/08 14:46:51 INFO session created token=ffc4fd00-df9b-44e4-971b-9c39469b015c name=User_19_67
2025/11/08 14:46:51 INFO session updated token=ffc4fd00-df9b-44e4-971b-9c39469b015c tableID=0xc0004a9ba0 seatIndex=0xc000491cf0
2025/11/08 14:46:51 INFO session removed token=ffc4fd00-df9b-44e4-971b-9c39469b015c
2025/11/08 14:46:51 INFO session created token=215102e1-d0ce-4e55-b57f-3cbe1843483a name=User_19_68
2025/11/08 14:46:51 INFO session updated token=215102e1-d0ce-4e55-b57f-3cbe1843483a tableID=0xc0004a9bf0 seatIndex=0xc000491d40
2025/11/08 14:46:51 INFO session removed token=215102e1-d0ce-4e55-b57f-3cbe1843483a
2025/11/08 14:46:51 INFO session created token=7534cc89-969a-4a85-a958-f7f8f716758d name=User_19_69
2025/11/08 14:46:51 INFO session updated token=7534cc89-969a-4a85-a958-f7f8f716758d tableID=0xc0004a9c40 seatIndex=0xc000491d90
2025/11/08 14:46:51 INFO session removed token=7534cc89-969a-4a85-a958-f7f8f716758d
2025/11/08 14:46:51 INFO session created token=5c78026f-e6ea-432c-823b-fa872a786181 name=User_19_70
2025/11/08 14:46:51 INFO session updated token=5c78026f-e6ea-432c-823b-fa872a786181 tableID=0xc0004a9c90 seatIndex=0xc000491de0
2025/11/08 14:46:51 INFO session removed token=5c78026f-e6ea-432c-823b-fa872a786181
2025/11/08 14:46:51 INFO session removed token=f64ebd9d-e6bb-452f-8c8d-5dcfda8e0ee1
2025/11/08 14:46:51 INFO session created token=749ff04d-13f0-44a4-a004-327780f744fc name=User_74_62
2025/11/08 14:46:51 INFO session updated token=749ff04d-13f0-44a4-a004-327780f744fc tableID=0xc0005b2f50 seatIndex=0xc0005b49c0
2025/11/08 14:46:51 INFO session removed token=749ff04d-13f0-44a4-a004-327780f744fc
2025/11/08 14:46:51 INFO session created token=3cdf45d6-fdd2-4785-95c1-0fa8866b609c name=User_74_63
2025/11/08 14:46:51 INFO session updated token=3cdf45d6-fdd2-4785-95c1-0fa8866b609c tableID=0xc0005b2fa0 seatIndex=0xc0005b4a10
2025/11/08 14:46:51 INFO session removed token=3cdf45d6-fdd2-4785-95c1-0fa8866b609c
2025/11/08 14:46:51 INFO session created token=98ce843c-bc3a-447f-b78d-da903a47a3e6 name=User_74_64
2025/11/08 14:46:51 INFO session updated token=98ce843c-bc3a-447f-b78d-da903a47a3e6 tableID=0xc0005b2ff0 seatIndex=0xc0005b4a60
2025/11/08 14:46:51 INFO session removed token=98ce843c-bc3a-447f-b78d-da903a47a3e6
2025/11/08 14:46:51 INFO session created token=e1c7894e-a5da-4309-92c4-e1c8e4571264 name=User_74_65
2025/11/08 14:46:51 INFO session updated token=e1c7894e-a5da-4309-92c4-e1c8e4571264 tableID=0xc0005b3040 seatIndex=0xc0005b4ab0
2025/11/08 14:46:51 INFO session removed token=e1c7894e-a5da-4309-92c4-e1c8e4571264
2025/11/08 14:46:51 INFO session created token=dd6e539e-6710-4fd5-b6ae-60eeba8b2281 name=User_74_66
2025/11/08 14:46:51 INFO session updated token=dd6e539e-6710-4fd5-b6ae-60eeba8b2281 tableID=0xc0005b3090 seatIndex=0xc0005b4b00
2025/11/08 14:46:51 INFO session removed token=dd6e539e-6710-4fd5-b6ae-60eeba8b2281
2025/11/08 14:46:51 INFO session created token=2b5ec0a7-9a39-46d6-9d55-1ba4cad33575 name=User_74_67
2025/11/08 14:46:51 INFO session updated token=2b5ec0a7-9a39-46d6-9d55-1ba4cad33575 tableID=0xc0005b30e0 seatIndex=0xc0005b4b50
2025/11/08 14:46:51 INFO session removed token=2b5ec0a7-9a39-46d6-9d55-1ba4cad33575
2025/11/08 14:46:51 INFO session removed token=036e383f-b15f-4b6f-a9b1-b7422811c759
2025/11/08 14:46:51 INFO session created token=71095342-6abb-4fc1-ba5e-23c4af6ac2b2 name=User_3_82
2025/11/08 14:46:51 INFO session created token=1ff26feb-c9f4-4214-a572-f0ea17da5499 name=User_74_68
2025/11/08 14:46:51 INFO session updated token=71095342-6abb-4fc1-ba5e-23c4af6ac2b2 tableID=0xc0004a9cf0 seatIndex=0xc000491e50
2025/11/08 14:46:51 INFO session removed token=71095342-6abb-4fc1-ba5e-23c4af6ac2b2
2025/11/08 14:46:51 INFO session created token=f1db9389-76eb-4d84-8b6b-08b7706754f6 name=User_3_83
2025/11/08 14:46:51 INFO session updated token=f1db9389-76eb-4d84-8b6b-08b7706754f6 tableID=0xc0004a9d50 seatIndex=0xc000491eb0
2025/11/08 14:46:51 INFO session removed token=f1db9389-76eb-4d84-8b6b-08b7706754f6
2025/11/08 14:46:51 INFO session created token=fda301c4-2335-4364-8bc9-841c53d93c5c name=User_3_84
2025/11/08 14:46:51 INFO session updated token=fda301c4-2335-4364-8bc9-841c53d93c5c tableID=0xc0004a9da0 seatIndex=0xc000491f00
2025/11/08 14:46:51 INFO session removed token=fda301c4-2335-4364-8bc9-841c53d93c5c
2025/11/08 14:46:51 INFO session created token=784ae032-e994-45e8-b4d0-c2460a567911 name=User_3_85
2025/11/08 14:46:51 INFO session updated token=784ae032-e994-45e8-b4d0-c2460a567911 tableID=0xc0004a9df0 seatIndex=0xc000491f50
2025/11/08 14:46:51 INFO session removed token=784ae032-e994-45e8-b4d0-c2460a567911
2025/11/08 14:46:51 INFO session created token=6dfc3880-d6ff-4b36-888b-1aff7836581d name=User_3_86
2025/11/08 14:46:51 INFO session updated token=6dfc3880-d6ff-4b36-888b-1aff7836581d tableID=0xc0004a9e40 seatIndex=0xc000491fa0
2025/11/08 14:46:51 INFO session removed token=6dfc3880-d6ff-4b36-888b-1aff7836581d
2025/11/08 14:46:51 INFO session created token=9cbb8ed1-d579-4dfb-ac5e-a8ebf5dba116 name=User_3_87
2025/11/08 14:46:51 INFO session updated token=9cbb8ed1-d579-4dfb-ac5e-a8ebf5dba116 tableID=0xc0004a9e90 seatIndex=0xc000491ff0
2025/11/08 14:46:51 INFO session removed token=9cbb8ed1-d579-4dfb-ac5e-a8ebf5dba116
2025/11/08 14:46:51 INFO session created token=472a716c-7517-4d7b-abf5-9cbf8c259253 name=User_3_88
2025/11/08 14:46:51 INFO session updated token=472a716c-7517-4d7b-abf5-9cbf8c259253 tableID=0xc0004a9ee0 seatIndex=0xc0004ac040
2025/11/08 14:46:51 INFO session removed token=472a716c-7517-4d7b-abf5-9cbf8c259253
2025/11/08 14:46:51 INFO session updated token=b8a16046-b570-464f-968c-55707af72499 tableID=0xc0003d1700 seatIndex=0xc0003d34f0
2025/11/08 14:46:51 INFO session removed token=b8a16046-b570-464f-968c-55707af72499
2025/11/08 14:46:51 INFO session created token=43ac396e-9f0c-41ce-baf9-da3fa9508613 name=User_76_55
2025/11/08 14:46:51 INFO session updated token=43ac396e-9f0c-41ce-baf9-da3fa9508613 tableID=0xc0004181a0 seatIndex=0xc00041a050
2025/11/08 14:46:51 INFO session removed token=43ac396e-9f0c-41ce-baf9-da3fa9508613
2025/11/08 14:46:51 INFO session created token=05cffacc-6323-4c91-8818-c3cdc68503fc name=User_76_56
2025/11/08 14:46:51 INFO session updated token=05cffacc-6323-4c91-8818-c3cdc68503fc tableID=0xc0004181f0 seatIndex=0xc00041a0a0
2025/11/08 14:46:51 INFO session removed token=05cffacc-6323-4c91-8818-c3cdc68503fc
2025/11/08 14:46:51 INFO session created token=accf45c0-ba40-4e6e-84ce-741e6faec436 name=User_76_57
2025/11/08 14:46:51 INFO session updated token=accf45c0-ba40-4e6e-84ce-741e6faec436 tableID=0xc000418240 seatIndex=0xc00041a0f0
2025/11/08 14:46:51 INFO session removed token=accf45c0-ba40-4e6e-84ce-741e6faec436
2025/11/08 14:46:51 INFO session created token=9e5a0f15-ca55-42d1-a544-1c1a8d38e99f name=User_76_58
2025/11/08 14:46:51 INFO session updated token=9e5a0f15-ca55-42d1-a544-1c1a8d38e99f tableID=0xc000418290 seatIndex=0xc00041a140
2025/11/08 14:46:51 INFO session removed token=9e5a0f15-ca55-42d1-a544-1c1a8d38e99f
2025/11/08 14:46:51 INFO session created token=a985f4af-2e77-442c-90d1-30adcbbc87fa name=User_76_59
2025/11/08 14:46:51 INFO session updated token=a985f4af-2e77-442c-90d1-30adcbbc87fa tableID=0xc0004182e0 seatIndex=0xc00041a190
2025/11/08 14:46:51 INFO session removed token=a985f4af-2e77-442c-90d1-30adcbbc87fa
2025/11/08 14:46:51 INFO session removed token=47df1477-803d-46c1-91a4-4f6277e19dd1
2025/11/08 14:46:51 INFO session created token=2f5bbc44-99b3-4509-a601-da0948d23854 name=User_77_34
2025/11/08 14:46:51 INFO session created token=b011cf2e-ba4c-4ef0-b4db-8e00560141b4 name=User_76_60
2025/11/08 14:46:51 INFO session updated token=7857a4ba-09a1-4c36-a864-4bb52d5c6404 tableID=0xc0003d1720 seatIndex=0xc0003d3500
2025/11/08 14:46:51 INFO session removed token=7857a4ba-09a1-4c36-a864-4bb52d5c6404
2025/11/08 14:46:51 INFO session created token=fb6552f1-dd12-43a5-a05d-3fd8a15df993 name=User_11_96
2025/11/08 14:46:51 INFO session updated token=fb6552f1-dd12-43a5-a05d-3fd8a15df993 tableID=0xc000418380 seatIndex=0xc00041a230
2025/11/08 14:46:51 INFO session removed token=fb6552f1-dd12-43a5-a05d-3fd8a15df993
2025/11/08 14:46:51 INFO session created token=4f731201-9ed8-40ee-9e0a-e00a07acd581 name=User_95_86
2025/11/08 14:46:51 INFO session created token=ef610a7f-ec2c-4899-a638-896229eee976 name=User_11_97
2025/11/08 14:46:51 INFO session updated token=5e50bb97-80ab-47b0-8b0b-71108dabd37a tableID=0xc0003d1760 seatIndex=0xc0003d3510
2025/11/08 14:46:51 INFO session removed token=5e50bb97-80ab-47b0-8b0b-71108dabd37a
2025/11/08 14:46:51 INFO session created token=3e9e91cb-4316-498a-afc9-99329829a4b6 name=User_28_78
2025/11/08 14:46:51 INFO session updated token=3e9e91cb-4316-498a-afc9-99329829a4b6 tableID=0xc000418430 seatIndex=0xc00041a2e0
2025/11/08 14:46:51 INFO session removed token=3e9e91cb-4316-498a-afc9-99329829a4b6
2025/11/08 14:46:51 INFO session created token=c7e90ba2-f939-4b3b-9020-56ea217fc4f0 name=User_28_79
2025/11/08 14:46:51 INFO session updated token=c7e90ba2-f939-4b3b-9020-56ea217fc4f0 tableID=0xc000418480 seatIndex=0xc00041a330
2025/11/08 14:46:51 INFO session removed token=c7e90ba2-f939-4b3b-9020-56ea217fc4f0
2025/11/08 14:46:51 INFO session created token=81454b50-beaf-44cd-82cc-30cbc8305a0d name=User_28_80
2025/11/08 14:46:51 INFO session updated token=81454b50-beaf-44cd-82cc-30cbc8305a0d tableID=0xc0004184d0 seatIndex=0xc00041a380
2025/11/08 14:46:51 INFO session removed token=81454b50-beaf-44cd-82cc-30cbc8305a0d
2025/11/08 14:46:51 INFO session created token=93ed0322-ff51-4e22-b4bd-474f40f39686 name=User_28_81
2025/11/08 14:46:51 INFO session updated token=93ed0322-ff51-4e22-b4bd-474f40f39686 tableID=0xc000418520 seatIndex=0xc00041a3d0
2025/11/08 14:46:51 INFO session removed token=93ed0322-ff51-4e22-b4bd-474f40f39686
2025/11/08 14:46:51 INFO session created token=6b5ab547-7823-47d6-bd2b-ee581ca931b5 name=User_28_82
2025/11/08 14:46:51 INFO session created token=38e3cb71-1fb6-4c66-8c31-6f59e205250a name=User_86_57
2025/11/08 14:46:51 INFO session updated token=6b5ab547-7823-47d6-bd2b-ee581ca931b5 tableID=0xc000418570 seatIndex=0xc00041a420
2025/11/08 14:46:51 INFO session removed token=6b5ab547-7823-47d6-bd2b-ee581ca931b5
2025/11/08 14:46:51 INFO session created token=aec327fe-dbce-4c7c-94e5-0d93314ca114 name=User_28_83
2025/11/08 14:46:51 INFO session created token=b973dcab-32c4-4c2c-add7-071d0efca08d name=User_51_31
2025/11/08 14:46:51 INFO session updated token=aec327fe-dbce-4c7c-94e5-0d93314ca114 tableID=0xc0004ae050 seatIndex=0xc0004ac0f0
2025/11/08 14:46:51 INFO session removed token=aec327fe-dbce-4c7c-94e5-0d93314ca114
2025/11/08 14:46:51 INFO session created token=5fe2df9e-5502-4993-b1b0-804526d9adce name=User_28_84
2025/11/08 14:46:51 INFO session created token=82a8efcb-749d-463e-9fe4-162eff9e4a43 name=User_56_79
2025/11/08 14:46:51 INFO session updated token=5fe2df9e-5502-4993-b1b0-804526d9adce tableID=0xc0004ae0b0 seatIndex=0xc0004ac150
2025/11/08 14:46:51 INFO session removed token=5fe2df9e-5502-4993-b1b0-804526d9adce
2025/11/08 14:46:51 INFO session created token=0b1b77b8-c5ce-4231-9930-cd8426ae16cb name=User_4_88
2025/11/08 14:46:51 INFO session created token=a0918e1a-320c-470f-8017-d8c89272978c name=User_28_85
2025/11/08 14:46:51 INFO session updated token=0b1b77b8-c5ce-4231-9930-cd8426ae16cb tableID=0xc0004185d0 seatIndex=0xc00041a450
2025/11/08 14:46:51 INFO session removed token=0b1b77b8-c5ce-4231-9930-cd8426ae16cb
2025/11/08 14:46:51 INFO session created token=d9b47e59-4453-4dfe-80f3-db66d8f387e3 name=User_4_89
2025/11/08 14:46:51 INFO session created token=933b6c42-91cd-4624-bf45-3f07010fed13 name=User_9_58
2025/11/08 14:46:51 INFO session updated token=d9b47e59-4453-4dfe-80f3-db66d8f387e3 tableID=0xc000418630 seatIndex=0xc00041a4b0
2025/11/08 14:46:51 INFO session removed token=d9b47e59-4453-4dfe-80f3-db66d8f387e3
2025/11/08 14:46:51 INFO session created token=2f489991-a983-4487-8100-0947cd70149e name=User_4_90
2025/11/08 14:46:51 INFO session updated token=2f489991-a983-4487-8100-0947cd70149e tableID=0xc000418690 seatIndex=0xc00041a510
2025/11/08 14:46:51 INFO session removed token=2f489991-a983-4487-8100-0947cd70149e
2025/11/08 14:46:51 INFO session created token=930ef730-2b02-4b9c-807d-6e8f9b0c2f04 name=User_4_91
2025/11/08 14:46:51 INFO session updated token=930ef730-2b02-4b9c-807d-6e8f9b0c2f04 tableID=0xc0004186e0 seatIndex=0xc00041a560
2025/11/08 14:46:51 INFO session removed token=930ef730-2b02-4b9c-807d-6e8f9b0c2f04
2025/11/08 14:46:51 INFO session created token=5c358351-63d6-4db8-88f3-c12b39596ee5 name=User_4_92
2025/11/08 14:46:51 INFO session updated token=5c358351-63d6-4db8-88f3-c12b39596ee5 tableID=0xc000418730 seatIndex=0xc00041a5b0
2025/11/08 14:46:51 INFO session removed token=5c358351-63d6-4db8-88f3-c12b39596ee5
2025/11/08 14:46:51 INFO session created token=8422ee45-21aa-466f-8ca3-f1cadb564560 name=User_4_93
2025/11/08 14:46:51 INFO session updated token=8422ee45-21aa-466f-8ca3-f1cadb564560 tableID=0xc000418780 seatIndex=0xc00041a600
2025/11/08 14:46:51 INFO session removed token=8422ee45-21aa-466f-8ca3-f1cadb564560
2025/11/08 14:46:51 INFO session created token=ec066e53-25f4-4b1b-86d5-479580cbd533 name=User_4_94
2025/11/08 14:46:51 INFO session updated token=ec066e53-25f4-4b1b-86d5-479580cbd533 tableID=0xc0004187d0 seatIndex=0xc00041a650
2025/11/08 14:46:51 INFO session removed token=ec066e53-25f4-4b1b-86d5-479580cbd533
2025/11/08 14:46:51 INFO session created token=c63019a3-a8e8-46db-9839-ee6728bac7fd name=User_4_95
2025/11/08 14:46:51 INFO session updated token=c63019a3-a8e8-46db-9839-ee6728bac7fd tableID=0xc000418820 seatIndex=0xc00041a6a0
2025/11/08 14:46:51 INFO session removed token=c63019a3-a8e8-46db-9839-ee6728bac7fd
2025/11/08 14:46:51 INFO session created token=f9dec0e0-9a3b-46f2-85df-fc8e715af7a2 name=User_4_96
2025/11/08 14:46:51 INFO session updated token=f9dec0e0-9a3b-46f2-85df-fc8e715af7a2 tableID=0xc000418870 seatIndex=0xc00041a6f0
2025/11/08 14:46:51 INFO session removed token=f9dec0e0-9a3b-46f2-85df-fc8e715af7a2
2025/11/08 14:46:51 INFO session created token=408f8744-a4cd-47e8-a8f5-df10548cb33a name=User_4_97
2025/11/08 14:46:51 INFO session updated token=408f8744-a4cd-47e8-a8f5-df10548cb33a tableID=0xc0004188c0 seatIndex=0xc00041a740
2025/11/08 14:46:51 INFO session removed token=408f8744-a4cd-47e8-a8f5-df10548cb33a
2025/11/08 14:46:51 INFO session created token=e2911144-4dcd-4f1c-b77b-b9e7b4f455cb name=User_4_98
2025/11/08 14:46:51 INFO session updated token=e2911144-4dcd-4f1c-b77b-b9e7b4f455cb tableID=0xc000418910 seatIndex=0xc00041a790
2025/11/08 14:46:51 INFO session removed token=e2911144-4dcd-4f1c-b77b-b9e7b4f455cb
2025/11/08 14:46:51 INFO session created token=efce38bd-132e-41d4-8d89-ee9d581fd188 name=User_4_99
2025/11/08 14:46:51 INFO session removed token=68b2fd2d-8429-4128-bcf2-12360bc29829
2025/11/08 14:46:51 INFO session updated token=1ccb188f-1ee5-4de7-9551-210735a065a7 tableID=0xc0004a97d0 seatIndex=0xc0004918d0
2025/11/08 14:46:51 INFO session created token=2a97f158-3f77-4d00-ba06-28a53bb2a616 name=User_75_57
2025/11/08 14:46:51 INFO session created token=d1e7bfa2-f129-4ed2-b23c-e2c39ef45a13 name=User_63_51
2025/11/08 14:46:51 INFO session created token=1d660bec-a4a2-43e4-b314-3dcfdc322333 name=User_79_70
2025/11/08 14:46:51 INFO session created token=300cfb8c-d87f-494c-b18d-583446a4b9a4 name=User_54_86
2025/11/08 14:46:51 INFO session created token=dcd3d626-5567-486d-9c87-957d57e9583c name=User_44_74
2025/11/08 14:46:51 INFO session updated token=d1e7bfa2-f129-4ed2-b23c-e2c39ef45a13 tableID=0xc0004189a0 seatIndex=0xc00041a7e0
2025/11/08 14:46:51 INFO session removed token=d1e7bfa2-f129-4ed2-b23c-e2c39ef45a13
2025/11/08 14:46:51 INFO session created token=7323efd8-9178-409e-baeb-959c07f0e494 name=User_63_52
2025/11/08 14:46:51 INFO session updated token=7323efd8-9178-409e-baeb-959c07f0e494 tableID=0xc0003d1b60 seatIndex=0xc0003d3890
2025/11/08 14:46:51 INFO session removed token=7323efd8-9178-409e-baeb-959c07f0e494
2025/11/08 14:46:51 INFO session created token=331435b4-3395-44dd-967b-dc20af770b32 name=User_63_53
2025/11/08 14:46:51 INFO session updated token=331435b4-3395-44dd-967b-dc20af770b32 tableID=0xc0003d1bb0 seatIndex=0xc0003d38e0
2025/11/08 14:46:51 INFO session removed token=331435b4-3395-44dd-967b-dc20af770b32
2025/11/08 14:46:51 INFO session created token=ffc7e78b-28db-4744-ba64-6a81934f58ca name=User_63_54
2025/11/08 14:46:51 INFO session updated token=ffc7e78b-28db-4744-ba64-6a81934f58ca tableID=0xc0003d1c00 seatIndex=0xc0003d3930
2025/11/08 14:46:51 INFO session removed token=ffc7e78b-28db-4744-ba64-6a81934f58ca
2025/11/08 14:46:51 INFO session created token=2c306799-8b1c-4cfd-92a3-347f5047682a name=User_63_55
2025/11/08 14:46:51 INFO session updated token=2c306799-8b1c-4cfd-92a3-347f5047682a tableID=0xc0003d1c50 seatIndex=0xc0003d3980
2025/11/08 14:46:51 INFO session removed token=2c306799-8b1c-4cfd-92a3-347f5047682a
2025/11/08 14:46:51 INFO session created token=09d99f39-3d98-4af8-b6d9-5ddb4b5cc2fc name=User_63_56
2025/11/08 14:46:51 INFO session updated token=09d99f39-3d98-4af8-b6d9-5ddb4b5cc2fc tableID=0xc0003d1ca0 seatIndex=0xc0003d39d0
2025/11/08 14:46:51 INFO session removed token=09d99f39-3d98-4af8-b6d9-5ddb4b5cc2fc
2025/11/08 14:46:51 INFO session created token=1a27e062-3e81-4845-9535-dd1a4bed6491 name=User_63_57
2025/11/08 14:46:51 INFO session updated token=1a27e062-3e81-4845-9535-dd1a4bed6491 tableID=0xc0003d1cf0 seatIndex=0xc0003d3a20
2025/11/08 14:46:51 INFO session removed token=1a27e062-3e81-4845-9535-dd1a4bed6491
2025/11/08 14:46:51 INFO session created token=b6ff093e-d5f2-4d5a-ab00-89078b4eae33 name=User_63_58
2025/11/08 14:46:51 INFO session updated token=b6ff093e-d5f2-4d5a-ab00-89078b4eae33 tableID=0xc0003d1d40 seatIndex=0xc0003d3a70
2025/11/08 14:46:51 INFO session removed token=b6ff093e-d5f2-4d5a-ab00-89078b4eae33
2025/11/08 14:46:51 INFO session created token=f668884a-14e5-4692-8882-613835e9434f name=User_63_59
2025/11/08 14:46:51 INFO session updated token=f668884a-14e5-4692-8882-613835e9434f tableID=0xc0003d1d90 seatIndex=0xc0003d3ac0
2025/11/08 14:46:51 INFO session removed token=f668884a-14e5-4692-8882-613835e9434f
2025/11/08 14:46:51 INFO session created token=b7c6681c-67b7-404a-8dbe-2b6fc894bedf name=User_63_60
2025/11/08 14:46:51 INFO session updated token=b7c6681c-67b7-404a-8dbe-2b6fc894bedf tableID=0xc0003d1de0 seatIndex=0xc0003d3b10
2025/11/08 14:46:51 INFO session removed token=b7c6681c-67b7-404a-8dbe-2b6fc894bedf
2025/11/08 14:46:51 INFO session updated token=7db6862e-9bd0-43d1-b2ce-f23f48987211 tableID=0xc0005b2ee0 seatIndex=0xc0005b4970
2025/11/08 14:46:51 INFO session removed token=7db6862e-9bd0-43d1-b2ce-f23f48987211
2025/11/08 14:46:51 INFO session created token=3f5be80c-2293-49ec-a4e0-275baf8a946e name=User_93_79
2025/11/08 14:46:51 INFO session updated token=3f5be80c-2293-49ec-a4e0-275baf8a946e tableID=0xc0005b31c0 seatIndex=0xc0005b4c30
2025/11/08 14:46:51 INFO session removed token=3f5be80c-2293-49ec-a4e0-275baf8a946e
2025/11/08 14:46:51 INFO session created token=506f365f-c555-4911-8c48-a62a01d2ff22 name=User_93_80
2025/11/08 14:46:51 INFO session updated token=506f365f-c555-4911-8c48-a62a01d2ff22 tableID=0xc0005b3210 seatIndex=0xc0005b4c80
2025/11/08 14:46:51 INFO session removed token=506f365f-c555-4911-8c48-a62a01d2ff22
2025/11/08 14:46:51 INFO session created token=a45ac17d-bb71-481b-8e25-def696c885ce name=User_93_81
2025/11/08 14:46:51 INFO session updated token=a45ac17d-bb71-481b-8e25-def696c885ce tableID=0xc0005b3260 seatIndex=0xc0005b4cd0
2025/11/08 14:46:51 INFO session removed token=a45ac17d-bb71-481b-8e25-def696c885ce
2025/11/08 14:46:51 INFO session created token=6bd1e79d-4ce8-4f8d-a07a-f42f32f2c8a1 name=User_93_82
2025/11/08 14:46:51 INFO session updated token=6bd1e79d-4ce8-4f8d-a07a-f42f32f2c8a1 tableID=0xc0005b32b0 seatIndex=0xc0005b4d20
2025/11/08 14:46:51 INFO session removed token=6bd1e79d-4ce8-4f8d-a07a-f42f32f2c8a1
2025/11/08 14:46:51 INFO session created token=9a4463e4-018a-4bb1-ac6f-01243c2c8d39 name=User_93_83
2025/11/08 14:46:51 INFO session updated token=9a4463e4-018a-4bb1-ac6f-01243c2c8d39 tableID=0xc0005b3300 seatIndex=0xc0005b4d70
2025/11/08 14:46:51 INFO session removed token=9a4463e4-018a-4bb1-ac6f-01243c2c8d39
2025/11/08 14:46:51 INFO session created token=fba8fe37-03e2-4da7-a099-278d78c2fbb9 name=User_93_84
2025/11/08 14:46:51 INFO session updated token=fba8fe37-03e2-4da7-a099-278d78c2fbb9 tableID=0xc0005b3350 seatIndex=0xc0005b4dc0
2025/11/08 14:46:51 INFO session removed token=fba8fe37-03e2-4da7-a099-278d78c2fbb9
2025/11/08 14:46:51 INFO session created token=928e9f17-6b92-4457-8b85-2fbd055b6715 name=User_93_85
2025/11/08 14:46:51 INFO session updated token=928e9f17-6b92-4457-8b85-2fbd055b6715 tableID=0xc0005b33a0 seatIndex=0xc0005b4e10
2025/11/08 14:46:51 INFO session removed token=928e9f17-6b92-4457-8b85-2fbd055b6715
2025/11/08 14:46:51 INFO session created token=21f23dc7-64e8-4072-88ba-5b806ab01894 name=User_93_86
2025/11/08 14:46:51 INFO session updated token=21f23dc7-64e8-4072-88ba-5b806ab01894 tableID=0xc0005b33f0 seatIndex=0xc0005b4e60
2025/11/08 14:46:51 INFO session removed token=21f23dc7-64e8-4072-88ba-5b806ab01894
2025/11/08 14:46:51 INFO session created token=09f14013-7e34-403a-b08c-580735e8deaa name=User_93_87
2025/11/08 14:46:51 INFO session created token=7e7ab510-acfb-4ee3-8680-aa08f61c4c7c name=User_35_49
2025/11/08 14:46:51 INFO session updated token=09f14013-7e34-403a-b08c-580735e8deaa tableID=0xc0005b3440 seatIndex=0xc0005b4eb0
2025/11/08 14:46:51 INFO session removed token=09f14013-7e34-403a-b08c-580735e8deaa
2025/11/08 14:46:51 INFO session created token=3786afc5-5786-41c7-bcbd-747a028104d5 name=User_93_88
2025/11/08 14:46:51 INFO session updated token=3786afc5-5786-41c7-bcbd-747a028104d5 tableID=0xc0005b34a0 seatIndex=0xc0005b4f10
2025/11/08 14:46:51 INFO session removed token=3786afc5-5786-41c7-bcbd-747a028104d5
2025/11/08 14:46:51 INFO session created token=75621d16-e0e9-4c49-a87d-124d87462f42 name=User_93_89
2025/11/08 14:46:51 INFO session updated token=75621d16-e0e9-4c49-a87d-124d87462f42 tableID=0xc0005b34f0 seatIndex=0xc0005b4f60
2025/11/08 14:46:51 INFO session removed token=75621d16-e0e9-4c49-a87d-124d87462f42
2025/11/08 14:46:51 INFO session created token=fa6f89d1-d917-4ac6-95a8-d78cef070ffe name=User_93_90
2025/11/08 14:46:51 INFO session updated token=fa6f89d1-d917-4ac6-95a8-d78cef070ffe tableID=0xc0005b3540 seatIndex=0xc0005b4fb0
2025/11/08 14:46:51 INFO session removed token=fa6f89d1-d917-4ac6-95a8-d78cef070ffe
2025/11/08 14:46:51 INFO session created token=a3c444c0-165e-47ba-975c-68a93c444caf name=User_93_91
2025/11/08 14:46:51 INFO session updated token=a3c444c0-165e-47ba-975c-68a93c444caf tableID=0xc0005b3590 seatIndex=0xc0005b5000
2025/11/08 14:46:51 INFO session removed token=a3c444c0-165e-47ba-975c-68a93c444caf
2025/11/08 14:46:51 INFO session created token=51cbb567-1aab-4ed0-b4a0-d7908d479c06 name=User_93_92
2025/11/08 14:46:51 INFO session created token=cc08310f-0a3c-49f0-b759-8d71f7a7f9f0 name=User_19_71
2025/11/08 14:46:51 INFO session updated token=51cbb567-1aab-4ed0-b4a0-d7908d479c06 tableID=0xc0005b35e0 seatIndex=0xc0005b5050
2025/11/08 14:46:51 INFO session removed token=51cbb567-1aab-4ed0-b4a0-d7908d479c06
2025/11/08 14:46:51 INFO session updated token=1ff26feb-c9f4-4214-a572-f0ea17da5499 tableID=0xc0004a9d10 seatIndex=0xc000491e80
2025/11/08 14:46:51 INFO session removed token=1ff26feb-c9f4-4214-a572-f0ea17da5499
2025/11/08 14:46:51 INFO session created token=b0b6ce8b-0286-40dd-97c9-1a2ec6bde279 name=User_74_69
2025/11/08 14:46:51 INFO session updated token=b0b6ce8b-0286-40dd-97c9-1a2ec6bde279 tableID=0xc0004ae1b0 seatIndex=0xc0004ac1f0
2025/11/08 14:46:51 INFO session removed token=b0b6ce8b-0286-40dd-97c9-1a2ec6bde279
2025/11/08 14:46:51 INFO session created token=013b0738-a925-4b5c-a2e1-5a66fe2ef3ea name=User_74_70
2025/11/08 14:46:51 INFO session updated token=013b0738-a925-4b5c-a2e1-5a66fe2ef3ea tableID=0xc0004ae200 seatIndex=0xc0004ac240
2025/11/08 14:46:51 INFO session removed token=013b0738-a925-4b5c-a2e1-5a66fe2ef3ea
2025/11/08 14:46:51 INFO session created token=9812f03d-c96c-499f-bdfe-c1c57e30a7fa name=User_74_71
2025/11/08 14:46:51 INFO session updated token=9812f03d-c96c-499f-bdfe-c1c57e30a7fa tableID=0xc0004ae250 seatIndex=0xc0004ac290
2025/11/08 14:46:51 INFO session removed token=9812f03d-c96c-499f-bdfe-c1c57e30a7fa
2025/11/08 14:46:51 INFO session created token=a8f557f2-5588-42de-98f8-074e29d5260f name=User_74_72
2025/11/08 14:46:51 INFO session updated token=a8f557f2-5588-42de-98f8-074e29d5260f tableID=0xc0004ae2a0 seatIndex=0xc0004ac2e0
2025/11/08 14:46:51 INFO session removed token=a8f557f2-5588-42de-98f8-074e29d5260f
2025/11/08 14:46:51 INFO session created token=12248543-cd43-4de4-846a-86248dd648cb name=User_74_73
2025/11/08 14:46:51 INFO session created token=3f8f4654-dcbb-4c0b-8e97-7bd79f29cda8 name=User_3_89
2025/11/08 14:46:51 INFO session updated token=12248543-cd43-4de4-846a-86248dd648cb tableID=0xc0004ae2f0 seatIndex=0xc0004ac330
2025/11/08 14:46:51 INFO session removed token=12248543-cd43-4de4-846a-86248dd648cb
2025/11/08 14:46:51 INFO session created token=f2257f34-8513-4b65-a485-c079531ae055 name=User_74_74
2025/11/08 14:46:51 INFO session updated token=2f5bbc44-99b3-4509-a601-da0948d23854 tableID=0xc0004a9f40 seatIndex=0xc0004ac0b0
2025/11/08 14:46:51 INFO session removed token=2f5bbc44-99b3-4509-a601-da0948d23854
2025/11/08 14:46:51 INFO session created token=3bb0e7fb-ecad-4bf5-b4e7-ef0b1af0dbe9 name=User_77_35
2025/11/08 14:46:51 INFO session updated token=3bb0e7fb-ecad-4bf5-b4e7-ef0b1af0dbe9 tableID=0xc0003d1e80 seatIndex=0xc0003d3bb0
2025/11/08 14:46:51 INFO session removed token=3bb0e7fb-ecad-4bf5-b4e7-ef0b1af0dbe9
2025/11/08 14:46:51 INFO session created token=3b2e9d66-885d-4e8c-8e59-d14f46705dff name=User_77_36
2025/11/08 14:46:51 INFO session updated token=3b2e9d66-885d-4e8c-8e59-d14f46705dff tableID=0xc0003d1ed0 seatIndex=0xc0003d3c00
2025/11/08 14:46:51 INFO session removed token=3b2e9d66-885d-4e8c-8e59-d14f46705dff
2025/11/08 14:46:51 INFO session created token=ad8fcf43-130e-4fc5-98a3-81b7990d4f19 name=User_77_37
2025/11/08 14:46:51 INFO session updated token=ad8fcf43-130e-4fc5-98a3-81b7990d4f19 tableID=0xc0003d1f20 seatIndex=0xc0003d3c50
2025/11/08 14:46:51 INFO session removed token=ad8fcf43-130e-4fc5-98a3-81b7990d4f19
2025/11/08 14:46:51 INFO session created token=e12fee13-e4ba-4ca6-a7c0-963aaa54a052 name=User_77_38
2025/11/08 14:46:51 INFO session updated token=e12fee13-e4ba-4ca6-a7c0-963aaa54a052 tableID=0xc0003d1f70 seatIndex=0xc0003d3ca0
2025/11/08 14:46:51 INFO session removed token=e12fee13-e4ba-4ca6-a7c0-963aaa54a052
2025/11/08 14:46:51 INFO session created token=238e31c7-a679-485d-a7ee-05fdde78ef91 name=User_77_39
2025/11/08 14:46:51 INFO session updated token=238e31c7-a679-485d-a7ee-05fdde78ef91 tableID=0xc0003da040 seatIndex=0xc0003d3cf0
2025/11/08 14:46:51 INFO session removed token=238e31c7-a679-485d-a7ee-05fdde78ef91
2025/11/08 14:46:51 INFO session created token=3724c6cf-2d22-444b-aca6-e6e1627a5ce5 name=User_77_40
2025/11/08 14:46:51 INFO session updated token=3724c6cf-2d22-444b-aca6-e6e1627a5ce5 tableID=0xc0003da090 seatIndex=0xc0003d3d40
2025/11/08 14:46:51 INFO session removed token=3724c6cf-2d22-444b-aca6-e6e1627a5ce5
2025/11/08 14:46:51 INFO session created token=934782f9-eac5-4d49-84de-aae6bcf3a846 name=User_77_41
2025/11/08 14:46:51 INFO session updated token=934782f9-eac5-4d49-84de-aae6bcf3a846 tableID=0xc0003da0e0 seatIndex=0xc0003d3d90
2025/11/08 14:46:51 INFO session removed token=934782f9-eac5-4d49-84de-aae6bcf3a846
2025/11/08 14:46:51 INFO session created token=4c7bc98d-3ba6-473e-ac3e-f4856e86608f name=User_77_42
2025/11/08 14:46:51 INFO session updated token=4c7bc98d-3ba6-473e-ac3e-f4856e86608f tableID=0xc0003da130 seatIndex=0xc0003d3de0
2025/11/08 14:46:51 INFO session removed token=4c7bc98d-3ba6-473e-ac3e-f4856e86608f
2025/11/08 14:46:51 INFO session created token=bbbfac0c-cf3f-41a7-b17c-83d9ba878f24 name=User_77_43
2025/11/08 14:46:51 INFO session updated token=bbbfac0c-cf3f-41a7-b17c-83d9ba878f24 tableID=0xc0003da180 seatIndex=0xc0003d3e30
2025/11/08 14:46:51 INFO session removed token=bbbfac0c-cf3f-41a7-b17c-83d9ba878f24
2025/11/08 14:46:51 INFO session created token=8de33bb8-af08-40b9-bb74-a92d71dbc1f3 name=User_77_44
2025/11/08 14:46:51 INFO session updated token=b011cf2e-ba4c-4ef0-b4db-8e00560141b4 tableID=0xc000418340 seatIndex=0xc00041a200
2025/11/08 14:46:51 INFO session removed token=b011cf2e-ba4c-4ef0-b4db-8e00560141b4
2025/11/08 14:46:51 INFO session created token=ef7fe00c-67ec-4d62-a565-0e486dfd6a1b name=User_76_61
2025/11/08 14:46:51 INFO session updated token=ef7fe00c-67ec-4d62-a565-0e486dfd6a1b tableID=0xc0005b3670 seatIndex=0xc0005b5100
2025/11/08 14:46:51 INFO session removed token=ef7fe00c-67ec-4d62-a565-0e486dfd6a1b
2025/11/08 14:46:51 INFO session created token=521abc45-3ff9-4f42-a107-5cd859f3fe13 name=User_76_62
2025/11/08 14:46:51 INFO session updated token=521abc45-3ff9-4f42-a107-5cd859f3fe13 tableID=0xc0005b36c0 seatIndex=0xc0005b5150
2025/11/08 14:46:51 INFO session removed token=521abc45-3ff9-4f42-a107-5cd859f3fe13
2025/11/08 14:46:51 INFO session created token=d889b5f9-963e-46aa-a451-ceef5eee1b94 name=User_76_63
2025/11/08 14:46:51 INFO session updated token=d889b5f9-963e-46aa-a451-ceef5eee1b94 tableID=0xc0005b3710 seatIndex=0xc0005b51a0
2025/11/08 14:46:51 INFO session removed token=d889b5f9-963e-46aa-a451-ceef5eee1b94
2025/11/08 14:46:51 INFO session created token=c153fe83-bbf6-4ef3-960c-a2cd7a761d5a name=User_76_64
2025/11/08 14:46:51 INFO session updated token=c153fe83-bbf6-4ef3-960c-a2cd7a761d5a tableID=0xc0005b3760 seatIndex=0xc0005b51f0
2025/11/08 14:46:51 INFO session removed token=c153fe83-bbf6-4ef3-960c-a2cd7a761d5a
2025/11/08 14:46:51 INFO session created token=a9ac8c17-0e9c-45a4-89ac-4aac4091a50e name=User_76_65
2025/11/08 14:46:51 INFO session updated token=a9ac8c17-0e9c-45a4-89ac-4aac4091a50e tableID=0xc0005b37b0 seatIndex=0xc0005b5240
2025/11/08 14:46:51 INFO session removed token=a9ac8c17-0e9c-45a4-89ac-4aac4091a50e
2025/11/08 14:46:51 INFO session created token=d8f95e3a-e46a-4f75-b0b6-b0ac496e8773 name=User_76_66
2025/11/08 14:46:51 INFO session updated token=d8f95e3a-e46a-4f75-b0b6-b0ac496e8773 tableID=0xc0005b3800 seatIndex=0xc0005b5290
2025/11/08 14:46:51 INFO session removed token=d8f95e3a-e46a-4f75-b0b6-b0ac496e8773
2025/11/08 14:46:51 INFO session updated token=4f731201-9ed8-40ee-9e0a-e00a07acd581 tableID=0xc0004183e0 seatIndex=0xc00041a2a0
2025/11/08 14:46:51 INFO session removed token=4f731201-9ed8-40ee-9e0a-e00a07acd581
2025/11/08 14:46:51 INFO session created token=e9bf9766-ecc5-4683-b5f7-d238607ff84a name=User_95_87
2025/11/08 14:46:51 INFO session updated token=e9bf9766-ecc5-4683-b5f7-d238607ff84a tableID=0xc0004ae390 seatIndex=0xc0004ac3d0
2025/11/08 14:46:51 INFO session removed token=e9bf9766-ecc5-4683-b5f7-d238607ff84a
2025/11/08 14:46:51 INFO session created token=dae9df8b-b098-4d2f-96d1-566c46c69373 name=User_95_88
2025/11/08 14:46:51 INFO session updated token=dae9df8b-b098-4d2f-96d1-566c46c69373 tableID=0xc0004ae3e0 seatIndex=0xc0004ac420
2025/11/08 14:46:51 INFO session removed token=dae9df8b-b098-4d2f-96d1-566c46c69373
2025/11/08 14:46:51 INFO session created token=56cef331-095d-4316-bcf0-4aac1767ad12 name=User_95_89
2025/11/08 14:46:51 INFO session updated token=56cef331-095d-4316-bcf0-4aac1767ad12 tableID=0xc0004ae430 seatIndex=0xc0004ac470
2025/11/08 14:46:51 INFO session removed token=56cef331-095d-4316-bcf0-4aac1767ad12
2025/11/08 14:46:51 INFO session created token=a350a967-1599-4f0a-914d-7260fb595173 name=User_95_90
2025/11/08 14:46:51 INFO session updated token=a350a967-1599-4f0a-914d-7260fb595173 tableID=0xc0004ae480 seatIndex=0xc0004ac4c0
2025/11/08 14:46:51 INFO session removed token=a350a967-1599-4f0a-914d-7260fb595173
2025/11/08 14:46:51 INFO session created token=bfbb9839-b285-4896-9460-44cd82067f00 name=User_95_91
2025/11/08 14:46:51 INFO session updated token=bfbb9839-b285-4896-9460-44cd82067f00 tableID=0xc0004ae4d0 seatIndex=0xc0004ac510
2025/11/08 14:46:51 INFO session removed token=bfbb9839-b285-4896-9460-44cd82067f00
2025/11/08 14:46:51 INFO session created token=bcf6cbaf-131d-4234-9339-beb10e56d3c4 name=User_95_92
2025/11/08 14:46:51 INFO session updated token=bcf6cbaf-131d-4234-9339-beb10e56d3c4 tableID=0xc0004ae520 seatIndex=0xc0004ac560
2025/11/08 14:46:51 INFO session removed token=bcf6cbaf-131d-4234-9339-beb10e56d3c4
2025/11/08 14:46:51 INFO session created token=986914b5-8e9c-4a48-aedf-62108e904170 name=User_95_93
2025/11/08 14:46:51 INFO session updated token=986914b5-8e9c-4a48-aedf-62108e904170 tableID=0xc0004ae570 seatIndex=0xc0004ac5b0
2025/11/08 14:46:51 INFO session removed token=986914b5-8e9c-4a48-aedf-62108e904170
2025/11/08 14:46:51 INFO session created token=6e9cae2f-7a03-4a7e-a6b4-cef4373c2cdc name=User_95_94
2025/11/08 14:46:51 INFO session updated token=6e9cae2f-7a03-4a7e-a6b4-cef4373c2cdc tableID=0xc0004ae5c0 seatIndex=0xc0004ac600
2025/11/08 14:46:51 INFO session removed token=6e9cae2f-7a03-4a7e-a6b4-cef4373c2cdc
2025/11/08 14:46:51 INFO session created token=ef0614f5-da35-4e3d-98c5-da309ed65cf1 name=User_95_95
2025/11/08 14:46:51 INFO session updated token=ef0614f5-da35-4e3d-98c5-da309ed65cf1 tableID=0xc0004ae610 seatIndex=0xc0004ac650
2025/11/08 14:46:51 INFO session removed token=ef0614f5-da35-4e3d-98c5-da309ed65cf1
2025/11/08 14:46:51 INFO session created token=2d54191c-1363-4c47-9dda-81ba529db31c name=User_95_96
2025/11/08 14:46:51 INFO session updated token=ef610a7f-ec2c-4899-a638-896229eee976 tableID=0xc0004183f0 seatIndex=0xc00041a2b0
2025/11/08 14:46:51 INFO session removed token=ef610a7f-ec2c-4899-a638-896229eee976
2025/11/08 14:46:51 INFO session created token=0a082bef-4fc1-474e-8ea0-70feffc9cc2f name=User_11_98
2025/11/08 14:46:51 INFO session updated token=0a082bef-4fc1-474e-8ea0-70feffc9cc2f tableID=0xc0005b3880 seatIndex=0xc0005b5330
2025/11/08 14:46:51 INFO session removed token=0a082bef-4fc1-474e-8ea0-70feffc9cc2f
2025/11/08 14:46:51 INFO session created token=db19f155-ae95-4622-88b3-e4e7dde5987d name=User_11_99
2025/11/08 14:46:51 INFO session updated token=db19f155-ae95-4622-88b3-e4e7dde5987d tableID=0xc0005b38d0 seatIndex=0xc0005b5380
2025/11/08 14:46:51 INFO session removed token=db19f155-ae95-4622-88b3-e4e7dde5987d
2025/11/08 14:46:51 INFO session updated token=38e3cb71-1fb6-4c66-8c31-6f59e205250a tableID=0xc0004ae010 seatIndex=0xc0004ac0c0
2025/11/08 14:46:51 INFO session removed token=38e3cb71-1fb6-4c66-8c31-6f59e205250a
2025/11/08 14:46:51 INFO session created token=372e5bbb-5ba3-4ffe-81ea-647896924a90 name=User_86_58
2025/11/08 14:46:51 INFO session updated token=372e5bbb-5ba3-4ffe-81ea-647896924a90 tableID=0xc0005b3940 seatIndex=0xc0005b53f0
2025/11/08 14:46:51 INFO session removed token=372e5bbb-5ba3-4ffe-81ea-647896924a90
2025/11/08 14:46:51 INFO session created token=82f31300-2959-4f55-983d-2ddc4cbcd0d2 name=User_86_59
2025/11/08 14:46:51 INFO session updated token=82f31300-2959-4f55-983d-2ddc4cbcd0d2 tableID=0xc0005b3990 seatIndex=0xc0005b5440
2025/11/08 14:46:51 INFO session removed token=82f31300-2959-4f55-983d-2ddc4cbcd0d2
2025/11/08 14:46:51 INFO session created token=e8ca0506-65c7-470b-b710-b9d9fe7111a8 name=User_86_60
2025/11/08 14:46:51 INFO session updated token=e8ca0506-65c7-470b-b710-b9d9fe7111a8 tableID=0xc0005b39e0 seatIndex=0xc0005b5490
2025/11/08 14:46:51 INFO session removed token=e8ca0506-65c7-470b-b710-b9d9fe7111a8
2025/11/08 14:46:51 INFO session updated token=b973dcab-32c4-4c2c-add7-071d0efca08d tableID=0xc0004ae070 seatIndex=0xc0004ac120
2025/11/08 14:46:51 INFO session removed token=b973dcab-32c4-4c2c-add7-071d0efca08d
2025/11/08 14:46:51 INFO session created token=f4dc8e53-fa1e-4042-b542-687968968dce name=User_51_32
2025/11/08 14:46:51 INFO session updated token=f4dc8e53-fa1e-4042-b542-687968968dce tableID=0xc0004ae6a0 seatIndex=0xc0004ac6e0
2025/11/08 14:46:51 INFO session removed token=f4dc8e53-fa1e-4042-b542-687968968dce
2025/11/08 14:46:51 INFO session created token=a8c0093e-bb51-45d1-9792-98dfaa094573 name=User_51_33
2025/11/08 14:46:51 INFO session created token=d686cd0b-0351-4092-9017-5b6b00ad0cfd name=User_86_61
2025/11/08 14:46:51 INFO session updated token=82a8efcb-749d-463e-9fe4-162eff9e4a43 tableID=0xc0004ae0d0 seatIndex=0xc0004ac180
2025/11/08 14:46:51 INFO session removed token=82a8efcb-749d-463e-9fe4-162eff9e4a43
2025/11/08 14:46:51 INFO session created token=5d6b84d8-8414-4a36-93b1-47e8eeb45216 name=User_56_80
2025/11/08 14:46:51 INFO session updated token=5d6b84d8-8414-4a36-93b1-47e8eeb45216 tableID=0xc0005b3a90 seatIndex=0xc0005b5540
2025/11/08 14:46:51 INFO session removed token=5d6b84d8-8414-4a36-93b1-47e8eeb45216
2025/11/08 14:46:51 INFO session created token=73ad0544-8d13-4a17-bdbf-b03a82afd5ae name=User_56_81
2025/11/08 14:46:51 INFO session updated token=73ad0544-8d13-4a17-bdbf-b03a82afd5ae tableID=0xc0005b3ae0 seatIndex=0xc0005b5590
2025/11/08 14:46:51 INFO session removed token=73ad0544-8d13-4a17-bdbf-b03a82afd5ae
2025/11/08 14:46:51 INFO session created token=d0485348-45ed-417c-90fa-fefd7a0e2bdf name=User_56_82
2025/11/08 14:46:51 INFO session updated token=d0485348-45ed-417c-90fa-fefd7a0e2bdf tableID=0xc0005b3b30 seatIndex=0xc0005b55e0
2025/11/08 14:46:51 INFO session removed token=d0485348-45ed-417c-90fa-fefd7a0e2bdf
2025/11/08 14:46:51 INFO session created token=ef7c5f4e-9d82-4bf7-b522-02536c648119 name=User_56_83
2025/11/08 14:46:51 INFO session updated token=ef7c5f4e-9d82-4bf7-b522-02536c648119 tableID=0xc0005b3b80 seatIndex=0xc0005b5630
2025/11/08 14:46:51 INFO session removed token=ef7c5f4e-9d82-4bf7-b522-02536c648119
2025/11/08 14:46:51 INFO session created token=b4c90bfe-b595-498d-bcf5-516262d8e519 name=User_56_84
2025/11/08 14:46:51 INFO session updated token=b4c90bfe-b595-498d-bcf5-516262d8e519 tableID=0xc0005b3bd0 seatIndex=0xc0005b5680
2025/11/08 14:46:51 INFO session removed token=b4c90bfe-b595-498d-bcf5-516262d8e519
2025/11/08 14:46:51 INFO session created token=04496918-755e-456d-a5b1-91222957c73f name=User_56_85
2025/11/08 14:46:51 INFO session updated token=a0918e1a-320c-470f-8017-d8c89272978c tableID=0xc0004185f0 seatIndex=0xc00041a480
2025/11/08 14:46:51 INFO session removed token=a0918e1a-320c-470f-8017-d8c89272978c
2025/11/08 14:46:51 INFO session created token=1dc08971-9468-47a7-944a-dc2294089292 name=User_28_86
2025/11/08 14:46:51 INFO session updated token=1dc08971-9468-47a7-944a-dc2294089292 tableID=0xc0003da210 seatIndex=0xc0003d3ec0
2025/11/08 14:46:51 INFO session removed token=1dc08971-9468-47a7-944a-dc2294089292
2025/11/08 14:46:51 INFO session created token=dc24a67e-7537-456f-b038-8770b63efdfa name=User_28_87
2025/11/08 14:46:51 INFO session updated token=dc24a67e-7537-456f-b038-8770b63efdfa tableID=0xc0003da260 seatIndex=0xc0003d3f10
2025/11/08 14:46:51 INFO session removed token=dc24a67e-7537-456f-b038-8770b63efdfa
2025/11/08 14:46:51 INFO session created token=e48ea0c9-b388-48d9-8f89-1587e454178d name=User_28_88
2025/11/08 14:46:51 INFO session updated token=e48ea0c9-b388-48d9-8f89-1587e454178d tableID=0xc0003da2b0 seatIndex=0xc0003d3f60
2025/11/08 14:46:51 INFO session removed token=e48ea0c9-b388-48d9-8f89-1587e454178d
2025/11/08 14:46:51 INFO session created token=a5084c93-d366-4d6b-8472-d6946c1e0f34 name=User_28_89
2025/11/08 14:46:51 INFO session updated token=a5084c93-d366-4d6b-8472-d6946c1e0f34 tableID=0xc0003da300 seatIndex=0xc0003d3fb0
2025/11/08 14:46:51 INFO session removed token=a5084c93-d366-4d6b-8472-d6946c1e0f34
2025/11/08 14:46:51 INFO session created token=bcab3592-3034-49c3-990f-13ed9a367215 name=User_28_90
2025/11/08 14:46:51 INFO session updated token=bcab3592-3034-49c3-990f-13ed9a367215 tableID=0xc0003da350 seatIndex=0xc0003dc000
2025/11/08 14:46:51 INFO session removed token=bcab3592-3034-49c3-990f-13ed9a367215
2025/11/08 14:46:51 INFO session created token=02c24323-9d80-4d84-a8c6-f0e6bcf6370c name=User_28_91
2025/11/08 14:46:51 INFO session updated token=02c24323-9d80-4d84-a8c6-f0e6bcf6370c tableID=0xc0003da3a0 seatIndex=0xc0003dc050
2025/11/08 14:46:51 INFO session removed token=02c24323-9d80-4d84-a8c6-f0e6bcf6370c
2025/11/08 14:46:51 INFO session updated token=933b6c42-91cd-4624-bf45-3f07010fed13 tableID=0xc000418650 seatIndex=0xc00041a4e0
2025/11/08 14:46:51 INFO session removed token=933b6c42-91cd-4624-bf45-3f07010fed13
2025/11/08 14:46:51 INFO session created token=476a54a3-8de5-4cb0-a0de-28256e4527a1 name=User_9_59
2025/11/08 14:46:51 INFO session updated token=476a54a3-8de5-4cb0-a0de-28256e4527a1 tableID=0xc0005b3c70 seatIndex=0xc0005b5720
2025/11/08 14:46:51 INFO session removed token=476a54a3-8de5-4cb0-a0de-28256e4527a1
2025/11/08 14:46:51 INFO session created token=5e91b064-b4be-4ed0-b650-a67d6869d1e2 name=User_9_60
2025/11/08 14:46:51 INFO session updated token=5e91b064-b4be-4ed0-b650-a67d6869d1e2 tableID=0xc0005b3cc0 seatIndex=0xc0005b5770
2025/11/08 14:46:51 INFO session removed token=5e91b064-b4be-4ed0-b650-a67d6869d1e2
2025/11/08 14:46:51 INFO session created token=acbbaf18-924a-4475-b80b-368042a4baf0 name=User_9_61
2025/11/08 14:46:51 INFO session updated token=acbbaf18-924a-4475-b80b-368042a4baf0 tableID=0xc0005b3d10 seatIndex=0xc0005b57c0
2025/11/08 14:46:51 INFO session removed token=acbbaf18-924a-4475-b80b-368042a4baf0
2025/11/08 14:46:51 INFO session created token=72c26cde-e906-464e-a435-f41c79f1c96d name=User_9_62
2025/11/08 14:46:51 INFO session updated token=72c26cde-e906-464e-a435-f41c79f1c96d tableID=0xc0005b3d60 seatIndex=0xc0005b5810
2025/11/08 14:46:51 INFO session removed token=72c26cde-e906-464e-a435-f41c79f1c96d
2025/11/08 14:46:51 INFO session created token=bddaf0e1-9438-4dca-8785-cded9d21b487 name=User_9_63
2025/11/08 14:46:51 INFO session updated token=bddaf0e1-9438-4dca-8785-cded9d21b487 tableID=0xc0005b3db0 seatIndex=0xc0005b5860
2025/11/08 14:46:51 INFO session removed token=bddaf0e1-9438-4dca-8785-cded9d21b487
2025/11/08 14:46:51 INFO session created token=b14b7fdf-e251-4d71-928e-6a03319053a2 name=User_9_64
2025/11/08 14:46:51 INFO session updated token=b14b7fdf-e251-4d71-928e-6a03319053a2 tableID=0xc0005b3e00 seatIndex=0xc0005b58b0
2025/11/08 14:46:51 INFO session removed token=b14b7fdf-e251-4d71-928e-6a03319053a2
2025/11/08 14:46:51 INFO session updated token=efce38bd-132e-41d4-8d89-ee9d581fd188 tableID=0xc0005b3140 seatIndex=0xc0005b4bc0
2025/11/08 14:46:51 INFO session removed token=efce38bd-132e-41d4-8d89-ee9d581fd188
2025/11/08 14:46:51 INFO session removed token=1ccb188f-1ee5-4de7-9551-210735a065a7
2025/11/08 14:46:51 INFO session created token=6eef751f-bf7c-49aa-8c6b-8290603094fe name=User_53_98
2025/11/08 14:46:51 INFO session updated token=6eef751f-bf7c-49aa-8c6b-8290603094fe tableID=0xc0003da420 seatIndex=0xc0003dc0e0
2025/11/08 14:46:51 INFO session removed token=6eef751f-bf7c-49aa-8c6b-8290603094fe
2025/11/08 14:46:51 INFO session created token=01ae9fb2-1ab8-4dad-a2f1-9eed9cb892ea name=User_53_99
2025/11/08 14:46:51 INFO session updated token=01ae9fb2-1ab8-4dad-a2f1-9eed9cb892ea tableID=0xc0003da470 seatIndex=0xc0003dc130
2025/11/08 14:46:51 INFO session removed token=01ae9fb2-1ab8-4dad-a2f1-9eed9cb892ea
2025/11/08 14:46:51 INFO session updated token=1d660bec-a4a2-43e4-b314-3dcfdc322333 tableID=0xc0003d1ae0 seatIndex=0xc0003d3810
2025/11/08 14:46:51 INFO session removed token=1d660bec-a4a2-43e4-b314-3dcfdc322333
2025/11/08 14:46:51 INFO session created token=327594ca-bdbc-4e03-a7ac-7a3f0811bd1a name=User_79_71
2025/11/08 14:46:51 INFO session updated token=327594ca-bdbc-4e03-a7ac-7a3f0811bd1a tableID=0xc0003da4e0 seatIndex=0xc0003dc1a0
2025/11/08 14:46:51 INFO session removed token=327594ca-bdbc-4e03-a7ac-7a3f0811bd1a
2025/11/08 14:46:51 INFO session created token=242515ad-c81f-4462-83b6-4c119d0e269d name=User_79_72
2025/11/08 14:46:51 INFO session updated token=242515ad-c81f-4462-83b6-4c119d0e269d tableID=0xc0003da530 seatIndex=0xc0003dc1f0
2025/11/08 14:46:51 INFO session removed token=242515ad-c81f-4462-83b6-4c119d0e269d
2025/11/08 14:46:51 INFO session created token=1a29c203-1db5-4f8a-a014-7f9188be8f6b name=User_79_73
2025/11/08 14:46:51 INFO session updated token=1a29c203-1db5-4f8a-a014-7f9188be8f6b tableID=0xc0003da580 seatIndex=0xc0003dc240
2025/11/08 14:46:51 INFO session removed token=1a29c203-1db5-4f8a-a014-7f9188be8f6b
2025/11/08 14:46:51 INFO session created token=0b01277f-9418-40c6-9447-19aaf8908cce name=User_79_74
2025/11/08 14:46:51 INFO session updated token=0b01277f-9418-40c6-9447-19aaf8908cce tableID=0xc0003da5d0 seatIndex=0xc0003dc290
2025/11/08 14:46:51 INFO session removed token=0b01277f-9418-40c6-9447-19aaf8908cce
2025/11/08 14:46:51 INFO session created token=b73ae3d9-2d7a-47d1-ba5c-16456bd02533 name=User_79_75
2025/11/08 14:46:51 INFO session updated token=b73ae3d9-2d7a-47d1-ba5c-16456bd02533 tableID=0xc0003da620 seatIndex=0xc0003dc2e0
2025/11/08 14:46:51 INFO session removed token=b73ae3d9-2d7a-47d1-ba5c-16456bd02533
2025/11/08 14:46:51 INFO session created token=c5cf3653-4cd1-4a6e-8cc2-fe29319cb311 name=User_79_76
2025/11/08 14:46:51 INFO session updated token=c5cf3653-4cd1-4a6e-8cc2-fe29319cb311 tableID=0xc0003da670 seatIndex=0xc0003dc330
2025/11/08 14:46:51 INFO session removed token=c5cf3653-4cd1-4a6e-8cc2-fe29319cb311
2025/11/08 14:46:51 INFO session created token=30e0bed1-c437-4233-bd9d-dadafe7c91cd name=User_79_77
2025/11/08 14:46:51 INFO session updated token=30e0bed1-c437-4233-bd9d-dadafe7c91cd tableID=0xc0003da6c0 seatIndex=0xc0003dc380
2025/11/08 14:46:51 INFO session removed token=30e0bed1-c437-4233-bd9d-dadafe7c91cd
2025/11/08 14:46:51 INFO session created token=8bf7887f-8c91-4ee4-b0be-e622bb18ec22 name=User_79_78
2025/11/08 14:46:51 INFO session updated token=8bf7887f-8c91-4ee4-b0be-e622bb18ec22 tableID=0xc0003da710 seatIndex=0xc0003dc3d0
2025/11/08 14:46:51 INFO session removed token=8bf7887f-8c91-4ee4-b0be-e622bb18ec22
2025/11/08 14:46:51 INFO session created token=9bf763de-eb0a-4a12-ade1-f0800f8715d6 name=User_79_79
2025/11/08 14:46:51 INFO session updated token=9bf763de-eb0a-4a12-ade1-f0800f8715d6 tableID=0xc0003da760 seatIndex=0xc0003dc420
2025/11/08 14:46:51 INFO session removed token=9bf763de-eb0a-4a12-ade1-f0800f8715d6
2025/11/08 14:46:51 INFO session updated token=2a97f158-3f77-4d00-ba06-28a53bb2a616 tableID=0xc0003d1b00 seatIndex=0xc0003d3840
2025/11/08 14:46:51 INFO session created token=a63d0899-dab8-40c6-94a8-3430c533ac1e name=User_79_80
2025/11/08 14:46:51 INFO session removed token=2a97f158-3f77-4d00-ba06-28a53bb2a616
2025/11/08 14:46:51 INFO session updated token=a63d0899-dab8-40c6-94a8-3430c533ac1e tableID=0xc0003da7b0 seatIndex=0xc0003dc470
2025/11/08 14:46:51 INFO session removed token=a63d0899-dab8-40c6-94a8-3430c533ac1e
2025/11/08 14:46:51 INFO session created token=3987d448-f079-484d-aa2c-5c9ecedf27c6 name=User_79_81
2025/11/08 14:46:51 INFO session updated token=3987d448-f079-484d-aa2c-5c9ecedf27c6 tableID=0xc0003da800 seatIndex=0xc0003dc4c0
2025/11/08 14:46:51 INFO session removed token=3987d448-f079-484d-aa2c-5c9ecedf27c6
2025/11/08 14:46:51 INFO session created token=c5d96854-ff95-4a49-b3c3-1fcc768baab2 name=User_79_82
2025/11/08 14:46:51 INFO session updated token=c5d96854-ff95-4a49-b3c3-1fcc768baab2 tableID=0xc0003da850 seatIndex=0xc0003dc510
2025/11/08 14:46:51 INFO session removed token=c5d96854-ff95-4a49-b3c3-1fcc768baab2
2025/11/08 14:46:51 INFO session created token=f3bbe133-8b3b-44eb-b4ef-cd4e2c1151ed name=User_79_83
2025/11/08 14:46:51 INFO session updated token=f3bbe133-8b3b-44eb-b4ef-cd4e2c1151ed tableID=0xc0003da8a0 seatIndex=0xc0003dc560
2025/11/08 14:46:51 INFO session removed token=f3bbe133-8b3b-44eb-b4ef-cd4e2c1151ed
2025/11/08 14:46:51 INFO session created token=6e17f4c5-84c0-4ceb-8b5f-d70ee4ee6999 name=User_79_84
2025/11/08 14:46:51 INFO session updated token=6e17f4c5-84c0-4ceb-8b5f-d70ee4ee6999 tableID=0xc0003da8f0 seatIndex=0xc0003dc5b0
2025/11/08 14:46:51 INFO session removed token=6e17f4c5-84c0-4ceb-8b5f-d70ee4ee6999
2025/11/08 14:46:51 INFO session created token=0092e794-794d-4c96-964a-dcdbffd7c943 name=User_79_85
2025/11/08 14:46:51 INFO session updated token=0092e794-794d-4c96-964a-dcdbffd7c943 tableID=0xc0003da940 seatIndex=0xc0003dc600
2025/11/08 14:46:51 INFO session removed token=0092e794-794d-4c96-964a-dcdbffd7c943
2025/11/08 14:46:51 INFO session created token=4d746843-704a-4a50-ac92-3900f30ab8cf name=User_79_86
2025/11/08 14:46:51 INFO session updated token=4d746843-704a-4a50-ac92-3900f30ab8cf tableID=0xc0003da990 seatIndex=0xc0003dc650
2025/11/08 14:46:51 INFO session removed token=4d746843-704a-4a50-ac92-3900f30ab8cf
2025/11/08 14:46:51 INFO session created token=451e4172-18db-4601-b857-863da15b7472 name=User_75_58
2025/11/08 14:46:51 INFO session created token=552b009e-3eb2-417e-9e58-517d864ac5b2 name=User_79_87
2025/11/08 14:46:51 INFO session updated token=451e4172-18db-4601-b857-863da15b7472 tableID=0xc0004ae710 seatIndex=0xc0004ac730
2025/11/08 14:46:51 INFO session removed token=451e4172-18db-4601-b857-863da15b7472
2025/11/08 14:46:51 INFO session updated token=dcd3d626-5567-486d-9c87-957d57e9583c tableID=0xc0003d1b20 seatIndex=0xc0003d3860
2025/11/08 14:46:51 INFO session updated token=7e7ab510-acfb-4ee3-8680-aa08f61c4c7c tableID=0xc0005b3460 seatIndex=0xc0005b4ee0
2025/11/08 14:46:51 INFO session removed token=7e7ab510-acfb-4ee3-8680-aa08f61c4c7c
2025/11/08 14:46:51 INFO session created token=a5fc689c-1202-4458-9a1e-f51ecc5fb9fd name=User_35_50
2025/11/08 14:46:51 INFO session updated token=a5fc689c-1202-4458-9a1e-f51ecc5fb9fd tableID=0xc0003daa30 seatIndex=0xc0003dc700
2025/11/08 14:46:51 INFO session removed token=a5fc689c-1202-4458-9a1e-f51ecc5fb9fd
2025/11/08 14:46:51 INFO session created token=f3116bd1-8440-49ff-b091-ebd7d608fe48 name=User_35_51
2025/11/08 14:46:51 INFO session updated token=f3116bd1-8440-49ff-b091-ebd7d608fe48 tableID=0xc0003daa80 seatIndex=0xc0003dc750
2025/11/08 14:46:51 INFO session removed token=f3116bd1-8440-49ff-b091-ebd7d608fe48
2025/11/08 14:46:51 INFO session created token=01d4ff3d-2ea8-408c-840d-7de619b91597 name=User_35_52
2025/11/08 14:46:51 INFO session updated token=01d4ff3d-2ea8-408c-840d-7de619b91597 tableID=0xc0003daad0 seatIndex=0xc0003dc7a0
2025/11/08 14:46:51 INFO session removed token=01d4ff3d-2ea8-408c-840d-7de619b91597
2025/11/08 14:46:51 INFO session created token=e86c3f2a-c5cd-4bda-9b3c-68c58a328727 name=User_35_53
2025/11/08 14:46:51 INFO session removed token=dcd3d626-5567-486d-9c87-957d57e9583c
2025/11/08 14:46:51 INFO session updated token=cc08310f-0a3c-49f0-b759-8d71f7a7f9f0 tableID=0xc0005b3600 seatIndex=0xc0005b5080
2025/11/08 14:46:51 INFO session removed token=cc08310f-0a3c-49f0-b759-8d71f7a7f9f0
2025/11/08 14:46:51 INFO session created token=f55f503f-fc2a-43c2-bc0f-8d6bbc3ed84e name=User_19_72
2025/11/08 14:46:51 INFO session updated token=f55f503f-fc2a-43c2-bc0f-8d6bbc3ed84e tableID=0xc0005b3eb0 seatIndex=0xc0005b59b0
2025/11/08 14:46:51 INFO session removed token=f55f503f-fc2a-43c2-bc0f-8d6bbc3ed84e
2025/11/08 14:46:51 INFO session created token=f0001fd3-4c6e-44b5-9e61-b3fcbba0d7a2 name=User_19_73
2025/11/08 14:46:51 INFO session updated token=f0001fd3-4c6e-44b5-9e61-b3fcbba0d7a2 tableID=0xc0005b3f00 seatIndex=0xc0005b5a00
2025/11/08 14:46:51 INFO session removed token=f0001fd3-4c6e-44b5-9e61-b3fcbba0d7a2
2025/11/08 14:46:51 INFO session created token=b69d0d38-36d7-4976-8604-ece1176bc8ca name=User_19_74
2025/11/08 14:46:51 INFO session updated token=b69d0d38-36d7-4976-8604-ece1176bc8ca tableID=0xc0005b3f50 seatIndex=0xc0005b5a50
2025/11/08 14:46:51 INFO session removed token=b69d0d38-36d7-4976-8604-ece1176bc8ca
2025/11/08 14:46:51 INFO session created token=8f57b214-f7b5-40b3-af14-d82039327a3e name=User_19_75
2025/11/08 14:46:51 INFO session updated token=8f57b214-f7b5-40b3-af14-d82039327a3e tableID=0xc0005b8020 seatIndex=0xc0005b5aa0
2025/11/08 14:46:51 INFO session removed token=8f57b214-f7b5-40b3-af14-d82039327a3e
2025/11/08 14:46:51 INFO session created token=a12b351f-e068-4cfc-ad4a-aa7fb8403e7e name=User_19_76
2025/11/08 14:46:51 INFO session updated token=a12b351f-e068-4cfc-ad4a-aa7fb8403e7e tableID=0xc0005b8070 seatIndex=0xc0005b5af0
2025/11/08 14:46:51 INFO session removed token=a12b351f-e068-4cfc-ad4a-aa7fb8403e7e
2025/11/08 14:46:51 INFO session created token=6618bfac-4622-4434-bc49-e23a085c79b7 name=User_19_77
2025/11/08 14:46:51 INFO session updated token=6618bfac-4622-4434-bc49-e23a085c79b7 tableID=0xc0005b80c0 seatIndex=0xc0005b5b40
2025/11/08 14:46:51 INFO session removed token=6618bfac-4622-4434-bc49-e23a085c79b7
2025/11/08 14:46:51 INFO session created token=045f746d-3361-4074-a4b3-89a2a5958bdc name=User_19_78
2025/11/08 14:46:51 INFO session updated token=045f746d-3361-4074-a4b3-89a2a5958bdc tableID=0xc0005b8110 seatIndex=0xc0005b5b90
2025/11/08 14:46:51 INFO session removed token=045f746d-3361-4074-a4b3-89a2a5958bdc
2025/11/08 14:46:51 INFO session created token=02a027e4-b534-4dca-a538-554c7124e56e name=User_19_79
2025/11/08 14:46:51 INFO session updated token=02a027e4-b534-4dca-a538-554c7124e56e tableID=0xc0005b8160 seatIndex=0xc0005b5be0
2025/11/08 14:46:51 INFO session removed token=02a027e4-b534-4dca-a538-554c7124e56e
2025/11/08 14:46:51 INFO session created token=0afb3e1e-9cf9-48e2-821f-34070e1fa50a name=User_19_80
2025/11/08 14:46:51 INFO session updated token=0afb3e1e-9cf9-48e2-821f-34070e1fa50a tableID=0xc0005b81b0 seatIndex=0xc0005b5c30
2025/11/08 14:46:51 INFO session removed token=0afb3e1e-9cf9-48e2-821f-34070e1fa50a
2025/11/08 14:46:51 INFO session created token=173aa2ad-717e-4eab-8c46-cef36bcc53c2 name=User_19_81
2025/11/08 14:46:51 INFO session updated token=173aa2ad-717e-4eab-8c46-cef36bcc53c2 tableID=0xc0005b8200 seatIndex=0xc0005b5c80
2025/11/08 14:46:51 INFO session removed token=173aa2ad-717e-4eab-8c46-cef36bcc53c2
2025/11/08 14:46:51 INFO session created token=6a61669f-7aaa-4dcf-b3a4-2c3d756cb3ba name=User_19_82
2025/11/08 14:46:51 INFO session updated token=6a61669f-7aaa-4dcf-b3a4-2c3d756cb3ba tableID=0xc0005b8250 seatIndex=0xc0005b5cd0
2025/11/08 14:46:51 INFO session removed token=6a61669f-7aaa-4dcf-b3a4-2c3d756cb3ba
2025/11/08 14:46:51 INFO session created token=a46e5df7-f46d-4a4e-ab73-22972409e840 name=User_19_83
2025/11/08 14:46:51 INFO session updated token=a46e5df7-f46d-4a4e-ab73-22972409e840 tableID=0xc0005b82a0 seatIndex=0xc0005b5d20
2025/11/08 14:46:51 INFO session removed token=a46e5df7-f46d-4a4e-ab73-22972409e840
2025/11/08 14:46:51 INFO session created token=c506c289-2cd8-4a48-ba0c-56761d83de3a name=User_19_84
2025/11/08 14:46:51 INFO session updated token=c506c289-2cd8-4a48-ba0c-56761d83de3a tableID=0xc0005b82f0 seatIndex=0xc0005b5d70
2025/11/08 14:46:51 INFO session removed token=c506c289-2cd8-4a48-ba0c-56761d83de3a
2025/11/08 14:46:51 INFO session created token=db5e0a4b-3e94-4a18-9a96-8403a51e7363 name=User_19_85
2025/11/08 14:46:51 INFO session updated token=db5e0a4b-3e94-4a18-9a96-8403a51e7363 tableID=0xc0005b8340 seatIndex=0xc0005b5dc0
2025/11/08 14:46:51 INFO session removed token=db5e0a4b-3e94-4a18-9a96-8403a51e7363
2025/11/08 14:46:51 INFO session created token=0162bfc2-eb40-4162-a393-efcbd54c798a name=User_19_86
2025/11/08 14:46:51 INFO session updated token=0162bfc2-eb40-4162-a393-efcbd54c798a tableID=0xc0005b8390 seatIndex=0xc0005b5e10
2025/11/08 14:46:51 INFO session removed token=0162bfc2-eb40-4162-a393-efcbd54c798a
2025/11/08 14:46:51 INFO session created token=5f3e16a5-d956-4c9e-97e7-9aaf17921e24 name=User_19_87
2025/11/08 14:46:51 INFO session updated token=5f3e16a5-d956-4c9e-97e7-9aaf17921e24 tableID=0xc0005b83e0 seatIndex=0xc0005b5e60
2025/11/08 14:46:51 INFO session removed token=5f3e16a5-d956-4c9e-97e7-9aaf17921e24
2025/11/08 14:46:51 INFO session created token=f15d35f8-abe8-4c11-9a9f-a802e672fe55 name=User_19_88
2025/11/08 14:46:51 INFO session created token=855fb8e9-c835-4779-941a-eac35e45791c name=User_93_93
2025/11/08 14:46:51 INFO session updated token=3f8f4654-dcbb-4c0b-8e97-7bd79f29cda8 tableID=0xc0004ae310 seatIndex=0xc0004ac360
2025/11/08 14:46:51 INFO session removed token=3f8f4654-dcbb-4c0b-8e97-7bd79f29cda8
2025/11/08 14:46:51 INFO session updated token=f2257f34-8513-4b65-a485-c079531ae055 tableID=0xc0003d1e40 seatIndex=0xc0003d3b80
2025/11/08 14:46:51 INFO session updated token=8de33bb8-af08-40b9-bb74-a92d71dbc1f3 tableID=0xc0005b3630 seatIndex=0xc0005b50d0
2025/11/08 14:46:51 INFO session removed token=8de33bb8-af08-40b9-bb74-a92d71dbc1f3
2025/11/08 14:46:51 INFO session created token=eba40842-86c0-4340-a8fe-9cb92511bc43 name=User_77_45
2025/11/08 14:46:51 INFO session updated token=eba40842-86c0-4340-a8fe-9cb92511bc43 tableID=0xc0004ae7f0 seatIndex=0xc0004ac820
2025/11/08 14:46:51 INFO session removed token=eba40842-86c0-4340-a8fe-9cb92511bc43
2025/11/08 14:46:51 INFO session created token=aa1f4e98-cab5-4315-9042-926017ce33b4 name=User_77_46
2025/11/08 14:46:51 INFO session updated token=aa1f4e98-cab5-4315-9042-926017ce33b4 tableID=0xc0004ae840 seatIndex=0xc0004ac870
2025/11/08 14:46:51 INFO session removed token=aa1f4e98-cab5-4315-9042-926017ce33b4
2025/11/08 14:46:51 INFO session created token=14a5de69-9991-44b2-9d99-06a2118d7c01 name=User_77_47
2025/11/08 14:46:51 INFO session updated token=14a5de69-9991-44b2-9d99-06a2118d7c01 tableID=0xc0004ae890 seatIndex=0xc0004ac8c0
2025/11/08 14:46:51 INFO session removed token=14a5de69-9991-44b2-9d99-06a2118d7c01
2025/11/08 14:46:51 INFO session created token=54ebae52-a01c-4b55-a15b-b1a4539ce267 name=User_77_48
2025/11/08 14:46:51 INFO session updated token=54ebae52-a01c-4b55-a15b-b1a4539ce267 tableID=0xc0004ae8e0 seatIndex=0xc0004ac910
2025/11/08 14:46:51 INFO session removed token=54ebae52-a01c-4b55-a15b-b1a4539ce267
2025/11/08 14:46:51 INFO session created token=cfc5825d-a8cb-46d2-932a-65f6677e1c00 name=User_3_90
2025/11/08 14:46:51 INFO session removed token=f2257f34-8513-4b65-a485-c079531ae055
2025/11/08 14:46:51 INFO session created token=9a98c5ac-f73f-49b1-bc1c-b88d3bf5785b name=User_74_75
2025/11/08 14:46:51 INFO session created token=51538ede-de98-4acb-9ec5-6fccbfef2dd9 name=User_77_49
2025/11/08 14:46:51 INFO session updated token=2d54191c-1363-4c47-9dda-81ba529db31c tableID=0xc0005b3840 seatIndex=0xc0005b5300
2025/11/08 14:46:51 INFO session removed token=2d54191c-1363-4c47-9dda-81ba529db31c
2025/11/08 14:46:51 INFO session created token=170317cc-5532-4694-b5d5-1c6b38ecfe44 name=User_95_97
2025/11/08 14:46:51 INFO session updated token=170317cc-5532-4694-b5d5-1c6b38ecfe44 tableID=0xc0005b8490 seatIndex=0xc0005b5ef0
2025/11/08 14:46:51 INFO session removed token=170317cc-5532-4694-b5d5-1c6b38ecfe44
2025/11/08 14:46:51 INFO session created token=b7817bd2-f096-4f05-9986-d2c0b3798589 name=User_95_98
2025/11/08 14:46:51 INFO session updated token=b7817bd2-f096-4f05-9986-d2c0b3798589 tableID=0xc0005b84e0 seatIndex=0xc0005b5f40
2025/11/08 14:46:51 INFO session removed token=b7817bd2-f096-4f05-9986-d2c0b3798589
2025/11/08 14:46:51 INFO session created token=1bf2957c-c2db-4eb4-adcf-b24c425ffe8a name=User_95_99
2025/11/08 14:46:51 INFO session updated token=1bf2957c-c2db-4eb4-adcf-b24c425ffe8a tableID=0xc0005b8530 seatIndex=0xc0005b5f90
2025/11/08 14:46:51 INFO session removed token=1bf2957c-c2db-4eb4-adcf-b24c425ffe8a
2025/11/08 14:46:51 INFO session updated token=a8c0093e-bb51-45d1-9792-98dfaa094573 tableID=0xc0005b3a40 seatIndex=0xc0005b5500
2025/11/08 14:46:51 INFO session removed token=a8c0093e-bb51-45d1-9792-98dfaa094573
2025/11/08 14:46:51 INFO session created token=b2d6030b-8527-4681-876d-bc01b96820a7 name=User_51_34
2025/11/08 14:46:51 INFO session updated token=b2d6030b-8527-4681-876d-bc01b96820a7 tableID=0xc0005b85a0 seatIndex=0xc0005ba000
2025/11/08 14:46:51 INFO session removed token=b2d6030b-8527-4681-876d-bc01b96820a7
2025/11/08 14:46:51 INFO session created token=82d17217-e667-41e4-bc46-7fd502718cde name=User_51_35
2025/11/08 14:46:51 INFO session updated token=82d17217-e667-41e4-bc46-7fd502718cde tableID=0xc0005b85f0 seatIndex=0xc0005ba050
2025/11/08 14:46:51 INFO session removed token=82d17217-e667-41e4-bc46-7fd502718cde
2025/11/08 14:46:51 INFO session created token=a7dfb526-817b-4a3c-9a0a-27a0b86b4a3e name=User_51_36
2025/11/08 14:46:51 INFO session updated token=a7dfb526-817b-4a3c-9a0a-27a0b86b4a3e tableID=0xc0005b8640 seatIndex=0xc0005ba0a0
2025/11/08 14:46:51 INFO session removed token=a7dfb526-817b-4a3c-9a0a-27a0b86b4a3e
2025/11/08 14:46:51 INFO session created token=fbf768d5-672f-40e1-bd01-b523a9592a41 name=User_51_37
2025/11/08 14:46:51 INFO session updated token=fbf768d5-672f-40e1-bd01-b523a9592a41 tableID=0xc0005b8690 seatIndex=0xc0005ba0f0
2025/11/08 14:46:51 INFO session removed token=fbf768d5-672f-40e1-bd01-b523a9592a41
2025/11/08 14:46:51 INFO session created token=c27fed8d-6c80-4821-915c-ddbef131771b name=User_51_38
2025/11/08 14:46:51 INFO session updated token=c27fed8d-6c80-4821-915c-ddbef131771b tableID=0xc0005b86e0 seatIndex=0xc0005ba140
2025/11/08 14:46:51 INFO session removed token=c27fed8d-6c80-4821-915c-ddbef131771b
2025/11/08 14:46:51 INFO session created token=c30d0111-0ea2-41c1-9640-a4cec7f9f271 name=User_51_39
2025/11/08 14:46:51 INFO session updated token=c30d0111-0ea2-41c1-9640-a4cec7f9f271 tableID=0xc0005b8730 seatIndex=0xc0005ba190
2025/11/08 14:46:51 INFO session removed token=c30d0111-0ea2-41c1-9640-a4cec7f9f271
2025/11/08 14:46:51 INFO session created token=b43a094c-6f0f-4036-bf2e-cfdc279581eb name=User_51_40
2025/11/08 14:46:51 INFO session updated token=b43a094c-6f0f-4036-bf2e-cfdc279581eb tableID=0xc0005b8780 seatIndex=0xc0005ba1e0
2025/11/08 14:46:51 INFO session removed token=b43a094c-6f0f-4036-bf2e-cfdc279581eb
2025/11/08 14:46:51 INFO session created token=b6860b82-aa67-408f-9f44-bf46e5c96b62 name=User_51_41
2025/11/08 14:46:51 INFO session updated token=b6860b82-aa67-408f-9f44-bf46e5c96b62 tableID=0xc0005b87d0 seatIndex=0xc0005ba230
2025/11/08 14:46:51 INFO session removed token=b6860b82-aa67-408f-9f44-bf46e5c96b62
2025/11/08 14:46:51 INFO session updated token=d686cd0b-0351-4092-9017-5b6b00ad0cfd tableID=0xc0005b3a50 seatIndex=0xc0005b5510
2025/11/08 14:46:51 INFO session removed token=d686cd0b-0351-4092-9017-5b6b00ad0cfd
2025/11/08 14:46:51 INFO session created token=66ea3909-e1a9-4b1d-95af-4dba0fd45ca6 name=User_51_42
2025/11/08 14:46:51 INFO session created token=a91490e3-e548-4d20-ab96-ac4c2eaab030 name=User_86_62
2025/11/08 14:46:51 INFO session updated token=66ea3909-e1a9-4b1d-95af-4dba0fd45ca6 tableID=0xc0005b8820 seatIndex=0xc0005ba280
2025/11/08 14:46:51 INFO session removed token=66ea3909-e1a9-4b1d-95af-4dba0fd45ca6
2025/11/08 14:46:51 INFO session created token=c292574b-24e6-4bc3-9cf4-91cc83e85e13 name=User_51_43
2025/11/08 14:46:51 INFO session updated token=c292574b-24e6-4bc3-9cf4-91cc83e85e13 tableID=0xc0005b8880 seatIndex=0xc0005ba2e0
2025/11/08 14:46:51 INFO session removed token=c292574b-24e6-4bc3-9cf4-91cc83e85e13
2025/11/08 14:46:51 INFO session created token=60f4921b-6976-4f0a-88c9-0a866fd676c9 name=User_51_44
2025/11/08 14:46:51 INFO session updated token=60f4921b-6976-4f0a-88c9-0a866fd676c9 tableID=0xc0005b88d0 seatIndex=0xc0005ba330
2025/11/08 14:46:51 INFO session removed token=60f4921b-6976-4f0a-88c9-0a866fd676c9
2025/11/08 14:46:51 INFO session created token=ee9e66ac-f2bc-4c4f-8e6d-0588bee36f89 name=User_51_45
2025/11/08 14:46:51 INFO session updated token=ee9e66ac-f2bc-4c4f-8e6d-0588bee36f89 tableID=0xc0005b8920 seatIndex=0xc0005ba380
2025/11/08 14:46:51 INFO session removed token=ee9e66ac-f2bc-4c4f-8e6d-0588bee36f89
2025/11/08 14:46:51 INFO session created token=3633ccfe-28a2-4d12-9049-15be3d525e7a name=User_51_46
2025/11/08 14:46:51 INFO session updated token=3633ccfe-28a2-4d12-9049-15be3d525e7a tableID=0xc0005b8970 seatIndex=0xc0005ba3d0
2025/11/08 14:46:51 INFO session removed token=3633ccfe-28a2-4d12-9049-15be3d525e7a
2025/11/08 14:46:51 INFO session created token=3b1f901b-0017-4527-85d1-19e08fbae8bc name=User_51_47
2025/11/08 14:46:51 INFO session updated token=3b1f901b-0017-4527-85d1-19e08fbae8bc tableID=0xc0005b89c0 seatIndex=0xc0005ba420
2025/11/08 14:46:51 INFO session removed token=3b1f901b-0017-4527-85d1-19e08fbae8bc
2025/11/08 14:46:51 INFO session created token=9f98730e-e63e-4394-a877-7426178a9a0c name=User_51_48
2025/11/08 14:46:51 INFO session updated token=9f98730e-e63e-4394-a877-7426178a9a0c tableID=0xc0005b8a10 seatIndex=0xc0005ba470
2025/11/08 14:46:51 INFO session removed token=9f98730e-e63e-4394-a877-7426178a9a0c
2025/11/08 14:46:51 INFO session created token=77f8cc62-ba7c-4e3a-8c39-07d39a6d8ab6 name=User_51_49
2025/11/08 14:46:51 INFO session updated token=77f8cc62-ba7c-4e3a-8c39-07d39a6d8ab6 tableID=0xc0005b8a60 seatIndex=0xc0005ba4c0
2025/11/08 14:46:51 INFO session removed token=77f8cc62-ba7c-4e3a-8c39-07d39a6d8ab6
2025/11/08 14:46:51 INFO session created token=d207a528-da78-4212-aa9b-e848f123a202 name=User_51_50
2025/11/08 14:46:51 INFO session updated token=d207a528-da78-4212-aa9b-e848f123a202 tableID=0xc0005b8ab0 seatIndex=0xc0005ba510
2025/11/08 14:46:51 INFO session removed token=d207a528-da78-4212-aa9b-e848f123a202
2025/11/08 14:46:51 INFO session updated token=04496918-755e-456d-a5b1-91222957c73f tableID=0xc0005b3c20 seatIndex=0xc0005b56d0
2025/11/08 14:46:51 INFO session removed token=04496918-755e-456d-a5b1-91222957c73f
2025/11/08 14:46:51 INFO session created token=1e47da52-ed98-420d-9eec-5668483f3ad9 name=User_56_86
2025/11/08 14:46:51 INFO session updated token=1e47da52-ed98-420d-9eec-5668483f3ad9 tableID=0xc000418a40 seatIndex=0xc00041a840
2025/11/08 14:46:51 INFO session removed token=1e47da52-ed98-420d-9eec-5668483f3ad9
2025/11/08 14:46:51 INFO session created token=cec78d26-1fc8-4acc-af9e-3391467d55cf name=User_56_87
2025/11/08 14:46:51 INFO session updated token=cec78d26-1fc8-4acc-af9e-3391467d55cf tableID=0xc000418a90 seatIndex=0xc00041a890
2025/11/08 14:46:51 INFO session removed token=cec78d26-1fc8-4acc-af9e-3391467d55cf
2025/11/08 14:46:51 INFO session created token=b0d7cb56-fede-4057-bbb4-a4453780bd45 name=User_56_88
2025/11/08 14:46:51 INFO session updated token=b0d7cb56-fede-4057-bbb4-a4453780bd45 tableID=0xc000418ae0 seatIndex=0xc00041a8e0
2025/11/08 14:46:51 INFO session removed token=b0d7cb56-fede-4057-bbb4-a4453780bd45
2025/11/08 14:46:51 INFO session created token=0c7d3524-4f57-45cc-99d9-36fadfe65d3f name=User_56_89
2025/11/08 14:46:51 INFO session updated token=0c7d3524-4f57-45cc-99d9-36fadfe65d3f tableID=0xc000418b30 seatIndex=0xc00041a930
2025/11/08 14:46:51 INFO session removed token=0c7d3524-4f57-45cc-99d9-36fadfe65d3f
2025/11/08 14:46:51 INFO session created token=dc919cb3-4c3d-4f47-b0a8-fca11bfad29e name=User_56_90
2025/11/08 14:46:51 INFO session updated token=dc919cb3-4c3d-4f47-b0a8-fca11bfad29e tableID=0xc000418b80 seatIndex=0xc00041a980
2025/11/08 14:46:51 INFO session removed token=dc919cb3-4c3d-4f47-b0a8-fca11bfad29e
2025/11/08 14:46:51 INFO session created token=e4af50b5-694c-4a6d-91b8-be07d43f2fc8 name=User_56_91
2025/11/08 14:46:51 INFO session updated token=e4af50b5-694c-4a6d-91b8-be07d43f2fc8 tableID=0xc000418bd0 seatIndex=0xc00041a9d0
2025/11/08 14:46:51 INFO session removed token=e4af50b5-694c-4a6d-91b8-be07d43f2fc8
2025/11/08 14:46:51 INFO session created token=feaa9932-3289-4c3b-a17d-ea1237685125 name=User_56_92
2025/11/08 14:46:51 INFO session updated token=feaa9932-3289-4c3b-a17d-ea1237685125 tableID=0xc000418c20 seatIndex=0xc00041aa20
2025/11/08 14:46:51 INFO session removed token=feaa9932-3289-4c3b-a17d-ea1237685125
2025/11/08 14:46:51 INFO session created token=966d6b50-76fb-4300-a7e7-14d595ef7a74 name=User_56_93
2025/11/08 14:46:51 INFO session updated token=966d6b50-76fb-4300-a7e7-14d595ef7a74 tableID=0xc000418c70 seatIndex=0xc00041aa70
2025/11/08 14:46:51 INFO session removed token=966d6b50-76fb-4300-a7e7-14d595ef7a74
2025/11/08 14:46:51 INFO session created token=f788c067-c954-42f2-8abd-b665d78480f4 name=User_56_94
2025/11/08 14:46:51 INFO session created token=079f21dc-edb7-43d6-9443-12619d61aa30 name=User_9_65
2025/11/08 14:46:51 INFO session updated token=079f21dc-edb7-43d6-9443-12619d61aa30 tableID=0xc0005b8b00 seatIndex=0xc0005ba560
2025/11/08 14:46:51 INFO session removed token=079f21dc-edb7-43d6-9443-12619d61aa30
2025/11/08 14:46:51 INFO session created token=aa3dbf64-c7ef-4a82-aa46-7b8ce05ada0b name=User_9_66
2025/11/08 14:46:51 INFO session updated token=f788c067-c954-42f2-8abd-b665d78480f4 tableID=0xc000418cc0 seatIndex=0xc00041aac0
2025/11/08 14:46:51 INFO session removed token=f788c067-c954-42f2-8abd-b665d78480f4
2025/11/08 14:46:51 INFO session created token=bbdaf0e9-d26f-40bb-b07c-a65e2febb2b8 name=User_56_95
2025/11/08 14:46:51 INFO session updated token=bbdaf0e9-d26f-40bb-b07c-a65e2febb2b8 tableID=0xc000418d10 seatIndex=0xc00041ab10
2025/11/08 14:46:51 INFO session removed token=bbdaf0e9-d26f-40bb-b07c-a65e2febb2b8
2025/11/08 14:46:51 INFO session created token=11208a18-d231-47c5-af78-248bb5a09641 name=User_56_96
2025/11/08 14:46:51 INFO session updated token=11208a18-d231-47c5-af78-248bb5a09641 tableID=0xc000418d60 seatIndex=0xc00041ab60
2025/11/08 14:46:51 INFO session removed token=11208a18-d231-47c5-af78-248bb5a09641
2025/11/08 14:46:51 INFO session created token=c762f0fa-4301-4f69-a273-f37795ee6ca3 name=User_56_97
2025/11/08 14:46:51 INFO session updated token=c762f0fa-4301-4f69-a273-f37795ee6ca3 tableID=0xc000418db0 seatIndex=0xc00041abb0
2025/11/08 14:46:51 INFO session removed token=c762f0fa-4301-4f69-a273-f37795ee6ca3
2025/11/08 14:46:51 INFO session created token=25c842af-6fec-40a1-99e1-d0a24f9159bd name=User_56_98
2025/11/08 14:46:51 INFO session updated token=25c842af-6fec-40a1-99e1-d0a24f9159bd tableID=0xc000418e00 seatIndex=0xc00041ac00
2025/11/08 14:46:51 INFO session removed token=25c842af-6fec-40a1-99e1-d0a24f9159bd
2025/11/08 14:46:51 INFO session created token=74d3f676-394f-4924-9488-aa4cca568dc6 name=User_56_99
2025/11/08 14:46:51 INFO session updated token=74d3f676-394f-4924-9488-aa4cca568dc6 tableID=0xc000418e50 seatIndex=0xc00041ac50
2025/11/08 14:46:51 INFO session removed token=74d3f676-394f-4924-9488-aa4cca568dc6
2025/11/08 14:46:51 INFO session updated token=aa3dbf64-c7ef-4a82-aa46-7b8ce05ada0b tableID=0xc0005b8b50 seatIndex=0xc0005ba5b0
2025/11/08 14:46:51 INFO session removed token=aa3dbf64-c7ef-4a82-aa46-7b8ce05ada0b
2025/11/08 14:46:51 INFO session created token=1362f1f7-541b-42e2-ba71-63076ed96e5d name=User_9_67
2025/11/08 14:46:51 INFO session updated token=1362f1f7-541b-42e2-ba71-63076ed96e5d tableID=0xc000418ec0 seatIndex=0xc00041acc0
2025/11/08 14:46:51 INFO session removed token=1362f1f7-541b-42e2-ba71-63076ed96e5d
2025/11/08 14:46:51 INFO session created token=a3dd6c50-1077-4d97-88f6-04b55b7c277e name=User_9_68
2025/11/08 14:46:51 INFO session updated token=a3dd6c50-1077-4d97-88f6-04b55b7c277e tableID=0xc000418f10 seatIndex=0xc00041ad10
2025/11/08 14:46:51 INFO session removed token=a3dd6c50-1077-4d97-88f6-04b55b7c277e
2025/11/08 14:46:51 INFO session created token=c459efc0-758d-47e8-94d0-e15547900975 name=User_9_69
2025/11/08 14:46:51 INFO session updated token=c459efc0-758d-47e8-94d0-e15547900975 tableID=0xc000418f60 seatIndex=0xc00041ad60
2025/11/08 14:46:51 INFO session removed token=c459efc0-758d-47e8-94d0-e15547900975
2025/11/08 14:46:51 INFO session created token=c4efc702-237a-4526-8caf-2e53c3bac1b8 name=User_9_70
2025/11/08 14:46:51 INFO session updated token=c4efc702-237a-4526-8caf-2e53c3bac1b8 tableID=0xc000418fb0 seatIndex=0xc00041adb0
2025/11/08 14:46:51 INFO session removed token=c4efc702-237a-4526-8caf-2e53c3bac1b8
2025/11/08 14:46:51 INFO session created token=3616c23e-bb88-4ee5-b396-6fa1cc909e5c name=User_9_71
2025/11/08 14:46:51 INFO session updated token=3616c23e-bb88-4ee5-b396-6fa1cc909e5c tableID=0xc000419000 seatIndex=0xc00041ae00
2025/11/08 14:46:51 INFO session removed token=3616c23e-bb88-4ee5-b396-6fa1cc909e5c
2025/11/08 14:46:51 INFO session created token=f337997a-f6a7-4257-ad44-35b6cf0b1bc5 name=User_9_72
2025/11/08 14:46:51 INFO session updated token=f337997a-f6a7-4257-ad44-35b6cf0b1bc5 tableID=0xc000419050 seatIndex=0xc00041ae50
2025/11/08 14:46:51 INFO session removed token=f337997a-f6a7-4257-ad44-35b6cf0b1bc5
2025/11/08 14:46:51 INFO session created token=4ea6de4a-fb85-42c9-a4a7-1b9715946f83 name=User_9_73
2025/11/08 14:46:51 INFO session updated token=4ea6de4a-fb85-42c9-a4a7-1b9715946f83 tableID=0xc0004190a0 seatIndex=0xc00041aea0
2025/11/08 14:46:51 INFO session removed token=4ea6de4a-fb85-42c9-a4a7-1b9715946f83
2025/11/08 14:46:51 INFO session created token=0431f5ac-51f0-4e0c-b378-dba63bc0cd76 name=User_9_74
2025/11/08 14:46:51 INFO session updated token=0431f5ac-51f0-4e0c-b378-dba63bc0cd76 tableID=0xc0004190f0 seatIndex=0xc00041aef0
2025/11/08 14:46:51 INFO session removed token=0431f5ac-51f0-4e0c-b378-dba63bc0cd76
2025/11/08 14:46:51 INFO session created token=7451ef66-de3a-4a90-ae0d-d3a2df0780ba name=User_9_75
2025/11/08 14:46:51 INFO session updated token=7451ef66-de3a-4a90-ae0d-d3a2df0780ba tableID=0xc000419140 seatIndex=0xc00041af40
2025/11/08 14:46:51 INFO session removed token=7451ef66-de3a-4a90-ae0d-d3a2df0780ba
2025/11/08 14:46:51 INFO session created token=74bee4e1-8efd-4576-a89a-b15eaf7b9dea name=User_9_76
2025/11/08 14:46:51 INFO session updated token=552b009e-3eb2-417e-9e58-517d864ac5b2 tableID=0xc0004ae730 seatIndex=0xc0004ac760
2025/11/08 14:46:51 INFO session removed token=552b009e-3eb2-417e-9e58-517d864ac5b2
2025/11/08 14:46:51 INFO session created token=91b8c9ad-7269-4865-b6e9-ac790b0a1f1f name=User_79_88
2025/11/08 14:46:51 INFO session updated token=91b8c9ad-7269-4865-b6e9-ac790b0a1f1f tableID=0xc0003dac10 seatIndex=0xc0003dc8f0
2025/11/08 14:46:51 INFO session removed token=91b8c9ad-7269-4865-b6e9-ac790b0a1f1f
2025/11/08 14:46:51 INFO session created token=92c2b9c9-5e4a-4ce6-8c4b-2b6a22b932b0 name=User_79_89
2025/11/08 14:46:51 INFO session updated token=92c2b9c9-5e4a-4ce6-8c4b-2b6a22b932b0 tableID=0xc0003dac60 seatIndex=0xc0003dc940
2025/11/08 14:46:51 INFO session removed token=92c2b9c9-5e4a-4ce6-8c4b-2b6a22b932b0
2025/11/08 14:46:51 INFO session created token=832ba74e-5440-46ff-bd97-7a79abcf06a6 name=User_79_90
2025/11/08 14:46:51 INFO session updated token=832ba74e-5440-46ff-bd97-7a79abcf06a6 tableID=0xc0003dacb0 seatIndex=0xc0003dc990
2025/11/08 14:46:51 INFO session removed token=832ba74e-5440-46ff-bd97-7a79abcf06a6
2025/11/08 14:46:51 INFO session created token=9cac4741-6bc3-49e5-a97a-2cdd50c15bdc name=User_79_91
2025/11/08 14:46:51 INFO session updated token=9cac4741-6bc3-49e5-a97a-2cdd50c15bdc tableID=0xc0003dad00 seatIndex=0xc0003dc9e0
2025/11/08 14:46:51 INFO session removed token=9cac4741-6bc3-49e5-a97a-2cdd50c15bdc
2025/11/08 14:46:51 INFO session created token=cb733d77-47ea-429d-97dd-8ed538b92643 name=User_79_92
2025/11/08 14:46:51 INFO session updated token=cb733d77-47ea-429d-97dd-8ed538b92643 tableID=0xc0003dad50 seatIndex=0xc0003dca30
2025/11/08 14:46:51 INFO session removed token=cb733d77-47ea-429d-97dd-8ed538b92643
2025/11/08 14:46:51 INFO session created token=a29651e0-7b48-4559-af87-d09322edc459 name=User_79_93
2025/11/08 14:46:51 INFO session updated token=a29651e0-7b48-4559-af87-d09322edc459 tableID=0xc0003dada0 seatIndex=0xc0003dca80
2025/11/08 14:46:51 INFO session removed token=a29651e0-7b48-4559-af87-d09322edc459
2025/11/08 14:46:51 INFO session created token=319bfc05-ff94-4f7f-9781-644e2367b1fb name=User_75_59
2025/11/08 14:46:51 INFO session created token=ee8cdfa8-eb5a-4dd7-ae99-9d7070234dbb name=User_79_94
2025/11/08 14:46:51 INFO session updated token=319bfc05-ff94-4f7f-9781-644e2367b1fb tableID=0xc0005b8b80 seatIndex=0xc0005ba5c0
2025/11/08 14:46:51 INFO session removed token=319bfc05-ff94-4f7f-9781-644e2367b1fb
2025/11/08 14:46:51 INFO session created token=7b9dbc1a-f0a7-43d3-8744-02aae430ad4f name=User_75_60
2025/11/08 14:46:51 INFO session updated token=7b9dbc1a-f0a7-43d3-8744-02aae430ad4f tableID=0xc0005b8be0 seatIndex=0xc0005ba620
2025/11/08 14:46:51 INFO session removed token=7b9dbc1a-f0a7-43d3-8744-02aae430ad4f
2025/11/08 14:46:51 INFO session created token=1b1747b8-aea6-4392-8585-f174103c93c6 name=User_75_61
2025/11/08 14:46:51 INFO session updated token=1b1747b8-aea6-4392-8585-f174103c93c6 tableID=0xc0005b8c30 seatIndex=0xc0005ba670
2025/11/08 14:46:51 INFO session removed token=1b1747b8-aea6-4392-8585-f174103c93c6
2025/11/08 14:46:51 INFO session created token=c8e5680a-fe7f-4f1d-8d8b-f95c9751d052 name=User_75_62
2025/11/08 14:46:51 INFO session updated token=c8e5680a-fe7f-4f1d-8d8b-f95c9751d052 tableID=0xc0005b8c80 seatIndex=0xc0005ba6c0
2025/11/08 14:46:51 INFO session removed token=c8e5680a-fe7f-4f1d-8d8b-f95c9751d052
2025/11/08 14:46:51 INFO session created token=01a41a15-d113-467f-b403-5dc75dd91ce4 name=User_75_63
2025/11/08 14:46:51 INFO session updated token=01a41a15-d113-467f-b403-5dc75dd91ce4 tableID=0xc0005b8cd0 seatIndex=0xc0005ba710
2025/11/08 14:46:51 INFO session removed token=01a41a15-d113-467f-b403-5dc75dd91ce4
2025/11/08 14:46:51 INFO session created token=c51b1e05-c1c6-449b-bb81-70a29fde7122 name=User_75_64
2025/11/08 14:46:51 INFO session updated token=c51b1e05-c1c6-449b-bb81-70a29fde7122 tableID=0xc0005b8d20 seatIndex=0xc0005ba760
2025/11/08 14:46:51 INFO session removed token=c51b1e05-c1c6-449b-bb81-70a29fde7122
2025/11/08 14:46:51 INFO session updated token=ee8cdfa8-eb5a-4dd7-ae99-9d7070234dbb tableID=0xc0005b8ba0 seatIndex=0xc0005ba5f0
2025/11/08 14:46:51 INFO session created token=62798ca8-5e55-41d6-a5fe-f455a5f1ccdd name=User_63_61
2025/11/08 14:46:51 INFO session removed token=ee8cdfa8-eb5a-4dd7-ae99-9d7070234dbb
2025/11/08 14:46:51 INFO session updated token=e86c3f2a-c5cd-4bda-9b3c-68c58a328727 tableID=0xc0005b3e60 seatIndex=0xc0005b5960
2025/11/08 14:46:51 INFO session removed token=e86c3f2a-c5cd-4bda-9b3c-68c58a328727
2025/11/08 14:46:51 INFO session created token=b1d6da27-9ea5-416c-beef-6b498c2c1d8f name=User_35_54
2025/11/08 14:46:51 INFO session updated token=b1d6da27-9ea5-416c-beef-6b498c2c1d8f tableID=0xc000419200 seatIndex=0xc00041b000
2025/11/08 14:46:51 INFO session removed token=b1d6da27-9ea5-416c-beef-6b498c2c1d8f
2025/11/08 14:46:51 INFO session created token=e22eca14-8cab-47db-9e25-6de25421540f name=User_35_55
2025/11/08 14:46:51 INFO session updated token=e22eca14-8cab-47db-9e25-6de25421540f tableID=0xc000419250 seatIndex=0xc00041b050
2025/11/08 14:46:51 INFO session removed token=e22eca14-8cab-47db-9e25-6de25421540f
2025/11/08 14:46:51 INFO session created token=5ef65fd4-2ed7-49e5-b5b5-9f0f2945fb00 name=User_35_56
2025/11/08 14:46:51 INFO session updated token=5ef65fd4-2ed7-49e5-b5b5-9f0f2945fb00 tableID=0xc0004192a0 seatIndex=0xc00041b0a0
2025/11/08 14:46:51 INFO session removed token=5ef65fd4-2ed7-49e5-b5b5-9f0f2945fb00
2025/11/08 14:46:51 INFO session created token=4ed9427a-15ef-45d4-a116-e7060828db74 name=User_35_57
2025/11/08 14:46:51 INFO session updated token=4ed9427a-15ef-45d4-a116-e7060828db74 tableID=0xc0004192f0 seatIndex=0xc00041b0f0
2025/11/08 14:46:51 INFO session removed token=4ed9427a-15ef-45d4-a116-e7060828db74
2025/11/08 14:46:51 INFO session created token=71e189f6-9923-40c8-bb68-54f995190e21 name=User_35_58
2025/11/08 14:46:51 INFO session updated token=71e189f6-9923-40c8-bb68-54f995190e21 tableID=0xc000419340 seatIndex=0xc00041b140
2025/11/08 14:46:51 INFO session removed token=71e189f6-9923-40c8-bb68-54f995190e21
2025/11/08 14:46:51 INFO session created token=6219287b-3065-46c7-b97a-5360bbe83993 name=User_35_59
2025/11/08 14:46:51 INFO session updated token=6219287b-3065-46c7-b97a-5360bbe83993 tableID=0xc000419390 seatIndex=0xc00041b190
2025/11/08 14:46:51 INFO session removed token=6219287b-3065-46c7-b97a-5360bbe83993
2025/11/08 14:46:51 INFO session created token=cd025ffa-24aa-411a-8d30-26c1cd5f694e name=User_35_60
2025/11/08 14:46:51 INFO session updated token=cd025ffa-24aa-411a-8d30-26c1cd5f694e tableID=0xc0004193e0 seatIndex=0xc00041b1e0
2025/11/08 14:46:51 INFO session removed token=cd025ffa-24aa-411a-8d30-26c1cd5f694e
2025/11/08 14:46:51 INFO session created token=9df66d06-d168-4931-acbe-e0e208582574 name=User_35_61
2025/11/08 14:46:51 INFO session updated token=9df66d06-d168-4931-acbe-e0e208582574 tableID=0xc000419430 seatIndex=0xc00041b230
2025/11/08 14:46:51 INFO session removed token=9df66d06-d168-4931-acbe-e0e208582574
2025/11/08 14:46:51 INFO session created token=798c510b-7d94-4afc-909d-9ecb40ecb0cd name=User_35_62
2025/11/08 14:46:51 INFO session updated token=798c510b-7d94-4afc-909d-9ecb40ecb0cd tableID=0xc000419480 seatIndex=0xc00041b280
2025/11/08 14:46:51 INFO session removed token=798c510b-7d94-4afc-909d-9ecb40ecb0cd
2025/11/08 14:46:51 INFO session created token=43085830-1dae-4f28-9d58-e661b10b1b45 name=User_35_63
2025/11/08 14:46:51 INFO session updated token=f15d35f8-abe8-4c11-9a9f-a802e672fe55 tableID=0xc0005b8430 seatIndex=0xc0005b5eb0
2025/11/08 14:46:51 INFO session removed token=f15d35f8-abe8-4c11-9a9f-a802e672fe55
2025/11/08 14:46:51 INFO session created token=828bba13-9352-44e5-b247-2191a46f3616 name=User_19_89
2025/11/08 14:46:51 INFO session updated token=828bba13-9352-44e5-b247-2191a46f3616 tableID=0xc0003dae40 seatIndex=0xc0003dcb20
2025/11/08 14:46:51 INFO session removed token=828bba13-9352-44e5-b247-2191a46f3616
2025/11/08 14:46:51 INFO session created token=d2ee4a6f-0923-4a42-ad31-e879b70978a9 name=User_19_90
2025/11/08 14:46:51 INFO session updated token=d2ee4a6f-0923-4a42-ad31-e879b70978a9 tableID=0xc0003dae90 seatIndex=0xc0003dcb70
2025/11/08 14:46:51 INFO session removed token=d2ee4a6f-0923-4a42-ad31-e879b70978a9
2025/11/08 14:46:51 INFO session created token=d1cc3e25-fffe-4284-964c-ab982b819c1d name=User_19_91
2025/11/08 14:46:51 INFO session updated token=d1cc3e25-fffe-4284-964c-ab982b819c1d tableID=0xc0003daee0 seatIndex=0xc0003dcbc0
2025/11/08 14:46:51 INFO session removed token=d1cc3e25-fffe-4284-964c-ab982b819c1d
2025/11/08 14:46:51 INFO session created token=2969a0e7-71a7-4cf7-8964-e62992b4a746 name=User_19_92
2025/11/08 14:46:51 INFO session updated token=2969a0e7-71a7-4cf7-8964-e62992b4a746 tableID=0xc0003daf30 seatIndex=0xc0003dcc10
2025/11/08 14:46:51 INFO session removed token=2969a0e7-71a7-4cf7-8964-e62992b4a746
2025/11/08 14:46:51 INFO session created token=42d9d913-01d8-4ced-a9e2-0af57300a042 name=User_19_93
2025/11/08 14:46:51 INFO session updated token=42d9d913-01d8-4ced-a9e2-0af57300a042 tableID=0xc0003daf80 seatIndex=0xc0003dcc60
2025/11/08 14:46:51 INFO session removed token=42d9d913-01d8-4ced-a9e2-0af57300a042
2025/11/08 14:46:51 INFO session created token=2555400f-6bd8-4a26-b1d8-d053f291b52c name=User_19_94
2025/11/08 14:46:51 INFO session updated token=2555400f-6bd8-4a26-b1d8-d053f291b52c tableID=0xc0003dafd0 seatIndex=0xc0003dccb0
2025/11/08 14:46:51 INFO session removed token=2555400f-6bd8-4a26-b1d8-d053f291b52c
2025/11/08 14:46:51 INFO session updated token=855fb8e9-c835-4779-941a-eac35e45791c tableID=0xc0004ae780 seatIndex=0xc0004ac7b0
2025/11/08 14:46:51 INFO session removed token=855fb8e9-c835-4779-941a-eac35e45791c
2025/11/08 14:46:51 INFO session created token=71003183-2f14-4f15-83a1-b3f16562b232 name=User_93_94
2025/11/08 14:46:51 INFO session updated token=71003183-2f14-4f15-83a1-b3f16562b232 tableID=0xc0005b8db0 seatIndex=0xc0005ba810
2025/11/08 14:46:51 INFO session removed token=71003183-2f14-4f15-83a1-b3f16562b232
2025/11/08 14:46:51 INFO session created token=88794c1f-fae2-47fa-a059-29c0f80b7ecd name=User_93_95
2025/11/08 14:46:51 INFO session updated token=88794c1f-fae2-47fa-a059-29c0f80b7ecd tableID=0xc0005b8e00 seatIndex=0xc0005ba860
2025/11/08 14:46:51 INFO session removed token=88794c1f-fae2-47fa-a059-29c0f80b7ecd
2025/11/08 14:46:51 INFO session created token=038de313-381c-4d70-8363-58c2fb99c9cf name=User_93_96
2025/11/08 14:46:51 INFO session updated token=038de313-381c-4d70-8363-58c2fb99c9cf tableID=0xc0005b8e50 seatIndex=0xc0005ba8b0
2025/11/08 14:46:51 INFO session removed token=038de313-381c-4d70-8363-58c2fb99c9cf
2025/11/08 14:46:51 INFO session created token=3f14b684-1c2d-4b56-aad2-57957e8db5ee name=User_93_97
2025/11/08 14:46:51 INFO session updated token=3f14b684-1c2d-4b56-aad2-57957e8db5ee tableID=0xc0005b8ea0 seatIndex=0xc0005ba900
2025/11/08 14:46:51 INFO session removed token=3f14b684-1c2d-4b56-aad2-57957e8db5ee
2025/11/08 14:46:51 INFO session created token=96a7ebbd-224a-468c-85fd-0d6ef04cbb7d name=User_93_98
2025/11/08 14:46:51 INFO session updated token=96a7ebbd-224a-468c-85fd-0d6ef04cbb7d tableID=0xc0005b8ef0 seatIndex=0xc0005ba950
2025/11/08 14:46:51 INFO session removed token=96a7ebbd-224a-468c-85fd-0d6ef04cbb7d
2025/11/08 14:46:51 INFO session created token=7b27b2b0-4775-4d44-944d-3c5ac0c02631 name=User_93_99
2025/11/08 14:46:51 INFO session updated token=7b27b2b0-4775-4d44-944d-3c5ac0c02631 tableID=0xc0005b8f40 seatIndex=0xc0005ba9a0
2025/11/08 14:46:51 INFO session removed token=7b27b2b0-4775-4d44-944d-3c5ac0c02631
2025/11/08 14:46:51 INFO session created token=df46fa3c-d380-4448-88f0-fb9460ad66fd name=User_76_67
2025/11/08 14:46:51 INFO session updated token=df46fa3c-d380-4448-88f0-fb9460ad66fd tableID=0xc0003db020 seatIndex=0xc0003dcd00
2025/11/08 14:46:51 INFO session removed token=df46fa3c-d380-4448-88f0-fb9460ad66fd
2025/11/08 14:46:51 INFO session created token=bb9ae29a-ea9e-4289-ae8c-81e9bfdf147a name=User_76_68
2025/11/08 14:46:51 INFO session updated token=bb9ae29a-ea9e-4289-ae8c-81e9bfdf147a tableID=0xc0003db070 seatIndex=0xc0003dcd50
2025/11/08 14:46:51 INFO session removed token=bb9ae29a-ea9e-4289-ae8c-81e9bfdf147a
2025/11/08 14:46:51 INFO session created token=1e0e5cfc-864c-4da3-a521-6f966e92e8dc name=User_76_69
2025/11/08 14:46:51 INFO session updated token=1e0e5cfc-864c-4da3-a521-6f966e92e8dc tableID=0xc0003db0c0 seatIndex=0xc0003dcda0
2025/11/08 14:46:51 INFO session removed token=1e0e5cfc-864c-4da3-a521-6f966e92e8dc
2025/11/08 14:46:51 INFO session created token=a4cf9a7c-4450-4322-8328-aa8939c3c58c name=User_76_70
2025/11/08 14:46:51 INFO session updated token=a4cf9a7c-4450-4322-8328-aa8939c3c58c tableID=0xc0003db110 seatIndex=0xc0003dcdf0
2025/11/08 14:46:51 INFO session removed token=a4cf9a7c-4450-4322-8328-aa8939c3c58c
2025/11/08 14:46:51 INFO session updated token=cfc5825d-a8cb-46d2-932a-65f6677e1c00 tableID=0xc0004189d0 seatIndex=0xc00041a7f0
2025/11/08 14:46:51 INFO session updated token=51538ede-de98-4acb-9ec5-6fccbfef2dd9 tableID=0xc0005b8450 seatIndex=0xc0005b5ec0
2025/11/08 14:46:51 INFO session updated token=9a98c5ac-f73f-49b1-bc1c-b88d3bf5785b tableID=0xc0003dab70 seatIndex=0xc0003dc850
2025/11/08 14:46:51 INFO session updated token=a91490e3-e548-4d20-ab96-ac4c2eaab030 tableID=0xc0005b8840 seatIndex=0xc0005ba2b0
2025/11/08 14:46:51 INFO session created token=fff91d74-0321-40e2-a8c0-db13b8a8e292 name=User_28_92
2025/11/08 14:46:51 INFO session removed token=9a98c5ac-f73f-49b1-bc1c-b88d3bf5785b
2025/11/08 14:46:51 INFO session updated token=300cfb8c-d87f-494c-b18d-583446a4b9a4 tableID=0xc0003d1b10 seatIndex=0xc0003d3850
2025/11/08 14:46:51 INFO session updated token=74bee4e1-8efd-4576-a89a-b15eaf7b9dea tableID=0xc0003dabd0 seatIndex=0xc0003dc8c0
2025/11/08 14:46:51 INFO session updated token=62798ca8-5e55-41d6-a5fe-f455a5f1ccdd tableID=0xc0004191b0 seatIndex=0xc00041afb0
2025/11/08 14:46:51 INFO session updated token=43085830-1dae-4f28-9d58-e661b10b1b45 tableID=0xc0003dae00 seatIndex=0xc0003dcaf0
2025/11/08 14:46:51 INFO session created token=a1e4c7bf-55cf-456b-b688-6579665bcbff name=User_76_71
2025/11/08 14:46:51 INFO session updated token=a1e4c7bf-55cf-456b-b688-6579665bcbff tableID=0xc0004ae990 seatIndex=0xc0004aca10
2025/11/08 14:46:51 INFO session removed token=a1e4c7bf-55cf-456b-b688-6579665bcbff
2025/11/08 14:46:51 INFO session created token=0bf5289c-e3d4-469f-984e-5680efbd0961 name=User_76_72
2025/11/08 14:46:51 INFO session updated token=0bf5289c-e3d4-469f-984e-5680efbd0961 tableID=0xc0004ae9e0 seatIndex=0xc0004aca60
2025/11/08 14:46:51 INFO session removed token=0bf5289c-e3d4-469f-984e-5680efbd0961
2025/11/08 14:46:51 INFO session created token=85f50c12-3d7e-485b-8d3e-9f3ad2af8dfa name=User_44_75
2025/11/08 14:46:51 INFO session created token=86884544-9ee5-41ed-9032-e3152141caca name=User_76_73
2025/11/08 14:46:51 INFO session created token=472c8f63-cd4d-4cf8-bdca-445bc5beeb1d name=User_79_95
2025/11/08 14:46:51 INFO session updated token=86884544-9ee5-41ed-9032-e3152141caca tableID=0xc0004aea30 seatIndex=0xc0004acab0
2025/11/08 14:46:51 INFO session created token=cd1142e0-3da4-4b94-af05-e0766142d17e name=User_74_76
2025/11/08 14:46:51 INFO session created token=81cd54ba-e781-4e46-973f-21e37378ad38 name=User_19_95
2025/11/08 14:46:51 INFO session created token=712ca851-fecc-4ff9-bcc0-ef69b406972a name=User_75_65
2025/11/08 14:46:51 INFO session removed token=86884544-9ee5-41ed-9032-e3152141caca
2025/11/08 14:46:51 INFO session updated token=cd1142e0-3da4-4b94-af05-e0766142d17e tableID=0xc000419510 seatIndex=0xc00041b2f0
2025/11/08 14:46:51 INFO session removed token=cd1142e0-3da4-4b94-af05-e0766142d17e
2025/11/08 14:46:51 INFO session created token=40298317-e16b-4fed-a25d-b45218935e31 name=User_74_77
2025/11/08 14:46:51 INFO session updated token=40298317-e16b-4fed-a25d-b45218935e31 tableID=0xc0004aeac0 seatIndex=0xc0004acb60
2025/11/08 14:46:51 INFO session removed token=40298317-e16b-4fed-a25d-b45218935e31
2025/11/08 14:46:51 INFO session created token=c87e4441-d42b-4c0a-b0ad-7b9fa245ff97 name=User_74_78
2025/11/08 14:46:51 INFO session updated token=c87e4441-d42b-4c0a-b0ad-7b9fa245ff97 tableID=0xc0004aeb10 seatIndex=0xc0004acbb0
2025/11/08 14:46:51 INFO session removed token=c87e4441-d42b-4c0a-b0ad-7b9fa245ff97
2025/11/08 14:46:51 INFO session created token=cef31ab5-bdb2-4b5d-acfd-21688dab7b2c name=User_74_79
2025/11/08 14:46:51 INFO session updated token=cef31ab5-bdb2-4b5d-acfd-21688dab7b2c tableID=0xc0004aeb60 seatIndex=0xc0004acc00
2025/11/08 14:46:51 INFO session removed token=cef31ab5-bdb2-4b5d-acfd-21688dab7b2c
2025/11/08 14:46:51 INFO session created token=dada337f-f44a-4eab-b442-5442bd17af92 name=User_74_80
2025/11/08 14:46:51 INFO session updated token=dada337f-f44a-4eab-b442-5442bd17af92 tableID=0xc0004aebb0 seatIndex=0xc0004acc50
2025/11/08 14:46:51 INFO session removed token=dada337f-f44a-4eab-b442-5442bd17af92
2025/11/08 14:46:51 INFO session created token=6d161dfb-be9a-4e26-8f34-fd71d4ac46a3 name=User_74_81
2025/11/08 14:46:51 INFO session updated token=6d161dfb-be9a-4e26-8f34-fd71d4ac46a3 tableID=0xc0004aec00 seatIndex=0xc0004acca0
2025/11/08 14:46:51 INFO session removed token=6d161dfb-be9a-4e26-8f34-fd71d4ac46a3
2025/11/08 14:46:51 INFO session created token=de87249a-ddcb-4a37-be1b-dfc602f1739d name=User_74_82
2025/11/08 14:46:51 INFO session updated token=de87249a-ddcb-4a37-be1b-dfc602f1739d tableID=0xc0004aec50 seatIndex=0xc0004accf0
2025/11/08 14:46:51 INFO session removed token=de87249a-ddcb-4a37-be1b-dfc602f1739d
2025/11/08 14:46:51 INFO session created token=69407a13-9ea7-4895-80f8-6cd702614eea name=User_74_83
2025/11/08 14:46:51 INFO session updated token=69407a13-9ea7-4895-80f8-6cd702614eea tableID=0xc0004aeca0 seatIndex=0xc0004acd40
2025/11/08 14:46:51 INFO session removed token=69407a13-9ea7-4895-80f8-6cd702614eea
2025/11/08 14:46:51 INFO session created token=fee63acf-7631-41c3-9400-446e2b380b0a name=User_74_84
2025/11/08 14:46:51 INFO session updated token=fee63acf-7631-41c3-9400-446e2b380b0a tableID=0xc0004aecf0 seatIndex=0xc0004acd90
2025/11/08 14:46:51 INFO session removed token=fee63acf-7631-41c3-9400-446e2b380b0a
2025/11/08 14:46:51 INFO session created token=29050e17-5d7a-4f84-897b-598e6d252396 name=User_74_85
2025/11/08 14:46:51 INFO session updated token=29050e17-5d7a-4f84-897b-598e6d252396 tableID=0xc0004aed40 seatIndex=0xc0004acde0
2025/11/08 14:46:51 INFO session removed token=29050e17-5d7a-4f84-897b-598e6d252396
2025/11/08 14:46:51 INFO session created token=4ef109e4-3136-4c3b-a9cb-518df7fe1b55 name=User_74_86
2025/11/08 14:46:51 INFO session updated token=4ef109e4-3136-4c3b-a9cb-518df7fe1b55 tableID=0xc0004aed90 seatIndex=0xc0004ace30
2025/11/08 14:46:51 INFO session removed token=4ef109e4-3136-4c3b-a9cb-518df7fe1b55
2025/11/08 14:46:51 INFO session created token=82baf5a5-9bd6-4601-adcc-ae4912790ca9 name=User_74_87
2025/11/08 14:46:51 INFO session updated token=82baf5a5-9bd6-4601-adcc-ae4912790ca9 tableID=0xc0004aede0 seatIndex=0xc0004ace80
2025/11/08 14:46:51 INFO session removed token=82baf5a5-9bd6-4601-adcc-ae4912790ca9
2025/11/08 14:46:51 INFO session created token=1df357c2-da15-4a07-b586-2729ae09468f name=User_74_88
2025/11/08 14:46:51 INFO session updated token=1df357c2-da15-4a07-b586-2729ae09468f tableID=0xc0004aee30 seatIndex=0xc0004aced0
2025/11/08 14:46:51 INFO session removed token=1df357c2-da15-4a07-b586-2729ae09468f
2025/11/08 14:46:51 INFO session created token=00be6027-bdcc-4580-8d20-cf110f56abd9 name=User_74_89
2025/11/08 14:46:51 INFO session updated token=00be6027-bdcc-4580-8d20-cf110f56abd9 tableID=0xc0004aee80 seatIndex=0xc0004acf20
2025/11/08 14:46:51 INFO session removed token=00be6027-bdcc-4580-8d20-cf110f56abd9
2025/11/08 14:46:51 INFO session created token=2d1ab8e3-e6f8-4f6a-9d92-461e2ad0f9a0 name=User_74_90
2025/11/08 14:46:51 INFO session updated token=2d1ab8e3-e6f8-4f6a-9d92-461e2ad0f9a0 tableID=0xc0004aeed0 seatIndex=0xc0004acf70
2025/11/08 14:46:51 INFO session removed token=2d1ab8e3-e6f8-4f6a-9d92-461e2ad0f9a0
2025/11/08 14:46:51 INFO session created token=91be9dd7-0b62-4a96-a09b-3de55565998d name=User_74_91
2025/11/08 14:46:51 INFO session updated token=91be9dd7-0b62-4a96-a09b-3de55565998d tableID=0xc0004aef20 seatIndex=0xc0004acfc0
2025/11/08 14:46:51 INFO session removed token=91be9dd7-0b62-4a96-a09b-3de55565998d
2025/11/08 14:46:51 INFO session created token=62d97aef-004b-46b1-b97c-b060458af92a name=User_74_92
2025/11/08 14:46:51 INFO session updated token=62d97aef-004b-46b1-b97c-b060458af92a tableID=0xc0004aef70 seatIndex=0xc0004ad010
2025/11/08 14:46:51 INFO session removed token=62d97aef-004b-46b1-b97c-b060458af92a
2025/11/08 14:46:51 INFO session removed token=62798ca8-5e55-41d6-a5fe-f455a5f1ccdd
2025/11/08 14:46:51 INFO session created token=1cdeaddb-515f-4f4e-8cea-9bfdb46592c1 name=User_63_62
2025/11/08 14:46:51 INFO session updated token=1cdeaddb-515f-4f4e-8cea-9bfdb46592c1 tableID=0xc0005b8ff0 seatIndex=0xc0005baa00
2025/11/08 14:46:51 INFO session removed token=1cdeaddb-515f-4f4e-8cea-9bfdb46592c1
2025/11/08 14:46:51 INFO session created token=cc8489f8-5a18-4111-a6bc-d34ca07bfcc6 name=User_63_63
2025/11/08 14:46:51 INFO session updated token=cc8489f8-5a18-4111-a6bc-d34ca07bfcc6 tableID=0xc0005b9040 seatIndex=0xc0005baa50
2025/11/08 14:46:51 INFO session removed token=cc8489f8-5a18-4111-a6bc-d34ca07bfcc6
2025/11/08 14:46:51 INFO session created token=1ccf690f-785d-4f9b-bd82-bf91bf8792f4 name=User_63_64
2025/11/08 14:46:51 INFO session updated token=1ccf690f-785d-4f9b-bd82-bf91bf8792f4 tableID=0xc0005b9090 seatIndex=0xc0005baaa0
2025/11/08 14:46:51 INFO session removed token=1ccf690f-785d-4f9b-bd82-bf91bf8792f4
2025/11/08 14:46:51 INFO session created token=c1fa78db-e599-4e35-985f-859006526080 name=User_63_65
2025/11/08 14:46:51 INFO session updated token=c1fa78db-e599-4e35-985f-859006526080 tableID=0xc0005b90e0 seatIndex=0xc0005baaf0
2025/11/08 14:46:51 INFO session removed token=c1fa78db-e599-4e35-985f-859006526080
2025/11/08 14:46:51 INFO session created token=36eba3e2-7389-4436-a280-249e3f20a22a name=User_63_66
2025/11/08 14:46:51 INFO session created token=fec06906-c107-425c-a22d-b54ea518142c name=User_76_74
2025/11/08 14:46:51 INFO session updated token=36eba3e2-7389-4436-a280-249e3f20a22a tableID=0xc0005b9130 seatIndex=0xc0005bab40
2025/11/08 14:46:51 INFO session removed token=36eba3e2-7389-4436-a280-249e3f20a22a
2025/11/08 14:46:51 INFO session created token=004362ec-d339-45b7-97fa-f1bb0b236fca name=User_63_67
2025/11/08 14:46:51 INFO session updated token=004362ec-d339-45b7-97fa-f1bb0b236fca tableID=0xc0005b9190 seatIndex=0xc0005baba0
2025/11/08 14:46:51 INFO session removed token=004362ec-d339-45b7-97fa-f1bb0b236fca
2025/11/08 14:46:51 INFO session created token=49036063-f49e-4b60-94c3-bc8371db3482 name=User_63_68
2025/11/08 14:46:51 INFO session updated token=49036063-f49e-4b60-94c3-bc8371db3482 tableID=0xc0005b91e0 seatIndex=0xc0005babf0
2025/11/08 14:46:51 INFO session removed token=49036063-f49e-4b60-94c3-bc8371db3482
2025/11/08 14:46:51 INFO session created token=7f864082-bed1-48b0-9224-940f252ee442 name=User_63_69
2025/11/08 14:46:51 INFO session updated token=7f864082-bed1-48b0-9224-940f252ee442 tableID=0xc0005b9230 seatIndex=0xc0005bac40
2025/11/08 14:46:51 INFO session removed token=7f864082-bed1-48b0-9224-940f252ee442
2025/11/08 14:46:51 INFO session created token=116c3f48-4d56-46cd-8c2b-763bfaaaffc2 name=User_63_70
2025/11/08 14:46:51 INFO session updated token=116c3f48-4d56-46cd-8c2b-763bfaaaffc2 tableID=0xc0005b9280 seatIndex=0xc0005bac90
2025/11/08 14:46:51 INFO session removed token=116c3f48-4d56-46cd-8c2b-763bfaaaffc2
2025/11/08 14:46:51 INFO session updated token=85f50c12-3d7e-485b-8d3e-9f3ad2af8dfa tableID=0xc0005b8f90 seatIndex=0xc0005ba9d0
2025/11/08 14:46:51 INFO session removed token=85f50c12-3d7e-485b-8d3e-9f3ad2af8dfa
2025/11/08 14:46:51 INFO session created token=09c57007-2ca5-4ade-b3a9-021d51530199 name=User_44_76
2025/11/08 14:46:51 INFO session updated token=09c57007-2ca5-4ade-b3a9-021d51530199 tableID=0xc0004aefe0 seatIndex=0xc0004ad0a0
2025/11/08 14:46:51 INFO session removed token=09c57007-2ca5-4ade-b3a9-021d51530199
2025/11/08 14:46:51 INFO session created token=3d6fafd1-ec63-440b-a18c-74608d40a357 name=User_44_77
2025/11/08 14:46:51 INFO session updated token=3d6fafd1-ec63-440b-a18c-74608d40a357 tableID=0xc0004af030 seatIndex=0xc0004ad0f0
2025/11/08 14:46:51 INFO session removed token=3d6fafd1-ec63-440b-a18c-74608d40a357
2025/11/08 14:46:51 INFO session created token=04a153e9-2480-41c1-89d0-6a1bf65b2bbc name=User_44_78
2025/11/08 14:46:51 INFO session updated token=04a153e9-2480-41c1-89d0-6a1bf65b2bbc tableID=0xc0004af080 seatIndex=0xc0004ad140
2025/11/08 14:46:51 INFO session removed token=04a153e9-2480-41c1-89d0-6a1bf65b2bbc
2025/11/08 14:46:51 INFO session created token=b49537b9-6f96-44ed-8684-15ba92458f36 name=User_44_79
2025/11/08 14:46:51 INFO session updated token=b49537b9-6f96-44ed-8684-15ba92458f36 tableID=0xc0004af0d0 seatIndex=0xc0004ad190
2025/11/08 14:46:51 INFO session removed token=b49537b9-6f96-44ed-8684-15ba92458f36
2025/11/08 14:46:51 INFO session created token=01d84fe9-4563-46e3-a5d4-f16a0f1c20c4 name=User_44_80
2025/11/08 14:46:51 INFO session updated token=01d84fe9-4563-46e3-a5d4-f16a0f1c20c4 tableID=0xc0004af120 seatIndex=0xc0004ad1e0
2025/11/08 14:46:51 INFO session removed token=01d84fe9-4563-46e3-a5d4-f16a0f1c20c4
2025/11/08 14:46:51 INFO session created token=3cd0f575-cbee-49b2-b130-4bc7da266cc0 name=User_44_81
2025/11/08 14:46:51 INFO session updated token=3cd0f575-cbee-49b2-b130-4bc7da266cc0 tableID=0xc0004af170 seatIndex=0xc0004ad230
2025/11/08 14:46:51 INFO session removed token=3cd0f575-cbee-49b2-b130-4bc7da266cc0
2025/11/08 14:46:51 INFO session created token=92bd5eb4-fb52-4e1f-8851-8c19c1895dff name=User_44_82
2025/11/08 14:46:51 INFO session updated token=92bd5eb4-fb52-4e1f-8851-8c19c1895dff tableID=0xc0004af1c0 seatIndex=0xc0004ad280
2025/11/08 14:46:51 INFO session removed token=92bd5eb4-fb52-4e1f-8851-8c19c1895dff
2025/11/08 14:46:51 INFO session removed token=51538ede-de98-4acb-9ec5-6fccbfef2dd9
2025/11/08 14:46:51 INFO session created token=8a867504-dd2d-4d97-92af-407f9fdf03d6 name=User_77_50
2025/11/08 14:46:51 INFO session updated token=8a867504-dd2d-4d97-92af-407f9fdf03d6 tableID=0xc0005b92e0 seatIndex=0xc0005bad00
2025/11/08 14:46:51 INFO session removed token=8a867504-dd2d-4d97-92af-407f9fdf03d6
2025/11/08 14:46:51 INFO session created token=d4148a8b-5d95-4708-a785-715f0e2791ca name=User_77_51
2025/11/08 14:46:51 INFO session updated token=d4148a8b-5d95-4708-a785-715f0e2791ca tableID=0xc0005b9330 seatIndex=0xc0005bad50
2025/11/08 14:46:51 INFO session removed token=d4148a8b-5d95-4708-a785-715f0e2791ca
2025/11/08 14:46:51 INFO session created token=4765f0b1-3a34-40a8-8e06-f3647aa67edd name=User_77_52
2025/11/08 14:46:51 INFO session updated token=4765f0b1-3a34-40a8-8e06-f3647aa67edd tableID=0xc0005b9380 seatIndex=0xc0005bada0
2025/11/08 14:46:51 INFO session removed token=4765f0b1-3a34-40a8-8e06-f3647aa67edd
2025/11/08 14:46:51 INFO session created token=17c0f5ec-1b7f-412b-965e-b6c478b6891e name=User_77_53
2025/11/08 14:46:51 INFO session updated token=17c0f5ec-1b7f-412b-965e-b6c478b6891e tableID=0xc0005b93d0 seatIndex=0xc0005badf0
2025/11/08 14:46:51 INFO session removed token=17c0f5ec-1b7f-412b-965e-b6c478b6891e
2025/11/08 14:46:51 INFO session created token=0fa0fd29-a6bb-446c-bd96-e9a007f42371 name=User_77_54
2025/11/08 14:46:51 INFO session updated token=0fa0fd29-a6bb-446c-bd96-e9a007f42371 tableID=0xc0005b9420 seatIndex=0xc0005bae40
2025/11/08 14:46:51 INFO session removed token=0fa0fd29-a6bb-446c-bd96-e9a007f42371
2025/11/08 14:46:51 INFO session removed token=a91490e3-e548-4d20-ab96-ac4c2eaab030
2025/11/08 14:46:51 INFO session created token=6648da89-1034-440e-98ca-29d3a3334df3 name=User_86_63
2025/11/08 14:46:51 INFO session updated token=6648da89-1034-440e-98ca-29d3a3334df3 tableID=0xc0005b9480 seatIndex=0xc0005bae90
2025/11/08 14:46:51 INFO session removed token=6648da89-1034-440e-98ca-29d3a3334df3
2025/11/08 14:46:51 INFO session created token=d625084d-ad78-41ad-be87-1f8dc88c9bb7 name=User_86_64
2025/11/08 14:46:51 INFO session updated token=d625084d-ad78-41ad-be87-1f8dc88c9bb7 tableID=0xc0005b94d0 seatIndex=0xc0005baee0
2025/11/08 14:46:51 INFO session removed token=d625084d-ad78-41ad-be87-1f8dc88c9bb7
2025/11/08 14:46:51 INFO session created token=b31a2a87-8048-4d63-a9cd-28b202a06c35 name=User_86_65
2025/11/08 14:46:51 INFO session updated token=b31a2a87-8048-4d63-a9cd-28b202a06c35 tableID=0xc0005b9520 seatIndex=0xc0005baf30
2025/11/08 14:46:51 INFO session removed token=b31a2a87-8048-4d63-a9cd-28b202a06c35
2025/11/08 14:46:51 INFO session created token=4b937b1d-6d7b-4d26-a91c-57929472f803 name=User_86_66
2025/11/08 14:46:51 INFO session updated token=4b937b1d-6d7b-4d26-a91c-57929472f803 tableID=0xc0005b9570 seatIndex=0xc0005baf80
2025/11/08 14:46:51 INFO session removed token=4b937b1d-6d7b-4d26-a91c-57929472f803
2025/11/08 14:46:51 INFO session created token=cc257bb7-5654-4d28-b51d-c02b591f82e8 name=User_86_67
2025/11/08 14:46:51 INFO session updated token=cc257bb7-5654-4d28-b51d-c02b591f82e8 tableID=0xc0005b95c0 seatIndex=0xc0005bafd0
2025/11/08 14:46:51 INFO session removed token=cc257bb7-5654-4d28-b51d-c02b591f82e8
2025/11/08 14:46:51 INFO session created token=bb939765-e61a-46e2-b48f-92c57f3f8247 name=User_86_68
2025/11/08 14:46:51 INFO session updated token=bb939765-e61a-46e2-b48f-92c57f3f8247 tableID=0xc0005b9610 seatIndex=0xc0005bb020
2025/11/08 14:46:51 INFO session removed token=bb939765-e61a-46e2-b48f-92c57f3f8247
2025/11/08 14:46:51 INFO session created token=3f674ad1-283c-44a9-97bd-4ad45e1ac265 name=User_86_69
2025/11/08 14:46:51 INFO session created token=3e8b7622-b08d-41a6-b78a-90e398634102 name=User_77_55
2025/11/08 14:46:51 INFO session created token=ece8cdb6-fc20-48c5-b2a4-9f0a2bd8f7fe name=User_51_51
2025/11/08 14:46:51 INFO session updated token=3f674ad1-283c-44a9-97bd-4ad45e1ac265 tableID=0xc0005b9660 seatIndex=0xc0005bb070
2025/11/08 14:46:51 INFO session removed token=3f674ad1-283c-44a9-97bd-4ad45e1ac265
2025/11/08 14:46:51 INFO session created token=dff6c282-6357-49ae-b76b-e2cf8586c575 name=User_86_70
2025/11/08 14:46:51 INFO session updated token=dff6c282-6357-49ae-b76b-e2cf8586c575 tableID=0xc000419590 seatIndex=0xc00041b340
2025/11/08 14:46:51 INFO session removed token=dff6c282-6357-49ae-b76b-e2cf8586c575
2025/11/08 14:46:51 INFO session created token=6e1ab187-0f28-4b77-8444-51a988c7d5de name=User_86_71
2025/11/08 14:46:51 INFO session updated token=6e1ab187-0f28-4b77-8444-51a988c7d5de tableID=0xc0004195e0 seatIndex=0xc00041b390
2025/11/08 14:46:51 INFO session removed token=6e1ab187-0f28-4b77-8444-51a988c7d5de
2025/11/08 14:46:51 INFO session created token=e8cd261d-6b65-4807-a36c-2ef9c79bfa0c name=User_86_72
2025/11/08 14:46:51 INFO session updated token=e8cd261d-6b65-4807-a36c-2ef9c79bfa0c tableID=0xc000419630 seatIndex=0xc00041b3e0
2025/11/08 14:46:51 INFO session removed token=e8cd261d-6b65-4807-a36c-2ef9c79bfa0c
2025/11/08 14:46:51 INFO session created token=ff94713d-52b0-4377-9210-7a2c65ddbb39 name=User_86_73
2025/11/08 14:46:51 INFO session updated token=ff94713d-52b0-4377-9210-7a2c65ddbb39 tableID=0xc000419680 seatIndex=0xc00041b430
2025/11/08 14:46:51 INFO session removed token=ff94713d-52b0-4377-9210-7a2c65ddbb39
2025/11/08 14:46:51 INFO session created token=1730c7ee-6d2e-4fe6-b6b5-c2096962ddae name=User_86_74
2025/11/08 14:46:51 INFO session updated token=1730c7ee-6d2e-4fe6-b6b5-c2096962ddae tableID=0xc0004196d0 seatIndex=0xc00041b480
2025/11/08 14:46:51 INFO session removed token=1730c7ee-6d2e-4fe6-b6b5-c2096962ddae
2025/11/08 14:46:51 INFO session created token=afc9523d-4e5f-4df4-a7e8-8f9f9b84c194 name=User_86_75
2025/11/08 14:46:51 INFO session updated token=afc9523d-4e5f-4df4-a7e8-8f9f9b84c194 tableID=0xc000419720 seatIndex=0xc00041b4d0
2025/11/08 14:46:51 INFO session removed token=afc9523d-4e5f-4df4-a7e8-8f9f9b84c194
2025/11/08 14:46:51 INFO session created token=4e0e171b-3003-460f-b5a5-c7c3ace8295a name=User_86_76
2025/11/08 14:46:51 INFO session updated token=4e0e171b-3003-460f-b5a5-c7c3ace8295a tableID=0xc000419770 seatIndex=0xc00041b520
2025/11/08 14:46:51 INFO session removed token=4e0e171b-3003-460f-b5a5-c7c3ace8295a
2025/11/08 14:46:51 INFO session created token=1a3f6302-a763-4de7-859c-41e3de22bd91 name=User_86_77
2025/11/08 14:46:51 INFO session updated token=1a3f6302-a763-4de7-859c-41e3de22bd91 tableID=0xc0004197c0 seatIndex=0xc00041b570
2025/11/08 14:46:51 INFO session removed token=1a3f6302-a763-4de7-859c-41e3de22bd91
2025/11/08 14:46:51 INFO session updated token=fff91d74-0321-40e2-a8c0-db13b8a8e292 tableID=0xc0004ae920 seatIndex=0xc0004ac980
2025/11/08 14:46:51 INFO session removed token=fff91d74-0321-40e2-a8c0-db13b8a8e292
2025/11/08 14:46:51 INFO session created token=dd32d09d-044a-4270-ae88-93f8c3630907 name=User_28_93
2025/11/08 14:46:51 INFO session updated token=dd32d09d-044a-4270-ae88-93f8c3630907 tableID=0xc0004af250 seatIndex=0xc0004ad330
2025/11/08 14:46:51 INFO session removed token=dd32d09d-044a-4270-ae88-93f8c3630907
2025/11/08 14:46:51 INFO session created token=1d9974cc-9efc-415d-a6c5-bd2928304473 name=User_28_94
2025/11/08 14:46:51 INFO session updated token=1d9974cc-9efc-415d-a6c5-bd2928304473 tableID=0xc0004af2a0 seatIndex=0xc0004ad380
2025/11/08 14:46:51 INFO session removed token=1d9974cc-9efc-415d-a6c5-bd2928304473
2025/11/08 14:46:51 INFO session created token=3a9a25f3-c241-4ec0-975d-ec275c6d8bcb name=User_28_95
2025/11/08 14:46:51 INFO session updated token=3a9a25f3-c241-4ec0-975d-ec275c6d8bcb tableID=0xc0004af2f0 seatIndex=0xc0004ad3d0
2025/11/08 14:46:51 INFO session removed token=3a9a25f3-c241-4ec0-975d-ec275c6d8bcb
2025/11/08 14:46:51 INFO session created token=038b25f2-721d-458e-b908-1dec279f439b name=User_28_96
2025/11/08 14:46:51 INFO session updated token=038b25f2-721d-458e-b908-1dec279f439b tableID=0xc0004af340 seatIndex=0xc0004ad420
2025/11/08 14:46:51 INFO session removed token=038b25f2-721d-458e-b908-1dec279f439b
2025/11/08 14:46:51 INFO session created token=c5111b71-11ae-4695-a989-c3dfb1247a3b name=User_28_97
2025/11/08 14:46:51 INFO session updated token=c5111b71-11ae-4695-a989-c3dfb1247a3b tableID=0xc0004af390 seatIndex=0xc0004ad470
2025/11/08 14:46:51 INFO session removed token=c5111b71-11ae-4695-a989-c3dfb1247a3b
2025/11/08 14:46:51 INFO session removed token=300cfb8c-d87f-494c-b18d-583446a4b9a4
2025/11/08 14:46:51 INFO session created token=f90b9bd7-b639-4faa-9726-23e66ba78ba8 name=User_28_98
2025/11/08 14:46:51 INFO session created token=58c0a578-75da-49ce-8dee-d9e60002d5c1 name=User_54_87
2025/11/08 14:46:51 INFO session updated token=f90b9bd7-b639-4faa-9726-23e66ba78ba8 tableID=0xc0004af3e0 seatIndex=0xc0004ad4c0
2025/11/08 14:46:51 INFO session removed token=f90b9bd7-b639-4faa-9726-23e66ba78ba8
2025/11/08 14:46:51 INFO session removed token=74bee4e1-8efd-4576-a89a-b15eaf7b9dea
2025/11/08 14:46:51 INFO session created token=9c3200e8-1446-4b3c-9afa-35a9d01612d4 name=User_28_99
2025/11/08 14:46:51 INFO session created token=0ed5083d-4f6e-4a4b-bd82-bc99bf1e70b6 name=User_9_77
2025/11/08 14:46:51 INFO session updated token=9c3200e8-1446-4b3c-9afa-35a9d01612d4 tableID=0xc0004af440 seatIndex=0xc0004ad520
2025/11/08 14:46:51 INFO session removed token=9c3200e8-1446-4b3c-9afa-35a9d01612d4
2025/11/08 14:46:51 INFO session updated token=0ed5083d-4f6e-4a4b-bd82-bc99bf1e70b6 tableID=0xc0004af460 seatIndex=0xc0004ad550
2025/11/08 14:46:51 INFO session removed token=0ed5083d-4f6e-4a4b-bd82-bc99bf1e70b6
2025/11/08 14:46:51 INFO session created token=5bf87470-5f4c-4e56-9635-75cff7d31706 name=User_9_78
2025/11/08 14:46:51 INFO session updated token=5bf87470-5f4c-4e56-9635-75cff7d31706 tableID=0xc0004af4c0 seatIndex=0xc0004ad5a0
2025/11/08 14:46:51 INFO session removed token=5bf87470-5f4c-4e56-9635-75cff7d31706
2025/11/08 14:46:51 INFO session created token=e851529c-b2df-430d-ab8a-bec972e42a88 name=User_9_79
2025/11/08 14:46:51 INFO session updated token=e851529c-b2df-430d-ab8a-bec972e42a88 tableID=0xc0004af510 seatIndex=0xc0004ad5f0
2025/11/08 14:46:51 INFO session removed token=e851529c-b2df-430d-ab8a-bec972e42a88
2025/11/08 14:46:51 INFO session removed token=cfc5825d-a8cb-46d2-932a-65f6677e1c00
2025/11/08 14:46:51 INFO session created token=8c9f34e8-8bce-483c-8146-d3418069adcd name=User_3_91
2025/11/08 14:46:51 INFO session updated token=8c9f34e8-8bce-483c-8146-d3418069adcd tableID=0xc000347d60 seatIndex=0xc000349ca0
2025/11/08 14:46:51 INFO session removed token=8c9f34e8-8bce-483c-8146-d3418069adcd
2025/11/08 14:46:51 INFO session removed token=43085830-1dae-4f28-9d58-e661b10b1b45
2025/11/08 14:46:51 INFO session created token=b9ad643a-7d68-43ab-819e-b11e2d83fbba name=User_35_64
2025/11/08 14:46:51 INFO session created token=c8c477e3-fbac-4b80-9152-2ccdfbfe6c6d name=User_3_92
2025/11/08 14:46:51 INFO session updated token=b9ad643a-7d68-43ab-819e-b11e2d83fbba tableID=0xc000419880 seatIndex=0xc00041b620
2025/11/08 14:46:51 INFO session removed token=b9ad643a-7d68-43ab-819e-b11e2d83fbba
2025/11/08 14:46:51 INFO session updated token=712ca851-fecc-4ff9-bcc0-ef69b406972a tableID=0xc0004aea70 seatIndex=0xc0004acb10
2025/11/08 14:46:51 INFO session updated token=81cd54ba-e781-4e46-973f-21e37378ad38 tableID=0xc000347d00 seatIndex=0xc000349c70
2025/11/08 14:46:51 INFO session created token=46f859ec-108a-4e1b-99bc-eb63cc47380e name=User_74_93
2025/11/08 14:46:51 INFO session updated token=46f859ec-108a-4e1b-99bc-eb63cc47380e tableID=0xc000419900 seatIndex=0xc00041b6a0
2025/11/08 14:46:51 INFO session removed token=46f859ec-108a-4e1b-99bc-eb63cc47380e
2025/11/08 14:46:51 INFO session created token=86e28bcc-0517-4f13-a67d-d0c7e05c174f name=User_74_94
2025/11/08 14:46:51 INFO session updated token=86e28bcc-0517-4f13-a67d-d0c7e05c174f tableID=0xc000419950 seatIndex=0xc00041b6f0
2025/11/08 14:46:51 INFO session removed token=86e28bcc-0517-4f13-a67d-d0c7e05c174f
2025/11/08 14:46:51 INFO session created token=1bfea622-4943-42c8-8052-1d0d3cf82b9c name=User_74_95
2025/11/08 14:46:51 INFO session updated token=1bfea622-4943-42c8-8052-1d0d3cf82b9c tableID=0xc0004199a0 seatIndex=0xc00041b740
2025/11/08 14:46:51 INFO session removed token=1bfea622-4943-42c8-8052-1d0d3cf82b9c
2025/11/08 14:46:51 INFO session created token=46c7ab81-e38a-4f91-8738-6c97dc60960f name=User_74_96
2025/11/08 14:46:51 INFO session removed token=712ca851-fecc-4ff9-bcc0-ef69b406972a
2025/11/08 14:46:51 INFO session removed token=81cd54ba-e781-4e46-973f-21e37378ad38
2025/11/08 14:46:51 INFO session created token=41cfccf4-bafd-4a5d-b4d8-f57f463907a9 name=User_35_65
2025/11/08 14:46:51 INFO session created token=2e5d1d8d-141a-4968-9ace-dd6e17ab462d name=User_19_96
2025/11/08 14:46:51 INFO session updated token=41cfccf4-bafd-4a5d-b4d8-f57f463907a9 tableID=0xc000347dd0 seatIndex=0xc000349d10
2025/11/08 14:46:51 INFO session removed token=41cfccf4-bafd-4a5d-b4d8-f57f463907a9
2025/11/08 14:46:51 INFO session created token=0e376702-3ca4-49c0-8d04-2aa5a4cc7d0c name=User_35_66
2025/11/08 14:46:51 INFO session updated token=0e376702-3ca4-49c0-8d04-2aa5a4cc7d0c tableID=0xc000347e30 seatIndex=0xc000349d70
2025/11/08 14:46:51 INFO session removed token=0e376702-3ca4-49c0-8d04-2aa5a4cc7d0c
2025/11/08 14:46:51 INFO session created token=86648f2f-3f8d-462e-b5a3-84b5aa8f6082 name=User_35_67
2025/11/08 14:46:51 INFO session updated token=86648f2f-3f8d-462e-b5a3-84b5aa8f6082 tableID=0xc000347e80 seatIndex=0xc000349dc0
2025/11/08 14:46:51 INFO session removed token=86648f2f-3f8d-462e-b5a3-84b5aa8f6082
2025/11/08 14:46:51 INFO session created token=f4252bc2-c177-4a84-80bb-d0eb3f149fb6 name=User_35_68
2025/11/08 14:46:51 INFO session updated token=f4252bc2-c177-4a84-80bb-d0eb3f149fb6 tableID=0xc000347ed0 seatIndex=0xc000349e10
2025/11/08 14:46:51 INFO session removed token=f4252bc2-c177-4a84-80bb-d0eb3f149fb6
2025/11/08 14:46:51 INFO session created token=86b96b1d-dfbf-4c5c-9da1-57a5acece84d name=User_35_69
2025/11/08 14:46:51 INFO session updated token=86b96b1d-dfbf-4c5c-9da1-57a5acece84d tableID=0xc000347f20 seatIndex=0xc000349e60
2025/11/08 14:46:51 INFO session removed token=86b96b1d-dfbf-4c5c-9da1-57a5acece84d
2025/11/08 14:46:51 INFO session updated token=fec06906-c107-425c-a22d-b54ea518142c tableID=0xc0005b9150 seatIndex=0xc0005bab70
2025/11/08 14:46:51 INFO session removed token=fec06906-c107-425c-a22d-b54ea518142c
2025/11/08 14:46:51 INFO session updated token=2e5d1d8d-141a-4968-9ace-dd6e17ab462d tableID=0xc000347df0 seatIndex=0xc000349d40
2025/11/08 14:46:51 INFO session removed token=2e5d1d8d-141a-4968-9ace-dd6e17ab462d
2025/11/08 14:46:51 INFO session created token=6295fe95-c543-46fe-b1a4-a3e66f5c8faf name=User_19_97
2025/11/08 14:46:51 INFO session updated token=6295fe95-c543-46fe-b1a4-a3e66f5c8faf tableID=0xc0004af5d0 seatIndex=0xc0004ad6d0
2025/11/08 14:46:51 INFO session removed token=6295fe95-c543-46fe-b1a4-a3e66f5c8faf
2025/11/08 14:46:51 INFO session created token=476d8176-f26b-4eb3-bbd4-8deec13ba81d name=User_19_98
2025/11/08 14:46:51 INFO session updated token=476d8176-f26b-4eb3-bbd4-8deec13ba81d tableID=0xc0004af620 seatIndex=0xc0004ad720
2025/11/08 14:46:51 INFO session removed token=476d8176-f26b-4eb3-bbd4-8deec13ba81d
2025/11/08 14:46:51 INFO session created token=5222e7b8-d980-4091-9238-aa566508eac5 name=User_19_99
2025/11/08 14:46:51 INFO session updated token=5222e7b8-d980-4091-9238-aa566508eac5 tableID=0xc0004af670 seatIndex=0xc0004ad770
2025/11/08 14:46:51 INFO session removed token=5222e7b8-d980-4091-9238-aa566508eac5
2025/11/08 14:46:51 INFO session created token=c8498579-6ef3-4df8-9c43-c762c5a0a01e name=User_63_71
2025/11/08 14:46:51 INFO session updated token=c8498579-6ef3-4df8-9c43-c762c5a0a01e tableID=0xc0004af6c0 seatIndex=0xc0004ad7a0
2025/11/08 14:46:51 INFO session removed token=c8498579-6ef3-4df8-9c43-c762c5a0a01e
2025/11/08 14:46:51 INFO session created token=df488f1b-0b93-4ac3-a545-8ab9779a42aa name=User_63_72
2025/11/08 14:46:51 INFO session updated token=df488f1b-0b93-4ac3-a545-8ab9779a42aa tableID=0xc0004af710 seatIndex=0xc0004ad7f0
2025/11/08 14:46:51 INFO session removed token=df488f1b-0b93-4ac3-a545-8ab9779a42aa
2025/11/08 14:46:51 INFO session created token=476df53f-cb7a-4bb6-a6bf-f40d52f63947 name=User_63_73
2025/11/08 14:46:51 INFO session created token=f023b482-85da-4819-97f7-931573625b92 name=User_44_83
2025/11/08 14:46:51 INFO session updated token=476df53f-cb7a-4bb6-a6bf-f40d52f63947 tableID=0xc0004af760 seatIndex=0xc0004ad840
2025/11/08 14:46:51 INFO session removed token=476df53f-cb7a-4bb6-a6bf-f40d52f63947
2025/11/08 14:46:51 INFO session created token=e4b0cded-f778-4598-82b4-d14b7ee300d4 name=User_63_74
2025/11/08 14:46:51 INFO session updated token=e4b0cded-f778-4598-82b4-d14b7ee300d4 tableID=0xc0004af7c0 seatIndex=0xc0004ad8a0
2025/11/08 14:46:51 INFO session removed token=e4b0cded-f778-4598-82b4-d14b7ee300d4
2025/11/08 14:46:51 INFO session created token=24bf4759-e733-4fe0-840e-1f76f6327fd2 name=User_63_75
2025/11/08 14:46:51 INFO session updated token=24bf4759-e733-4fe0-840e-1f76f6327fd2 tableID=0xc0004af810 seatIndex=0xc0004ad8f0
2025/11/08 14:46:51 INFO session removed token=24bf4759-e733-4fe0-840e-1f76f6327fd2
2025/11/08 14:46:51 INFO session created token=c7bc1905-3a5f-4ee4-94fa-155537bb8a86 name=User_63_76
2025/11/08 14:46:51 INFO session updated token=c7bc1905-3a5f-4ee4-94fa-155537bb8a86 tableID=0xc0004af860 seatIndex=0xc0004ad940
2025/11/08 14:46:51 INFO session removed token=c7bc1905-3a5f-4ee4-94fa-155537bb8a86
2025/11/08 14:46:51 INFO session created token=bdd127bb-bd84-43f2-a5b5-8b31207bddb0 name=User_63_77
2025/11/08 14:46:51 INFO session updated token=bdd127bb-bd84-43f2-a5b5-8b31207bddb0 tableID=0xc0004af8b0 seatIndex=0xc0004ad990
2025/11/08 14:46:51 INFO session removed token=bdd127bb-bd84-43f2-a5b5-8b31207bddb0
2025/11/08 14:46:51 INFO session created token=4c6984b5-ee33-42bd-88ed-ea3a701be781 name=User_63_78
2025/11/08 14:46:51 INFO session updated token=4c6984b5-ee33-42bd-88ed-ea3a701be781 tableID=0xc0004af900 seatIndex=0xc0004ad9e0
2025/11/08 14:46:51 INFO session removed token=4c6984b5-ee33-42bd-88ed-ea3a701be781
2025/11/08 14:46:51 INFO session created token=34f9714a-b9f9-4ee2-9d16-22d47f7fac39 name=User_63_79
2025/11/08 14:46:51 INFO session updated token=34f9714a-b9f9-4ee2-9d16-22d47f7fac39 tableID=0xc0004af950 seatIndex=0xc0004ada30
2025/11/08 14:46:51 INFO session removed token=34f9714a-b9f9-4ee2-9d16-22d47f7fac39
2025/11/08 14:46:51 INFO session updated token=3e8b7622-b08d-41a6-b78a-90e398634102 tableID=0xc000419540 seatIndex=0xc00041b300
2025/11/08 14:46:51 INFO session removed token=3e8b7622-b08d-41a6-b78a-90e398634102
2025/11/08 14:46:51 INFO session created token=ad1a404d-bbef-4b16-8c1b-161f5a715ffd name=User_77_56
2025/11/08 14:46:51 INFO session updated token=ad1a404d-bbef-4b16-8c1b-161f5a715ffd tableID=0xc00036e010 seatIndex=0xc000349ef0
2025/11/08 14:46:51 INFO session removed token=ad1a404d-bbef-4b16-8c1b-161f5a715ffd
2025/11/08 14:46:51 INFO session created token=71a47fc2-561b-49bf-8146-60502f1e9415 name=User_77_57
2025/11/08 14:46:51 INFO session updated token=71a47fc2-561b-49bf-8146-60502f1e9415 tableID=0xc00036e060 seatIndex=0xc000349f40
2025/11/08 14:46:51 INFO session removed token=71a47fc2-561b-49bf-8146-60502f1e9415
2025/11/08 14:46:51 INFO session created token=8f05a9a7-906c-44e8-8b52-25e3adb9dbb1 name=User_77_58
2025/11/08 14:46:51 INFO session updated token=8f05a9a7-906c-44e8-8b52-25e3adb9dbb1 tableID=0xc00036e0b0 seatIndex=0xc000349f90
2025/11/08 14:46:51 INFO session removed token=8f05a9a7-906c-44e8-8b52-25e3adb9dbb1
2025/11/08 14:46:51 INFO session created token=65031caf-ebc5-46fb-af59-ea8a6b64079b name=User_77_59
2025/11/08 14:46:51 INFO session updated token=65031caf-ebc5-46fb-af59-ea8a6b64079b tableID=0xc00036e100 seatIndex=0xc000349fe0
2025/11/08 14:46:51 INFO session removed token=65031caf-ebc5-46fb-af59-ea8a6b64079b
2025/11/08 14:46:51 INFO session created token=08a41ef1-2649-480a-868e-8861d01ec370 name=User_77_60
2025/11/08 14:46:51 INFO session updated token=08a41ef1-2649-480a-868e-8861d01ec370 tableID=0xc00036e150 seatIndex=0xc000370030
2025/11/08 14:46:51 INFO session removed token=08a41ef1-2649-480a-868e-8861d01ec370
2025/11/08 14:46:51 INFO session updated token=ece8cdb6-fc20-48c5-b2a4-9f0a2bd8f7fe tableID=0xc000419550 seatIndex=0xc00041b310
2025/11/08 14:46:51 INFO session removed token=ece8cdb6-fc20-48c5-b2a4-9f0a2bd8f7fe
2025/11/08 14:46:51 INFO session created token=c0c6c4b5-a3e3-4cfc-ae26-2f0238d6b0c2 name=User_51_52
2025/11/08 14:46:51 INFO session updated token=c0c6c4b5-a3e3-4cfc-ae26-2f0238d6b0c2 tableID=0xc0004af9c0 seatIndex=0xc0004adac0
2025/11/08 14:46:51 INFO session removed token=c0c6c4b5-a3e3-4cfc-ae26-2f0238d6b0c2
2025/11/08 14:46:51 INFO session created token=48a16b2a-55e8-4ed3-93f4-39ce9abc5a31 name=User_51_53
2025/11/08 14:46:51 INFO session updated token=48a16b2a-55e8-4ed3-93f4-39ce9abc5a31 tableID=0xc0004afa10 seatIndex=0xc0004adb10
2025/11/08 14:46:51 INFO session removed token=48a16b2a-55e8-4ed3-93f4-39ce9abc5a31
2025/11/08 14:46:51 INFO session created token=44d65392-3dce-4158-806b-eed22cc0648e name=User_51_54
2025/11/08 14:46:51 INFO session updated token=44d65392-3dce-4158-806b-eed22cc0648e tableID=0xc0004afa60 seatIndex=0xc0004adb60
2025/11/08 14:46:51 INFO session removed token=44d65392-3dce-4158-806b-eed22cc0648e
2025/11/08 14:46:51 INFO session created token=9ad06e48-534a-46db-a52a-ad847f1e8438 name=User_51_55
2025/11/08 14:46:51 INFO session updated token=9ad06e48-534a-46db-a52a-ad847f1e8438 tableID=0xc0004afab0 seatIndex=0xc0004adbb0
2025/11/08 14:46:51 INFO session removed token=9ad06e48-534a-46db-a52a-ad847f1e8438
2025/11/08 14:46:51 INFO session created token=b5de03f4-026d-4523-856b-05ab60800031 name=User_51_56
2025/11/08 14:46:51 INFO session updated token=b5de03f4-026d-4523-856b-05ab60800031 tableID=0xc0004afb00 seatIndex=0xc0004adc00
2025/11/08 14:46:51 INFO session removed token=b5de03f4-026d-4523-856b-05ab60800031
2025/11/08 14:46:51 INFO session created token=40f98986-a0f7-4a36-8cf2-f806b80da74f name=User_51_57
2025/11/08 14:46:51 INFO session updated token=40f98986-a0f7-4a36-8cf2-f806b80da74f tableID=0xc0004afb50 seatIndex=0xc0004adc50
2025/11/08 14:46:51 INFO session removed token=40f98986-a0f7-4a36-8cf2-f806b80da74f
2025/11/08 14:46:51 INFO session created token=106b2b4f-407d-4e63-b807-7a9043bf59fe name=User_51_58
2025/11/08 14:46:51 INFO session updated token=106b2b4f-407d-4e63-b807-7a9043bf59fe tableID=0xc0004afba0 seatIndex=0xc0004adca0
2025/11/08 14:46:51 INFO session removed token=106b2b4f-407d-4e63-b807-7a9043bf59fe
2025/11/08 14:46:51 INFO session created token=79125d5a-c7c3-4109-8527-db444a4a7067 name=User_86_78
2025/11/08 14:46:51 INFO session updated token=58c0a578-75da-49ce-8dee-d9e60002d5c1 tableID=0xc0004af400 seatIndex=0xc0004ad4f0
2025/11/08 14:46:51 INFO session removed token=58c0a578-75da-49ce-8dee-d9e60002d5c1
2025/11/08 14:46:51 INFO session created token=b3f63d73-d79e-4006-9793-4e416847bfb7 name=User_54_88
2025/11/08 14:46:51 INFO session updated token=b3f63d73-d79e-4006-9793-4e416847bfb7 tableID=0xc00036e1f0 seatIndex=0xc0003700d0
2025/11/08 14:46:51 INFO session removed token=b3f63d73-d79e-4006-9793-4e416847bfb7
2025/11/08 14:46:51 INFO session created token=8755e2aa-4192-40ed-87c8-73726526f378 name=User_54_89
2025/11/08 14:46:51 INFO session updated token=8755e2aa-4192-40ed-87c8-73726526f378 tableID=0xc00036e240 seatIndex=0xc000370120
2025/11/08 14:46:51 INFO session removed token=8755e2aa-4192-40ed-87c8-73726526f378
2025/11/08 14:46:51 INFO session created token=b8da21f1-957c-4026-bad4-14a770c0d770 name=User_54_90
2025/11/08 14:46:51 INFO session updated token=b8da21f1-957c-4026-bad4-14a770c0d770 tableID=0xc00036e290 seatIndex=0xc000370170
2025/11/08 14:46:51 INFO session removed token=b8da21f1-957c-4026-bad4-14a770c0d770
2025/11/08 14:46:51 INFO session created token=f20f177e-8c31-4c85-a0c2-8297747d9825 name=User_54_91
2025/11/08 14:46:51 INFO session updated token=f20f177e-8c31-4c85-a0c2-8297747d9825 tableID=0xc00036e2e0 seatIndex=0xc0003701c0
2025/11/08 14:46:51 INFO session removed token=f20f177e-8c31-4c85-a0c2-8297747d9825
2025/11/08 14:46:51 INFO session created token=543c02fa-083f-4ea6-9b7c-36801b2b9cee name=User_54_92
2025/11/08 14:46:51 INFO session updated token=543c02fa-083f-4ea6-9b7c-36801b2b9cee tableID=0xc00036e330 seatIndex=0xc000370210
2025/11/08 14:46:51 INFO session removed token=543c02fa-083f-4ea6-9b7c-36801b2b9cee
2025/11/08 14:46:51 INFO session created token=fb504cbb-568d-4f2b-a714-2ed9c69e35dd name=User_54_93
2025/11/08 14:46:51 INFO session updated token=fb504cbb-568d-4f2b-a714-2ed9c69e35dd tableID=0xc00036e380 seatIndex=0xc000370260
2025/11/08 14:46:51 INFO session removed token=fb504cbb-568d-4f2b-a714-2ed9c69e35dd
2025/11/08 14:46:51 INFO session created token=08b44527-3da9-49b4-91fe-0853f25fbd3d name=User_54_94
2025/11/08 14:46:51 INFO session updated token=08b44527-3da9-49b4-91fe-0853f25fbd3d tableID=0xc00036e3d0 seatIndex=0xc0003702b0
2025/11/08 14:46:51 INFO session removed token=08b44527-3da9-49b4-91fe-0853f25fbd3d
2025/11/08 14:46:51 INFO session created token=a6108918-ca32-48a2-a1f1-6562005080ec name=User_54_95
2025/11/08 14:46:51 INFO session updated token=a6108918-ca32-48a2-a1f1-6562005080ec tableID=0xc00036e420 seatIndex=0xc000370300
2025/11/08 14:46:51 INFO session removed token=a6108918-ca32-48a2-a1f1-6562005080ec
2025/11/08 14:46:51 INFO session created token=8e469136-f989-4f2b-9571-06a995b09d3e name=User_54_96
2025/11/08 14:46:51 INFO session updated token=8e469136-f989-4f2b-9571-06a995b09d3e tableID=0xc00036e470 seatIndex=0xc000370350
2025/11/08 14:46:51 INFO session removed token=8e469136-f989-4f2b-9571-06a995b09d3e
2025/11/08 14:46:51 INFO session created token=88802486-56a6-47e1-a8f5-9efacd4e185c name=User_54_97
2025/11/08 14:46:51 INFO session created token=53ceef58-45c3-427e-87ed-a4df01ee20b6 name=User_9_80
2025/11/08 14:46:51 INFO session updated token=472c8f63-cd4d-4cf8-bdca-445bc5beeb1d tableID=0xc0004aea50 seatIndex=0xc0004acae0
2025/11/08 14:46:51 INFO session removed token=472c8f63-cd4d-4cf8-bdca-445bc5beeb1d
2025/11/08 14:46:51 INFO session created token=04cf7c70-374e-4da9-8093-529ff1abfd0a name=User_79_96
2025/11/08 14:46:51 INFO session updated token=04cf7c70-374e-4da9-8093-529ff1abfd0a tableID=0xc000419a70 seatIndex=0xc00041b7f0
2025/11/08 14:46:51 INFO session removed token=04cf7c70-374e-4da9-8093-529ff1abfd0a
2025/11/08 14:46:51 INFO session created token=32516be9-0e97-433e-8ab8-60f3ce0161d3 name=User_79_97
2025/11/08 14:46:51 INFO session updated token=32516be9-0e97-433e-8ab8-60f3ce0161d3 tableID=0xc000419ac0 seatIndex=0xc00041b840
2025/11/08 14:46:51 INFO session removed token=32516be9-0e97-433e-8ab8-60f3ce0161d3
2025/11/08 14:46:51 INFO session created token=6dd359ea-f36a-41f4-93b4-5e1f2d2c2269 name=User_79_98
2025/11/08 14:46:51 INFO session updated token=6dd359ea-f36a-41f4-93b4-5e1f2d2c2269 tableID=0xc000419b10 seatIndex=0xc00041b890
2025/11/08 14:46:51 INFO session removed token=6dd359ea-f36a-41f4-93b4-5e1f2d2c2269
2025/11/08 14:46:51 INFO session created token=f1b57c17-d5ff-41c1-a494-2408a9985944 name=User_79_99
2025/11/08 14:46:51 INFO session updated token=f1b57c17-d5ff-41c1-a494-2408a9985944 tableID=0xc000419b60 seatIndex=0xc00041b8e0
2025/11/08 14:46:51 INFO session removed token=f1b57c17-d5ff-41c1-a494-2408a9985944
2025/11/08 14:46:51 INFO session updated token=c8c477e3-fbac-4b80-9152-2ccdfbfe6c6d tableID=0xc0004198a0 seatIndex=0xc00041b650
2025/11/08 14:46:51 INFO session removed token=c8c477e3-fbac-4b80-9152-2ccdfbfe6c6d
2025/11/08 14:46:51 INFO session created token=c504944f-17e7-4a22-a037-4baac7203f58 name=User_3_93
2025/11/08 14:46:51 INFO session updated token=c504944f-17e7-4a22-a037-4baac7203f58 tableID=0xc000419bd0 seatIndex=0xc00041b950
2025/11/08 14:46:51 INFO session removed token=c504944f-17e7-4a22-a037-4baac7203f58
2025/11/08 14:46:51 INFO session created token=cd645b83-e81f-4bd5-8bc9-e080b9487cf4 name=User_3_94
2025/11/08 14:46:51 INFO session updated token=cd645b83-e81f-4bd5-8bc9-e080b9487cf4 tableID=0xc000419c20 seatIndex=0xc00041b9a0
2025/11/08 14:46:51 INFO session removed token=cd645b83-e81f-4bd5-8bc9-e080b9487cf4
2025/11/08 14:46:51 INFO session created token=f8cea973-9952-48b5-a173-278af7318616 name=User_3_95
2025/11/08 14:46:51 INFO session updated token=f8cea973-9952-48b5-a173-278af7318616 tableID=0xc000419c70 seatIndex=0xc00041b9f0
2025/11/08 14:46:51 INFO session removed token=f8cea973-9952-48b5-a173-278af7318616
2025/11/08 14:46:51 INFO session created token=cfa721c4-030b-4644-b00b-b3caea9ef56e name=User_3_96
2025/11/08 14:46:51 INFO session updated token=cfa721c4-030b-4644-b00b-b3caea9ef56e tableID=0xc000419cc0 seatIndex=0xc00041ba40
2025/11/08 14:46:51 INFO session removed token=cfa721c4-030b-4644-b00b-b3caea9ef56e
2025/11/08 14:46:51 INFO session created token=83f826e2-1390-4165-98b0-90bc5b5cac55 name=User_3_97
2025/11/08 14:46:51 INFO session updated token=83f826e2-1390-4165-98b0-90bc5b5cac55 tableID=0xc000419d10 seatIndex=0xc00041ba90
2025/11/08 14:46:51 INFO session removed token=83f826e2-1390-4165-98b0-90bc5b5cac55
2025/11/08 14:46:51 INFO session created token=99a87eb0-d6a0-46f0-bccc-36e0b5b1f5cc name=User_3_98
2025/11/08 14:46:51 INFO session updated token=99a87eb0-d6a0-46f0-bccc-36e0b5b1f5cc tableID=0xc000419d60 seatIndex=0xc00041bae0
2025/11/08 14:46:51 INFO session removed token=99a87eb0-d6a0-46f0-bccc-36e0b5b1f5cc
2025/11/08 14:46:51 INFO session created token=367e11be-9afc-441e-ad47-3a21e5aa49ff name=User_3_99
2025/11/08 14:46:51 INFO session updated token=367e11be-9afc-441e-ad47-3a21e5aa49ff tableID=0xc000419db0 seatIndex=0xc00041bb30
2025/11/08 14:46:51 INFO session removed token=367e11be-9afc-441e-ad47-3a21e5aa49ff
2025/11/08 14:46:51 INFO session created token=c256d595-9128-49a2-a7de-1546031b92b9 name=User_75_66
2025/11/08 14:46:51 INFO session updated token=c256d595-9128-49a2-a7de-1546031b92b9 tableID=0xc000419e00 seatIndex=0xc00041bb60
2025/11/08 14:46:51 INFO session removed token=c256d595-9128-49a2-a7de-1546031b92b9
2025/11/08 14:46:51 INFO session created token=887d9856-534d-464c-bdad-2d72671b72a3 name=User_75_67
2025/11/08 14:46:51 INFO session updated token=887d9856-534d-464c-bdad-2d72671b72a3 tableID=0xc000419e50 seatIndex=0xc00041bbb0
2025/11/08 14:46:51 INFO session removed token=887d9856-534d-464c-bdad-2d72671b72a3
2025/11/08 14:46:51 INFO session created token=32b26ceb-4e98-4542-b058-11a1a00bfcd1 name=User_75_68
2025/11/08 14:46:51 INFO session updated token=32b26ceb-4e98-4542-b058-11a1a00bfcd1 tableID=0xc000419ea0 seatIndex=0xc00041bc00
2025/11/08 14:46:51 INFO session removed token=32b26ceb-4e98-4542-b058-11a1a00bfcd1
2025/11/08 14:46:51 INFO session created token=f9f16c31-9577-402f-b19a-cdf046b5d561 name=User_75_69
2025/11/08 14:46:51 INFO session updated token=f9f16c31-9577-402f-b19a-cdf046b5d561 tableID=0xc000419ef0 seatIndex=0xc00041bc50
2025/11/08 14:46:51 INFO session removed token=f9f16c31-9577-402f-b19a-cdf046b5d561
2025/11/08 14:46:51 INFO session created token=d909f399-047c-4faa-a696-daaefbd7a438 name=User_75_70
2025/11/08 14:46:51 INFO session updated token=d909f399-047c-4faa-a696-daaefbd7a438 tableID=0xc000419f40 seatIndex=0xc00041bca0
2025/11/08 14:46:51 INFO session removed token=d909f399-047c-4faa-a696-daaefbd7a438
2025/11/08 14:46:51 INFO session created token=4e8154b0-35d7-42f2-b7e4-a2f5657a9044 name=User_75_71
2025/11/08 14:46:51 INFO session updated token=4e8154b0-35d7-42f2-b7e4-a2f5657a9044 tableID=0xc00042a010 seatIndex=0xc00041bcf0
2025/11/08 14:46:51 INFO session removed token=4e8154b0-35d7-42f2-b7e4-a2f5657a9044
2025/11/08 14:46:51 INFO session created token=9d0fa547-bdd4-428e-a7c0-20c8d378fe13 name=User_75_72
2025/11/08 14:46:51 INFO session updated token=9d0fa547-bdd4-428e-a7c0-20c8d378fe13 tableID=0xc00042a060 seatIndex=0xc00041bd40
2025/11/08 14:46:51 INFO session removed token=9d0fa547-bdd4-428e-a7c0-20c8d378fe13
2025/11/08 14:46:51 INFO session created token=735f5936-13d8-452e-b0e9-ed077593e501 name=User_75_73
2025/11/08 14:46:51 INFO session updated token=735f5936-13d8-452e-b0e9-ed077593e501 tableID=0xc00042a0b0 seatIndex=0xc00041bd90
2025/11/08 14:46:51 INFO session removed token=735f5936-13d8-452e-b0e9-ed077593e501
2025/11/08 14:46:51 INFO session created token=2d04386c-0d35-496b-9973-8031a98be43a name=User_75_74
2025/11/08 14:46:51 INFO session updated token=2d04386c-0d35-496b-9973-8031a98be43a tableID=0xc00042a100 seatIndex=0xc00041bde0
2025/11/08 14:46:51 INFO session removed token=2d04386c-0d35-496b-9973-8031a98be43a
2025/11/08 14:46:51 INFO session created token=8b62accf-b142-4465-826f-db17c4caf3ef name=User_75_75
2025/11/08 14:46:51 INFO session updated token=8b62accf-b142-4465-826f-db17c4caf3ef tableID=0xc00042a150 seatIndex=0xc00041be30
2025/11/08 14:46:51 INFO session removed token=8b62accf-b142-4465-826f-db17c4caf3ef
2025/11/08 14:46:51 INFO session created token=f3f76ac1-176f-49d0-aadd-67c9a039b406 name=User_75_76
2025/11/08 14:46:51 INFO session updated token=f3f76ac1-176f-49d0-aadd-67c9a039b406 tableID=0xc00042a1a0 seatIndex=0xc00041be80
2025/11/08 14:46:51 INFO session removed token=f3f76ac1-176f-49d0-aadd-67c9a039b406
2025/11/08 14:46:51 INFO session created token=c2641843-a40d-4cde-8128-e3ecbb0e9dd0 name=User_75_77
2025/11/08 14:46:51 INFO session updated token=c2641843-a40d-4cde-8128-e3ecbb0e9dd0 tableID=0xc00042a1f0 seatIndex=0xc00041bed0
2025/11/08 14:46:51 INFO session removed token=c2641843-a40d-4cde-8128-e3ecbb0e9dd0
2025/11/08 14:46:51 INFO session created token=2be85fe2-d3bc-4171-81c4-16fdc4d0aa89 name=User_75_78
2025/11/08 14:46:51 INFO session updated token=2be85fe2-d3bc-4171-81c4-16fdc4d0aa89 tableID=0xc00042a240 seatIndex=0xc00041bf20
2025/11/08 14:46:51 INFO session removed token=2be85fe2-d3bc-4171-81c4-16fdc4d0aa89
2025/11/08 14:46:51 INFO session created token=07ae9624-2448-426c-b842-9eeb0144ea52 name=User_75_79
2025/11/08 14:46:51 INFO session updated token=07ae9624-2448-426c-b842-9eeb0144ea52 tableID=0xc00042a290 seatIndex=0xc00041bf70
2025/11/08 14:46:51 INFO session removed token=07ae9624-2448-426c-b842-9eeb0144ea52
2025/11/08 14:46:51 INFO session created token=83e14d86-b619-42d6-aaa9-18ce60fa62c4 name=User_75_80
2025/11/08 14:46:51 INFO session updated token=83e14d86-b619-42d6-aaa9-18ce60fa62c4 tableID=0xc00042a2e0 seatIndex=0xc00041bfc0
2025/11/08 14:46:51 INFO session removed token=83e14d86-b619-42d6-aaa9-18ce60fa62c4
2025/11/08 14:46:51 INFO session updated token=46c7ab81-e38a-4f91-8738-6c97dc60960f tableID=0xc0004af550 seatIndex=0xc0004ad660
2025/11/08 14:46:51 INFO session removed token=46c7ab81-e38a-4f91-8738-6c97dc60960f
2025/11/08 14:46:51 INFO session created token=3b740d64-8f20-46c4-855c-0f8708c6b37e name=User_74_97
2025/11/08 14:46:51 INFO session updated token=3b740d64-8f20-46c4-855c-0f8708c6b37e tableID=0xc00036e500 seatIndex=0xc0003703e0
2025/11/08 14:46:51 INFO session removed token=3b740d64-8f20-46c4-855c-0f8708c6b37e
2025/11/08 14:46:51 INFO session created token=ea62f605-8b62-4b1c-bff9-9c2fa356ddf5 name=User_74_98
2025/11/08 14:46:51 INFO session updated token=ea62f605-8b62-4b1c-bff9-9c2fa356ddf5 tableID=0xc00036e550 seatIndex=0xc000370430
2025/11/08 14:46:51 INFO session removed token=ea62f605-8b62-4b1c-bff9-9c2fa356ddf5
2025/11/08 14:46:51 INFO session created token=2074ca30-0245-4f72-8d2d-645edee21513 name=User_74_99
2025/11/08 14:46:51 INFO session updated token=2074ca30-0245-4f72-8d2d-645edee21513 tableID=0xc00036e5a0 seatIndex=0xc000370480
2025/11/08 14:46:51 INFO session removed token=2074ca30-0245-4f72-8d2d-645edee21513
2025/11/08 14:46:51 INFO session created token=e20c6d28-9620-417d-893d-5599f5cc4a73 name=User_35_70
2025/11/08 14:46:51 INFO session updated token=e20c6d28-9620-417d-893d-5599f5cc4a73 tableID=0xc00036e5f0 seatIndex=0xc0003704b0
2025/11/08 14:46:51 INFO session removed token=e20c6d28-9620-417d-893d-5599f5cc4a73
2025/11/08 14:46:51 INFO session created token=f3afcb2f-da5b-4b60-a9e9-e83a5ef4f9bc name=User_35_71
2025/11/08 14:46:51 INFO session updated token=f3afcb2f-da5b-4b60-a9e9-e83a5ef4f9bc tableID=0xc00036e640 seatIndex=0xc000370500
2025/11/08 14:46:51 INFO session removed token=f3afcb2f-da5b-4b60-a9e9-e83a5ef4f9bc
2025/11/08 14:46:51 INFO session created token=1bdfdc2c-c314-424b-b3dc-8594b2888a52 name=User_35_72
2025/11/08 14:46:51 INFO session updated token=1bdfdc2c-c314-424b-b3dc-8594b2888a52 tableID=0xc00036e690 seatIndex=0xc000370550
2025/11/08 14:46:51 INFO session removed token=1bdfdc2c-c314-424b-b3dc-8594b2888a52
2025/11/08 14:46:51 INFO session created token=8c3696c2-ff5b-4c29-9a4a-1181b7f36b35 name=User_35_73
2025/11/08 14:46:51 INFO session updated token=8c3696c2-ff5b-4c29-9a4a-1181b7f36b35 tableID=0xc00036e6e0 seatIndex=0xc0003705a0
2025/11/08 14:46:51 INFO session removed token=8c3696c2-ff5b-4c29-9a4a-1181b7f36b35
2025/11/08 14:46:51 INFO session created token=cd0ad90a-3e73-4463-8cc1-6e3d9fb2ba11 name=User_35_74
2025/11/08 14:46:51 INFO session updated token=cd0ad90a-3e73-4463-8cc1-6e3d9fb2ba11 tableID=0xc00036e730 seatIndex=0xc0003705f0
2025/11/08 14:46:51 INFO session removed token=cd0ad90a-3e73-4463-8cc1-6e3d9fb2ba11
2025/11/08 14:46:51 INFO session created token=62ed87b6-e820-4d88-91a0-f6e7770d1d5a name=User_35_75
2025/11/08 14:46:51 INFO session updated token=62ed87b6-e820-4d88-91a0-f6e7770d1d5a tableID=0xc00036e780 seatIndex=0xc000370640
2025/11/08 14:46:51 INFO session removed token=62ed87b6-e820-4d88-91a0-f6e7770d1d5a
2025/11/08 14:46:51 INFO session created token=aff017b5-2e9d-4eca-995f-f2cbc9de0fd2 name=User_35_76
2025/11/08 14:46:51 INFO session updated token=aff017b5-2e9d-4eca-995f-f2cbc9de0fd2 tableID=0xc00036e7d0 seatIndex=0xc000370690
2025/11/08 14:46:51 INFO session removed token=aff017b5-2e9d-4eca-995f-f2cbc9de0fd2
2025/11/08 14:46:51 INFO session created token=dd8287a0-2eb1-4d63-b04a-ffbc687d5afe name=User_35_77
2025/11/08 14:46:51 INFO session updated token=dd8287a0-2eb1-4d63-b04a-ffbc687d5afe tableID=0xc00036e820 seatIndex=0xc0003706e0
2025/11/08 14:46:51 INFO session removed token=dd8287a0-2eb1-4d63-b04a-ffbc687d5afe
2025/11/08 14:46:51 INFO session created token=fe128f7e-9e81-46b3-a972-83c826f14fd6 name=User_35_78
2025/11/08 14:46:51 INFO session created token=047bf1d8-b7bb-4571-ad76-8d2105d92de9 name=User_76_75
2025/11/08 14:46:51 INFO session updated token=fe128f7e-9e81-46b3-a972-83c826f14fd6 tableID=0xc00036e870 seatIndex=0xc000370730
2025/11/08 14:46:51 INFO session removed token=fe128f7e-9e81-46b3-a972-83c826f14fd6
2025/11/08 14:46:51 INFO session updated token=f023b482-85da-4819-97f7-931573625b92 tableID=0xc0004af780 seatIndex=0xc0004ad870
2025/11/08 14:46:51 INFO session removed token=f023b482-85da-4819-97f7-931573625b92
2025/11/08 14:46:51 INFO session created token=e9d34a1c-a7d6-4170-9e9c-b9d700653c47 name=User_44_84
2025/11/08 14:46:51 INFO session updated token=e9d34a1c-a7d6-4170-9e9c-b9d700653c47 tableID=0xc00042a370 seatIndex=0xc00042c050
2025/11/08 14:46:51 INFO session removed token=e9d34a1c-a7d6-4170-9e9c-b9d700653c47
2025/11/08 14:46:51 INFO session created token=2a210941-bd6f-4cea-aa30-606255312ae4 name=User_44_85
2025/11/08 14:46:51 INFO session updated token=2a210941-bd6f-4cea-aa30-606255312ae4 tableID=0xc00042a3c0 seatIndex=0xc00042c0a0
2025/11/08 14:46:51 INFO session removed token=2a210941-bd6f-4cea-aa30-606255312ae4
2025/11/08 14:46:51 INFO session created token=dc068940-f54f-416c-aced-927c8fa9b0b0 name=User_44_86
2025/11/08 14:46:51 INFO session updated token=dc068940-f54f-416c-aced-927c8fa9b0b0 tableID=0xc00042a410 seatIndex=0xc00042c0f0
2025/11/08 14:46:51 INFO session removed token=dc068940-f54f-416c-aced-927c8fa9b0b0
2025/11/08 14:46:51 INFO session created token=fb27607c-92c3-4f36-a695-243d740ba060 name=User_44_87
2025/11/08 14:46:51 INFO session created token=83053d14-d6aa-4fdb-98b7-cc0b33601c61 name=User_63_80
2025/11/08 14:46:51 INFO session updated token=fb27607c-92c3-4f36-a695-243d740ba060 tableID=0xc00042a460 seatIndex=0xc00042c140
2025/11/08 14:46:51 INFO session removed token=fb27607c-92c3-4f36-a695-243d740ba060
2025/11/08 14:46:51 INFO session created token=a74c8eb2-831a-4884-bfd3-05ec526db7f8 name=User_44_88
2025/11/08 14:46:51 INFO session updated token=a74c8eb2-831a-4884-bfd3-05ec526db7f8 tableID=0xc00042a4c0 seatIndex=0xc00042c1a0
2025/11/08 14:46:51 INFO session removed token=a74c8eb2-831a-4884-bfd3-05ec526db7f8
2025/11/08 14:46:51 INFO session created token=3aa1e610-8658-46ea-95ee-4392966ff215 name=User_44_89
2025/11/08 14:46:51 INFO session updated token=3aa1e610-8658-46ea-95ee-4392966ff215 tableID=0xc00042a510 seatIndex=0xc00042c1f0
2025/11/08 14:46:51 INFO session removed token=3aa1e610-8658-46ea-95ee-4392966ff215
2025/11/08 14:46:51 INFO session created token=ce8f0d3f-eba1-46b2-8329-23277c2eb71a name=User_44_90
2025/11/08 14:46:51 INFO session updated token=ce8f0d3f-eba1-46b2-8329-23277c2eb71a tableID=0xc00042a560 seatIndex=0xc00042c240
2025/11/08 14:46:51 INFO session removed token=ce8f0d3f-eba1-46b2-8329-23277c2eb71a
2025/11/08 14:46:51 INFO session created token=b908ac18-6117-45e6-86e8-a50d56b47062 name=User_44_91
2025/11/08 14:46:51 INFO session updated token=b908ac18-6117-45e6-86e8-a50d56b47062 tableID=0xc00042a5b0 seatIndex=0xc00042c290
2025/11/08 14:46:51 INFO session removed token=b908ac18-6117-45e6-86e8-a50d56b47062
2025/11/08 14:46:51 INFO session created token=854f5ca7-f45a-4d15-a204-6c0e41247e52 name=User_44_92
2025/11/08 14:46:51 INFO session updated token=854f5ca7-f45a-4d15-a204-6c0e41247e52 tableID=0xc00042a600 seatIndex=0xc00042c2e0
2025/11/08 14:46:51 INFO session removed token=854f5ca7-f45a-4d15-a204-6c0e41247e52
2025/11/08 14:46:51 INFO session created token=afb8537e-2821-4ffb-adff-cf30c9a5a391 name=User_44_93
2025/11/08 14:46:51 INFO session updated token=afb8537e-2821-4ffb-adff-cf30c9a5a391 tableID=0xc00042a650 seatIndex=0xc00042c330
2025/11/08 14:46:51 INFO session removed token=afb8537e-2821-4ffb-adff-cf30c9a5a391
2025/11/08 14:46:51 INFO session created token=92c5e7d3-7020-449a-8162-da4b8e3ef441 name=User_44_94
2025/11/08 14:46:51 INFO session created token=080b09bc-8531-4c00-8c49-8d2031d212cc name=User_77_61
2025/11/08 14:46:51 INFO session updated token=92c5e7d3-7020-449a-8162-da4b8e3ef441 tableID=0xc00042a6a0 seatIndex=0xc00042c380
2025/11/08 14:46:51 INFO session removed token=92c5e7d3-7020-449a-8162-da4b8e3ef441
2025/11/08 14:46:51 INFO session created token=9fe4c4ef-290b-44e0-bc4e-8ed30a88e011 name=User_44_95
2025/11/08 14:46:51 INFO session updated token=9fe4c4ef-290b-44e0-bc4e-8ed30a88e011 tableID=0xc00042a700 seatIndex=0xc00042c3e0
2025/11/08 14:46:51 INFO session removed token=9fe4c4ef-290b-44e0-bc4e-8ed30a88e011
2025/11/08 14:46:51 INFO session created token=3186b5c3-49a3-4abe-b21e-22d6f1e63762 name=User_44_96
2025/11/08 14:46:51 INFO session updated token=3186b5c3-49a3-4abe-b21e-22d6f1e63762 tableID=0xc00042a750 seatIndex=0xc00042c430
2025/11/08 14:46:51 INFO session removed token=3186b5c3-49a3-4abe-b21e-22d6f1e63762
2025/11/08 14:46:51 INFO session created token=304fb580-8074-46a8-b189-44a7264a7f33 name=User_44_97
2025/11/08 14:46:51 INFO session updated token=304fb580-8074-46a8-b189-44a7264a7f33 tableID=0xc00042a7a0 seatIndex=0xc00042c480
2025/11/08 14:46:51 INFO session removed token=304fb580-8074-46a8-b189-44a7264a7f33
2025/11/08 14:46:51 INFO session created token=45e0584e-ae61-4c59-af62-9406801079f8 name=User_44_98
2025/11/08 14:46:51 INFO session updated token=45e0584e-ae61-4c59-af62-9406801079f8 tableID=0xc00042a7f0 seatIndex=0xc00042c4d0
2025/11/08 14:46:51 INFO session removed token=45e0584e-ae61-4c59-af62-9406801079f8
2025/11/08 14:46:51 INFO session created token=07d99165-6709-40e1-bf65-af746ada6f12 name=User_44_99
2025/11/08 14:46:51 INFO session updated token=07d99165-6709-40e1-bf65-af746ada6f12 tableID=0xc00042a840 seatIndex=0xc00042c520
2025/11/08 14:46:51 INFO session removed token=07d99165-6709-40e1-bf65-af746ada6f12
2025/11/08 14:46:51 INFO session created token=088677d4-ead6-4f2b-a9dc-1572d09c7487 name=User_51_59
2025/11/08 14:46:51 INFO session updated token=79125d5a-c7c3-4109-8527-db444a4a7067 tableID=0xc00036e1b0 seatIndex=0xc0003700a0
2025/11/08 14:46:51 INFO session removed token=79125d5a-c7c3-4109-8527-db444a4a7067
2025/11/08 14:46:51 INFO session created token=2b62daf7-1fbc-4518-9899-8e9c3ce774aa name=User_86_79
2025/11/08 14:46:51 INFO session updated token=2b62daf7-1fbc-4518-9899-8e9c3ce774aa tableID=0xc00036e920 seatIndex=0xc0003707e0
2025/11/08 14:46:51 INFO session removed token=2b62daf7-1fbc-4518-9899-8e9c3ce774aa
2025/11/08 14:46:51 INFO session created token=5266d286-c547-4a42-80eb-e1ece8af4016 name=User_86_80
2025/11/08 14:46:51 INFO session updated token=5266d286-c547-4a42-80eb-e1ece8af4016 tableID=0xc00036e970 seatIndex=0xc000370830
2025/11/08 14:46:51 INFO session removed token=5266d286-c547-4a42-80eb-e1ece8af4016
2025/11/08 14:46:51 INFO session created token=8be3e589-6922-4f3c-8819-9a85a9d61dd9 name=User_86_81
2025/11/08 14:46:51 INFO session updated token=8be3e589-6922-4f3c-8819-9a85a9d61dd9 tableID=0xc00036e9c0 seatIndex=0xc000370880
2025/11/08 14:46:51 INFO session removed token=8be3e589-6922-4f3c-8819-9a85a9d61dd9
2025/11/08 14:46:51 INFO session updated token=88802486-56a6-47e1-a8f5-9efacd4e185c tableID=0xc000419a20 seatIndex=0xc00041b7b0
2025/11/08 14:46:51 INFO session removed token=88802486-56a6-47e1-a8f5-9efacd4e185c
2025/11/08 14:46:51 INFO session created token=f4b6fbb0-9a2a-4d0a-850c-d1cc4110b466 name=User_54_98
2025/11/08 14:46:51 INFO session updated token=f4b6fbb0-9a2a-4d0a-850c-d1cc4110b466 tableID=0xc0004afc30 seatIndex=0xc0004add30
2025/11/08 14:46:51 INFO session removed token=f4b6fbb0-9a2a-4d0a-850c-d1cc4110b466
2025/11/08 14:46:51 INFO session created token=ed88a9f3-1f76-41eb-b10d-95413b423691 name=User_54_99
2025/11/08 14:46:51 INFO session updated token=ed88a9f3-1f76-41eb-b10d-95413b423691 tableID=0xc0004afc80 seatIndex=0xc0004add80
2025/11/08 14:46:51 INFO session removed token=ed88a9f3-1f76-41eb-b10d-95413b423691
2025/11/08 14:46:51 INFO session updated token=53ceef58-45c3-427e-87ed-a4df01ee20b6 tableID=0xc000419a30 seatIndex=0xc00041b7c0
2025/11/08 14:46:51 INFO session removed token=53ceef58-45c3-427e-87ed-a4df01ee20b6
2025/11/08 14:46:51 INFO session created token=2393b50c-74a5-4270-9728-e411ca4b1807 name=User_9_81
2025/11/08 14:46:51 INFO session updated token=2393b50c-74a5-4270-9728-e411ca4b1807 tableID=0xc0004afcf0 seatIndex=0xc0004addf0
2025/11/08 14:46:51 INFO session removed token=2393b50c-74a5-4270-9728-e411ca4b1807
2025/11/08 14:46:51 INFO session created token=f4a4732a-1a12-4376-9b34-28e3797550fa name=User_9_82
2025/11/08 14:46:51 INFO session updated token=f4a4732a-1a12-4376-9b34-28e3797550fa tableID=0xc0004afd40 seatIndex=0xc0004ade40
2025/11/08 14:46:51 INFO session removed token=f4a4732a-1a12-4376-9b34-28e3797550fa
2025/11/08 14:46:51 INFO session created token=c6c35976-d9fa-4b1d-baeb-0fde44c9ee04 name=User_9_83
2025/11/08 14:46:51 INFO session updated token=c6c35976-d9fa-4b1d-baeb-0fde44c9ee04 tableID=0xc0004afd90 seatIndex=0xc0004ade90
2025/11/08 14:46:51 INFO session removed token=c6c35976-d9fa-4b1d-baeb-0fde44c9ee04
2025/11/08 14:46:51 INFO session created token=8afeca22-1e6a-4763-8ef0-dfb304c9ce84 name=User_9_84
2025/11/08 14:46:51 INFO session updated token=8afeca22-1e6a-4763-8ef0-dfb304c9ce84 tableID=0xc0004afde0 seatIndex=0xc0004adee0
2025/11/08 14:46:51 INFO session removed token=8afeca22-1e6a-4763-8ef0-dfb304c9ce84
2025/11/08 14:46:51 INFO session created token=8a390eab-b6e3-4ec9-912c-ebeffa73bc18 name=User_9_85
2025/11/08 14:46:51 INFO session updated token=8a390eab-b6e3-4ec9-912c-ebeffa73bc18 tableID=0xc0004afe30 seatIndex=0xc0004adf30
2025/11/08 14:46:51 INFO session removed token=8a390eab-b6e3-4ec9-912c-ebeffa73bc18
2025/11/08 14:46:51 INFO session created token=7f2aaaad-3238-49e3-beaf-a91469aeeedb name=User_9_86
2025/11/08 14:46:51 INFO session updated token=7f2aaaad-3238-49e3-beaf-a91469aeeedb tableID=0xc0004afe80 seatIndex=0xc0004adf80
2025/11/08 14:46:51 INFO session removed token=7f2aaaad-3238-49e3-beaf-a91469aeeedb
2025/11/08 14:46:51 INFO session created token=ef9f06c8-9991-488e-84cf-765cb58b1e58 name=User_9_87
2025/11/08 14:46:51 INFO session updated token=ef9f06c8-9991-488e-84cf-765cb58b1e58 tableID=0xc0004afed0 seatIndex=0xc0004adfd0
2025/11/08 14:46:51 INFO session removed token=ef9f06c8-9991-488e-84cf-765cb58b1e58
2025/11/08 14:46:51 INFO session created token=03b74d2f-ce51-48ce-8231-19a21e832801 name=User_9_88
2025/11/08 14:46:51 INFO session updated token=03b74d2f-ce51-48ce-8231-19a21e832801 tableID=0xc0004aff20 seatIndex=0xc0004ba020
2025/11/08 14:46:51 INFO session removed token=03b74d2f-ce51-48ce-8231-19a21e832801
2025/11/08 14:46:51 INFO session created token=8f3559ff-00f7-4cb0-9281-10c70cfc1f77 name=User_9_89
2025/11/08 14:46:51 INFO session created token=7e2ebca7-59d5-44ee-9bd7-22af997437bb name=User_75_81
2025/11/08 14:46:51 INFO session updated token=8f3559ff-00f7-4cb0-9281-10c70cfc1f77 tableID=0xc0004aff70 seatIndex=0xc0004ba070
2025/11/08 14:46:51 INFO session removed token=8f3559ff-00f7-4cb0-9281-10c70cfc1f77
2025/11/08 14:46:51 INFO session created token=d446b08e-266b-47ea-9d20-a6e55b83ff5c name=User_9_90
2025/11/08 14:46:51 INFO session updated token=d446b08e-266b-47ea-9d20-a6e55b83ff5c tableID=0xc0004c4050 seatIndex=0xc0004ba0d0
2025/11/08 14:46:51 INFO session removed token=d446b08e-266b-47ea-9d20-a6e55b83ff5c
2025/11/08 14:46:51 INFO session created token=369fd236-0786-4a31-8646-e80a9254b179 name=User_9_91
2025/11/08 14:46:51 INFO session updated token=369fd236-0786-4a31-8646-e80a9254b179 tableID=0xc0004c40a0 seatIndex=0xc0004ba120
2025/11/08 14:46:51 INFO session removed token=369fd236-0786-4a31-8646-e80a9254b179
2025/11/08 14:46:51 INFO session created token=f24cd3cb-3558-4900-a075-4bb5589234ca name=User_9_92
2025/11/08 14:46:51 INFO session updated token=f24cd3cb-3558-4900-a075-4bb5589234ca tableID=0xc0004c40f0 seatIndex=0xc0004ba170
2025/11/08 14:46:51 INFO session removed token=f24cd3cb-3558-4900-a075-4bb5589234ca
2025/11/08 14:46:51 INFO session created token=5f7bc794-d5d9-4eca-bf24-0210b01ec205 name=User_9_93
2025/11/08 14:46:51 INFO session updated token=5f7bc794-d5d9-4eca-bf24-0210b01ec205 tableID=0xc0004c4140 seatIndex=0xc0004ba1c0
2025/11/08 14:46:51 INFO session removed token=5f7bc794-d5d9-4eca-bf24-0210b01ec205
2025/11/08 14:46:51 INFO session created token=3f84e9af-888a-4334-8a83-933d47b309dc name=User_9_94
2025/11/08 14:46:51 INFO session updated token=3f84e9af-888a-4334-8a83-933d47b309dc tableID=0xc0004c4190 seatIndex=0xc0004ba210
2025/11/08 14:46:51 INFO session removed token=3f84e9af-888a-4334-8a83-933d47b309dc
2025/11/08 14:46:51 INFO session updated token=047bf1d8-b7bb-4571-ad76-8d2105d92de9 tableID=0xc00036e890 seatIndex=0xc000370760
2025/11/08 14:46:51 INFO session removed token=047bf1d8-b7bb-4571-ad76-8d2105d92de9
2025/11/08 14:46:51 INFO session created token=c94ef646-951f-4b5b-a98a-6f39fbb35bb0 name=User_76_76
2025/11/08 14:46:51 INFO session updated token=c94ef646-951f-4b5b-a98a-6f39fbb35bb0 tableID=0xc00042a8d0 seatIndex=0xc00042c590
2025/11/08 14:46:51 INFO session removed token=c94ef646-951f-4b5b-a98a-6f39fbb35bb0
2025/11/08 14:46:51 INFO session created token=d6f0d658-cc99-434e-b88d-6b3c53fa7ccc name=User_76_77
2025/11/08 14:46:51 INFO session updated token=d6f0d658-cc99-434e-b88d-6b3c53fa7ccc tableID=0xc00042a920 seatIndex=0xc00042c5e0
2025/11/08 14:46:51 INFO session removed token=d6f0d658-cc99-434e-b88d-6b3c53fa7ccc
2025/11/08 14:46:51 INFO session created token=b3fe4b0c-ff01-4b84-acda-c35c9f286b6b name=User_76_78
2025/11/08 14:46:51 INFO session updated token=b3fe4b0c-ff01-4b84-acda-c35c9f286b6b tableID=0xc00042a970 seatIndex=0xc00042c630
2025/11/08 14:46:51 INFO session removed token=b3fe4b0c-ff01-4b84-acda-c35c9f286b6b
2025/11/08 14:46:51 INFO session created token=f052d252-5926-4360-8584-0376dba0a695 name=User_76_79
2025/11/08 14:46:51 INFO session updated token=f052d252-5926-4360-8584-0376dba0a695 tableID=0xc00042a9c0 seatIndex=0xc00042c680
2025/11/08 14:46:51 INFO session removed token=f052d252-5926-4360-8584-0376dba0a695
2025/11/08 14:46:51 INFO session created token=184e0414-9c71-4d71-b979-705ccb5c3834 name=User_76_80
2025/11/08 14:46:51 INFO session updated token=184e0414-9c71-4d71-b979-705ccb5c3834 tableID=0xc00042aa10 seatIndex=0xc00042c6d0
2025/11/08 14:46:51 INFO session removed token=184e0414-9c71-4d71-b979-705ccb5c3834
2025/11/08 14:46:51 INFO session created token=88e73480-e9c1-4701-b348-4c34e912a9f9 name=User_76_81
2025/11/08 14:46:51 INFO session updated token=88e73480-e9c1-4701-b348-4c34e912a9f9 tableID=0xc00042aa60 seatIndex=0xc00042c720
2025/11/08 14:46:51 INFO session removed token=88e73480-e9c1-4701-b348-4c34e912a9f9
2025/11/08 14:46:51 INFO session created token=c07fd323-b429-4243-a720-4dfd2bb73c1c name=User_35_79
2025/11/08 14:46:51 INFO session created token=bcadad31-f3be-4db0-9e2b-51ff4ec9c96e name=User_76_82
2025/11/08 14:46:51 INFO session updated token=c07fd323-b429-4243-a720-4dfd2bb73c1c tableID=0xc0004c41e0 seatIndex=0xc0004ba260
2025/11/08 14:46:51 INFO session removed token=c07fd323-b429-4243-a720-4dfd2bb73c1c
2025/11/08 14:46:51 INFO session created token=0f1164cb-5bef-45ce-b431-4d8bc09facce name=User_35_80
2025/11/08 14:46:51 INFO session updated token=0f1164cb-5bef-45ce-b431-4d8bc09facce tableID=0xc0004c4240 seatIndex=0xc0004ba2c0
2025/11/08 14:46:51 INFO session removed token=0f1164cb-5bef-45ce-b431-4d8bc09facce
2025/11/08 14:46:51 INFO session created token=3ca68742-c65c-47f4-81a9-3b65932aae78 name=User_35_81
2025/11/08 14:46:51 INFO session updated token=3ca68742-c65c-47f4-81a9-3b65932aae78 tableID=0xc0004c4290 seatIndex=0xc0004ba310
2025/11/08 14:46:51 INFO session removed token=3ca68742-c65c-47f4-81a9-3b65932aae78
2025/11/08 14:46:51 INFO session created token=fcea9e1b-fd83-4d06-849a-7fc28730d538 name=User_35_82
2025/11/08 14:46:51 INFO session updated token=fcea9e1b-fd83-4d06-849a-7fc28730d538 tableID=0xc0004c42e0 seatIndex=0xc0004ba360
2025/11/08 14:46:51 INFO session removed token=fcea9e1b-fd83-4d06-849a-7fc28730d538
2025/11/08 14:46:51 INFO session created token=f9cb9cfa-64cf-49ab-b61e-3575f4e96ffe name=User_35_83
2025/11/08 14:46:51 INFO session updated token=f9cb9cfa-64cf-49ab-b61e-3575f4e96ffe tableID=0xc0004c4330 seatIndex=0xc0004ba3b0
2025/11/08 14:46:51 INFO session removed token=f9cb9cfa-64cf-49ab-b61e-3575f4e96ffe
2025/11/08 14:46:51 INFO session updated token=83053d14-d6aa-4fdb-98b7-cc0b33601c61 tableID=0xc00042a480 seatIndex=0xc00042c170
2025/11/08 14:46:51 INFO session removed token=83053d14-d6aa-4fdb-98b7-cc0b33601c61
2025/11/08 14:46:51 INFO session created token=d9497b28-a2c8-4cc8-ac61-aa09304f1f87 name=User_63_81
2025/11/08 14:46:51 INFO session updated token=d9497b28-a2c8-4cc8-ac61-aa09304f1f87 tableID=0xc00036ea50 seatIndex=0xc000370910
2025/11/08 14:46:51 INFO session removed token=d9497b28-a2c8-4cc8-ac61-aa09304f1f87
2025/11/08 14:46:51 INFO session created token=1de68a61-bb2c-4268-a5d6-6737ab2e724f name=User_63_82
2025/11/08 14:46:51 INFO session updated token=1de68a61-bb2c-4268-a5d6-6737ab2e724f tableID=0xc00036eaa0 seatIndex=0xc000370960
2025/11/08 14:46:51 INFO session removed token=1de68a61-bb2c-4268-a5d6-6737ab2e724f
2025/11/08 14:46:51 INFO session created token=2594beed-673c-44fb-910e-93b4fc5feab6 name=User_63_83
2025/11/08 14:46:51 INFO session updated token=2594beed-673c-44fb-910e-93b4fc5feab6 tableID=0xc00036eaf0 seatIndex=0xc0003709b0
2025/11/08 14:46:51 INFO session removed token=2594beed-673c-44fb-910e-93b4fc5feab6
2025/11/08 14:46:51 INFO session created token=d170dd92-b595-4bee-891c-aa8abbe80839 name=User_63_84
2025/11/08 14:46:51 INFO session updated token=d170dd92-b595-4bee-891c-aa8abbe80839 tableID=0xc00036eb40 seatIndex=0xc000370a00
2025/11/08 14:46:51 INFO session removed token=d170dd92-b595-4bee-891c-aa8abbe80839
2025/11/08 14:46:51 INFO session created token=41a007bb-2a24-4117-bf2d-57110548b87d name=User_63_85
2025/11/08 14:46:51 INFO session updated token=41a007bb-2a24-4117-bf2d-57110548b87d tableID=0xc00036eb90 seatIndex=0xc000370a50
2025/11/08 14:46:51 INFO session removed token=41a007bb-2a24-4117-bf2d-57110548b87d
2025/11/08 14:46:51 INFO session created token=ffca6533-3c08-442c-809e-3354eefec8a8 name=User_63_86
2025/11/08 14:46:51 INFO session updated token=ffca6533-3c08-442c-809e-3354eefec8a8 tableID=0xc00036ebe0 seatIndex=0xc000370aa0
2025/11/08 14:46:51 INFO session removed token=ffca6533-3c08-442c-809e-3354eefec8a8
2025/11/08 14:46:51 INFO session created token=07f669bc-89cb-4a28-9107-e3c69f919374 name=User_63_87
2025/11/08 14:46:51 INFO session updated token=07f669bc-89cb-4a28-9107-e3c69f919374 tableID=0xc00036ec30 seatIndex=0xc000370af0
2025/11/08 14:46:51 INFO session removed token=07f669bc-89cb-4a28-9107-e3c69f919374
2025/11/08 14:46:51 INFO session created token=380e6853-466b-4160-a84b-a24486e16407 name=User_63_88
2025/11/08 14:46:51 INFO session updated token=380e6853-466b-4160-a84b-a24486e16407 tableID=0xc00036ec80 seatIndex=0xc000370b40
2025/11/08 14:46:51 INFO session removed token=380e6853-466b-4160-a84b-a24486e16407
2025/11/08 14:46:51 INFO session created token=a148a96e-f575-40bc-b126-2d6098bb1e9d name=User_63_89
2025/11/08 14:46:51 INFO session updated token=a148a96e-f575-40bc-b126-2d6098bb1e9d tableID=0xc00036ecd0 seatIndex=0xc000370b90
2025/11/08 14:46:51 INFO session removed token=a148a96e-f575-40bc-b126-2d6098bb1e9d
2025/11/08 14:46:51 INFO session updated token=bcadad31-f3be-4db0-9e2b-51ff4ec9c96e tableID=0xc0004c4200 seatIndex=0xc0004ba290
2025/11/08 14:46:51 INFO session removed token=bcadad31-f3be-4db0-9e2b-51ff4ec9c96e
2025/11/08 14:46:51 INFO session created token=7b4c10f2-518b-43cf-9386-b3d3e9b7ea0d name=User_76_83
2025/11/08 14:46:51 INFO session updated token=7b4c10f2-518b-43cf-9386-b3d3e9b7ea0d tableID=0xc00042aaf0 seatIndex=0xc00042c7b0
2025/11/08 14:46:51 INFO session removed token=7b4c10f2-518b-43cf-9386-b3d3e9b7ea0d
2025/11/08 14:46:51 INFO session created token=e9b62cd6-fd87-4b50-8ad0-c6ef68ff67f0 name=User_76_84
2025/11/08 14:46:51 INFO session updated token=e9b62cd6-fd87-4b50-8ad0-c6ef68ff67f0 tableID=0xc00042ab40 seatIndex=0xc00042c800
2025/11/08 14:46:51 INFO session removed token=e9b62cd6-fd87-4b50-8ad0-c6ef68ff67f0
2025/11/08 14:46:51 INFO session created token=76032025-4c48-48e0-a0bd-fe5b45c10223 name=User_76_85
2025/11/08 14:46:51 INFO session updated token=76032025-4c48-48e0-a0bd-fe5b45c10223 tableID=0xc00042ab90 seatIndex=0xc00042c850
2025/11/08 14:46:51 INFO session removed token=76032025-4c48-48e0-a0bd-fe5b45c10223
2025/11/08 14:46:51 INFO session created token=c8f59898-c80c-4347-8bd8-f7a54cc21561 name=User_76_86
2025/11/08 14:46:51 INFO session updated token=c8f59898-c80c-4347-8bd8-f7a54cc21561 tableID=0xc00042abe0 seatIndex=0xc00042c8a0
2025/11/08 14:46:51 INFO session removed token=c8f59898-c80c-4347-8bd8-f7a54cc21561
2025/11/08 14:46:51 INFO session created token=4d8721bf-3fed-45b0-959c-912cd83d2275 name=User_76_87
2025/11/08 14:46:51 INFO session updated token=4d8721bf-3fed-45b0-959c-912cd83d2275 tableID=0xc00042ac30 seatIndex=0xc00042c8f0
2025/11/08 14:46:51 INFO session removed token=4d8721bf-3fed-45b0-959c-912cd83d2275
2025/11/08 14:46:51 INFO session created token=03bce705-f775-4651-a012-e5a63771cb9f name=User_76_88
2025/11/08 14:46:51 INFO session updated token=03bce705-f775-4651-a012-e5a63771cb9f tableID=0xc00042ac80 seatIndex=0xc00042c940
2025/11/08 14:46:51 INFO session removed token=03bce705-f775-4651-a012-e5a63771cb9f
2025/11/08 14:46:51 INFO session updated token=080b09bc-8531-4c00-8c49-8d2031d212cc tableID=0xc00042a6c0 seatIndex=0xc00042c3b0
2025/11/08 14:46:51 INFO session removed token=080b09bc-8531-4c00-8c49-8d2031d212cc
2025/11/08 14:46:51 INFO session created token=4b4dbd6b-60f6-4eac-a795-e2c993f187fb name=User_77_62
2025/11/08 14:46:51 INFO session updated token=4b4dbd6b-60f6-4eac-a795-e2c993f187fb tableID=0xc00036ed40 seatIndex=0xc000370c20
2025/11/08 14:46:51 INFO session removed token=4b4dbd6b-60f6-4eac-a795-e2c993f187fb
2025/11/08 14:46:51 INFO session created token=955aa83d-1ce7-4cf1-b23a-26f26db4913d name=User_77_63
2025/11/08 14:46:51 INFO session updated token=955aa83d-1ce7-4cf1-b23a-26f26db4913d tableID=0xc00036ed90 seatIndex=0xc000370c70
2025/11/08 14:46:51 INFO session removed token=955aa83d-1ce7-4cf1-b23a-26f26db4913d
2025/11/08 14:46:51 INFO session created token=534f29a4-53e4-4661-859c-c310f3fba6e4 name=User_77_64
2025/11/08 14:46:51 INFO session updated token=534f29a4-53e4-4661-859c-c310f3fba6e4 tableID=0xc00036ede0 seatIndex=0xc000370cc0
2025/11/08 14:46:51 INFO session removed token=534f29a4-53e4-4661-859c-c310f3fba6e4
2025/11/08 14:46:51 INFO session created token=bf80de58-db83-4620-bf72-0d41948368ec name=User_77_65
2025/11/08 14:46:51 INFO session updated token=bf80de58-db83-4620-bf72-0d41948368ec tableID=0xc00036ee30 seatIndex=0xc000370d10
2025/11/08 14:46:51 INFO session removed token=bf80de58-db83-4620-bf72-0d41948368ec
2025/11/08 14:46:51 INFO session created token=d3ba9dfe-12e8-4790-b27a-c34cb20180da name=User_77_66
2025/11/08 14:46:51 INFO session updated token=d3ba9dfe-12e8-4790-b27a-c34cb20180da tableID=0xc00036ee80 seatIndex=0xc000370d60
2025/11/08 14:46:51 INFO session removed token=d3ba9dfe-12e8-4790-b27a-c34cb20180da
2025/11/08 14:46:51 INFO session created token=a42fa437-093b-4e11-a550-a1f0969f20a1 name=User_77_67
2025/11/08 14:46:51 INFO session updated token=088677d4-ead6-4f2b-a9dc-1572d09c7487 tableID=0xc00036e8e0 seatIndex=0xc0003707b0
2025/11/08 14:46:51 INFO session removed token=088677d4-ead6-4f2b-a9dc-1572d09c7487
2025/11/08 14:46:51 INFO session created token=22e1c766-d023-4598-adbc-fce7988eeaaa name=User_51_60
2025/11/08 14:46:51 INFO session updated token=22e1c766-d023-4598-adbc-fce7988eeaaa tableID=0xc00042ad00 seatIndex=0xc00042c9e0
2025/11/08 14:46:51 INFO session removed token=22e1c766-d023-4598-adbc-fce7988eeaaa
2025/11/08 14:46:51 INFO session created token=79c65590-3df0-4a34-bcfa-fb3c75894c87 name=User_51_61
2025/11/08 14:46:51 INFO session updated token=79c65590-3df0-4a34-bcfa-fb3c75894c87 tableID=0xc00042ad50 seatIndex=0xc00042ca30
2025/11/08 14:46:51 INFO session removed token=79c65590-3df0-4a34-bcfa-fb3c75894c87
2025/11/08 14:46:51 INFO session created token=fc549ef7-8b89-4cf1-b941-6c9d8fd1186e name=User_51_62
2025/11/08 14:46:51 INFO session updated token=fc549ef7-8b89-4cf1-b941-6c9d8fd1186e tableID=0xc00042ada0 seatIndex=0xc00042ca80
2025/11/08 14:46:51 INFO session removed token=fc549ef7-8b89-4cf1-b941-6c9d8fd1186e
2025/11/08 14:46:51 INFO session created token=f6c4a77c-09e3-4de2-b903-168077beff3d name=User_51_63
2025/11/08 14:46:51 INFO session updated token=f6c4a77c-09e3-4de2-b903-168077beff3d tableID=0xc00042adf0 seatIndex=0xc00042cad0
2025/11/08 14:46:51 INFO session removed token=f6c4a77c-09e3-4de2-b903-168077beff3d
2025/11/08 14:46:51 INFO session created token=b02556e1-f722-4299-84ec-5a137be72fe2 name=User_51_64
2025/11/08 14:46:51 INFO session updated token=b02556e1-f722-4299-84ec-5a137be72fe2 tableID=0xc00042ae40 seatIndex=0xc00042cb20
2025/11/08 14:46:51 INFO session removed token=b02556e1-f722-4299-84ec-5a137be72fe2
2025/11/08 14:46:51 INFO session created token=88c5159b-4aae-46b6-a7cf-3640f00528c8 name=User_51_65
2025/11/08 14:46:51 INFO session updated token=88c5159b-4aae-46b6-a7cf-3640f00528c8 tableID=0xc00042ae90 seatIndex=0xc00042cb70
2025/11/08 14:46:51 INFO session removed token=88c5159b-4aae-46b6-a7cf-3640f00528c8
2025/11/08 14:46:51 INFO session created token=45d5ff8f-6ee5-41bf-85e0-d46e9f415142 name=User_86_82
2025/11/08 14:46:51 INFO session created token=80b705df-8686-4e47-a904-f607823762dd name=User_51_66
2025/11/08 14:46:51 INFO session updated token=45d5ff8f-6ee5-41bf-85e0-d46e9f415142 tableID=0xc0004c4380 seatIndex=0xc0004ba400
2025/11/08 14:46:51 INFO session removed token=45d5ff8f-6ee5-41bf-85e0-d46e9f415142
2025/11/08 14:46:51 INFO session updated token=7e2ebca7-59d5-44ee-9bd7-22af997437bb tableID=0xc0004c4010 seatIndex=0xc0004ba0a0
2025/11/08 14:46:51 INFO session removed token=7e2ebca7-59d5-44ee-9bd7-22af997437bb
2025/11/08 14:46:51 INFO session created token=4bd1a639-8327-4f82-bee0-dd91e49875df name=User_75_82
2025/11/08 14:46:51 INFO session updated token=4bd1a639-8327-4f82-bee0-dd91e49875df tableID=0xc00042af20 seatIndex=0xc00042cc00
2025/11/08 14:46:51 INFO session removed token=4bd1a639-8327-4f82-bee0-dd91e49875df
2025/11/08 14:46:51 INFO session created token=4983dd09-1522-410f-ac4d-4fb1fa703f94 name=User_75_83
2025/11/08 14:46:51 INFO session updated token=4983dd09-1522-410f-ac4d-4fb1fa703f94 tableID=0xc00042af70 seatIndex=0xc00042cc50
2025/11/08 14:46:51 INFO session removed token=4983dd09-1522-410f-ac4d-4fb1fa703f94
2025/11/08 14:46:51 INFO session created token=d32a62ae-b5f0-4545-9ad6-2864aa21cf25 name=User_75_84
2025/11/08 14:46:51 INFO session updated token=d32a62ae-b5f0-4545-9ad6-2864aa21cf25 tableID=0xc00042afc0 seatIndex=0xc00042cca0
2025/11/08 14:46:51 INFO session removed token=d32a62ae-b5f0-4545-9ad6-2864aa21cf25
2025/11/08 14:46:51 INFO session created token=d3f3eb34-66f8-41c8-b3b7-c9c1bae229f9 name=User_75_85
2025/11/08 14:46:51 INFO session updated token=d3f3eb34-66f8-41c8-b3b7-c9c1bae229f9 tableID=0xc00042b010 seatIndex=0xc00042ccf0
2025/11/08 14:46:51 INFO session removed token=d3f3eb34-66f8-41c8-b3b7-c9c1bae229f9
2025/11/08 14:46:51 INFO session created token=c59df623-2575-42ba-9337-d53bd30ba161 name=User_75_86
2025/11/08 14:46:51 INFO session updated token=c59df623-2575-42ba-9337-d53bd30ba161 tableID=0xc00042b060 seatIndex=0xc00042cd40
2025/11/08 14:46:51 INFO session removed token=c59df623-2575-42ba-9337-d53bd30ba161
2025/11/08 14:46:51 INFO session created token=292e25ce-d3aa-4155-ae97-a9a9f636aeb0 name=User_75_87
2025/11/08 14:46:51 INFO session created token=e475f491-1b3d-4764-ae6d-817f6ff5c0ba name=User_9_95
2025/11/08 14:46:51 INFO session updated token=292e25ce-d3aa-4155-ae97-a9a9f636aeb0 tableID=0xc00042b0b0 seatIndex=0xc00042cd90
2025/11/08 14:46:51 INFO session removed token=292e25ce-d3aa-4155-ae97-a9a9f636aeb0
2025/11/08 14:46:51 INFO session created token=1f99a488-50c9-4e8e-87a1-f62f3fa76096 name=User_75_88
2025/11/08 14:46:51 INFO session updated token=1f99a488-50c9-4e8e-87a1-f62f3fa76096 tableID=0xc00042b110 seatIndex=0xc00042cdf0
2025/11/08 14:46:51 INFO session removed token=1f99a488-50c9-4e8e-87a1-f62f3fa76096
2025/11/08 14:46:51 INFO session created token=c6fbed59-0350-4c7e-ab8b-44f494841715 name=User_75_89
2025/11/08 14:46:51 INFO session updated token=c6fbed59-0350-4c7e-ab8b-44f494841715 tableID=0xc00042b160 seatIndex=0xc00042ce40
2025/11/08 14:46:51 INFO session removed token=c6fbed59-0350-4c7e-ab8b-44f494841715
2025/11/08 14:46:51 INFO session created token=be5f26e7-3a1e-4f9a-9a19-8ae07d006fe4 name=User_75_90
2025/11/08 14:46:51 INFO session updated token=be5f26e7-3a1e-4f9a-9a19-8ae07d006fe4 tableID=0xc00042b1b0 seatIndex=0xc00042ce90
2025/11/08 14:46:51 INFO session removed token=be5f26e7-3a1e-4f9a-9a19-8ae07d006fe4
2025/11/08 14:46:51 INFO session created token=469a3e37-d35b-47ea-8782-4a75f756ccce name=User_75_91
2025/11/08 14:46:51 INFO session updated token=469a3e37-d35b-47ea-8782-4a75f756ccce tableID=0xc00042b200 seatIndex=0xc00042cee0
2025/11/08 14:46:51 INFO session removed token=469a3e37-d35b-47ea-8782-4a75f756ccce
2025/11/08 14:46:51 INFO session created token=18b010b7-05ce-45c1-80e6-55d9b6f43e4a name=User_75_92
2025/11/08 14:46:51 INFO session updated token=18b010b7-05ce-45c1-80e6-55d9b6f43e4a tableID=0xc00042b250 seatIndex=0xc00042cf30
2025/11/08 14:46:51 INFO session removed token=18b010b7-05ce-45c1-80e6-55d9b6f43e4a
2025/11/08 14:46:51 INFO session created token=e275ec81-655d-400e-a6b8-263a536befe8 name=User_75_93
2025/11/08 14:46:51 INFO session created token=1f3223ea-4e5d-44f7-a777-ed3f996ea404 name=User_63_90
2025/11/08 14:46:51 INFO session updated token=e275ec81-655d-400e-a6b8-263a536befe8 tableID=0xc00042b2a0 seatIndex=0xc00042cf80
2025/11/08 14:46:51 INFO session removed token=e275ec81-655d-400e-a6b8-263a536befe8
2025/11/08 14:46:51 INFO session created token=c69126c9-cbba-420e-851b-7dd46fa75690 name=User_75_94
2025/11/08 14:46:51 INFO session updated token=c69126c9-cbba-420e-851b-7dd46fa75690 tableID=0xc0004c4460 seatIndex=0xc0004ba490
2025/11/08 14:46:51 INFO session removed token=c69126c9-cbba-420e-851b-7dd46fa75690
2025/11/08 14:46:51 INFO session created token=d22fd5ac-a21b-466c-9178-0a696488ed17 name=User_75_95
2025/11/08 14:46:51 INFO session updated token=d22fd5ac-a21b-466c-9178-0a696488ed17 tableID=0xc0004c44b0 seatIndex=0xc0004ba4e0
2025/11/08 14:46:51 INFO session removed token=d22fd5ac-a21b-466c-9178-0a696488ed17
2025/11/08 14:46:51 INFO session created token=8fff9c3a-531d-4d07-b5fb-cf2044d973e1 name=User_76_89
2025/11/08 14:46:51 INFO session created token=dd30a9c9-e119-45f8-ad85-0344340f06c9 name=User_75_96
2025/11/08 14:46:51 INFO session created token=cfb4159b-b56d-4ee3-84a5-860f3e127a02 name=User_35_84
2025/11/08 14:46:51 INFO session updated token=1f3223ea-4e5d-44f7-a777-ed3f996ea404 tableID=0xc0004c4420 seatIndex=0xc0004ba460
2025/11/08 14:46:51 INFO session removed token=1f3223ea-4e5d-44f7-a777-ed3f996ea404
2025/11/08 14:46:51 INFO session created token=b1778fcd-70e5-4d0f-af44-9d58ae6bdddb name=User_63_91
2025/11/08 14:46:51 INFO session updated token=b1778fcd-70e5-4d0f-af44-9d58ae6bdddb tableID=0xc0004c4570 seatIndex=0xc0004ba5a0
2025/11/08 14:46:51 INFO session removed token=b1778fcd-70e5-4d0f-af44-9d58ae6bdddb
2025/11/08 14:46:51 INFO session created token=9c918dd8-9493-4782-9769-8bcfdbf88120 name=User_63_92
2025/11/08 14:46:51 INFO session updated token=9c918dd8-9493-4782-9769-8bcfdbf88120 tableID=0xc0004c45c0 seatIndex=0xc0004ba5f0
2025/11/08 14:46:51 INFO session removed token=9c918dd8-9493-4782-9769-8bcfdbf88120
2025/11/08 14:46:51 INFO session created token=41d55085-aa93-4dfd-bb6c-8adfe05db196 name=User_63_93
2025/11/08 14:46:51 INFO session updated token=41d55085-aa93-4dfd-bb6c-8adfe05db196 tableID=0xc0004c4610 seatIndex=0xc0004ba640
2025/11/08 14:46:51 INFO session removed token=41d55085-aa93-4dfd-bb6c-8adfe05db196
2025/11/08 14:46:51 INFO session created token=6140a121-c03f-49ed-8896-cd48d9b662a8 name=User_63_94
2025/11/08 14:46:51 INFO session updated token=6140a121-c03f-49ed-8896-cd48d9b662a8 tableID=0xc0004c4660 seatIndex=0xc0004ba690
2025/11/08 14:46:51 INFO session removed token=6140a121-c03f-49ed-8896-cd48d9b662a8
2025/11/08 14:46:51 INFO session created token=671cea9b-23fb-4367-9e22-065d896f84f1 name=User_63_95
2025/11/08 14:46:51 INFO session updated token=671cea9b-23fb-4367-9e22-065d896f84f1 tableID=0xc0004c46b0 seatIndex=0xc0004ba6e0
2025/11/08 14:46:51 INFO session removed token=671cea9b-23fb-4367-9e22-065d896f84f1
2025/11/08 14:46:51 INFO session created token=35e6dd8b-aa45-4c8f-b20d-189eabb8324d name=User_63_96
2025/11/08 14:46:51 INFO session updated token=35e6dd8b-aa45-4c8f-b20d-189eabb8324d tableID=0xc0004c4700 seatIndex=0xc0004ba730
2025/11/08 14:46:51 INFO session removed token=35e6dd8b-aa45-4c8f-b20d-189eabb8324d
2025/11/08 14:46:51 INFO session updated token=80b705df-8686-4e47-a904-f607823762dd tableID=0xc0004c43a0 seatIndex=0xc0004ba430
2025/11/08 14:46:51 INFO session removed token=80b705df-8686-4e47-a904-f607823762dd
2025/11/08 14:46:51 INFO session created token=e49602d9-2a8c-44a9-a6ae-069a05ee00f8 name=User_51_67
2025/11/08 14:46:51 INFO session updated token=e49602d9-2a8c-44a9-a6ae-069a05ee00f8 tableID=0xc00042b300 seatIndex=0xc00042cff0
2025/11/08 14:46:51 INFO session removed token=e49602d9-2a8c-44a9-a6ae-069a05ee00f8
2025/11/08 14:46:51 INFO session created token=278cfbdb-371f-40e1-9b77-8d4798a91141 name=User_51_68
2025/11/08 14:46:51 INFO session updated token=278cfbdb-371f-40e1-9b77-8d4798a91141 tableID=0xc00042b350 seatIndex=0xc00042d040
2025/11/08 14:46:51 INFO session removed token=278cfbdb-371f-40e1-9b77-8d4798a91141
2025/11/08 14:46:51 INFO session created token=56464571-9eb8-4876-ae6a-ffb0e6d8c0a0 name=User_51_69
2025/11/08 14:46:51 INFO session updated token=56464571-9eb8-4876-ae6a-ffb0e6d8c0a0 tableID=0xc00042b3a0 seatIndex=0xc00042d090
2025/11/08 14:46:51 INFO session removed token=56464571-9eb8-4876-ae6a-ffb0e6d8c0a0
2025/11/08 14:46:51 INFO session created token=b7b2126b-a209-4c9b-a775-d0f8dedac350 name=User_51_70
2025/11/08 14:46:51 INFO session updated token=b7b2126b-a209-4c9b-a775-d0f8dedac350 tableID=0xc00042b3f0 seatIndex=0xc00042d0e0
2025/11/08 14:46:51 INFO session removed token=b7b2126b-a209-4c9b-a775-d0f8dedac350
2025/11/08 14:46:51 INFO session created token=4a730e2b-68c3-4899-80c0-adabe7dbb0ff name=User_51_71
2025/11/08 14:46:51 INFO session updated token=4a730e2b-68c3-4899-80c0-adabe7dbb0ff tableID=0xc00042b440 seatIndex=0xc00042d130
2025/11/08 14:46:51 INFO session removed token=4a730e2b-68c3-4899-80c0-adabe7dbb0ff
2025/11/08 14:46:51 INFO session created token=7c0049d7-35a7-4f30-b6dc-891d98464fcc name=User_51_72
2025/11/08 14:46:51 INFO session updated token=7c0049d7-35a7-4f30-b6dc-891d98464fcc tableID=0xc00042b490 seatIndex=0xc00042d180
2025/11/08 14:46:51 INFO session removed token=7c0049d7-35a7-4f30-b6dc-891d98464fcc
2025/11/08 14:46:51 INFO session created token=219bb0af-4b40-4007-8a75-9c36d0d7a39e name=User_86_83
2025/11/08 14:46:51 INFO session created token=e27be024-7648-4f70-a384-1d462a6533fc name=User_51_73
2025/11/08 14:46:51 INFO session updated token=219bb0af-4b40-4007-8a75-9c36d0d7a39e tableID=0xc0004c4750 seatIndex=0xc0004ba780
2025/11/08 14:46:51 INFO session removed token=219bb0af-4b40-4007-8a75-9c36d0d7a39e
2025/11/08 14:46:51 INFO session created token=cc127ca8-8546-4305-b73f-cd9c6b1bd4d4 name=User_86_84
2025/11/08 14:46:51 INFO session updated token=cc127ca8-8546-4305-b73f-cd9c6b1bd4d4 tableID=0xc0004c47b0 seatIndex=0xc0004ba7e0
2025/11/08 14:46:51 INFO session removed token=cc127ca8-8546-4305-b73f-cd9c6b1bd4d4
2025/11/08 14:46:51 INFO session created token=53c731a4-c82c-4877-95b2-1dcd05b6439e name=User_86_85
2025/11/08 14:46:51 INFO session updated token=53c731a4-c82c-4877-95b2-1dcd05b6439e tableID=0xc0004c4800 seatIndex=0xc0004ba830
2025/11/08 14:46:51 INFO session removed token=53c731a4-c82c-4877-95b2-1dcd05b6439e
2025/11/08 14:46:51 INFO session created token=7100effe-b370-4955-8130-9f922a959e17 name=User_86_86
2025/11/08 14:46:51 INFO session updated token=7100effe-b370-4955-8130-9f922a959e17 tableID=0xc0004c4850 seatIndex=0xc0004ba880
2025/11/08 14:46:51 INFO session removed token=7100effe-b370-4955-8130-9f922a959e17
2025/11/08 14:46:51 INFO session created token=bf156aef-2f3b-42be-bba5-3daa5367f282 name=User_86_87
2025/11/08 14:46:51 INFO session updated token=bf156aef-2f3b-42be-bba5-3daa5367f282 tableID=0xc0004c48a0 seatIndex=0xc0004ba8d0
2025/11/08 14:46:51 INFO session removed token=bf156aef-2f3b-42be-bba5-3daa5367f282
2025/11/08 14:46:51 INFO session created token=200f16bd-37ba-4477-8b6b-f8f091b78ce8 name=User_86_88
2025/11/08 14:46:51 INFO session updated token=200f16bd-37ba-4477-8b6b-f8f091b78ce8 tableID=0xc0004c48f0 seatIndex=0xc0004ba920
2025/11/08 14:46:51 INFO session removed token=200f16bd-37ba-4477-8b6b-f8f091b78ce8
2025/11/08 14:46:51 INFO session updated token=e475f491-1b3d-4764-ae6d-817f6ff5c0ba tableID=0xc00042b0d0 seatIndex=0xc00042cdc0
2025/11/08 14:46:51 INFO session removed token=e475f491-1b3d-4764-ae6d-817f6ff5c0ba
2025/11/08 14:46:51 INFO session created token=5097be5a-0bf7-4dfd-bad5-64df84c371ff name=User_9_96
2025/11/08 14:46:51 INFO session updated token=5097be5a-0bf7-4dfd-bad5-64df84c371ff tableID=0xc00036ef30 seatIndex=0xc000370df0
2025/11/08 14:46:51 INFO session removed token=5097be5a-0bf7-4dfd-bad5-64df84c371ff
2025/11/08 14:46:51 INFO session created token=1d29c659-708a-4100-9739-d04a2e75c4eb name=User_9_97
2025/11/08 14:46:51 INFO session updated token=1d29c659-708a-4100-9739-d04a2e75c4eb tableID=0xc00036ef80 seatIndex=0xc000370e40
2025/11/08 14:46:51 INFO session removed token=1d29c659-708a-4100-9739-d04a2e75c4eb
2025/11/08 14:46:51 INFO session created token=812212a9-5cef-4717-803e-48c51b4a227a name=User_9_98
2025/11/08 14:46:51 INFO session updated token=812212a9-5cef-4717-803e-48c51b4a227a tableID=0xc00036efd0 seatIndex=0xc000370e90
2025/11/08 14:46:51 INFO session removed token=812212a9-5cef-4717-803e-48c51b4a227a
2025/11/08 14:46:51 INFO session created token=6f4bc0e2-9c27-41a4-8ba1-41f86da3b9da name=User_9_99
2025/11/08 14:46:51 INFO session updated token=6f4bc0e2-9c27-41a4-8ba1-41f86da3b9da tableID=0xc00036f020 seatIndex=0xc000370ee0
2025/11/08 14:46:51 INFO session removed token=6f4bc0e2-9c27-41a4-8ba1-41f86da3b9da
2025/11/08 14:46:51 INFO session updated token=e27be024-7648-4f70-a384-1d462a6533fc tableID=0xc0004c4770 seatIndex=0xc0004ba7b0
2025/11/08 14:46:51 INFO session removed token=e27be024-7648-4f70-a384-1d462a6533fc
2025/11/08 14:46:51 INFO session created token=0e8e6ee2-9bfe-49f8-86f1-902cd38c24b1 name=User_51_74
2025/11/08 14:46:51 INFO session updated token=0e8e6ee2-9bfe-49f8-86f1-902cd38c24b1 tableID=0xc00036f090 seatIndex=0xc000370f50
2025/11/08 14:46:51 INFO session removed token=0e8e6ee2-9bfe-49f8-86f1-902cd38c24b1
2025/11/08 14:46:51 INFO session created token=705868f2-8aac-4b9c-b436-3d7a40f856c8 name=User_51_75
2025/11/08 14:46:51 INFO session updated token=705868f2-8aac-4b9c-b436-3d7a40f856c8 tableID=0xc00036f0e0 seatIndex=0xc000370fa0
2025/11/08 14:46:51 INFO session removed token=705868f2-8aac-4b9c-b436-3d7a40f856c8
2025/11/08 14:46:51 INFO session created token=a8c0d899-1f64-429d-81a7-2ddbbf04b506 name=User_51_76
2025/11/08 14:46:51 INFO session updated token=a8c0d899-1f64-429d-81a7-2ddbbf04b506 tableID=0xc00036f130 seatIndex=0xc000370ff0
2025/11/08 14:46:51 INFO session removed token=a8c0d899-1f64-429d-81a7-2ddbbf04b506
2025/11/08 14:46:51 INFO session created token=04fb1e1c-199c-43c2-8b03-f569f55ecb1d name=User_51_77
2025/11/08 14:46:51 INFO session updated token=04fb1e1c-199c-43c2-8b03-f569f55ecb1d tableID=0xc00036f180 seatIndex=0xc000371040
2025/11/08 14:46:51 INFO session removed token=04fb1e1c-199c-43c2-8b03-f569f55ecb1d
2025/11/08 14:46:51 INFO session created token=8499a49e-16bd-4867-8388-eff03e13034c name=User_51_78
2025/11/08 14:46:51 INFO session updated token=8499a49e-16bd-4867-8388-eff03e13034c tableID=0xc00036f1d0 seatIndex=0xc000371090
2025/11/08 14:46:51 INFO session removed token=8499a49e-16bd-4867-8388-eff03e13034c
2025/11/08 14:46:51 INFO session created token=858064a3-2392-4f82-a271-34ad297d7e50 name=User_51_79
2025/11/08 14:46:51 INFO session updated token=858064a3-2392-4f82-a271-34ad297d7e50 tableID=0xc00036f220 seatIndex=0xc0003710e0
2025/11/08 14:46:51 INFO session removed token=858064a3-2392-4f82-a271-34ad297d7e50
2025/11/08 14:46:51 INFO session updated token=a42fa437-093b-4e11-a550-a1f0969f20a1 tableID=0xc00042acc0 seatIndex=0xc00042c9b0
2025/11/08 14:46:51 INFO session removed token=a42fa437-093b-4e11-a550-a1f0969f20a1
2025/11/08 14:46:51 INFO session created token=8c6d8492-558c-4683-90d2-193cb6a83670 name=User_77_68
2025/11/08 14:46:51 INFO session updated token=8c6d8492-558c-4683-90d2-193cb6a83670 tableID=0xc00042b520 seatIndex=0xc00042d210
2025/11/08 14:46:51 INFO session removed token=8c6d8492-558c-4683-90d2-193cb6a83670
2025/11/08 14:46:51 INFO session created token=782686c3-f458-46a3-a0b3-37f6abe0e797 name=User_77_69
2025/11/08 14:46:51 INFO session updated token=782686c3-f458-46a3-a0b3-37f6abe0e797 tableID=0xc00042b570 seatIndex=0xc00042d260
2025/11/08 14:46:51 INFO session removed token=782686c3-f458-46a3-a0b3-37f6abe0e797
2025/11/08 14:46:51 INFO session created token=772bcf3d-49cb-44f5-adb8-f844e8828df6 name=User_77_70
2025/11/08 14:46:51 INFO session updated token=772bcf3d-49cb-44f5-adb8-f844e8828df6 tableID=0xc00042b5c0 seatIndex=0xc00042d2b0
2025/11/08 14:46:51 INFO session removed token=772bcf3d-49cb-44f5-adb8-f844e8828df6
2025/11/08 14:46:51 INFO session created token=8e267788-8638-4fba-a83d-4ef9268fdda1 name=User_77_71
2025/11/08 14:46:51 INFO session updated token=8e267788-8638-4fba-a83d-4ef9268fdda1 tableID=0xc00042b610 seatIndex=0xc00042d300
2025/11/08 14:46:51 INFO session removed token=8e267788-8638-4fba-a83d-4ef9268fdda1
2025/11/08 14:46:51 INFO session created token=8e987e69-0649-43cf-a5e5-3aacc98c9b8b name=User_77_72
2025/11/08 14:46:51 INFO session updated token=8e987e69-0649-43cf-a5e5-3aacc98c9b8b tableID=0xc00042b660 seatIndex=0xc00042d350
2025/11/08 14:46:51 INFO session removed token=8e987e69-0649-43cf-a5e5-3aacc98c9b8b
2025/11/08 14:46:51 INFO session updated token=8fff9c3a-531d-4d07-b5fb-cf2044d973e1 tableID=0xc0004c4510 seatIndex=0xc0004ba550
2025/11/08 14:46:51 INFO session removed token=8fff9c3a-531d-4d07-b5fb-cf2044d973e1
2025/11/08 14:46:51 INFO session created token=b687b2f5-5c73-4639-8f0d-f0e50450ad1a name=User_76_90
2025/11/08 14:46:51 INFO session updated token=b687b2f5-5c73-4639-8f0d-f0e50450ad1a tableID=0xc00036f290 seatIndex=0xc000371170
2025/11/08 14:46:51 INFO session removed token=b687b2f5-5c73-4639-8f0d-f0e50450ad1a
2025/11/08 14:46:51 INFO session created token=cd6a72e9-36e0-413b-b2ec-ceb589b4ea8f name=User_76_91
2025/11/08 14:46:51 INFO session updated token=cd6a72e9-36e0-413b-b2ec-ceb589b4ea8f tableID=0xc00036f2e0 seatIndex=0xc0003711c0
2025/11/08 14:46:51 INFO session removed token=cd6a72e9-36e0-413b-b2ec-ceb589b4ea8f
2025/11/08 14:46:51 INFO session created token=b3b49e9f-d8c1-4af8-bd7f-359c5a7e3c6b name=User_76_92
2025/11/08 14:46:51 INFO session updated token=b3b49e9f-d8c1-4af8-bd7f-359c5a7e3c6b tableID=0xc00036f330 seatIndex=0xc000371210
2025/11/08 14:46:51 INFO session removed token=b3b49e9f-d8c1-4af8-bd7f-359c5a7e3c6b
2025/11/08 14:46:51 INFO session updated token=dd30a9c9-e119-45f8-ad85-0344340f06c9 tableID=0xc0004c4520 seatIndex=0xc0004ba560
2025/11/08 14:46:51 INFO session removed token=dd30a9c9-e119-45f8-ad85-0344340f06c9
2025/11/08 14:46:51 INFO session created token=6f181560-7619-47d3-b127-545a78a77627 name=User_75_97
2025/11/08 14:46:51 INFO session updated token=6f181560-7619-47d3-b127-545a78a77627 tableID=0xc00042b6d0 seatIndex=0xc00042d3e0
2025/11/08 14:46:51 INFO session removed token=6f181560-7619-47d3-b127-545a78a77627
2025/11/08 14:46:51 INFO session created token=bb15adaa-758f-4acf-b1a2-e0eae403d6ab name=User_75_98
2025/11/08 14:46:51 INFO session updated token=bb15adaa-758f-4acf-b1a2-e0eae403d6ab tableID=0xc00042b720 seatIndex=0xc00042d430
2025/11/08 14:46:51 INFO session removed token=bb15adaa-758f-4acf-b1a2-e0eae403d6ab
2025/11/08 14:46:51 INFO session created token=03dda9a5-be87-47d7-b4a7-555f9a5d4399 name=User_75_99
2025/11/08 14:46:51 INFO session updated token=03dda9a5-be87-47d7-b4a7-555f9a5d4399 tableID=0xc00042b770 seatIndex=0xc00042d480
2025/11/08 14:46:51 INFO session removed token=03dda9a5-be87-47d7-b4a7-555f9a5d4399
2025/11/08 14:46:51 INFO session updated token=cfb4159b-b56d-4ee3-84a5-860f3e127a02 tableID=0xc0004c4530 seatIndex=0xc0004ba570
2025/11/08 14:46:51 INFO session removed token=cfb4159b-b56d-4ee3-84a5-860f3e127a02
2025/11/08 14:46:51 INFO session created token=086afafd-d27f-47f1-8f45-bf07d9c43e41 name=User_35_85
2025/11/08 14:46:51 INFO session updated token=086afafd-d27f-47f1-8f45-bf07d9c43e41 tableID=0xc00042b7e0 seatIndex=0xc00042d4f0
2025/11/08 14:46:51 INFO session removed token=086afafd-d27f-47f1-8f45-bf07d9c43e41
2025/11/08 14:46:51 INFO session created token=bb45ec1c-ea4c-41d1-b68b-592a1a383596 name=User_35_86
2025/11/08 14:46:51 INFO session updated token=bb45ec1c-ea4c-41d1-b68b-592a1a383596 tableID=0xc00042b830 seatIndex=0xc00042d540
2025/11/08 14:46:51 INFO session removed token=bb45ec1c-ea4c-41d1-b68b-592a1a383596
2025/11/08 14:46:51 INFO session created token=6be1eff4-3b1e-437f-922b-e63b4ebab0a8 name=User_35_87
2025/11/08 14:46:51 INFO session updated token=6be1eff4-3b1e-437f-922b-e63b4ebab0a8 tableID=0xc00042b880 seatIndex=0xc00042d590
2025/11/08 14:46:51 INFO session removed token=6be1eff4-3b1e-437f-922b-e63b4ebab0a8
2025/11/08 14:46:51 INFO session created token=764e41ce-886a-431a-9517-8740ee7fefb1 name=User_35_88
2025/11/08 14:46:51 INFO session updated token=764e41ce-886a-431a-9517-8740ee7fefb1 tableID=0xc00042b8d0 seatIndex=0xc00042d5e0
2025/11/08 14:46:51 INFO session removed token=764e41ce-886a-431a-9517-8740ee7fefb1
2025/11/08 14:46:51 INFO session created token=b20c4527-61ab-4696-a18d-633aa5838bd8 name=User_35_89
2025/11/08 14:46:51 INFO session updated token=b20c4527-61ab-4696-a18d-633aa5838bd8 tableID=0xc00042b920 seatIndex=0xc00042d630
2025/11/08 14:46:51 INFO session removed token=b20c4527-61ab-4696-a18d-633aa5838bd8
2025/11/08 14:46:51 INFO session created token=1b5b508e-a38e-4c29-8bd6-ef1e44a53451 name=User_35_90
2025/11/08 14:46:51 INFO session created token=a4687136-080a-4c06-a44e-a813cd252e57 name=User_63_97
2025/11/08 14:46:51 INFO session updated token=1b5b508e-a38e-4c29-8bd6-ef1e44a53451 tableID=0xc00042b970 seatIndex=0xc00042d680
2025/11/08 14:46:51 INFO session removed token=1b5b508e-a38e-4c29-8bd6-ef1e44a53451
2025/11/08 14:46:51 INFO session created token=047574fc-d34d-47fc-aa59-a46c43d07441 name=User_35_91
2025/11/08 14:46:51 INFO session created token=0525b7de-6bd5-4d5d-8765-dadd9741a539 name=User_86_89
2025/11/08 14:46:51 INFO session created token=734f4f82-fa16-42c6-9bec-4b4fc00c70be name=User_51_80
2025/11/08 14:46:51 INFO session updated token=0525b7de-6bd5-4d5d-8765-dadd9741a539 tableID=0xc00042b9d0 seatIndex=0xc00042d6e0
2025/11/08 14:46:51 INFO session removed token=0525b7de-6bd5-4d5d-8765-dadd9741a539
2025/11/08 14:46:51 INFO session created token=43d48dd5-11f1-4074-83a3-1c2134a1530d name=User_86_90
2025/11/08 14:46:51 INFO session updated token=43d48dd5-11f1-4074-83a3-1c2134a1530d tableID=0xc00042ba40 seatIndex=0xc00042d750
2025/11/08 14:46:51 INFO session removed token=43d48dd5-11f1-4074-83a3-1c2134a1530d
2025/11/08 14:46:51 INFO session created token=a7e3d70e-a1da-4791-8599-b884542646e6 name=User_86_91
2025/11/08 14:46:51 INFO session updated token=a7e3d70e-a1da-4791-8599-b884542646e6 tableID=0xc00042ba90 seatIndex=0xc00042d7a0
2025/11/08 14:46:51 INFO session removed token=a7e3d70e-a1da-4791-8599-b884542646e6
2025/11/08 14:46:51 INFO session created token=33eb54b8-0b42-424a-9eb1-cc82c3890815 name=User_86_92
2025/11/08 14:46:51 INFO session updated token=33eb54b8-0b42-424a-9eb1-cc82c3890815 tableID=0xc00042bae0 seatIndex=0xc00042d7f0
2025/11/08 14:46:51 INFO session removed token=33eb54b8-0b42-424a-9eb1-cc82c3890815
2025/11/08 14:46:51 INFO session created token=3555b066-0ec9-4ced-9bd5-da1e4f9995aa name=User_86_93
2025/11/08 14:46:51 INFO session updated token=3555b066-0ec9-4ced-9bd5-da1e4f9995aa tableID=0xc00042bb30 seatIndex=0xc00042d840
2025/11/08 14:46:51 INFO session removed token=3555b066-0ec9-4ced-9bd5-da1e4f9995aa
2025/11/08 14:46:51 INFO session created token=5b4edc97-8f80-41cb-ae7d-abd52035973f name=User_86_94
2025/11/08 14:46:51 INFO session updated token=5b4edc97-8f80-41cb-ae7d-abd52035973f tableID=0xc00042bb80 seatIndex=0xc00042d890
2025/11/08 14:46:51 INFO session removed token=5b4edc97-8f80-41cb-ae7d-abd52035973f
2025/11/08 14:46:51 INFO session created token=4c4f6512-641a-401a-8ff1-77a36374ed2e name=User_86_95
2025/11/08 14:46:51 INFO session updated token=4c4f6512-641a-401a-8ff1-77a36374ed2e tableID=0xc00042bbd0 seatIndex=0xc00042d8e0
2025/11/08 14:46:51 INFO session removed token=4c4f6512-641a-401a-8ff1-77a36374ed2e
2025/11/08 14:46:51 INFO session created token=f362c592-0ff3-4734-8219-ced9cdb6bca2 name=User_86_96
2025/11/08 14:46:51 INFO session updated token=f362c592-0ff3-4734-8219-ced9cdb6bca2 tableID=0xc00042bc20 seatIndex=0xc00042d930
2025/11/08 14:46:51 INFO session removed token=f362c592-0ff3-4734-8219-ced9cdb6bca2
2025/11/08 14:46:51 INFO session created token=c8cca7a8-500b-4033-a394-457af98e3c9c name=User_86_97
2025/11/08 14:46:51 INFO session updated token=c8cca7a8-500b-4033-a394-457af98e3c9c tableID=0xc00042bc70 seatIndex=0xc00042d980
2025/11/08 14:46:51 INFO session removed token=c8cca7a8-500b-4033-a394-457af98e3c9c
2025/11/08 14:46:51 INFO session created token=dc41f5d8-818c-450e-bf18-c9697bd89b8e name=User_86_98
2025/11/08 14:46:51 INFO session updated token=dc41f5d8-818c-450e-bf18-c9697bd89b8e tableID=0xc00042bcc0 seatIndex=0xc00042d9d0
2025/11/08 14:46:51 INFO session removed token=dc41f5d8-818c-450e-bf18-c9697bd89b8e
2025/11/08 14:46:51 INFO session updated token=047574fc-d34d-47fc-aa59-a46c43d07441 tableID=0xc00042b9e0 seatIndex=0xc00042d6f0
2025/11/08 14:46:51 INFO session removed token=047574fc-d34d-47fc-aa59-a46c43d07441
2025/11/08 14:46:51 INFO session created token=6b53fcec-6385-4bf9-a95f-23a094d10de4 name=User_76_93
2025/11/08 14:46:51 INFO session created token=285de41b-0098-49db-b27b-e10f4c8122c0 name=User_35_92
2025/11/08 14:46:51 INFO session updated token=6b53fcec-6385-4bf9-a95f-23a094d10de4 tableID=0xc00042bd10 seatIndex=0xc00042da20
2025/11/08 14:46:51 INFO session removed token=6b53fcec-6385-4bf9-a95f-23a094d10de4
2025/11/08 14:46:51 INFO session created token=22c9b72f-d607-4dbc-af08-2041fcebef4d name=User_76_94
2025/11/08 14:46:51 INFO session updated token=22c9b72f-d607-4dbc-af08-2041fcebef4d tableID=0xc00042bd70 seatIndex=0xc00042da80
2025/11/08 14:46:51 INFO session removed token=22c9b72f-d607-4dbc-af08-2041fcebef4d
2025/11/08 14:46:51 INFO session created token=f562ad50-9ca6-47a3-8236-f409aa2c6125 name=User_76_95
2025/11/08 14:46:51 INFO session updated token=f562ad50-9ca6-47a3-8236-f409aa2c6125 tableID=0xc00042bdc0 seatIndex=0xc00042dad0
2025/11/08 14:46:51 INFO session removed token=f562ad50-9ca6-47a3-8236-f409aa2c6125
2025/11/08 14:46:51 INFO session created token=41a722d4-6d6c-411a-90ad-0c7a14d39350 name=User_76_96
2025/11/08 14:46:51 INFO session updated token=41a722d4-6d6c-411a-90ad-0c7a14d39350 tableID=0xc00042be10 seatIndex=0xc00042db20
2025/11/08 14:46:51 INFO session removed token=41a722d4-6d6c-411a-90ad-0c7a14d39350
2025/11/08 14:46:51 INFO session created token=4a2e927c-fab7-4c93-b056-7c7bb45f03e9 name=User_76_97
2025/11/08 14:46:51 INFO session updated token=4a2e927c-fab7-4c93-b056-7c7bb45f03e9 tableID=0xc00042be60 seatIndex=0xc00042db70
2025/11/08 14:46:51 INFO session removed token=4a2e927c-fab7-4c93-b056-7c7bb45f03e9
2025/11/08 14:46:51 INFO session created token=cec035c4-56f4-4836-9712-25cae6045816 name=User_76_98
2025/11/08 14:46:51 INFO session updated token=a4687136-080a-4c06-a44e-a813cd252e57 tableID=0xc00042b990 seatIndex=0xc00042d6b0
2025/11/08 14:46:51 INFO session removed token=a4687136-080a-4c06-a44e-a813cd252e57
2025/11/08 14:46:51 INFO session created token=2b76833e-ad32-4ec3-a3cb-ef6db9d23107 name=User_63_98
2025/11/08 14:46:51 INFO session updated token=2b76833e-ad32-4ec3-a3cb-ef6db9d23107 tableID=0xc0004c49d0 seatIndex=0xc0004ba9c0
2025/11/08 14:46:51 INFO session removed token=2b76833e-ad32-4ec3-a3cb-ef6db9d23107
2025/11/08 14:46:51 INFO session created token=66867c22-0f72-46f9-877a-b69e92a5f573 name=User_63_99
2025/11/08 14:46:51 INFO session updated token=66867c22-0f72-46f9-877a-b69e92a5f573 tableID=0xc0004c4a20 seatIndex=0xc0004baa10
2025/11/08 14:46:51 INFO session removed token=66867c22-0f72-46f9-877a-b69e92a5f573
2025/11/08 14:46:51 INFO session updated token=285de41b-0098-49db-b27b-e10f4c8122c0 tableID=0xc00042bd30 seatIndex=0xc00042da50
2025/11/08 14:46:51 INFO session removed token=285de41b-0098-49db-b27b-e10f4c8122c0
2025/11/08 14:46:51 INFO session created token=ef986470-32c2-4f96-8946-f636270e8c2a name=User_35_93
2025/11/08 14:46:51 INFO session updated token=ef986470-32c2-4f96-8946-f636270e8c2a tableID=0xc0004c4a90 seatIndex=0xc0004baa80
2025/11/08 14:46:51 INFO session removed token=ef986470-32c2-4f96-8946-f636270e8c2a
2025/11/08 14:46:51 INFO session created token=a9c2e60e-c34d-4399-a0b6-9df236343a47 name=User_35_94
2025/11/08 14:46:51 INFO session updated token=a9c2e60e-c34d-4399-a0b6-9df236343a47 tableID=0xc0004c4ae0 seatIndex=0xc0004baad0
2025/11/08 14:46:51 INFO session removed token=a9c2e60e-c34d-4399-a0b6-9df236343a47
2025/11/08 14:46:51 INFO session created token=48f05aa4-130a-4435-96f3-90cbe9ba8684 name=User_35_95
2025/11/08 14:46:51 INFO session updated token=48f05aa4-130a-4435-96f3-90cbe9ba8684 tableID=0xc0004c4b30 seatIndex=0xc0004bab20
2025/11/08 14:46:51 INFO session removed token=48f05aa4-130a-4435-96f3-90cbe9ba8684
2025/11/08 14:46:51 INFO session created token=0f0a8e5b-11ff-4632-bfdd-190c8e5856fa name=User_35_96
2025/11/08 14:46:51 INFO session updated token=0f0a8e5b-11ff-4632-bfdd-190c8e5856fa tableID=0xc0004c4b80 seatIndex=0xc0004bab70
2025/11/08 14:46:51 INFO session removed token=0f0a8e5b-11ff-4632-bfdd-190c8e5856fa
2025/11/08 14:46:51 INFO session created token=54ac8359-2c50-4510-8625-dc5474f7bd18 name=User_35_97
2025/11/08 14:46:51 INFO session updated token=54ac8359-2c50-4510-8625-dc5474f7bd18 tableID=0xc0004c4bd0 seatIndex=0xc0004babc0
2025/11/08 14:46:51 INFO session removed token=54ac8359-2c50-4510-8625-dc5474f7bd18
2025/11/08 14:46:51 INFO session created token=726ecc21-be3d-4fff-b72e-7d8df2295244 name=User_35_98
2025/11/08 14:46:51 INFO session updated token=726ecc21-be3d-4fff-b72e-7d8df2295244 tableID=0xc0004c4c20 seatIndex=0xc0004bac10
2025/11/08 14:46:51 INFO session removed token=726ecc21-be3d-4fff-b72e-7d8df2295244
2025/11/08 14:46:51 INFO session created token=ee79b671-4f6e-49a1-ac1a-6230634f856e name=User_35_99
2025/11/08 14:46:51 INFO session updated token=ee79b671-4f6e-49a1-ac1a-6230634f856e tableID=0xc0004c4c70 seatIndex=0xc0004bac60
2025/11/08 14:46:51 INFO session removed token=ee79b671-4f6e-49a1-ac1a-6230634f856e
2025/11/08 14:46:51 INFO session created token=0fecb0cf-a642-4459-8b17-067136cfee02 name=User_77_73
2025/11/08 14:46:51 INFO session updated token=0fecb0cf-a642-4459-8b17-067136cfee02 tableID=0xc0004c4cc0 seatIndex=0xc0004bac90
2025/11/08 14:46:51 INFO session removed token=0fecb0cf-a642-4459-8b17-067136cfee02
2025/11/08 14:46:51 INFO session created token=9b2f76ef-8f1f-4478-a7a6-c8754a066753 name=User_77_74
2025/11/08 14:46:51 INFO session updated token=9b2f76ef-8f1f-4478-a7a6-c8754a066753 tableID=0xc0004c4d10 seatIndex=0xc0004bace0
2025/11/08 14:46:51 INFO session removed token=9b2f76ef-8f1f-4478-a7a6-c8754a066753
2025/11/08 14:46:51 INFO session created token=ff521f9a-a1df-4825-b00b-953a7ec83f8a name=User_77_75
2025/11/08 14:46:51 INFO session updated token=ff521f9a-a1df-4825-b00b-953a7ec83f8a tableID=0xc0004c4d60 seatIndex=0xc0004bad30
2025/11/08 14:46:51 INFO session removed token=ff521f9a-a1df-4825-b00b-953a7ec83f8a
2025/11/08 14:46:51 INFO session created token=339e09b4-82e0-41f1-945f-0de90c93556b name=User_77_76
2025/11/08 14:46:51 INFO session updated token=339e09b4-82e0-41f1-945f-0de90c93556b tableID=0xc0004c4db0 seatIndex=0xc0004bad80
2025/11/08 14:46:51 INFO session removed token=339e09b4-82e0-41f1-945f-0de90c93556b
2025/11/08 14:46:51 INFO session created token=e2901e2b-be92-4bfa-93c1-bec8de2142f9 name=User_77_77
2025/11/08 14:46:51 INFO session updated token=e2901e2b-be92-4bfa-93c1-bec8de2142f9 tableID=0xc0004c4e00 seatIndex=0xc0004badd0
2025/11/08 14:46:51 INFO session removed token=e2901e2b-be92-4bfa-93c1-bec8de2142f9
2025/11/08 14:46:51 INFO session created token=7ebe2b1c-7013-491f-94fa-dab775ab687f name=User_77_78
2025/11/08 14:46:51 INFO session updated token=7ebe2b1c-7013-491f-94fa-dab775ab687f tableID=0xc0004c4e50 seatIndex=0xc0004bae20
2025/11/08 14:46:51 INFO session removed token=7ebe2b1c-7013-491f-94fa-dab775ab687f
2025/11/08 14:46:51 INFO session created token=4ae19a33-f8f6-4f31-a3c8-8abd1e487ad4 name=User_77_79
2025/11/08 14:46:51 INFO session updated token=4ae19a33-f8f6-4f31-a3c8-8abd1e487ad4 tableID=0xc0004c4ea0 seatIndex=0xc0004bae70
2025/11/08 14:46:51 INFO session removed token=4ae19a33-f8f6-4f31-a3c8-8abd1e487ad4
2025/11/08 14:46:51 INFO session updated token=734f4f82-fa16-42c6-9bec-4b4fc00c70be tableID=0xc00042ba00 seatIndex=0xc00042d720
2025/11/08 14:46:51 INFO session removed token=734f4f82-fa16-42c6-9bec-4b4fc00c70be
2025/11/08 14:46:51 INFO session created token=d77539ee-30fd-4d32-b73f-be7b21d3334b name=User_51_81
2025/11/08 14:46:51 INFO session updated token=d77539ee-30fd-4d32-b73f-be7b21d3334b tableID=0xc00036f3e0 seatIndex=0xc0003712e0
2025/11/08 14:46:51 INFO session removed token=d77539ee-30fd-4d32-b73f-be7b21d3334b
2025/11/08 14:46:51 INFO session created token=93135aae-f080-46d3-ae52-f3f8f5517863 name=User_51_82
2025/11/08 14:46:51 INFO session updated token=93135aae-f080-46d3-ae52-f3f8f5517863 tableID=0xc00036f430 seatIndex=0xc000371330
2025/11/08 14:46:51 INFO session removed token=93135aae-f080-46d3-ae52-f3f8f5517863
2025/11/08 14:46:51 INFO session created token=61e5ecf9-2ef1-406e-b287-7bc2128073d4 name=User_51_83
2025/11/08 14:46:51 INFO session updated token=61e5ecf9-2ef1-406e-b287-7bc2128073d4 tableID=0xc00036f480 seatIndex=0xc000371380
2025/11/08 14:46:51 INFO session removed token=61e5ecf9-2ef1-406e-b287-7bc2128073d4
2025/11/08 14:46:51 INFO session created token=3dc6d2c3-a03c-448b-96e4-c56cf25b6266 name=User_51_84
2025/11/08 14:46:51 INFO session updated token=3dc6d2c3-a03c-448b-96e4-c56cf25b6266 tableID=0xc00036f4d0 seatIndex=0xc0003713d0
2025/11/08 14:46:51 INFO session removed token=3dc6d2c3-a03c-448b-96e4-c56cf25b6266
2025/11/08 14:46:51 INFO session created token=f7c85380-2644-4e04-907e-41535fcb0def name=User_86_99
2025/11/08 14:46:51 INFO session created token=7a44a760-5ebc-42e9-8df1-43c96cc23c2a name=User_51_85
2025/11/08 14:46:51 INFO session updated token=f7c85380-2644-4e04-907e-41535fcb0def tableID=0xc0004c4ef0 seatIndex=0xc0004baec0
2025/11/08 14:46:51 INFO session removed token=f7c85380-2644-4e04-907e-41535fcb0def
2025/11/08 14:46:51 INFO session updated token=7a44a760-5ebc-42e9-8df1-43c96cc23c2a tableID=0xc0004c4f10 seatIndex=0xc0004baef0
2025/11/08 14:46:51 INFO session removed token=7a44a760-5ebc-42e9-8df1-43c96cc23c2a
2025/11/08 14:46:51 INFO session created token=7f3e9873-5b2e-44cb-883a-67ad1cc3d03c name=User_51_86
2025/11/08 14:46:51 INFO session updated token=7f3e9873-5b2e-44cb-883a-67ad1cc3d03c tableID=0xc0004c4f70 seatIndex=0xc0004baf40
2025/11/08 14:46:51 INFO session removed token=7f3e9873-5b2e-44cb-883a-67ad1cc3d03c
2025/11/08 14:46:51 INFO session created token=1e9bd17e-cc88-4f69-9e81-d626efa6b36f name=User_51_87
2025/11/08 14:46:51 INFO session updated token=1e9bd17e-cc88-4f69-9e81-d626efa6b36f tableID=0xc0004c4fc0 seatIndex=0xc0004baf90
2025/11/08 14:46:51 INFO session removed token=1e9bd17e-cc88-4f69-9e81-d626efa6b36f
2025/11/08 14:46:51 INFO session created token=736f91af-ae64-4f68-815b-de340a902ba7 name=User_51_88
2025/11/08 14:46:51 INFO session updated token=736f91af-ae64-4f68-815b-de340a902ba7 tableID=0xc0004c5010 seatIndex=0xc0004bafe0
2025/11/08 14:46:51 INFO session removed token=736f91af-ae64-4f68-815b-de340a902ba7
2025/11/08 14:46:51 INFO session created token=f1d5bced-c512-4f9f-806a-e44db98c96df name=User_51_89
2025/11/08 14:46:51 INFO session updated token=cec035c4-56f4-4836-9712-25cae6045816 tableID=0xc0004c4990 seatIndex=0xc0004ba990
2025/11/08 14:46:51 INFO session removed token=cec035c4-56f4-4836-9712-25cae6045816
2025/11/08 14:46:51 INFO session created token=6390d852-e5d3-474e-b0a4-7d7ad965f5ed name=User_76_99
2025/11/08 14:46:51 INFO session updated token=6390d852-e5d3-474e-b0a4-7d7ad965f5ed tableID=0xc00042bef0 seatIndex=0xc00042dc00
2025/11/08 14:46:51 INFO session removed token=6390d852-e5d3-474e-b0a4-7d7ad965f5ed
2025/11/08 14:46:51 INFO session updated token=f1d5bced-c512-4f9f-806a-e44db98c96df tableID=0xc0004c5060 seatIndex=0xc0004bb030
2025/11/08 14:46:51 INFO session removed token=f1d5bced-c512-4f9f-806a-e44db98c96df
2025/11/08 14:46:51 INFO session created token=8e11818c-619b-48f3-adc7-8544a2f4bdc5 name=User_51_90
2025/11/08 14:46:51 INFO session updated token=8e11818c-619b-48f3-adc7-8544a2f4bdc5 tableID=0xc00042bf60 seatIndex=0xc00042dc70
2025/11/08 14:46:51 INFO session removed token=8e11818c-619b-48f3-adc7-8544a2f4bdc5
2025/11/08 14:46:51 INFO session created token=9e99bb3c-fd54-4e84-a83b-69a8f8ad3f55 name=User_51_91
2025/11/08 14:46:51 INFO session updated token=9e99bb3c-fd54-4e84-a83b-69a8f8ad3f55 tableID=0xc000430030 seatIndex=0xc00042dcc0
2025/11/08 14:46:51 INFO session removed token=9e99bb3c-fd54-4e84-a83b-69a8f8ad3f55
2025/11/08 14:46:51 INFO session created token=55d72efe-2e12-4906-a9b5-9d76bab885d4 name=User_51_92
2025/11/08 14:46:51 INFO session updated token=55d72efe-2e12-4906-a9b5-9d76bab885d4 tableID=0xc000430080 seatIndex=0xc00042dd10
2025/11/08 14:46:51 INFO session removed token=55d72efe-2e12-4906-a9b5-9d76bab885d4
2025/11/08 14:46:51 INFO session created token=162e5804-eb76-463b-a050-c26c70ee90c9 name=User_51_93
2025/11/08 14:46:51 INFO session updated token=162e5804-eb76-463b-a050-c26c70ee90c9 tableID=0xc0004300d0 seatIndex=0xc00042dd60
2025/11/08 14:46:51 INFO session removed token=162e5804-eb76-463b-a050-c26c70ee90c9
2025/11/08 14:46:51 INFO session created token=8fd46dee-6a42-45c2-b1be-c3f9e093ab2e name=User_51_94
2025/11/08 14:46:51 INFO session updated token=8fd46dee-6a42-45c2-b1be-c3f9e093ab2e tableID=0xc000430120 seatIndex=0xc00042ddb0
2025/11/08 14:46:51 INFO session removed token=8fd46dee-6a42-45c2-b1be-c3f9e093ab2e
2025/11/08 14:46:51 INFO session created token=2b717d80-f9c3-4f97-9993-eac99cb2e83a name=User_51_95
2025/11/08 14:46:51 INFO session updated token=2b717d80-f9c3-4f97-9993-eac99cb2e83a tableID=0xc000430170 seatIndex=0xc00042de00
2025/11/08 14:46:51 INFO session removed token=2b717d80-f9c3-4f97-9993-eac99cb2e83a
2025/11/08 14:46:51 INFO session created token=6caafa16-b060-4e8a-9e23-40f29c0f29fb name=User_51_96
2025/11/08 14:46:51 INFO session updated token=6caafa16-b060-4e8a-9e23-40f29c0f29fb tableID=0xc0004301c0 seatIndex=0xc00042de50
2025/11/08 14:46:51 INFO session removed token=6caafa16-b060-4e8a-9e23-40f29c0f29fb
2025/11/08 14:46:51 INFO session created token=fc49eb6b-8d46-4ed6-8b50-71de052d5f47 name=User_51_97
2025/11/08 14:46:51 INFO session updated token=fc49eb6b-8d46-4ed6-8b50-71de052d5f47 tableID=0xc000430210 seatIndex=0xc00042dea0
2025/11/08 14:46:51 INFO session removed token=fc49eb6b-8d46-4ed6-8b50-71de052d5f47
2025/11/08 14:46:51 INFO session created token=95a0a298-e4ac-42f0-ab3b-a7d9702b71d3 name=User_51_98
2025/11/08 14:46:51 INFO session updated token=95a0a298-e4ac-42f0-ab3b-a7d9702b71d3 tableID=0xc000430260 seatIndex=0xc00042def0
2025/11/08 14:46:51 INFO session removed token=95a0a298-e4ac-42f0-ab3b-a7d9702b71d3
2025/11/08 14:46:51 INFO session created token=f5850bb6-93f5-43e1-89ec-9745f5d7dde5 name=User_51_99
2025/11/08 14:46:51 INFO session created token=4f869713-cf69-4d75-90ea-8f2a1765cdbb name=User_77_80
2025/11/08 14:46:51 INFO session updated token=f5850bb6-93f5-43e1-89ec-9745f5d7dde5 tableID=0xc0004302b0 seatIndex=0xc00042df40
2025/11/08 14:46:51 INFO session removed token=f5850bb6-93f5-43e1-89ec-9745f5d7dde5
2025/11/08 14:46:51 INFO session updated token=4f869713-cf69-4d75-90ea-8f2a1765cdbb tableID=0xc0004302d0 seatIndex=0xc00042df70
2025/11/08 14:46:51 INFO session removed token=4f869713-cf69-4d75-90ea-8f2a1765cdbb
2025/11/08 14:46:51 INFO session created token=63d3adff-c218-4cab-b57f-53fb87cb0c58 name=User_77_81
2025/11/08 14:46:51 INFO session updated token=63d3adff-c218-4cab-b57f-53fb87cb0c58 tableID=0xc000430330 seatIndex=0xc00042dfc0
2025/11/08 14:46:51 INFO session removed token=63d3adff-c218-4cab-b57f-53fb87cb0c58
2025/11/08 14:46:51 INFO session created token=900f4169-d1d0-4497-a3c3-a6e62bbd0a1c name=User_77_82
2025/11/08 14:46:51 INFO session updated token=900f4169-d1d0-4497-a3c3-a6e62bbd0a1c tableID=0xc000430380 seatIndex=0xc000434010
2025/11/08 14:46:51 INFO session removed token=900f4169-d1d0-4497-a3c3-a6e62bbd0a1c
2025/11/08 14:46:51 INFO session created token=444f659d-01d1-4491-acfd-3b30b595716b name=User_77_83
2025/11/08 14:46:51 INFO session updated token=444f659d-01d1-4491-acfd-3b30b595716b tableID=0xc0004303d0 seatIndex=0xc000434060
2025/11/08 14:46:51 INFO session removed token=444f659d-01d1-4491-acfd-3b30b595716b
2025/11/08 14:46:51 INFO session created token=44dbb62c-567d-408c-85a9-12ee35415091 name=User_77_84
2025/11/08 14:46:51 INFO session updated token=44dbb62c-567d-408c-85a9-12ee35415091 tableID=0xc000430420 seatIndex=0xc0004340b0
2025/11/08 14:46:51 INFO session removed token=44dbb62c-567d-408c-85a9-12ee35415091
2025/11/08 14:46:51 INFO session created token=8949f16b-b129-4909-9dd8-e2aa5a68373f name=User_77_85
2025/11/08 14:46:51 INFO session updated token=8949f16b-b129-4909-9dd8-e2aa5a68373f tableID=0xc000430470 seatIndex=0xc000434100
2025/11/08 14:46:51 INFO session removed token=8949f16b-b129-4909-9dd8-e2aa5a68373f
2025/11/08 14:46:51 INFO session created token=2718fd54-3a86-4dd7-8757-d44561113426 name=User_77_86
2025/11/08 14:46:51 INFO session updated token=2718fd54-3a86-4dd7-8757-d44561113426 tableID=0xc0004304c0 seatIndex=0xc000434150
2025/11/08 14:46:51 INFO session removed token=2718fd54-3a86-4dd7-8757-d44561113426
2025/11/08 14:46:51 INFO session created token=61c9eed7-e8d0-418b-a8ca-8d39b6a9f8bd name=User_77_87
2025/11/08 14:46:51 INFO session updated token=61c9eed7-e8d0-418b-a8ca-8d39b6a9f8bd tableID=0xc000430510 seatIndex=0xc0004341a0
2025/11/08 14:46:51 INFO session removed token=61c9eed7-e8d0-418b-a8ca-8d39b6a9f8bd
2025/11/08 14:46:51 INFO session created token=27279cd5-3ef7-4029-956f-534ab2b32af4 name=User_77_88
2025/11/08 14:46:51 INFO session updated token=27279cd5-3ef7-4029-956f-534ab2b32af4 tableID=0xc000430560 seatIndex=0xc0004341f0
2025/11/08 14:46:51 INFO session removed token=27279cd5-3ef7-4029-956f-534ab2b32af4
2025/11/08 14:46:51 INFO session created token=96bb3789-1533-456f-85c5-788bafde7deb name=User_77_89
2025/11/08 14:46:51 INFO session updated token=96bb3789-1533-456f-85c5-788bafde7deb tableID=0xc0004305b0 seatIndex=0xc000434240
2025/11/08 14:46:51 INFO session removed token=96bb3789-1533-456f-85c5-788bafde7deb
2025/11/08 14:46:51 INFO session created token=e6b230f6-c32e-4bf8-9a6d-2921c56f0cb0 name=User_77_90
2025/11/08 14:46:51 INFO session updated token=e6b230f6-c32e-4bf8-9a6d-2921c56f0cb0 tableID=0xc000430600 seatIndex=0xc000434290
2025/11/08 14:46:51 INFO session removed token=e6b230f6-c32e-4bf8-9a6d-2921c56f0cb0
2025/11/08 14:46:51 INFO session created token=86eb7ab7-0a0a-4b84-a492-ea46b3c243b0 name=User_77_91
2025/11/08 14:46:51 INFO session updated token=86eb7ab7-0a0a-4b84-a492-ea46b3c243b0 tableID=0xc000430650 seatIndex=0xc0004342e0
2025/11/08 14:46:51 INFO session removed token=86eb7ab7-0a0a-4b84-a492-ea46b3c243b0
2025/11/08 14:46:51 INFO session created token=4b8d8f07-d733-4445-b970-117553745afc name=User_77_92
2025/11/08 14:46:51 INFO session updated token=4b8d8f07-d733-4445-b970-117553745afc tableID=0xc0004306a0 seatIndex=0xc000434330
2025/11/08 14:46:51 INFO session removed token=4b8d8f07-d733-4445-b970-117553745afc
2025/11/08 14:46:51 INFO session created token=6ae54d3c-aa7d-45bf-b601-380b4f29ec91 name=User_77_93
2025/11/08 14:46:51 INFO session updated token=6ae54d3c-aa7d-45bf-b601-380b4f29ec91 tableID=0xc0004306f0 seatIndex=0xc000434380
2025/11/08 14:46:51 INFO session removed token=6ae54d3c-aa7d-45bf-b601-380b4f29ec91
2025/11/08 14:46:51 INFO session created token=b358724d-542b-4356-9778-27b9294bd403 name=User_77_94
2025/11/08 14:46:51 INFO session updated token=b358724d-542b-4356-9778-27b9294bd403 tableID=0xc000430740 seatIndex=0xc0004343d0
2025/11/08 14:46:51 INFO session removed token=b358724d-542b-4356-9778-27b9294bd403
2025/11/08 14:46:51 INFO session created token=e700ac93-1b90-4526-8e74-ff39aac2bc98 name=User_77_95
2025/11/08 14:46:51 INFO session updated token=e700ac93-1b90-4526-8e74-ff39aac2bc98 tableID=0xc000430790 seatIndex=0xc000434420
2025/11/08 14:46:51 INFO session removed token=e700ac93-1b90-4526-8e74-ff39aac2bc98
2025/11/08 14:46:51 INFO session created token=3fb665ee-06e5-4d16-bf63-d1ac758329af name=User_77_96
2025/11/08 14:46:51 INFO session updated token=3fb665ee-06e5-4d16-bf63-d1ac758329af tableID=0xc0004307e0 seatIndex=0xc000434470
2025/11/08 14:46:51 INFO session removed token=3fb665ee-06e5-4d16-bf63-d1ac758329af
2025/11/08 14:46:51 INFO session created token=161d3878-f172-4422-a528-ecb09595224f name=User_77_97
2025/11/08 14:46:51 INFO session updated token=161d3878-f172-4422-a528-ecb09595224f tableID=0xc000430830 seatIndex=0xc0004344c0
2025/11/08 14:46:51 INFO session removed token=161d3878-f172-4422-a528-ecb09595224f
2025/11/08 14:46:51 INFO session created token=9f20228d-23af-4d01-abc4-c977086c6007 name=User_77_98
2025/11/08 14:46:51 INFO session updated token=9f20228d-23af-4d01-abc4-c977086c6007 tableID=0xc000430880 seatIndex=0xc000434510
2025/11/08 14:46:51 INFO session removed token=9f20228d-23af-4d01-abc4-c977086c6007
2025/11/08 14:46:51 INFO session created token=e3bcbcee-b470-4c12-b5fb-95e0073718e2 name=User_77_99
2025/11/08 14:46:51 INFO session updated token=e3bcbcee-b470-4c12-b5fb-95e0073718e2 tableID=0xc0004308d0 seatIndex=0xc000434560
2025/11/08 14:46:51 INFO session removed token=e3bcbcee-b470-4c12-b5fb-95e0073718e2
--- PASS: TestSessionManager_ConcurrentAccess (0.58s)
=== RUN   TestSessionManager_TokenUniqueness
2025/11/08 14:46:51 INFO session created token=486eb1dc-199f-404b-92e1-f16503434a59 name=User_0
2025/11/08 14:46:51 INFO session created token=8b9f0836-de5c-45e3-9fcb-39552b717546 name=User_1
2025/11/08 14:46:51 INFO session created token=34e87da2-8871-4c66-8f6d-19e71b879bea name=User_2
2025/11/08 14:46:51 INFO session created token=634f474b-1779-4f20-b6c8-58bf447f5680 name=User_3
2025/11/08 14:46:51 INFO session created token=8423e437-fb1a-4e37-b04f-40d47e706d20 name=User_4
2025/11/08 14:46:51 INFO session created token=55698db5-eb04-4eea-ae43-80b544190583 name=User_5
2025/11/08 14:46:51 INFO session created token=f2fd2a3a-5649-4e69-b50a-90c5fbf76b08 name=User_6
2025/11/08 14:46:51 INFO session created token=1b4552d8-f9b5-436b-ad04-6ed912a194b5 name=User_7
2025/11/08 14:46:51 INFO session created token=eb0b0bd4-c3f2-46e2-9b48-ca6cbbed695c name=User_8
2025/11/08 14:46:51 INFO session created token=9aa87741-47e2-48fd-95f9-5aacefacaf24 name=User_9
2025/11/08 14:46:51 INFO session created token=1b53818e-60fc-47b1-b664-9c00e361ecd4 name=User_10
2025/11/08 14:46:51 INFO session created token=3c415458-df22-4e6e-83c7-20cd72be2dc3 name=User_11
2025/11/08 14:46:51 INFO session created token=f2bd9692-699d-432e-9bb7-5c5c2c22c668 name=User_12
2025/11/08 14:46:51 INFO session created token=ea30da52-6f42-45de-bcfe-2158591d93d9 name=User_13
2025/11/08 14:46:51 INFO session created token=d1d96600-ddd7-4d7c-8739-2d0171f37139 name=User_14
2025/11/08 14:46:51 INFO session created token=bdaf655c-0104-4958-93cd-7576bcaa7f14 name=User_15
2025/11/08 14:46:51 INFO session created token=41289283-705b-4887-9733-462990012931 name=User_16
2025/11/08 14:46:51 INFO session created token=1f6c38c7-8367-46d9-a457-9a46c99a86fe name=User_17
2025/11/08 14:46:51 INFO session created token=43158eee-b7a5-42b8-aafb-cff9aec3c211 name=User_18
2025/11/08 14:46:51 INFO session created token=f0f62205-43a2-4a16-9249-d30a6b47dd78 name=User_19
2025/11/08 14:46:51 INFO session created token=54409ed4-cac8-42b9-a655-c74f35ac877f name=User_20
2025/11/08 14:46:51 INFO session created token=f668c7bc-5412-4ecd-a8db-c0502ccdb5b1 name=User_21
2025/11/08 14:46:51 INFO session created token=848939d1-751a-43fd-b119-d68ef3d2cc08 name=User_22
2025/11/08 14:46:51 INFO session created token=2c25a077-8315-449e-9831-8afca977bc18 name=User_23
2025/11/08 14:46:51 INFO session created token=55e5c397-b9b2-4ae6-a65b-fa4b70adad47 name=User_24
2025/11/08 14:46:51 INFO session created token=9788a0cb-b265-44bc-baf7-7640de658258 name=User_25
2025/11/08 14:46:51 INFO session created token=e60187d2-e348-493d-9b9c-2d040a31eda6 name=User_26
2025/11/08 14:46:51 INFO session created token=d9a26a5f-ecfb-41ac-bb59-1500a1a3fe4b name=User_27
2025/11/08 14:46:51 INFO session created token=54995d94-bc98-49cf-9bef-572e0d4be655 name=User_28
2025/11/08 14:46:51 INFO session created token=91006134-21ae-4986-bc24-514e1c371561 name=User_29
2025/11/08 14:46:51 INFO session created token=b601cd52-e7f1-418c-a460-da393499274a name=User_30
2025/11/08 14:46:51 INFO session created token=d566ad94-d788-4c02-b0b6-331e2766d35f name=User_31
2025/11/08 14:46:51 INFO session created token=1c027e63-6266-403f-85b1-937226a08c2c name=User_32
2025/11/08 14:46:51 INFO session created token=6067a8b5-527a-46e5-a272-4bf8814d20a2 name=User_33
2025/11/08 14:46:51 INFO session created token=76e5c0ff-802d-455d-af9d-dabffe5a9435 name=User_34
2025/11/08 14:46:51 INFO session created token=ab47036b-e8da-4e26-b72e-364de64c93ed name=User_35
2025/11/08 14:46:51 INFO session created token=60c892fd-6de8-4700-a475-467b3079f0f4 name=User_36
2025/11/08 14:46:51 INFO session created token=8532de98-15e0-4617-abbb-4dde314484af name=User_37
2025/11/08 14:46:51 INFO session created token=c7b5833e-4ec1-4099-b1f0-fa07a67d079b name=User_38
2025/11/08 14:46:51 INFO session created token=1f9200d2-cb1d-4832-bf83-c3c47470b291 name=User_39
2025/11/08 14:46:51 INFO session created token=aae83a30-41f1-4e9d-a796-84fe8bc7b32b name=User_40
2025/11/08 14:46:51 INFO session created token=5c0810f3-11a3-4421-97c9-9b6cdc93de80 name=User_41
2025/11/08 14:46:51 INFO session created token=769ce986-402c-48ef-9788-85e58bca6f52 name=User_42
2025/11/08 14:46:51 INFO session created token=91131722-735b-42fc-b31c-639eab02bc7d name=User_43
2025/11/08 14:46:51 INFO session created token=cd6674c5-2435-472f-bc9b-33b13ebab0a7 name=User_44
2025/11/08 14:46:51 INFO session created token=3c7d210f-cfbc-4d12-8086-d78b34dbc68b name=User_45
2025/11/08 14:46:51 INFO session created token=7eb94ea6-7252-4ec0-ba3c-1c9b73516c72 name=User_46
2025/11/08 14:46:51 INFO session created token=f9a68220-effa-4fef-b86c-10b065da3337 name=User_47
2025/11/08 14:46:51 INFO session created token=95d0cee2-9f0f-407b-b011-0e7643a56f71 name=User_48
2025/11/08 14:46:51 INFO session created token=c5be6369-58c7-4c4a-9bda-da1a1806c19b name=User_49
2025/11/08 14:46:51 INFO session created token=80683024-8977-4321-9fef-0bfc3c08d795 name=User_50
2025/11/08 14:46:51 INFO session created token=c9b5c882-919d-4436-b965-02021717f73f name=User_51
2025/11/08 14:46:51 INFO session created token=f1391df8-7e8f-4de2-bbb4-e22ae6bc0899 name=User_52
2025/11/08 14:46:51 INFO session created token=be664e34-8f80-443b-8d29-9efa99b74155 name=User_53
2025/11/08 14:46:51 INFO session created token=ab51d545-7e64-49d9-9e6d-55ca6932b667 name=User_54
2025/11/08 14:46:51 INFO session created token=cae5e63a-d51a-411a-b631-4696c334ebc0 name=User_55
2025/11/08 14:46:51 INFO session created token=45473a83-d0f5-48d5-babe-1d2aad369f36 name=User_56
2025/11/08 14:46:51 INFO session created token=df1aaaf4-6f25-4351-8a5a-4152e3c43242 name=User_57
2025/11/08 14:46:51 INFO session created token=add27251-47c7-4f2f-95a5-c7720d04599a name=User_58
2025/11/08 14:46:51 INFO session created token=404fb7a6-7510-49ea-816c-23223efae3e5 name=User_59
2025/11/08 14:46:51 INFO session created token=00790cb5-7d50-4a38-98f4-1f7b5782c2e3 name=User_60
2025/11/08 14:46:51 INFO session created token=e1ba6466-10ca-4bae-83b2-78b6be868f0d name=User_61
2025/11/08 14:46:51 INFO session created token=0a769686-d62f-43d3-880f-39c40b26dc95 name=User_62
2025/11/08 14:46:51 INFO session created token=397fdc48-1957-4824-9bf7-fc4e61e69a1c name=User_63
2025/11/08 14:46:51 INFO session created token=c8c65bb1-a68c-450d-9203-3473470ec638 name=User_64
2025/11/08 14:46:51 INFO session created token=5c915f92-6564-4a00-ad09-e1c7e9b7c142 name=User_65
2025/11/08 14:46:51 INFO session created token=e838444d-4f7a-4a9f-9cbb-566b4a9d8638 name=User_66
2025/11/08 14:46:51 INFO session created token=9484c09a-18e4-4f53-82a4-9fbdb180452b name=User_67
2025/11/08 14:46:51 INFO session created token=3c054d8a-fc58-45e4-8a6b-d5ef12bed65c name=User_68
2025/11/08 14:46:51 INFO session created token=e1f52178-043e-4a16-b9c7-332e4ccea3e2 name=User_69
2025/11/08 14:46:51 INFO session created token=9e18465f-0696-4f5a-947f-2bbdd24186ee name=User_70
2025/11/08 14:46:51 INFO session created token=f598f589-af06-4787-b050-89bc7553f998 name=User_71
2025/11/08 14:46:51 INFO session created token=e1d4cffa-0ee6-4485-9872-e655cdc66a0b name=User_72
2025/11/08 14:46:51 INFO session created token=e45db0fe-cb65-457a-8ccf-eb25afab6bd6 name=User_73
2025/11/08 14:46:51 INFO session created token=a5119daa-b851-4c3f-84f3-c3a09904479e name=User_74
2025/11/08 14:46:51 INFO session created token=aedda265-65f1-4dc7-a411-e13364c544c8 name=User_75
2025/11/08 14:46:51 INFO session created token=0c81bdf8-6e36-4019-9b3b-c91a1077595e name=User_76
2025/11/08 14:46:51 INFO session created token=e29a42c3-d13c-4671-b644-fb7e31df5c12 name=User_77
2025/11/08 14:46:51 INFO session created token=00745b72-db1a-44cf-9a32-376298675741 name=User_78
2025/11/08 14:46:51 INFO session created token=4425f0aa-d976-4c11-ae8d-7b0be5a5b960 name=User_79
2025/11/08 14:46:51 INFO session created token=0ac35299-a58f-4578-b970-50efab12a2b2 name=User_80
2025/11/08 14:46:51 INFO session created token=f0e8d08c-0b26-4b2d-8a1f-cd97bcd82992 name=User_81
2025/11/08 14:46:51 INFO session created token=967c3d8e-beb9-49ab-bf40-0146f826d98b name=User_82
2025/11/08 14:46:51 INFO session created token=68db647b-3d77-4151-a1b5-fe3078fe09c2 name=User_83
2025/11/08 14:46:51 INFO session created token=3c5f61f3-b35a-44ff-9709-0c05e2c9147b name=User_84
2025/11/08 14:46:51 INFO session created token=e5b40f95-2d44-4efb-a6d5-76768ff948ae name=User_85
2025/11/08 14:46:51 INFO session created token=25c5bff1-1273-4fd8-9857-8314afb98d4b name=User_86
2025/11/08 14:46:51 INFO session created token=2a36d4e3-92a5-471e-bea1-8b6b29b9d0bc name=User_87
2025/11/08 14:46:51 INFO session created token=a924ab0c-4385-4d39-971f-af317afc8165 name=User_88
2025/11/08 14:46:51 INFO session created token=22d0147d-73e8-41a0-9b92-72029f7a45e0 name=User_89
2025/11/08 14:46:51 INFO session created token=efc4e410-9ded-46bd-9bb1-a88dbfcee1fb name=User_90
2025/11/08 14:46:51 INFO session created token=b268d8c6-f94f-4e20-81b3-821d5e5c1adb name=User_91
2025/11/08 14:46:51 INFO session created token=9c1bb935-0dbb-463c-839c-55656f1147c4 name=User_92
2025/11/08 14:46:51 INFO session created token=678aeb71-83dd-42f5-86a1-1ac9a88e946b name=User_93
2025/11/08 14:46:51 INFO session created token=54578496-2219-424e-89bf-e055a1333d30 name=User_94
2025/11/08 14:46:51 INFO session created token=5e6e9db1-fc34-4025-a5a9-eaf84a8b55f9 name=User_95
2025/11/08 14:46:51 INFO session created token=b9d0aa21-8715-4477-9dd5-2b985bc1e129 name=User_96
2025/11/08 14:46:51 INFO session created token=14148e1f-cdd3-44ce-85d9-d9b0f16e8029 name=User_97
2025/11/08 14:46:51 INFO session created token=4fb6e7dd-6b5a-45a5-963b-6a9beaeff3c3 name=User_98
2025/11/08 14:46:51 INFO session created token=c97e57e9-537f-40d5-b37a-6c3c48a37da4 name=User_99
--- PASS: TestSessionManager_TokenUniqueness (0.00s)
=== RUN   TestSessionManager_CreatedAtTimestamp
2025/11/08 14:46:51 INFO session created token=c223d21c-18ad-4910-9836-96215ce94a46 name=Alice
--- PASS: TestSessionManager_CreatedAtTimestamp (0.00s)
=== RUN   TestSessionManager_NameTrimming
2025/11/08 14:46:51 INFO session created token=a1246ec3-cc17-478f-9cba-3caff0db222d name=Alice
--- PASS: TestSessionManager_NameTrimming (0.00s)
=== RUN   TestStaticFileServing
=== RUN   TestStaticFileServing/serves_index.html_at_root
=== RUN   TestStaticFileServing/serves_static_assets
=== RUN   TestStaticFileServing/SPA_fallback_for_non-existent_routes_serves_index.html
=== RUN   TestStaticFileServing/health_endpoint_still_works_and_not_overridden
=== RUN   TestStaticFileServing/WebSocket_endpoint_still_works
2025/11/08 14:46:51 ERROR websocket upgrade failed error="websocket: the client is not using the websocket protocol: 'upgrade' token not found in 'Connection' header"
--- PASS: TestStaticFileServing (0.00s)
    --- PASS: TestStaticFileServing/serves_index.html_at_root (0.00s)
    --- PASS: TestStaticFileServing/serves_static_assets (0.00s)
    --- PASS: TestStaticFileServing/SPA_fallback_for_non-existent_routes_serves_index.html (0.00s)
    --- PASS: TestStaticFileServing/health_endpoint_still_works_and_not_overridden (0.00s)
    --- PASS: TestStaticFileServing/WebSocket_endpoint_still_works (0.00s)
=== RUN   TestNewTable
--- PASS: TestNewTable (0.00s)
=== RUN   TestSeatInitialization
--- PASS: TestSeatInitialization (0.00s)
=== RUN   TestSeatStatusField
--- PASS: TestSeatStatusField (0.00s)
=== RUN   TestGetOccupiedSeatCount
--- PASS: TestGetOccupiedSeatCount (0.00s)
=== RUN   TestGetOccupiedSeatCountWithOccupiedSeats
--- PASS: TestGetOccupiedSeatCountWithOccupiedSeats (0.00s)
=== RUN   TestTableThreadSafety
--- PASS: TestTableThreadSafety (0.00s)
=== RUN   TestServerTablesPreseeded
--- PASS: TestServerTablesPreseeded (0.00s)
=== RUN   TestTableAssignSeat
--- PASS: TestTableAssignSeat (0.00s)
=== RUN   TestTableAssignSeatSequential
--- PASS: TestTableAssignSeatSequential (0.00s)
=== RUN   TestTableAssignSeatWhenFull
--- PASS: TestTableAssignSeatWhenFull (0.00s)
=== RUN   TestTableClearSeat
--- PASS: TestTableClearSeat (0.00s)
=== RUN   TestTableClearSeatNotFound
--- PASS: TestTableClearSeatNotFound (0.00s)
=== RUN   TestTableGetSeatByToken
--- PASS: TestTableGetSeatByToken (0.00s)
=== RUN   TestTableGetSeatByTokenNotFound
--- PASS: TestTableGetSeatByTokenNotFound (0.00s)
=== RUN   TestTableConcurrentAssignments
--- PASS: TestTableConcurrentAssignments (0.00s)
=== RUN   TestCardString
--- PASS: TestCardString (0.00s)
=== RUN   TestNewDeck
--- PASS: TestNewDeck (0.00s)
=== RUN   TestHandInitialization
--- PASS: TestHandInitialization (0.00s)
=== RUN   TestSeatWithStack
--- PASS: TestSeatWithStack (0.00s)
=== RUN   TestTableClearSeatResetStack
--- PASS: TestTableClearSeatResetStack (0.00s)
=== RUN   TestNextDealerFirstHand
--- PASS: TestNextDealerFirstHand (0.00s)
=== RUN   TestNextDealerRotation
--- PASS: TestNextDealerRotation (0.00s)
=== RUN   TestNextDealerSkipsWaiting
--- PASS: TestNextDealerSkipsWaiting (0.00s)
=== RUN   TestGetBlindPositionsNormal
--- PASS: TestGetBlindPositionsNormal (0.00s)
=== RUN   TestGetBlindPositionsHeadsUp
--- PASS: TestGetBlindPositionsHeadsUp (0.00s)
=== RUN   TestGetBlindPositionsInsufficientPlayers
--- PASS: TestGetBlindPositionsInsufficientPlayers (0.00s)
=== RUN   TestGetBlindPositionsScatteredSeats
--- PASS: TestGetBlindPositionsScatteredSeats (0.00s)
=== RUN   TestGetBlindPositionsInvalidDealer
--- PASS: TestGetBlindPositionsInvalidDealer (0.00s)
=== RUN   TestShuffleDeck
--- PASS: TestShuffleDeck (0.00s)
=== RUN   TestShuffleDeckRandomization
--- PASS: TestShuffleDeckRandomization (0.00s)
=== RUN   TestDealHoleCardsToActivePlayers
--- PASS: TestDealHoleCardsToActivePlayers (0.00s)
=== RUN   TestDealHoleCardsSkipsWaiting
--- PASS: TestDealHoleCardsSkipsWaiting (0.00s)
=== RUN   TestDealHoleCardsReducesDeck
--- PASS: TestDealHoleCardsReducesDeck (0.00s)
=== RUN   TestDealHoleCardsEmptySeats
--- PASS: TestDealHoleCardsEmptySeats (0.00s)
=== RUN   TestDealHoleCardsAllPlayersActive
--- PASS: TestDealHoleCardsAllPlayersActive (0.00s)
=== RUN   TestDealHoleCardsInsufficientCards
--- PASS: TestDealHoleCardsInsufficientCards (0.00s)
=== RUN   TestCanStartHandRequiresTwoActive
--- PASS: TestCanStartHandRequiresTwoActive (0.00s)
=== RUN   TestCanStartHandRequiresNoActiveHand
--- PASS: TestCanStartHandRequiresNoActiveHand (0.00s)
=== RUN   TestCanStartHandTrue
--- PASS: TestCanStartHandTrue (0.00s)
=== RUN   TestStartHandInitializesDealer
--- PASS: TestStartHandInitializesDealer (0.00s)
=== RUN   TestStartHandPostsBlinds
--- PASS: TestStartHandPostsBlinds (0.00s)
=== RUN   TestStartHandDealsCards
--- PASS: TestStartHandDealsCards (0.00s)
=== RUN   TestStartHandSetsPot
--- PASS: TestStartHandSetsPot (0.00s)
=== RUN   TestStartHandAllInBlind
--- PASS: TestStartHandAllInBlind (0.00s)
=== RUN   TestHandleWebSocket_WithoutToken
2025/11/08 14:46:51 INFO new websocket connection remote_addr=127.0.0.1:33198
2025/11/08 14:46:51 INFO client registered total_clients=1
2025/11/08 14:46:51 INFO session created token=47eddf08-eb9d-429c-9d75-2ae2486d233e name=Alice
2025/11/08 14:46:51 INFO session created via websocket token=47eddf08-eb9d-429c-9d75-2ae2486d233e name=Alice
2025/11/08 14:46:51 INFO lobby_state sent to client
2025/11/08 14:46:51 INFO client unregistered total_clients=0
--- PASS: TestHandleWebSocket_WithoutToken (0.00s)
=== RUN   TestHandleWebSocket_WithValidToken
2025/11/08 14:46:51 INFO session created token=8a3554a7-f3cf-45da-84e9-ad88445611e4 name=Bob
2025/11/08 14:46:51 INFO new websocket connection remote_addr=127.0.0.1:48544
2025/11/08 14:46:51 INFO valid token provided token=8a3554a7-f3cf-45da-84e9-ad88445611e4
2025/11/08 14:46:51 INFO client registered total_clients=1
2025/11/08 14:46:51 INFO session restored via websocket token=8a3554a7-f3cf-45da-84e9-ad88445611e4 name=Bob
2025/11/08 14:46:51 INFO lobby_state sent to client
--- PASS: TestHandleWebSocket_WithValidToken (0.00s)
2025/11/08 14:46:51 INFO client unregistered total_clients=0
=== RUN   TestHandleWebSocket_WithInvalidToken
2025/11/08 14:46:51 INFO new websocket connection remote_addr=127.0.0.1:57706
2025/11/08 14:46:51 WARN invalid token provided token=invalid-uuid-token error="session not found: invalid-uuid-token"
2025/11/08 14:46:51 INFO error sent to client message="Invalid or expired token"
2025/11/08 14:46:51 INFO client registered total_clients=1
2025/11/08 14:46:51 INFO client unregistered total_clients=0
--- PASS: TestHandleWebSocket_WithInvalidToken (0.01s)
=== RUN   TestSetNameMessage
2025/11/08 14:46:51 INFO new websocket connection remote_addr=127.0.0.1:45132
2025/11/08 14:46:51 INFO client registered total_clients=1
2025/11/08 14:46:51 INFO session created token=dd94fa66-ef66-48f7-899b-f3adb61d2111 name=Charlie
2025/11/08 14:46:51 INFO session created via websocket token=dd94fa66-ef66-48f7-899b-f3adb61d2111 name=Charlie
2025/11/08 14:46:51 INFO lobby_state sent to client
--- PASS: TestSetNameMessage (0.00s)
=== RUN   TestSessionCreatedMessage
2025/11/08 14:46:51 INFO client unregistered total_clients=0
2025/11/08 14:46:51 INFO new websocket connection remote_addr=127.0.0.1:48830
2025/11/08 14:46:51 INFO client registered total_clients=1
2025/11/08 14:46:51 INFO session created token=3abade93-f2a6-42df-b7b1-68e09c4cff07 name=David
2025/11/08 14:46:51 INFO session created via websocket token=3abade93-f2a6-42df-b7b1-68e09c4cff07 name=David
2025/11/08 14:46:51 INFO lobby_state sent to client
--- PASS: TestSessionCreatedMessage (0.00s)
2025/11/08 14:46:51 INFO client unregistered total_clients=0
=== RUN   TestSessionRestoredMessage
2025/11/08 14:46:51 INFO session created token=85bcb81a-a8c6-4b31-aa0f-0ff97257f640 name=Eve
2025/11/08 14:46:51 INFO session updated token=85bcb81a-a8c6-4b31-aa0f-0ff97257f640 tableID=0xc0003da420 seatIndex=0xc00054e200
2025/11/08 14:46:51 INFO new websocket connection remote_addr=127.0.0.1:41592
2025/11/08 14:46:51 INFO valid token provided token=85bcb81a-a8c6-4b31-aa0f-0ff97257f640
2025/11/08 14:46:51 INFO client registered total_clients=1
2025/11/08 14:46:51 INFO session restored via websocket token=85bcb81a-a8c6-4b31-aa0f-0ff97257f640 name=Eve
2025/11/08 14:46:51 INFO lobby_state sent to client
2025/11/08 14:46:51 INFO client unregistered total_clients=0
--- PASS: TestSessionRestoredMessage (0.00s)
=== RUN   TestSessionRestoredMessageWithoutTableSeat
2025/11/08 14:46:51 INFO session created token=33dd2f09-b1b3-43cb-9329-5439dbbce60b name=Frank
2025/11/08 14:46:51 INFO new websocket connection remote_addr=127.0.0.1:38480
2025/11/08 14:46:51 INFO valid token provided token=33dd2f09-b1b3-43cb-9329-5439dbbce60b
2025/11/08 14:46:51 INFO client registered total_clients=1
2025/11/08 14:46:51 INFO session restored via websocket token=33dd2f09-b1b3-43cb-9329-5439dbbce60b name=Frank
2025/11/08 14:46:51 INFO lobby_state sent to client
2025/11/08 14:46:51 INFO client unregistered total_clients=0
--- PASS: TestSessionRestoredMessageWithoutTableSeat (0.00s)
=== RUN   TestMultipleConnectionsSameToken
2025/11/08 14:46:51 INFO session created token=e906691e-d3cc-41c3-bff1-30ab799a8220 name=Grace
2025/11/08 14:46:51 INFO new websocket connection remote_addr=127.0.0.1:33440
2025/11/08 14:46:51 INFO valid token provided token=e906691e-d3cc-41c3-bff1-30ab799a8220
2025/11/08 14:46:51 INFO client registered total_clients=1
2025/11/08 14:46:51 INFO session restored via websocket token=e906691e-d3cc-41c3-bff1-30ab799a8220 name=Grace
2025/11/08 14:46:51 INFO lobby_state sent to client
2025/11/08 14:46:51 INFO new websocket connection remote_addr=127.0.0.1:33444
2025/11/08 14:46:51 INFO valid token provided token=e906691e-d3cc-41c3-bff1-30ab799a8220
2025/11/08 14:46:51 INFO client registered total_clients=2
2025/11/08 14:46:51 INFO session restored via websocket token=e906691e-d3cc-41c3-bff1-30ab799a8220 name=Grace
2025/11/08 14:46:51 INFO lobby_state sent to client
2025/11/08 14:46:51 INFO client unregistered total_clients=1
2025/11/08 14:46:51 INFO client unregistered total_clients=0
--- PASS: TestMultipleConnectionsSameToken (0.00s)
=== RUN   TestInvalidSetNameMessage
2025/11/08 14:46:51 INFO new websocket connection remote_addr=127.0.0.1:52042
2025/11/08 14:46:51 INFO client registered total_clients=1
2025/11/08 14:46:51 WARN invalid name for session creation name="" error="name cannot be empty"
2025/11/08 14:46:51 INFO error sent to client message="failed to create session: name cannot be empty"
2025/11/08 14:46:51 WARN failed to handle set_name error="failed to create session: name cannot be empty"
--- PASS: TestInvalidSetNameMessage (0.00s)
=== RUN   TestInvalidJSONMessage
2025/11/08 14:46:51 INFO client unregistered total_clients=0
2025/11/08 14:46:51 INFO new websocket connection remote_addr=127.0.0.1:60322
2025/11/08 14:46:51 INFO client registered total_clients=1
2025/11/08 14:46:51 INFO error sent to client message="Invalid JSON message"
--- PASS: TestInvalidJSONMessage (0.00s)
=== RUN   TestWebSocketSendsLobbyStateOnConnect
2025/11/08 14:46:51 INFO client unregistered total_clients=0
2025/11/08 14:46:51 INFO new websocket connection remote_addr=127.0.0.1:36734
2025/11/08 14:46:51 INFO client registered total_clients=1
2025/11/08 14:46:51 INFO session created token=68d01693-a72e-44e9-976e-5aae4851c24a name=TestPlayer
2025/11/08 14:46:51 INFO session created via websocket token=68d01693-a72e-44e9-976e-5aae4851c24a name=TestPlayer
2025/11/08 14:46:51 INFO lobby_state sent to client
--- PASS: TestWebSocketSendsLobbyStateOnConnect (0.00s)
2025/11/08 14:46:51 INFO client unregistered total_clients=0
=== RUN   TestLobbyStateMessageFormat
2025/11/08 14:46:51 INFO new websocket connection remote_addr=127.0.0.1:56782
2025/11/08 14:46:51 INFO client registered total_clients=1
2025/11/08 14:46:51 INFO session created token=3c39a5f3-46e2-443b-80db-1c59f9f37e91 name=TestPlayer
2025/11/08 14:46:51 INFO session created via websocket token=3c39a5f3-46e2-443b-80db-1c59f9f37e91 name=TestPlayer
2025/11/08 14:46:51 INFO lobby_state sent to client
--- PASS: TestLobbyStateMessageFormat (0.00s)
=== RUN   TestWebSocketSendsLobbyStateOnRestore
2025/11/08 14:46:51 INFO client unregistered total_clients=0
2025/11/08 14:46:51 INFO session created token=e5bc5777-1bf8-44c7-88ad-525f2120c2e2 name=Player
2025/11/08 14:46:51 INFO new websocket connection remote_addr=127.0.0.1:50552
2025/11/08 14:46:51 INFO valid token provided token=e5bc5777-1bf8-44c7-88ad-525f2120c2e2
2025/11/08 14:46:51 INFO client registered total_clients=1
2025/11/08 14:46:51 INFO session restored via websocket token=e5bc5777-1bf8-44c7-88ad-525f2120c2e2 name=Player
2025/11/08 14:46:51 INFO lobby_state sent to client
--- PASS: TestWebSocketSendsLobbyStateOnRestore (0.00s)
2025/11/08 14:46:51 INFO client unregistered total_clients=0
=== RUN   TestHandleJoinTableSuccess
2025/11/08 14:46:51 INFO session created token=42a91f8f-bf09-4794-a98e-15af165f73f3 name=Player
2025/11/08 14:46:51 INFO new websocket connection remote_addr=127.0.0.1:53886
2025/11/08 14:46:51 INFO valid token provided token=42a91f8f-bf09-4794-a98e-15af165f73f3
2025/11/08 14:46:51 INFO client registered total_clients=1
2025/11/08 14:46:51 INFO session restored via websocket token=42a91f8f-bf09-4794-a98e-15af165f73f3 name=Player
2025/11/08 14:46:51 INFO lobby_state sent to client
2025/11/08 14:46:51 INFO session updated token=42a91f8f-bf09-4794-a98e-15af165f73f3 tableID=0xc0006d8dc0 seatIndex=0xc00060c180
2025/11/08 14:46:51 INFO seat_assigned sent to client tableId=table-1 seatIndex=0
2025/11/08 14:46:51 INFO table_state sent to client tableId=table-1
2025/11/08 14:46:51 INFO broadcastTableState tableID=table-1 num_clients=1 excludeClient=true
2025/11/08 14:46:51 INFO player joined table token=42a91f8f-bf09-4794-a98e-15af165f73f3 tableId=table-1 seatIndex=0
2025/11/08 14:46:51 INFO session updated token=42a91f8f-bf09-4794-a98e-15af165f73f3 tableID=<nil> seatIndex=<nil>
2025/11/08 14:46:51 INFO broadcastTableState tableID=table-1 num_clients=0 excludeClient=false
2025/11/08 14:46:51 INFO player disconnected and seat cleared token=42a91f8f-bf09-4794-a98e-15af165f73f3 tableId=table-1
--- PASS: TestHandleJoinTableSuccess (0.00s)
2025/11/08 14:46:51 INFO client unregistered total_clients=0
=== RUN   TestHandleJoinTableFull
2025/11/08 14:46:51 INFO session created token=b2023690-47da-4fd3-b6c3-0e2f18c61d01 name=Player
2025/11/08 14:46:51 INFO new websocket connection remote_addr=127.0.0.1:41826
2025/11/08 14:46:51 INFO valid token provided token=b2023690-47da-4fd3-b6c3-0e2f18c61d01
2025/11/08 14:46:51 INFO client registered total_clients=1
2025/11/08 14:46:51 INFO session restored via websocket token=b2023690-47da-4fd3-b6c3-0e2f18c61d01 name=Player
2025/11/08 14:46:51 INFO lobby_state sent to client
2025/11/08 14:46:51 INFO error sent to client message=table_full
2025/11/08 14:46:51 WARN failed to handle join_table error=table_full
--- PASS: TestHandleJoinTableFull (0.00s)
=== RUN   TestHandleJoinTableAlreadySeated
2025/11/08 14:46:51 INFO client unregistered total_clients=0
2025/11/08 14:46:51 INFO session created token=00f2db36-0462-41c5-a6ac-4bf48327b761 name=Player
2025/11/08 14:46:51 INFO session updated token=00f2db36-0462-41c5-a6ac-4bf48327b761 tableID=0xc0006d9760 seatIndex=<nil>
2025/11/08 14:46:51 INFO new websocket connection remote_addr=127.0.0.1:54302
2025/11/08 14:46:51 INFO valid token provided token=00f2db36-0462-41c5-a6ac-4bf48327b761
2025/11/08 14:46:51 INFO session restored via websocket token=00f2db36-0462-41c5-a6ac-4bf48327b761 name=Player
2025/11/08 14:46:51 INFO client registered total_clients=1
2025/11/08 14:46:51 INFO lobby_state sent to client
2025/11/08 14:46:51 INFO error sent to client message=already_seated
2025/11/08 14:46:51 WARN failed to handle join_table error=already_seated
--- PASS: TestHandleJoinTableAlreadySeated (0.00s)
=== RUN   TestHandleJoinTableInvalidTableID
2025/11/08 14:46:51 INFO session updated token=00f2db36-0462-41c5-a6ac-4bf48327b761 tableID=<nil> seatIndex=<nil>
2025/11/08 14:46:51 INFO broadcastTableState tableID=table-1 num_clients=0 excludeClient=false
2025/11/08 14:46:51 INFO player disconnected and seat cleared token=00f2db36-0462-41c5-a6ac-4bf48327b761 tableId=table-1
2025/11/08 14:46:51 INFO session created token=adba1018-18b6-4111-a9c2-3f83c3320fcf name=Player
2025/11/08 14:46:51 INFO client unregistered total_clients=0
2025/11/08 14:46:51 INFO new websocket connection remote_addr=127.0.0.1:39920
2025/11/08 14:46:51 INFO valid token provided token=adba1018-18b6-4111-a9c2-3f83c3320fcf
2025/11/08 14:46:51 INFO client registered total_clients=1
2025/11/08 14:46:51 INFO session restored via websocket token=adba1018-18b6-4111-a9c2-3f83c3320fcf name=Player
2025/11/08 14:46:51 INFO lobby_state sent to client
2025/11/08 14:46:51 INFO error sent to client message=invalid_table
2025/11/08 14:46:51 WARN failed to handle join_table error=invalid_table
--- PASS: TestHandleJoinTableInvalidTableID (0.00s)
=== RUN   TestSeatAssignedMessage
2025/11/08 14:46:51 INFO client unregistered total_clients=0
2025/11/08 14:46:51 INFO session created token=6bc25683-7258-4243-9c19-6d3f023b30f5 name=Player
2025/11/08 14:46:51 INFO new websocket connection remote_addr=127.0.0.1:39646
2025/11/08 14:46:51 INFO valid token provided token=6bc25683-7258-4243-9c19-6d3f023b30f5
2025/11/08 14:46:51 INFO client registered total_clients=1
2025/11/08 14:46:51 INFO session restored via websocket token=6bc25683-7258-4243-9c19-6d3f023b30f5 name=Player
2025/11/08 14:46:51 INFO lobby_state sent to client
2025/11/08 14:46:51 INFO session updated token=6bc25683-7258-4243-9c19-6d3f023b30f5 tableID=0xc000144840 seatIndex=0xc00060ddd0
2025/11/08 14:46:51 INFO seat_assigned sent to client tableId=table-2 seatIndex=0
2025/11/08 14:46:51 INFO table_state sent to client tableId=table-2
2025/11/08 14:46:51 INFO broadcastTableState tableID=table-2 num_clients=1 excludeClient=true
2025/11/08 14:46:51 INFO player joined table token=6bc25683-7258-4243-9c19-6d3f023b30f5 tableId=table-2 seatIndex=0
2025/11/08 14:46:51 INFO session updated token=6bc25683-7258-4243-9c19-6d3f023b30f5 tableID=<nil> seatIndex=<nil>
2025/11/08 14:46:51 INFO broadcastTableState tableID=table-2 num_clients=0 excludeClient=false
--- PASS: TestSeatAssignedMessage (0.00s)
2025/11/08 14:46:51 INFO player disconnected and seat cleared token=6bc25683-7258-4243-9c19-6d3f023b30f5 tableId=table-2
=== RUN   TestJoinTableUpdatesSession
2025/11/08 14:46:51 INFO client unregistered total_clients=0
2025/11/08 14:46:51 INFO session created token=2dfe373d-77ab-4343-802d-9305dd5a388a name=Player
2025/11/08 14:46:51 INFO new websocket connection remote_addr=127.0.0.1:45962
2025/11/08 14:46:51 INFO valid token provided token=2dfe373d-77ab-4343-802d-9305dd5a388a
2025/11/08 14:46:51 INFO client registered total_clients=1
2025/11/08 14:46:51 INFO session restored via websocket token=2dfe373d-77ab-4343-802d-9305dd5a388a name=Player
2025/11/08 14:46:51 INFO lobby_state sent to client
2025/11/08 14:46:51 INFO session updated token=2dfe373d-77ab-4343-802d-9305dd5a388a tableID=0xc0002946e0 seatIndex=0xc00019f560
2025/11/08 14:46:51 INFO seat_assigned sent to client tableId=table-3 seatIndex=0
2025/11/08 14:46:51 INFO table_state sent to client tableId=table-3
2025/11/08 14:46:51 INFO broadcastTableState tableID=table-3 num_clients=1 excludeClient=true
2025/11/08 14:46:51 INFO player joined table token=2dfe373d-77ab-4343-802d-9305dd5a388a tableId=table-3 seatIndex=0
2025/11/08 14:46:51 INFO session updated token=2dfe373d-77ab-4343-802d-9305dd5a388a tableID=<nil> seatIndex=<nil>
2025/11/08 14:46:51 INFO broadcastTableState tableID=table-3 num_clients=0 excludeClient=false
--- PASS: TestJoinTableUpdatesSession (0.00s)
2025/11/08 14:46:51 INFO player disconnected and seat cleared token=2dfe373d-77ab-4343-802d-9305dd5a388a tableId=table-3
=== RUN   TestJoinTableBroadcastsLobbyState
2025/11/08 14:46:51 INFO client unregistered total_clients=0
2025/11/08 14:46:51 INFO session created token=60f5c8f9-85fb-405f-816f-869486a4919a name=Player1
2025/11/08 14:46:51 INFO session created token=4183e6b5-a8d2-4118-b161-6dc8dc1249c5 name=Player2
2025/11/08 14:46:51 INFO new websocket connection remote_addr=127.0.0.1:49618
2025/11/08 14:46:51 INFO valid token provided token=60f5c8f9-85fb-405f-816f-869486a4919a
2025/11/08 14:46:51 INFO client registered total_clients=1
2025/11/08 14:46:51 INFO session restored via websocket token=60f5c8f9-85fb-405f-816f-869486a4919a name=Player1
2025/11/08 14:46:51 INFO lobby_state sent to client
2025/11/08 14:46:51 INFO new websocket connection remote_addr=127.0.0.1:49628
2025/11/08 14:46:51 INFO valid token provided token=4183e6b5-a8d2-4118-b161-6dc8dc1249c5
2025/11/08 14:46:51 INFO client registered total_clients=2
2025/11/08 14:46:51 INFO session restored via websocket token=4183e6b5-a8d2-4118-b161-6dc8dc1249c5 name=Player2
2025/11/08 14:46:51 INFO lobby_state sent to client
2025/11/08 14:46:51 INFO session updated token=60f5c8f9-85fb-405f-816f-869486a4919a tableID=0xc00023b4a0 seatIndex=0xc00045c7e0
2025/11/08 14:46:51 INFO seat_assigned sent to client tableId=table-1 seatIndex=0
2025/11/08 14:46:51 INFO table_state sent to client tableId=table-1
2025/11/08 14:46:51 INFO broadcastTableState tableID=table-1 num_clients=1 excludeClient=true
2025/11/08 14:46:51 INFO player joined table token=60f5c8f9-85fb-405f-816f-869486a4919a tableId=table-1 seatIndex=0
2025/11/08 14:46:51 INFO session updated token=60f5c8f9-85fb-405f-816f-869486a4919a tableID=<nil> seatIndex=<nil>
--- PASS: TestJoinTableBroadcastsLobbyState (0.00s)
2025/11/08 14:46:51 INFO client unregistered total_clients=1
2025/11/08 14:46:51 INFO broadcastTableState tableID=table-1 num_clients=0 excludeClient=false
=== RUN   TestHandleLeaveTableSuccess
2025/11/08 14:46:51 INFO player disconnected and seat cleared token=60f5c8f9-85fb-405f-816f-869486a4919a tableId=table-1
2025/11/08 14:46:51 INFO client unregistered total_clients=0
2025/11/08 14:46:51 INFO session created token=23f8a419-1cc2-49a9-8ac5-8693d1683986 name=Player
2025/11/08 14:46:51 INFO new websocket connection remote_addr=127.0.0.1:32904
2025/11/08 14:46:51 INFO valid token provided token=23f8a419-1cc2-49a9-8ac5-8693d1683986
2025/11/08 14:46:51 INFO client registered total_clients=1
2025/11/08 14:46:51 INFO session restored via websocket token=23f8a419-1cc2-49a9-8ac5-8693d1683986 name=Player
2025/11/08 14:46:51 INFO lobby_state sent to client
2025/11/08 14:46:51 INFO session updated token=23f8a419-1cc2-49a9-8ac5-8693d1683986 tableID=0xc000294f20 seatIndex=0xc0002375f0
2025/11/08 14:46:51 INFO seat_assigned sent to client tableId=table-1 seatIndex=0
2025/11/08 14:46:51 INFO table_state sent to client tableId=table-1
2025/11/08 14:46:51 INFO broadcastTableState tableID=table-1 num_clients=1 excludeClient=true
2025/11/08 14:46:51 INFO player joined table token=23f8a419-1cc2-49a9-8ac5-8693d1683986 tableId=table-1 seatIndex=0
2025/11/08 14:46:51 INFO session updated token=23f8a419-1cc2-49a9-8ac5-8693d1683986 tableID=<nil> seatIndex=<nil>
2025/11/08 14:46:51 INFO seat_cleared sent to client
2025/11/08 14:46:51 INFO broadcastTableState tableID=table-1 num_clients=0 excludeClient=false
2025/11/08 14:46:51 INFO lobby_state sent to client
2025/11/08 14:46:51 INFO player left table token=23f8a419-1cc2-49a9-8ac5-8693d1683986 tableId=table-1
2025/11/08 14:46:51 INFO client unregistered total_clients=0
--- PASS: TestHandleLeaveTableSuccess (0.00s)
=== RUN   TestHandleLeaveTableNotSeated
2025/11/08 14:46:51 INFO session created token=54b66d80-1720-4d31-ab04-a5fe3e9b5185 name=Player
2025/11/08 14:46:51 INFO new websocket connection remote_addr=127.0.0.1:44502
2025/11/08 14:46:51 INFO valid token provided token=54b66d80-1720-4d31-ab04-a5fe3e9b5185
2025/11/08 14:46:51 INFO client registered total_clients=1
2025/11/08 14:46:51 INFO session restored via websocket token=54b66d80-1720-4d31-ab04-a5fe3e9b5185 name=Player
2025/11/08 14:46:51 INFO lobby_state sent to client
2025/11/08 14:46:51 INFO error sent to client message=not_seated
2025/11/08 14:46:51 WARN failed to handle leave_table error=not_seated
--- PASS: TestHandleLeaveTableNotSeated (0.00s)
2025/11/08 14:46:51 INFO client unregistered total_clients=0
=== RUN   TestLeaveTableBroadcastsLobbyState
2025/11/08 14:46:51 INFO session created token=594b4441-3365-4686-8767-9787f334a3a9 name=Player1
2025/11/08 14:46:51 INFO session created token=5d970700-0559-43b1-bc23-6a65c18d510c name=Player2
2025/11/08 14:46:51 INFO new websocket connection remote_addr=127.0.0.1:54086
2025/11/08 14:46:51 INFO valid token provided token=594b4441-3365-4686-8767-9787f334a3a9
2025/11/08 14:46:51 INFO client registered total_clients=1
2025/11/08 14:46:51 INFO session restored via websocket token=594b4441-3365-4686-8767-9787f334a3a9 name=Player1
2025/11/08 14:46:51 INFO lobby_state sent to client
2025/11/08 14:46:51 INFO new websocket connection remote_addr=127.0.0.1:54096
2025/11/08 14:46:51 INFO valid token provided token=5d970700-0559-43b1-bc23-6a65c18d510c
2025/11/08 14:46:51 INFO client registered total_clients=2
2025/11/08 14:46:51 INFO session restored via websocket token=5d970700-0559-43b1-bc23-6a65c18d510c name=Player2
2025/11/08 14:46:51 INFO lobby_state sent to client
2025/11/08 14:46:51 INFO session updated token=594b4441-3365-4686-8767-9787f334a3a9 tableID=0xc0000f02c0 seatIndex=0xc000468de0
2025/11/08 14:46:51 INFO seat_assigned sent to client tableId=table-1 seatIndex=0
2025/11/08 14:46:51 INFO table_state sent to client tableId=table-1
2025/11/08 14:46:51 INFO broadcastTableState tableID=table-1 num_clients=1 excludeClient=true
2025/11/08 14:46:51 INFO player joined table token=594b4441-3365-4686-8767-9787f334a3a9 tableId=table-1 seatIndex=0
2025/11/08 14:46:51 INFO session updated token=594b4441-3365-4686-8767-9787f334a3a9 tableID=<nil> seatIndex=<nil>
2025/11/08 14:46:51 INFO seat_cleared sent to client
2025/11/08 14:46:51 INFO broadcastTableState tableID=table-1 num_clients=0 excludeClient=false
2025/11/08 14:46:51 INFO lobby_state sent to client
2025/11/08 14:46:51 INFO player left table token=594b4441-3365-4686-8767-9787f334a3a9 tableId=table-1
2025/11/08 14:46:51 INFO client unregistered total_clients=1
2025/11/08 14:46:51 INFO client unregistered total_clients=0
--- PASS: TestLeaveTableBroadcastsLobbyState (0.00s)
=== RUN   TestHandleDisconnectClearsSeat
2025/11/08 14:46:51 INFO session created token=3cd6c35d-f562-4b47-b4c8-ec80e8e08e13 name=Player
2025/11/08 14:46:51 INFO new websocket connection remote_addr=127.0.0.1:45330
2025/11/08 14:46:51 INFO valid token provided token=3cd6c35d-f562-4b47-b4c8-ec80e8e08e13
2025/11/08 14:46:51 INFO client registered total_clients=1
2025/11/08 14:46:51 INFO session restored via websocket token=3cd6c35d-f562-4b47-b4c8-ec80e8e08e13 name=Player
2025/11/08 14:46:51 INFO lobby_state sent to client
2025/11/08 14:46:51 INFO session updated token=3cd6c35d-f562-4b47-b4c8-ec80e8e08e13 tableID=0xc0000f0000 seatIndex=0xc000468480
2025/11/08 14:46:51 INFO seat_assigned sent to client tableId=table-1 seatIndex=0
2025/11/08 14:46:51 INFO table_state sent to client tableId=table-1
2025/11/08 14:46:51 INFO broadcastTableState tableID=table-1 num_clients=1 excludeClient=true
2025/11/08 14:46:51 INFO player joined table token=3cd6c35d-f562-4b47-b4c8-ec80e8e08e13 tableId=table-1 seatIndex=0
2025/11/08 14:46:51 INFO session updated token=3cd6c35d-f562-4b47-b4c8-ec80e8e08e13 tableID=<nil> seatIndex=<nil>
2025/11/08 14:46:51 INFO broadcastTableState tableID=table-1 num_clients=0 excludeClient=false
2025/11/08 14:46:51 INFO player disconnected and seat cleared token=3cd6c35d-f562-4b47-b4c8-ec80e8e08e13 tableId=table-1
2025/11/08 14:46:51 INFO client unregistered total_clients=0
--- PASS: TestHandleDisconnectClearsSeat (0.05s)
=== RUN   TestHandleDisconnectNoSeat
2025/11/08 14:46:51 INFO session created token=38c18871-3f64-41f0-8433-b0e5e3b65a93 name=Player
2025/11/08 14:46:51 INFO new websocket connection remote_addr=127.0.0.1:59654
2025/11/08 14:46:51 INFO valid token provided token=38c18871-3f64-41f0-8433-b0e5e3b65a93
2025/11/08 14:46:51 INFO session restored via websocket token=38c18871-3f64-41f0-8433-b0e5e3b65a93 name=Player
2025/11/08 14:46:51 INFO client registered total_clients=1
2025/11/08 14:46:51 INFO lobby_state sent to client
2025/11/08 14:46:51 INFO client unregistered total_clients=0
--- PASS: TestHandleDisconnectNoSeat (0.05s)
=== RUN   TestDisconnectBroadcastsLobbyState
2025/11/08 14:46:51 INFO session created token=80e3d2f9-120a-4c7b-b576-e391a5491263 name=Player1
2025/11/08 14:46:51 INFO session created token=7eee5506-8bc2-4515-9e42-5bf1d82f5b37 name=Player2
2025/11/08 14:46:51 INFO new websocket connection remote_addr=127.0.0.1:41948
2025/11/08 14:46:51 INFO valid token provided token=80e3d2f9-120a-4c7b-b576-e391a5491263
2025/11/08 14:46:51 INFO client registered total_clients=1
2025/11/08 14:46:51 INFO session restored via websocket token=80e3d2f9-120a-4c7b-b576-e391a5491263 name=Player1
2025/11/08 14:46:51 INFO lobby_state sent to client
2025/11/08 14:46:51 INFO new websocket connection remote_addr=127.0.0.1:41962
2025/11/08 14:46:51 INFO valid token provided token=7eee5506-8bc2-4515-9e42-5bf1d82f5b37
2025/11/08 14:46:51 INFO client registered total_clients=2
2025/11/08 14:46:51 INFO session restored via websocket token=7eee5506-8bc2-4515-9e42-5bf1d82f5b37 name=Player2
2025/11/08 14:46:51 INFO lobby_state sent to client
2025/11/08 14:46:51 INFO session updated token=80e3d2f9-120a-4c7b-b576-e391a5491263 tableID=0xc0000f0c60 seatIndex=0xc000459350
2025/11/08 14:46:51 INFO seat_assigned sent to client tableId=table-1 seatIndex=0
2025/11/08 14:46:51 INFO table_state sent to client tableId=table-1
2025/11/08 14:46:51 INFO broadcastTableState tableID=table-1 num_clients=1 excludeClient=true
2025/11/08 14:46:51 INFO player joined table token=80e3d2f9-120a-4c7b-b576-e391a5491263 tableId=table-1 seatIndex=0
2025/11/08 14:46:51 INFO session updated token=80e3d2f9-120a-4c7b-b576-e391a5491263 tableID=<nil> seatIndex=<nil>
2025/11/08 14:46:51 INFO broadcastTableState tableID=table-1 num_clients=0 excludeClient=false
2025/11/08 14:46:51 INFO player disconnected and seat cleared token=80e3d2f9-120a-4c7b-b576-e391a5491263 tableId=table-1
2025/11/08 14:46:51 INFO client unregistered total_clients=1
--- PASS: TestDisconnectBroadcastsLobbyState (0.05s)
2025/11/08 14:46:51 INFO client unregistered total_clients=0
=== RUN   TestHandleLeaveTableReceivesLobbyState
2025/11/08 14:46:51 INFO session created token=26bbcbd2-6b24-4668-8c6d-16fc4be9168e name=Player
2025/11/08 14:46:51 INFO new websocket connection remote_addr=127.0.0.1:50956
2025/11/08 14:46:51 INFO valid token provided token=26bbcbd2-6b24-4668-8c6d-16fc4be9168e
2025/11/08 14:46:51 INFO client registered total_clients=1
2025/11/08 14:46:51 INFO session restored via websocket token=26bbcbd2-6b24-4668-8c6d-16fc4be9168e name=Player
2025/11/08 14:46:51 INFO lobby_state sent to client
2025/11/08 14:46:51 INFO session updated token=26bbcbd2-6b24-4668-8c6d-16fc4be9168e tableID=0xc000144420 seatIndex=0xc000478750
2025/11/08 14:46:51 INFO seat_assigned sent to client tableId=table-1 seatIndex=0
2025/11/08 14:46:51 INFO table_state sent to client tableId=table-1
2025/11/08 14:46:51 INFO broadcastTableState tableID=table-1 num_clients=1 excludeClient=true
2025/11/08 14:46:51 INFO player joined table token=26bbcbd2-6b24-4668-8c6d-16fc4be9168e tableId=table-1 seatIndex=0
2025/11/08 14:46:51 INFO session updated token=26bbcbd2-6b24-4668-8c6d-16fc4be9168e tableID=<nil> seatIndex=<nil>
2025/11/08 14:46:51 INFO seat_cleared sent to client
2025/11/08 14:46:51 INFO broadcastTableState tableID=table-1 num_clients=0 excludeClient=false
2025/11/08 14:46:51 INFO lobby_state sent to client
2025/11/08 14:46:51 INFO player left table token=26bbcbd2-6b24-4668-8c6d-16fc4be9168e tableId=table-1
2025/11/08 14:46:51 INFO client unregistered total_clients=0
--- PASS: TestHandleLeaveTableReceivesLobbyState (0.00s)
=== RUN   TestSessionManager_GetPlayerName
2025/11/08 14:46:51 INFO session created token=c7c22b2f-d420-49dc-b495-e09d05cf4c31 name=Alice
--- PASS: TestSessionManager_GetPlayerName (0.00s)
=== RUN   TestSessionManager_GetPlayerName_NotFound
--- PASS: TestSessionManager_GetPlayerName_NotFound (0.00s)
=== RUN   TestServer_GetClientsAtTable
2025/11/08 14:46:51 INFO session created token=29217cbf-a5e4-4076-8288-f7ad94cb12aa name=Player1
2025/11/08 14:46:51 INFO session created token=eb81b345-eab3-4d62-bd72-9df654aeb225 name=Player2
2025/11/08 14:46:51 INFO session updated token=29217cbf-a5e4-4076-8288-f7ad94cb12aa tableID=0xc00026ef20 seatIndex=<nil>
2025/11/08 14:46:51 INFO session updated token=eb81b345-eab3-4d62-bd72-9df654aeb225 tableID=0xc00026ef20 seatIndex=<nil>
2025/11/08 14:46:51 INFO new websocket connection remote_addr=127.0.0.1:38534
2025/11/08 14:46:51 INFO valid token provided token=29217cbf-a5e4-4076-8288-f7ad94cb12aa
2025/11/08 14:46:51 INFO client registered total_clients=1
2025/11/08 14:46:51 INFO session restored via websocket token=29217cbf-a5e4-4076-8288-f7ad94cb12aa name=Player1
2025/11/08 14:46:51 INFO lobby_state sent to client
2025/11/08 14:46:51 INFO client registered total_clients=2
2025/11/08 14:46:51 INFO new websocket connection remote_addr=127.0.0.1:38542
2025/11/08 14:46:51 INFO valid token provided token=eb81b345-eab3-4d62-bd72-9df654aeb225
2025/11/08 14:46:51 INFO session restored via websocket token=eb81b345-eab3-4d62-bd72-9df654aeb225 name=Player2
2025/11/08 14:46:51 INFO lobby_state sent to client
2025/11/08 14:46:51 INFO session updated token=eb81b345-eab3-4d62-bd72-9df654aeb225 tableID=<nil> seatIndex=<nil>
2025/11/08 14:46:51 INFO broadcastTableState tableID=table-1 num_clients=0 excludeClient=false
2025/11/08 14:46:51 INFO session updated token=29217cbf-a5e4-4076-8288-f7ad94cb12aa tableID=<nil> seatIndex=<nil>
2025/11/08 14:46:51 INFO broadcastTableState tableID=table-1 num_clients=0 excludeClient=false
--- PASS: TestServer_GetClientsAtTable (0.05s)
2025/11/08 14:46:51 INFO player disconnected and seat cleared token=eb81b345-eab3-4d62-bd72-9df654aeb225 tableId=table-1
2025/11/08 14:46:51 INFO client unregistered total_clients=1
=== RUN   TestTableStateMessage
2025/11/08 14:46:51 INFO player disconnected and seat cleared token=29217cbf-a5e4-4076-8288-f7ad94cb12aa tableId=table-1
2025/11/08 14:46:51 INFO client unregistered total_clients=0
2025/11/08 14:46:51 INFO session created token=92dacd9d-0e9c-4fe0-97f8-60750ca46ad3 name=Player1
2025/11/08 14:46:51 INFO session created token=596e1fd4-ffc9-42d5-9238-8db8ec2cd570 name=Player2
2025/11/08 14:46:51 INFO new websocket connection remote_addr=127.0.0.1:34176
2025/11/08 14:46:51 INFO valid token provided token=92dacd9d-0e9c-4fe0-97f8-60750ca46ad3
2025/11/08 14:46:51 INFO client registered total_clients=1
2025/11/08 14:46:51 INFO session restored via websocket token=92dacd9d-0e9c-4fe0-97f8-60750ca46ad3 name=Player1
2025/11/08 14:46:51 INFO lobby_state sent to client
2025/11/08 14:46:51 INFO new websocket connection remote_addr=127.0.0.1:34190
2025/11/08 14:46:51 INFO valid token provided token=596e1fd4-ffc9-42d5-9238-8db8ec2cd570
2025/11/08 14:46:51 INFO client registered total_clients=2
2025/11/08 14:46:51 INFO session restored via websocket token=596e1fd4-ffc9-42d5-9238-8db8ec2cd570 name=Player2
2025/11/08 14:46:51 INFO lobby_state sent to client
2025/11/08 14:46:51 INFO session updated token=92dacd9d-0e9c-4fe0-97f8-60750ca46ad3 tableID=0xc0000f1ce0 seatIndex=0xc0003184e0
2025/11/08 14:46:51 INFO seat_assigned sent to client tableId=table-1 seatIndex=0
2025/11/08 14:46:51 INFO table_state sent to client tableId=table-1
2025/11/08 14:46:51 INFO broadcastTableState tableID=table-1 num_clients=1 excludeClient=true
2025/11/08 14:46:51 INFO player joined table token=92dacd9d-0e9c-4fe0-97f8-60750ca46ad3 tableId=table-1 seatIndex=0
2025/11/08 14:46:51 INFO session updated token=596e1fd4-ffc9-42d5-9238-8db8ec2cd570 tableID=0xc0000f1ce0 seatIndex=0xc0005250e0
2025/11/08 14:46:51 INFO seat_assigned sent to client tableId=table-1 seatIndex=1
2025/11/08 14:46:51 INFO table_state sent to client tableId=table-1
2025/11/08 14:46:51 INFO broadcastTableState tableID=table-1 num_clients=2 excludeClient=true
2025/11/08 14:46:51 INFO player joined table token=596e1fd4-ffc9-42d5-9238-8db8ec2cd570 tableId=table-1 seatIndex=1
2025/11/08 14:46:51 INFO session updated token=596e1fd4-ffc9-42d5-9238-8db8ec2cd570 tableID=<nil> seatIndex=<nil>
2025/11/08 14:46:51 INFO broadcastTableState tableID=table-1 num_clients=1 excludeClient=false
2025/11/08 14:46:51 INFO session updated token=92dacd9d-0e9c-4fe0-97f8-60750ca46ad3 tableID=<nil> seatIndex=<nil>
2025/11/08 14:46:51 INFO broadcastTableState tableID=table-1 num_clients=0 excludeClient=false
--- PASS: TestTableStateMessage (0.00s)
2025/11/08 14:46:51 INFO player disconnected and seat cleared token=596e1fd4-ffc9-42d5-9238-8db8ec2cd570 tableId=table-1
=== RUN   TestTableStateBroadcastOnJoin
2025/11/08 14:46:51 INFO player disconnected and seat cleared token=92dacd9d-0e9c-4fe0-97f8-60750ca46ad3 tableId=table-1
2025/11/08 14:46:51 INFO client unregistered total_clients=1
2025/11/08 14:46:51 INFO client unregistered total_clients=0
2025/11/08 14:46:51 INFO session created token=a187ecff-918b-48c5-9f7b-7d7e57f5ca34 name=Player1
2025/11/08 14:46:51 INFO session created token=96d14e76-42ef-42cf-bedf-48a645f1da8d name=Player2
2025/11/08 14:46:51 INFO new websocket connection remote_addr=127.0.0.1:44068
2025/11/08 14:46:51 INFO valid token provided token=a187ecff-918b-48c5-9f7b-7d7e57f5ca34
2025/11/08 14:46:51 INFO client registered total_clients=1
2025/11/08 14:46:51 INFO session restored via websocket token=a187ecff-918b-48c5-9f7b-7d7e57f5ca34 name=Player1
2025/11/08 14:46:51 INFO lobby_state sent to client
2025/11/08 14:46:51 INFO session updated token=a187ecff-918b-48c5-9f7b-7d7e57f5ca34 tableID=0xc00030a160 seatIndex=0xc000652d20
2025/11/08 14:46:51 INFO seat_assigned sent to client tableId=table-1 seatIndex=0
2025/11/08 14:46:51 INFO table_state sent to client tableId=table-1
2025/11/08 14:46:51 INFO broadcastTableState tableID=table-1 num_clients=1 excludeClient=true
2025/11/08 14:46:51 INFO player joined table token=a187ecff-918b-48c5-9f7b-7d7e57f5ca34 tableId=table-1 seatIndex=0
2025/11/08 14:46:51 INFO new websocket connection remote_addr=127.0.0.1:44072
2025/11/08 14:46:51 INFO valid token provided token=96d14e76-42ef-42cf-bedf-48a645f1da8d
2025/11/08 14:46:51 INFO client registered total_clients=2
2025/11/08 14:46:51 INFO session restored via websocket token=96d14e76-42ef-42cf-bedf-48a645f1da8d name=Player2
2025/11/08 14:46:51 INFO lobby_state sent to client
2025/11/08 14:46:51 INFO session updated token=96d14e76-42ef-42cf-bedf-48a645f1da8d tableID=0xc00030a160 seatIndex=0xc000479c80
2025/11/08 14:46:51 INFO seat_assigned sent to client tableId=table-1 seatIndex=1
2025/11/08 14:46:51 INFO table_state sent to client tableId=table-1
2025/11/08 14:46:51 INFO broadcastTableState tableID=table-1 num_clients=2 excludeClient=true
2025/11/08 14:46:51 INFO player joined table token=96d14e76-42ef-42cf-bedf-48a645f1da8d tableId=table-1 seatIndex=1
2025/11/08 14:46:51 INFO session updated token=96d14e76-42ef-42cf-bedf-48a645f1da8d tableID=<nil> seatIndex=<nil>
2025/11/08 14:46:51 INFO broadcastTableState tableID=table-1 num_clients=1 excludeClient=false
2025/11/08 14:46:51 INFO session updated token=a187ecff-918b-48c5-9f7b-7d7e57f5ca34 tableID=<nil> seatIndex=<nil>
2025/11/08 14:46:51 INFO broadcastTableState tableID=table-1 num_clients=0 excludeClient=false
--- PASS: TestTableStateBroadcastOnJoin (0.00s)
2025/11/08 14:46:51 INFO player disconnected and seat cleared token=a187ecff-918b-48c5-9f7b-7d7e57f5ca34 tableId=table-1
2025/11/08 14:46:51 INFO client unregistered total_clients=1
2025/11/08 14:46:51 INFO player disconnected and seat cleared token=96d14e76-42ef-42cf-bedf-48a645f1da8d tableId=table-1
=== RUN   TestLeaveTableBroadcastsTableStateToRemaining
2025/11/08 14:46:51 INFO client unregistered total_clients=0
2025/11/08 14:46:51 INFO session created token=6e0391f4-53be-42c9-aefd-4d19cfdd1d58 name=Player1
2025/11/08 14:46:51 INFO session created token=2fb47ee0-8e81-4a7a-b86d-73c690b9964f name=Player2
2025/11/08 14:46:51 INFO new websocket connection remote_addr=127.0.0.1:45782
2025/11/08 14:46:51 INFO valid token provided token=6e0391f4-53be-42c9-aefd-4d19cfdd1d58
2025/11/08 14:46:51 INFO client registered total_clients=1
2025/11/08 14:46:51 INFO session restored via websocket token=6e0391f4-53be-42c9-aefd-4d19cfdd1d58 name=Player1
2025/11/08 14:46:51 INFO lobby_state sent to client
2025/11/08 14:46:51 INFO new websocket connection remote_addr=127.0.0.1:45792
2025/11/08 14:46:51 INFO valid token provided token=2fb47ee0-8e81-4a7a-b86d-73c690b9964f
2025/11/08 14:46:51 INFO client registered total_clients=2
2025/11/08 14:46:51 INFO session restored via websocket token=2fb47ee0-8e81-4a7a-b86d-73c690b9964f name=Player2
2025/11/08 14:46:51 INFO lobby_state sent to client
2025/11/08 14:46:51 INFO session updated token=6e0391f4-53be-42c9-aefd-4d19cfdd1d58 tableID=0xc0000d3080 seatIndex=0xc000319050
2025/11/08 14:46:51 INFO seat_assigned sent to client tableId=table-1 seatIndex=0
2025/11/08 14:46:51 INFO table_state sent to client tableId=table-1
2025/11/08 14:46:51 INFO broadcastTableState tableID=table-1 num_clients=1 excludeClient=true
2025/11/08 14:46:51 INFO player joined table token=6e0391f4-53be-42c9-aefd-4d19cfdd1d58 tableId=table-1 seatIndex=0
2025/11/08 14:46:51 INFO session updated token=2fb47ee0-8e81-4a7a-b86d-73c690b9964f tableID=0xc0000d3080 seatIndex=0xc000653d10
2025/11/08 14:46:51 INFO seat_assigned sent to client tableId=table-1 seatIndex=1
2025/11/08 14:46:51 INFO table_state sent to client tableId=table-1
2025/11/08 14:46:51 INFO broadcastTableState tableID=table-1 num_clients=2 excludeClient=true
2025/11/08 14:46:51 INFO player joined table token=2fb47ee0-8e81-4a7a-b86d-73c690b9964f tableId=table-1 seatIndex=1
2025/11/08 14:46:51 INFO session updated token=2fb47ee0-8e81-4a7a-b86d-73c690b9964f tableID=<nil> seatIndex=<nil>
2025/11/08 14:46:51 INFO seat_cleared sent to client
2025/11/08 14:46:51 INFO broadcastTableState tableID=table-1 num_clients=1 excludeClient=false
2025/11/08 14:46:51 INFO lobby_state sent to client
2025/11/08 14:46:51 INFO player left table token=2fb47ee0-8e81-4a7a-b86d-73c690b9964f tableId=table-1
2025/11/08 14:46:51 INFO client unregistered total_clients=1
2025/11/08 14:46:51 INFO session updated token=6e0391f4-53be-42c9-aefd-4d19cfdd1d58 tableID=<nil> seatIndex=<nil>
2025/11/08 14:46:51 INFO broadcastTableState tableID=table-1 num_clients=0 excludeClient=false
2025/11/08 14:46:51 INFO player disconnected and seat cleared token=6e0391f4-53be-42c9-aefd-4d19cfdd1d58 tableId=table-1
2025/11/08 14:46:51 INFO client unregistered total_clients=0
--- PASS: TestLeaveTableBroadcastsTableStateToRemaining (0.00s)
=== RUN   TestDisconnectBroadcastsTableStateToRemaining
2025/11/08 14:46:51 INFO session created token=019e5fb8-c7fb-469b-819d-d46ee1069530 name=Player1
2025/11/08 14:46:51 INFO session created token=cfab0bf7-a644-48ce-8790-f21768a55f3c name=Player2
2025/11/08 14:46:51 INFO new websocket connection remote_addr=127.0.0.1:36662
2025/11/08 14:46:51 INFO valid token provided token=019e5fb8-c7fb-469b-819d-d46ee1069530
2025/11/08 14:46:51 INFO client registered total_clients=1
2025/11/08 14:46:51 INFO session restored via websocket token=019e5fb8-c7fb-469b-819d-d46ee1069530 name=Player1
2025/11/08 14:46:51 INFO lobby_state sent to client
2025/11/08 14:46:51 INFO new websocket connection remote_addr=127.0.0.1:36664
2025/11/08 14:46:51 INFO valid token provided token=cfab0bf7-a644-48ce-8790-f21768a55f3c
2025/11/08 14:46:51 INFO client registered total_clients=2
2025/11/08 14:46:51 INFO session restored via websocket token=cfab0bf7-a644-48ce-8790-f21768a55f3c name=Player2
2025/11/08 14:46:51 INFO lobby_state sent to client
2025/11/08 14:46:51 INFO session updated token=019e5fb8-c7fb-469b-819d-d46ee1069530 tableID=0xc0002929a0 seatIndex=0xc000319740
2025/11/08 14:46:51 INFO seat_assigned sent to client tableId=table-1 seatIndex=0
2025/11/08 14:46:51 INFO table_state sent to client tableId=table-1
2025/11/08 14:46:51 INFO broadcastTableState tableID=table-1 num_clients=1 excludeClient=true
2025/11/08 14:46:51 INFO player joined table token=019e5fb8-c7fb-469b-819d-d46ee1069530 tableId=table-1 seatIndex=0
2025/11/08 14:46:51 INFO session updated token=cfab0bf7-a644-48ce-8790-f21768a55f3c tableID=0xc0002929a0 seatIndex=0xc00027a360
2025/11/08 14:46:51 INFO seat_assigned sent to client tableId=table-1 seatIndex=1
2025/11/08 14:46:51 INFO table_state sent to client tableId=table-1
2025/11/08 14:46:51 INFO broadcastTableState tableID=table-1 num_clients=2 excludeClient=true
2025/11/08 14:46:51 INFO player joined table token=cfab0bf7-a644-48ce-8790-f21768a55f3c tableId=table-1 seatIndex=1
2025/11/08 14:46:51 INFO session updated token=cfab0bf7-a644-48ce-8790-f21768a55f3c tableID=<nil> seatIndex=<nil>
2025/11/08 14:46:51 INFO broadcastTableState tableID=table-1 num_clients=1 excludeClient=false
2025/11/08 14:46:51 INFO player disconnected and seat cleared token=cfab0bf7-a644-48ce-8790-f21768a55f3c tableId=table-1
2025/11/08 14:46:51 INFO client unregistered total_clients=1
--- PASS: TestDisconnectBroadcastsTableStateToRemaining (0.06s)
=== RUN   TestStartHandBroadcastsMessages
2025/11/08 14:46:51 INFO session created token=b8f66729-e677-45c6-8641-f2db5712f6ae name=Player1
2025/11/08 14:46:51 INFO session created token=b5d66c86-4d05-4f03-98e0-e07cf75f7856 name=Player2
2025/11/08 14:46:51 INFO session updated token=019e5fb8-c7fb-469b-819d-d46ee1069530 tableID=<nil> seatIndex=<nil>
2025/11/08 14:46:51 INFO broadcastTableState tableID=table-1 num_clients=0 excludeClient=false
2025/11/08 14:46:51 INFO player disconnected and seat cleared token=019e5fb8-c7fb-469b-819d-d46ee1069530 tableId=table-1
2025/11/08 14:46:51 INFO client unregistered total_clients=0
2025/11/08 14:46:51 INFO new websocket connection remote_addr=127.0.0.1:41718
2025/11/08 14:46:51 INFO valid token provided token=b8f66729-e677-45c6-8641-f2db5712f6ae
2025/11/08 14:46:51 INFO client registered total_clients=1
2025/11/08 14:46:51 INFO session restored via websocket token=b8f66729-e677-45c6-8641-f2db5712f6ae name=Player1
2025/11/08 14:46:51 INFO lobby_state sent to client
2025/11/08 14:46:51 INFO new websocket connection remote_addr=127.0.0.1:41724
2025/11/08 14:46:51 INFO valid token provided token=b5d66c86-4d05-4f03-98e0-e07cf75f7856
2025/11/08 14:46:51 INFO client registered total_clients=2
2025/11/08 14:46:51 INFO session restored via websocket token=b5d66c86-4d05-4f03-98e0-e07cf75f7856 name=Player2
2025/11/08 14:46:51 INFO lobby_state sent to client
2025/11/08 14:46:51 INFO session updated token=b8f66729-e677-45c6-8641-f2db5712f6ae tableID=0xc0002934a0 seatIndex=0xc00038b1a0
2025/11/08 14:46:51 INFO seat_assigned sent to client tableId=table-1 seatIndex=0
2025/11/08 14:46:51 INFO table_state sent to client tableId=table-1
2025/11/08 14:46:51 INFO broadcastTableState tableID=table-1 num_clients=1 excludeClient=true
2025/11/08 14:46:51 INFO player joined table token=b8f66729-e677-45c6-8641-f2db5712f6ae tableId=table-1 seatIndex=0
2025/11/08 14:46:51 INFO session updated token=b5d66c86-4d05-4f03-98e0-e07cf75f7856 tableID=0xc0002934a0 seatIndex=0xc00013b380
2025/11/08 14:46:51 INFO seat_assigned sent to client tableId=table-1 seatIndex=1
2025/11/08 14:46:51 INFO table_state sent to client tableId=table-1
2025/11/08 14:46:51 INFO broadcastTableState tableID=table-1 num_clients=2 excludeClient=true
2025/11/08 14:46:51 INFO player joined table token=b5d66c86-4d05-4f03-98e0-e07cf75f7856 tableId=table-1 seatIndex=1
2025/11/08 14:46:51 INFO broadcasting hand_started tableID=table-1 num_clients=2
2025/11/08 14:46:51 INFO hand_started details dealerSeat=0 sbSeat=0 bbSeat=1
2025/11/08 14:46:51 INFO hand_started broadcast complete tableID=table-1 sentCount=2
2025/11/08 14:46:51 INFO session updated token=b8f66729-e677-45c6-8641-f2db5712f6ae tableID=<nil> seatIndex=<nil>
2025/11/08 14:46:51 INFO broadcastTableState tableID=table-1 num_clients=0 excludeClient=false
--- PASS: TestStartHandBroadcastsMessages (0.10s)
=== RUN   TestStartHandBroadcastsCardPrivacy
2025/11/08 14:46:51 INFO player disconnected and seat cleared token=b8f66729-e677-45c6-8641-f2db5712f6ae tableId=table-1
2025/11/08 14:46:51 INFO client unregistered total_clients=1
2025/11/08 14:46:51 INFO session created token=dd09faa3-e875-419f-b88a-1f3b080e1b66 name=Player1
2025/11/08 14:46:51 INFO session created token=895b877e-83fb-438d-b958-03724aa77bfb name=Player2
2025/11/08 14:46:51 INFO session updated token=b5d66c86-4d05-4f03-98e0-e07cf75f7856 tableID=<nil> seatIndex=<nil>
2025/11/08 14:46:51 INFO broadcastTableState tableID=table-1 num_clients=0 excludeClient=false
2025/11/08 14:46:51 INFO player disconnected and seat cleared token=b5d66c86-4d05-4f03-98e0-e07cf75f7856 tableId=table-1
2025/11/08 14:46:51 INFO client unregistered total_clients=0
2025/11/08 14:46:51 INFO new websocket connection remote_addr=127.0.0.1:47820
2025/11/08 14:46:51 INFO valid token provided token=dd09faa3-e875-419f-b88a-1f3b080e1b66
2025/11/08 14:46:51 INFO client registered total_clients=1
2025/11/08 14:46:51 INFO session restored via websocket token=dd09faa3-e875-419f-b88a-1f3b080e1b66 name=Player1
2025/11/08 14:46:51 INFO lobby_state sent to client
2025/11/08 14:46:51 INFO new websocket connection remote_addr=127.0.0.1:47830
2025/11/08 14:46:51 INFO valid token provided token=895b877e-83fb-438d-b958-03724aa77bfb
2025/11/08 14:46:51 INFO client registered total_clients=2
2025/11/08 14:46:51 INFO session restored via websocket token=895b877e-83fb-438d-b958-03724aa77bfb name=Player2
2025/11/08 14:46:51 INFO lobby_state sent to client
2025/11/08 14:46:51 INFO session updated token=dd09faa3-e875-419f-b88a-1f3b080e1b66 tableID=0xc0002b06e0 seatIndex=0xc00059c330
2025/11/08 14:46:51 INFO seat_assigned sent to client tableId=table-1 seatIndex=0
2025/11/08 14:46:51 INFO table_state sent to client tableId=table-1
2025/11/08 14:46:51 INFO broadcastTableState tableID=table-1 num_clients=1 excludeClient=true
2025/11/08 14:46:51 INFO player joined table token=dd09faa3-e875-419f-b88a-1f3b080e1b66 tableId=table-1 seatIndex=0
2025/11/08 14:46:51 INFO session updated token=895b877e-83fb-438d-b958-03724aa77bfb tableID=0xc0002b06e0 seatIndex=0xc00019e480
2025/11/08 14:46:51 INFO seat_assigned sent to client tableId=table-1 seatIndex=1
2025/11/08 14:46:51 INFO table_state sent to client tableId=table-1
2025/11/08 14:46:51 INFO broadcastTableState tableID=table-1 num_clients=2 excludeClient=true
2025/11/08 14:46:51 INFO player joined table token=895b877e-83fb-438d-b958-03724aa77bfb tableId=table-1 seatIndex=1
2025/11/08 14:46:51 INFO broadcasting hand_started tableID=table-1 num_clients=2
2025/11/08 14:46:51 INFO hand_started details dealerSeat=0 sbSeat=0 bbSeat=1
2025/11/08 14:46:51 INFO hand_started broadcast complete tableID=table-1 sentCount=2
2025/11/08 14:46:51 INFO session updated token=895b877e-83fb-438d-b958-03724aa77bfb tableID=<nil> seatIndex=<nil>
2025/11/08 14:46:51 INFO broadcastTableState tableID=table-1 num_clients=0 excludeClient=false
--- PASS: TestStartHandBroadcastsCardPrivacy (0.10s)
=== RUN   TestWebSocketUpgrade
2025/11/08 14:46:51 INFO player disconnected and seat cleared token=895b877e-83fb-438d-b958-03724aa77bfb tableId=table-1
2025/11/08 14:46:51 INFO session updated token=dd09faa3-e875-419f-b88a-1f3b080e1b66 tableID=<nil> seatIndex=<nil>
2025/11/08 14:46:51 INFO client unregistered total_clients=1
2025/11/08 14:46:51 INFO broadcastTableState tableID=table-1 num_clients=0 excludeClient=false
2025/11/08 14:46:51 INFO player disconnected and seat cleared token=dd09faa3-e875-419f-b88a-1f3b080e1b66 tableId=table-1
2025/11/08 14:46:51 INFO client unregistered total_clients=0
--- PASS: TestWebSocketUpgrade (0.00s)
=== RUN   TestWebSocketRouteRegistered
2025/11/08 14:46:51 ERROR websocket upgrade failed error="websocket: the client is not using the websocket protocol: 'upgrade' token not found in 'Connection' header"
--- PASS: TestWebSocketRouteRegistered (0.00s)
=== RUN   TestClientConnection
--- PASS: TestClientConnection (0.00s)
=== RUN   TestHubRun
2025/11/08 14:46:51 INFO client registered total_clients=1
2025/11/08 14:46:51 INFO client unregistered total_clients=0
--- PASS: TestHubRun (0.10s)
=== RUN   TestHubBroadcast
2025/11/08 14:46:51 INFO client registered total_clients=1
2025/11/08 14:46:51 INFO client registered total_clients=2
--- PASS: TestHubBroadcast (0.10s)
=== RUN   TestWorkingDirectory
    working_directory_test.go:13: Working directory: /home/tux/workspace/poker/internal/server
    working_directory_test.go:17: web/static/index.html stat error: stat web/static/index.html: no such file or directory
--- PASS: TestWorkingDirectory (0.00s)
PASS
ok  	github.com/robinr2/poker/internal/server	2.491s
